====================================================================
gf180-rcosc post-layout PEX PVT run: schematic_tt_T+085C_V3p0_code0xC0
side        : schematic
run id      : 20260907T131703Z
process     : tt (fets=typical res=res_typical mimcap=mimcap_typical)
temperature : 85 C
supply      : 3 V
trim code   : 0xC0 (192)
transient   : tran 200p 1200n, f = 20 periods / (t[rise=25] - t[rise=5])
wall clock  : 8.1 s
exit status : 0
====================================================================

Note: Compatibility modes selected: hs a


Circuit: ** sch_path: /users/rwalters/github/gf180-rcosc/.loom/worktrees/issue-28/design/pvt_tb.sch

Doing analysis at TEMP = 85.000000 and TNOM = 27.000000

Using SPARSE 1.3 as Direct Linear Solver

Initial Transient Solution
--------------------------

Node                                   Voltage
----                                   -------
vdd                                          3
xxdut.xxbias.xrba.11                   2.99939
xxdut.xxbias.xrba.21                   2.00061
xxdut.vh                                     2
xxdut.xxbias.xrbb.11                   1.99939
xxdut.xxbias.xrbb.21                   1.00061
xxdut.vl                                     1
xxdut.xxbias.xrbc.11                  0.999393
xxdut.xxbias.xrbc.21                 0.0006072
xxdut.xxbias.xrbias.11                 2.99943
xxdut.xxbias.xrbias.21                 1.04417
xxdut.ibias                            1.04361
xxdut.xxtrim.xrfix.11                  2.99968
xxdut.xxtrim.xrfix.21                  2.91049
xxdut.xxtrim.c1                        2.91017
xxdut.xxtrim.xr0.11                    2.90986
xxdut.xxtrim.xr0.21                    2.90598
xxdut.xxtrim.c2                        2.90566
t0                                           0
xxdut.xxtrim.xr1.11                    2.90534
xxdut.xxtrim.xr1.21                    2.89758
xxdut.xxtrim.c3                        2.89727
t1                                           0
xxdut.xxtrim.xr2.11                    2.89695
xxdut.xxtrim.xr2.21                    2.88143
xxdut.xxtrim.c4                        2.88111
t2                                           0
xxdut.xxtrim.xr3.11                     2.8808
xxdut.xxtrim.xr3.21                    2.84975
xxdut.xxtrim.c5                        2.84944
t3                                           0
xxdut.xxtrim.xr4.11                    2.84912
xxdut.xxtrim.xr4.21                    2.78703
xxdut.xxtrim.c6                        2.78671
t4                                           0
xxdut.xxtrim.xr5.11                     2.7864
xxdut.xxtrim.xr5.21                    2.66221
xxdut.xxtrim.c7                         2.6619
t5                                           0
xxdut.xxtrim.xr6.11                    2.66158
xxdut.xxtrim.xr6.21                    2.41321
xxdut.xxtrim.c8                        2.41289
t6                                           3
xxdut.xxtrim.xr7.11                     2.4126
xxdut.xxtrim.xr7.21                    1.94393
xxdut.vc                               1.94364
t7                                           3
xxdut.xxcmph.tail                     0.680385
xxdut.xxcmph.dp                         1.3469
xxdut.xxcmph.dn                       0.974752
xxdut.cmph_out                         1.29666
xxdut.xxcmpl.tail                     0.288318
xxdut.xxcmpl.dp                        2.99015
xxdut.xxcmpl.dn                        0.50981
xxdut.cmpl_out                     4.87722e-09
clk                                   0.631289
xxdut.qbar                             1.25093
xxdut.mid1                             2.45268
xxdut.mid2                             2.82946
vt7#branch                                   0
vt6#branch                                   0
vt5#branch                                   0
vt4#branch                                   0
vt3#branch                                   0
vt2#branch                                   0
vt1#branch                                   0
vt0#branch                                   0
vdd#branch                        -0.000586013

 Reference value :  0.00000e+00
 Reference value :  7.11682e-08
 Reference value :  1.47207e-07
 Reference value :  2.26175e-07
 Reference value :  3.02875e-07
 Reference value :  3.86007e-07
 Reference value :  4.69024e-07
 Reference value :  5.47785e-07
 Reference value :  6.23979e-07
 Reference value :  7.00368e-07
 Reference value :  7.76405e-07
 Reference value :  8.50901e-07
 Reference value :  9.24769e-07
 Reference value :  1.00040e-06
 Reference value :  1.07366e-06
 Reference value :  1.14511e-06
No. of Data Rows : 6166
ta                  =  8.64781e-08
tb                  =  4.94219e-07
ta = 8.647809e-08
tb = 4.942193e-07
period = 2.038706e-08
fosc = 4.905072e+07
ngspice-46 done

Warning: m=xx on .subckt line will override multiplier m hierarchy!

Note: Starting dynamic gmin stepping
Note: Dynamic gmin stepping completed
