====================================================================
gf180-rcosc post-layout PEX PVT run: schematic_ss_T+085C_V3p3_code0xC0
side        : schematic
run id      : 20260907T131703Z
process     : ss (fets=ss res=res_ss mimcap=mimcap_ss)
temperature : 85 C
supply      : 3.3 V
trim code   : 0xC0 (192)
transient   : tran 200p 1200n, f = 20 periods / (t[rise=25] - t[rise=5])
wall clock  : 7.2 s
exit status : 0
====================================================================

Note: Compatibility modes selected: hs a


Circuit: ** sch_path: /users/rwalters/github/gf180-rcosc/.loom/worktrees/issue-28/design/pvt_tb.sch

Doing analysis at TEMP = 85.000000 and TNOM = 27.000000

Using SPARSE 1.3 as Direct Linear Solver

Initial Transient Solution
--------------------------

Node                                   Voltage
----                                   -------
vdd                                        3.3
xxdut.xxbias.xrba.11                   3.29944
xxdut.xxbias.xrba.21                   2.20056
xxdut.vh                                   2.2
xxdut.xxbias.xrbb.11                   2.19944
xxdut.xxbias.xrbb.21                   1.10056
xxdut.vl                                   1.1
xxdut.xxbias.xrbc.11                   1.09944
xxdut.xxbias.xrbc.21               0.000556713
xxdut.xxbias.xrbias.11                 3.29948
xxdut.xxbias.xrbias.21                 1.15108
xxdut.ibias                            1.15056
xxdut.xxtrim.xrfix.11                  3.29973
xxdut.xxtrim.xrfix.21                  3.20717
xxdut.xxtrim.c1                        3.20689
xxdut.xxtrim.xr0.11                    3.20662
xxdut.xxtrim.xr0.21                    3.20259
xxdut.xxtrim.c2                        3.20232
t0                                           0
xxdut.xxtrim.xr1.11                    3.20205
xxdut.xxtrim.xr1.21                    3.19399
xxdut.xxtrim.c3                        3.19372
t1                                           0
xxdut.xxtrim.xr2.11                    3.19345
xxdut.xxtrim.xr2.21                    3.17734
xxdut.xxtrim.c4                        3.17707
t2                                           0
xxdut.xxtrim.xr3.11                     3.1768
xxdut.xxtrim.xr3.21                    3.14458
xxdut.xxtrim.c5                        3.14431
t3                                           0
xxdut.xxtrim.xr4.11                    3.14403
xxdut.xxtrim.xr4.21                     3.0796
xxdut.xxtrim.c6                        3.07933
t4                                           0
xxdut.xxtrim.xr5.11                    3.07905
xxdut.xxtrim.xr5.21                    2.95019
xxdut.xxtrim.c7                        2.94991
t5                                           0
xxdut.xxtrim.xr6.11                    2.94964
xxdut.xxtrim.xr6.21                     2.6919
xxdut.xxtrim.c8                        2.69163
t6                                         3.3
xxdut.xxtrim.xr7.11                    2.69136
xxdut.xxtrim.xr7.21                    2.17866
xxdut.vc                               2.17839
t7                                         3.3
xxdut.xxcmph.tail                     0.769563
xxdut.xxcmph.dp                        1.48921
xxdut.xxcmph.dn                        1.15507
xxdut.cmph_out                         1.43776
xxdut.xxcmpl.tail                     0.363228
xxdut.xxcmpl.dp                        3.29881
xxdut.xxcmpl.dn                       0.605461
xxdut.cmpl_out                     5.30685e-09
clk                                   0.733609
xxdut.qbar                             1.38832
xxdut.mid1                             2.72986
xxdut.mid2                             3.12812
vt7#branch                                   0
vt6#branch                                   0
vt5#branch                                   0
vt4#branch                                   0
vt3#branch                                   0
vt2#branch                                   0
vt1#branch                                   0
vt0#branch                                   0
vdd#branch                        -0.000560938

 Reference value :  0.00000e+00
 Reference value :  8.47803e-08
 Reference value :  1.68756e-07
 Reference value :  2.52050e-07
 Reference value :  3.41577e-07
 Reference value :  4.35769e-07
 Reference value :  5.18975e-07
 Reference value :  5.97392e-07
 Reference value :  6.90375e-07
 Reference value :  7.73530e-07
 Reference value :  8.64421e-07
 Reference value :  9.61330e-07
 Reference value :  1.04475e-06
 Reference value :  1.13142e-06
No. of Data Rows : 6235
ta                  =  1.15110e-07
tb                  =  6.60819e-07
ta = 1.151098e-07
tb = 6.608194e-07
period = 2.728548e-08
fosc = 3.664953e+07
ngspice-46 done

Warning: m=xx on .subckt line will override multiplier m hierarchy!

Note: Starting dynamic gmin stepping
Note: Dynamic gmin stepping completed
