====================================================================
gf180-rcosc post-layout PEX PVT run: schematic_ff_T+085C_V3p6_code0xC0
side        : schematic
run id      : 20260907T131703Z
process     : ff (fets=ff res=res_ff mimcap=mimcap_ff)
temperature : 85 C
supply      : 3.6 V
trim code   : 0xC0 (192)
transient   : tran 200p 1200n, f = 20 periods / (t[rise=25] - t[rise=5])
wall clock  : 8.3 s
exit status : 0
====================================================================

Note: Compatibility modes selected: hs a


Circuit: ** sch_path: /users/rwalters/github/gf180-rcosc/.loom/worktrees/issue-28/design/pvt_tb.sch

Doing analysis at TEMP = 85.000000 and TNOM = 27.000000

Using SPARSE 1.3 as Direct Linear Solver

Initial Transient Solution
--------------------------

Node                                   Voltage
----                                   -------
vdd                                        3.6
xxdut.xxbias.xrba.11                   3.59909
xxdut.xxbias.xrba.21                   2.40091
xxdut.vh                                   2.4
xxdut.xxbias.xrbb.11                   2.39909
xxdut.xxbias.xrbb.21                   1.20091
xxdut.vl                                   1.2
xxdut.xxbias.xrbc.11                   1.19909
xxdut.xxbias.xrbc.21               0.000910524
xxdut.xxbias.xrbias.11                 3.59908
xxdut.xxbias.xrbias.21                 1.04538
xxdut.ibias                            1.04445
xxdut.xxtrim.xrfix.11                  3.59924
xxdut.xxtrim.xrfix.21                  3.42723
xxdut.xxtrim.c1                        3.42647
xxdut.xxtrim.xr0.11                    3.42571
xxdut.xxtrim.xr0.21                    3.41823
xxdut.xxtrim.c2                        3.41747
t0                                           0
xxdut.xxtrim.xr1.11                    3.41671
xxdut.xxtrim.xr1.21                    3.40174
xxdut.xxtrim.c3                        3.40098
t1                                           0
xxdut.xxtrim.xr2.11                    3.40022
xxdut.xxtrim.xr2.21                    3.37029
xxdut.xxtrim.c4                        3.36953
t2                                           0
xxdut.xxtrim.xr3.11                    3.36877
xxdut.xxtrim.xr3.21                     3.3089
xxdut.xxtrim.c5                        3.30814
t3                                           0
xxdut.xxtrim.xr4.11                    3.30738
xxdut.xxtrim.xr4.21                    3.18765
xxdut.xxtrim.c6                        3.18689
t4                                           0
xxdut.xxtrim.xr5.11                    3.18613
xxdut.xxtrim.xr5.21                    2.94665
xxdut.xxtrim.c7                        2.94589
t5                                           0
xxdut.xxtrim.xr6.11                     2.9452
xxdut.xxtrim.xr6.21                    2.51042
xxdut.xxtrim.c8                        2.50973
t6                                         3.6
xxdut.xxtrim.xr7.11                    2.50959
xxdut.xxtrim.xr7.21                    2.33443
xxdut.vc                                2.3343
t7                                         3.6
xxdut.xxcmph.tail                     0.998987
xxdut.xxcmph.dp                        1.61509
xxdut.xxcmph.dn                        1.35954
xxdut.cmph_out                         1.53871
xxdut.xxcmpl.tail                     0.435111
xxdut.xxcmpl.dp                        3.55097
xxdut.xxcmpl.dn                       0.712873
xxdut.cmpl_out                      1.3883e-08
clk                                   0.573887
xxdut.qbar                             1.49695
xxdut.mid1                             2.79344
xxdut.mid2                             3.32216
vt7#branch                                   0
vt6#branch                                   0
vt5#branch                                   0
vt4#branch                                   0
vt3#branch                                   0
vt2#branch                                   0
vt1#branch                                   0
vt0#branch                                   0
vdd#branch                         -0.00111083

 Reference value :  0.00000e+00
 Reference value :  6.08424e-08
 Reference value :  1.31386e-07
 Reference value :  1.99357e-07
 Reference value :  2.69180e-07
 Reference value :  3.34049e-07
 Reference value :  4.04200e-07
 Reference value :  4.65119e-07
 Reference value :  5.27529e-07
 Reference value :  5.93648e-07
 Reference value :  6.61058e-07
 Reference value :  7.28749e-07
 Reference value :  7.94896e-07
 Reference value :  8.66518e-07
 Reference value :  9.31885e-07
 Reference value :  1.00120e-06
 Reference value :  1.06882e-06
 Reference value :  1.13700e-06
No. of Data Rows : 6527
ta                  =  5.68266e-08
tb                  =  3.06286e-07
ta = 5.682655e-08
tb = 3.062861e-07
period = 1.247298e-08
fosc = 8.017332e+07
ngspice-46 done

Warning: m=xx on .subckt line will override multiplier m hierarchy!

Note: Starting dynamic gmin stepping
Note: Dynamic gmin stepping completed
