====================================================================
gf180-rcosc post-layout PEX PVT run: schematic_ff_T+027C_V3p3_code0xC0
side        : schematic
run id      : 20260907T131703Z
process     : ff (fets=ff res=res_ff mimcap=mimcap_ff)
temperature : 27 C
supply      : 3.3 V
trim code   : 0xC0 (192)
transient   : tran 200p 1200n, f = 20 periods / (t[rise=25] - t[rise=5])
wall clock  : 9.7 s
exit status : 0
====================================================================

Note: Compatibility modes selected: hs a


Circuit: ** sch_path: /users/rwalters/github/gf180-rcosc/.loom/worktrees/issue-28/design/pvt_tb.sch

Doing analysis at TEMP = 27.000000 and TNOM = 27.000000

Using SPARSE 1.3 as Direct Linear Solver

Initial Transient Solution
--------------------------

Node                                   Voltage
----                                   -------
vdd                                        3.3
xxdut.xxbias.xrba.11                   3.29884
xxdut.xxbias.xrba.21                   2.20116
xxdut.vh                                   2.2
xxdut.xxbias.xrbb.11                   2.19884
xxdut.xxbias.xrbb.21                   1.10116
xxdut.vl                                   1.1
xxdut.xxbias.xrbc.11                   1.09884
xxdut.xxbias.xrbc.21                0.00115626
xxdut.xxbias.xrbias.11                 3.29885
xxdut.xxbias.xrbias.21                 1.00536
xxdut.ibias                            1.00421
xxdut.xxtrim.xrfix.11                  3.29935
xxdut.xxtrim.xrfix.21                  3.19351
xxdut.xxtrim.c1                        3.19286
xxdut.xxtrim.xr0.11                    3.19221
xxdut.xxtrim.xr0.21                    3.18761
xxdut.xxtrim.c2                        3.18696
t0                                           0
xxdut.xxtrim.xr1.11                    3.18631
xxdut.xxtrim.xr1.21                     3.1771
xxdut.xxtrim.c3                        3.17645
t1                                           0
xxdut.xxtrim.xr2.11                     3.1758
xxdut.xxtrim.xr2.21                    3.15738
xxdut.xxtrim.c4                        3.15674
t2                                           0
xxdut.xxtrim.xr3.11                    3.15609
xxdut.xxtrim.xr3.21                    3.11925
xxdut.xxtrim.c5                         3.1186
t3                                           0
xxdut.xxtrim.xr4.11                    3.11795
xxdut.xxtrim.xr4.21                    3.04427
xxdut.xxtrim.c6                        3.04362
t4                                           0
xxdut.xxtrim.xr5.11                    3.04298
xxdut.xxtrim.xr5.21                    2.89562
xxdut.xxtrim.c7                        2.89497
t5                                           0
xxdut.xxtrim.xr6.11                    2.89432
xxdut.xxtrim.xr6.21                     2.5996
xxdut.xxtrim.c8                        2.59895
t6                                         3.3
xxdut.xxtrim.xr7.11                    2.59849
xxdut.xxtrim.xr7.21                    2.17845
xxdut.vc                               2.17799
t7                                         3.3
xxdut.xxcmph.tail                     0.910381
xxdut.xxcmph.dp                        1.47195
xxdut.xxcmph.dn                        1.27282
xxdut.cmph_out                         1.41142
xxdut.xxcmpl.tail                      0.42437
xxdut.xxcmpl.dp                        3.29485
xxdut.xxcmpl.dn                       0.655602
xxdut.cmpl_out                     4.09922e-09
clk                                   0.594452
xxdut.qbar                             1.35054
xxdut.mid1                             2.61745
xxdut.mid2                              3.0669
vt7#branch                                   0
vt6#branch                                   0
vt5#branch                                   0
vt4#branch                                   0
vt3#branch                                   0
vt2#branch                                   0
vt1#branch                                   0
vt0#branch                                   0
vdd#branch                        -0.000962804

 Reference value :  0.00000e+00
 Reference value :  6.22041e-08
 Reference value :  1.21542e-07
 Reference value :  1.85328e-07
 Reference value :  2.45920e-07
 Reference value :  3.07296e-07
 Reference value :  3.73786e-07
 Reference value :  4.40183e-07
 Reference value :  5.09663e-07
 Reference value :  5.74335e-07
 Reference value :  6.43450e-07
 Reference value :  7.14523e-07
 Reference value :  7.80872e-07
 Reference value :  8.48353e-07
 Reference value :  9.19150e-07
 Reference value :  9.83211e-07
 Reference value :  1.04667e-06
 Reference value :  1.11321e-06
 Reference value :  1.18587e-06
No. of Data Rows : 6459
ta                  =  6.09123e-08
tb                  =  3.45009e-07
ta = 6.091226e-08
tb = 3.450092e-07
period = 1.420485e-08
fosc = 7.039851e+07
ngspice-46 done

Warning: m=xx on .subckt line will override multiplier m hierarchy!

Note: Starting dynamic gmin stepping
Note: Dynamic gmin stepping completed
