====================================================================
gf180-rcosc post-layout PEX PVT run: schematic_ss_T-040C_V3p6_code0xC0
side        : schematic
run id      : 20260907T131703Z
process     : ss (fets=ss res=res_ss mimcap=mimcap_ss)
temperature : -40 C
supply      : 3.6 V
trim code   : 0xC0 (192)
transient   : tran 200p 1200n, f = 20 periods / (t[rise=25] - t[rise=5])
wall clock  : 7.3 s
exit status : 0
====================================================================

Note: Compatibility modes selected: hs a


Circuit: ** sch_path: /users/rwalters/github/gf180-rcosc/.loom/worktrees/issue-28/design/pvt_tb.sch

Doing analysis at TEMP = -40.000000 and TNOM = 27.000000

Using SPARSE 1.3 as Direct Linear Solver

Initial Transient Solution
--------------------------

Node                                   Voltage
----                                   -------
vdd                                        3.6
xxdut.xxbias.xrba.11                   3.59865
xxdut.xxbias.xrba.21                   2.40135
xxdut.vh                                   2.4
xxdut.xxbias.xrbb.11                   2.39865
xxdut.xxbias.xrbb.21                   1.20135
xxdut.vl                                   1.2
xxdut.xxbias.xrbc.11                   1.19865
xxdut.xxbias.xrbc.21                0.00134801
xxdut.xxbias.xrbias.11                  3.5987
xxdut.xxbias.xrbias.21                 1.17664
xxdut.ibias                            1.17534
xxdut.xxtrim.xrfix.11                  3.59936
xxdut.xxtrim.xrfix.21                  3.50105
xxdut.xxtrim.c1                        3.50041
xxdut.xxtrim.xr0.11                    3.49976
xxdut.xxtrim.xr0.21                    3.49549
xxdut.xxtrim.c2                        3.49484
t0                                           0
xxdut.xxtrim.xr1.11                     3.4942
xxdut.xxtrim.xr1.21                    3.48564
xxdut.xxtrim.c3                          3.485
t1                                           0
xxdut.xxtrim.xr2.11                    3.48436
xxdut.xxtrim.xr2.21                    3.46725
xxdut.xxtrim.c4                        3.46661
t2                                           0
xxdut.xxtrim.xr3.11                    3.46596
xxdut.xxtrim.xr3.21                    3.43175
xxdut.xxtrim.c5                         3.4311
t3                                           0
xxdut.xxtrim.xr4.11                    3.43046
xxdut.xxtrim.xr4.21                    3.36203
xxdut.xxtrim.c6                        3.36138
t4                                           0
xxdut.xxtrim.xr5.11                    3.36074
xxdut.xxtrim.xr5.21                    3.22387
xxdut.xxtrim.c7                        3.22323
t5                                           0
xxdut.xxtrim.xr6.11                    3.22258
xxdut.xxtrim.xr6.21                    2.94885
xxdut.xxtrim.c8                        2.94821
t6                                         3.6
xxdut.xxtrim.xr7.11                    2.94756
xxdut.xxtrim.xr7.21                    2.40013
xxdut.vc                               2.39949
t7                                         3.6
xxdut.xxcmph.tail                     0.931989
xxdut.xxcmph.dp                        1.61908
xxdut.xxcmph.dn                        1.58851
xxdut.cmph_out                         1.56582
xxdut.xxcmpl.tail                     0.770816
xxdut.xxcmpl.dp                            3.6
xxdut.xxcmpl.dn                        1.10369
xxdut.cmpl_out                     3.91151e-09
clk                                    0.85628
xxdut.qbar                             1.51084
xxdut.mid1                             3.01913
xxdut.mid2                             3.41855
vt7#branch                                   0
vt6#branch                                   0
vt5#branch                                   0
vt4#branch                                   0
vt3#branch                                   0
vt2#branch                                   0
vt1#branch                                   0
vt0#branch                                   0
vdd#branch                        -0.000704822

 Reference value :  0.00000e+00
 Reference value :  8.30975e-08
 Reference value :  1.65771e-07
 Reference value :  2.49885e-07
 Reference value :  3.31426e-07
 Reference value :  4.10576e-07
 Reference value :  4.98049e-07
 Reference value :  5.77657e-07
 Reference value :  6.62689e-07
 Reference value :  7.48355e-07
 Reference value :  8.31700e-07
 Reference value :  9.19562e-07
 Reference value :  1.00450e-06
 Reference value :  1.09191e-06
 Reference value :  1.17470e-06
No. of Data Rows : 6378
ta                  =  1.17858e-07
tb                  =  6.88887e-07
ta = 1.178585e-07
tb = 6.888871e-07
period = 2.855143e-08
fosc = 3.502452e+07
ngspice-46 done

Warning: m=xx on .subckt line will override multiplier m hierarchy!

Note: Starting dynamic gmin stepping
Warning: Dynamic gmin stepping failed
Note: Starting true gmin stepping
Note: True gmin stepping completed
