====================================================================
gf180-rcosc post-layout PEX PVT run: schematic_tt_T+085C_V3p6_code0xC0
side        : schematic
run id      : 20260907T131703Z
process     : tt (fets=typical res=res_typical mimcap=mimcap_typical)
temperature : 85 C
supply      : 3.6 V
trim code   : 0xC0 (192)
transient   : tran 200p 1200n, f = 20 periods / (t[rise=25] - t[rise=5])
wall clock  : 8.5 s
exit status : 0
====================================================================

Note: Compatibility modes selected: hs a


Circuit: ** sch_path: /users/rwalters/github/gf180-rcosc/.loom/worktrees/issue-28/design/pvt_tb.sch

Doing analysis at TEMP = 85.000000 and TNOM = 27.000000

Using SPARSE 1.3 as Direct Linear Solver

Initial Transient Solution
--------------------------

Node                                   Voltage
----                                   -------
vdd                                        3.6
xxdut.xxbias.xrba.11                   3.59927
xxdut.xxbias.xrba.21                   2.40073
xxdut.vh                                   2.4
xxdut.xxbias.xrbb.11                   2.39927
xxdut.xxbias.xrbb.21                   1.20073
xxdut.vl                                   1.2
xxdut.xxbias.xrbc.11                   1.19927
xxdut.xxbias.xrbc.21                0.00072864
xxdut.xxbias.xrbias.11                 3.59928
xxdut.xxbias.xrbias.21                 1.10648
xxdut.ibias                            1.10576
xxdut.xxtrim.xrfix.11                   3.5996
xxdut.xxtrim.xrfix.21                  3.48674
xxdut.xxtrim.c1                        3.48634
xxdut.xxtrim.xr0.11                    3.48594
xxdut.xxtrim.xr0.21                    3.48104
xxdut.xxtrim.c2                        3.48064
t0                                           0
xxdut.xxtrim.xr1.11                    3.48024
xxdut.xxtrim.xr1.21                    3.47042
xxdut.xxtrim.c3                        3.47002
t1                                           0
xxdut.xxtrim.xr2.11                    3.46962
xxdut.xxtrim.xr2.21                    3.44998
xxdut.xxtrim.c4                        3.44958
t2                                           0
xxdut.xxtrim.xr3.11                    3.44918
xxdut.xxtrim.xr3.21                     3.4099
xxdut.xxtrim.c5                         3.4095
t3                                           0
xxdut.xxtrim.xr4.11                     3.4091
xxdut.xxtrim.xr4.21                    3.33054
xxdut.xxtrim.c6                        3.33014
t4                                           0
xxdut.xxtrim.xr5.11                    3.32974
xxdut.xxtrim.xr5.21                    3.17261
xxdut.xxtrim.c7                        3.17222
t5                                           0
xxdut.xxtrim.xr6.11                    3.17182
xxdut.xxtrim.xr6.21                    2.85756
xxdut.xxtrim.c8                        2.85716
t6                                         3.6
xxdut.xxtrim.xr7.11                    2.85686
xxdut.xxtrim.xr7.21                    2.37428
xxdut.vc                               2.37397
t7                                         3.6
xxdut.xxcmph.tail                     0.970245
xxdut.xxcmph.dp                        1.62027
xxdut.xxcmph.dn                        1.38309
xxdut.cmph_out                         1.55674
xxdut.xxcmpl.tail                     0.456727
xxdut.xxcmpl.dp                        3.59353
xxdut.xxcmpl.dn                       0.728225
xxdut.cmpl_out                     5.94458e-09
clk                                   0.643679
xxdut.qbar                             1.49142
xxdut.mid1                             2.85319
xxdut.mid2                             3.35491
vt7#branch                                   0
vt6#branch                                   0
vt5#branch                                   0
vt4#branch                                   0
vt3#branch                                   0
vt2#branch                                   0
vt1#branch                                   0
vt0#branch                                   0
vdd#branch                        -0.000866176

 Reference value :  0.00000e+00
 Reference value :  7.10787e-08
 Reference value :  1.44052e-07
 Reference value :  2.16850e-07
 Reference value :  2.84702e-07
 Reference value :  3.57892e-07
 Reference value :  4.28998e-07
 Reference value :  4.96348e-07
 Reference value :  5.69207e-07
 Reference value :  6.44013e-07
 Reference value :  7.22484e-07
 Reference value :  7.96026e-07
 Reference value :  8.71328e-07
 Reference value :  9.46227e-07
 Reference value :  1.01987e-06
 Reference value :  1.10373e-06
 Reference value :  1.17970e-06
No. of Data Rows : 6381
ta                  =  8.08621e-08
tb                  =  4.47611e-07
ta = 8.086207e-08
tb = 4.476111e-07
period = 1.833745e-08
fosc = 5.453320e+07
ngspice-46 done

Warning: m=xx on .subckt line will override multiplier m hierarchy!

Note: Starting dynamic gmin stepping
Note: Dynamic gmin stepping completed
