====================================================================
gf180-rcosc post-layout PEX PVT run: schematic_ff_T+085C_V3p3_code0xC0
side        : schematic
run id      : 20260907T131703Z
process     : ff (fets=ff res=res_ff mimcap=mimcap_ff)
temperature : 85 C
supply      : 3.3 V
trim code   : 0xC0 (192)
transient   : tran 200p 1200n, f = 20 periods / (t[rise=25] - t[rise=5])
wall clock  : 8.5 s
exit status : 0
====================================================================

Note: Compatibility modes selected: hs a


Circuit: ** sch_path: /users/rwalters/github/gf180-rcosc/.loom/worktrees/issue-28/design/pvt_tb.sch

Doing analysis at TEMP = 85.000000 and TNOM = 27.000000

Using SPARSE 1.3 as Direct Linear Solver

Initial Transient Solution
--------------------------

Node                                   Voltage
----                                   -------
vdd                                        3.3
xxdut.xxbias.xrba.11                   3.29917
xxdut.xxbias.xrba.21                   2.20083
xxdut.vh                                   2.2
xxdut.xxbias.xrbb.11                   2.19917
xxdut.xxbias.xrbb.21                   1.10083
xxdut.vl                                   1.1
xxdut.xxbias.xrbc.11                   1.09917
xxdut.xxbias.xrbc.21               0.000834647
xxdut.xxbias.xrbias.11                 3.29917
xxdut.xxbias.xrbias.21                 1.01321
xxdut.ibias                            1.01238
xxdut.xxtrim.xrfix.11                  3.29934
xxdut.xxtrim.xrfix.21                  3.15018
xxdut.xxtrim.c1                        3.14952
xxdut.xxtrim.xr0.11                    3.14886
xxdut.xxtrim.xr0.21                    3.14237
xxdut.xxtrim.c2                        3.14171
t0                                           0
xxdut.xxtrim.xr1.11                    3.14105
xxdut.xxtrim.xr1.21                    3.12807
xxdut.xxtrim.c3                        3.12741
t1                                           0
xxdut.xxtrim.xr2.11                    3.12676
xxdut.xxtrim.xr2.21                     3.1008
xxdut.xxtrim.c4                        3.10014
t2                                           0
xxdut.xxtrim.xr3.11                    3.09948
xxdut.xxtrim.xr3.21                    3.04756
xxdut.xxtrim.c5                         3.0469
t3                                           0
xxdut.xxtrim.xr4.11                    3.04624
xxdut.xxtrim.xr4.21                    2.94241
xxdut.xxtrim.c6                        2.94175
t4                                           0
xxdut.xxtrim.xr5.11                    2.94109
xxdut.xxtrim.xr5.21                    2.73342
xxdut.xxtrim.c7                        2.73276
t5                                           0
xxdut.xxtrim.xr6.11                    2.73212
xxdut.xxtrim.xr6.21                    2.32552
xxdut.xxtrim.c8                        2.32488
t6                                         3.3
xxdut.xxtrim.xr7.11                    2.32471
xxdut.xxtrim.xr7.21                    2.11375
xxdut.vc                               2.11359
t7                                         3.3
xxdut.xxcmph.tail                     0.849051
xxdut.xxcmph.dp                        1.47745
xxdut.xxcmph.dn                        1.16035
xxdut.cmph_out                         1.40894
xxdut.xxcmpl.tail                     0.359372
xxdut.xxcmpl.dp                        3.25027
xxdut.xxcmpl.dn                       0.613679
xxdut.cmpl_out                     1.32582e-08
clk                                   0.565054
xxdut.qbar                             1.36299
xxdut.mid1                             2.59164
xxdut.mid2                             3.05771
vt7#branch                                   0
vt6#branch                                   0
vt5#branch                                   0
vt4#branch                                   0
vt3#branch                                   0
vt2#branch                                   0
vt1#branch                                   0
vt0#branch                                   0
vdd#branch                        -0.000939675

 Reference value :  0.00000e+00
 Reference value :  6.27435e-08
 Reference value :  1.32316e-07
 Reference value :  1.96089e-07
 Reference value :  2.54385e-07
 Reference value :  3.19595e-07
 Reference value :  3.89686e-07
 Reference value :  4.58890e-07
 Reference value :  5.28335e-07
 Reference value :  5.97937e-07
 Reference value :  6.62931e-07
 Reference value :  7.33592e-07
 Reference value :  8.02318e-07
 Reference value :  8.77431e-07
 Reference value :  9.44723e-07
 Reference value :  1.01399e-06
 Reference value :  1.08049e-06
 Reference value :  1.14693e-06
No. of Data Rows : 6540
ta                  =  5.54839e-08
tb                  =  3.11160e-07
ta = 5.548387e-08
tb = 3.111599e-07
period = 1.278380e-08
fosc = 7.822399e+07
ngspice-46 done

Warning: m=xx on .subckt line will override multiplier m hierarchy!

Note: Starting dynamic gmin stepping
Note: Dynamic gmin stepping completed
