====================================================================
gf180-rcosc post-layout PEX PVT run: schematic_tt_T+027C_V3p3_code0xC0
side        : schematic
run id      : 20260907T131703Z
process     : tt (fets=typical res=res_typical mimcap=mimcap_typical)
temperature : 27 C
supply      : 3.3 V
trim code   : 0xC0 (192)
transient   : tran 200p 1200n, f = 20 periods / (t[rise=25] - t[rise=5])
wall clock  : 8.5 s
exit status : 0
====================================================================

Note: Compatibility modes selected: hs a


Circuit: ** sch_path: /users/rwalters/github/gf180-rcosc/.loom/worktrees/issue-28/design/pvt_tb.sch

Doing analysis at TEMP = 27.000000 and TNOM = 27.000000

Using SPARSE 1.3 as Direct Linear Solver

Initial Transient Solution
--------------------------

Node                                   Voltage
----                                   -------
vdd                                        3.3
xxdut.xxbias.xrba.11                   3.29907
xxdut.xxbias.xrba.21                   2.20093
xxdut.vh                                   2.2
xxdut.xxbias.xrbb.11                   2.19907
xxdut.xxbias.xrbb.21                   1.10093
xxdut.vl                                   1.1
xxdut.xxbias.xrbc.11                   1.09907
xxdut.xxbias.xrbc.21               0.000925394
xxdut.xxbias.xrbias.11                 3.29911
xxdut.xxbias.xrbias.21                 1.07404
xxdut.ibias                            1.07315
xxdut.xxtrim.xrfix.11                  3.29955
xxdut.xxtrim.xrfix.21                  3.20779
xxdut.xxtrim.c1                        3.20734
xxdut.xxtrim.xr0.11                    3.20689
xxdut.xxtrim.xr0.21                     3.2029
xxdut.xxtrim.c2                        3.20245
t0                                           0
xxdut.xxtrim.xr1.11                      3.202
xxdut.xxtrim.xr1.21                    3.19402
xxdut.xxtrim.c3                        3.19357
t1                                           0
xxdut.xxtrim.xr2.11                    3.19312
xxdut.xxtrim.xr2.21                    3.17715
xxdut.xxtrim.c4                         3.1767
t2                                           0
xxdut.xxtrim.xr3.11                    3.17625
xxdut.xxtrim.xr3.21                    3.14431
xxdut.xxtrim.c5                        3.14386
t3                                           0
xxdut.xxtrim.xr4.11                    3.14341
xxdut.xxtrim.xr4.21                    3.07953
xxdut.xxtrim.c6                        3.07908
t4                                           0
xxdut.xxtrim.xr5.11                    3.07864
xxdut.xxtrim.xr5.21                    2.95088
xxdut.xxtrim.c7                        2.95043
t5                                           0
xxdut.xxtrim.xr6.11                    2.94998
xxdut.xxtrim.xr6.21                    2.69448
xxdut.xxtrim.c8                        2.69403
t6                                         3.3
xxdut.xxtrim.xr7.11                    2.69358
xxdut.xxtrim.xr7.21                    2.19113
xxdut.vc                               2.19069
t7                                         3.3
xxdut.xxcmph.tail                     0.854685
xxdut.xxcmph.dp                        1.47824
xxdut.xxcmph.dn                        1.27504
xxdut.cmph_out                         1.42443
xxdut.xxcmpl.tail                     0.472939
xxdut.xxcmpl.dp                        3.29993
xxdut.xxcmpl.dn                        0.70697
xxdut.cmpl_out                     4.20667e-09
clk                                   0.686353
xxdut.qbar                             1.36743
xxdut.mid1                             2.69164
xxdut.mid2                             3.10429
vt7#branch                                   0
vt6#branch                                   0
vt5#branch                                   0
vt4#branch                                   0
vt3#branch                                   0
vt2#branch                                   0
vt1#branch                                   0
vt0#branch                                   0
vdd#branch                        -0.000735464

 Reference value :  0.00000e+00
 Reference value :  6.94932e-08
 Reference value :  1.37457e-07
 Reference value :  2.09044e-07
 Reference value :  2.80565e-07
 Reference value :  3.53364e-07
 Reference value :  4.28261e-07
 Reference value :  5.00849e-07
 Reference value :  5.72103e-07
 Reference value :  6.48606e-07
 Reference value :  7.20405e-07
 Reference value :  7.98465e-07
 Reference value :  8.72732e-07
 Reference value :  9.45452e-07
 Reference value :  1.01732e-06
 Reference value :  1.08995e-06
 Reference value :  1.16209e-06
No. of Data Rows : 6370
ta                  =  9.43714e-08
tb                  =  5.08791e-07
ta = 9.437139e-08
tb = 5.087907e-07
period = 2.072097e-08
fosc = 4.826030e+07
ngspice-46 done

Warning: m=xx on .subckt line will override multiplier m hierarchy!

Note: Starting dynamic gmin stepping
Note: Dynamic gmin stepping completed
