====================================================================
gf180-rcosc post-layout PEX PVT run: schematic_ff_T+085C_V3p3_code0x9D
side        : schematic
run id      : 20260922T004322Z
process     : ff (fets=ff res=res_ff mimcap=mimcap_ff)
temperature : 85 C
supply      : 3.3 V
trim code   : 0x9D (157)
transient   : tran 200p 1200n, f = 20 periods / (t[rise=25] - t[rise=5])
wall clock  : 30.7 s
exit status : 0
====================================================================

Note: Compatibility modes selected: hs a


Circuit: ** sch_path: /users/rwalters/github/gf180-rcosc/.loom/worktrees/issue-50/design/pvt_tb.sch

Doing analysis at TEMP = 85.000000 and TNOM = 27.000000

Using SPARSE 1.3 as Direct Linear Solver

Initial Transient Solution
--------------------------

Node                                   Voltage
----                                   -------
vdd                                        3.3
xxdut.xxbias.xrba.11                   3.29917
xxdut.xxbias.xrba.21                   2.20083
xxdut.vh                                   2.2
xxdut.xxbias.xrbb.11                   2.19917
xxdut.xxbias.xrbb.21                   1.10083
xxdut.vl                                   1.1
xxdut.xxbias.xrbc.11                   1.09917
xxdut.xxbias.xrbc.21               0.000834647
xxdut.ibias                           0.945178
xxdut.xxbias.pb                        2.07822
xxdut.xxbias.n2s                      0.243483
xxdut.xxbias.xrz.11                   0.242907
xxdut.xxbias.xrz.21                0.000575481
xxdut.xxtrim.xrfix.11                  3.29914
xxdut.xxtrim.xrfix.21                  3.10467
xxdut.xxtrim.c1                        3.10382
xxdut.xxtrim.xr0.11                     3.1035
xxdut.xxtrim.xr0.21                    3.10045
xxdut.xxtrim.c2                        3.10014
t0                                         3.3
xxdut.xxtrim.tb0                   7.48846e-09
xxdut.xxtrim.xr1.11                    3.09928
xxdut.xxtrim.xr1.21                    3.08236
xxdut.xxtrim.c3                         3.0815
t1                                           0
xxdut.xxtrim.tb1                           3.3
xxdut.xxtrim.xr2.11                    3.08129
xxdut.xxtrim.xr2.21                    3.07296
xxdut.xxtrim.c4                        3.07275
t2                                         3.3
xxdut.xxtrim.tb2                   7.48846e-09
xxdut.xxtrim.xr3.11                    3.07258
xxdut.xxtrim.xr3.21                    3.05896
xxdut.xxtrim.c5                        3.05878
t3                                         3.3
xxdut.xxtrim.tb3                   7.48846e-09
xxdut.xxtrim.xr4.11                    3.05866
xxdut.xxtrim.xr4.21                    3.03884
xxdut.xxtrim.c6                        3.03871
t4                                         3.3
xxdut.xxtrim.tb4                   7.48846e-09
xxdut.xxtrim.xr5.11                    3.03785
xxdut.xxtrim.xr5.21                    2.76711
xxdut.xxtrim.c7                        2.76625
t5                                           0
xxdut.xxtrim.tb5                           3.3
xxdut.xxtrim.xr6.11                    2.76539
xxdut.xxtrim.xr6.21                     2.2239
xxdut.xxtrim.c8                        2.22304
t6                                           0
xxdut.xxtrim.tb6                           3.3
xxdut.xxtrim.xr7.11                    2.22302
xxdut.xxtrim.xr7.21                    2.18713
xxdut.vc                                2.1871
t7                                         3.3
xxdut.xxtrim.tb7                   7.48846e-09
xxdut.xxcmph.tail                     0.961329
xxdut.xxcmph.dp                        1.47756
xxdut.xxcmph.dn                        1.36286
xxdut.cmph_out                         1.40417
xxdut.xxcmpl.tail                     0.506742
xxdut.xxcmpl.dp                        3.29732
xxdut.xxcmpl.dn                       0.755104
xxdut.cmpl_out                     7.65763e-09
clk                                   0.583647
xxdut.qbar                             1.35834
xxdut.mid1                               2.603
xxdut.mid2                              3.0565
vt7#branch                                   0
vt6#branch                                   0
vt5#branch                                   0
vt4#branch                                   0
vt3#branch                                   0
vt2#branch                                   0
vt1#branch                                   0
vt0#branch                                   0
vdd#branch                        -0.000878805

 Reference value :  0.00000e+00
 Reference value :  3.93484e-08
 Reference value :  9.47888e-08
 Reference value :  1.35624e-07
 Reference value :  1.77390e-07
 Reference value :  2.18492e-07
 Reference value :  2.61862e-07
 Reference value :  3.05976e-07
 Reference value :  3.50013e-07
 Reference value :  3.90338e-07
 Reference value :  4.36481e-07
 Reference value :  4.81727e-07
 Reference value :  5.25541e-07
 Reference value :  5.71066e-07
 Reference value :  6.16515e-07
 Reference value :  6.61074e-07
 Reference value :  7.07460e-07
 Reference value :  7.51343e-07
 Reference value :  7.94473e-07
 Reference value :  8.36270e-07
 Reference value :  8.81582e-07
 Reference value :  9.45893e-07
 Reference value :  1.01706e-06
 Reference value :  1.07217e-06
 Reference value :  1.11713e-06
 Reference value :  1.16042e-06
No. of Data Rows : 6339
ta                  =  6.51734e-08
tb                  =  3.67377e-07
ta = 6.517339e-08
tb = 3.673772e-07
period = 1.511019e-08
fosc = 6.618050e+07
ngspice-47 done

Warning: m=xx on .subckt line will override multiplier m hierarchy!

Note: Starting dynamic gmin stepping
Note: Dynamic gmin stepping completed
