====================================================================
gf180-rcosc post-layout PEX PVT run: schematic_ff_T+085C_V3p0_code0x9D
side        : schematic
run id      : 20260922T004322Z
process     : ff (fets=ff res=res_ff mimcap=mimcap_ff)
temperature : 85 C
supply      : 3 V
trim code   : 0x9D (157)
transient   : tran 200p 1200n, f = 20 periods / (t[rise=25] - t[rise=5])
wall clock  : 21.4 s
exit status : 0
====================================================================

Note: Compatibility modes selected: hs a


Circuit: ** sch_path: /users/rwalters/github/gf180-rcosc/.loom/worktrees/issue-50/design/pvt_tb.sch

Doing analysis at TEMP = 85.000000 and TNOM = 27.000000

Using SPARSE 1.3 as Direct Linear Solver

Initial Transient Solution
--------------------------

Node                                   Voltage
----                                   -------
vdd                                          3
xxdut.xxbias.xrba.11                   2.99924
xxdut.xxbias.xrba.21                   2.00076
xxdut.vh                                     2
xxdut.xxbias.xrbb.11                   1.99924
xxdut.xxbias.xrbb.21                   1.00076
xxdut.vl                                     1
xxdut.xxbias.xrbc.11                  0.999241
xxdut.xxbias.xrbc.21                0.00075877
xxdut.ibias                           0.929532
xxdut.xxbias.pb                        1.79894
xxdut.xxbias.n2s                       0.23383
xxdut.xxbias.xrz.11                   0.233277
xxdut.xxbias.xrz.21                0.000552666
xxdut.xxtrim.xrfix.11                   2.9992
xxdut.xxtrim.xrfix.21                  2.81923
xxdut.xxtrim.c1                        2.81844
xxdut.xxtrim.xr0.11                    2.81814
xxdut.xxtrim.xr0.21                    2.81519
xxdut.xxtrim.c2                         2.8149
t0                                           3
xxdut.xxtrim.tb0                   7.03356e-09
xxdut.xxtrim.xr1.11                     2.8141
xxdut.xxtrim.xr1.21                    2.79844
xxdut.xxtrim.c3                        2.79765
t1                                           0
xxdut.xxtrim.tb1                             3
xxdut.xxtrim.xr2.11                    2.79744
xxdut.xxtrim.xr2.21                    2.78935
xxdut.xxtrim.c4                        2.78915
t2                                           3
xxdut.xxtrim.tb2                   7.03356e-09
xxdut.xxtrim.xr3.11                    2.78898
xxdut.xxtrim.xr3.21                    2.77569
xxdut.xxtrim.c5                        2.77553
t3                                           3
xxdut.xxtrim.tb3                   7.03356e-09
xxdut.xxtrim.xr4.11                     2.7754
xxdut.xxtrim.xr4.21                    2.75599
xxdut.xxtrim.c6                        2.75587
t4                                           3
xxdut.xxtrim.tb4                   7.03356e-09
xxdut.xxtrim.xr5.11                    2.75507
xxdut.xxtrim.xr5.21                    2.50451
xxdut.xxtrim.c7                        2.50371
t5                                           0
xxdut.xxtrim.tb5                             3
xxdut.xxtrim.xr6.11                    2.50292
xxdut.xxtrim.xr6.21                    2.00179
xxdut.xxtrim.c8                        2.00099
t6                                           0
xxdut.xxtrim.tb6                             3
xxdut.xxtrim.xr7.11                    2.00096
xxdut.xxtrim.xr7.21                    1.96281
xxdut.vc                               1.96278
t7                                           3
xxdut.xxtrim.tb7                   7.03356e-09
xxdut.xxcmph.tail                     0.795087
xxdut.xxcmph.dp                        1.34138
xxdut.xxcmph.dn                        1.11256
xxdut.cmph_out                         1.27443
xxdut.xxcmpl.tail                      0.35859
xxdut.xxcmpl.dp                        2.98611
xxdut.xxcmpl.dn                       0.580726
xxdut.cmpl_out                     8.09279e-09
clk                                   0.579196
xxdut.qbar                             1.23279
xxdut.mid1                             2.40371
xxdut.mid2                             2.79349
vt7#branch                                   0
vt6#branch                                   0
vt5#branch                                   0
vt4#branch                                   0
vt3#branch                                   0
vt2#branch                                   0
vt1#branch                                   0
vt0#branch                                   0
vdd#branch                         -0.00074854

 Reference value :  0.00000e+00
 Reference value :  3.83578e-08
 Reference value :  8.18405e-08
 Reference value :  1.21015e-07
 Reference value :  1.64984e-07
 Reference value :  2.07674e-07
 Reference value :  2.50000e-07
 Reference value :  2.92033e-07
 Reference value :  3.34275e-07
 Reference value :  3.78580e-07
 Reference value :  4.18988e-07
 Reference value :  4.60554e-07
 Reference value :  5.10346e-07
 Reference value :  5.87901e-07
 Reference value :  6.30842e-07
 Reference value :  6.72841e-07
 Reference value :  7.15198e-07
 Reference value :  7.56068e-07
 Reference value :  8.00332e-07
 Reference value :  8.44724e-07
 Reference value :  8.91181e-07
 Reference value :  9.41895e-07
 Reference value :  9.89213e-07
 Reference value :  1.03470e-06
 Reference value :  1.08060e-06
 Reference value :  1.12608e-06
 Reference value :  1.17109e-06
No. of Data Rows : 6485
ta                  =  6.68042e-08
tb                  =  3.71588e-07
ta = 6.680416e-08
tb = 3.715877e-07
period = 1.523918e-08
fosc = 6.562034e+07
ngspice-47 done

Warning: m=xx on .subckt line will override multiplier m hierarchy!

Note: Starting dynamic gmin stepping
Note: Dynamic gmin stepping completed
