====================================================================
gf180-rcosc PVT corner run: ff_T+085C_V3p0_code0x3F
run id      : 20260906T030219Z
process     : ff (fets=ff res=res_ff mimcap=mimcap_ff)
temperature : 85 C
supply      : 3 V
trim code   : 0x3F (63)
transient   : tran 200p 1200n, f = 20 periods / (t[rise=25] - t[rise=5])
wall clock  : 12.0 s
exit status : 0
====================================================================

Note: Compatibility modes selected: hs a


Circuit: ** sch_path: /users/rwalters/github/gf180-rcosc/.loom/worktrees/issue-16/design/pvt_tb.sch

Doing analysis at TEMP = 85.000000 and TNOM = 27.000000

Using SPARSE 1.3 as Direct Linear Solver

Initial Transient Solution
--------------------------

Node                                   Voltage
----                                   -------
vdd                                          3
xxdut.xxbias.xrba.11                   2.99924
xxdut.xxbias.xrba.21                   2.00076
xxdut.vh                                     2
xxdut.xxbias.xrbb.11                   1.99924
xxdut.xxbias.xrbb.21                   1.00076
xxdut.vl                                     1
xxdut.xxbias.xrbc.11                  0.999241
xxdut.xxbias.xrbc.21                0.00075877
xxdut.xxbias.xrbias.11                 2.99613
xxdut.xxbias.xrbias.21                 1.72248
xxdut.ibias                            1.71861
xxdut.xxtrim.xrfix.11                  2.99957
xxdut.xxtrim.xrfix.21                  2.90337
xxdut.xxtrim.c1                        2.90295
xxdut.xxtrim.xr0.11                    2.90252
xxdut.xxtrim.xr0.21                    2.89834
xxdut.xxtrim.c2                        2.89791
t0                                           3
xxdut.xxtrim.xr1.11                    2.89749
xxdut.xxtrim.xr1.21                    2.88912
xxdut.xxtrim.c3                        2.88869
t1                                           3
xxdut.xxtrim.xr2.11                    2.88826
xxdut.xxtrim.xr2.21                    2.87152
xxdut.xxtrim.c4                         2.8711
t2                                           3
xxdut.xxtrim.xr3.11                    2.87067
xxdut.xxtrim.xr3.21                    2.83719
xxdut.xxtrim.c5                        2.83676
t3                                           3
xxdut.xxtrim.xr4.11                    2.83634
xxdut.xxtrim.xr4.21                    2.76937
xxdut.xxtrim.c6                        2.76894
t4                                           3
xxdut.xxtrim.xr5.11                    2.76852
xxdut.xxtrim.xr5.21                    2.63458
xxdut.xxtrim.c7                        2.63416
t5                                           3
xxdut.xxtrim.xr6.11                    2.63373
xxdut.xxtrim.xr6.21                    2.36585
xxdut.xxtrim.c8                        2.36543
t6                                           0
xxdut.xxtrim.xr7.11                      2.365
xxdut.xxtrim.xr7.21                    1.82925
xxdut.vc                               1.82882
t7                                           0
xxdut.xxcmph.tail                     0.626315
xxdut.xxcmph.dp                        1.34115
xxdut.xxcmph.dn                       0.871239
xxdut.cmph_out                         1.28469
xxdut.xxcmpl.tail                     0.355054
xxdut.xxcmpl.dp                        2.98487
xxdut.xxcmpl.dn                       0.609784
xxdut.cmpl_out                     8.20482e-09
clk                                   0.537637
xxdut.qbar                             1.23944
xxdut.mid1                             2.37821
xxdut.mid2                             2.79514
vt7#branch                                   0
vt6#branch                                   0
vt5#branch                                   0
vt4#branch                                   0
vt3#branch                                   0
vt2#branch                                   0
vt1#branch                                   0
vt0#branch                                   0
vdd#branch                        -0.000882075

 Reference value :  0.00000e+00
 Reference value :  7.34783e-08
 Reference value :  1.45513e-07
 Reference value :  2.22875e-07
 Reference value :  3.03159e-07
 Reference value :  3.78187e-07
 Reference value :  4.60089e-07
 Reference value :  5.36932e-07
 Reference value :  6.15719e-07
 Reference value :  6.97359e-07
 Reference value :  7.76078e-07
 Reference value :  8.55321e-07
 Reference value :  9.29825e-07
 Reference value :  1.01122e-06
 Reference value :  1.08744e-06
 Reference value :  1.16651e-06
No. of Data Rows : 6216
ta                  =  9.79500e-08
tb                  =  5.57574e-07
ta = 9.795001e-08
tb = 5.575736e-07
period = 2.298118e-08
fosc = 4.351387e+07
ngspice-46 done

Warning: m=xx on .subckt line will override multiplier m hierarchy!

Note: Starting dynamic gmin stepping
Note: Dynamic gmin stepping completed
