====================================================================
gf180-rcosc PVT corner run: ff_T-040C_V3p6_code0x80
run id      : 20260906T030219Z
process     : ff (fets=ff res=res_ff mimcap=mimcap_ff)
temperature : -40 C
supply      : 3.6 V
trim code   : 0x80 (128)
transient   : tran 200p 1200n, f = 20 periods / (t[rise=25] - t[rise=5])
wall clock  : 31.8 s
exit status : 0
====================================================================

Note: Compatibility modes selected: hs a


Circuit: ** sch_path: /users/rwalters/github/gf180-rcosc/.loom/worktrees/issue-16/design/pvt_tb.sch

Doing analysis at TEMP = -40.000000 and TNOM = 27.000000

Using SPARSE 1.3 as Direct Linear Solver

Initial Transient Solution
--------------------------

Node                                   Voltage
----                                   -------
vdd                                        3.6
xxdut.xxbias.xrba.11                   3.59798
xxdut.xxbias.xrba.21                   2.40202
xxdut.vh                                   2.4
xxdut.xxbias.xrbb.11                   2.39798
xxdut.xxbias.xrbb.21                   1.20202
xxdut.vl                                   1.2
xxdut.xxbias.xrbc.11                   1.19798
xxdut.xxbias.xrbc.21                0.00201975
xxdut.xxbias.xrbias.11                 3.58728
xxdut.xxbias.xrbias.21                 1.70424
xxdut.ibias                            1.69152
xxdut.xxtrim.xrfix.11                  3.59869
xxdut.xxtrim.xrfix.21                  3.46501
xxdut.xxtrim.c1                         3.4637
xxdut.xxtrim.xr0.11                    3.46239
xxdut.xxtrim.xr0.21                    3.45657
xxdut.xxtrim.c2                        3.45526
t0                                           0
xxdut.xxtrim.xr1.11                    3.45395
xxdut.xxtrim.xr1.21                    3.44231
xxdut.xxtrim.c3                          3.441
t1                                           0
xxdut.xxtrim.xr2.11                    3.43969
xxdut.xxtrim.xr2.21                    3.41643
xxdut.xxtrim.c4                        3.41511
t2                                           0
xxdut.xxtrim.xr3.11                     3.4138
xxdut.xxtrim.xr3.21                    3.36727
xxdut.xxtrim.c5                        3.36596
t3                                           0
xxdut.xxtrim.xr4.11                    3.36465
xxdut.xxtrim.xr4.21                    3.27159
xxdut.xxtrim.c6                        3.27028
t4                                           0
xxdut.xxtrim.xr5.11                    3.26897
xxdut.xxtrim.xr5.21                    3.08286
xxdut.xxtrim.c7                        3.08155
t5                                           0
xxdut.xxtrim.xr6.11                    3.08023
xxdut.xxtrim.xr6.21                    2.70801
xxdut.xxtrim.c8                         2.7067
t6                                           0
xxdut.xxtrim.xr7.11                    2.70607
xxdut.xxtrim.xr7.21                    2.35014
xxdut.vc                               2.34951
t7                                         3.6
xxdut.xxcmph.tail                     0.951338
xxdut.xxcmph.dp                        1.60617
xxdut.xxcmph.dn                        1.28209
xxdut.cmph_out                         1.54003
xxdut.xxcmpl.tail                     0.500955
xxdut.xxcmpl.dp                        3.59938
xxdut.xxcmpl.dn                       0.746479
xxdut.cmpl_out                     4.02794e-09
clk                                   0.667952
xxdut.qbar                             1.46111
xxdut.mid1                             2.86684
xxdut.mid2                             3.33788
vt7#branch                                   0
vt6#branch                                   0
vt5#branch                                   0
vt4#branch                                   0
vt3#branch                                   0
vt2#branch                                   0
vt1#branch                                   0
vt0#branch                                   0
vdd#branch                         -0.00153301

 Reference value :  0.00000e+00
 Reference value :  5.93305e-08
 Reference value :  1.21798e-07
 Reference value :  1.85225e-07
 Reference value :  2.47298e-07
 Reference value :  3.12258e-07
 Reference value :  3.76967e-07
 Reference value :  4.41457e-07
 Reference value :  5.08704e-07
 Reference value :  5.73464e-07
 Reference value :  6.36954e-07
 Reference value :  7.03782e-07
 Reference value :  7.67240e-07
 Reference value :  8.34024e-07
 Reference value :  9.02654e-07
 Reference value :  9.67113e-07
 Reference value :  1.03203e-06
 Reference value :  1.09660e-06
 Reference value :  1.16128e-06
No. of Data Rows : 6451
ta                  =  7.69911e-08
tb                  =  4.37171e-07
ta = 7.699114e-08
tb = 4.371713e-07
period = 1.800901e-08
fosc = 5.552777e+07
ngspice-46 done

Warning: m=xx on .subckt line will override multiplier m hierarchy!

Note: Starting dynamic gmin stepping
Note: Dynamic gmin stepping completed
