====================================================================
gf180-rcosc PVT corner run: ff_T-040C_V3p6_code0x3F
run id      : 20260906T030219Z
process     : ff (fets=ff res=res_ff mimcap=mimcap_ff)
temperature : -40 C
supply      : 3.6 V
trim code   : 0x3F (63)
transient   : tran 200p 1200n, f = 20 periods / (t[rise=25] - t[rise=5])
wall clock  : 12.5 s
exit status : 0
====================================================================

Note: Compatibility modes selected: hs a


Circuit: ** sch_path: /users/rwalters/github/gf180-rcosc/.loom/worktrees/issue-16/design/pvt_tb.sch

Doing analysis at TEMP = -40.000000 and TNOM = 27.000000

Using SPARSE 1.3 as Direct Linear Solver

Initial Transient Solution
--------------------------

Node                                   Voltage
----                                   -------
vdd                                        3.6
xxdut.xxbias.xrba.11                   3.59798
xxdut.xxbias.xrba.21                   2.40202
xxdut.vh                                   2.4
xxdut.xxbias.xrbb.11                   2.39798
xxdut.xxbias.xrbb.21                   1.20202
xxdut.vl                                   1.2
xxdut.xxbias.xrbc.11                   1.19798
xxdut.xxbias.xrbc.21                0.00201975
xxdut.xxbias.xrbias.11                 3.58728
xxdut.xxbias.xrbias.21                 1.70424
xxdut.ibias                            1.69152
xxdut.xxtrim.xrfix.11                    3.599
xxdut.xxtrim.xrfix.21                  3.49709
xxdut.xxtrim.c1                        3.49609
xxdut.xxtrim.xr0.11                    3.49509
xxdut.xxtrim.xr0.21                    3.49066
xxdut.xxtrim.c2                        3.48966
t0                                         3.6
xxdut.xxtrim.xr1.11                    3.48866
xxdut.xxtrim.xr1.21                    3.47979
xxdut.xxtrim.c3                        3.47879
t1                                         3.6
xxdut.xxtrim.xr2.11                    3.47779
xxdut.xxtrim.xr2.21                    3.46006
xxdut.xxtrim.c4                        3.45906
t2                                         3.6
xxdut.xxtrim.xr3.11                    3.45806
xxdut.xxtrim.xr3.21                    3.42259
xxdut.xxtrim.c5                        3.42159
t3                                         3.6
xxdut.xxtrim.xr4.11                    3.42059
xxdut.xxtrim.xr4.21                    3.34965
xxdut.xxtrim.c6                        3.34865
t4                                         3.6
xxdut.xxtrim.xr5.11                    3.34765
xxdut.xxtrim.xr5.21                    3.20577
xxdut.xxtrim.c7                        3.20477
t5                                         3.6
xxdut.xxtrim.xr6.11                    3.20377
xxdut.xxtrim.xr6.21                    2.92002
xxdut.xxtrim.c8                        2.91902
t6                                           0
xxdut.xxtrim.xr7.11                    2.91802
xxdut.xxtrim.xr7.21                    2.35051
xxdut.vc                               2.34951
t7                                           0
xxdut.xxcmph.tail                     0.951338
xxdut.xxcmph.dp                        1.60611
xxdut.xxcmph.dn                        1.28209
xxdut.cmph_out                         1.54279
xxdut.xxcmpl.tail                     0.500955
xxdut.xxcmpl.dp                        3.59938
xxdut.xxcmpl.dn                       0.746479
xxdut.cmpl_out                     4.02794e-09
clk                                   0.654389
xxdut.qbar                              1.4623
xxdut.mid1                             2.85847
xxdut.mid2                             3.33816
vt7#branch                                   0
vt6#branch                                   0
vt5#branch                                   0
vt4#branch                                   0
vt3#branch                                   0
vt2#branch                                   0
vt1#branch                                   0
vt0#branch                                   0
vdd#branch                         -0.00152925

 Reference value :  0.00000e+00
 Reference value :  6.94604e-08
 Reference value :  1.41399e-07
 Reference value :  2.17931e-07
 Reference value :  2.92739e-07
 Reference value :  3.65784e-07
 Reference value :  4.42069e-07
 Reference value :  5.14845e-07
 Reference value :  5.91253e-07
 Reference value :  6.69090e-07
 Reference value :  7.41015e-07
 Reference value :  8.15831e-07
 Reference value :  8.90223e-07
 Reference value :  9.66469e-07
 Reference value :  1.04381e-06
 Reference value :  1.11859e-06
 Reference value :  1.19138e-06
No. of Data Rows : 6312
ta                  =  1.10834e-07
tb                  =  6.44621e-07
ta = 1.108345e-07
tb = 6.446206e-07
period = 2.668931e-08
fosc = 3.746819e+07
ngspice-46 done

Warning: m=xx on .subckt line will override multiplier m hierarchy!

Note: Starting dynamic gmin stepping
Note: Dynamic gmin stepping completed
