====================================================================
gf180-rcosc PVT corner run: fs_T-040C_V3p0_code0x80
run id      : 20260906T030219Z
process     : fs (fets=fs res=res_typical mimcap=mimcap_typical)
temperature : -40 C
supply      : 3 V
trim code   : 0x80 (128)
transient   : tran 200p 1200n, f = 20 periods / (t[rise=25] - t[rise=5])
wall clock  : 74.2 s
exit status : 0
====================================================================

Note: Compatibility modes selected: hs a


Circuit: ** sch_path: /users/rwalters/github/gf180-rcosc/.loom/worktrees/issue-16/design/pvt_tb.sch

Doing analysis at TEMP = -40.000000 and TNOM = 27.000000

Using SPARSE 1.3 as Direct Linear Solver

Initial Transient Solution
--------------------------

Node                                   Voltage
----                                   -------
vdd                                          3
xxdut.xxbias.xrba.11                   2.99864
xxdut.xxbias.xrba.21                   1.99526
xxdut.vh                               1.99391
xxdut.xxbias.xrbb.11                   1.99256
xxdut.xxbias.xrbb.21                  0.995281
xxdut.vl                              0.993934
xxdut.xxbias.xrbc.11                  0.992595
xxdut.xxbias.xrbc.21                0.00133923
xxdut.xxbias.xrbias.11                 2.99192
xxdut.xxbias.xrbias.21                 1.49633
xxdut.ibias                            1.48824
xxdut.xxtrim.xrfix.11                  2.99668
xxdut.xxtrim.xrfix.21                  2.57433
xxdut.xxtrim.c1                        2.57101
xxdut.xxtrim.xr0.11                     2.5677
xxdut.xxtrim.xr0.21                    2.54937
xxdut.xxtrim.c2                        2.54606
t0                                           0
xxdut.xxtrim.xr1.11                    2.54276
xxdut.xxtrim.xr1.21                    2.50622
xxdut.xxtrim.c3                        2.50292
t1                                           0
xxdut.xxtrim.xr2.11                    2.49963
xxdut.xxtrim.xr2.21                    2.42681
xxdut.xxtrim.c4                        2.42352
t2                                           0
xxdut.xxtrim.xr3.11                    2.42025
xxdut.xxtrim.xr3.21                    2.27528
xxdut.xxtrim.c5                        2.27201
t3                                           0
xxdut.xxtrim.xr4.11                    2.26876
xxdut.xxtrim.xr4.21                    1.98075
xxdut.xxtrim.c6                         1.9775
t4                                           0
xxdut.xxtrim.xr5.11                    1.97428
xxdut.xxtrim.xr5.21                    1.40493
xxdut.xxtrim.c7                        1.40172
t5                                           0
xxdut.xxtrim.xr6.11                    1.39859
xxdut.xxtrim.xr6.21                   0.288777
xxdut.xxtrim.c8                       0.285646
t6                                           0
xxdut.xxtrim.xr7.11                   0.285619
xxdut.xxtrim.xr7.21                   0.266222
xxdut.vc                              0.266195
t7                                           3
xxdut.xxcmph.tail                     0.309901
xxdut.xxcmph.dp                        3.00044
xxdut.xxcmph.dn                       0.451313
xxdut.cmph_out                      0.00126548
xxdut.xxcmpl.tail                  0.000474735
xxdut.xxcmpl.dp                     0.00252391
xxdut.xxcmpl.dn                         2.0226
xxdut.cmpl_out                         3.00142
clk                                 0.00254048
xxdut.qbar                             2.99573
xxdut.mid1                             3.01085
xxdut.mid2                            0.207613
vt7#branch                         -1.4265e-05
vt6#branch                        -7.92693e-08
vt5#branch                         6.41618e-08
vt4#branch                         4.42296e-08
vt3#branch                         3.21878e-08
vt2#branch                         2.61881e-08
vt1#branch                         2.31076e-08
vt0#branch                         2.14813e-08
vdd#branch                        -0.000278708

 Reference value :  0.00000e+00
 Reference value :  1.03889e-07
 Reference value :  1.76419e-07
 Reference value :  2.47414e-07
 Reference value :  3.18163e-07
 Reference value :  3.89313e-07
 Reference value :  4.64081e-07
 Reference value :  5.36711e-07
 Reference value :  6.46024e-07
 Reference value :  7.74007e-07
 Reference value :  8.43144e-07
 Reference value :  9.14360e-07
 Reference value :  9.85875e-07
 Reference value :  1.05649e-06
 Reference value :  1.13045e-06
No. of Data Rows : 6403
ta                  =  1.10019e-07
tb                  =  5.67778e-07
ta = 1.100193e-07
tb = 5.677779e-07
period = 2.288793e-08
fosc = 4.369115e+07
ngspice-46 done

Warning: m=xx on .subckt line will override multiplier m hierarchy!

Note: Starting dynamic gmin stepping
Warning: Dynamic gmin stepping failed
Note: Starting true gmin stepping
Warning: True gmin stepping failed
Note: Starting source stepping
Warning: singular matrix:  check node xxdut.vl

Warning: source stepping failed
Note: Transient op started
Note: Transient op finished successfully
