====================================================================
gf180-rcosc PVT corner run: fs_T+027C_V3p3_code0x00
run id      : 20260906T030219Z
process     : fs (fets=fs res=res_typical mimcap=mimcap_typical)
temperature : 27 C
supply      : 3.3 V
trim code   : 0x00 (0)
transient   : tran 200p 1200n, f = 20 periods / (t[rise=25] - t[rise=5])
wall clock  : 4.1 s
exit status : 0
====================================================================

Note: Compatibility modes selected: hs a


Circuit: ** sch_path: /users/rwalters/github/gf180-rcosc/.loom/worktrees/issue-16/design/pvt_tb.sch

Doing analysis at TEMP = 27.000000 and TNOM = 27.000000

Using SPARSE 1.3 as Direct Linear Solver

Initial Transient Solution
--------------------------

Node                                   Voltage
----                                   -------
vdd                                        3.3
xxdut.xxbias.xrba.11                   3.29907
xxdut.xxbias.xrba.21                   2.20093
xxdut.vh                                   2.2
xxdut.xxbias.xrbb.11                   2.19907
xxdut.xxbias.xrbb.21                   1.10093
xxdut.vl                                   1.1
xxdut.xxbias.xrbc.11                   1.09907
xxdut.xxbias.xrbc.21               0.000925394
xxdut.xxbias.xrbias.11                 3.29453
xxdut.xxbias.xrbias.21                 1.67238
xxdut.ibias                            1.66691
xxdut.xxtrim.xrfix.11                  3.29946
xxdut.xxtrim.xrfix.21                  3.18865
xxdut.xxtrim.c1                         3.1881
xxdut.xxtrim.xr0.11                    3.18756
xxdut.xxtrim.xr0.21                    3.18274
xxdut.xxtrim.c2                         3.1822
t0                                           0
xxdut.xxtrim.xr1.11                    3.18165
xxdut.xxtrim.xr1.21                    3.17201
xxdut.xxtrim.c3                        3.17147
t1                                           0
xxdut.xxtrim.xr2.11                    3.17093
xxdut.xxtrim.xr2.21                    3.15164
xxdut.xxtrim.c4                         3.1511
t2                                           0
xxdut.xxtrim.xr3.11                    3.15056
xxdut.xxtrim.xr3.21                    3.11199
xxdut.xxtrim.c5                        3.11144
t3                                           0
xxdut.xxtrim.xr4.11                     3.1109
xxdut.xxtrim.xr4.21                    3.03376
xxdut.xxtrim.c6                        3.03322
t4                                           0
xxdut.xxtrim.xr5.11                    3.03268
xxdut.xxtrim.xr5.21                     2.8784
xxdut.xxtrim.c7                        2.87786
t5                                           0
xxdut.xxtrim.xr6.11                    2.87731
xxdut.xxtrim.xr6.21                    2.56876
xxdut.xxtrim.c8                        2.56822
t6                                           0
xxdut.xxtrim.xr7.11                    2.56768
xxdut.xxtrim.xr7.21                    1.95057
xxdut.vc                               1.95003
t7                                           0
xxdut.xxcmph.tail                     0.669536
xxdut.xxcmph.dp                        1.36337
xxdut.xxcmph.dn                       0.859786
xxdut.cmph_out                         1.30044
xxdut.xxcmpl.tail                      0.35785
xxdut.xxcmpl.dp                        3.28393
xxdut.xxcmpl.dn                       0.575138
xxdut.cmpl_out                     3.90847e-09
clk                                   0.616661
xxdut.qbar                             1.25282
xxdut.mid1                             2.71621
xxdut.mid2                             3.09643
vt7#branch                                   0
vt6#branch                                   0
vt5#branch                                   0
vt4#branch                                   0
vt3#branch                                   0
vt2#branch                                   0
vt1#branch                                   0
vt0#branch                                   0
vdd#branch                        -0.000910238

 Reference value :  0.00000e+00
 Reference value :  7.36168e-08
 Reference value :  1.55268e-07
 Reference value :  2.39341e-07
 Reference value :  3.31051e-07
 Reference value :  4.13467e-07
 Reference value :  4.93443e-07
 Reference value :  5.74629e-07
 Reference value :  6.62754e-07
 Reference value :  7.49105e-07
 Reference value :  8.29899e-07
 Reference value :  9.13080e-07
 Reference value :  9.94136e-07
 Reference value :  1.07936e-06
 Reference value :  1.16942e-06
No. of Data Rows : 6262
ta                  =  1.25636e-07
tb                  =  7.22062e-07
ta = 1.256358e-07
tb = 7.220617e-07
period = 2.982129e-08
fosc = 3.353308e+07
ngspice-46 done

Warning: m=xx on .subckt line will override multiplier m hierarchy!

Note: Starting dynamic gmin stepping
Note: Dynamic gmin stepping completed
