====================================================================
gf180-rcosc PVT corner run: fs_T-040C_V3p0_code0x7F
run id      : 20260906T030219Z
process     : fs (fets=fs res=res_typical mimcap=mimcap_typical)
temperature : -40 C
supply      : 3 V
trim code   : 0x7F (127)
transient   : tran 200p 1200n, f = 20 periods / (t[rise=25] - t[rise=5])
wall clock  : 62.7 s
exit status : 0
====================================================================

Note: Compatibility modes selected: hs a


Circuit: ** sch_path: /users/rwalters/github/gf180-rcosc/.loom/worktrees/issue-16/design/pvt_tb.sch

Doing analysis at TEMP = -40.000000 and TNOM = 27.000000

Using SPARSE 1.3 as Direct Linear Solver

Initial Transient Solution
--------------------------

Node                                   Voltage
----                                   -------
vdd                                          3
xxdut.xxbias.xrba.11                   2.99866
xxdut.xxbias.xrba.21                   2.00484
xxdut.vh                                2.0035
xxdut.xxbias.xrbb.11                   2.00216
xxdut.xxbias.xrbb.21                   1.01186
xxdut.vl                               1.01052
xxdut.xxbias.xrbc.11                   1.00916
xxdut.xxbias.xrbc.21                0.00136158
xxdut.xxbias.xrbias.11                 2.99192
xxdut.xxbias.xrbias.21                 1.49755
xxdut.ibias                            1.48947
xxdut.xxtrim.xrfix.11                  2.99856
xxdut.xxtrim.xrfix.21                  2.81583
xxdut.xxtrim.c1                        2.81439
xxdut.xxtrim.xr0.11                    2.81296
xxdut.xxtrim.xr0.21                    2.80503
xxdut.xxtrim.c2                        2.80359
t0                                           3
xxdut.xxtrim.xr1.11                    2.80217
xxdut.xxtrim.xr1.21                    2.78635
xxdut.xxtrim.c3                        2.78492
t1                                           3
xxdut.xxtrim.xr2.11                     2.7835
xxdut.xxtrim.xr2.21                    2.75198
xxdut.xxtrim.c4                        2.75056
t2                                           3
xxdut.xxtrim.xr3.11                    2.74914
xxdut.xxtrim.xr3.21                    2.68639
xxdut.xxtrim.c5                        2.68498
t3                                           3
xxdut.xxtrim.xr4.11                    2.68357
xxdut.xxtrim.xr4.21                    2.55895
xxdut.xxtrim.c6                        2.55755
t4                                           3
xxdut.xxtrim.xr5.11                    2.55615
xxdut.xxtrim.xr5.21                    2.30944
xxdut.xxtrim.c7                        2.30805
t5                                           3
xxdut.xxtrim.xr6.11                    2.30682
xxdut.xxtrim.xr6.21                    1.87287
xxdut.xxtrim.c8                        1.87164
t6                                           3
xxdut.xxtrim.xr7.11                    1.87032
xxdut.xxtrim.xr7.21                   0.932539
xxdut.vc                              0.931216
t7                                           0
xxdut.xxcmph.tail                     0.310535
xxdut.xxcmph.dp                        3.00042
xxdut.xxcmph.dn                       0.449922
xxdut.cmph_out                      0.00314552
xxdut.xxcmpl.tail                    0.0689944
xxdut.xxcmpl.dp                       0.125646
xxdut.xxcmpl.dn                        1.52243
xxdut.cmpl_out                          3.0019
clk                                  0.0131027
xxdut.qbar                             3.00356
xxdut.mid1                             3.00905
xxdut.mid2                             3.27358
vt7#branch                        -9.38233e-07
vt6#branch                         1.48296e-06
vt5#branch                        -9.63005e-08
vt4#branch                         3.28299e-08
vt3#branch                         2.24991e-08
vt2#branch                         1.73205e-08
vt1#branch                         1.48131e-08
vt0#branch                         1.35426e-08
vdd#branch                        -0.000335735

 Reference value :  0.00000e+00
 Reference value :  8.31061e-08
 Reference value :  1.59898e-07
 Reference value :  2.40137e-07
 Reference value :  3.13881e-07
 Reference value :  3.96976e-07
 Reference value :  4.72437e-07
 Reference value :  5.55239e-07
 Reference value :  6.30075e-07
 Reference value :  7.14951e-07
 Reference value :  7.90107e-07
 Reference value :  8.72911e-07
 Reference value :  9.51398e-07
 Reference value :  1.03572e-06
 Reference value :  1.11617e-06
No. of Data Rows : 6306
ta                  =  1.47645e-07
tb                  =  7.87875e-07
ta = 1.476452e-07
tb = 7.878752e-07
period = 3.201150e-08
fosc = 3.123877e+07
ngspice-46 done

Warning: m=xx on .subckt line will override multiplier m hierarchy!

Note: Starting dynamic gmin stepping
Warning: Dynamic gmin stepping failed
Note: Starting true gmin stepping
Warning: True gmin stepping failed
Note: Starting source stepping
Warning: singular matrix:  check node xxdut.vl

Warning: source stepping failed
Note: Transient op started
Note: Transient op finished successfully
