====================================================================
gf180-rcosc PVT corner run: fs_T-040C_V3p6_code0xBF
run id      : 20260906T030219Z
process     : fs (fets=fs res=res_typical mimcap=mimcap_typical)
temperature : -40 C
supply      : 3.6 V
trim code   : 0xBF (191)
transient   : tran 200p 1200n, f = 20 periods / (t[rise=25] - t[rise=5])
wall clock  : 15.9 s
exit status : 0
====================================================================

Note: Compatibility modes selected: hs a


Circuit: ** sch_path: /users/rwalters/github/gf180-rcosc/.loom/worktrees/issue-16/design/pvt_tb.sch

Doing analysis at TEMP = -40.000000 and TNOM = 27.000000

Using SPARSE 1.3 as Direct Linear Solver

Initial Transient Solution
--------------------------

Node                                   Voltage
----                                   -------
vdd                                        3.6
xxdut.xxbias.xrba.11                   3.59838
xxdut.xxbias.xrba.21                   2.40162
xxdut.vh                                   2.4
xxdut.xxbias.xrbb.11                   2.39838
xxdut.xxbias.xrbb.21                   1.20162
xxdut.vl                                   1.2
xxdut.xxbias.xrbc.11                   1.19838
xxdut.xxbias.xrbc.21                0.00161689
xxdut.xxbias.xrbias.11                 3.58946
xxdut.xxbias.xrbias.21                 1.63836
xxdut.ibias                            1.62782
xxdut.xxtrim.xrfix.11                  3.59862
xxdut.xxtrim.xrfix.21                  3.42286
xxdut.xxtrim.c1                        3.42147
xxdut.xxtrim.xr0.11                    3.42009
xxdut.xxtrim.xr0.21                    3.41245
xxdut.xxtrim.c2                        3.41107
t0                                         3.6
xxdut.xxtrim.xr1.11                    3.40969
xxdut.xxtrim.xr1.21                    3.39439
xxdut.xxtrim.c3                        3.39301
t1                                         3.6
xxdut.xxtrim.xr2.11                    3.39163
xxdut.xxtrim.xr2.21                    3.36104
xxdut.xxtrim.c4                        3.35966
t2                                         3.6
xxdut.xxtrim.xr3.11                    3.35828
xxdut.xxtrim.xr3.21                    3.29711
xxdut.xxtrim.c5                        3.29573
t3                                         3.6
xxdut.xxtrim.xr4.11                    3.29435
xxdut.xxtrim.xr4.21                    3.17199
xxdut.xxtrim.c6                        3.17061
t4                                         3.6
xxdut.xxtrim.xr5.11                    3.16923
xxdut.xxtrim.xr5.21                    2.92453
xxdut.xxtrim.c7                        2.92315
t5                                         3.6
xxdut.xxtrim.xr6.11                    2.92176
xxdut.xxtrim.xr6.21                    2.43235
xxdut.xxtrim.c8                        2.43097
t6                                           0
xxdut.xxtrim.xr7.11                    2.43075
xxdut.xxtrim.xr7.21                    2.27285
xxdut.vc                               2.27263
t7                                         3.6
xxdut.xxcmph.tail                     0.891717
xxdut.xxcmph.dp                        1.49289
xxdut.xxcmph.dn                        1.11608
xxdut.cmph_out                          1.4208
xxdut.xxcmpl.tail                     0.439502
xxdut.xxcmpl.dp                        3.59747
xxdut.xxcmpl.dn                       0.641201
xxdut.cmpl_out                     3.57696e-09
clk                                   0.701821
xxdut.qbar                             1.36445
xxdut.mid1                             2.97567
xxdut.mid2                             3.37035
vt7#branch                                   0
vt6#branch                                   0
vt5#branch                                   0
vt4#branch                                   0
vt3#branch                                   0
vt2#branch                                   0
vt1#branch                                   0
vt0#branch                                   0
vdd#branch                         -0.00121321

 Reference value :  0.00000e+00
 Reference value :  6.31653e-08
 Reference value :  1.29433e-07
 Reference value :  1.93618e-07
 Reference value :  2.56839e-07
 Reference value :  3.22896e-07
 Reference value :  3.90275e-07
 Reference value :  4.63388e-07
 Reference value :  5.30351e-07
 Reference value :  6.03962e-07
 Reference value :  6.74538e-07
 Reference value :  7.47129e-07
 Reference value :  8.19119e-07
 Reference value :  8.85064e-07
 Reference value :  9.52761e-07
 Reference value :  1.02114e-06
 Reference value :  1.09257e-06
 Reference value :  1.15898e-06
No. of Data Rows : 6459
ta                  =  8.91277e-08
tb                  =  5.07405e-07
ta = 8.912766e-08
tb = 5.074052e-07
period = 2.091388e-08
fosc = 4.781514e+07
ngspice-46 done

Warning: m=xx on .subckt line will override multiplier m hierarchy!

Note: Starting dynamic gmin stepping
Note: Dynamic gmin stepping completed
