====================================================================
gf180-rcosc PVT corner run: fs_T+085C_V3p3_code0x7F
run id      : 20260906T030219Z
process     : fs (fets=fs res=res_typical mimcap=mimcap_typical)
temperature : 85 C
supply      : 3.3 V
trim code   : 0x7F (127)
transient   : tran 200p 1200n, f = 20 periods / (t[rise=25] - t[rise=5])
wall clock  : 12.3 s
exit status : 0
====================================================================

Note: Compatibility modes selected: hs a


Circuit: ** sch_path: /users/rwalters/github/gf180-rcosc/.loom/worktrees/issue-16/design/pvt_tb.sch

Doing analysis at TEMP = 85.000000 and TNOM = 27.000000

Using SPARSE 1.3 as Direct Linear Solver

Initial Transient Solution
--------------------------

Node                                   Voltage
----                                   -------
vdd                                        3.3
xxdut.xxbias.xrba.11                   3.29933
xxdut.xxbias.xrba.21                   2.20067
xxdut.vh                                   2.2
xxdut.xxbias.xrbb.11                   2.19933
xxdut.xxbias.xrbb.21                   1.10067
xxdut.vl                                   1.1
xxdut.xxbias.xrbc.11                   1.09933
xxdut.xxbias.xrbc.21                0.00066792
xxdut.xxbias.xrbias.11                 3.29625
xxdut.xxbias.xrbias.21                 1.75375
xxdut.ibias                               1.75
xxdut.xxtrim.xrfix.11                  3.29959
xxdut.xxtrim.xrfix.21                  3.18483
xxdut.xxtrim.c1                        3.18443
xxdut.xxtrim.xr0.11                    3.18402
xxdut.xxtrim.xr0.21                    3.17903
xxdut.xxtrim.c2                        3.17862
t0                                         3.3
xxdut.xxtrim.xr1.11                    3.17822
xxdut.xxtrim.xr1.21                    3.16823
xxdut.xxtrim.c3                        3.16783
t1                                         3.3
xxdut.xxtrim.xr2.11                    3.16742
xxdut.xxtrim.xr2.21                    3.14745
xxdut.xxtrim.c4                        3.14704
t2                                         3.3
xxdut.xxtrim.xr3.11                    3.14664
xxdut.xxtrim.xr3.21                     3.1067
xxdut.xxtrim.c5                        3.10629
t3                                         3.3
xxdut.xxtrim.xr4.11                    3.10588
xxdut.xxtrim.xr4.21                      3.026
xxdut.xxtrim.c6                        3.02559
t4                                         3.3
xxdut.xxtrim.xr5.11                    3.02518
xxdut.xxtrim.xr5.21                    2.86541
xxdut.xxtrim.c7                          2.865
t5                                         3.3
xxdut.xxtrim.xr6.11                     2.8646
xxdut.xxtrim.xr6.21                    2.54505
xxdut.xxtrim.c8                        2.54465
t6                                         3.3
xxdut.xxtrim.xr7.11                    2.54424
xxdut.xxtrim.xr7.21                    1.90514
xxdut.vc                               1.90473
t7                                           0
xxdut.xxcmph.tail                      0.65195
xxdut.xxcmph.dp                        1.36602
xxdut.xxcmph.dn                       0.851404
xxdut.cmph_out                         1.29951
xxdut.xxcmpl.tail                     0.363173
xxdut.xxcmpl.dp                         3.2628
xxdut.xxcmpl.dn                        0.60511
xxdut.cmpl_out                     4.68805e-09
clk                                   0.565418
xxdut.qbar                             1.25463
xxdut.mid1                             2.67748
xxdut.mid2                             3.08413
vt7#branch                                   0
vt6#branch                                   0
vt5#branch                                   0
vt4#branch                                   0
vt3#branch                                   0
vt2#branch                                   0
vt1#branch                                   0
vt0#branch                                   0
vdd#branch                        -0.000851904

 Reference value :  0.00000e+00
 Reference value :  7.61835e-08
 Reference value :  1.53361e-07
 Reference value :  2.31748e-07
 Reference value :  3.13568e-07
 Reference value :  3.94415e-07
 Reference value :  4.74655e-07
 Reference value :  5.55303e-07
 Reference value :  6.41322e-07
 Reference value :  7.21795e-07
 Reference value :  8.02979e-07
 Reference value :  8.85381e-07
 Reference value :  9.62012e-07
 Reference value :  1.04179e-06
 Reference value :  1.12889e-06
No. of Data Rows : 6238
ta                  =  1.10907e-07
tb                  =  6.30147e-07
ta = 1.109068e-07
tb = 6.301471e-07
period = 2.596201e-08
fosc = 3.851781e+07
ngspice-46 done

Warning: m=xx on .subckt line will override multiplier m hierarchy!

Note: Starting dynamic gmin stepping
Note: Dynamic gmin stepping completed
