====================================================================
gf180-rcosc PVT corner run: fs_T-040C_V3p3_code0xBF
run id      : 20260906T030219Z
process     : fs (fets=fs res=res_typical mimcap=mimcap_typical)
temperature : -40 C
supply      : 3.3 V
trim code   : 0xBF (191)
transient   : tran 200p 1200n, f = 20 periods / (t[rise=25] - t[rise=5])
wall clock  : 74.8 s
exit status : 0
====================================================================

Note: Compatibility modes selected: hs a


Circuit: ** sch_path: /users/rwalters/github/gf180-rcosc/.loom/worktrees/issue-16/design/pvt_tb.sch

Doing analysis at TEMP = -40.000000 and TNOM = 27.000000

Using SPARSE 1.3 as Direct Linear Solver

Initial Transient Solution
--------------------------

Node                                   Voltage
----                                   -------
vdd                                        3.3
xxdut.xxbias.xrba.11                   3.29853
xxdut.xxbias.xrba.21                    2.2099
xxdut.vh                               2.20843
xxdut.xxbias.xrbb.11                   2.20696
xxdut.xxbias.xrbb.21                   1.12577
xxdut.vl                               1.12431
xxdut.xxbias.xrbc.11                    1.1228
xxdut.xxbias.xrbc.21                0.00151491
xxdut.xxbias.xrbias.11                  3.2907
xxdut.xxbias.xrbias.21                 1.57039
xxdut.ibias                            1.56109
xxdut.xxtrim.xrfix.11                  3.29721
xxdut.xxtrim.xrfix.21                  2.94185
xxdut.xxtrim.c1                        2.93905
xxdut.xxtrim.xr0.11                    2.93627
xxdut.xxtrim.xr0.21                    2.92088
xxdut.xxtrim.c2                         2.9181
t0                                         3.3
xxdut.xxtrim.xr1.11                    2.91534
xxdut.xxtrim.xr1.21                    2.88474
xxdut.xxtrim.c3                        2.88198
t1                                         3.3
xxdut.xxtrim.xr2.11                    2.87924
xxdut.xxtrim.xr2.21                    2.81847
xxdut.xxtrim.c4                        2.81573
t2                                         3.3
xxdut.xxtrim.xr3.11                    2.81301
xxdut.xxtrim.xr3.21                    2.69255
xxdut.xxtrim.c5                        2.68983
t3                                         3.3
xxdut.xxtrim.xr4.11                    2.68714
xxdut.xxtrim.xr4.21                    2.44941
xxdut.xxtrim.c6                        2.44672
t4                                         3.3
xxdut.xxtrim.xr5.11                    2.44461
xxdut.xxtrim.xr5.21                    2.06998
xxdut.xxtrim.c7                        2.06786
t5                                         3.3
xxdut.xxtrim.xr6.11                    2.06528
xxdut.xxtrim.xr6.21                    1.14902
xxdut.xxtrim.c8                        1.14643
t6                                           0
xxdut.xxtrim.xr7.11                     1.1464
xxdut.xxtrim.xr7.21                    1.12478
xxdut.vc                               1.12475
t7                                         3.3
xxdut.xxcmph.tail                     0.376744
xxdut.xxcmph.dp                        3.29763
xxdut.xxcmph.dn                       0.537475
xxdut.cmph_out                    -0.000314797
xxdut.xxcmpl.tail                     0.148034
xxdut.xxcmpl.dp                       0.337045
xxdut.xxcmpl.dn                         1.5158
xxdut.cmpl_out                         3.30236
clk                                7.49134e-05
xxdut.qbar                             3.30012
xxdut.mid1                             3.29958
xxdut.mid2                             2.33662
vt7#branch                         8.73836e-07
vt6#branch                         7.82829e-08
vt5#branch                         2.14076e-07
vt4#branch                          1.5892e-07
vt3#branch                         7.51587e-08
vt2#branch                         6.28971e-08
vt1#branch                         5.60011e-08
vt0#branch                         5.18315e-08
vdd#branch                        -0.000474313

 Reference value :  0.00000e+00
 Reference value :  6.65136e-08
 Reference value :  1.38830e-07
 Reference value :  2.01742e-07
 Reference value :  2.69537e-07
 Reference value :  3.35592e-07
 Reference value :  4.01684e-07
 Reference value :  4.69124e-07
 Reference value :  5.36177e-07
 Reference value :  6.05700e-07
 Reference value :  6.71367e-07
 Reference value :  7.37773e-07
 Reference value :  8.07134e-07
 Reference value :  8.74665e-07
 Reference value :  9.47099e-07
 Reference value :  1.01723e-06
 Reference value :  1.08568e-06
 Reference value :  1.15890e-06
No. of Data Rows : 6474
ta                  =  9.77008e-08
tb                  =  5.22427e-07
ta = 9.770078e-08
tb = 5.224265e-07
period = 2.123629e-08
fosc = 4.708921e+07
ngspice-46 done

Warning: m=xx on .subckt line will override multiplier m hierarchy!

Note: Starting dynamic gmin stepping
Warning: Dynamic gmin stepping failed
Note: Starting true gmin stepping
Warning: True gmin stepping failed
Note: Starting source stepping
Warning: singular matrix:  check node xxdut.vl

Warning: source stepping failed
Note: Transient op started
Note: Transient op finished successfully
