====================================================================
gf180-rcosc PVT corner run: rc_f_T-040C_V3p6_code0x7F
run id      : 20260906T030219Z
process     : rc_f (fets=typical res=res_ff mimcap=mimcap_ff)
temperature : -40 C
supply      : 3.6 V
trim code   : 0x7F (127)
transient   : tran 200p 1200n, f = 20 periods / (t[rise=25] - t[rise=5])
wall clock  : 14.1 s
exit status : 0
====================================================================

Note: Compatibility modes selected: hs a


Circuit: ** sch_path: /users/rwalters/github/gf180-rcosc/.loom/worktrees/issue-16/design/pvt_tb.sch

Doing analysis at TEMP = -40.000000 and TNOM = 27.000000

Using SPARSE 1.3 as Direct Linear Solver

Initial Transient Solution
--------------------------

Node                                   Voltage
----                                   -------
vdd                                        3.6
xxdut.xxbias.xrba.11                   3.59798
xxdut.xxbias.xrba.21                   2.40202
xxdut.vh                                   2.4
xxdut.xxbias.xrbb.11                   2.39798
xxdut.xxbias.xrbb.21                   1.20202
xxdut.vl                                   1.2
xxdut.xxbias.xrbc.11                   1.19798
xxdut.xxbias.xrbc.21                0.00201975
xxdut.xxbias.xrbias.11                 3.58809
xxdut.xxbias.xrbias.21                 1.82574
xxdut.ibias                            1.81384
xxdut.xxtrim.xrfix.11                  3.59899
xxdut.xxtrim.xrfix.21                  3.49598
xxdut.xxtrim.c1                        3.49497
xxdut.xxtrim.xr0.11                    3.49396
xxdut.xxtrim.xr0.21                    3.48948
xxdut.xxtrim.c2                        3.48847
t0                                         3.6
xxdut.xxtrim.xr1.11                    3.48745
xxdut.xxtrim.xr1.21                    3.47849
xxdut.xxtrim.c3                        3.47748
t1                                         3.6
xxdut.xxtrim.xr2.11                    3.47647
xxdut.xxtrim.xr2.21                    3.45854
xxdut.xxtrim.c4                        3.45753
t2                                         3.6
xxdut.xxtrim.xr3.11                    3.45652
xxdut.xxtrim.xr3.21                    3.42067
xxdut.xxtrim.c5                        3.41966
t3                                         3.6
xxdut.xxtrim.xr4.11                    3.41864
xxdut.xxtrim.xr4.21                    3.34694
xxdut.xxtrim.c6                        3.34593
t4                                         3.6
xxdut.xxtrim.xr5.11                    3.34492
xxdut.xxtrim.xr5.21                     3.2015
xxdut.xxtrim.c7                        3.20049
t5                                         3.6
xxdut.xxtrim.xr6.11                    3.19948
xxdut.xxtrim.xr6.21                    2.91266
xxdut.xxtrim.c8                        2.91165
t6                                         3.6
xxdut.xxtrim.xr7.11                    2.91064
xxdut.xxtrim.xr7.21                    2.33699
xxdut.vc                               2.33598
t7                                           0
xxdut.xxcmph.tail                     0.838241
xxdut.xxcmph.dp                        1.61206
xxdut.xxcmph.dn                        1.15474
xxdut.cmph_out                         1.55121
xxdut.xxcmpl.tail                     0.447648
xxdut.xxcmpl.dp                        3.59986
xxdut.xxcmpl.dn                         0.6941
xxdut.cmpl_out                     3.89225e-09
clk                                   0.766904
xxdut.qbar                             1.48343
xxdut.mid1                             2.94642
xxdut.mid2                              3.3787
vt7#branch                                   0
vt6#branch                                   0
vt5#branch                                   0
vt4#branch                                   0
vt3#branch                                   0
vt2#branch                                   0
vt1#branch                                   0
vt0#branch                                   0
vdd#branch                         -0.00129883

 Reference value :  0.00000e+00
 Reference value :  6.39613e-08
 Reference value :  1.37013e-07
 Reference value :  2.11079e-07
 Reference value :  2.77706e-07
 Reference value :  3.46272e-07
 Reference value :  4.21573e-07
 Reference value :  4.94202e-07
 Reference value :  5.63331e-07
 Reference value :  6.37789e-07
 Reference value :  7.42440e-07
 Reference value :  8.70147e-07
 Reference value :  1.00006e-06
 Reference value :  1.10251e-06
 Reference value :  1.17725e-06
No. of Data Rows : 6417
ta                  =  1.10545e-07
tb                  =  6.29524e-07
ta = 1.105448e-07
tb = 6.295236e-07
period = 2.594894e-08
fosc = 3.853722e+07
ngspice-46 done

Warning: m=xx on .subckt line will override multiplier m hierarchy!

Note: Starting dynamic gmin stepping
Warning: Dynamic gmin stepping failed
Note: Starting true gmin stepping
Note: True gmin stepping completed
