====================================================================
gf180-rcosc PVT corner run: rc_f_T-040C_V3p6_code0xBF
run id      : 20260906T030219Z
process     : rc_f (fets=typical res=res_ff mimcap=mimcap_ff)
temperature : -40 C
supply      : 3.6 V
trim code   : 0xBF (191)
transient   : tran 200p 1200n, f = 20 periods / (t[rise=25] - t[rise=5])
wall clock  : 16.8 s
exit status : 0
====================================================================

Note: Compatibility modes selected: hs a


Circuit: ** sch_path: /users/rwalters/github/gf180-rcosc/.loom/worktrees/issue-16/design/pvt_tb.sch

Doing analysis at TEMP = -40.000000 and TNOM = 27.000000

Using SPARSE 1.3 as Direct Linear Solver

Initial Transient Solution
--------------------------

Node                                   Voltage
----                                   -------
vdd                                        3.6
xxdut.xxbias.xrba.11                   3.59798
xxdut.xxbias.xrba.21                   2.40202
xxdut.vh                                   2.4
xxdut.xxbias.xrbb.11                   2.39798
xxdut.xxbias.xrbb.21                   1.20202
xxdut.vl                                   1.2
xxdut.xxbias.xrbc.11                   1.19798
xxdut.xxbias.xrbc.21                0.00201975
xxdut.xxbias.xrbias.11                 3.58809
xxdut.xxbias.xrbias.21                 1.82574
xxdut.ibias                            1.81384
xxdut.xxtrim.xrfix.11                  3.59896
xxdut.xxtrim.xrfix.21                  3.49331
xxdut.xxtrim.c1                        3.49228
xxdut.xxtrim.xr0.11                    3.49124
xxdut.xxtrim.xr0.21                    3.48664
xxdut.xxtrim.c2                        3.48561
t0                                         3.6
xxdut.xxtrim.xr1.11                    3.48457
xxdut.xxtrim.xr1.21                    3.47538
xxdut.xxtrim.c3                        3.47434
t1                                         3.6
xxdut.xxtrim.xr2.11                     3.4733
xxdut.xxtrim.xr2.21                    3.45491
xxdut.xxtrim.c4                        3.45388
t2                                         3.6
xxdut.xxtrim.xr3.11                    3.45284
xxdut.xxtrim.xr3.21                    3.41607
xxdut.xxtrim.c5                        3.41503
t3                                         3.6
xxdut.xxtrim.xr4.11                    3.41399
xxdut.xxtrim.xr4.21                    3.34045
xxdut.xxtrim.c6                        3.33941
t4                                         3.6
xxdut.xxtrim.xr5.11                    3.33837
xxdut.xxtrim.xr5.21                    3.19129
xxdut.xxtrim.c7                        3.19025
t5                                         3.6
xxdut.xxtrim.xr6.11                    3.18921
xxdut.xxtrim.xr6.21                    2.89503
xxdut.xxtrim.c8                          2.894
t6                                           0
xxdut.xxtrim.xr7.11                    2.89302
xxdut.xxtrim.xr7.21                    2.33696
xxdut.vc                               2.33598
t7                                         3.6
xxdut.xxcmph.tail                     0.838241
xxdut.xxcmph.dp                        1.61207
xxdut.xxcmph.dn                        1.15474
xxdut.cmph_out                         1.55095
xxdut.xxcmpl.tail                     0.447648
xxdut.xxcmpl.dp                        3.59986
xxdut.xxcmpl.dn                         0.6941
xxdut.cmpl_out                     3.89225e-09
clk                                   0.768173
xxdut.qbar                             1.48339
xxdut.mid1                              2.9472
xxdut.mid2                             3.37869
vt7#branch                                   0
vt6#branch                                   0
vt5#branch                                   0
vt4#branch                                   0
vt3#branch                                   0
vt2#branch                                   0
vt1#branch                                   0
vt0#branch                                   0
vdd#branch                         -0.00129913

 Reference value :  0.00000e+00
 Reference value :  6.06559e-08
 Reference value :  1.21189e-07
 Reference value :  1.81807e-07
 Reference value :  2.45441e-07
 Reference value :  3.05364e-07
 Reference value :  3.69898e-07
 Reference value :  4.32628e-07
 Reference value :  4.94986e-07
 Reference value :  5.60291e-07
 Reference value :  6.23830e-07
 Reference value :  6.89619e-07
 Reference value :  7.50840e-07
 Reference value :  8.16283e-07
 Reference value :  8.81336e-07
 Reference value :  9.48698e-07
 Reference value :  1.01074e-06
 Reference value :  1.07842e-06
 Reference value :  1.14274e-06
No. of Data Rows : 6578
ta                  =  7.91719e-08
tb                  =  4.49354e-07
ta = 7.917191e-08
tb = 4.493540e-07
period = 1.850910e-08
fosc = 5.402747e+07
ngspice-46 done

Warning: m=xx on .subckt line will override multiplier m hierarchy!

Note: Starting dynamic gmin stepping
Note: Dynamic gmin stepping completed
