====================================================================
gf180-rcosc PVT corner run: rc_f_T+027C_V3p6_code0x80
run id      : 20260906T030219Z
process     : rc_f (fets=typical res=res_ff mimcap=mimcap_ff)
temperature : 27 C
supply      : 3.6 V
trim code   : 0x80 (128)
transient   : tran 200p 1200n, f = 20 periods / (t[rise=25] - t[rise=5])
wall clock  : 15.9 s
exit status : 0
====================================================================

Note: Compatibility modes selected: hs a


Circuit: ** sch_path: /users/rwalters/github/gf180-rcosc/.loom/worktrees/issue-16/design/pvt_tb.sch

Doing analysis at TEMP = 27.000000 and TNOM = 27.000000

Using SPARSE 1.3 as Direct Linear Solver

Initial Transient Solution
--------------------------

Node                                   Voltage
----                                   -------
vdd                                        3.6
xxdut.xxbias.xrba.11                   3.59874
xxdut.xxbias.xrba.21                   2.40126
xxdut.vh                                   2.4
xxdut.xxbias.xrbb.11                   2.39874
xxdut.xxbias.xrbb.21                   1.20126
xxdut.vl                                   1.2
xxdut.xxbias.xrbc.11                   1.19874
xxdut.xxbias.xrbc.21                0.00126137
xxdut.xxbias.xrbias.11                 3.59309
xxdut.xxbias.xrbias.21                 1.95292
xxdut.ibias                            1.94601
xxdut.xxtrim.xrfix.11                  3.59912
xxdut.xxtrim.xrfix.21                  3.45545
xxdut.xxtrim.c1                        3.45457
xxdut.xxtrim.xr0.11                    3.45369
xxdut.xxtrim.xr0.21                    3.44745
xxdut.xxtrim.c2                        3.44657
t0                                           0
xxdut.xxtrim.xr1.11                    3.44569
xxdut.xxtrim.xr1.21                    3.43318
xxdut.xxtrim.c3                         3.4323
t1                                           0
xxdut.xxtrim.xr2.11                    3.43143
xxdut.xxtrim.xr2.21                    3.40642
xxdut.xxtrim.c4                        3.40554
t2                                           0
xxdut.xxtrim.xr3.11                    3.40466
xxdut.xxtrim.xr3.21                    3.35466
xxdut.xxtrim.c5                        3.35378
t3                                           0
xxdut.xxtrim.xr4.11                     3.3529
xxdut.xxtrim.xr4.21                    3.25289
xxdut.xxtrim.c6                        3.25201
t4                                           0
xxdut.xxtrim.xr5.11                    3.25113
xxdut.xxtrim.xr5.21                    3.05112
xxdut.xxtrim.c7                        3.05024
t5                                           0
xxdut.xxtrim.xr6.11                    3.04936
xxdut.xxtrim.xr6.21                    2.64932
xxdut.xxtrim.c8                        2.64844
t6                                           0
xxdut.xxtrim.xr7.11                    2.64801
xxdut.xxtrim.xr7.21                    2.26048
xxdut.vc                               2.26006
t7                                         3.6
xxdut.xxcmph.tail                      0.78044
xxdut.xxcmph.dp                        1.61465
xxdut.xxcmph.dn                        1.07844
xxdut.cmph_out                         1.54648
xxdut.xxcmpl.tail                     0.429871
xxdut.xxcmpl.dp                        3.59674
xxdut.xxcmpl.dn                       0.710013
xxdut.cmpl_out                     4.85016e-09
clk                                   0.725206
xxdut.qbar                             1.48038
xxdut.mid1                             2.91205
xxdut.mid2                             3.36407
vt7#branch                                   0
vt6#branch                                   0
vt5#branch                                   0
vt4#branch                                   0
vt3#branch                                   0
vt2#branch                                   0
vt1#branch                                   0
vt0#branch                                   0
vdd#branch                         -0.00118189

 Reference value :  0.00000e+00
 Reference value :  6.25941e-08
 Reference value :  1.26664e-07
 Reference value :  1.91944e-07
 Reference value :  2.60086e-07
 Reference value :  3.27888e-07
 Reference value :  3.95996e-07
 Reference value :  4.61343e-07
 Reference value :  5.28025e-07
 Reference value :  5.96782e-07
 Reference value :  6.65455e-07
 Reference value :  7.31419e-07
 Reference value :  8.00567e-07
 Reference value :  8.72323e-07
 Reference value :  9.40195e-07
 Reference value :  1.00634e-06
 Reference value :  1.07577e-06
 Reference value :  1.14618e-06
No. of Data Rows : 6395
ta                  =  7.23759e-08
tb                  =  4.13338e-07
ta = 7.237589e-08
tb = 4.133379e-07
period = 1.704810e-08
fosc = 5.865756e+07
ngspice-46 done

Warning: m=xx on .subckt line will override multiplier m hierarchy!

Note: Starting dynamic gmin stepping
Note: Dynamic gmin stepping completed
