====================================================================
gf180-rcosc PVT corner run: rc_s_T-040C_V3p3_code0x80
run id      : 20260906T030219Z
process     : rc_s (fets=typical res=res_ss mimcap=mimcap_ss)
temperature : -40 C
supply      : 3.3 V
trim code   : 0x80 (128)
transient   : tran 200p 1200n, f = 20 periods / (t[rise=25] - t[rise=5])
wall clock  : 38.7 s
exit status : 0
====================================================================

Note: Compatibility modes selected: hs a


Circuit: ** sch_path: /users/rwalters/github/gf180-rcosc/.loom/worktrees/issue-16/design/pvt_tb.sch

Doing analysis at TEMP = -40.000000 and TNOM = 27.000000

Using SPARSE 1.3 as Direct Linear Solver

Initial Transient Solution
--------------------------

Node                                   Voltage
----                                   -------
vdd                                        3.3
xxdut.xxbias.xrba.11                   3.29877
xxdut.xxbias.xrba.21                    2.2095
xxdut.vh                               2.20827
xxdut.xxbias.xrbb.11                   2.20705
xxdut.xxbias.xrbb.21                   1.12486
xxdut.vl                               1.12364
xxdut.xxbias.xrbc.11                   1.12238
xxdut.xxbias.xrbc.21                0.00126224
xxdut.xxbias.xrbias.11                 3.29229
xxdut.xxbias.xrbias.21                 1.57941
xxdut.ibias                             1.5717
xxdut.xxtrim.xrfix.11                  3.29784
xxdut.xxtrim.xrfix.21                  2.96787
xxdut.xxtrim.c1                        2.96571
xxdut.xxtrim.xr0.11                    2.96355
xxdut.xxtrim.xr0.21                    2.94923
xxdut.xxtrim.c2                        2.94707
t0                                           0
xxdut.xxtrim.xr1.11                    2.94492
xxdut.xxtrim.xr1.21                    2.91636
xxdut.xxtrim.c3                        2.91421
t1                                           0
xxdut.xxtrim.xr2.11                    2.91207
xxdut.xxtrim.xr2.21                    2.85514
xxdut.xxtrim.c4                          2.853
t2                                           0
xxdut.xxtrim.xr3.11                    2.85086
xxdut.xxtrim.xr3.21                    2.73749
xxdut.xxtrim.c5                        2.73536
t3                                           0
xxdut.xxtrim.xr4.11                    2.73324
xxdut.xxtrim.xr4.21                     2.5079
xxdut.xxtrim.c6                        2.50579
t4                                           0
xxdut.xxtrim.xr5.11                    2.50369
xxdut.xxtrim.xr5.21                    2.05788
xxdut.xxtrim.c7                        2.05579
t5                                           0
xxdut.xxtrim.xr6.11                    2.05373
xxdut.xxtrim.xr6.21                    1.18052
xxdut.xxtrim.c8                        1.17847
t6                                           0
xxdut.xxtrim.xr7.11                    1.17845
xxdut.xxtrim.xr7.21                    1.16133
xxdut.vc                               1.16131
t7                                         3.3
xxdut.xxcmph.tail                     0.477652
xxdut.xxcmph.dp                        3.30028
xxdut.xxcmph.dn                       0.693446
xxdut.cmph_out                    -0.000209045
xxdut.xxcmpl.tail                     0.128431
xxdut.xxcmpl.dp                       0.664088
xxdut.xxcmpl.dn                        1.70632
xxdut.cmpl_out                         3.30318
clk                                 -0.0240169
xxdut.qbar                             3.28843
xxdut.mid1                             3.29222
xxdut.mid2                             3.34208
vt7#branch                         3.50863e-06
vt6#branch                         8.01205e-07
vt5#branch                         4.68025e-08
vt4#branch                         2.09869e-08
vt3#branch                         1.56956e-08
vt2#branch                         1.34472e-08
vt1#branch                         1.23592e-08
vt0#branch                         1.24353e-08
vdd#branch                        -0.000286026

 Reference value :  0.00000e+00
 Reference value :  8.31248e-08
 Reference value :  1.59211e-07
 Reference value :  2.39039e-07
 Reference value :  3.20181e-07
 Reference value :  3.96325e-07
 Reference value :  4.76194e-07
 Reference value :  5.59598e-07
 Reference value :  6.38798e-07
 Reference value :  7.23292e-07
 Reference value :  8.01498e-07
 Reference value :  8.78403e-07
 Reference value :  9.70769e-07
 Reference value :  1.04820e-06
 Reference value :  1.13187e-06
No. of Data Rows : 6296
ta                  =  1.56743e-07
tb                  =  8.35262e-07
ta = 1.567428e-07
tb = 8.352622e-07
period = 3.392597e-08
fosc = 2.947594e+07
ngspice-46 done

Warning: m=xx on .subckt line will override multiplier m hierarchy!

Note: Starting dynamic gmin stepping
Warning: Dynamic gmin stepping failed
Note: Starting true gmin stepping
Warning: True gmin stepping failed
Note: Starting source stepping
Warning: singular matrix:  check node xxdut.vl

Warning: source stepping failed
Note: Transient op started
Note: Transient op finished successfully
