====================================================================
gf180-rcosc PVT corner run: sf_T+027C_V3p6_code0xC0
run id      : 20260906T030219Z
process     : sf (fets=sf res=res_typical mimcap=mimcap_typical)
temperature : 27 C
supply      : 3.6 V
trim code   : 0xC0 (192)
transient   : tran 200p 1200n, f = 20 periods / (t[rise=25] - t[rise=5])
wall clock  : 14.8 s
exit status : 0
====================================================================

Note: Compatibility modes selected: hs a


Circuit: ** sch_path: /users/rwalters/github/gf180-rcosc/.loom/worktrees/issue-16/design/pvt_tb.sch

Doing analysis at TEMP = 27.000000 and TNOM = 27.000000

Using SPARSE 1.3 as Direct Linear Solver

Initial Transient Solution
--------------------------

Node                                   Voltage
----                                   -------
vdd                                        3.6
xxdut.xxbias.xrba.11                   3.59899
xxdut.xxbias.xrba.21                   2.40101
xxdut.vh                                   2.4
xxdut.xxbias.xrbb.11                   2.39899
xxdut.xxbias.xrbb.21                   1.20101
xxdut.vl                                   1.2
xxdut.xxbias.xrbc.11                   1.19899
xxdut.xxbias.xrbc.21                0.00100952
xxdut.xxbias.xrbias.11                 3.59436
xxdut.xxbias.xrbias.21                 1.92261
xxdut.ibias                            1.91697
xxdut.xxtrim.xrfix.11                  3.59951
xxdut.xxtrim.xrfix.21                  3.49922
xxdut.xxtrim.c1                        3.49872
xxdut.xxtrim.xr0.11                    3.49823
xxdut.xxtrim.xr0.21                    3.49387
xxdut.xxtrim.c2                        3.49338
t0                                           0
xxdut.xxtrim.xr1.11                    3.49289
xxdut.xxtrim.xr1.21                    3.48416
xxdut.xxtrim.c3                        3.48367
t1                                           0
xxdut.xxtrim.xr2.11                    3.48318
xxdut.xxtrim.xr2.21                    3.46572
xxdut.xxtrim.c4                        3.46523
t2                                           0
xxdut.xxtrim.xr3.11                    3.46474
xxdut.xxtrim.xr3.21                    3.42983
xxdut.xxtrim.c5                        3.42934
t3                                           0
xxdut.xxtrim.xr4.11                    3.42885
xxdut.xxtrim.xr4.21                    3.35904
xxdut.xxtrim.c6                        3.35855
t4                                           0
xxdut.xxtrim.xr5.11                    3.35805
xxdut.xxtrim.xr5.21                    3.21842
xxdut.xxtrim.c7                        3.21793
t5                                           0
xxdut.xxtrim.xr6.11                    3.21744
xxdut.xxtrim.xr6.21                    2.93818
xxdut.xxtrim.c8                        2.93769
t6                                         3.6
xxdut.xxtrim.xr7.11                     2.9372
xxdut.xxtrim.xr7.21                    2.38384
xxdut.vc                               2.38335
t7                                         3.6
xxdut.xxcmph.tail                     0.834918
xxdut.xxcmph.dp                        1.73781
xxdut.xxcmph.dn                        1.35664
xxdut.cmph_out                         1.68634
xxdut.xxcmpl.tail                     0.525371
xxdut.xxcmpl.dp                        3.59998
xxdut.xxcmpl.dn                       0.864541
xxdut.cmpl_out                     5.36902e-09
clk                                   0.771699
xxdut.qbar                             1.60508
xxdut.mid1                             2.86784
xxdut.mid2                             3.37396
vt7#branch                                   0
vt6#branch                                   0
vt5#branch                                   0
vt4#branch                                   0
vt3#branch                                   0
vt2#branch                                   0
vt1#branch                                   0
vt0#branch                                   0
vdd#branch                          -0.0011017

 Reference value :  0.00000e+00
 Reference value :  6.73848e-08
 Reference value :  1.33967e-07
 Reference value :  2.02983e-07
 Reference value :  2.74950e-07
 Reference value :  3.42849e-07
 Reference value :  4.17478e-07
 Reference value :  4.83035e-07
 Reference value :  5.54215e-07
 Reference value :  6.25730e-07
 Reference value :  6.92907e-07
 Reference value :  7.64896e-07
 Reference value :  8.40200e-07
 Reference value :  9.14570e-07
 Reference value :  9.84083e-07
 Reference value :  1.05868e-06
 Reference value :  1.13035e-06
No. of Data Rows : 6387
ta                  =  8.90859e-08
tb                  =  5.01643e-07
ta = 8.908589e-08
tb = 5.016425e-07
period = 2.062783e-08
fosc = 4.847820e+07
ngspice-46 done

Warning: m=xx on .subckt line will override multiplier m hierarchy!

Note: Starting dynamic gmin stepping
Note: Dynamic gmin stepping completed
