====================================================================
gf180-rcosc PVT corner run: sf_T-040C_V3p6_code0xBF
run id      : 20260906T030219Z
process     : sf (fets=sf res=res_typical mimcap=mimcap_typical)
temperature : -40 C
supply      : 3.6 V
trim code   : 0xBF (191)
transient   : tran 200p 1200n, f = 20 periods / (t[rise=25] - t[rise=5])
wall clock  : 14.6 s
exit status : 0
====================================================================

Note: Compatibility modes selected: hs a


Circuit: ** sch_path: /users/rwalters/github/gf180-rcosc/.loom/worktrees/issue-16/design/pvt_tb.sch

Doing analysis at TEMP = -40.000000 and TNOM = 27.000000

Using SPARSE 1.3 as Direct Linear Solver

Initial Transient Solution
--------------------------

Node                                   Voltage
----                                   -------
vdd                                        3.6
xxdut.xxbias.xrba.11                   3.59838
xxdut.xxbias.xrba.21                   2.40162
xxdut.vh                                   2.4
xxdut.xxbias.xrbb.11                   2.39838
xxdut.xxbias.xrbb.21                   1.20162
xxdut.vl                                   1.2
xxdut.xxbias.xrbc.11                   1.19838
xxdut.xxbias.xrbc.21                0.00161689
xxdut.xxbias.xrbias.11                 3.59036
xxdut.xxbias.xrbias.21                 1.80739
xxdut.ibias                            1.79776
xxdut.xxtrim.xrfix.11                  3.59923
xxdut.xxtrim.xrfix.21                  3.50057
xxdut.xxtrim.c1                         3.4998
xxdut.xxtrim.xr0.11                    3.49902
xxdut.xxtrim.xr0.21                    3.49473
xxdut.xxtrim.c2                        3.49396
t0                                         3.6
xxdut.xxtrim.xr1.11                    3.49318
xxdut.xxtrim.xr1.21                     3.4846
xxdut.xxtrim.c3                        3.48382
t1                                         3.6
xxdut.xxtrim.xr2.11                    3.48305
xxdut.xxtrim.xr2.21                    3.46588
xxdut.xxtrim.c4                        3.46511
t2                                         3.6
xxdut.xxtrim.xr3.11                    3.46433
xxdut.xxtrim.xr3.21                    3.42999
xxdut.xxtrim.c5                        3.42922
t3                                         3.6
xxdut.xxtrim.xr4.11                    3.42844
xxdut.xxtrim.xr4.21                    3.35977
xxdut.xxtrim.c6                          3.359
t4                                         3.6
xxdut.xxtrim.xr5.11                    3.35822
xxdut.xxtrim.xr5.21                    3.22087
xxdut.xxtrim.c7                         3.2201
t5                                         3.6
xxdut.xxtrim.xr6.11                    3.21932
xxdut.xxtrim.xr6.21                    2.94463
xxdut.xxtrim.c8                        2.94386
t6                                           0
xxdut.xxtrim.xr7.11                    2.94308
xxdut.xxtrim.xr7.21                     2.3939
xxdut.vc                               2.39313
t7                                         3.6
xxdut.xxcmph.tail                     0.848294
xxdut.xxcmph.dp                        1.73357
xxdut.xxcmph.dn                         1.4586
xxdut.cmph_out                         1.68379
xxdut.xxcmpl.tail                     0.561775
xxdut.xxcmpl.dp                            3.6
xxdut.xxcmpl.dn                       0.889677
xxdut.cmpl_out                     4.27649e-09
clk                                   0.834738
xxdut.qbar                             1.60544
xxdut.mid1                             2.91597
xxdut.mid2                             3.38768
vt7#branch                                   0
vt6#branch                                   0
vt5#branch                                   0
vt4#branch                                   0
vt3#branch                                   0
vt2#branch                                   0
vt1#branch                                   0
vt0#branch                                   0
vdd#branch                         -0.00119944

 Reference value :  0.00000e+00
 Reference value :  6.66580e-08
 Reference value :  1.40349e-07
 Reference value :  2.09228e-07
 Reference value :  2.86492e-07
 Reference value :  3.58195e-07
 Reference value :  4.31280e-07
 Reference value :  5.03822e-07
 Reference value :  5.77128e-07
 Reference value :  6.53459e-07
 Reference value :  7.26561e-07
 Reference value :  8.01600e-07
 Reference value :  8.73754e-07
 Reference value :  9.44152e-07
 Reference value :  1.01722e-06
 Reference value :  1.09281e-06
 Reference value :  1.16739e-06
No. of Data Rows : 6346
ta                  =  1.13549e-07
tb                  =  6.42835e-07
ta = 1.135486e-07
tb = 6.428346e-07
period = 2.646430e-08
fosc = 3.778675e+07
ngspice-46 done

Warning: m=xx on .subckt line will override multiplier m hierarchy!

Note: Starting dynamic gmin stepping
Note: Dynamic gmin stepping completed
