====================================================================
gf180-rcosc PVT corner run: sf_T+085C_V3p6_code0xC0
run id      : 20260906T030219Z
process     : sf (fets=sf res=res_typical mimcap=mimcap_typical)
temperature : 85 C
supply      : 3.6 V
trim code   : 0xC0 (192)
transient   : tran 200p 1200n, f = 20 periods / (t[rise=25] - t[rise=5])
wall clock  : 14.0 s
exit status : 0
====================================================================

Note: Compatibility modes selected: hs a


Circuit: ** sch_path: /users/rwalters/github/gf180-rcosc/.loom/worktrees/issue-16/design/pvt_tb.sch

Doing analysis at TEMP = 85.000000 and TNOM = 27.000000

Using SPARSE 1.3 as Direct Linear Solver

Initial Transient Solution
--------------------------

Node                                   Voltage
----                                   -------
vdd                                        3.6
xxdut.xxbias.xrba.11                   3.59927
xxdut.xxbias.xrba.21                   2.40073
xxdut.vh                                   2.4
xxdut.xxbias.xrbb.11                   2.39927
xxdut.xxbias.xrbb.21                   1.20073
xxdut.vl                                   1.2
xxdut.xxbias.xrbc.11                   1.19927
xxdut.xxbias.xrbc.21                0.00072864
xxdut.xxbias.xrbias.11                 3.59615
xxdut.xxbias.xrbias.21                 2.01212
xxdut.ibias                            2.00827
xxdut.xxtrim.xrfix.11                  3.59963
xxdut.xxtrim.xrfix.21                  3.49584
xxdut.xxtrim.c1                        3.49548
xxdut.xxtrim.xr0.11                    3.49511
xxdut.xxtrim.xr0.21                    3.49059
xxdut.xxtrim.c2                        3.49023
t0                                           0
xxdut.xxtrim.xr1.11                    3.48986
xxdut.xxtrim.xr1.21                    3.48083
xxdut.xxtrim.c3                        3.48046
t1                                           0
xxdut.xxtrim.xr2.11                     3.4801
xxdut.xxtrim.xr2.21                    3.46203
xxdut.xxtrim.c4                        3.46167
t2                                           0
xxdut.xxtrim.xr3.11                     3.4613
xxdut.xxtrim.xr3.21                    3.42517
xxdut.xxtrim.c5                        3.42481
t3                                           0
xxdut.xxtrim.xr4.11                    3.42444
xxdut.xxtrim.xr4.21                    3.35219
xxdut.xxtrim.c6                        3.35182
t4                                           0
xxdut.xxtrim.xr5.11                    3.35146
xxdut.xxtrim.xr5.21                    3.20695
xxdut.xxtrim.c7                        3.20659
t5                                           0
xxdut.xxtrim.xr6.11                    3.20622
xxdut.xxtrim.xr6.21                    2.91722
xxdut.xxtrim.c8                        2.91685
t6                                         3.6
xxdut.xxtrim.xr7.11                     2.9165
xxdut.xxtrim.xr7.21                    2.36915
xxdut.vc                               2.36881
t7                                         3.6
xxdut.xxcmph.tail                     0.830327
xxdut.xxcmph.dp                        1.74527
xxdut.xxcmph.dn                        1.31905
xxdut.cmph_out                         1.69228
xxdut.xxcmpl.tail                     0.514876
xxdut.xxcmpl.dp                        3.59976
xxdut.xxcmpl.dn                       0.872826
xxdut.cmpl_out                      7.8874e-09
clk                                   0.720296
xxdut.qbar                              1.6126
xxdut.mid1                             2.82718
xxdut.mid2                             3.36411
vt7#branch                                   0
vt6#branch                                   0
vt5#branch                                   0
vt4#branch                                   0
vt3#branch                                   0
vt2#branch                                   0
vt1#branch                                   0
vt0#branch                                   0
vdd#branch                         -0.00102798

 Reference value :  0.00000e+00
 Reference value :  7.00409e-08
 Reference value :  1.42892e-07
 Reference value :  2.08451e-07
 Reference value :  2.82729e-07
 Reference value :  3.49274e-07
 Reference value :  4.20249e-07
 Reference value :  4.89749e-07
 Reference value :  5.64045e-07
 Reference value :  6.37801e-07
 Reference value :  7.07801e-07
 Reference value :  7.83859e-07
 Reference value :  8.56577e-07
 Reference value :  9.36369e-07
 Reference value :  1.06082e-06
 Reference value :  1.18800e-06
No. of Data Rows : 6319
ta                  =  8.69728e-08
tb                  =  4.79312e-07
ta = 8.697277e-08
tb = 4.793123e-07
period = 1.961698e-08
fosc = 5.097626e+07
ngspice-46 done

Warning: m=xx on .subckt line will override multiplier m hierarchy!

Note: Starting dynamic gmin stepping
Note: Dynamic gmin stepping completed
