====================================================================
gf180-rcosc PVT corner run: sf_T+027C_V3p0_code0xC0
run id      : 20260906T030219Z
process     : sf (fets=sf res=res_typical mimcap=mimcap_typical)
temperature : 27 C
supply      : 3 V
trim code   : 0xC0 (192)
transient   : tran 200p 1200n, f = 20 periods / (t[rise=25] - t[rise=5])
wall clock  : 14.3 s
exit status : 0
====================================================================

Note: Compatibility modes selected: hs a


Circuit: ** sch_path: /users/rwalters/github/gf180-rcosc/.loom/worktrees/issue-16/design/pvt_tb.sch

Doing analysis at TEMP = 27.000000 and TNOM = 27.000000

Using SPARSE 1.3 as Direct Linear Solver

Initial Transient Solution
--------------------------

Node                                   Voltage
----                                   -------
vdd                                          3
xxdut.xxbias.xrba.11                   2.99916
xxdut.xxbias.xrba.21                   2.00084
xxdut.vh                                     2
xxdut.xxbias.xrbb.11                   1.99916
xxdut.xxbias.xrbb.21                   1.00084
xxdut.vl                                     1
xxdut.xxbias.xrbc.11                  0.999159
xxdut.xxbias.xrbc.21               0.000841267
xxdut.xxbias.xrbias.11                 2.99577
xxdut.xxbias.xrbias.21                 1.73992
xxdut.ibias                            1.73569
xxdut.xxtrim.xrfix.11                  2.99959
xxdut.xxtrim.xrfix.21                  2.91617
xxdut.xxtrim.c1                        2.91576
xxdut.xxtrim.xr0.11                    2.91535
xxdut.xxtrim.xr0.21                    2.91172
xxdut.xxtrim.c2                        2.91131
t0                                           0
xxdut.xxtrim.xr1.11                     2.9109
xxdut.xxtrim.xr1.21                    2.90364
xxdut.xxtrim.c3                        2.90323
t1                                           0
xxdut.xxtrim.xr2.11                    2.90282
xxdut.xxtrim.xr2.21                    2.88831
xxdut.xxtrim.c4                         2.8879
t2                                           0
xxdut.xxtrim.xr3.11                    2.88749
xxdut.xxtrim.xr3.21                    2.85845
xxdut.xxtrim.c5                        2.85804
t3                                           0
xxdut.xxtrim.xr4.11                    2.85763
xxdut.xxtrim.xr4.21                    2.79956
xxdut.xxtrim.c6                        2.79915
t4                                           0
xxdut.xxtrim.xr5.11                    2.79874
xxdut.xxtrim.xr5.21                    2.68259
xxdut.xxtrim.c7                        2.68218
t5                                           0
xxdut.xxtrim.xr6.11                    2.68177
xxdut.xxtrim.xr6.21                    2.44948
xxdut.xxtrim.c8                        2.44907
t6                                           3
xxdut.xxtrim.xr7.11                    2.44866
xxdut.xxtrim.xr7.21                    1.98419
xxdut.vc                               1.98378
t7                                           3
xxdut.xxcmph.tail                     0.595655
xxdut.xxcmph.dp                        1.45461
xxdut.xxcmph.dn                        1.02909
xxdut.cmph_out                          1.4134
xxdut.xxcmpl.tail                      0.38299
xxdut.xxcmpl.dp                        2.99999
xxdut.xxcmpl.dn                       0.671135
xxdut.cmpl_out                      4.1419e-09
clk                                   0.763712
xxdut.qbar                             1.36612
xxdut.mid1                             2.47525
xxdut.mid2                             2.85025
vt7#branch                                   0
vt6#branch                                   0
vt5#branch                                   0
vt4#branch                                   0
vt3#branch                                   0
vt2#branch                                   0
vt1#branch                                   0
vt0#branch                                   0
vdd#branch                        -0.000723068

 Reference value :  0.00000e+00
 Reference value :  6.74096e-08
 Reference value :  1.39922e-07
 Reference value :  2.12611e-07
 Reference value :  2.87473e-07
 Reference value :  3.59774e-07
 Reference value :  4.32433e-07
 Reference value :  5.05342e-07
 Reference value :  5.80097e-07
 Reference value :  6.53820e-07
 Reference value :  7.26963e-07
 Reference value :  8.00463e-07
 Reference value :  8.85111e-07
 Reference value :  9.58704e-07
 Reference value :  1.03188e-06
 Reference value :  1.10828e-06
 Reference value :  1.18143e-06
No. of Data Rows : 6317
ta                  =  1.04512e-07
tb                  =  5.92317e-07
ta = 1.045125e-07
tb = 5.923172e-07
period = 2.439023e-08
fosc = 4.100001e+07
ngspice-46 done

Warning: m=xx on .subckt line will override multiplier m hierarchy!

Note: Starting dynamic gmin stepping
Warning: Dynamic gmin stepping failed
Note: Starting true gmin stepping
Note: True gmin stepping completed
