====================================================================
gf180-rcosc PVT corner run: ss_T-040C_V3p0_code0xF0
run id      : 20260906T030219Z
process     : ss (fets=ss res=res_ss mimcap=mimcap_ss)
temperature : -40 C
supply      : 3 V
trim code   : 0xF0 (240)
transient   : tran 200p 1200n, f = 20 periods / (t[rise=25] - t[rise=5])
wall clock  : 51.3 s
exit status : 0
====================================================================

Note: Compatibility modes selected: hs a


Circuit: ** sch_path: /users/rwalters/github/gf180-rcosc/.loom/worktrees/issue-16/design/pvt_tb.sch

Doing analysis at TEMP = -40.000000 and TNOM = 27.000000

Using SPARSE 1.3 as Direct Linear Solver

Initial Transient Solution
--------------------------

Node                                   Voltage
----                                   -------
vdd                                          3
xxdut.xxbias.xrba.11                   2.99888
xxdut.xxbias.xrba.21                   2.00528
xxdut.vh                               2.00416
xxdut.xxbias.xrbb.11                   2.00303
xxdut.xxbias.xrbb.21                   1.00335
xxdut.vl                               1.00222
xxdut.xxbias.xrbc.11                    1.0011
xxdut.xxbias.xrbc.21                0.00112584
xxdut.xxbias.xrbias.11                 2.99383
xxdut.xxbias.xrbias.21                 1.62395
xxdut.ibias                            1.61778
xxdut.xxtrim.xrfix.11                  2.99944
xxdut.xxtrim.xrfix.21                  2.91465
xxdut.xxtrim.c1                        2.91409
xxdut.xxtrim.xr0.11                    2.91354
xxdut.xxtrim.xr0.21                    2.90987
xxdut.xxtrim.c2                        2.90931
t0                                           0
xxdut.xxtrim.xr1.11                    2.90875
xxdut.xxtrim.xr1.21                    2.90123
xxdut.xxtrim.c3                        2.90066
t1                                           0
xxdut.xxtrim.xr2.11                     2.9001
xxdut.xxtrim.xr2.21                    2.88497
xxdut.xxtrim.c4                         2.8844
t2                                           0
xxdut.xxtrim.xr3.11                    2.88385
xxdut.xxtrim.xr3.21                    2.85449
xxdut.xxtrim.c5                        2.85393
t3                                           0
xxdut.xxtrim.xr4.11                     2.8534
xxdut.xxtrim.xr4.21                    2.79647
xxdut.xxtrim.c6                        2.79593
t4                                           3
xxdut.xxtrim.xr5.11                    2.79539
xxdut.xxtrim.xr5.21                    2.67973
xxdut.xxtrim.c7                        2.67919
t5                                           3
xxdut.xxtrim.xr6.11                    2.67864
xxdut.xxtrim.xr6.21                    2.44745
xxdut.xxtrim.c8                        2.44691
t6                                           3
xxdut.xxtrim.xr7.11                    2.44639
xxdut.xxtrim.xr7.21                    2.00552
xxdut.vc                                 2.005
t7                                           3
xxdut.xxcmph.tail                     0.584929
xxdut.xxcmph.dp                        1.70229
xxdut.xxcmph.dn                       0.899268
xxdut.cmph_out                       0.0258331
xxdut.xxcmpl.tail                     0.339483
xxdut.xxcmpl.dp                        2.99552
xxdut.xxcmpl.dn                       0.528396
xxdut.cmpl_out                      -0.0428965
clk                                 -0.0117926
xxdut.qbar                             2.99685
xxdut.mid1                             2.98811
xxdut.mid2                             3.00238
vt7#branch                        -2.17316e-06
vt6#branch                        -5.62215e-06
vt5#branch                        -4.35788e-06
vt4#branch                        -2.83538e-06
vt3#branch                          2.6932e-07
vt2#branch                          1.5871e-07
vt1#branch                         1.26262e-07
vt0#branch                         7.28424e-08
vdd#branch                        -0.000443223

 Reference value :  0.00000e+00
 Reference value :  1.10272e-07
 Reference value :  1.86984e-07
 Reference value :  2.65670e-07
 Reference value :  3.43692e-07
 Reference value :  4.23864e-07
 Reference value :  4.94471e-07
 Reference value :  5.73267e-07
 Reference value :  6.49900e-07
 Reference value :  7.30448e-07
 Reference value :  8.04675e-07
 Reference value :  8.85200e-07
 Reference value :  9.61864e-07
 Reference value :  1.04217e-06
 Reference value :  1.11563e-06
 Reference value :  1.19580e-06
No. of Data Rows : 6266
ta                  =  1.24094e-07
tb                  =  7.36118e-07
ta = 1.240942e-07
tb = 7.361180e-07
period = 3.060119e-08
fosc = 3.267847e+07
ngspice-46 done

Warning: m=xx on .subckt line will override multiplier m hierarchy!

Note: Starting dynamic gmin stepping
Warning: Dynamic gmin stepping failed
Note: Starting true gmin stepping
Warning: True gmin stepping failed
Note: Starting source stepping
Warning: singular matrix:  check node xxdut.vl

Warning: source stepping failed
Note: Transient op started
Note: Transient op finished successfully
