====================================================================
gf180-rcosc PVT corner run: ss_T+027C_V3p3_code0xEF
run id      : 20260906T030219Z
process     : ss (fets=ss res=res_ss mimcap=mimcap_ss)
temperature : 27 C
supply      : 3.3 V
trim code   : 0xEF (239)
transient   : tran 200p 1200n, f = 20 periods / (t[rise=25] - t[rise=5])
wall clock  : 31.3 s
exit status : 0
====================================================================

Note: Compatibility modes selected: hs a


Circuit: ** sch_path: /users/rwalters/github/gf180-rcosc/.loom/worktrees/issue-16/design/pvt_tb.sch

Doing analysis at TEMP = 27.000000 and TNOM = 27.000000

Using SPARSE 1.3 as Direct Linear Solver

Initial Transient Solution
--------------------------

Node                                   Voltage
----                                   -------
vdd                                        3.3
xxdut.xxbias.xrba.11                   3.29924
xxdut.xxbias.xrba.21                   2.21916
xxdut.vh                               2.21841
xxdut.xxbias.xrbb.11                   2.21763
xxdut.xxbias.xrbb.21                    1.1135
xxdut.vl                               1.11273
xxdut.xxbias.xrbc.11                   1.11195
xxdut.xxbias.xrbc.21               0.000780303
xxdut.xxbias.xrbias.11                 3.29577
xxdut.xxbias.xrbias.21                 1.79082
xxdut.ibias                            1.78659
xxdut.xxtrim.xrfix.11                  3.29879
xxdut.xxtrim.xrfix.21                  3.00358
xxdut.xxtrim.c1                        3.00238
xxdut.xxtrim.xr0.11                    3.00118
xxdut.xxtrim.xr0.21                    2.98842
xxdut.xxtrim.c2                        2.98723
t0                                         3.3
xxdut.xxtrim.xr1.11                    2.98604
xxdut.xxtrim.xr1.21                    2.96078
xxdut.xxtrim.c3                        2.95959
t1                                         3.3
xxdut.xxtrim.xr2.11                    2.95844
xxdut.xxtrim.xr2.21                    2.90928
xxdut.xxtrim.c4                        2.90813
t2                                         3.3
xxdut.xxtrim.xr3.11                    2.90702
xxdut.xxtrim.xr3.21                    2.81294
xxdut.xxtrim.c5                        2.81184
t3                                         3.3
xxdut.xxtrim.xr4.11                    2.81076
xxdut.xxtrim.xr4.21                     2.6276
xxdut.xxtrim.c6                        2.62652
t4                                           0
xxdut.xxtrim.xr5.11                    2.62552
xxdut.xxtrim.xr5.21                    2.28287
xxdut.xxtrim.c7                        2.28186
t5                                         3.3
xxdut.xxtrim.xr6.11                    2.28132
xxdut.xxtrim.xr6.21                    1.91167
xxdut.xxtrim.c8                        1.91113
t6                                         3.3
xxdut.xxtrim.xr7.11                    1.91106
xxdut.xxtrim.xr7.21                    1.80745
xxdut.vc                               1.80738
t7                                         3.3
xxdut.xxcmph.tail                     0.531251
xxdut.xxcmph.dp                        3.00742
xxdut.xxcmph.dn                        0.76971
xxdut.cmph_out                     0.000874706
xxdut.xxcmpl.tail                     0.328501
xxdut.xxcmpl.dp                        3.29026
xxdut.xxcmpl.dn                       0.754454
xxdut.cmpl_out                      -0.0477233
clk                                 0.00185668
xxdut.qbar                             3.30089
xxdut.mid1                             3.30279
xxdut.mid2                             3.31701
vt7#branch                        -1.17225e-06
vt6#branch                        -2.47438e-05
vt5#branch                        -1.62106e-05
vt4#branch                         1.04072e-06
vt3#branch                        -1.32508e-05
vt2#branch                        -1.17414e-05
vt1#branch                        -7.42945e-06
vt0#branch                        -6.75623e-06
vdd#branch                        -0.000393589

 Reference value :  0.00000e+00
 Reference value :  7.19162e-08
 Reference value :  1.56356e-07
 Reference value :  2.31618e-07
 Reference value :  3.04965e-07
 Reference value :  3.79027e-07
 Reference value :  4.55518e-07
 Reference value :  5.31927e-07
 Reference value :  6.07989e-07
 Reference value :  6.92415e-07
 Reference value :  7.68607e-07
 Reference value :  8.44834e-07
 Reference value :  9.20511e-07
 Reference value :  1.00281e-06
 Reference value :  1.08528e-06
 Reference value :  1.16489e-06
No. of Data Rows : 6201
ta                  =  1.09416e-07
tb                  =  5.97335e-07
ta = 1.094164e-07
tb = 5.973347e-07
period = 2.439592e-08
fosc = 4.099047e+07
ngspice-46 done

Warning: m=xx on .subckt line will override multiplier m hierarchy!

Note: Starting dynamic gmin stepping
Warning: Dynamic gmin stepping failed
Note: Starting true gmin stepping
Warning: True gmin stepping failed
Note: Starting source stepping
Warning: singular matrix:  check node xxdut.vl

Warning: source stepping failed
Note: Transient op started
Note: Transient op finished successfully
