====================================================================
gf180-rcosc PVT corner run: ss_T+085C_V3p3_code0x80
run id      : 20260906T030219Z
process     : ss (fets=ss res=res_ss mimcap=mimcap_ss)
temperature : 85 C
supply      : 3.3 V
trim code   : 0x80 (128)
transient   : tran 200p 1200n, f = 20 periods / (t[rise=25] - t[rise=5])
wall clock  : 20.2 s
exit status : 0
====================================================================

Note: Compatibility modes selected: hs a


Circuit: ** sch_path: /users/rwalters/github/gf180-rcosc/.loom/worktrees/issue-16/design/pvt_tb.sch

Doing analysis at TEMP = 85.000000 and TNOM = 27.000000

Using SPARSE 1.3 as Direct Linear Solver

Initial Transient Solution
--------------------------

Node                                   Voltage
----                                   -------
vdd                                        3.3
xxdut.xxbias.xrba.11                   3.29944
xxdut.xxbias.xrba.21                   2.20056
xxdut.vh                                   2.2
xxdut.xxbias.xrbb.11                   2.19944
xxdut.xxbias.xrbb.21                   1.10056
xxdut.vl                                   1.1
xxdut.xxbias.xrbc.11                   1.09944
xxdut.xxbias.xrbc.21               0.000556713
xxdut.xxbias.xrbias.11                 3.29709
xxdut.xxbias.xrbias.21                 1.86274
xxdut.ibias                            1.85984
xxdut.xxtrim.xrfix.11                  3.29971
xxdut.xxtrim.xrfix.21                  3.20026
xxdut.xxtrim.c1                        3.19997
xxdut.xxtrim.xr0.11                    3.19967
xxdut.xxtrim.xr0.21                    3.19535
xxdut.xxtrim.c2                        3.19506
t0                                           0
xxdut.xxtrim.xr1.11                    3.19476
xxdut.xxtrim.xr1.21                    3.18611
xxdut.xxtrim.c3                        3.18582
t1                                           0
xxdut.xxtrim.xr2.11                    3.18552
xxdut.xxtrim.xr2.21                    3.16822
xxdut.xxtrim.c4                        3.16792
t2                                           0
xxdut.xxtrim.xr3.11                    3.16763
xxdut.xxtrim.xr3.21                    3.13302
xxdut.xxtrim.c5                        3.13273
t3                                           0
xxdut.xxtrim.xr4.11                    3.13243
xxdut.xxtrim.xr4.21                    3.06321
xxdut.xxtrim.c6                        3.06291
t4                                           0
xxdut.xxtrim.xr5.11                    3.06262
xxdut.xxtrim.xr5.21                    2.92417
xxdut.xxtrim.c7                        2.92387
t5                                           0
xxdut.xxtrim.xr6.11                    2.92358
xxdut.xxtrim.xr6.21                    2.64667
xxdut.xxtrim.c8                        2.64638
t6                                           0
xxdut.xxtrim.xr7.11                     2.6461
xxdut.xxtrim.xr7.21                    2.10974
xxdut.vc                               2.10946
t7                                         3.3
xxdut.xxcmph.tail                     0.665401
xxdut.xxcmph.dp                        1.48922
xxdut.xxcmph.dn                       0.966972
xxdut.cmph_out                         1.43677
xxdut.xxcmpl.tail                      0.38395
xxdut.xxcmpl.dp                        3.29932
xxdut.xxcmpl.dn                       0.647633
xxdut.cmpl_out                     5.30646e-09
clk                                   0.738444
xxdut.qbar                             1.38815
xxdut.mid1                             2.73282
xxdut.mid2                              3.1281
vt7#branch                                   0
vt6#branch                                   0
vt5#branch                                   0
vt4#branch                                   0
vt3#branch                                   0
vt2#branch                                   0
vt1#branch                                   0
vt0#branch                                   0
vdd#branch                        -0.000676037

 Reference value :  0.00000e+00
 Reference value :  7.96365e-08
 Reference value :  1.63025e-07
 Reference value :  2.45601e-07
 Reference value :  3.23409e-07
 Reference value :  4.08837e-07
 Reference value :  4.87993e-07
 Reference value :  5.68644e-07
 Reference value :  6.53546e-07
 Reference value :  7.35848e-07
 Reference value :  8.14309e-07
 Reference value :  8.99748e-07
 Reference value :  9.79509e-07
 Reference value :  1.06120e-06
 Reference value :  1.14478e-06
No. of Data Rows : 6279
ta                  =  1.30069e-07
tb                  =  7.48476e-07
ta = 1.300687e-07
tb = 7.484758e-07
period = 3.092035e-08
fosc = 3.234116e+07
ngspice-46 done

Warning: m=xx on .subckt line will override multiplier m hierarchy!

Note: Starting dynamic gmin stepping
Note: Dynamic gmin stepping completed
