====================================================================
gf180-rcosc PVT corner run: ss_T-040C_V3p3_code0xBF
run id      : 20260906T030219Z
process     : ss (fets=ss res=res_ss mimcap=mimcap_ss)
temperature : -40 C
supply      : 3.3 V
trim code   : 0xBF (191)
transient   : tran 200p 1200n, f = 20 periods / (t[rise=25] - t[rise=5])
wall clock  : 53.0 s
exit status : 0
====================================================================

Note: Compatibility modes selected: hs a


Circuit: ** sch_path: /users/rwalters/github/gf180-rcosc/.loom/worktrees/issue-16/design/pvt_tb.sch

Doing analysis at TEMP = -40.000000 and TNOM = 27.000000

Using SPARSE 1.3 as Direct Linear Solver

Initial Transient Solution
--------------------------

Node                                   Voltage
----                                   -------
vdd                                        3.3
xxdut.xxbias.xrba.11                   3.29878
xxdut.xxbias.xrba.21                   2.21436
xxdut.vh                               2.21314
xxdut.xxbias.xrbb.11                    2.2119
xxdut.xxbias.xrbb.21                   1.11332
xxdut.vl                               1.11209
xxdut.xxbias.xrbc.11                   1.11084
xxdut.xxbias.xrbc.21                0.00124925
xxdut.xxbias.xrbias.11                 3.29281
xxdut.xxbias.xrbias.21                 1.69739
xxdut.ibias                             1.6902
xxdut.xxtrim.xrfix.11                  3.29821
xxdut.xxtrim.xrfix.21                  3.02499
xxdut.xxtrim.c1                         3.0232
xxdut.xxtrim.xr0.11                    3.02142
xxdut.xxtrim.xr0.21                    3.00956
xxdut.xxtrim.c2                        3.00778
t0                                         3.3
xxdut.xxtrim.xr1.11                      3.006
xxdut.xxtrim.xr1.21                    2.98236
xxdut.xxtrim.c3                        2.98058
t1                                         3.3
xxdut.xxtrim.xr2.11                    2.97881
xxdut.xxtrim.xr2.21                    2.93166
xxdut.xxtrim.c4                        2.92988
t2                                         3.3
xxdut.xxtrim.xr3.11                    2.92811
xxdut.xxtrim.xr3.21                     2.8341
xxdut.xxtrim.c5                        2.83234
t3                                         3.3
xxdut.xxtrim.xr4.11                    2.83059
xxdut.xxtrim.xr4.21                      2.645
xxdut.xxtrim.c6                        2.64326
t4                                         3.3
xxdut.xxtrim.xr5.11                    2.64153
xxdut.xxtrim.xr5.21                    2.27351
xxdut.xxtrim.c7                        2.27178
t5                                         3.3
xxdut.xxtrim.xr6.11                    2.27009
xxdut.xxtrim.xr6.21                    1.55367
xxdut.xxtrim.c8                        1.55198
t6                                           0
xxdut.xxtrim.xr7.11                    1.55195
xxdut.xxtrim.xr7.21                    1.51899
xxdut.vc                               1.51896
t7                                         3.3
xxdut.xxcmph.tail                     0.432734
xxdut.xxcmph.dp                        3.27026
xxdut.xxcmph.dn                       0.645129
xxdut.cmph_out                     -0.00189164
xxdut.xxcmpl.tail                     0.193394
xxdut.xxcmpl.dp                        3.27395
xxdut.xxcmpl.dn                        1.09581
xxdut.cmpl_out                      -0.0261962
clk                                 0.00131264
xxdut.qbar                             3.30585
xxdut.mid1                             3.29463
xxdut.mid2                             3.31988
vt7#branch                         3.12728e-05
vt6#branch                        -8.12468e-07
vt5#branch                         2.64775e-07
vt4#branch                        -1.97536e-06
vt3#branch                         1.95369e-07
vt2#branch                         2.79253e-08
vt1#branch                         2.58536e-08
vt0#branch                         2.55875e-08
vdd#branch                        -0.000438324

 Reference value :  0.00000e+00
 Reference value :  8.13675e-08
 Reference value :  1.60290e-07
 Reference value :  2.37840e-07
 Reference value :  3.17098e-07
 Reference value :  3.95231e-07
 Reference value :  4.75925e-07
 Reference value :  5.60180e-07
 Reference value :  6.36584e-07
 Reference value :  7.16184e-07
 Reference value :  8.03544e-07
 Reference value :  8.87759e-07
 Reference value :  9.67249e-07
 Reference value :  1.05107e-06
 Reference value :  1.13681e-06
No. of Data Rows : 6286
ta                  =  1.62846e-07
tb                  =  8.85826e-07
ta = 1.628464e-07
tb = 8.858258e-07
period = 3.614897e-08
fosc = 2.766331e+07
ngspice-46 done

Warning: m=xx on .subckt line will override multiplier m hierarchy!

Note: Starting dynamic gmin stepping
Warning: Dynamic gmin stepping failed
Note: Starting true gmin stepping
Warning: True gmin stepping failed
Note: Starting source stepping
Warning: singular matrix:  check node xxdut.vl

Warning: source stepping failed
Note: Transient op started
Note: Transient op finished successfully
