====================================================================
gf180-rcosc PVT corner run: ss_T+085C_V3p6_code0x80
run id      : 20260906T030219Z
process     : ss (fets=ss res=res_ss mimcap=mimcap_ss)
temperature : 85 C
supply      : 3.6 V
trim code   : 0x80 (128)
transient   : tran 200p 1200n, f = 20 periods / (t[rise=25] - t[rise=5])
wall clock  : 19.0 s
exit status : 0
====================================================================

Note: Compatibility modes selected: hs a


Circuit: ** sch_path: /users/rwalters/github/gf180-rcosc/.loom/worktrees/issue-16/design/pvt_tb.sch

Doing analysis at TEMP = 85.000000 and TNOM = 27.000000

Using SPARSE 1.3 as Direct Linear Solver

Initial Transient Solution
--------------------------

Node                                   Voltage
----                                   -------
vdd                                        3.6
xxdut.xxbias.xrba.11                   3.59939
xxdut.xxbias.xrba.21                   2.40061
xxdut.vh                                   2.4
xxdut.xxbias.xrbb.11                   2.39939
xxdut.xxbias.xrbb.21                   1.20061
xxdut.vl                                   1.2
xxdut.xxbias.xrbc.11                   1.19939
xxdut.xxbias.xrbc.21               0.000607323
xxdut.xxbias.xrbias.11                 3.59668
xxdut.xxbias.xrbias.21                 1.95662
xxdut.ibias                             1.9533
xxdut.xxtrim.xrfix.11                  3.59967
xxdut.xxtrim.xrfix.21                  3.48837
xxdut.xxtrim.c1                        3.48804
xxdut.xxtrim.xr0.11                    3.48771
xxdut.xxtrim.xr0.21                    3.48287
xxdut.xxtrim.c2                        3.48254
t0                                           0
xxdut.xxtrim.xr1.11                    3.48221
xxdut.xxtrim.xr1.21                    3.47253
xxdut.xxtrim.c3                         3.4722
t1                                           0
xxdut.xxtrim.xr2.11                    3.47187
xxdut.xxtrim.xr2.21                     3.4525
xxdut.xxtrim.c4                        3.45217
t2                                           0
xxdut.xxtrim.xr3.11                    3.45185
xxdut.xxtrim.xr3.21                     3.4131
xxdut.xxtrim.c5                        3.41278
t3                                           0
xxdut.xxtrim.xr4.11                    3.41245
xxdut.xxtrim.xr4.21                    3.33497
xxdut.xxtrim.c6                        3.33464
t4                                           0
xxdut.xxtrim.xr5.11                    3.33431
xxdut.xxtrim.xr5.21                    3.17935
xxdut.xxtrim.c7                        3.17902
t5                                           0
xxdut.xxtrim.xr6.11                    3.17869
xxdut.xxtrim.xr6.21                    2.86876
xxdut.xxtrim.c8                        2.86843
t6                                           0
xxdut.xxtrim.xr7.11                    2.86813
xxdut.xxtrim.xr7.21                    2.30923
xxdut.vc                               2.30893
t7                                         3.6
xxdut.xxcmph.tail                     0.781265
xxdut.xxcmph.dp                         1.6266
xxdut.xxcmph.dn                        1.11964
xxdut.cmph_out                         1.56778
xxdut.xxcmpl.tail                     0.449618
xxdut.xxcmpl.dp                        3.59913
xxdut.xxcmpl.dn                       0.739813
xxdut.cmpl_out                      5.8317e-09
clk                                   0.744432
xxdut.qbar                             1.50489
xxdut.mid1                             2.93339
xxdut.mid2                             3.39121
vt7#branch                                   0
vt6#branch                                   0
vt5#branch                                   0
vt4#branch                                   0
vt3#branch                                   0
vt2#branch                                   0
vt1#branch                                   0
vt0#branch                                   0
vdd#branch                        -0.000829674

 Reference value :  0.00000e+00
 Reference value :  7.71315e-08
 Reference value :  1.56995e-07
 Reference value :  2.42321e-07
 Reference value :  3.22291e-07
 Reference value :  4.03997e-07
 Reference value :  4.82811e-07
 Reference value :  5.67627e-07
 Reference value :  6.51779e-07
 Reference value :  7.34499e-07
 Reference value :  8.16931e-07
 Reference value :  9.04159e-07
 Reference value :  9.86377e-07
 Reference value :  1.07144e-06
 Reference value :  1.15493e-06
No. of Data Rows : 6267
ta                  =  1.23632e-07
tb                  =  7.14982e-07
ta = 1.236323e-07
tb = 7.149818e-07
period = 2.956747e-08
fosc = 3.382095e+07
ngspice-46 done

Warning: m=xx on .subckt line will override multiplier m hierarchy!

Note: Starting dynamic gmin stepping
Note: Dynamic gmin stepping completed
