====================================================================
gf180-rcosc PVT corner run: ss_T-040C_V3p3_code0xF0
run id      : 20260906T030219Z
process     : ss (fets=ss res=res_ss mimcap=mimcap_ss)
temperature : -40 C
supply      : 3.3 V
trim code   : 0xF0 (240)
transient   : tran 200p 1200n, f = 20 periods / (t[rise=25] - t[rise=5])
wall clock  : 58.1 s
exit status : 0
====================================================================

Note: Compatibility modes selected: hs a


Circuit: ** sch_path: /users/rwalters/github/gf180-rcosc/.loom/worktrees/issue-16/design/pvt_tb.sch

Doing analysis at TEMP = -40.000000 and TNOM = 27.000000

Using SPARSE 1.3 as Direct Linear Solver

Initial Transient Solution
--------------------------

Node                                   Voltage
----                                   -------
vdd                                        3.3
xxdut.xxbias.xrba.11                   3.29877
xxdut.xxbias.xrba.21                   2.20695
xxdut.vh                               2.20572
xxdut.xxbias.xrbb.11                   2.20448
xxdut.xxbias.xrbb.21                    1.1041
xxdut.vl                               1.10286
xxdut.xxbias.xrbc.11                   1.10162
xxdut.xxbias.xrbc.21                0.00123889
xxdut.xxbias.xrbias.11                 3.29281
xxdut.xxbias.xrbias.21                 1.69648
xxdut.ibias                            1.68929
xxdut.xxtrim.xrfix.11                  3.29936
xxdut.xxtrim.xrfix.21                  3.20094
xxdut.xxtrim.c1                        3.20029
xxdut.xxtrim.xr0.11                    3.19964
xxdut.xxtrim.xr0.21                    3.19529
xxdut.xxtrim.c2                        3.19464
t0                                           0
xxdut.xxtrim.xr1.11                    3.19401
xxdut.xxtrim.xr1.21                     3.1856
xxdut.xxtrim.c3                        3.18497
t1                                           0
xxdut.xxtrim.xr2.11                    3.18434
xxdut.xxtrim.xr2.21                    3.16783
xxdut.xxtrim.c4                        3.16721
t2                                           0
xxdut.xxtrim.xr3.11                    3.16654
xxdut.xxtrim.xr3.21                    3.13123
xxdut.xxtrim.c5                        3.13057
t3                                           0
xxdut.xxtrim.xr4.11                    3.12994
xxdut.xxtrim.xr4.21                    3.06302
xxdut.xxtrim.c6                        3.06239
t4                                         3.3
xxdut.xxtrim.xr5.11                    3.06176
xxdut.xxtrim.xr5.21                    2.92713
xxdut.xxtrim.c7                         2.9265
t5                                         3.3
xxdut.xxtrim.xr6.11                    2.92587
xxdut.xxtrim.xr6.21                    2.66054
xxdut.xxtrim.c8                        2.65991
t6                                         3.3
xxdut.xxtrim.xr7.11                    2.65931
xxdut.xxtrim.xr7.21                    2.14853
xxdut.vc                               2.14792
t7                                         3.3
xxdut.xxcmph.tail                     0.692076
xxdut.xxcmph.dp                         2.6033
xxdut.xxcmph.dn                        1.02027
xxdut.cmph_out                      0.00972462
xxdut.xxcmpl.tail                     0.407942
xxdut.xxcmpl.dp                        3.29291
xxdut.xxcmpl.dn                       0.635947
xxdut.cmpl_out                      -0.0477245
clk                                  0.0177847
xxdut.qbar                             3.30115
xxdut.mid1                              3.3275
xxdut.mid2                             3.28537
vt7#branch                        -2.02659e-06
vt6#branch                        -1.86643e-05
vt5#branch                         -4.6896e-06
vt4#branch                         2.85048e-05
vt3#branch                        -2.28643e-06
vt2#branch                        -3.58652e-07
vt1#branch                        -2.46688e-07
vt0#branch                        -1.60556e-07
vdd#branch                        -0.000394907

 Reference value :  0.00000e+00
 Reference value :  6.87893e-08
 Reference value :  1.42752e-07
 Reference value :  2.17844e-07
 Reference value :  2.94368e-07
 Reference value :  3.71351e-07
 Reference value :  4.40766e-07
 Reference value :  5.16960e-07
 Reference value :  5.89034e-07
 Reference value :  6.65351e-07
 Reference value :  7.41676e-07
 Reference value :  8.14181e-07
 Reference value :  8.85876e-07
 Reference value :  9.62437e-07
 Reference value :  1.03760e-06
 Reference value :  1.11410e-06
 Reference value :  1.18965e-06
No. of Data Rows : 6340
ta                  =  1.09265e-07
tb                  =  6.36146e-07
ta = 1.092648e-07
tb = 6.361465e-07
period = 2.634408e-08
fosc = 3.795919e+07
ngspice-46 done

Warning: m=xx on .subckt line will override multiplier m hierarchy!

Note: Starting dynamic gmin stepping
Warning: Dynamic gmin stepping failed
Note: Starting true gmin stepping
Warning: True gmin stepping failed
Note: Starting source stepping
Warning: singular matrix:  check node xxdut.vl

Warning: source stepping failed
Note: Transient op started
Note: Transient op finished successfully
