====================================================================
gf180-rcosc PVT corner run: tt_T+085C_V3p0_code0x9F
run id      : 20260906T030219Z
process     : tt (fets=typical res=res_typical mimcap=mimcap_typical)
temperature : 85 C
supply      : 3 V
trim code   : 0x9F (159)
transient   : tran 200p 1200n, f = 20 periods / (t[rise=25] - t[rise=5])
wall clock  : 12.1 s
exit status : 0
====================================================================

Note: Compatibility modes selected: hs a


Circuit: ** sch_path: /users/rwalters/github/gf180-rcosc/.loom/worktrees/issue-16/design/pvt_tb.sch

Doing analysis at TEMP = 85.000000 and TNOM = 27.000000

Using SPARSE 1.3 as Direct Linear Solver

Initial Transient Solution
--------------------------

Node                                   Voltage
----                                   -------
vdd                                          3
xxdut.xxbias.xrba.11                   2.99939
xxdut.xxbias.xrba.21                   2.00061
xxdut.vh                                     2
xxdut.xxbias.xrbb.11                   1.99939
xxdut.xxbias.xrbb.21                   1.00061
xxdut.vl                                     1
xxdut.xxbias.xrbc.11                  0.999393
xxdut.xxbias.xrbc.21                 0.0006072
xxdut.xxbias.xrbias.11                 2.99692
xxdut.xxbias.xrbias.21                 1.73208
xxdut.ibias                            1.72901
xxdut.xxtrim.xrfix.11                  2.99964
xxdut.xxtrim.xrfix.21                  2.89777
xxdut.xxtrim.c1                        2.89741
xxdut.xxtrim.xr0.11                    2.89705
xxdut.xxtrim.xr0.21                    2.89262
xxdut.xxtrim.c2                        2.89226
t0                                           3
xxdut.xxtrim.xr1.11                     2.8919
xxdut.xxtrim.xr1.21                    2.88304
xxdut.xxtrim.c3                        2.88268
t1                                           3
xxdut.xxtrim.xr2.11                    2.88232
xxdut.xxtrim.xr2.21                    2.86459
xxdut.xxtrim.c4                        2.86423
t2                                           3
xxdut.xxtrim.xr3.11                    2.86387
xxdut.xxtrim.xr3.21                    2.82842
xxdut.xxtrim.c5                        2.82806
t3                                           3
xxdut.xxtrim.xr4.11                     2.8277
xxdut.xxtrim.xr4.21                    2.75679
xxdut.xxtrim.c6                        2.75642
t4                                           3
xxdut.xxtrim.xr5.11                    2.75606
xxdut.xxtrim.xr5.21                    2.61424
xxdut.xxtrim.c7                        2.61388
t5                                           0
xxdut.xxtrim.xr6.11                    2.61352
xxdut.xxtrim.xr6.21                    2.32988
xxdut.xxtrim.c8                        2.32952
t6                                           0
xxdut.xxtrim.xr7.11                    2.32923
xxdut.xxtrim.xr7.21                    1.87796
xxdut.vc                               1.87768
t7                                           3
xxdut.xxcmph.tail                     0.596747
xxdut.xxcmph.dp                        1.34694
xxdut.xxcmph.dn                        0.85226
xxdut.cmph_out                          1.2948
xxdut.xxcmpl.tail                     0.339911
xxdut.xxcmpl.dp                        2.99705
xxdut.xxcmpl.dn                       0.584525
xxdut.cmpl_out                     4.83141e-09
clk                                   0.639927
xxdut.qbar                             1.25048
xxdut.mid1                             2.45798
xxdut.mid2                             2.82937
vt7#branch                                   0
vt6#branch                                   0
vt5#branch                                   0
vt4#branch                                   0
vt3#branch                                   0
vt2#branch                                   0
vt1#branch                                   0
vt0#branch                                   0
vdd#branch                        -0.000688384

 Reference value :  0.00000e+00
 Reference value :  7.42763e-08
 Reference value :  1.46782e-07
 Reference value :  2.24752e-07
 Reference value :  3.01983e-07
 Reference value :  3.77361e-07
 Reference value :  4.56837e-07
 Reference value :  5.35834e-07
 Reference value :  6.11002e-07
 Reference value :  6.89820e-07
 Reference value :  7.69482e-07
 Reference value :  8.44650e-07
 Reference value :  9.22871e-07
 Reference value :  1.00119e-06
 Reference value :  1.08219e-06
 Reference value :  1.16023e-06
No. of Data Rows : 6247
ta                  =  9.73025e-08
tb                  =  5.60448e-07
ta = 9.730250e-08
tb = 5.604483e-07
period = 2.315729e-08
fosc = 4.318295e+07
ngspice-46 done

Warning: m=xx on .subckt line will override multiplier m hierarchy!

Note: Starting dynamic gmin stepping
Note: Dynamic gmin stepping completed
