====================================================================
gf180-rcosc PVT corner run: tt_T-040C_V3p0_code0xBF
run id      : 20260906T030219Z
process     : tt (fets=typical res=res_typical mimcap=mimcap_typical)
temperature : -40 C
supply      : 3 V
trim code   : 0xBF (191)
transient   : tran 200p 1200n, f = 20 periods / (t[rise=25] - t[rise=5])
wall clock  : 13.2 s
exit status : 0
====================================================================

Note: Compatibility modes selected: hs a


Circuit: ** sch_path: /users/rwalters/github/gf180-rcosc/.loom/worktrees/issue-16/design/pvt_tb.sch

Doing analysis at TEMP = -40.000000 and TNOM = 27.000000

Using SPARSE 1.3 as Direct Linear Solver

Initial Transient Solution
--------------------------

Node                                   Voltage
----                                   -------
vdd                                          3
xxdut.xxbias.xrba.11                   2.99865
xxdut.xxbias.xrba.21                   2.00135
xxdut.vh                                     2
xxdut.xxbias.xrbb.11                   1.99865
xxdut.xxbias.xrbb.21                   1.00135
xxdut.vl                                     1
xxdut.xxbias.xrbc.11                  0.998653
xxdut.xxbias.xrbc.21                 0.0013474
xxdut.xxbias.xrbias.11                 2.99234
xxdut.xxbias.xrbias.21                 1.57463
xxdut.ibias                            1.56697
xxdut.xxtrim.xrfix.11                  2.99933
xxdut.xxtrim.xrfix.21                  2.91458
xxdut.xxtrim.c1                        2.91391
xxdut.xxtrim.xr0.11                    2.91325
xxdut.xxtrim.xr0.21                    2.90956
xxdut.xxtrim.c2                         2.9089
t0                                           3
xxdut.xxtrim.xr1.11                    2.90823
xxdut.xxtrim.xr1.21                    2.90086
xxdut.xxtrim.c3                        2.90019
t1                                           3
xxdut.xxtrim.xr2.11                    2.89952
xxdut.xxtrim.xr2.21                    2.88478
xxdut.xxtrim.c4                        2.88411
t2                                           3
xxdut.xxtrim.xr3.11                    2.88344
xxdut.xxtrim.xr3.21                    2.85394
xxdut.xxtrim.c5                        2.85328
t3                                           3
xxdut.xxtrim.xr4.11                    2.85261
xxdut.xxtrim.xr4.21                    2.79361
xxdut.xxtrim.c6                        2.79295
t4                                           3
xxdut.xxtrim.xr5.11                    2.79228
xxdut.xxtrim.xr5.21                    2.67429
xxdut.xxtrim.c7                        2.67362
t5                                           3
xxdut.xxtrim.xr6.11                    2.67295
xxdut.xxtrim.xr6.21                    2.43696
xxdut.xxtrim.c8                        2.43629
t6                                           0
xxdut.xxtrim.xr7.11                    2.43563
xxdut.xxtrim.xr7.21                    1.96382
xxdut.vc                               1.96316
t7                                           3
xxdut.xxcmph.tail                     0.631217
xxdut.xxcmph.dp                        1.34316
xxdut.xxcmph.dn                       0.908076
xxdut.cmph_out                         1.29892
xxdut.xxcmpl.tail                     0.354899
xxdut.xxcmpl.dp                        2.99999
xxdut.xxcmpl.dn                       0.552546
xxdut.cmpl_out                     3.03766e-09
clk                                    0.74899
xxdut.qbar                             1.26307
xxdut.mid1                             2.54004
xxdut.mid2                             2.86001
vt7#branch                                   0
vt6#branch                                   0
vt5#branch                                   0
vt4#branch                                   0
vt3#branch                                   0
vt2#branch                                   0
vt1#branch                                   0
vt0#branch                                   0
vdd#branch                        -0.000789159

 Reference value :  0.00000e+00
 Reference value :  6.79045e-08
 Reference value :  1.43559e-07
 Reference value :  2.13954e-07
 Reference value :  2.86729e-07
 Reference value :  3.60274e-07
 Reference value :  4.30835e-07
 Reference value :  5.05008e-07
 Reference value :  5.84989e-07
 Reference value :  6.60044e-07
 Reference value :  7.34779e-07
 Reference value :  8.09092e-07
 Reference value :  8.87805e-07
 Reference value :  9.62943e-07
 Reference value :  1.03772e-06
 Reference value :  1.11513e-06
 Reference value :  1.19129e-06
No. of Data Rows : 6331
ta                  =  1.16177e-07
tb                  =  6.67304e-07
ta = 1.161773e-07
tb = 6.673042e-07
period = 2.755634e-08
fosc = 3.628928e+07
ngspice-46 done

Warning: m=xx on .subckt line will override multiplier m hierarchy!

Note: Starting dynamic gmin stepping
Note: Dynamic gmin stepping completed
