====================================================================
gf180-rcosc PVT corner run: tt_T-040C_V3p3_code0x9F
run id      : 20260906T030219Z
process     : tt (fets=typical res=res_typical mimcap=mimcap_typical)
temperature : -40 C
supply      : 3.3 V
trim code   : 0x9F (159)
transient   : tran 200p 1200n, f = 20 periods / (t[rise=25] - t[rise=5])
wall clock  : 12.8 s
exit status : 0
====================================================================

Note: Compatibility modes selected: hs a


Circuit: ** sch_path: /users/rwalters/github/gf180-rcosc/.loom/worktrees/issue-16/design/pvt_tb.sch

Doing analysis at TEMP = -40.000000 and TNOM = 27.000000

Using SPARSE 1.3 as Direct Linear Solver

Initial Transient Solution
--------------------------

Node                                   Voltage
----                                   -------
vdd                                        3.3
xxdut.xxbias.xrba.11                   3.29852
xxdut.xxbias.xrba.21                   2.20148
xxdut.vh                                   2.2
xxdut.xxbias.xrbb.11                   2.19852
xxdut.xxbias.xrbb.21                   1.10148
xxdut.vl                                   1.1
xxdut.xxbias.xrbc.11                   1.09852
xxdut.xxbias.xrbc.21                0.00148214
xxdut.xxbias.xrbias.11                 3.29113
xxdut.xxbias.xrbias.21                  1.6497
xxdut.ibias                            1.64083
xxdut.xxtrim.xrfix.11                  3.29927
xxdut.xxtrim.xrfix.21                  3.20686
xxdut.xxtrim.c1                        3.20613
xxdut.xxtrim.xr0.11                     3.2054
xxdut.xxtrim.xr0.21                    3.20138
xxdut.xxtrim.c2                        3.20066
t0                                         3.3
xxdut.xxtrim.xr1.11                    3.19993
xxdut.xxtrim.xr1.21                    3.19189
xxdut.xxtrim.c3                        3.19116
t1                                         3.3
xxdut.xxtrim.xr2.11                    3.19044
xxdut.xxtrim.xr2.21                    3.17435
xxdut.xxtrim.c4                        3.17363
t2                                         3.3
xxdut.xxtrim.xr3.11                     3.1729
xxdut.xxtrim.xr3.21                    3.14074
xxdut.xxtrim.c5                        3.14001
t3                                         3.3
xxdut.xxtrim.xr4.11                    3.13928
xxdut.xxtrim.xr4.21                    3.07495
xxdut.xxtrim.c6                        3.07422
t4                                         3.3
xxdut.xxtrim.xr5.11                     3.0735
xxdut.xxtrim.xr5.21                    2.94483
xxdut.xxtrim.c7                         2.9441
t5                                           0
xxdut.xxtrim.xr6.11                    2.94338
xxdut.xxtrim.xr6.21                    2.68604
xxdut.xxtrim.c8                        2.68531
t6                                           0
xxdut.xxtrim.xr7.11                    2.68459
xxdut.xxtrim.xr7.21                    2.17142
xxdut.vc                                2.1707
t7                                         3.3
xxdut.xxcmph.tail                     0.766921
xxdut.xxcmph.dp                         1.4763
xxdut.xxcmph.dn                        1.09297
xxdut.cmph_out                         1.42476
xxdut.xxcmpl.tail                     0.427952
xxdut.xxcmpl.dp                        3.29999
xxdut.xxcmpl.dn                       0.647135
xxdut.cmpl_out                     3.34649e-09
clk                                   0.751813
xxdut.qbar                             1.37252
xxdut.mid1                             2.74023
xxdut.mid2                                3.12
vt7#branch                                   0
vt6#branch                                   0
vt5#branch                                   0
vt4#branch                                   0
vt3#branch                                   0
vt2#branch                                   0
vt1#branch                                   0
vt0#branch                                   0
vdd#branch                        -0.000993094

 Reference value :  0.00000e+00
 Reference value :  7.20581e-08
 Reference value :  1.46303e-07
 Reference value :  2.21353e-07
 Reference value :  2.99445e-07
 Reference value :  3.79649e-07
 Reference value :  4.56159e-07
 Reference value :  5.29672e-07
 Reference value :  6.07043e-07
 Reference value :  6.79328e-07
 Reference value :  7.55410e-07
 Reference value :  8.29640e-07
 Reference value :  9.03345e-07
 Reference value :  9.75631e-07
 Reference value :  1.05285e-06
 Reference value :  1.13132e-06
No. of Data Rows : 6360
ta                  =  1.11074e-07
tb                  =  6.49112e-07
ta = 1.110737e-07
tb = 6.491125e-07
period = 2.690194e-08
fosc = 3.717204e+07
ngspice-46 done

Warning: m=xx on .subckt line will override multiplier m hierarchy!

Note: Starting dynamic gmin stepping
Warning: Dynamic gmin stepping failed
Note: Starting true gmin stepping
Note: True gmin stepping completed
