====================================================================
gf180-rcosc PVT corner run: ff_T-040C_V3p6_code0x26
run id      : 20260923T030125Z
process     : ff (fets=ff res=res_ff mimcap=mimcap_ff)
temperature : -40 C
supply      : 3.6 V
trim code   : 0x26 (38)
transient   : tran 200p 1200n, f = 20 periods / (t[rise=25] - t[rise=5])
wall clock  : 4.5 s
exit status : 0
====================================================================

Note: No compatibility mode selected!


Circuit: ** sch_path: /home/ubuntu/github/gf180-rcosc/.loom/worktrees/issue-57/design/pvt_tb.sch

Doing analysis at TEMP = -40.000000 and TNOM = 27.000000

Using SPARSE 1.3 as Direct Linear Solver

Initial Transient Solution
--------------------------

Node                                   Voltage
----                                   -------
vdd                                        3.6
xxdut.xxbias.xrba.11                   3.59798
xxdut.xxbias.xrba.21                   2.40202
xxdut.vh                                   2.4
xxdut.xxbias.xrbb.11                   2.39798
xxdut.xxbias.xrbb.21                   1.20202
xxdut.vl                                   1.2
xxdut.xxbias.xrbc.11                   1.19798
xxdut.xxbias.xrbc.21                0.00201975
xxdut.ibias                           0.907076
xxdut.pb                                2.4671
xxdut.xxbias.n2s                      0.159224
xxdut.xxbias.xrz.11                   0.158392
xxdut.xxbias.xrz.21                0.000831531
xxdut.xxtrim.xrfix.11                   3.5989
xxdut.xxtrim.xrfix.21                  3.48734
xxdut.xxtrim.c1                        3.48624
xxdut.xxtrim.xr0.11                    3.48515
xxdut.xxtrim.xr0.21                    3.48029
xxdut.xxtrim.c2                         3.4792
t0                                           0
xxdut.xxtrim.tb0                           3.6
xxdut.xxtrim.xr1.11                    3.47897
xxdut.xxtrim.xr1.21                    3.47698
xxdut.xxtrim.c3                        3.47675
t1                                         3.6
xxdut.xxtrim.tb1                   4.02941e-09
xxdut.xxtrim.xr2.11                    3.47658
xxdut.xxtrim.xr2.21                    3.47348
xxdut.xxtrim.c4                         3.4733
t2                                         3.6
xxdut.xxtrim.tb2                   4.02941e-09
xxdut.xxtrim.xr3.11                    3.47221
xxdut.xxtrim.xr3.21                    3.43338
xxdut.xxtrim.c5                        3.43228
t3                                           0
xxdut.xxtrim.tb3                           3.6
xxdut.xxtrim.xr4.11                    3.43118
xxdut.xxtrim.xr4.21                    3.35352
xxdut.xxtrim.c6                        3.35242
t4                                           0
xxdut.xxtrim.tb4                           3.6
xxdut.xxtrim.xr5.11                    3.35236
xxdut.xxtrim.xr5.21                    3.34287
xxdut.xxtrim.c7                         3.3428
t5                                         3.6
xxdut.xxtrim.tb5                   4.02941e-09
xxdut.xxtrim.xr6.11                    3.34171
xxdut.xxtrim.xr6.21                    3.03105
xxdut.xxtrim.c8                        3.02995
t6                                           0
xxdut.xxtrim.tb6                           3.6
xxdut.xxtrim.xr7.11                    3.02886
xxdut.xxtrim.xr7.21                    2.40754
xxdut.vc                               2.40644
t7                                           0
xxdut.xxtrim.tb7                           3.6
xxdut.xxcmph.tail                       1.1835
xxdut.xxcmph.dp                        1.60613
xxdut.xxcmph.dn                        2.00641
xxdut.cmph_out                         1.54198
xxdut.xxcmpl.tailp                     2.62573
xxdut.xxcmpl.dp                     1.0506e-08
xxdut.xxcmpl.dn                        1.00894
xxdut.xxcmpl.outb                          3.6
xxdut.cmpl_out                     4.02941e-09
clk                                   0.658502
xxdut.qbar                             1.46192
xxdut.mid1                             2.86101
xxdut.mid2                             3.33807
vt7#branch                                   0
vt6#branch                                   0
vt5#branch                                   0
vt4#branch                                   0
vt3#branch                                   0
vt2#branch                                   0
vt1#branch                                   0
vt0#branch                                   0
vdd#branch                        -0.000918646

 Reference value :  3.26362e-08
 Reference value :  1.48211e-07
 Reference value :  2.64800e-07
 Reference value :  3.75264e-07
 Reference value :  4.90457e-07
 Reference value :  6.02976e-07
 Reference value :  7.16557e-07
 Reference value :  8.32601e-07
 Reference value :  9.52378e-07
 Reference value :  1.06994e-06
 Reference value :  1.18967e-06
No. of Data Rows : 6374
ta                  =  1.09877e-07
tb                  =  6.36933e-07
ta = 1.098774e-07
tb = 6.369335e-07
period = 2.635280e-08
fosc = 3.794662e+07
ngspice-46 done

Note: Starting dynamic gmin stepping
Note: Dynamic gmin stepping completed
