====================================================================
gf180-rcosc PVT corner run: ff_T+085C_V3p3_code0x59
run id      : 20260923T030125Z
process     : ff (fets=ff res=res_ff mimcap=mimcap_ff)
temperature : 85 C
supply      : 3.3 V
trim code   : 0x59 (89)
transient   : tran 200p 1200n, f = 20 periods / (t[rise=25] - t[rise=5])
wall clock  : 3.3 s
exit status : 0
====================================================================

Note: No compatibility mode selected!


Circuit: ** sch_path: /home/ubuntu/github/gf180-rcosc/.loom/worktrees/issue-57/design/pvt_tb.sch

Doing analysis at TEMP = 85.000000 and TNOM = 27.000000

Using SPARSE 1.3 as Direct Linear Solver

Initial Transient Solution
--------------------------

Node                                   Voltage
----                                   -------
vdd                                        3.3
xxdut.xxbias.xrba.11                   3.29917
xxdut.xxbias.xrba.21                   2.20083
xxdut.vh                                   2.2
xxdut.xxbias.xrbb.11                   2.19917
xxdut.xxbias.xrbb.21                   1.10083
xxdut.vl                                   1.1
xxdut.xxbias.xrbc.11                   1.09917
xxdut.xxbias.xrbc.21               0.000834647
xxdut.ibias                           0.945178
xxdut.pb                               2.07822
xxdut.xxbias.n2s                      0.243483
xxdut.xxbias.xrz.11                   0.242907
xxdut.xxbias.xrz.21                0.000575481
xxdut.xxtrim.xrfix.11                  3.29943
xxdut.xxtrim.xrfix.21                  3.17056
xxdut.xxtrim.c1                        3.16999
xxdut.xxtrim.xr0.11                    3.16978
xxdut.xxtrim.xr0.21                    3.16779
xxdut.xxtrim.c2                        3.16759
t0                                         3.3
xxdut.xxtrim.tb0                   7.48846e-09
xxdut.xxtrim.xr1.11                    3.16702
xxdut.xxtrim.xr1.21                     3.1558
xxdut.xxtrim.c3                        3.15523
t1                                           0
xxdut.xxtrim.tb1                           3.3
xxdut.xxtrim.xr2.11                    3.15466
xxdut.xxtrim.xr2.21                    3.13224
xxdut.xxtrim.c4                        3.13167
t2                                           0
xxdut.xxtrim.tb2                           3.3
xxdut.xxtrim.xr3.11                    3.13155
xxdut.xxtrim.xr3.21                    3.12268
xxdut.xxtrim.c5                        3.12257
t3                                         3.3
xxdut.xxtrim.tb3                   7.48846e-09
xxdut.xxtrim.xr4.11                    3.12249
xxdut.xxtrim.xr4.21                    3.10962
xxdut.xxtrim.c6                        3.10954
t4                                         3.3
xxdut.xxtrim.tb4                   7.48846e-09
xxdut.xxtrim.xr5.11                    3.10897
xxdut.xxtrim.xr5.21                    2.92955
xxdut.xxtrim.c7                        2.92898
t5                                           0
xxdut.xxtrim.tb5                           3.3
xxdut.xxtrim.xr6.11                    2.92894
xxdut.xxtrim.xr6.21                    2.90598
xxdut.xxtrim.c8                        2.90595
t6                                         3.3
xxdut.xxtrim.tb6                   7.48846e-09
xxdut.xxtrim.xr7.11                    2.90538
xxdut.xxtrim.xr7.21                    2.18768
xxdut.vc                               2.18711
t7                                           0
xxdut.xxtrim.tb7                           3.3
xxdut.xxcmph.tail                      0.96133
xxdut.xxcmph.dp                        1.47739
xxdut.xxcmph.dn                        1.36286
xxdut.cmph_out                         1.41139
xxdut.xxcmpl.tailp                     2.53461
xxdut.xxcmpl.dp                    5.26274e-08
xxdut.xxcmpl.dn                        1.13212
xxdut.xxcmpl.outb                          3.3
xxdut.cmpl_out                     7.48846e-09
clk                                   0.554679
xxdut.qbar                             1.36584
xxdut.mid1                             2.58533
xxdut.mid2                             3.05846
vt7#branch                                   0
vt6#branch                                   0
vt5#branch                                   0
vt4#branch                                   0
vt3#branch                                   0
vt2#branch                                   0
vt1#branch                                   0
vt0#branch                                   0
vdd#branch                        -0.000782812

 Reference value :  3.46985e-08
 Reference value :  1.46142e-07
 Reference value :  2.62089e-07
 Reference value :  3.74129e-07
 Reference value :  4.86061e-07
 Reference value :  6.02815e-07
 Reference value :  7.14076e-07
 Reference value :  8.31522e-07
 Reference value :  9.48936e-07
 Reference value :  1.06367e-06
 Reference value :  1.18139e-06
No. of Data Rows : 6396
ta                  =  8.45692e-08
tb                  =  4.83494e-07
ta = 8.456920e-08
tb = 4.834940e-07
period = 1.994624e-08
fosc = 5.013476e+07
ngspice-46 done

Note: Starting dynamic gmin stepping
Note: Dynamic gmin stepping completed
