====================================================================
gf180-rcosc PVT corner run: ff_T+085C_V3p0_code0xA3
run id      : 20260923T030125Z
process     : ff (fets=ff res=res_ff mimcap=mimcap_ff)
temperature : 85 C
supply      : 3 V
trim code   : 0xA3 (163)
transient   : tran 200p 1200n, f = 20 periods / (t[rise=25] - t[rise=5])
wall clock  : 4.7 s
exit status : 0
====================================================================

Note: No compatibility mode selected!


Circuit: ** sch_path: /home/ubuntu/github/gf180-rcosc/.loom/worktrees/issue-57/design/pvt_tb.sch

Doing analysis at TEMP = 85.000000 and TNOM = 27.000000

Using SPARSE 1.3 as Direct Linear Solver

Initial Transient Solution
--------------------------

Node                                   Voltage
----                                   -------
vdd                                          3
xxdut.xxbias.xrba.11                   2.99924
xxdut.xxbias.xrba.21                   2.00076
xxdut.vh                                     2
xxdut.xxbias.xrbb.11                   1.99924
xxdut.xxbias.xrbb.21                   1.00076
xxdut.vl                                     1
xxdut.xxbias.xrbc.11                  0.999241
xxdut.xxbias.xrbc.21                0.00075877
xxdut.ibias                           0.929532
xxdut.pb                               1.79894
xxdut.xxbias.n2s                       0.23383
xxdut.xxbias.xrz.11                   0.233277
xxdut.xxbias.xrz.21                0.000552666
xxdut.xxtrim.xrfix.11                  2.99916
xxdut.xxtrim.xrfix.21                  2.80932
xxdut.xxtrim.c1                        2.80848
xxdut.xxtrim.xr0.11                    2.80817
xxdut.xxtrim.xr0.21                    2.80505
xxdut.xxtrim.c2                        2.80474
t0                                           3
xxdut.xxtrim.tb0                   7.03356e-09
xxdut.xxtrim.xr1.11                    2.80446
xxdut.xxtrim.xr1.21                    2.79898
xxdut.xxtrim.c3                         2.7987
t1                                           3
xxdut.xxtrim.tb1                   7.03356e-09
xxdut.xxtrim.xr2.11                    2.79786
xxdut.xxtrim.xr2.21                    2.76482
xxdut.xxtrim.c4                        2.76398
t2                                           0
xxdut.xxtrim.tb2                             3
xxdut.xxtrim.xr3.11                    2.76314
xxdut.xxtrim.xr3.21                    2.69707
xxdut.xxtrim.c5                        2.69623
t3                                           0
xxdut.xxtrim.tb3                             3
xxdut.xxtrim.xr4.11                    2.69539
xxdut.xxtrim.xr4.21                    2.56324
xxdut.xxtrim.c6                         2.5624
t4                                           0
xxdut.xxtrim.tb4                             3
xxdut.xxtrim.xr5.11                    2.56231
xxdut.xxtrim.xr5.21                    2.53352
xxdut.xxtrim.c7                        2.53343
t5                                           3
xxdut.xxtrim.tb5                   7.03356e-09
xxdut.xxtrim.xr6.11                    2.53259
xxdut.xxtrim.xr6.21                    2.00399
xxdut.xxtrim.c8                        2.00315
t6                                           0
xxdut.xxtrim.tb6                             3
xxdut.xxtrim.xr7.11                    2.00311
xxdut.xxtrim.xr7.21                    1.96282
xxdut.vc                               1.96278
t7                                           3
xxdut.xxtrim.tb7                   7.03356e-09
xxdut.xxcmph.tail                     0.795086
xxdut.xxcmph.dp                         1.3414
xxdut.xxcmph.dn                        1.11256
xxdut.cmph_out                         1.27333
xxdut.xxcmpl.tailp                     2.37224
xxdut.xxcmpl.dp                    6.16583e-07
xxdut.xxcmpl.dn                        1.10865
xxdut.xxcmpl.outb                            3
xxdut.cmpl_out                     7.03357e-09
clk                                   0.583097
xxdut.qbar                             1.23228
xxdut.mid1                             2.40612
xxdut.mid2                             2.79337
vt7#branch                                   0
vt6#branch                                   0
vt5#branch                                   0
vt4#branch                                   0
vt3#branch                                   0
vt2#branch                                   0
vt1#branch                                   0
vt0#branch                                   0
vdd#branch                        -0.000674874

 Reference value :  3.63130e-08
 Reference value :  1.30381e-07
 Reference value :  2.32504e-07
 Reference value :  3.26466e-07
 Reference value :  4.27664e-07
 Reference value :  5.33151e-07
 Reference value :  6.42086e-07
 Reference value :  7.57021e-07
 Reference value :  8.63899e-07
 Reference value :  9.69917e-07
 Reference value :  1.07475e-06
 Reference value :  1.18204e-06
No. of Data Rows : 6433
ta                  =  6.66056e-08
tb                  =  3.67417e-07
ta = 6.660560e-08
tb = 3.674174e-07
period = 1.504059e-08
fosc = 6.648675e+07
ngspice-46 done

Note: Starting dynamic gmin stepping
Note: Dynamic gmin stepping completed
