====================================================================
gf180-rcosc PVT corner run: ff_T-040C_V3p0_code0x59
run id      : 20260923T030125Z
process     : ff (fets=ff res=res_ff mimcap=mimcap_ff)
temperature : -40 C
supply      : 3 V
trim code   : 0x59 (89)
transient   : tran 200p 1200n, f = 20 periods / (t[rise=25] - t[rise=5])
wall clock  : 3.4 s
exit status : 0
====================================================================

Note: No compatibility mode selected!


Circuit: ** sch_path: /home/ubuntu/github/gf180-rcosc/.loom/worktrees/issue-57/design/pvt_tb.sch

Doing analysis at TEMP = -40.000000 and TNOM = 27.000000

Using SPARSE 1.3 as Direct Linear Solver

Initial Transient Solution
--------------------------

Node                                   Voltage
----                                   -------
vdd                                          3
xxdut.xxbias.xrba.11                   2.99832
xxdut.xxbias.xrba.21                   2.00168
xxdut.vh                                     2
xxdut.xxbias.xrbb.11                   1.99832
xxdut.xxbias.xrbb.21                   1.00168
xxdut.vl                                     1
xxdut.xxbias.xrbc.11                  0.998317
xxdut.xxbias.xrbc.21                0.00168312
xxdut.ibias                           0.871069
xxdut.pb                               1.92023
xxdut.xxbias.n2s                      0.137404
xxdut.xxbias.xrz.11                   0.136687
xxdut.xxbias.xrz.21                0.000717581
xxdut.xxtrim.xrfix.11                  2.99886
xxdut.xxtrim.xrfix.21                  2.88284
xxdut.xxtrim.c1                         2.8817
xxdut.xxtrim.xr0.11                    2.88142
xxdut.xxtrim.xr0.21                    2.88018
xxdut.xxtrim.c2                         2.8799
t0                                           3
xxdut.xxtrim.tb0                   2.85549e-09
xxdut.xxtrim.xr1.11                    2.87876
xxdut.xxtrim.xr1.21                    2.86866
xxdut.xxtrim.c3                        2.86752
t1                                           0
xxdut.xxtrim.tb1                             3
xxdut.xxtrim.xr2.11                    2.86638
xxdut.xxtrim.xr2.21                    2.84619
xxdut.xxtrim.c4                        2.84505
t2                                           0
xxdut.xxtrim.tb2                             3
xxdut.xxtrim.xr3.11                    2.84489
xxdut.xxtrim.xr3.21                    2.83902
xxdut.xxtrim.c5                        2.83885
t3                                           3
xxdut.xxtrim.tb3                   2.85549e-09
xxdut.xxtrim.xr4.11                    2.83873
xxdut.xxtrim.xr4.21                    2.83026
xxdut.xxtrim.c6                        2.83014
t4                                           3
xxdut.xxtrim.tb4                   2.85549e-09
xxdut.xxtrim.xr5.11                    2.82901
xxdut.xxtrim.xr5.21                    2.66747
xxdut.xxtrim.c7                        2.66633
t5                                           0
xxdut.xxtrim.tb5                             3
xxdut.xxtrim.xr6.11                    2.66628
xxdut.xxtrim.xr6.21                    2.65134
xxdut.xxtrim.c8                        2.65129
t6                                           3
xxdut.xxtrim.tb6                   2.85549e-09
xxdut.xxtrim.xr7.11                    2.65015
xxdut.xxtrim.xr7.21                      2.004
xxdut.vc                               2.00286
t7                                           0
xxdut.xxtrim.tb7                             3
xxdut.xxcmph.tail                     0.883013
xxdut.xxcmph.dp                        1.33545
xxdut.xxcmph.dn                        1.52593
xxdut.cmph_out                         1.28288
xxdut.xxcmpl.tailp                     2.29806
xxdut.xxcmpl.dp                    1.00611e-08
xxdut.xxcmpl.dn                       0.958549
xxdut.xxcmpl.outb                            3
xxdut.cmpl_out                     2.85549e-09
clk                                   0.662779
xxdut.qbar                             1.23634
xxdut.mid1                              2.4708
xxdut.mid2                              2.8226
vt7#branch                                   0
vt6#branch                                   0
vt5#branch                                   0
vt4#branch                                   0
vt3#branch                                   0
vt2#branch                                   0
vt1#branch                                   0
vt0#branch                                   0
vdd#branch                        -0.000596258

 Reference value :  0.00000e+00
 Reference value :  1.06592e-07
 Reference value :  2.16588e-07
 Reference value :  3.27439e-07
 Reference value :  4.44035e-07
 Reference value :  5.57407e-07
 Reference value :  6.72640e-07
 Reference value :  7.91203e-07
 Reference value :  9.09322e-07
 Reference value :  1.02490e-06
 Reference value :  1.14315e-06
No. of Data Rows : 6422
ta                  =  9.30573e-08
tb                  =  5.35126e-07
ta = 9.305728e-08
tb = 5.351257e-07
period = 2.210342e-08
fosc = 4.524187e+07
ngspice-46 done

Note: Starting dynamic gmin stepping
Warning: Dynamic gmin stepping failed
Note: Starting true gmin stepping
Note: True gmin stepping completed
