====================================================================
gf180-rcosc PVT corner run: ff_T+085C_V3p6_code0x26
run id      : 20260923T030125Z
process     : ff (fets=ff res=res_ff mimcap=mimcap_ff)
temperature : 85 C
supply      : 3.6 V
trim code   : 0x26 (38)
transient   : tran 200p 1200n, f = 20 periods / (t[rise=25] - t[rise=5])
wall clock  : 4.3 s
exit status : 0
====================================================================

Note: No compatibility mode selected!


Circuit: ** sch_path: /home/ubuntu/github/gf180-rcosc/.loom/worktrees/issue-57/design/pvt_tb.sch

Doing analysis at TEMP = 85.000000 and TNOM = 27.000000

Using SPARSE 1.3 as Direct Linear Solver

Initial Transient Solution
--------------------------

Node                                   Voltage
----                                   -------
vdd                                        3.6
xxdut.xxbias.xrba.11                   3.59909
xxdut.xxbias.xrba.21                   2.40091
xxdut.vh                                   2.4
xxdut.xxbias.xrbb.11                   2.39909
xxdut.xxbias.xrbb.21                   1.20091
xxdut.vl                                   1.2
xxdut.xxbias.xrbc.11                   1.19909
xxdut.xxbias.xrbc.21               0.000910524
xxdut.ibias                            0.96203
xxdut.pb                               2.35579
xxdut.xxbias.n2s                      0.253898
xxdut.xxbias.xrz.11                   0.253298
xxdut.xxbias.xrz.21                0.000600098
xxdut.xxtrim.xrfix.11                   3.5995
xxdut.xxtrim.xrfix.21                   3.4872
xxdut.xxtrim.c1                        3.48671
xxdut.xxtrim.xr0.11                    3.48621
xxdut.xxtrim.xr0.21                    3.48132
xxdut.xxtrim.c2                        3.48083
t0                                           0
xxdut.xxtrim.tb0                           3.6
xxdut.xxtrim.xr1.11                    3.48068
xxdut.xxtrim.xr1.21                    3.47775
xxdut.xxtrim.c3                        3.47761
t1                                         3.6
xxdut.xxtrim.tb1                   8.46588e-09
xxdut.xxtrim.xr2.11                    3.47749
xxdut.xxtrim.xr2.21                      3.473
xxdut.xxtrim.c4                        3.47288
t2                                         3.6
xxdut.xxtrim.tb2                   8.46588e-09
xxdut.xxtrim.xr3.11                    3.47239
xxdut.xxtrim.xr3.21                     3.4333
xxdut.xxtrim.c5                         3.4328
t3                                           0
xxdut.xxtrim.tb3                           3.6
xxdut.xxtrim.xr4.11                    3.43231
xxdut.xxtrim.xr4.21                    3.35413
xxdut.xxtrim.c6                        3.35364
t4                                           0
xxdut.xxtrim.tb4                           3.6
xxdut.xxtrim.xr5.11                    3.35359
xxdut.xxtrim.xr5.21                     3.3397
xxdut.xxtrim.c7                        3.33966
t5                                         3.6
xxdut.xxtrim.tb5                   8.46588e-09
xxdut.xxtrim.xr6.11                    3.33916
xxdut.xxtrim.xr6.21                    3.02646
xxdut.xxtrim.c8                        3.02596
t6                                           0
xxdut.xxtrim.tb6                           3.6
xxdut.xxtrim.xr7.11                    3.02547
xxdut.xxtrim.xr7.21                    2.40006
xxdut.vc                               2.39956
t7                                           0
xxdut.xxtrim.tb7                           3.6
xxdut.xxcmph.tail                      1.11834
xxdut.xxcmph.dp                        1.61492
xxdut.xxcmph.dn                        1.60986
xxdut.cmph_out                         1.54526
xxdut.xxcmpl.tailp                     2.69629
xxdut.xxcmpl.dp                    1.56637e-08
xxdut.xxcmpl.dn                        1.15682
xxdut.xxcmpl.outb                          3.6
xxdut.cmpl_out                     8.46589e-09
clk                                   0.544385
xxdut.qbar                             1.50911
xxdut.mid1                             2.77599
xxdut.mid2                             3.32543
vt7#branch                                   0
vt6#branch                                   0
vt5#branch                                   0
vt4#branch                                   0
vt3#branch                                   0
vt2#branch                                   0
vt1#branch                                   0
vt0#branch                                   0
vdd#branch                        -0.000904851

 Reference value :  3.99702e-08
 Reference value :  1.57338e-07
 Reference value :  2.72397e-07
 Reference value :  3.90547e-07
 Reference value :  5.10302e-07
 Reference value :  6.20758e-07
 Reference value :  7.36029e-07
 Reference value :  8.54038e-07
 Reference value :  9.66618e-07
 Reference value :  1.08995e-06
No. of Data Rows : 6351
ta                  =  1.01306e-07
tb                  =  5.80733e-07
ta = 1.013064e-07
tb = 5.807329e-07
period = 2.397133e-08
fosc = 4.171651e+07
ngspice-46 done

Note: Starting dynamic gmin stepping
Note: Dynamic gmin stepping completed
