====================================================================
gf180-rcosc PVT corner run: ff_T+085C_V3p0_code0x26
run id      : 20260923T030125Z
process     : ff (fets=ff res=res_ff mimcap=mimcap_ff)
temperature : 85 C
supply      : 3 V
trim code   : 0x26 (38)
transient   : tran 200p 1200n, f = 20 periods / (t[rise=25] - t[rise=5])
wall clock  : 4.3 s
exit status : 0
====================================================================

Note: No compatibility mode selected!


Circuit: ** sch_path: /home/ubuntu/github/gf180-rcosc/.loom/worktrees/issue-57/design/pvt_tb.sch

Doing analysis at TEMP = 85.000000 and TNOM = 27.000000

Using SPARSE 1.3 as Direct Linear Solver

Initial Transient Solution
--------------------------

Node                                   Voltage
----                                   -------
vdd                                          3
xxdut.xxbias.xrba.11                   2.99924
xxdut.xxbias.xrba.21                   2.00076
xxdut.vh                                     2
xxdut.xxbias.xrbb.11                   1.99924
xxdut.xxbias.xrbb.21                   1.00076
xxdut.vl                                     1
xxdut.xxbias.xrbc.11                  0.999241
xxdut.xxbias.xrbc.21                0.00075877
xxdut.ibias                           0.929532
xxdut.pb                               1.79894
xxdut.xxbias.n2s                       0.23383
xxdut.xxbias.xrz.11                   0.233277
xxdut.xxbias.xrz.21                0.000552666
xxdut.xxtrim.xrfix.11                  2.99957
xxdut.xxtrim.xrfix.21                  2.90273
xxdut.xxtrim.c1                         2.9023
xxdut.xxtrim.xr0.11                    2.90187
xxdut.xxtrim.xr0.21                    2.89766
xxdut.xxtrim.c2                        2.89723
t0                                           0
xxdut.xxtrim.tb0                             3
xxdut.xxtrim.xr1.11                    2.89709
xxdut.xxtrim.xr1.21                    2.89437
xxdut.xxtrim.c3                        2.89423
t1                                           3
xxdut.xxtrim.tb1                   7.03356e-09
xxdut.xxtrim.xr2.11                    2.89412
xxdut.xxtrim.xr2.21                    2.88989
xxdut.xxtrim.c4                        2.88979
t2                                           3
xxdut.xxtrim.tb2                   7.03356e-09
xxdut.xxtrim.xr3.11                    2.88936
xxdut.xxtrim.xr3.21                    2.85565
xxdut.xxtrim.c5                        2.85522
t3                                           0
xxdut.xxtrim.tb3                             3
xxdut.xxtrim.xr4.11                     2.8548
xxdut.xxtrim.xr4.21                    2.78738
xxdut.xxtrim.c6                        2.78695
t4                                           0
xxdut.xxtrim.tb4                             3
xxdut.xxtrim.xr5.11                    2.78691
xxdut.xxtrim.xr5.21                    2.77353
xxdut.xxtrim.c7                        2.77349
t5                                           3
xxdut.xxtrim.tb5                   7.03356e-09
xxdut.xxtrim.xr6.11                    2.77306
xxdut.xxtrim.xr6.21                     2.5034
xxdut.xxtrim.c8                        2.50297
t6                                           0
xxdut.xxtrim.tb6                             3
xxdut.xxtrim.xr7.11                    2.50255
xxdut.xxtrim.xr7.21                    1.96322
xxdut.vc                               1.96279
t7                                           0
xxdut.xxtrim.tb7                             3
xxdut.xxcmph.tail                     0.795087
xxdut.xxcmph.dp                        1.34115
xxdut.xxcmph.dn                        1.11256
xxdut.cmph_out                         1.28477
xxdut.xxcmpl.tailp                     2.37224
xxdut.xxcmpl.dp                    6.16411e-07
xxdut.xxcmpl.dn                        1.10865
xxdut.xxcmpl.outb                            3
xxdut.cmpl_out                     7.03357e-09
clk                                   0.537306
xxdut.qbar                             1.23951
xxdut.mid1                             2.37801
xxdut.mid2                             2.79516
vt7#branch                                   0
vt6#branch                                   0
vt5#branch                                   0
vt4#branch                                   0
vt3#branch                                   0
vt2#branch                                   0
vt1#branch                                   0
vt0#branch                                   0
vdd#branch                        -0.000661511

 Reference value :  4.55523e-08
 Reference value :  1.69279e-07
 Reference value :  2.88045e-07
 Reference value :  4.12353e-07
 Reference value :  5.37012e-07
 Reference value :  6.66419e-07
 Reference value :  7.94608e-07
 Reference value :  9.27193e-07
 Reference value :  1.04517e-06
 Reference value :  1.17303e-06
No. of Data Rows : 6210
ta                  =  9.85919e-08
tb                  =  5.71028e-07
ta = 9.859194e-08
tb = 5.710278e-07
period = 2.362179e-08
fosc = 4.233379e+07
ngspice-46 done

Note: Starting dynamic gmin stepping
Note: Dynamic gmin stepping completed
