====================================================================
gf180-rcosc PVT corner run: ff_T+027C_V3p6_code0xA3
run id      : 20260923T030125Z
process     : ff (fets=ff res=res_ff mimcap=mimcap_ff)
temperature : 27 C
supply      : 3.6 V
trim code   : 0xA3 (163)
transient   : tran 200p 1200n, f = 20 periods / (t[rise=25] - t[rise=5])
wall clock  : 4.5 s
exit status : 0
====================================================================

Note: No compatibility mode selected!


Circuit: ** sch_path: /home/ubuntu/github/gf180-rcosc/.loom/worktrees/issue-57/design/pvt_tb.sch

Doing analysis at TEMP = 27.000000 and TNOM = 27.000000

Using SPARSE 1.3 as Direct Linear Solver

Initial Transient Solution
--------------------------

Node                                   Voltage
----                                   -------
vdd                                        3.6
xxdut.xxbias.xrba.11                   3.59874
xxdut.xxbias.xrba.21                   2.40126
xxdut.vh                                   2.4
xxdut.xxbias.xrbb.11                   2.39874
xxdut.xxbias.xrbb.21                   1.20126
xxdut.vl                                   1.2
xxdut.xxbias.xrbc.11                   1.19874
xxdut.xxbias.xrbc.21                0.00126137
xxdut.ibias                           0.926402
xxdut.pb                               2.41761
xxdut.xxbias.n2s                      0.205078
xxdut.xxbias.xrz.11                   0.204408
xxdut.xxbias.xrz.21                 0.00067065
xxdut.xxtrim.xrfix.11                  3.59864
xxdut.xxtrim.xrfix.21                  3.37605
xxdut.xxtrim.c1                        3.37469
xxdut.xxtrim.xr0.11                    3.37428
xxdut.xxtrim.xr0.21                    3.37137
xxdut.xxtrim.c2                        3.37096
t0                                         3.6
xxdut.xxtrim.tb0                   5.00811e-09
xxdut.xxtrim.xr1.11                    3.37059
xxdut.xxtrim.xr1.21                    3.36543
xxdut.xxtrim.c3                        3.36507
t1                                         3.6
xxdut.xxtrim.tb1                   5.00811e-09
xxdut.xxtrim.xr2.11                     3.3637
xxdut.xxtrim.xr2.21                    3.32497
xxdut.xxtrim.c4                        3.32361
t2                                           0
xxdut.xxtrim.tb2                           3.6
xxdut.xxtrim.xr3.11                    3.32224
xxdut.xxtrim.xr3.21                    3.24477
xxdut.xxtrim.c5                        3.24341
t3                                           0
xxdut.xxtrim.tb3                           3.6
xxdut.xxtrim.xr4.11                    3.24204
xxdut.xxtrim.xr4.21                     3.0871
xxdut.xxtrim.c6                        3.08574
t4                                           0
xxdut.xxtrim.tb4                           3.6
xxdut.xxtrim.xr5.11                    3.08562
xxdut.xxtrim.xr5.21                    3.05989
xxdut.xxtrim.c7                        3.05978
t5                                         3.6
xxdut.xxtrim.tb5                   5.00811e-09
xxdut.xxtrim.xr6.11                    3.05841
xxdut.xxtrim.xr6.21                    2.43864
xxdut.xxtrim.c8                        2.43727
t6                                           0
xxdut.xxtrim.tb6                           3.6
xxdut.xxtrim.xr7.11                    2.43724
xxdut.xxtrim.xr7.21                    2.40632
xxdut.vc                               2.40628
t7                                         3.6
xxdut.xxtrim.tb7                   5.00811e-09
xxdut.xxcmph.tail                      1.16031
xxdut.xxcmph.dp                        1.60879
xxdut.xxcmph.dn                        1.81658
xxdut.cmph_out                         1.53162
xxdut.xxcmpl.tailp                     2.65608
xxdut.xxcmpl.dp                    1.14698e-08
xxdut.xxcmpl.dn                        1.07348
xxdut.xxcmpl.outb                          3.6
xxdut.cmpl_out                     5.00811e-09
clk                                   0.639383
xxdut.qbar                             1.46613
xxdut.mid1                             2.84104
xxdut.mid2                             3.32554
vt7#branch                                   0
vt6#branch                                   0
vt5#branch                                   0
vt4#branch                                   0
vt3#branch                                   0
vt2#branch                                   0
vt1#branch                                   0
vt0#branch                                   0
vdd#branch                        -0.000908524

 Reference value :  3.06798e-08
 Reference value :  1.27300e-07
 Reference value :  2.20001e-07
 Reference value :  3.18026e-07
 Reference value :  4.15558e-07
 Reference value :  5.17899e-07
 Reference value :  6.18283e-07
 Reference value :  7.23248e-07
 Reference value :  8.20578e-07
 Reference value :  9.23355e-07
 Reference value :  1.02429e-06
 Reference value :  1.11874e-06
No. of Data Rows : 6598
ta                  =  6.76855e-08
tb                  =  3.81266e-07
ta = 6.768546e-08
tb = 3.812660e-07
period = 1.567903e-08
fosc = 6.377947e+07
ngspice-46 done

Note: Starting dynamic gmin stepping
Note: Dynamic gmin stepping completed
