====================================================================
gf180-rcosc PVT corner run: ff_T+027C_V3p0_code0x59
run id      : 20260923T030125Z
process     : ff (fets=ff res=res_ff mimcap=mimcap_ff)
temperature : 27 C
supply      : 3 V
trim code   : 0x59 (89)
transient   : tran 200p 1200n, f = 20 periods / (t[rise=25] - t[rise=5])
wall clock  : 3.1 s
exit status : 0
====================================================================

Note: No compatibility mode selected!


Circuit: ** sch_path: /home/ubuntu/github/gf180-rcosc/.loom/worktrees/issue-57/design/pvt_tb.sch

Doing analysis at TEMP = 27.000000 and TNOM = 27.000000

Using SPARSE 1.3 as Direct Linear Solver

Initial Transient Solution
--------------------------

Node                                   Voltage
----                                   -------
vdd                                          3
xxdut.xxbias.xrba.11                   2.99895
xxdut.xxbias.xrba.21                   2.00105
xxdut.vh                                     2
xxdut.xxbias.xrbb.11                   1.99895
xxdut.xxbias.xrbb.21                   1.00105
xxdut.vl                                     1
xxdut.xxbias.xrbc.11                  0.998949
xxdut.xxbias.xrbc.21                0.00105114
xxdut.ibias                           0.892689
xxdut.pb                               1.86456
xxdut.xxbias.n2s                      0.184456
xxdut.xxbias.xrz.11                   0.183853
xxdut.xxbias.xrz.21                 0.00060321
xxdut.xxtrim.xrfix.11                  2.99929
xxdut.xxtrim.xrfix.21                  2.88327
xxdut.xxtrim.c1                        2.88256
xxdut.xxtrim.xr0.11                    2.88233
xxdut.xxtrim.xr0.21                    2.88072
xxdut.xxtrim.c2                        2.88049
t0                                           3
xxdut.xxtrim.tb0                   3.61327e-09
xxdut.xxtrim.xr1.11                    2.87978
xxdut.xxtrim.xr1.21                    2.86969
xxdut.xxtrim.c3                        2.86898
t1                                           0
xxdut.xxtrim.tb1                             3
xxdut.xxtrim.xr2.11                    2.86827
xxdut.xxtrim.xr2.21                    2.84808
xxdut.xxtrim.c4                        2.84737
t2                                           0
xxdut.xxtrim.tb2                             3
xxdut.xxtrim.xr3.11                    2.84724
xxdut.xxtrim.xr3.21                    2.83993
xxdut.xxtrim.c5                         2.8398
t3                                           3
xxdut.xxtrim.tb3                   3.61327e-09
xxdut.xxtrim.xr4.11                    2.83971
xxdut.xxtrim.xr4.21                    2.82913
xxdut.xxtrim.c6                        2.82903
t4                                           3
xxdut.xxtrim.tb4                   3.61327e-09
xxdut.xxtrim.xr5.11                    2.82832
xxdut.xxtrim.xr5.21                     2.6668
xxdut.xxtrim.c7                        2.66609
t5                                           0
xxdut.xxtrim.tb5                             3
xxdut.xxtrim.xr6.11                    2.66604
xxdut.xxtrim.xr6.21                    2.64718
xxdut.xxtrim.c8                        2.64714
t6                                           3
xxdut.xxtrim.tb6                   3.61327e-09
xxdut.xxtrim.xr7.11                    2.64643
xxdut.xxtrim.xr7.21                    2.00032
xxdut.vc                               1.99961
t7                                           0
xxdut.xxtrim.tb7                             3
xxdut.xxcmph.tail                     0.858125
xxdut.xxcmph.dp                         1.3371
xxdut.xxcmph.dn                        1.32495
xxdut.cmph_out                         1.28113
xxdut.xxcmpl.tailp                      2.3314
xxdut.xxcmpl.dp                    1.12552e-08
xxdut.xxcmpl.dn                         1.0252
xxdut.xxcmpl.outb                            3
xxdut.cmpl_out                     3.61327e-09
clk                                   0.600741
xxdut.qbar                               1.232
xxdut.mid1                             2.42455
xxdut.mid2                             2.80639
vt7#branch                                   0
vt6#branch                                   0
vt5#branch                                   0
vt4#branch                                   0
vt3#branch                                   0
vt2#branch                                   0
vt1#branch                                   0
vt0#branch                                   0
vdd#branch                        -0.000620854

 Reference value :  3.16900e-08
 Reference value :  1.49008e-07
 Reference value :  2.63496e-07
 Reference value :  3.80213e-07
 Reference value :  4.95836e-07
 Reference value :  6.11736e-07
 Reference value :  7.21584e-07
 Reference value :  8.40458e-07
 Reference value :  9.53216e-07
 Reference value :  1.06899e-06
 Reference value :  1.18052e-06
No. of Data Rows : 6313
ta                  =  8.77841e-08
tb                  =  5.06598e-07
ta = 8.778410e-08
tb = 5.065978e-07
period = 2.094069e-08
fosc = 4.775393e+07
ngspice-46 done

Note: Starting dynamic gmin stepping
Note: Dynamic gmin stepping completed
