====================================================================
gf180-rcosc PVT corner run: ff_T-040C_V3p6_code0x59
run id      : 20260923T030125Z
process     : ff (fets=ff res=res_ff mimcap=mimcap_ff)
temperature : -40 C
supply      : 3.6 V
trim code   : 0x59 (89)
transient   : tran 200p 1200n, f = 20 periods / (t[rise=25] - t[rise=5])
wall clock  : 3.6 s
exit status : 0
====================================================================

Note: No compatibility mode selected!


Circuit: ** sch_path: /home/ubuntu/github/gf180-rcosc/.loom/worktrees/issue-57/design/pvt_tb.sch

Doing analysis at TEMP = -40.000000 and TNOM = 27.000000

Using SPARSE 1.3 as Direct Linear Solver

Initial Transient Solution
--------------------------

Node                                   Voltage
----                                   -------
vdd                                        3.6
xxdut.xxbias.xrba.11                   3.59798
xxdut.xxbias.xrba.21                   2.40202
xxdut.vh                                   2.4
xxdut.xxbias.xrbb.11                   2.39798
xxdut.xxbias.xrbb.21                   1.20202
xxdut.vl                                   1.2
xxdut.xxbias.xrbc.11                   1.19798
xxdut.xxbias.xrbc.21                0.00201975
xxdut.ibias                           0.907076
xxdut.pb                                2.4671
xxdut.xxbias.n2s                      0.159224
xxdut.xxbias.xrz.11                   0.158392
xxdut.xxbias.xrz.21                0.000831531
xxdut.xxtrim.xrfix.11                  3.59863
xxdut.xxtrim.xrfix.21                  3.45931
xxdut.xxtrim.c1                        3.45795
xxdut.xxtrim.xr0.11                    3.45764
xxdut.xxtrim.xr0.21                    3.45626
xxdut.xxtrim.c2                        3.45595
t0                                         3.6
xxdut.xxtrim.tb0                   4.02941e-09
xxdut.xxtrim.xr1.11                    3.45458
xxdut.xxtrim.xr1.21                    3.44246
xxdut.xxtrim.c3                        3.44109
t1                                           0
xxdut.xxtrim.tb1                           3.6
xxdut.xxtrim.xr2.11                    3.43973
xxdut.xxtrim.xr2.21                    3.41548
xxdut.xxtrim.c4                        3.41411
t2                                           0
xxdut.xxtrim.tb2                           3.6
xxdut.xxtrim.xr3.11                    3.41393
xxdut.xxtrim.xr3.21                     3.4075
xxdut.xxtrim.c5                        3.40732
t3                                         3.6
xxdut.xxtrim.tb3                   4.02941e-09
xxdut.xxtrim.xr4.11                    3.40719
xxdut.xxtrim.xr4.21                    3.39796
xxdut.xxtrim.c6                        3.39783
t4                                         3.6
xxdut.xxtrim.tb4                   4.02941e-09
xxdut.xxtrim.xr5.11                    3.39647
xxdut.xxtrim.xr5.21                     3.2025
xxdut.xxtrim.c7                        3.20113
t5                                           0
xxdut.xxtrim.tb5                           3.6
xxdut.xxtrim.xr6.11                    3.20108
xxdut.xxtrim.xr6.21                    3.18509
xxdut.xxtrim.c8                        3.18504
t6                                         3.6
xxdut.xxtrim.tb6                   4.02941e-09
xxdut.xxtrim.xr7.11                    3.18367
xxdut.xxtrim.xr7.21                    2.40781
xxdut.vc                               2.40644
t7                                           0
xxdut.xxtrim.tb7                           3.6
xxdut.xxcmph.tail                       1.1835
xxdut.xxcmph.dp                        1.60617
xxdut.xxcmph.dn                        2.00641
xxdut.cmph_out                         1.53964
xxdut.xxcmpl.tailp                     2.62573
xxdut.xxcmpl.dp                     1.0506e-08
xxdut.xxcmpl.dn                        1.00894
xxdut.xxcmpl.outb                          3.6
xxdut.cmpl_out                     4.02941e-09
clk                                   0.669756
xxdut.qbar                             1.46096
xxdut.mid1                             2.86795
xxdut.mid2                             3.33784
vt7#branch                                   0
vt6#branch                                   0
vt5#branch                                   0
vt4#branch                                   0
vt3#branch                                   0
vt2#branch                                   0
vt1#branch                                   0
vt0#branch                                   0
vdd#branch                        -0.000921945

 Reference value :  2.63494e-08
 Reference value :  1.34114e-07
 Reference value :  2.43233e-07
 Reference value :  3.53673e-07
 Reference value :  4.60926e-07
 Reference value :  5.70371e-07
 Reference value :  6.81021e-07
 Reference value :  7.96604e-07
 Reference value :  9.18757e-07
 Reference value :  1.03300e-06
 Reference value :  1.14544e-06
No. of Data Rows : 6410
ta                  =  9.09349e-08
tb                  =  5.26580e-07
ta = 9.093488e-08
tb = 5.265796e-07
period = 2.178224e-08
fosc = 4.590897e+07
ngspice-46 done

Note: Starting dynamic gmin stepping
Note: Dynamic gmin stepping completed
