====================================================================
gf180-rcosc PVT corner run: ff_T+027C_V3p3_code0x26
run id      : 20260923T030125Z
process     : ff (fets=ff res=res_ff mimcap=mimcap_ff)
temperature : 27 C
supply      : 3.3 V
trim code   : 0x26 (38)
transient   : tran 200p 1200n, f = 20 periods / (t[rise=25] - t[rise=5])
wall clock  : 1.8 s
exit status : 0
====================================================================

Note: No compatibility mode selected!


Circuit: ** sch_path: /home/ubuntu/github/gf180-rcosc/.loom/worktrees/issue-57/design/pvt_tb.sch

Doing analysis at TEMP = 27.000000 and TNOM = 27.000000

Using SPARSE 1.3 as Direct Linear Solver

Initial Transient Solution
--------------------------

Node                                   Voltage
----                                   -------
vdd                                        3.3
xxdut.xxbias.xrba.11                   3.29884
xxdut.xxbias.xrba.21                   2.20116
xxdut.vh                                   2.2
xxdut.xxbias.xrbb.11                   2.19884
xxdut.xxbias.xrbb.21                   1.10116
xxdut.vl                                   1.1
xxdut.xxbias.xrbc.11                   1.09884
xxdut.xxbias.xrbc.21                0.00115626
xxdut.ibias                           0.908841
xxdut.pb                               2.14212
xxdut.xxbias.n2s                      0.194314
xxdut.xxbias.xrz.11                   0.193679
xxdut.xxbias.xrz.21                 0.00063545
xxdut.xxtrim.xrfix.11                  3.29937
xxdut.xxtrim.xrfix.21                  3.19679
xxdut.xxtrim.c1                        3.19616
xxdut.xxtrim.xr0.11                    3.19553
xxdut.xxtrim.xr0.21                    3.19107
xxdut.xxtrim.c2                        3.19044
t0                                           0
xxdut.xxtrim.tb0                           3.3
xxdut.xxtrim.xr1.11                    3.19027
xxdut.xxtrim.xr1.21                    3.18786
xxdut.xxtrim.c3                        3.18769
t1                                         3.3
xxdut.xxtrim.tb1                   4.10054e-09
xxdut.xxtrim.xr2.11                    3.18756
xxdut.xxtrim.xr2.21                    3.18385
xxdut.xxtrim.c4                        3.18372
t2                                         3.3
xxdut.xxtrim.tb2                   4.10054e-09
xxdut.xxtrim.xr3.11                    3.18309
xxdut.xxtrim.xr3.21                    3.14738
xxdut.xxtrim.c5                        3.14675
t3                                           0
xxdut.xxtrim.tb3                           3.3
xxdut.xxtrim.xr4.11                    3.14613
xxdut.xxtrim.xr4.21                    3.07471
xxdut.xxtrim.c6                        3.07409
t4                                           0
xxdut.xxtrim.tb4                           3.3
xxdut.xxtrim.xr5.11                    3.07404
xxdut.xxtrim.xr5.21                    3.06256
xxdut.xxtrim.c7                        3.06251
t5                                         3.3
xxdut.xxtrim.tb5                   4.10054e-09
xxdut.xxtrim.xr6.11                    3.06188
xxdut.xxtrim.xr6.21                    2.77624
xxdut.xxtrim.c8                        2.77561
t6                                           0
xxdut.xxtrim.tb6                           3.3
xxdut.xxtrim.xr7.11                    2.77498
xxdut.xxtrim.xr7.21                    2.20369
xxdut.vc                               2.20306
t7                                           0
xxdut.xxtrim.tb7                           3.3
xxdut.xxcmph.tail                      1.00935
xxdut.xxcmph.dp                        1.47194
xxdut.xxcmph.dn                        1.57306
xxdut.cmph_out                         1.41182
xxdut.xxcmpl.tailp                     2.49377
xxdut.xxcmpl.dp                    1.10465e-08
xxdut.xxcmpl.dn                        1.04836
xxdut.xxcmpl.outb                          3.3
xxdut.cmpl_out                     4.10054e-09
clk                                   0.592531
xxdut.qbar                             1.35081
xxdut.mid1                             2.61627
xxdut.mid2                             3.06697
vt7#branch                                   0
vt6#branch                                   0
vt5#branch                                   0
vt4#branch                                   0
vt3#branch                                   0
vt2#branch                                   0
vt1#branch                                   0
vt0#branch                                   0
vdd#branch                        -0.000750305

 Reference value :  8.48837e-08
 Reference value :  2.57349e-07
 Reference value :  4.27844e-07
 Reference value :  6.05890e-07
 Reference value :  7.79057e-07
 Reference value :  9.62992e-07
 Reference value :  1.15534e-06
No. of Data Rows : 6397
ta                  =  1.04737e-07
tb                  =  6.05674e-07
ta = 1.047375e-07
tb = 6.056741e-07
period = 2.504683e-08
fosc = 3.992521e+07
ngspice-46 done

Note: Starting dynamic gmin stepping
Note: Dynamic gmin stepping completed
