====================================================================
gf180-rcosc PVT corner run: fs_T+085C_V3p3_code0xA0
run id      : 20260923T030125Z
process     : fs (fets=fs res=res_typical mimcap=mimcap_typical)
temperature : 85 C
supply      : 3.3 V
trim code   : 0xA0 (160)
transient   : tran 200p 1200n, f = 20 periods / (t[rise=25] - t[rise=5])
wall clock  : 3.7 s
exit status : 0
====================================================================

Note: No compatibility mode selected!


Circuit: ** sch_path: /home/ubuntu/github/gf180-rcosc/.loom/worktrees/issue-57/design/pvt_tb.sch

Doing analysis at TEMP = 85.000000 and TNOM = 27.000000

Using SPARSE 1.3 as Direct Linear Solver

Initial Transient Solution
--------------------------

Node                                   Voltage
----                                   -------
vdd                                        3.3
xxdut.xxbias.xrba.11                   3.29933
xxdut.xxbias.xrba.21                   2.20067
xxdut.vh                                   2.2
xxdut.xxbias.xrbb.11                   2.19933
xxdut.xxbias.xrbb.21                   1.10067
xxdut.vl                                   1.1
xxdut.xxbias.xrbc.11                   1.09933
xxdut.xxbias.xrbc.21                0.00066792
xxdut.ibias                           0.904096
xxdut.pb                               1.93237
xxdut.xxbias.n2s                      0.210205
xxdut.xxbias.xrz.11                   0.209807
xxdut.xxbias.xrz.21                0.000397839
xxdut.xxtrim.xrfix.11                  3.29929
xxdut.xxtrim.xrfix.21                  3.09731
xxdut.xxtrim.c1                        3.09659
xxdut.xxtrim.xr0.11                    3.09588
xxdut.xxtrim.xr0.21                    3.08709
xxdut.xxtrim.c2                        3.08638
t0                                           0
xxdut.xxtrim.tb0                           3.3
xxdut.xxtrim.xr1.11                    3.08566
xxdut.xxtrim.xr1.21                    3.06809
xxdut.xxtrim.c3                        3.06738
t1                                           0
xxdut.xxtrim.tb1                           3.3
xxdut.xxtrim.xr2.11                    3.06666
xxdut.xxtrim.xr2.21                    3.03151
xxdut.xxtrim.c4                         3.0308
t2                                           0
xxdut.xxtrim.tb2                           3.3
xxdut.xxtrim.xr3.11                    3.03008
xxdut.xxtrim.xr3.21                    2.95978
xxdut.xxtrim.c5                        2.95907
t3                                           0
xxdut.xxtrim.tb3                           3.3
xxdut.xxtrim.xr4.11                    2.95836
xxdut.xxtrim.xr4.21                    2.81775
xxdut.xxtrim.c6                        2.81704
t4                                           0
xxdut.xxtrim.tb4                           3.3
xxdut.xxtrim.xr5.11                    2.81697
xxdut.xxtrim.xr5.21                    2.78787
xxdut.xxtrim.c7                         2.7878
t5                                         3.3
xxdut.xxtrim.tb5                   4.64876e-09
xxdut.xxtrim.xr6.11                    2.78708
xxdut.xxtrim.xr6.21                    2.22467
xxdut.xxtrim.c8                        2.22396
t6                                           0
xxdut.xxtrim.tb6                           3.3
xxdut.xxtrim.xr7.11                    2.22394
xxdut.xxtrim.xr7.21                    2.18626
xxdut.vc                               2.18624
t7                                         3.3
xxdut.xxtrim.tb7                   4.64876e-09
xxdut.xxcmph.tail                     0.983405
xxdut.xxcmph.dp                         1.3662
xxdut.xxcmph.dn                        1.29801
xxdut.cmph_out                         1.29031
xxdut.xxcmpl.tailp                     2.66442
xxdut.xxcmpl.dp                    2.96133e-08
xxdut.xxcmpl.dn                        1.06006
xxdut.xxcmpl.outb                          3.3
xxdut.cmpl_out                     4.64876e-09
clk                                   0.601842
xxdut.qbar                             1.25011
xxdut.mid1                              2.6992
xxdut.mid2                             3.08304
vt7#branch                                   0
vt6#branch                                   0
vt5#branch                                   0
vt4#branch                                   0
vt3#branch                                   0
vt2#branch                                   0
vt1#branch                                   0
vt0#branch                                   0
vdd#branch                        -0.000579625

 Reference value :  3.73595e-08
 Reference value :  1.43557e-07
 Reference value :  2.45018e-07
 Reference value :  3.55363e-07
 Reference value :  4.74518e-07
 Reference value :  5.92322e-07
 Reference value :  7.14869e-07
 Reference value :  8.44255e-07
 Reference value :  9.69599e-07
 Reference value :  1.09499e-06
No. of Data Rows : 6282
ta                  =  8.44362e-08
tb                  =  4.85017e-07
ta = 8.443615e-08
tb = 4.850171e-07
period = 2.002905e-08
fosc = 4.992749e+07
ngspice-46 done

Note: Starting dynamic gmin stepping
Note: Dynamic gmin stepping completed
