====================================================================
gf180-rcosc PVT corner run: fs_T+027C_V3p3_code0xBF
run id      : 20260923T030125Z
process     : fs (fets=fs res=res_typical mimcap=mimcap_typical)
temperature : 27 C
supply      : 3.3 V
trim code   : 0xBF (191)
transient   : tran 200p 1200n, f = 20 periods / (t[rise=25] - t[rise=5])
wall clock  : 2.0 s
exit status : 0
====================================================================

Note: No compatibility mode selected!


Circuit: ** sch_path: /home/ubuntu/github/gf180-rcosc/.loom/worktrees/issue-57/design/pvt_tb.sch

Doing analysis at TEMP = 27.000000 and TNOM = 27.000000

Using SPARSE 1.3 as Direct Linear Solver

Initial Transient Solution
--------------------------

Node                                   Voltage
----                                   -------
vdd                                        3.3
xxdut.xxbias.xrba.11                   3.29907
xxdut.xxbias.xrba.21                   2.20093
xxdut.vh                                   2.2
xxdut.xxbias.xrbb.11                   2.19907
xxdut.xxbias.xrbb.21                   1.10093
xxdut.vl                                   1.1
xxdut.xxbias.xrbc.11                   1.09907
xxdut.xxbias.xrbc.21               0.000925394
xxdut.ibias                           0.887939
xxdut.pb                               1.97697
xxdut.xxbias.n2s                      0.171667
xxdut.xxbias.xrz.11                   0.171218
xxdut.xxbias.xrz.21                  0.0004497
xxdut.xxtrim.xrfix.11                  3.29876
xxdut.xxtrim.xrfix.21                  3.04569
xxdut.xxtrim.c1                        3.04445
xxdut.xxtrim.xr0.11                    3.04405
xxdut.xxtrim.xr0.21                     3.0405
xxdut.xxtrim.c2                         3.0401
t0                                         3.3
xxdut.xxtrim.tb0                   3.91074e-09
xxdut.xxtrim.xr1.11                    3.03975
xxdut.xxtrim.xr1.21                    3.03352
xxdut.xxtrim.c3                        3.03317
t1                                         3.3
xxdut.xxtrim.tb1                   3.91074e-09
xxdut.xxtrim.xr2.11                     3.0329
xxdut.xxtrim.xr2.21                    3.02333
xxdut.xxtrim.c4                        3.02306
t2                                         3.3
xxdut.xxtrim.tb2                   3.91074e-09
xxdut.xxtrim.xr3.11                    3.02284
xxdut.xxtrim.xr3.21                    3.00721
xxdut.xxtrim.c5                        3.00699
t3                                         3.3
xxdut.xxtrim.tb3                   3.91074e-09
xxdut.xxtrim.xr4.11                    3.00683
xxdut.xxtrim.xr4.21                    2.98419
xxdut.xxtrim.c6                        2.98403
t4                                         3.3
xxdut.xxtrim.tb4                   3.91074e-09
xxdut.xxtrim.xr5.11                    2.98393
xxdut.xxtrim.xr5.21                    2.95471
xxdut.xxtrim.c7                         2.9546
t5                                         3.3
xxdut.xxtrim.tb5                   3.91074e-09
xxdut.xxtrim.xr6.11                    2.95336
xxdut.xxtrim.xr6.21                    2.24868
xxdut.xxtrim.c8                        2.24744
t6                                           0
xxdut.xxtrim.tb6                           3.3
xxdut.xxtrim.xr7.11                    2.24741
xxdut.xxtrim.xr7.21                    2.20441
xxdut.vc                               2.20437
t7                                         3.3
xxdut.xxtrim.tb7                   3.91074e-09
xxdut.xxcmph.tail                      1.01841
xxdut.xxcmph.dp                         1.3636
xxdut.xxcmph.dn                        1.46268
xxdut.cmph_out                         1.28807
xxdut.xxcmpl.tailp                     2.63895
xxdut.xxcmpl.dp                    1.32541e-08
xxdut.xxcmpl.dn                        1.00618
xxdut.xxcmpl.outb                          3.3
xxdut.cmpl_out                     3.91074e-09
clk                                   0.665591
xxdut.qbar                             1.25025
xxdut.mid1                             2.74523
xxdut.mid2                             3.09589
vt7#branch                                   0
vt6#branch                                   0
vt5#branch                                   0
vt4#branch                                   0
vt3#branch                                   0
vt2#branch                                   0
vt1#branch                                   0
vt0#branch                                   0
vdd#branch                        -0.000564229

 Reference value :  6.66596e-08
 Reference value :  2.26805e-07
 Reference value :  3.88039e-07
 Reference value :  5.40316e-07
 Reference value :  6.96381e-07
 Reference value :  8.60963e-07
 Reference value :  1.02375e-06
 Reference value :  1.18456e-06
No. of Data Rows : 6460
ta                  =  7.45395e-08
tb                  =  4.19262e-07
ta = 7.453946e-08
tb = 4.192617e-07
period = 1.723611e-08
fosc = 5.801772e+07
ngspice-46 done

Note: Starting dynamic gmin stepping
Note: Dynamic gmin stepping completed
