====================================================================
gf180-rcosc PVT corner run: fs_T+085C_V3p3_code0xA3
run id      : 20260923T030125Z
process     : fs (fets=fs res=res_typical mimcap=mimcap_typical)
temperature : 85 C
supply      : 3.3 V
trim code   : 0xA3 (163)
transient   : tran 200p 1200n, f = 20 periods / (t[rise=25] - t[rise=5])
wall clock  : 3.3 s
exit status : 0
====================================================================

Note: No compatibility mode selected!


Circuit: ** sch_path: /home/ubuntu/github/gf180-rcosc/.loom/worktrees/issue-57/design/pvt_tb.sch

Doing analysis at TEMP = 85.000000 and TNOM = 27.000000

Using SPARSE 1.3 as Direct Linear Solver

Initial Transient Solution
--------------------------

Node                                   Voltage
----                                   -------
vdd                                        3.3
xxdut.xxbias.xrba.11                   3.29933
xxdut.xxbias.xrba.21                   2.20067
xxdut.vh                                   2.2
xxdut.xxbias.xrbb.11                   2.19933
xxdut.xxbias.xrbb.21                   1.10067
xxdut.vl                                   1.1
xxdut.xxbias.xrbc.11                   1.09933
xxdut.xxbias.xrbc.21                0.00066792
xxdut.ibias                           0.904096
xxdut.pb                               1.93237
xxdut.xxbias.n2s                      0.210205
xxdut.xxbias.xrz.11                   0.209807
xxdut.xxbias.xrz.21                0.000397839
xxdut.xxtrim.xrfix.11                  3.29927
xxdut.xxtrim.xrfix.21                  3.09369
xxdut.xxtrim.c1                        3.09296
xxdut.xxtrim.xr0.11                    3.09269
xxdut.xxtrim.xr0.21                    3.08942
xxdut.xxtrim.c2                        3.08915
t0                                         3.3
xxdut.xxtrim.tb0                   4.64876e-09
xxdut.xxtrim.xr1.11                    3.08892
xxdut.xxtrim.xr1.21                    3.08322
xxdut.xxtrim.c3                        3.08299
t1                                         3.3
xxdut.xxtrim.tb1                   4.64876e-09
xxdut.xxtrim.xr2.11                    3.08226
xxdut.xxtrim.xr2.21                    3.04648
xxdut.xxtrim.c4                        3.04576
t2                                           0
xxdut.xxtrim.tb2                           3.3
xxdut.xxtrim.xr3.11                    3.04503
xxdut.xxtrim.xr3.21                    2.97348
xxdut.xxtrim.c5                        2.97275
t3                                           0
xxdut.xxtrim.tb3                           3.3
xxdut.xxtrim.xr4.11                    2.97202
xxdut.xxtrim.xr4.21                    2.82891
xxdut.xxtrim.c6                        2.82818
t4                                           0
xxdut.xxtrim.tb4                           3.3
xxdut.xxtrim.xr5.11                    2.82811
xxdut.xxtrim.xr5.21                    2.79864
xxdut.xxtrim.c7                        2.79856
t5                                         3.3
xxdut.xxtrim.tb5                   4.64876e-09
xxdut.xxtrim.xr6.11                    2.79783
xxdut.xxtrim.xr6.21                    2.22538
xxdut.xxtrim.c8                        2.22465
t6                                           0
xxdut.xxtrim.tb6                           3.3
xxdut.xxtrim.xr7.11                    2.22463
xxdut.xxtrim.xr7.21                    2.18626
xxdut.vc                               2.18624
t7                                         3.3
xxdut.xxtrim.tb7                   4.64876e-09
xxdut.xxcmph.tail                     0.983405
xxdut.xxcmph.dp                        1.36621
xxdut.xxcmph.dn                        1.29801
xxdut.cmph_out                         1.28995
xxdut.xxcmpl.tailp                     2.66442
xxdut.xxcmpl.dp                    2.96136e-08
xxdut.xxcmpl.dn                        1.06006
xxdut.xxcmpl.outb                          3.3
xxdut.cmpl_out                     4.64876e-09
clk                                   0.603112
xxdut.qbar                             1.24998
xxdut.mid1                             2.69996
xxdut.mid2                               3.083
vt7#branch                                   0
vt6#branch                                   0
vt5#branch                                   0
vt4#branch                                   0
vt3#branch                                   0
vt2#branch                                   0
vt1#branch                                   0
vt0#branch                                   0
vdd#branch                        -0.000580032

 Reference value :  3.25786e-08
 Reference value :  1.43820e-07
 Reference value :  2.59359e-07
 Reference value :  3.71501e-07
 Reference value :  4.86368e-07
 Reference value :  6.00022e-07
 Reference value :  7.15822e-07
 Reference value :  8.33494e-07
 Reference value :  9.51028e-07
 Reference value :  1.07396e-06
 Reference value :  1.19850e-06
No. of Data Rows : 6332
ta                  =  8.33381e-08
tb                  =  4.78359e-07
ta = 8.333806e-08
tb = 4.783594e-07
period = 1.975107e-08
fosc = 5.063018e+07
ngspice-46 done

Note: Starting dynamic gmin stepping
Note: Dynamic gmin stepping completed
