====================================================================
gf180-rcosc PVT corner run: rc_f_T+085C_V3p3_code0xA3
run id      : 20260923T030125Z
process     : rc_f (fets=typical res=res_ff mimcap=mimcap_ff)
temperature : 85 C
supply      : 3.3 V
trim code   : 0xA3 (163)
transient   : tran 200p 1200n, f = 20 periods / (t[rise=25] - t[rise=5])
wall clock  : 5.3 s
exit status : 0
====================================================================

Note: No compatibility mode selected!


Circuit: ** sch_path: /home/ubuntu/github/gf180-rcosc/.loom/worktrees/issue-57/design/pvt_tb.sch

Doing analysis at TEMP = 85.000000 and TNOM = 27.000000

Using SPARSE 1.3 as Direct Linear Solver

Initial Transient Solution
--------------------------

Node                                   Voltage
----                                   -------
vdd                                        3.3
xxdut.xxbias.xrba.11                   3.29917
xxdut.xxbias.xrba.21                   2.20083
xxdut.vh                                   2.2
xxdut.xxbias.xrbb.11                   2.19917
xxdut.xxbias.xrbb.21                   1.10083
xxdut.vl                                   1.1
xxdut.xxbias.xrbc.11                   1.09917
xxdut.xxbias.xrbc.21               0.000834647
xxdut.ibias                            1.06554
xxdut.pb                               1.93549
xxdut.xxbias.n2s                      0.243968
xxdut.xxbias.xrz.11                   0.243391
xxdut.xxbias.xrz.21                0.000576626
xxdut.xxtrim.xrfix.11                  3.29909
xxdut.xxtrim.xrfix.21                  3.09404
xxdut.xxtrim.c1                        3.09314
xxdut.xxtrim.xr0.11                    3.09278
xxdut.xxtrim.xr0.21                    3.08929
xxdut.xxtrim.c2                        3.08894
t0                                         3.3
xxdut.xxtrim.tb0                   5.19822e-09
xxdut.xxtrim.xr1.11                    3.08863
xxdut.xxtrim.xr1.21                    3.08247
xxdut.xxtrim.c3                        3.08216
t1                                         3.3
xxdut.xxtrim.tb1                   5.19822e-09
xxdut.xxtrim.xr2.11                    3.08125
xxdut.xxtrim.xr2.21                    3.04557
xxdut.xxtrim.c4                        3.04466
t2                                           0
xxdut.xxtrim.tb2                           3.3
xxdut.xxtrim.xr3.11                    3.04376
xxdut.xxtrim.xr3.21                    2.97239
xxdut.xxtrim.c5                        2.97148
t3                                           0
xxdut.xxtrim.tb3                           3.3
xxdut.xxtrim.xr4.11                    2.97057
xxdut.xxtrim.xr4.21                    2.82783
xxdut.xxtrim.c6                        2.82693
t4                                           0
xxdut.xxtrim.tb4                           3.3
xxdut.xxtrim.xr5.11                    2.82682
xxdut.xxtrim.xr5.21                    2.79388
xxdut.xxtrim.c7                        2.79377
t5                                         3.3
xxdut.xxtrim.tb5                   5.19822e-09
xxdut.xxtrim.xr6.11                    2.79287
xxdut.xxtrim.xr6.21                     2.2219
xxdut.xxtrim.c8                        2.22099
t6                                           0
xxdut.xxtrim.tb6                           3.3
xxdut.xxtrim.xr7.11                    2.22095
xxdut.xxtrim.xr7.21                    2.16965
xxdut.vc                               2.16961
t7                                         3.3
xxdut.xxtrim.tb7                   5.19822e-09
xxdut.xxcmph.tail                     0.840506
xxdut.xxcmph.dp                         1.4831
xxdut.xxcmph.dn                        1.20603
xxdut.cmph_out                         1.40935
xxdut.xxcmpl.tailp                     2.65349
xxdut.xxcmpl.dp                     1.4892e-07
xxdut.xxcmpl.dn                        1.25606
xxdut.xxcmpl.outb                          3.3
xxdut.cmpl_out                     5.19822e-09
clk                                   0.702451
xxdut.qbar                             1.36365
xxdut.mid1                             2.69352
xxdut.mid2                             3.09094
vt7#branch                                   0
vt6#branch                                   0
vt5#branch                                   0
vt4#branch                                   0
vt3#branch                                   0
vt2#branch                                   0
vt1#branch                                   0
vt0#branch                                   0
vdd#branch                        -0.000678308

 Reference value :  1.21233e-08
 Reference value :  1.13297e-07
 Reference value :  2.16768e-07
 Reference value :  3.16980e-07
 Reference value :  4.21570e-07
 Reference value :  5.27898e-07
 Reference value :  6.28151e-07
 Reference value :  7.32381e-07
 Reference value :  8.36700e-07
 Reference value :  9.42585e-07
 Reference value :  1.05064e-06
 Reference value :  1.15188e-06
No. of Data Rows : 6444
ta                  =  6.67360e-08
tb                  =  3.74649e-07
ta = 6.673599e-08
tb = 3.746495e-07
period = 1.539568e-08
fosc = 6.495330e+07
ngspice-46 done

Note: Starting dynamic gmin stepping
Note: Dynamic gmin stepping completed
