====================================================================
gf180-rcosc PVT corner run: rc_f_T-040C_V3p3_code0x2B
run id      : 20260923T030125Z
process     : rc_f (fets=typical res=res_ff mimcap=mimcap_ff)
temperature : -40 C
supply      : 3.3 V
trim code   : 0x2B (43)
transient   : tran 200p 1200n, f = 20 periods / (t[rise=25] - t[rise=5])
wall clock  : 3.6 s
exit status : 0
====================================================================

Note: No compatibility mode selected!


Circuit: ** sch_path: /home/ubuntu/github/gf180-rcosc/.loom/worktrees/issue-57/design/pvt_tb.sch

Doing analysis at TEMP = -40.000000 and TNOM = 27.000000

Using SPARSE 1.3 as Direct Linear Solver

Initial Transient Solution
--------------------------

Node                                   Voltage
----                                   -------
vdd                                        3.3
xxdut.xxbias.xrba.11                   3.29815
xxdut.xxbias.xrba.21                   2.20185
xxdut.vh                                   2.2
xxdut.xxbias.xrbb.11                   2.19815
xxdut.xxbias.xrbb.21                   1.10185
xxdut.vl                                   1.1
xxdut.xxbias.xrbc.11                   1.09815
xxdut.xxbias.xrbc.21                0.00185143
xxdut.ibias                           0.989235
xxdut.pb                               2.08094
xxdut.xxbias.n2s                      0.139978
xxdut.xxbias.xrz.11                   0.139247
xxdut.xxbias.xrz.21                 0.00073102
xxdut.xxtrim.xrfix.11                  3.29898
xxdut.xxtrim.xrfix.21                  3.19464
xxdut.xxtrim.c1                        3.19362
xxdut.xxtrim.xr0.11                    3.19336
xxdut.xxtrim.xr0.21                     3.1922
xxdut.xxtrim.c2                        3.19194
t0                                         3.3
xxdut.xxtrim.tb0                    3.3465e-09
xxdut.xxtrim.xr1.11                     3.1917
xxdut.xxtrim.xr1.21                    3.18959
xxdut.xxtrim.c3                        3.18935
t1                                         3.3
xxdut.xxtrim.tb1                    3.3465e-09
xxdut.xxtrim.xr2.11                    3.18833
xxdut.xxtrim.xr2.21                    3.17017
xxdut.xxtrim.c4                        3.16915
t2                                           0
xxdut.xxtrim.tb2                           3.3
xxdut.xxtrim.xr3.11                    3.16899
xxdut.xxtrim.xr3.21                    3.16351
xxdut.xxtrim.c5                        3.16336
t3                                         3.3
xxdut.xxtrim.tb3                    3.3465e-09
xxdut.xxtrim.xr4.11                    3.16234
xxdut.xxtrim.xr4.21                    3.08971
xxdut.xxtrim.c6                        3.08868
t4                                           0
xxdut.xxtrim.tb4                           3.3
xxdut.xxtrim.xr5.11                    3.08861
xxdut.xxtrim.xr5.21                    3.07826
xxdut.xxtrim.c7                        3.07818
t5                                         3.3
xxdut.xxtrim.tb5                    3.3465e-09
xxdut.xxtrim.xr6.11                    3.07716
xxdut.xxtrim.xr6.21                    2.78665
xxdut.xxtrim.c8                        2.78562
t6                                           0
xxdut.xxtrim.tb6                           3.3
xxdut.xxtrim.xr7.11                     2.7846
xxdut.xxtrim.xr7.21                    2.20357
xxdut.vc                               2.20255
t7                                           0
xxdut.xxtrim.tb7                           3.3
xxdut.xxcmph.tail                     0.937284
xxdut.xxcmph.dp                        1.47636
xxdut.xxcmph.dn                        1.66722
xxdut.cmph_out                         1.42146
xxdut.xxcmpl.tailp                     2.56226
xxdut.xxcmpl.dp                    1.14261e-08
xxdut.xxcmpl.dn                        1.08091
xxdut.xxcmpl.outb                          3.3
xxdut.cmpl_out                      3.3465e-09
clk                                   0.768309
xxdut.qbar                             1.37209
xxdut.mid1                             2.75028
xxdut.mid2                             3.11994
vt7#branch                                   0
vt6#branch                                   0
vt5#branch                                   0
vt4#branch                                   0
vt3#branch                                   0
vt2#branch                                   0
vt1#branch                                   0
vt0#branch                                   0
vdd#branch                        -0.000588252

 Reference value :  0.00000e+00
 Reference value :  1.09578e-07
 Reference value :  2.16170e-07
 Reference value :  3.24637e-07
 Reference value :  4.37691e-07
 Reference value :  5.58690e-07
 Reference value :  6.74967e-07
 Reference value :  7.99602e-07
 Reference value :  9.19842e-07
 Reference value :  1.04029e-06
 Reference value :  1.16970e-06
No. of Data Rows : 6432
ta                  =  1.10121e-07
tb                  =  6.40763e-07
ta = 1.101212e-07
tb = 6.407633e-07
period = 2.653210e-08
fosc = 3.769019e+07
ngspice-46 done

Note: Starting dynamic gmin stepping
Warning: Dynamic gmin stepping failed
Note: Starting true gmin stepping
Note: True gmin stepping completed
