====================================================================
gf180-rcosc PVT corner run: rc_f_T+027C_V3p6_code0xA3
run id      : 20260923T030125Z
process     : rc_f (fets=typical res=res_ff mimcap=mimcap_ff)
temperature : 27 C
supply      : 3.6 V
trim code   : 0xA3 (163)
transient   : tran 200p 1200n, f = 20 periods / (t[rise=25] - t[rise=5])
wall clock  : 5.8 s
exit status : 0
====================================================================

Note: No compatibility mode selected!


Circuit: ** sch_path: /home/ubuntu/github/gf180-rcosc/.loom/worktrees/issue-57/design/pvt_tb.sch

Doing analysis at TEMP = 27.000000 and TNOM = 27.000000

Using SPARSE 1.3 as Direct Linear Solver

Initial Transient Solution
--------------------------

Node                                   Voltage
----                                   -------
vdd                                        3.6
xxdut.xxbias.xrba.11                   3.59874
xxdut.xxbias.xrba.21                   2.40126
xxdut.vh                                   2.4
xxdut.xxbias.xrbb.11                   2.39874
xxdut.xxbias.xrbb.21                   1.20126
xxdut.vl                                   1.2
xxdut.xxbias.xrbc.11                   1.19874
xxdut.xxbias.xrbc.21                0.00126137
xxdut.ibias                            1.03497
xxdut.pb                               2.29161
xxdut.xxbias.n2s                      0.199981
xxdut.xxbias.xrz.11                   0.199327
xxdut.xxbias.xrz.21                0.000653982
xxdut.xxtrim.xrfix.11                  3.59865
xxdut.xxtrim.xrfix.21                   3.3781
xxdut.xxtrim.c1                        3.37675
xxdut.xxtrim.xr0.11                    3.37631
xxdut.xxtrim.xr0.21                    3.37319
xxdut.xxtrim.c2                        3.37275
t0                                         3.6
xxdut.xxtrim.tb0                    4.8553e-09
xxdut.xxtrim.xr1.11                    3.37236
xxdut.xxtrim.xr1.21                     3.3668
xxdut.xxtrim.c3                        3.36641
t1                                         3.6
xxdut.xxtrim.tb1                    4.8553e-09
xxdut.xxtrim.xr2.11                    3.36506
xxdut.xxtrim.xr2.21                    3.32668
xxdut.xxtrim.c4                        3.32533
t2                                           0
xxdut.xxtrim.tb2                           3.6
xxdut.xxtrim.xr3.11                    3.32398
xxdut.xxtrim.xr3.21                    3.24722
xxdut.xxtrim.c5                        3.24586
t3                                           0
xxdut.xxtrim.tb3                           3.6
xxdut.xxtrim.xr4.11                    3.24451
xxdut.xxtrim.xr4.21                    3.09098
xxdut.xxtrim.c6                        3.08963
t4                                           0
xxdut.xxtrim.tb4                           3.6
xxdut.xxtrim.xr5.11                    3.08951
xxdut.xxtrim.xr5.21                    3.06085
xxdut.xxtrim.c7                        3.06072
t5                                         3.6
xxdut.xxtrim.tb5                    4.8553e-09
xxdut.xxtrim.xr6.11                    3.05937
xxdut.xxtrim.xr6.21                    2.44525
xxdut.xxtrim.c8                         2.4439
t6                                           0
xxdut.xxtrim.tb6                           3.6
xxdut.xxtrim.xr7.11                    2.44385
xxdut.xxtrim.xr7.21                    2.40191
xxdut.vc                               2.40187
t7                                         3.6
xxdut.xxtrim.tb7                    4.8553e-09
xxdut.xxcmph.tail                      1.05549
xxdut.xxcmph.dp                         1.6148
xxdut.xxcmph.dn                        1.69208
xxdut.cmph_out                         1.53923
xxdut.xxcmpl.tailp                     2.76756
xxdut.xxcmpl.dp                    1.23332e-08
xxdut.xxcmpl.dn                        1.18205
xxdut.xxcmpl.outb                          3.6
xxdut.cmpl_out                      4.8553e-09
clk                                   0.752852
xxdut.qbar                             1.47878
xxdut.mid1                             2.92916
xxdut.mid2                             3.36373
vt7#branch                                   0
vt6#branch                                   0
vt5#branch                                   0
vt4#branch                                   0
vt3#branch                                   0
vt2#branch                                   0
vt1#branch                                   0
vt0#branch                                   0
vdd#branch                        -0.000754548

 Reference value :  2.59222e-08
 Reference value :  1.29079e-07
 Reference value :  2.25327e-07
 Reference value :  3.15371e-07
 Reference value :  4.11918e-07
 Reference value :  5.12099e-07
 Reference value :  6.06917e-07
 Reference value :  7.01874e-07
 Reference value :  7.91322e-07
 Reference value :  8.89136e-07
 Reference value :  9.87352e-07
 Reference value :  1.08507e-06
 Reference value :  1.18554e-06
No. of Data Rows : 6586
ta                  =  6.79086e-08
tb                  =  3.88435e-07
ta = 6.790857e-08
tb = 3.884348e-07
period = 1.602631e-08
fosc = 6.239739e+07
ngspice-46 done

Note: Starting dynamic gmin stepping
Note: Dynamic gmin stepping completed
