====================================================================
gf180-rcosc PVT corner run: rc_f_T-040C_V3p6_code0x5E
run id      : 20260923T030125Z
process     : rc_f (fets=typical res=res_ff mimcap=mimcap_ff)
temperature : -40 C
supply      : 3.6 V
trim code   : 0x5E (94)
transient   : tran 200p 1200n, f = 20 periods / (t[rise=25] - t[rise=5])
wall clock  : 3.5 s
exit status : 0
====================================================================

Note: No compatibility mode selected!


Circuit: ** sch_path: /home/ubuntu/github/gf180-rcosc/.loom/worktrees/issue-57/design/pvt_tb.sch

Doing analysis at TEMP = -40.000000 and TNOM = 27.000000

Using SPARSE 1.3 as Direct Linear Solver

Initial Transient Solution
--------------------------

Node                                   Voltage
----                                   -------
vdd                                        3.6
xxdut.xxbias.xrba.11                   3.59798
xxdut.xxbias.xrba.21                   2.40202
xxdut.vh                                   2.4
xxdut.xxbias.xrbb.11                   2.39798
xxdut.xxbias.xrbb.21                   1.20202
xxdut.vl                                   1.2
xxdut.xxbias.xrbc.11                   1.19798
xxdut.xxbias.xrbc.21                0.00201975
xxdut.ibias                             1.0062
xxdut.pb                               2.35586
xxdut.xxbias.n2s                      0.150076
xxdut.xxbias.xrz.11                   0.149292
xxdut.xxbias.xrz.21                0.000783756
xxdut.xxtrim.xrfix.11                   3.5986
xxdut.xxtrim.xrfix.21                   3.4562
xxdut.xxtrim.c1                         3.4548
xxdut.xxtrim.xr0.11                     3.4534
xxdut.xxtrim.xr0.21                    3.44721
xxdut.xxtrim.c2                        3.44581
t0                                           0
xxdut.xxtrim.tb0                           3.6
xxdut.xxtrim.xr1.11                     3.4455
xxdut.xxtrim.xr1.21                    3.44271
xxdut.xxtrim.c3                        3.44239
t1                                         3.6
xxdut.xxtrim.tb1                   3.89245e-09
xxdut.xxtrim.xr2.11                    3.44215
xxdut.xxtrim.xr2.21                    3.43778
xxdut.xxtrim.c4                        3.43754
t2                                         3.6
xxdut.xxtrim.tb2                   3.89245e-09
xxdut.xxtrim.xr3.11                    3.43733
xxdut.xxtrim.xr3.21                    3.43016
xxdut.xxtrim.c5                        3.42995
t3                                         3.6
xxdut.xxtrim.tb3                   3.89245e-09
xxdut.xxtrim.xr4.11                    3.42981
xxdut.xxtrim.xr4.21                    3.41946
xxdut.xxtrim.c6                        3.41931
t4                                         3.6
xxdut.xxtrim.tb4                   3.89245e-09
xxdut.xxtrim.xr5.11                    3.41791
xxdut.xxtrim.xr5.21                    3.21965
xxdut.xxtrim.c7                        3.21826
t5                                           0
xxdut.xxtrim.tb5                           3.6
xxdut.xxtrim.xr6.11                    3.21819
xxdut.xxtrim.xr6.21                    3.19995
xxdut.xxtrim.c8                        3.19988
t6                                         3.6
xxdut.xxtrim.tb6                   3.89245e-09
xxdut.xxtrim.xr7.11                    3.19848
xxdut.xxtrim.xr7.21                    2.40546
xxdut.vc                               2.40406
t7                                           0
xxdut.xxtrim.tb7                           3.6
xxdut.xxcmph.tail                      1.08666
xxdut.xxcmph.dp                        1.61213
xxdut.xxcmph.dn                        1.91096
xxdut.cmph_out                         1.54767
xxdut.xxcmpl.tailp                     2.72717
xxdut.xxcmpl.dp                    1.16749e-08
xxdut.xxcmpl.dn                        1.10468
xxdut.xxcmpl.outb                          3.6
xxdut.cmpl_out                     3.89245e-09
clk                                   0.783256
xxdut.qbar                             1.48287
xxdut.mid1                             2.95647
xxdut.mid2                              3.3786
vt7#branch                                   0
vt6#branch                                   0
vt5#branch                                   0
vt4#branch                                   0
vt3#branch                                   0
vt2#branch                                   0
vt1#branch                                   0
vt0#branch                                   0
vdd#branch                        -0.000737359

 Reference value :  0.00000e+00
 Reference value :  9.89357e-08
 Reference value :  2.02535e-07
 Reference value :  3.08564e-07
 Reference value :  4.14489e-07
 Reference value :  5.20452e-07
 Reference value :  6.23427e-07
 Reference value :  7.29952e-07
 Reference value :  8.32967e-07
 Reference value :  9.41987e-07
 Reference value :  1.05302e-06
 Reference value :  1.15759e-06
No. of Data Rows : 6641
ta                  =  9.04122e-08
tb                  =  5.25564e-07
ta = 9.041222e-08
tb = 5.255635e-07
period = 2.175756e-08
fosc = 4.596103e+07
ngspice-46 done

Note: Starting dynamic gmin stepping
Warning: Dynamic gmin stepping failed
Note: Starting true gmin stepping
Note: True gmin stepping completed
