====================================================================
gf180-rcosc PVT corner run: rc_f_T+027C_V3p3_code0x57
run id      : 20260923T030125Z
process     : rc_f (fets=typical res=res_ff mimcap=mimcap_ff)
temperature : 27 C
supply      : 3.3 V
trim code   : 0x57 (87)
transient   : tran 200p 1200n, f = 20 periods / (t[rise=25] - t[rise=5])
wall clock  : 1.8 s
exit status : 0
====================================================================

Note: No compatibility mode selected!


Circuit: ** sch_path: /home/ubuntu/github/gf180-rcosc/.loom/worktrees/issue-57/design/pvt_tb.sch

Doing analysis at TEMP = 27.000000 and TNOM = 27.000000

Using SPARSE 1.3 as Direct Linear Solver

Initial Transient Solution
--------------------------

Node                                   Voltage
----                                   -------
vdd                                        3.3
xxdut.xxbias.xrba.11                   3.29884
xxdut.xxbias.xrba.21                   2.20116
xxdut.vh                                   2.2
xxdut.xxbias.xrbb.11                   2.19884
xxdut.xxbias.xrbb.21                   1.10116
xxdut.vl                                   1.1
xxdut.xxbias.xrbc.11                   1.09884
xxdut.xxbias.xrbc.21                0.00115626
xxdut.ibias                            1.01909
xxdut.pb                               2.01373
xxdut.xxbias.n2s                        0.1904
xxdut.xxbias.xrz.11                   0.189778
xxdut.xxbias.xrz.21                 0.00062265
xxdut.xxtrim.xrfix.11                  3.29923
xxdut.xxtrim.xrfix.21                  3.17299
xxdut.xxtrim.c1                        3.17222
xxdut.xxtrim.xr0.11                    3.17196
xxdut.xxtrim.xr0.21                    3.17014
xxdut.xxtrim.c2                        3.16988
t0                                         3.3
xxdut.xxtrim.tb0                   4.20669e-09
xxdut.xxtrim.xr1.11                    3.16965
xxdut.xxtrim.xr1.21                    3.16641
xxdut.xxtrim.c3                        3.16618
t1                                         3.3
xxdut.xxtrim.tb1                   4.20669e-09
xxdut.xxtrim.xr2.11                    3.16601
xxdut.xxtrim.xr2.21                    3.16096
xxdut.xxtrim.c4                        3.16079
t2                                         3.3
xxdut.xxtrim.tb2                   4.20669e-09
xxdut.xxtrim.xr3.11                    3.16001
xxdut.xxtrim.xr3.21                    3.11608
xxdut.xxtrim.c5                         3.1153
t3                                           0
xxdut.xxtrim.tb3                           3.3
xxdut.xxtrim.xr4.11                     3.1152
xxdut.xxtrim.xr4.21                    3.10304
xxdut.xxtrim.c6                        3.10293
t4                                         3.3
xxdut.xxtrim.tb4                   4.20669e-09
xxdut.xxtrim.xr5.11                    3.10216
xxdut.xxtrim.xr5.21                     2.9264
xxdut.xxtrim.c7                        2.92563
t5                                           0
xxdut.xxtrim.tb5                           3.3
xxdut.xxtrim.xr6.11                    2.92558
xxdut.xxtrim.xr6.21                     2.9037
xxdut.xxtrim.c8                        2.90365
t6                                         3.3
xxdut.xxtrim.tb6                   4.20669e-09
xxdut.xxtrim.xr7.11                    2.90288
xxdut.xxtrim.xr7.21                    2.19988
xxdut.vc                                2.1991
t7                                           0
xxdut.xxtrim.tb7                           3.3
xxdut.xxcmph.tail                     0.905429
xxdut.xxcmph.dp                        1.47836
xxdut.xxcmph.dn                        1.44309
xxdut.cmph_out                         1.41765
xxdut.xxcmpl.tailp                     2.60389
xxdut.xxcmpl.dp                    1.19003e-08
xxdut.xxcmpl.dn                        1.15917
xxdut.xxcmpl.outb                          3.3
xxdut.cmpl_out                     4.20669e-09
clk                                   0.717544
xxdut.qbar                             1.36607
xxdut.mid1                             2.71077
xxdut.mid2                             3.10403
vt7#branch                                   0
vt6#branch                                   0
vt5#branch                                   0
vt4#branch                                   0
vt3#branch                                   0
vt2#branch                                   0
vt1#branch                                   0
vt0#branch                                   0
vdd#branch                         -0.00061879

 Reference value :  9.66215e-08
 Reference value :  2.65662e-07
 Reference value :  4.36603e-07
 Reference value :  6.13853e-07
 Reference value :  7.85812e-07
 Reference value :  9.64288e-07
 Reference value :  1.14578e-06
No. of Data Rows : 6445
ta                  =  9.07745e-08
tb                  =  5.18562e-07
ta = 9.077452e-08
tb = 5.185625e-07
period = 2.138940e-08
fosc = 4.675213e+07
ngspice-46 done

Note: Starting dynamic gmin stepping
Note: Dynamic gmin stepping completed
