====================================================================
gf180-rcosc PVT corner run: rc_f_T+085C_V3p0_code0xA3
run id      : 20260923T030125Z
process     : rc_f (fets=typical res=res_ff mimcap=mimcap_ff)
temperature : 85 C
supply      : 3 V
trim code   : 0xA3 (163)
transient   : tran 200p 1200n, f = 20 periods / (t[rise=25] - t[rise=5])
wall clock  : 5.7 s
exit status : 0
====================================================================

Note: No compatibility mode selected!


Circuit: ** sch_path: /home/ubuntu/github/gf180-rcosc/.loom/worktrees/issue-57/design/pvt_tb.sch

Doing analysis at TEMP = 85.000000 and TNOM = 27.000000

Using SPARSE 1.3 as Direct Linear Solver

Initial Transient Solution
--------------------------

Node                                   Voltage
----                                   -------
vdd                                          3
xxdut.xxbias.xrba.11                   2.99924
xxdut.xxbias.xrba.21                   2.00076
xxdut.vh                                     2
xxdut.xxbias.xrbb.11                   1.99924
xxdut.xxbias.xrbb.21                   1.00076
xxdut.vl                                     1
xxdut.xxbias.xrbc.11                  0.999241
xxdut.xxbias.xrbc.21                0.00075877
xxdut.ibias                            1.05156
xxdut.pb                               1.65382
xxdut.xxbias.n2s                      0.235428
xxdut.xxbias.xrz.11                   0.234871
xxdut.xxbias.xrz.21                0.000556442
xxdut.xxtrim.xrfix.11                  2.99915
xxdut.xxtrim.xrfix.21                  2.80765
xxdut.xxtrim.c1                        2.80681
xxdut.xxtrim.xr0.11                    2.80646
xxdut.xxtrim.xr0.21                    2.80306
xxdut.xxtrim.c2                        2.80271
t0                                           3
xxdut.xxtrim.tb0                   4.81375e-09
xxdut.xxtrim.xr1.11                     2.8024
xxdut.xxtrim.xr1.21                    2.79637
xxdut.xxtrim.c3                        2.79606
t1                                           3
xxdut.xxtrim.tb1                   4.81375e-09
xxdut.xxtrim.xr2.11                    2.79522
xxdut.xxtrim.xr2.21                    2.76189
xxdut.xxtrim.c4                        2.76105
t2                                           0
xxdut.xxtrim.tb2                             3
xxdut.xxtrim.xr3.11                     2.7602
xxdut.xxtrim.xr3.21                    2.69355
xxdut.xxtrim.c5                         2.6927
t3                                           0
xxdut.xxtrim.tb3                             3
xxdut.xxtrim.xr4.11                    2.69185
xxdut.xxtrim.xr4.21                    2.55855
xxdut.xxtrim.c6                         2.5577
t4                                           0
xxdut.xxtrim.tb4                             3
xxdut.xxtrim.xr5.11                     2.5576
xxdut.xxtrim.xr5.21                    2.52433
xxdut.xxtrim.c7                        2.52422
t5                                           3
xxdut.xxtrim.tb5                   4.81375e-09
xxdut.xxtrim.xr6.11                    2.52337
xxdut.xxtrim.xr6.21                    1.99014
xxdut.xxtrim.c8                         1.9893
t6                                           0
xxdut.xxtrim.tb6                             3
xxdut.xxtrim.xr7.11                    1.98925
xxdut.xxtrim.xr7.21                    1.93304
xxdut.vc                                 1.933
t7                                           3
xxdut.xxtrim.tb7                   4.81375e-09
xxdut.xxcmph.tail                     0.665923
xxdut.xxcmph.dp                        1.34721
xxdut.xxcmph.dn                        0.95143
xxdut.cmph_out                         1.27926
xxdut.xxcmpl.tailp                     2.48719
xxdut.xxcmpl.dp                    2.47053e-06
xxdut.xxcmpl.dn                        1.23161
xxdut.xxcmpl.outb                            3
xxdut.cmpl_out                     4.81375e-09
clk                                   0.698475
xxdut.qbar                             1.24796
xxdut.mid1                             2.49384
xxdut.mid2                             2.82889
vt7#branch                                   0
vt6#branch                                   0
vt5#branch                                   0
vt4#branch                                   0
vt3#branch                                   0
vt2#branch                                   0
vt1#branch                                   0
vt0#branch                                   0
vdd#branch                        -0.000574532

 Reference value :  1.85810e-08
 Reference value :  1.11455e-07
 Reference value :  2.10590e-07
 Reference value :  3.09979e-07
 Reference value :  4.06992e-07
 Reference value :  5.06686e-07
 Reference value :  6.04120e-07
 Reference value :  7.01565e-07
 Reference value :  8.01142e-07
 Reference value :  9.04085e-07
 Reference value :  1.00709e-06
 Reference value :  1.10528e-06
No. of Data Rows : 6522
ta                  =  6.50156e-08
tb                  =  3.69111e-07
ta = 6.501561e-08
tb = 3.691115e-07
period = 1.520479e-08
fosc = 6.576873e+07
ngspice-46 done

Note: Starting dynamic gmin stepping
Note: Dynamic gmin stepping completed
