====================================================================
gf180-rcosc PVT corner run: rc_f_T+085C_V3p6_code0xA3
run id      : 20260923T030125Z
process     : rc_f (fets=typical res=res_ff mimcap=mimcap_ff)
temperature : 85 C
supply      : 3.6 V
trim code   : 0xA3 (163)
transient   : tran 200p 1200n, f = 20 periods / (t[rise=25] - t[rise=5])
wall clock  : 6.5 s
exit status : 0
====================================================================

Note: No compatibility mode selected!


Circuit: ** sch_path: /home/ubuntu/github/gf180-rcosc/.loom/worktrees/issue-57/design/pvt_tb.sch

Doing analysis at TEMP = 85.000000 and TNOM = 27.000000

Using SPARSE 1.3 as Direct Linear Solver

Initial Transient Solution
--------------------------

Node                                   Voltage
----                                   -------
vdd                                        3.6
xxdut.xxbias.xrba.11                   3.59909
xxdut.xxbias.xrba.21                   2.40091
xxdut.vh                                   2.4
xxdut.xxbias.xrbb.11                   2.39909
xxdut.xxbias.xrbb.21                   1.20091
xxdut.vl                                   1.2
xxdut.xxbias.xrbc.11                   1.19909
xxdut.xxbias.xrbc.21               0.000910524
xxdut.ibias                            1.08092
xxdut.pb                               2.21514
xxdut.xxbias.n2s                      0.253358
xxdut.xxbias.xrz.11                   0.252759
xxdut.xxbias.xrz.21                0.000598821
xxdut.xxtrim.xrfix.11                  3.59902
xxdut.xxtrim.xrfix.21                  3.37725
xxdut.xxtrim.c1                        3.37627
xxdut.xxtrim.xr0.11                     3.3759
xxdut.xxtrim.xr0.21                    3.37227
xxdut.xxtrim.c2                         3.3719
t0                                         3.6
xxdut.xxtrim.tb0                   5.92204e-09
xxdut.xxtrim.xr1.11                    3.37158
xxdut.xxtrim.xr1.21                    3.36518
xxdut.xxtrim.c3                        3.36486
t1                                         3.6
xxdut.xxtrim.tb1                   5.92204e-09
xxdut.xxtrim.xr2.11                    3.36388
xxdut.xxtrim.xr2.21                    3.32528
xxdut.xxtrim.c4                         3.3243
t2                                           0
xxdut.xxtrim.tb2                           3.6
xxdut.xxtrim.xr3.11                    3.32332
xxdut.xxtrim.xr3.21                    3.24613
xxdut.xxtrim.c5                        3.24515
t3                                           0
xxdut.xxtrim.tb3                           3.6
xxdut.xxtrim.xr4.11                    3.24417
xxdut.xxtrim.xr4.21                     3.0898
xxdut.xxtrim.c6                        3.08882
t4                                           0
xxdut.xxtrim.tb4                           3.6
xxdut.xxtrim.xr5.11                    3.08871
xxdut.xxtrim.xr5.21                    3.05525
xxdut.xxtrim.c7                        3.05514
t5                                         3.6
xxdut.xxtrim.tb5                   5.92204e-09
xxdut.xxtrim.xr6.11                    3.05416
xxdut.xxtrim.xr6.21                    2.43665
xxdut.xxtrim.c8                        2.43567
t6                                           0
xxdut.xxtrim.tb6                           3.6
xxdut.xxtrim.xr7.11                    2.43563
xxdut.xxtrim.xr7.21                    2.38806
xxdut.vc                               2.38802
t7                                         3.6
xxdut.xxtrim.tb7                   5.92204e-09
xxdut.xxcmph.tail                      1.00171
xxdut.xxcmph.dp                        1.62061
xxdut.xxcmph.dn                        1.45745
xxdut.cmph_out                         1.54078
xxdut.xxcmpl.tailp                     2.81728
xxdut.xxcmpl.dp                     2.3462e-08
xxdut.xxcmpl.dn                        1.27937
xxdut.xxcmpl.outb                          3.6
xxdut.cmpl_out                     5.92204e-09
clk                                   0.707412
xxdut.qbar                             1.48276
xxdut.mid1                             2.89266
xxdut.mid2                              3.3528
vt7#branch                                   0
vt6#branch                                   0
vt5#branch                                   0
vt4#branch                                   0
vt3#branch                                   0
vt2#branch                                   0
vt1#branch                                   0
vt0#branch                                   0
vdd#branch                        -0.000791296

 Reference value :  2.08360e-08
 Reference value :  1.20671e-07
 Reference value :  2.21882e-07
 Reference value :  3.21926e-07
 Reference value :  4.21775e-07
 Reference value :  5.19052e-07
 Reference value :  6.19972e-07
 Reference value :  7.16700e-07
 Reference value :  8.12339e-07
 Reference value :  9.09820e-07
 Reference value :  1.00824e-06
 Reference value :  1.10667e-06
No. of Data Rows : 6593
ta                  =  6.67621e-08
tb                  =  3.75021e-07
ta = 6.676211e-08
tb = 3.750211e-07
period = 1.541295e-08
fosc = 6.488051e+07
ngspice-46 done

Note: Starting dynamic gmin stepping
Note: Dynamic gmin stepping completed
