====================================================================
gf180-rcosc PVT corner run: rc_f_T+085C_V3p0_code0x2B
run id      : 20260923T030125Z
process     : rc_f (fets=typical res=res_ff mimcap=mimcap_ff)
temperature : 85 C
supply      : 3 V
trim code   : 0x2B (43)
transient   : tran 200p 1200n, f = 20 periods / (t[rise=25] - t[rise=5])
wall clock  : 3.8 s
exit status : 0
====================================================================

Note: No compatibility mode selected!


Circuit: ** sch_path: /home/ubuntu/github/gf180-rcosc/.loom/worktrees/issue-57/design/pvt_tb.sch

Doing analysis at TEMP = 85.000000 and TNOM = 27.000000

Using SPARSE 1.3 as Direct Linear Solver

Initial Transient Solution
--------------------------

Node                                   Voltage
----                                   -------
vdd                                          3
xxdut.xxbias.xrba.11                   2.99924
xxdut.xxbias.xrba.21                   2.00076
xxdut.vh                                     2
xxdut.xxbias.xrbb.11                   1.99924
xxdut.xxbias.xrbb.21                   1.00076
xxdut.vl                                     1
xxdut.xxbias.xrbc.11                  0.999241
xxdut.xxbias.xrbc.21                0.00075877
xxdut.ibias                            1.05156
xxdut.pb                               1.65382
xxdut.xxbias.n2s                      0.235428
xxdut.xxbias.xrz.11                   0.234871
xxdut.xxbias.xrz.21                0.000556442
xxdut.xxtrim.xrfix.11                  2.99955
xxdut.xxtrim.xrfix.21                  2.89852
xxdut.xxtrim.c1                        2.89807
xxdut.xxtrim.xr0.11                    2.89789
xxdut.xxtrim.xr0.21                    2.89614
xxdut.xxtrim.c2                        2.89596
t0                                           3
xxdut.xxtrim.tb0                   4.81375e-09
xxdut.xxtrim.xr1.11                     2.8958
xxdut.xxtrim.xr1.21                    2.89271
xxdut.xxtrim.c3                        2.89255
t1                                           3
xxdut.xxtrim.tb1                   4.81375e-09
xxdut.xxtrim.xr2.11                     2.8921
xxdut.xxtrim.xr2.21                    2.87452
xxdut.xxtrim.c4                        2.87407
t2                                           0
xxdut.xxtrim.tb2                             3
xxdut.xxtrim.xr3.11                    2.87397
xxdut.xxtrim.xr3.21                    2.86595
xxdut.xxtrim.c5                        2.86585
t3                                           3
xxdut.xxtrim.tb3                   4.81375e-09
xxdut.xxtrim.xr4.11                     2.8654
xxdut.xxtrim.xr4.21                    2.79506
xxdut.xxtrim.c6                        2.79462
t4                                           0
xxdut.xxtrim.tb4                             3
xxdut.xxtrim.xr5.11                    2.79457
xxdut.xxtrim.xr5.21                    2.77886
xxdut.xxtrim.c7                        2.77881
t5                                           3
xxdut.xxtrim.tb5                   4.81375e-09
xxdut.xxtrim.xr6.11                    2.77836
xxdut.xxtrim.xr6.21                    2.49702
xxdut.xxtrim.c8                        2.49658
t6                                           0
xxdut.xxtrim.tb6                             3
xxdut.xxtrim.xr7.11                    2.49613
xxdut.xxtrim.xr7.21                    1.93345
xxdut.vc                               1.93301
t7                                           0
xxdut.xxtrim.tb7                             3
xxdut.xxcmph.tail                     0.665924
xxdut.xxcmph.dp                        1.34699
xxdut.xxcmph.dn                       0.951432
xxdut.cmph_out                         1.29169
xxdut.xxcmpl.tailp                     2.48719
xxdut.xxcmpl.dp                    2.47013e-06
xxdut.xxcmpl.dn                        1.23161
xxdut.xxcmpl.outb                            3
xxdut.cmpl_out                     4.81375e-09
clk                                   0.653426
xxdut.qbar                             1.24983
xxdut.mid1                             2.46625
xxdut.mid2                             2.82924
vt7#branch                                   0
vt6#branch                                   0
vt5#branch                                   0
vt4#branch                                   0
vt3#branch                                   0
vt2#branch                                   0
vt1#branch                                   0
vt0#branch                                   0
vdd#branch                        -0.000561953

 Reference value :  3.35827e-08
 Reference value :  1.47970e-07
 Reference value :  2.62533e-07
 Reference value :  3.84555e-07
 Reference value :  5.16304e-07
 Reference value :  6.50918e-07
 Reference value :  7.79761e-07
 Reference value :  9.11616e-07
 Reference value :  1.03817e-06
 Reference value :  1.16785e-06
No. of Data Rows : 6256
ta                  =  9.75564e-08
tb                  =  5.62553e-07
ta = 9.755644e-08
tb = 5.625529e-07
period = 2.324982e-08
fosc = 4.301108e+07
ngspice-46 done

Note: Starting dynamic gmin stepping
Note: Dynamic gmin stepping completed
