====================================================================
gf180-rcosc PVT corner run: rc_f_T+027C_V3p6_code0x5E
run id      : 20260923T030125Z
process     : rc_f (fets=typical res=res_ff mimcap=mimcap_ff)
temperature : 27 C
supply      : 3.6 V
trim code   : 0x5E (94)
transient   : tran 200p 1200n, f = 20 periods / (t[rise=25] - t[rise=5])
wall clock  : 3.4 s
exit status : 0
====================================================================

Note: No compatibility mode selected!


Circuit: ** sch_path: /home/ubuntu/github/gf180-rcosc/.loom/worktrees/issue-57/design/pvt_tb.sch

Doing analysis at TEMP = 27.000000 and TNOM = 27.000000

Using SPARSE 1.3 as Direct Linear Solver

Initial Transient Solution
--------------------------

Node                                   Voltage
----                                   -------
vdd                                        3.6
xxdut.xxbias.xrba.11                   3.59874
xxdut.xxbias.xrba.21                   2.40126
xxdut.vh                                   2.4
xxdut.xxbias.xrbb.11                   2.39874
xxdut.xxbias.xrbb.21                   1.20126
xxdut.vl                                   1.2
xxdut.xxbias.xrbc.11                   1.19874
xxdut.xxbias.xrbc.21                0.00126137
xxdut.ibias                            1.03497
xxdut.pb                               2.29161
xxdut.xxbias.n2s                      0.199981
xxdut.xxbias.xrz.11                   0.199327
xxdut.xxbias.xrz.21                0.000653982
xxdut.xxtrim.xrfix.11                  3.59913
xxdut.xxtrim.xrfix.21                  3.45722
xxdut.xxtrim.c1                        3.45635
xxdut.xxtrim.xr0.11                    3.45548
xxdut.xxtrim.xr0.21                    3.44931
xxdut.xxtrim.c2                        3.44844
t0                                           0
xxdut.xxtrim.tb0                           3.6
xxdut.xxtrim.xr1.11                    3.44819
xxdut.xxtrim.xr1.21                    3.44468
xxdut.xxtrim.c3                        3.44443
t1                                         3.6
xxdut.xxtrim.tb1                    4.8553e-09
xxdut.xxtrim.xr2.11                    3.44424
xxdut.xxtrim.xr2.21                     3.4388
xxdut.xxtrim.c4                        3.43861
t2                                         3.6
xxdut.xxtrim.tb2                    4.8553e-09
xxdut.xxtrim.xr3.11                    3.43846
xxdut.xxtrim.xr3.21                    3.42956
xxdut.xxtrim.c5                         3.4294
t3                                         3.6
xxdut.xxtrim.tb3                    4.8553e-09
xxdut.xxtrim.xr4.11                    3.42929
xxdut.xxtrim.xr4.21                     3.4164
xxdut.xxtrim.c6                        3.41629
t4                                         3.6
xxdut.xxtrim.tb4                    4.8553e-09
xxdut.xxtrim.xr5.11                    3.41542
xxdut.xxtrim.xr5.21                    3.21784
xxdut.xxtrim.c7                        3.21697
t5                                           0
xxdut.xxtrim.tb5                           3.6
xxdut.xxtrim.xr6.11                    3.21692
xxdut.xxtrim.xr6.21                    3.19397
xxdut.xxtrim.c8                        3.19392
t6                                         3.6
xxdut.xxtrim.tb6                    4.8553e-09
xxdut.xxtrim.xr7.11                    3.19305
xxdut.xxtrim.xr7.21                    2.40274
xxdut.vc                               2.40187
t7                                           0
xxdut.xxtrim.tb7                           3.6
xxdut.xxcmph.tail                      1.05549
xxdut.xxcmph.dp                        1.61465
xxdut.xxcmph.dn                        1.69208
xxdut.cmph_out                         1.54685
xxdut.xxcmpl.tailp                     2.76756
xxdut.xxcmpl.dp                    1.23332e-08
xxdut.xxcmpl.dn                        1.18205
xxdut.xxcmpl.outb                          3.6
xxdut.cmpl_out                      4.8553e-09
clk                                   0.723645
xxdut.qbar                             1.48048
xxdut.mid1                             2.91109
xxdut.mid2                             3.36409
vt7#branch                                   0
vt6#branch                                   0
vt5#branch                                   0
vt4#branch                                   0
vt3#branch                                   0
vt2#branch                                   0
vt1#branch                                   0
vt0#branch                                   0
vdd#branch                        -0.000744104

 Reference value :  2.25834e-08
 Reference value :  1.33194e-07
 Reference value :  2.45848e-07
 Reference value :  3.61866e-07
 Reference value :  4.79598e-07
 Reference value :  5.93616e-07
 Reference value :  7.10144e-07
 Reference value :  8.21424e-07
 Reference value :  9.37555e-07
 Reference value :  1.06149e-06
 Reference value :  1.18636e-06
No. of Data Rows : 6345
ta                  =  8.73781e-08
tb                  =  5.01249e-07
ta = 8.737814e-08
tb = 5.012490e-07
period = 2.069354e-08
fosc = 4.832425e+07
ngspice-46 done

Note: Starting dynamic gmin stepping
Note: Dynamic gmin stepping completed
