====================================================================
gf180-rcosc PVT corner run: rc_f_T+027C_V3p0_code0xA3
run id      : 20260923T030125Z
process     : rc_f (fets=typical res=res_ff mimcap=mimcap_ff)
temperature : 27 C
supply      : 3 V
trim code   : 0xA3 (163)
transient   : tran 200p 1200n, f = 20 periods / (t[rise=25] - t[rise=5])
wall clock  : 4.2 s
exit status : 0
====================================================================

Note: No compatibility mode selected!


Circuit: ** sch_path: /home/ubuntu/github/gf180-rcosc/.loom/worktrees/issue-57/design/pvt_tb.sch

Doing analysis at TEMP = 27.000000 and TNOM = 27.000000

Using SPARSE 1.3 as Direct Linear Solver

Initial Transient Solution
--------------------------

Node                                   Voltage
----                                   -------
vdd                                          3
xxdut.xxbias.xrba.11                   2.99895
xxdut.xxbias.xrba.21                   2.00105
xxdut.vh                                     2
xxdut.xxbias.xrbb.11                   1.99895
xxdut.xxbias.xrbb.21                   1.00105
xxdut.vl                                     1
xxdut.xxbias.xrbc.11                  0.998949
xxdut.xxbias.xrbc.21                0.00105114
xxdut.ibias                            1.00498
xxdut.pb                               1.73323
xxdut.xxbias.n2s                      0.181899
xxdut.xxbias.xrz.11                   0.181305
xxdut.xxbias.xrz.21                 0.00059485
xxdut.xxtrim.xrfix.11                  2.99889
xxdut.xxtrim.xrfix.21                  2.81846
xxdut.xxtrim.c1                        2.81736
xxdut.xxtrim.xr0.11                    2.81697
xxdut.xxtrim.xr0.21                    2.81419
xxdut.xxtrim.c2                         2.8138
t0                                           3
xxdut.xxtrim.tb0                   3.84915e-09
xxdut.xxtrim.xr1.11                    2.81345
xxdut.xxtrim.xr1.21                    2.80848
xxdut.xxtrim.c3                        2.80813
t1                                           3
xxdut.xxtrim.tb1                   3.84915e-09
xxdut.xxtrim.xr2.11                    2.80703
xxdut.xxtrim.xr2.21                    2.77563
xxdut.xxtrim.c4                        2.77452
t2                                           0
xxdut.xxtrim.tb2                             3
xxdut.xxtrim.xr3.11                    2.77342
xxdut.xxtrim.xr3.21                    2.71062
xxdut.xxtrim.c5                        2.70951
t3                                           0
xxdut.xxtrim.tb3                             3
xxdut.xxtrim.xr4.11                    2.70841
xxdut.xxtrim.xr4.21                    2.58281
xxdut.xxtrim.c6                         2.5817
t4                                           0
xxdut.xxtrim.tb4                             3
xxdut.xxtrim.xr5.11                    2.58158
xxdut.xxtrim.xr5.21                    2.55485
xxdut.xxtrim.c7                        2.55474
t5                                           3
xxdut.xxtrim.tb5                   3.84915e-09
xxdut.xxtrim.xr6.11                    2.55363
xxdut.xxtrim.xr6.21                    2.05123
xxdut.xxtrim.c8                        2.05012
t6                                           0
xxdut.xxtrim.tb6                             3
xxdut.xxtrim.xr7.11                    2.05006
xxdut.xxtrim.xr7.21                    1.99556
xxdut.vc                                1.9955
t7                                           3
xxdut.xxtrim.tb7                   3.84915e-09
xxdut.xxcmph.tail                     0.754691
xxdut.xxcmph.dp                        1.34417
xxdut.xxcmph.dn                        1.18858
xxdut.cmph_out                         1.28275
xxdut.xxcmpl.tailp                     2.44019
xxdut.xxcmpl.dp                    1.28944e-08
xxdut.xxcmpl.dn                        1.13853
xxdut.xxcmpl.outb                            3
xxdut.cmpl_out                     3.84915e-09
clk                                   0.741373
xxdut.qbar                             1.25314
xxdut.mid1                             2.52739
xxdut.mid2                             2.84307
vt7#branch                                   0
vt6#branch                                   0
vt5#branch                                   0
vt4#branch                                   0
vt3#branch                                   0
vt2#branch                                   0
vt1#branch                                   0
vt0#branch                                   0
vdd#branch                         -0.00051429

 Reference value :  2.22311e-08
 Reference value :  1.25198e-07
 Reference value :  2.30391e-07
 Reference value :  3.30183e-07
 Reference value :  4.30658e-07
 Reference value :  5.31784e-07
 Reference value :  6.36386e-07
 Reference value :  7.44193e-07
 Reference value :  8.49938e-07
 Reference value :  9.52592e-07
 Reference value :  1.05772e-06
 Reference value :  1.16442e-06
No. of Data Rows : 6415
ta                  =  6.91045e-08
tb                  =  3.95425e-07
ta = 6.910454e-08
tb = 3.954246e-07
period = 1.631600e-08
fosc = 6.128952e+07
ngspice-46 done

Note: Starting dynamic gmin stepping
Note: Dynamic gmin stepping completed
