====================================================================
gf180-rcosc PVT corner run: rc_f_T-040C_V3p0_code0xA3
run id      : 20260923T030125Z
process     : rc_f (fets=typical res=res_ff mimcap=mimcap_ff)
temperature : -40 C
supply      : 3 V
trim code   : 0xA3 (163)
transient   : tran 200p 1200n, f = 20 periods / (t[rise=25] - t[rise=5])
wall clock  : 5.4 s
exit status : 0
====================================================================

Note: No compatibility mode selected!


Circuit: ** sch_path: /home/ubuntu/github/gf180-rcosc/.loom/worktrees/issue-57/design/pvt_tb.sch

Doing analysis at TEMP = -40.000000 and TNOM = 27.000000

Using SPARSE 1.3 as Direct Linear Solver

Initial Transient Solution
--------------------------

Node                                   Voltage
----                                   -------
vdd                                          3
xxdut.xxbias.xrba.11                   2.99832
xxdut.xxbias.xrba.21                   2.00168
xxdut.vh                                     2
xxdut.xxbias.xrbb.11                   1.99832
xxdut.xxbias.xrbb.21                   1.00168
xxdut.vl                                     1
xxdut.xxbias.xrbc.11                  0.998317
xxdut.xxbias.xrbc.21                0.00168312
xxdut.ibias                           0.974479
xxdut.pb                               1.80261
xxdut.xxbias.n2s                      0.131231
xxdut.xxbias.xrz.11                   0.130545
xxdut.xxbias.xrz.21                0.000685339
xxdut.xxtrim.xrfix.11                  2.99823
xxdut.xxtrim.xrfix.21                  2.81797
xxdut.xxtrim.c1                         2.8162
xxdut.xxtrim.xr0.11                    2.81571
xxdut.xxtrim.xr0.21                    2.81355
xxdut.xxtrim.c2                        2.81307
t0                                           3
xxdut.xxtrim.tb0                   3.03766e-09
xxdut.xxtrim.xr1.11                    2.81262
xxdut.xxtrim.xr1.21                    2.80866
xxdut.xxtrim.c3                        2.80822
t1                                           3
xxdut.xxtrim.tb1                   3.03766e-09
xxdut.xxtrim.xr2.11                    2.80645
xxdut.xxtrim.xr2.21                    2.77508
xxdut.xxtrim.c4                        2.77331
t2                                           0
xxdut.xxtrim.tb2                             3
xxdut.xxtrim.xr3.11                    2.77154
xxdut.xxtrim.xr3.21                     2.7088
xxdut.xxtrim.c5                        2.70703
t3                                           0
xxdut.xxtrim.tb3                             3
xxdut.xxtrim.xr4.11                    2.70526
xxdut.xxtrim.xr4.21                    2.57977
xxdut.xxtrim.c6                          2.578
t4                                           0
xxdut.xxtrim.tb4                             3
xxdut.xxtrim.xr5.11                    2.57785
xxdut.xxtrim.xr5.21                    2.55652
xxdut.xxtrim.c7                        2.55637
t5                                           3
xxdut.xxtrim.tb5                   3.03766e-09
xxdut.xxtrim.xr6.11                     2.5546
xxdut.xxtrim.xr6.21                    2.05266
xxdut.xxtrim.c8                        2.05089
t6                                           0
xxdut.xxtrim.tb6                             3
xxdut.xxtrim.xr7.11                    2.05081
xxdut.xxtrim.xr7.21                    2.00106
xxdut.vc                               2.00097
t7                                           3
xxdut.xxtrim.tb7                   3.03766e-09
xxdut.xxcmph.tail                     0.787423
xxdut.xxcmph.dp                        1.34332
xxdut.xxcmph.dn                        1.41603
xxdut.cmph_out                         1.28767
xxdut.xxcmpl.tailp                     2.39818
xxdut.xxcmpl.dp                    1.10543e-08
xxdut.xxcmpl.dn                        1.06028
xxdut.xxcmpl.outb                            3
xxdut.cmpl_out                     3.03766e-09
clk                                   0.798488
xxdut.qbar                             1.26216
xxdut.mid1                              2.5699
xxdut.mid2                             2.85991
vt7#branch                                   0
vt6#branch                                   0
vt5#branch                                   0
vt4#branch                                   0
vt3#branch                                   0
vt2#branch                                   0
vt1#branch                                   0
vt0#branch                                   0
vdd#branch                        -0.000467515

 Reference value :  1.83062e-08
 Reference value :  1.08854e-07
 Reference value :  2.03152e-07
 Reference value :  3.04486e-07
 Reference value :  4.03274e-07
 Reference value :  5.04011e-07
 Reference value :  6.06437e-07
 Reference value :  7.07045e-07
 Reference value :  8.03811e-07
 Reference value :  9.07618e-07
 Reference value :  1.01004e-06
 Reference value :  1.10695e-06
No. of Data Rows : 6669
ta                  =  7.24286e-08
tb                  =  4.16640e-07
ta = 7.242857e-08
tb = 4.166404e-07
period = 1.721059e-08
fosc = 5.810376e+07
ngspice-46 done

Note: Starting dynamic gmin stepping
Note: Dynamic gmin stepping completed
