====================================================================
gf180-rcosc PVT corner run: rc_s_T+027C_V3p0_code0xA3
run id      : 20260923T030125Z
process     : rc_s (fets=typical res=res_ss mimcap=mimcap_ss)
temperature : 27 C
supply      : 3 V
trim code   : 0xA3 (163)
transient   : tran 200p 1200n, f = 20 periods / (t[rise=25] - t[rise=5])
wall clock  : 5.4 s
exit status : 0
====================================================================

Note: No compatibility mode selected!


Circuit: ** sch_path: /home/ubuntu/github/gf180-rcosc/.loom/worktrees/issue-57/design/pvt_tb.sch

Doing analysis at TEMP = 27.000000 and TNOM = 27.000000

Using SPARSE 1.3 as Direct Linear Solver

Initial Transient Solution
--------------------------

Node                                   Voltage
----                                   -------
vdd                                          3
xxdut.xxbias.xrba.11                    2.9993
xxdut.xxbias.xrba.21                    2.0007
xxdut.vh                                     2
xxdut.xxbias.xrbb.11                    1.9993
xxdut.xxbias.xrbb.21                    1.0007
xxdut.vl                                     1
xxdut.xxbias.xrbc.11                  0.999299
xxdut.xxbias.xrbc.21               0.000701252
xxdut.ibias                           0.913975
xxdut.pb                               1.86421
xxdut.xxbias.n2s                      0.145663
xxdut.xxbias.xrz.11                   0.145345
xxdut.xxbias.xrz.21                 0.00031826
xxdut.xxtrim.xrfix.11                  2.99924
xxdut.xxtrim.xrfix.21                  2.81405
xxdut.xxtrim.c1                        2.81329
xxdut.xxtrim.xr0.11                    2.81308
xxdut.xxtrim.xr0.21                     2.8108
xxdut.xxtrim.c2                        2.81058
t0                                           3
xxdut.xxtrim.tb0                   3.84915e-09
xxdut.xxtrim.xr1.11                     2.8104
xxdut.xxtrim.xr1.21                    2.80647
xxdut.xxtrim.c3                        2.80629
t1                                           3
xxdut.xxtrim.tb1                   3.84915e-09
xxdut.xxtrim.xr2.11                    2.80553
xxdut.xxtrim.xr2.21                     2.7733
xxdut.xxtrim.c4                        2.77255
t2                                           0
xxdut.xxtrim.tb2                             3
xxdut.xxtrim.xr3.11                    2.77179
xxdut.xxtrim.xr3.21                    2.70733
xxdut.xxtrim.c5                        2.70658
t3                                           0
xxdut.xxtrim.tb3                             3
xxdut.xxtrim.xr4.11                    2.70582
xxdut.xxtrim.xr4.21                     2.5769
xxdut.xxtrim.c6                        2.57615
t4                                           0
xxdut.xxtrim.tb4                             3
xxdut.xxtrim.xr5.11                    2.57609
xxdut.xxtrim.xr5.21                    2.55708
xxdut.xxtrim.c7                        2.55702
t5                                           3
xxdut.xxtrim.tb5                   3.84915e-09
xxdut.xxtrim.xr6.11                    2.55627
xxdut.xxtrim.xr6.21                    2.04059
xxdut.xxtrim.c8                        2.03984
t6                                           0
xxdut.xxtrim.tb6                             3
xxdut.xxtrim.xr7.11                    2.03981
xxdut.xxtrim.xr7.21                    2.00186
xxdut.vc                               2.00183
t7                                           3
xxdut.xxtrim.tb7                   3.84915e-09
xxdut.xxcmph.tail                      0.83192
xxdut.xxcmph.dp                        1.34406
xxdut.xxcmph.dn                        1.46483
xxdut.cmph_out                         1.28923
xxdut.xxcmpl.tailp                     2.34824
xxdut.xxcmpl.dp                    1.51982e-08
xxdut.xxcmpl.dn                        1.01358
xxdut.xxcmpl.outb                            3
xxdut.cmpl_out                     3.84915e-09
clk                                   0.717286
xxdut.qbar                             1.25376
xxdut.mid1                             2.51274
xxdut.mid2                             2.84316
vt7#branch                                   0
vt6#branch                                   0
vt5#branch                                   0
vt4#branch                                   0
vt3#branch                                   0
vt2#branch                                   0
vt1#branch                                   0
vt0#branch                                   0
vdd#branch                        -0.000409022

 Reference value :  2.40172e-08
 Reference value :  1.34625e-07
 Reference value :  2.41497e-07
 Reference value :  3.54906e-07
 Reference value :  4.68347e-07
 Reference value :  5.85950e-07
 Reference value :  7.10237e-07
 Reference value :  8.25894e-07
 Reference value :  9.46647e-07
 Reference value :  1.07639e-06
No. of Data Rows : 6391
ta                  =  1.08695e-07
tb                  =  6.31434e-07
ta = 1.086955e-07
tb = 6.314341e-07
period = 2.613693e-08
fosc = 3.826004e+07
ngspice-46 done

Note: Starting dynamic gmin stepping
Note: Dynamic gmin stepping completed
