====================================================================
gf180-rcosc PVT corner run: rc_s_T+027C_V3p3_code0x9F
run id      : 20260923T030125Z
process     : rc_s (fets=typical res=res_ss mimcap=mimcap_ss)
temperature : 27 C
supply      : 3.3 V
trim code   : 0x9F (159)
transient   : tran 200p 1200n, f = 20 periods / (t[rise=25] - t[rise=5])
wall clock  : 1.9 s
exit status : 0
====================================================================

Note: No compatibility mode selected!


Circuit: ** sch_path: /home/ubuntu/github/gf180-rcosc/.loom/worktrees/issue-57/design/pvt_tb.sch

Doing analysis at TEMP = 27.000000 and TNOM = 27.000000

Using SPARSE 1.3 as Direct Linear Solver

Initial Transient Solution
--------------------------

Node                                   Voltage
----                                   -------
vdd                                        3.3
xxdut.xxbias.xrba.11                   3.29923
xxdut.xxbias.xrba.21                   2.20077
xxdut.vh                                   2.2
xxdut.xxbias.xrbb.11                   2.19923
xxdut.xxbias.xrbb.21                   1.10077
xxdut.vl                                   1.1
xxdut.xxbias.xrbc.11                   1.09923
xxdut.xxbias.xrbc.21               0.000771378
xxdut.ibias                           0.929325
xxdut.pb                               2.14298
xxdut.xxbias.n2s                      0.154761
xxdut.xxbias.xrz.11                   0.154423
xxdut.xxbias.xrz.21                0.000338137
xxdut.xxtrim.xrfix.11                  3.29919
xxdut.xxtrim.xrfix.21                  3.10148
xxdut.xxtrim.c1                        3.10068
xxdut.xxtrim.xr0.11                    3.10046
xxdut.xxtrim.xr0.21                    3.09815
xxdut.xxtrim.c2                        3.09793
t0                                         3.3
xxdut.xxtrim.tb0                   4.20669e-09
xxdut.xxtrim.xr1.11                    3.09775
xxdut.xxtrim.xr1.21                    3.09379
xxdut.xxtrim.c3                         3.0936
t1                                         3.3
xxdut.xxtrim.tb1                   4.20669e-09
xxdut.xxtrim.xr2.11                    3.09346
xxdut.xxtrim.xr2.21                    3.08752
xxdut.xxtrim.c4                        3.08738
t2                                         3.3
xxdut.xxtrim.tb2                   4.20669e-09
xxdut.xxtrim.xr3.11                    3.08727
xxdut.xxtrim.xr3.21                    3.07773
xxdut.xxtrim.c5                        3.07761
t3                                         3.3
xxdut.xxtrim.tb3                   4.20669e-09
xxdut.xxtrim.xr4.11                    3.07754
xxdut.xxtrim.xr4.21                    3.06397
xxdut.xxtrim.c6                        3.06389
t4                                         3.3
xxdut.xxtrim.tb4                   4.20669e-09
xxdut.xxtrim.xr5.11                    3.06309
xxdut.xxtrim.xr5.21                    2.78783
xxdut.xxtrim.c7                        2.78702
t5                                           0
xxdut.xxtrim.tb5                           3.3
xxdut.xxtrim.xr6.11                    2.78621
xxdut.xxtrim.xr6.21                     2.2357
xxdut.xxtrim.c8                        2.23489
t6                                           0
xxdut.xxtrim.tb6                           3.3
xxdut.xxtrim.xr7.11                    2.23487
xxdut.xxtrim.xr7.21                    2.20363
xxdut.vc                               2.20361
t7                                         3.3
xxdut.xxtrim.tb7                   4.20669e-09
xxdut.xxcmph.tail                     0.981409
xxdut.xxcmph.dp                        1.47837
xxdut.xxcmph.dn                        1.71738
xxdut.cmph_out                         1.41702
xxdut.xxcmpl.tailp                     2.51151
xxdut.xxcmpl.dp                    1.57116e-08
xxdut.xxcmpl.dn                        1.03485
xxdut.xxcmpl.outb                          3.3
xxdut.cmpl_out                     4.20669e-09
clk                                   0.720163
xxdut.qbar                             1.36597
xxdut.mid1                             2.71238
xxdut.mid2                             3.10402
vt7#branch                                   0
vt6#branch                                   0
vt5#branch                                   0
vt4#branch                                   0
vt3#branch                                   0
vt2#branch                                   0
vt1#branch                                   0
vt0#branch                                   0
vdd#branch                        -0.000517774

 Reference value :  7.44204e-08
 Reference value :  2.60114e-07
 Reference value :  4.33159e-07
 Reference value :  5.92073e-07
 Reference value :  7.48897e-07
 Reference value :  9.32427e-07
 Reference value :  1.11725e-06
No. of Data Rows : 6499
ta                  =  1.09861e-07
tb                  =  6.40270e-07
ta = 1.098608e-07
tb = 6.402698e-07
period = 2.652045e-08
fosc = 3.770675e+07
ngspice-46 done

Note: Starting dynamic gmin stepping
Note: Dynamic gmin stepping completed
