====================================================================
gf180-rcosc PVT corner run: rc_s_T+085C_V3p6_code0xA8
run id      : 20260923T030125Z
process     : rc_s (fets=typical res=res_ss mimcap=mimcap_ss)
temperature : 85 C
supply      : 3.6 V
trim code   : 0xA8 (168)
transient   : tran 200p 1200n, f = 20 periods / (t[rise=25] - t[rise=5])
wall clock  : 2.6 s
exit status : 0
====================================================================

Note: No compatibility mode selected!


Circuit: ** sch_path: /home/ubuntu/github/gf180-rcosc/.loom/worktrees/issue-57/design/pvt_tb.sch

Doing analysis at TEMP = 85.000000 and TNOM = 27.000000

Using SPARSE 1.3 as Direct Linear Solver

Initial Transient Solution
--------------------------

Node                                   Voltage
----                                   -------
vdd                                        3.6
xxdut.xxbias.xrba.11                   3.59939
xxdut.xxbias.xrba.21                   2.40061
xxdut.vh                                   2.4
xxdut.xxbias.xrbb.11                   2.39939
xxdut.xxbias.xrbb.21                   1.20061
xxdut.vl                                   1.2
xxdut.xxbias.xrbc.11                   1.19939
xxdut.xxbias.xrbc.21               0.000607323
xxdut.ibias                           0.951838
xxdut.pb                               2.39468
xxdut.xxbias.n2s                      0.197997
xxdut.xxbias.xrz.11                   0.197684
xxdut.xxbias.xrz.21                0.000312474
xxdut.xxtrim.xrfix.11                  3.59931
xxdut.xxtrim.xrfix.21                  3.36619
xxdut.xxtrim.c1                        3.36551
xxdut.xxtrim.xr0.11                    3.36482
xxdut.xxtrim.xr0.21                    3.35468
xxdut.xxtrim.c2                        3.35399
t0                                           0
xxdut.xxtrim.tb0                           3.6
xxdut.xxtrim.xr1.11                    3.35331
xxdut.xxtrim.xr1.21                    3.33302
xxdut.xxtrim.c3                        3.33234
t1                                           0
xxdut.xxtrim.tb1                           3.6
xxdut.xxtrim.xr2.11                    3.33165
xxdut.xxtrim.xr2.21                    3.29108
xxdut.xxtrim.c4                        3.29039
t2                                           0
xxdut.xxtrim.tb2                           3.6
xxdut.xxtrim.xr3.11                    3.29029
xxdut.xxtrim.xr3.21                    3.27766
xxdut.xxtrim.c5                        3.27755
t3                                         3.6
xxdut.xxtrim.tb3                   5.92204e-09
xxdut.xxtrim.xr4.11                    3.27686
xxdut.xxtrim.xr4.21                    3.11459
xxdut.xxtrim.c6                         3.1139
t4                                           0
xxdut.xxtrim.tb4                           3.6
xxdut.xxtrim.xr5.11                    3.11385
xxdut.xxtrim.xr5.21                    3.08976
xxdut.xxtrim.c7                         3.0897
t5                                         3.6
xxdut.xxtrim.tb5                   5.92204e-09
xxdut.xxtrim.xr6.11                    3.08902
xxdut.xxtrim.xr6.21                     2.4399
xxdut.xxtrim.c8                        2.43922
t6                                           0
xxdut.xxtrim.tb6                           3.6
xxdut.xxtrim.xr7.11                     2.4392
xxdut.xxtrim.xr7.21                    2.40504
xxdut.vc                               2.40503
t7                                         3.6
xxdut.xxtrim.tb7                   5.92204e-09
xxdut.xxcmph.tail                      1.12067
xxdut.xxcmph.dp                        1.62045
xxdut.xxcmph.dn                         1.8416
xxdut.cmph_out                         1.54822
xxdut.xxcmpl.tailp                     2.68761
xxdut.xxcmpl.dp                    1.71234e-08
xxdut.xxcmpl.dn                        1.09792
xxdut.xxcmpl.outb                          3.6
xxdut.cmpl_out                     5.92204e-09
clk                                   0.680413
xxdut.qbar                             1.48594
xxdut.mid1                             2.87589
xxdut.mid2                             3.35356
vt7#branch                                   0
vt6#branch                                   0
vt5#branch                                   0
vt4#branch                                   0
vt3#branch                                   0
vt2#branch                                   0
vt1#branch                                   0
vt0#branch                                   0
vdd#branch                        -0.000636052

 Reference value :  4.02961e-08
 Reference value :  1.59660e-07
 Reference value :  2.75520e-07
 Reference value :  3.93778e-07
 Reference value :  5.15074e-07
 Reference value :  6.39833e-07
 Reference value :  7.64394e-07
 Reference value :  8.90189e-07
 Reference value :  1.04621e-06
No. of Data Rows : 6384
ta                  =  1.00630e-07
tb                  =  5.83231e-07
ta = 1.006300e-07
tb = 5.832315e-07
period = 2.413007e-08
fosc = 4.144206e+07
ngspice-46 done

Note: Starting dynamic gmin stepping
Note: Dynamic gmin stepping completed
