====================================================================
gf180-rcosc PVT corner run: rc_s_T-040C_V3p3_code0xA3
run id      : 20260923T030125Z
process     : rc_s (fets=typical res=res_ss mimcap=mimcap_ss)
temperature : -40 C
supply      : 3.3 V
trim code   : 0xA3 (163)
transient   : tran 200p 1200n, f = 20 periods / (t[rise=25] - t[rise=5])
wall clock  : 4.9 s
exit status : 0
====================================================================

Note: No compatibility mode selected!


Circuit: ** sch_path: /home/ubuntu/github/gf180-rcosc/.loom/worktrees/issue-57/design/pvt_tb.sch

Doing analysis at TEMP = -40.000000 and TNOM = 27.000000

Using SPARSE 1.3 as Direct Linear Solver

Initial Transient Solution
--------------------------

Node                                   Voltage
----                                   -------
vdd                                        3.3
xxdut.xxbias.xrba.11                   3.29876
xxdut.xxbias.xrba.21                   2.20124
xxdut.vh                                   2.2
xxdut.xxbias.xrbb.11                   2.19876
xxdut.xxbias.xrbb.21                   1.10124
xxdut.vl                                   1.1
xxdut.xxbias.xrbc.11                   1.09876
xxdut.xxbias.xrbc.21                0.00123568
xxdut.ibias                           0.934882
xxdut.pb                               2.16257
xxdut.xxbias.n2s                      0.121368
xxdut.xxbias.xrz.11                   0.120944
xxdut.xxbias.xrz.21                0.000424032
xxdut.xxtrim.xrfix.11                  3.29865
xxdut.xxtrim.xrfix.21                  3.09231
xxdut.xxtrim.c1                        3.09096
xxdut.xxtrim.xr0.11                    3.09068
xxdut.xxtrim.xr0.21                     3.0888
xxdut.xxtrim.c2                        3.08852
t0                                         3.3
xxdut.xxtrim.tb0                    3.3465e-09
xxdut.xxtrim.xr1.11                    3.08828
xxdut.xxtrim.xr1.21                    3.08499
xxdut.xxtrim.c3                        3.08474
t1                                         3.3
xxdut.xxtrim.tb1                    3.3465e-09
xxdut.xxtrim.xr2.11                    3.08339
xxdut.xxtrim.xr2.21                    3.04749
xxdut.xxtrim.c4                        3.04613
t2                                           0
xxdut.xxtrim.tb2                           3.3
xxdut.xxtrim.xr3.11                    3.04478
xxdut.xxtrim.xr3.21                    2.97297
xxdut.xxtrim.c5                        2.97162
t3                                           0
xxdut.xxtrim.tb3                           3.3
xxdut.xxtrim.xr4.11                    2.97026
xxdut.xxtrim.xr4.21                    2.82663
xxdut.xxtrim.c6                        2.82528
t4                                           0
xxdut.xxtrim.tb4                           3.3
xxdut.xxtrim.xr5.11                     2.8252
xxdut.xxtrim.xr5.21                    2.80959
xxdut.xxtrim.c7                        2.80952
t5                                         3.3
xxdut.xxtrim.tb5                    3.3465e-09
xxdut.xxtrim.xr6.11                    2.80817
xxdut.xxtrim.xr6.21                    2.23362
xxdut.xxtrim.c8                        2.23227
t6                                           0
xxdut.xxtrim.tb6                           3.3
xxdut.xxtrim.xr7.11                    2.23224
xxdut.xxtrim.xr7.21                     2.2039
xxdut.vc                               2.20386
t7                                         3.3
xxdut.xxtrim.tb7                    3.3465e-09
xxdut.xxcmph.tail                     0.982136
xxdut.xxcmph.dp                        1.47641
xxdut.xxcmph.dn                        1.83919
xxdut.cmph_out                          1.4183
xxdut.xxcmpl.tailp                     2.50371
xxdut.xxcmpl.dp                    1.46772e-08
xxdut.xxcmpl.dn                        1.00684
xxdut.xxcmpl.outb                          3.3
xxdut.cmpl_out                      3.3465e-09
clk                                   0.782552
xxdut.qbar                             1.37174
xxdut.mid1                             2.75895
xxdut.mid2                             3.11989
vt7#branch                                   0
vt6#branch                                   0
vt5#branch                                   0
vt4#branch                                   0
vt3#branch                                   0
vt2#branch                                   0
vt1#branch                                   0
vt0#branch                                   0
vdd#branch                        -0.000525381

 Reference value :  0.00000e+00
 Reference value :  1.11097e-07
 Reference value :  2.17818e-07
 Reference value :  3.20513e-07
 Reference value :  4.34423e-07
 Reference value :  5.48035e-07
 Reference value :  6.57641e-07
 Reference value :  7.68013e-07
 Reference value :  8.85577e-07
 Reference value :  1.00583e-06
 Reference value :  1.12080e-06
No. of Data Rows : 6490
ta                  =  1.12746e-07
tb                  =  6.56501e-07
ta = 1.127463e-07
tb = 6.565011e-07
period = 2.718774e-08
fosc = 3.678128e+07
ngspice-46 done

Note: Starting dynamic gmin stepping
Warning: Dynamic gmin stepping failed
Note: Starting true gmin stepping
Note: True gmin stepping completed
