====================================================================
gf180-rcosc PVT corner run: rc_s_T-040C_V3p3_code0xA8
run id      : 20260923T030125Z
process     : rc_s (fets=typical res=res_ss mimcap=mimcap_ss)
temperature : -40 C
supply      : 3.3 V
trim code   : 0xA8 (168)
transient   : tran 200p 1200n, f = 20 periods / (t[rise=25] - t[rise=5])
wall clock  : 3.8 s
exit status : 0
====================================================================

Note: No compatibility mode selected!


Circuit: ** sch_path: /home/ubuntu/github/gf180-rcosc/.loom/worktrees/issue-57/design/pvt_tb.sch

Doing analysis at TEMP = -40.000000 and TNOM = 27.000000

Using SPARSE 1.3 as Direct Linear Solver

Initial Transient Solution
--------------------------

Node                                   Voltage
----                                   -------
vdd                                        3.3
xxdut.xxbias.xrba.11                   3.29876
xxdut.xxbias.xrba.21                   2.20124
xxdut.vh                                   2.2
xxdut.xxbias.xrbb.11                   2.19876
xxdut.xxbias.xrbb.21                   1.10124
xxdut.vl                                   1.1
xxdut.xxbias.xrbc.11                   1.09876
xxdut.xxbias.xrbc.21                0.00123568
xxdut.ibias                           0.934882
xxdut.pb                               2.16257
xxdut.xxbias.n2s                      0.121368
xxdut.xxbias.xrz.11                   0.120944
xxdut.xxbias.xrz.21                0.000424032
xxdut.xxtrim.xrfix.11                   3.2986
xxdut.xxtrim.xrfix.21                  3.08443
xxdut.xxtrim.c1                        3.08303
xxdut.xxtrim.xr0.11                    3.08163
xxdut.xxtrim.xr0.21                    3.07231
xxdut.xxtrim.c2                        3.07091
t0                                           0
xxdut.xxtrim.tb0                           3.3
xxdut.xxtrim.xr1.11                    3.06951
xxdut.xxtrim.xr1.21                    3.05088
xxdut.xxtrim.c3                        3.04947
t1                                           0
xxdut.xxtrim.tb1                           3.3
xxdut.xxtrim.xr2.11                    3.04807
xxdut.xxtrim.xr2.21                     3.0108
xxdut.xxtrim.c4                         3.0094
t2                                           0
xxdut.xxtrim.tb2                           3.3
xxdut.xxtrim.xr3.11                    3.00924
xxdut.xxtrim.xr3.21                    3.00076
xxdut.xxtrim.c5                         3.0006
t3                                         3.3
xxdut.xxtrim.tb3                    3.3465e-09
xxdut.xxtrim.xr4.11                     2.9992
xxdut.xxtrim.xr4.21                    2.85012
xxdut.xxtrim.c6                        2.84872
t4                                           0
xxdut.xxtrim.tb4                           3.3
xxdut.xxtrim.xr5.11                    2.84864
xxdut.xxtrim.xr5.21                     2.8326
xxdut.xxtrim.c7                        2.83252
t5                                         3.3
xxdut.xxtrim.tb5                    3.3465e-09
xxdut.xxtrim.xr6.11                    2.83112
xxdut.xxtrim.xr6.21                    2.23479
xxdut.xxtrim.c8                        2.23338
t6                                           0
xxdut.xxtrim.tb6                           3.3
xxdut.xxtrim.xr7.11                    2.23335
xxdut.xxtrim.xr7.21                     2.2039
xxdut.vc                               2.20386
t7                                         3.3
xxdut.xxtrim.tb7                    3.3465e-09
xxdut.xxcmph.tail                     0.982136
xxdut.xxcmph.dp                        1.47641
xxdut.xxcmph.dn                        1.83919
xxdut.cmph_out                         1.41783
xxdut.xxcmpl.tailp                     2.50371
xxdut.xxcmpl.dp                    1.46772e-08
xxdut.xxcmpl.dn                        1.00684
xxdut.xxcmpl.outb                          3.3
xxdut.cmpl_out                      3.3465e-09
clk                                   0.784536
xxdut.qbar                             1.37169
xxdut.mid1                             2.76016
xxdut.mid2                             3.11988
vt7#branch                                   0
vt6#branch                                   0
vt5#branch                                   0
vt4#branch                                   0
vt3#branch                                   0
vt2#branch                                   0
vt1#branch                                   0
vt0#branch                                   0
vdd#branch                        -0.000526001

 Reference value :  0.00000e+00
 Reference value :  1.09531e-07
 Reference value :  2.13522e-07
 Reference value :  3.15695e-07
 Reference value :  4.20195e-07
 Reference value :  5.30144e-07
 Reference value :  6.39442e-07
 Reference value :  7.50159e-07
 Reference value :  8.58948e-07
 Reference value :  9.74898e-07
 Reference value :  1.09149e-06
No. of Data Rows : 6425
ta                  =  1.09343e-07
tb                  =  6.36305e-07
ta = 1.093433e-07
tb = 6.363054e-07
period = 2.634810e-08
fosc = 3.795339e+07
ngspice-46 done

Note: Starting dynamic gmin stepping
Warning: Dynamic gmin stepping failed
Note: Starting true gmin stepping
Note: True gmin stepping completed
