====================================================================
gf180-rcosc PVT corner run: rc_s_T+027C_V3p3_code0x7F
run id      : 20260923T030125Z
process     : rc_s (fets=typical res=res_ss mimcap=mimcap_ss)
temperature : 27 C
supply      : 3.3 V
trim code   : 0x7F (127)
transient   : tran 200p 1200n, f = 20 periods / (t[rise=25] - t[rise=5])
wall clock  : 1.7 s
exit status : 0
====================================================================

Note: No compatibility mode selected!


Circuit: ** sch_path: /home/ubuntu/github/gf180-rcosc/.loom/worktrees/issue-57/design/pvt_tb.sch

Doing analysis at TEMP = 27.000000 and TNOM = 27.000000

Using SPARSE 1.3 as Direct Linear Solver

Initial Transient Solution
--------------------------

Node                                   Voltage
----                                   -------
vdd                                        3.3
xxdut.xxbias.xrba.11                   3.29923
xxdut.xxbias.xrba.21                   2.20077
xxdut.vh                                   2.2
xxdut.xxbias.xrbb.11                   2.19923
xxdut.xxbias.xrbb.21                   1.10077
xxdut.vl                                   1.1
xxdut.xxbias.xrbc.11                   1.09923
xxdut.xxbias.xrbc.21               0.000771378
xxdut.ibias                           0.929325
xxdut.pb                               2.14298
xxdut.xxbias.n2s                      0.154761
xxdut.xxbias.xrz.11                   0.154423
xxdut.xxbias.xrz.21                0.000338137
xxdut.xxtrim.xrfix.11                  3.29936
xxdut.xxtrim.xrfix.21                  3.14194
xxdut.xxtrim.c1                         3.1413
xxdut.xxtrim.xr0.11                    3.14113
xxdut.xxtrim.xr0.21                    3.13931
xxdut.xxtrim.c2                        3.13914
t0                                         3.3
xxdut.xxtrim.tb0                   4.20669e-09
xxdut.xxtrim.xr1.11                    3.13899
xxdut.xxtrim.xr1.21                    3.13588
xxdut.xxtrim.c3                        3.13573
t1                                         3.3
xxdut.xxtrim.tb1                   4.20669e-09
xxdut.xxtrim.xr2.11                    3.13562
xxdut.xxtrim.xr2.21                    3.13095
xxdut.xxtrim.c4                        3.13084
t2                                         3.3
xxdut.xxtrim.tb2                   4.20669e-09
xxdut.xxtrim.xr3.11                    3.13076
xxdut.xxtrim.xr3.21                    3.12327
xxdut.xxtrim.c5                        3.12319
t3                                         3.3
xxdut.xxtrim.tb3                   4.20669e-09
xxdut.xxtrim.xr4.11                    3.12312
xxdut.xxtrim.xr4.21                     3.1125
xxdut.xxtrim.c6                        3.11244
t4                                         3.3
xxdut.xxtrim.tb4                   4.20669e-09
xxdut.xxtrim.xr5.11                     3.1124
xxdut.xxtrim.xr5.21                    3.09899
xxdut.xxtrim.c7                        3.09895
t5                                         3.3
xxdut.xxtrim.tb5                   4.20669e-09
xxdut.xxtrim.xr6.11                    3.09892
xxdut.xxtrim.xr6.21                    3.08156
xxdut.xxtrim.c8                        3.08153
t6                                         3.3
xxdut.xxtrim.tb6                   4.20669e-09
xxdut.xxtrim.xr7.11                    3.08089
xxdut.xxtrim.xr7.21                    2.20425
xxdut.vc                               2.20361
t7                                           0
xxdut.xxtrim.tb7                           3.3
xxdut.xxcmph.tail                     0.981409
xxdut.xxcmph.dp                        1.47831
xxdut.xxcmph.dn                        1.71739
xxdut.cmph_out                         1.42021
xxdut.xxcmpl.tailp                     2.51151
xxdut.xxcmpl.dp                    1.57116e-08
xxdut.xxcmpl.dn                        1.03485
xxdut.xxcmpl.outb                          3.3
xxdut.cmpl_out                     4.20669e-09
clk                                   0.706488
xxdut.qbar                             1.36653
xxdut.mid1                             2.70399
xxdut.mid2                             3.10412
vt7#branch                                   0
vt6#branch                                   0
vt5#branch                                   0
vt4#branch                                   0
vt3#branch                                   0
vt2#branch                                   0
vt1#branch                                   0
vt0#branch                                   0
vdd#branch                         -0.00051432

 Reference value :  6.36160e-08
 Reference value :  2.43295e-07
 Reference value :  4.33095e-07
 Reference value :  6.26315e-07
 Reference value :  8.21331e-07
 Reference value :  1.00918e-06
No. of Data Rows : 6377
ta                  =  1.21902e-07
tb                  =  7.11413e-07
ta = 1.219018e-07
tb = 7.114128e-07
period = 2.947555e-08
fosc = 3.392642e+07
ngspice-46 done

Note: Starting dynamic gmin stepping
Note: Dynamic gmin stepping completed
