====================================================================
gf180-rcosc PVT corner run: rc_s_T+027C_V3p0_code0x80
run id      : 20260923T030125Z
process     : rc_s (fets=typical res=res_ss mimcap=mimcap_ss)
temperature : 27 C
supply      : 3 V
trim code   : 0x80 (128)
transient   : tran 200p 1200n, f = 20 periods / (t[rise=25] - t[rise=5])
wall clock  : 3.3 s
exit status : 0
====================================================================

Note: No compatibility mode selected!


Circuit: ** sch_path: /home/ubuntu/github/gf180-rcosc/.loom/worktrees/issue-57/design/pvt_tb.sch

Doing analysis at TEMP = 27.000000 and TNOM = 27.000000

Using SPARSE 1.3 as Direct Linear Solver

Initial Transient Solution
--------------------------

Node                                   Voltage
----                                   -------
vdd                                          3
xxdut.xxbias.xrba.11                    2.9993
xxdut.xxbias.xrba.21                    2.0007
xxdut.vh                                     2
xxdut.xxbias.xrbb.11                    1.9993
xxdut.xxbias.xrbb.21                    1.0007
xxdut.vl                                     1
xxdut.xxbias.xrbc.11                  0.999299
xxdut.xxbias.xrbc.21               0.000701252
xxdut.ibias                           0.913975
xxdut.pb                               1.86421
xxdut.xxbias.n2s                      0.145663
xxdut.xxbias.xrz.11                   0.145345
xxdut.xxbias.xrz.21                 0.00031826
xxdut.xxtrim.xrfix.11                   2.9994
xxdut.xxtrim.xrfix.21                   2.8525
xxdut.xxtrim.c1                         2.8519
xxdut.xxtrim.xr0.11                     2.8513
xxdut.xxtrim.xr0.21                    2.84491
xxdut.xxtrim.c2                        2.84431
t0                                           0
xxdut.xxtrim.tb0                             3
xxdut.xxtrim.xr1.11                    2.84371
xxdut.xxtrim.xr1.21                    2.83093
xxdut.xxtrim.c3                        2.83033
t1                                           0
xxdut.xxtrim.tb1                             3
xxdut.xxtrim.xr2.11                    2.82973
xxdut.xxtrim.xr2.21                    2.80416
xxdut.xxtrim.c4                        2.80356
t2                                           0
xxdut.xxtrim.tb2                             3
xxdut.xxtrim.xr3.11                    2.80296
xxdut.xxtrim.xr3.21                    2.75183
xxdut.xxtrim.c5                        2.75123
t3                                           0
xxdut.xxtrim.tb3                             3
xxdut.xxtrim.xr4.11                    2.75063
xxdut.xxtrim.xr4.21                    2.64837
xxdut.xxtrim.c6                        2.64777
t4                                           0
xxdut.xxtrim.tb4                             3
xxdut.xxtrim.xr5.11                    2.64717
xxdut.xxtrim.xr5.21                    2.44265
xxdut.xxtrim.c7                        2.44205
t5                                           0
xxdut.xxtrim.tb5                             3
xxdut.xxtrim.xr6.11                    2.44145
xxdut.xxtrim.xr6.21                     2.0324
xxdut.xxtrim.c8                         2.0318
t6                                           0
xxdut.xxtrim.tb6                             3
xxdut.xxtrim.xr7.11                    2.03178
xxdut.xxtrim.xr7.21                    2.00185
xxdut.vc                               2.00183
t7                                           3
xxdut.xxtrim.tb7                   3.84915e-09
xxdut.xxcmph.tail                      0.83192
xxdut.xxcmph.dp                        1.34401
xxdut.xxcmph.dn                        1.46483
xxdut.cmph_out                         1.29249
xxdut.xxcmpl.tailp                     2.34824
xxdut.xxcmpl.dp                    1.51982e-08
xxdut.xxcmpl.dn                        1.01358
xxdut.xxcmpl.outb                            3
xxdut.cmpl_out                     3.84915e-09
clk                                   0.703594
xxdut.qbar                             1.25413
xxdut.mid1                             2.50441
xxdut.mid2                             2.84322
vt7#branch                                   0
vt6#branch                                   0
vt5#branch                                   0
vt4#branch                                   0
vt3#branch                                   0
vt2#branch                                   0
vt1#branch                                   0
vt0#branch                                   0
vdd#branch                        -0.000405743

 Reference value :  2.43484e-08
 Reference value :  1.57808e-07
 Reference value :  2.88891e-07
 Reference value :  4.27068e-07
 Reference value :  5.57036e-07
 Reference value :  6.84982e-07
 Reference value :  8.22765e-07
 Reference value :  9.54047e-07
 Reference value :  1.09207e-06
No. of Data Rows : 6227
ta                  =  1.30618e-07
tb                  =  7.61954e-07
ta = 1.306180e-07
tb = 7.619538e-07
period = 3.156679e-08
fosc = 3.167886e+07
ngspice-46 done

Note: Starting dynamic gmin stepping
Note: Dynamic gmin stepping completed
