====================================================================
gf180-rcosc PVT corner run: rc_s_T+085C_V3p0_code0xA8
run id      : 20260923T030125Z
process     : rc_s (fets=typical res=res_ss mimcap=mimcap_ss)
temperature : 85 C
supply      : 3 V
trim code   : 0xA8 (168)
transient   : tran 200p 1200n, f = 20 periods / (t[rise=25] - t[rise=5])
wall clock  : 3.0 s
exit status : 0
====================================================================

Note: No compatibility mode selected!


Circuit: ** sch_path: /home/ubuntu/github/gf180-rcosc/.loom/worktrees/issue-57/design/pvt_tb.sch

Doing analysis at TEMP = 85.000000 and TNOM = 27.000000

Using SPARSE 1.3 as Direct Linear Solver

Initial Transient Solution
--------------------------

Node                                   Voltage
----                                   -------
vdd                                          3
xxdut.xxbias.xrba.11                   2.99949
xxdut.xxbias.xrba.21                   2.00051
xxdut.vh                                     2
xxdut.xxbias.xrbb.11                   1.99949
xxdut.xxbias.xrbb.21                   1.00051
xxdut.vl                                     1
xxdut.xxbias.xrbc.11                  0.999494
xxdut.xxbias.xrbc.21               0.000506103
xxdut.ibias                            0.92062
xxdut.pb                               1.83643
xxdut.xxbias.n2s                      0.179303
xxdut.xxbias.xrz.11                    0.17902
xxdut.xxbias.xrz.21                0.000282972
xxdut.xxtrim.xrfix.11                  2.99944
xxdut.xxtrim.xrfix.21                  2.80779
xxdut.xxtrim.c1                        2.80722
xxdut.xxtrim.xr0.11                    2.80666
xxdut.xxtrim.xr0.21                    2.79832
xxdut.xxtrim.c2                        2.79776
t0                                           0
xxdut.xxtrim.tb0                             3
xxdut.xxtrim.xr1.11                    2.79719
xxdut.xxtrim.xr1.21                    2.78051
xxdut.xxtrim.c3                        2.77995
t1                                           0
xxdut.xxtrim.tb1                             3
xxdut.xxtrim.xr2.11                    2.77939
xxdut.xxtrim.xr2.21                    2.74603
xxdut.xxtrim.c4                        2.74547
t2                                           0
xxdut.xxtrim.tb2                             3
xxdut.xxtrim.xr3.11                    2.74537
xxdut.xxtrim.xr3.21                    2.73375
xxdut.xxtrim.c5                        2.73365
t3                                           3
xxdut.xxtrim.tb3                   4.81375e-09
xxdut.xxtrim.xr4.11                    2.73308
xxdut.xxtrim.xr4.21                    2.59967
xxdut.xxtrim.c6                        2.59911
t4                                           0
xxdut.xxtrim.tb4                             3
xxdut.xxtrim.xr5.11                    2.59906
xxdut.xxtrim.xr5.21                    2.57641
xxdut.xxtrim.c7                        2.57636
t5                                           3
xxdut.xxtrim.tb5                   4.81375e-09
xxdut.xxtrim.xr6.11                    2.57579
xxdut.xxtrim.xr6.21                    2.04215
xxdut.xxtrim.c8                        2.04158
t6                                           0
xxdut.xxtrim.tb6                             3
xxdut.xxtrim.xr7.11                    2.04156
xxdut.xxtrim.xr7.21                    1.99976
xxdut.vc                               1.99974
t7                                           3
xxdut.xxtrim.tb7                   4.81375e-09
xxdut.xxcmph.tail                     0.821118
xxdut.xxcmph.dp                        1.34706
xxdut.xxcmph.dn                        1.33637
xxdut.cmph_out                         1.28782
xxdut.xxcmpl.tailp                     2.36222
xxdut.xxcmpl.dp                    2.62274e-08
xxdut.xxcmpl.dn                         1.0537
xxdut.xxcmpl.outb                            3
xxdut.cmpl_out                     4.81375e-09
clk                                   0.668826
xxdut.qbar                             1.24914
xxdut.mid1                             2.47568
xxdut.mid2                             2.82911
vt7#branch                                   0
vt6#branch                                   0
vt5#branch                                   0
vt4#branch                                   0
vt3#branch                                   0
vt2#branch                                   0
vt1#branch                                   0
vt0#branch                                   0
vdd#branch                        -0.000430422

 Reference value :  2.93179e-08
 Reference value :  1.52147e-07
 Reference value :  2.76424e-07
 Reference value :  4.01215e-07
 Reference value :  5.27123e-07
 Reference value :  6.50938e-07
 Reference value :  7.77333e-07
 Reference value :  9.02287e-07
 Reference value :  1.03209e-06
 Reference value :  1.17212e-06
No. of Data Rows : 6301
ta                  =  1.03210e-07
tb                  =  5.93908e-07
ta = 1.032095e-07
tb = 5.939077e-07
period = 2.453491e-08
fosc = 4.075825e+07
ngspice-46 done

Note: Starting dynamic gmin stepping
Note: Dynamic gmin stepping completed
