====================================================================
gf180-rcosc PVT corner run: rc_s_T+085C_V3p6_code0xC9
run id      : 20260923T030125Z
process     : rc_s (fets=typical res=res_ss mimcap=mimcap_ss)
temperature : 85 C
supply      : 3.6 V
trim code   : 0xC9 (201)
transient   : tran 200p 1200n, f = 20 periods / (t[rise=25] - t[rise=5])
wall clock  : 2.8 s
exit status : 0
====================================================================

Note: No compatibility mode selected!


Circuit: ** sch_path: /home/ubuntu/github/gf180-rcosc/.loom/worktrees/issue-57/design/pvt_tb.sch

Doing analysis at TEMP = 85.000000 and TNOM = 27.000000

Using SPARSE 1.3 as Direct Linear Solver

Initial Transient Solution
--------------------------

Node                                   Voltage
----                                   -------
vdd                                        3.6
xxdut.xxbias.xrba.11                   3.59939
xxdut.xxbias.xrba.21                   2.40061
xxdut.vh                                   2.4
xxdut.xxbias.xrbb.11                   2.39939
xxdut.xxbias.xrbb.21                   1.20061
xxdut.vl                                   1.2
xxdut.xxbias.xrbc.11                   1.19939
xxdut.xxbias.xrbc.21               0.000607323
xxdut.ibias                           0.951838
xxdut.pb                               2.39468
xxdut.xxbias.n2s                      0.197997
xxdut.xxbias.xrz.11                   0.197684
xxdut.xxbias.xrz.21                0.000312474
xxdut.xxtrim.xrfix.11                  3.59905
xxdut.xxtrim.xrfix.21                  3.27724
xxdut.xxtrim.c1                        3.27629
xxdut.xxtrim.xr0.11                      3.276
xxdut.xxtrim.xr0.21                    3.27171
xxdut.xxtrim.c2                        3.27142
t0                                         3.6
xxdut.xxtrim.tb0                   5.92204e-09
xxdut.xxtrim.xr1.11                    3.27048
xxdut.xxtrim.xr1.21                    3.24247
xxdut.xxtrim.c3                        3.24153
t1                                           0
xxdut.xxtrim.tb1                           3.6
xxdut.xxtrim.xr2.11                    3.24058
xxdut.xxtrim.xr2.21                    3.18457
xxdut.xxtrim.c4                        3.18363
t2                                           0
xxdut.xxtrim.tb2                           3.6
xxdut.xxtrim.xr3.11                    3.18347
xxdut.xxtrim.xr3.21                    3.16544
xxdut.xxtrim.c5                        3.16529
t3                                         3.6
xxdut.xxtrim.tb3                   5.92204e-09
xxdut.xxtrim.xr4.11                    3.16434
xxdut.xxtrim.xr4.21                    2.94032
xxdut.xxtrim.c6                        2.93938
t4                                           0
xxdut.xxtrim.tb4                           3.6
xxdut.xxtrim.xr5.11                    2.93843
xxdut.xxtrim.xr5.21                    2.49039
xxdut.xxtrim.c7                        2.48944
t5                                           0
xxdut.xxtrim.tb5                           3.6
xxdut.xxtrim.xr6.11                     2.4894
xxdut.xxtrim.xr6.21                    2.45267
xxdut.xxtrim.c8                        2.45263
t6                                         3.6
xxdut.xxtrim.tb6                   5.92204e-09
xxdut.xxtrim.xr7.11                     2.4526
xxdut.xxtrim.xr7.21                    2.40505
xxdut.vc                               2.40502
t7                                         3.6
xxdut.xxtrim.tb7                   5.92204e-09
xxdut.xxcmph.tail                      1.12067
xxdut.xxcmph.dp                        1.62059
xxdut.xxcmph.dn                        1.84159
xxdut.cmph_out                         1.54157
xxdut.xxcmpl.tailp                     2.68761
xxdut.xxcmpl.dp                    1.71234e-08
xxdut.xxcmpl.dn                        1.09792
xxdut.xxcmpl.outb                          3.6
xxdut.cmpl_out                     5.92204e-09
clk                                   0.704698
xxdut.qbar                             1.48305
xxdut.mid1                             2.89097
xxdut.mid2                             3.35287
vt7#branch                                   0
vt6#branch                                   0
vt5#branch                                   0
vt4#branch                                   0
vt3#branch                                   0
vt2#branch                                   0
vt1#branch                                   0
vt0#branch                                   0
vdd#branch                        -0.000644528

 Reference value :  2.95796e-08
 Reference value :  1.44883e-07
 Reference value :  2.54905e-07
 Reference value :  3.67726e-07
 Reference value :  4.85700e-07
 Reference value :  6.06899e-07
 Reference value :  7.66719e-07
 Reference value :  9.24024e-07
 Reference value :  1.09141e-06
No. of Data Rows : 6353
ta                  =  8.40974e-08
tb                  =  4.85343e-07
ta = 8.409735e-08
tb = 4.853429e-07
period = 2.006228e-08
fosc = 4.984479e+07
ngspice-46 done

Note: Starting dynamic gmin stepping
Note: Dynamic gmin stepping completed
