====================================================================
gf180-rcosc PVT corner run: rc_s_T-040C_V3p0_code0xC9
run id      : 20260923T030125Z
process     : rc_s (fets=typical res=res_ss mimcap=mimcap_ss)
temperature : -40 C
supply      : 3 V
trim code   : 0xC9 (201)
transient   : tran 200p 1200n, f = 20 periods / (t[rise=25] - t[rise=5])
wall clock  : 4.3 s
exit status : 0
====================================================================

Note: No compatibility mode selected!


Circuit: ** sch_path: /home/ubuntu/github/gf180-rcosc/.loom/worktrees/issue-57/design/pvt_tb.sch

Doing analysis at TEMP = -40.000000 and TNOM = 27.000000

Using SPARSE 1.3 as Direct Linear Solver

Initial Transient Solution
--------------------------

Node                                   Voltage
----                                   -------
vdd                                          3
xxdut.xxbias.xrba.11                   2.99888
xxdut.xxbias.xrba.21                   2.00112
xxdut.vh                                     2
xxdut.xxbias.xrbb.11                   1.99888
xxdut.xxbias.xrbb.21                   1.00112
xxdut.vl                                     1
xxdut.xxbias.xrbc.11                  0.998877
xxdut.xxbias.xrbc.21                0.00112334
xxdut.ibias                           0.918556
xxdut.pb                               1.88612
xxdut.xxbias.n2s                      0.111795
xxdut.xxbias.xrz.11                   0.111404
xxdut.xxbias.xrz.21                0.000390584
xxdut.xxtrim.xrfix.11                  2.99828
xxdut.xxtrim.xrfix.21                  2.73602
xxdut.xxtrim.c1                         2.7343
xxdut.xxtrim.xr0.11                    2.73391
xxdut.xxtrim.xr0.21                    2.73133
xxdut.xxtrim.c2                        2.73094
t0                                           3
xxdut.xxtrim.tb0                   3.03766e-09
xxdut.xxtrim.xr1.11                    2.72922
xxdut.xxtrim.xr1.21                     2.7064
xxdut.xxtrim.c3                        2.70468
t1                                           0
xxdut.xxtrim.tb1                             3
xxdut.xxtrim.xr2.11                    2.70297
xxdut.xxtrim.xr2.21                    2.65732
xxdut.xxtrim.c4                        2.65561
t2                                           0
xxdut.xxtrim.tb2                             3
xxdut.xxtrim.xr3.11                    2.65539
xxdut.xxtrim.xr3.21                    2.64391
xxdut.xxtrim.c5                        2.64369
t3                                           3
xxdut.xxtrim.tb3                   3.03766e-09
xxdut.xxtrim.xr4.11                    2.64198
xxdut.xxtrim.xr4.21                    2.45941
xxdut.xxtrim.c6                        2.45769
t4                                           0
xxdut.xxtrim.tb4                             3
xxdut.xxtrim.xr5.11                    2.45597
xxdut.xxtrim.xr5.21                    2.09084
xxdut.xxtrim.c7                        2.08912
t5                                           0
xxdut.xxtrim.tb5                             3
xxdut.xxtrim.xr6.11                    2.08903
xxdut.xxtrim.xr6.21                    2.05199
xxdut.xxtrim.c8                         2.0519
t6                                           3
xxdut.xxtrim.tb6                   3.03766e-09
xxdut.xxtrim.xr7.11                    2.05184
xxdut.xxtrim.xr7.21                    2.00265
xxdut.vc                               2.00259
t7                                           3
xxdut.xxtrim.tb7                   3.03766e-09
xxdut.xxcmph.tail                     0.833059
xxdut.xxcmph.dp                        1.34331
xxdut.xxcmph.dn                        1.59077
xxdut.cmph_out                         1.28814
xxdut.xxcmpl.tailp                     2.33921
xxdut.xxcmpl.dp                    1.45756e-08
xxdut.xxcmpl.dn                       0.984834
xxdut.xxcmpl.outb                            3
xxdut.cmpl_out                     3.03766e-09
clk                                   0.796762
xxdut.qbar                             1.26219
xxdut.mid1                             2.56886
xxdut.mid2                             2.85992
vt7#branch                                   0
vt6#branch                                   0
vt5#branch                                   0
vt4#branch                                   0
vt3#branch                                   0
vt2#branch                                   0
vt1#branch                                   0
vt0#branch                                   0
vdd#branch                         -0.00040346

 Reference value :  0.00000e+00
 Reference value :  1.04551e-07
 Reference value :  2.13306e-07
 Reference value :  3.16343e-07
 Reference value :  4.23904e-07
 Reference value :  5.24016e-07
 Reference value :  6.33526e-07
 Reference value :  7.41615e-07
 Reference value :  8.46876e-07
 Reference value :  9.57637e-07
 Reference value :  1.06607e-06
 Reference value :  1.17635e-06
No. of Data Rows : 6607
ta                  =  9.24497e-08
tb                  =  5.34680e-07
ta = 9.244969e-08
tb = 5.346801e-07
period = 2.211152e-08
fosc = 4.522529e+07
ngspice-46 done

Note: Starting dynamic gmin stepping
Warning: Dynamic gmin stepping failed
Note: Starting true gmin stepping
Note: True gmin stepping completed
