====================================================================
gf180-rcosc PVT corner run: rc_s_T+027C_V3p0_code0xC9
run id      : 20260923T030125Z
process     : rc_s (fets=typical res=res_ss mimcap=mimcap_ss)
temperature : 27 C
supply      : 3 V
trim code   : 0xC9 (201)
transient   : tran 200p 1200n, f = 20 periods / (t[rise=25] - t[rise=5])
wall clock  : 3.3 s
exit status : 0
====================================================================

Note: No compatibility mode selected!


Circuit: ** sch_path: /home/ubuntu/github/gf180-rcosc/.loom/worktrees/issue-57/design/pvt_tb.sch

Doing analysis at TEMP = 27.000000 and TNOM = 27.000000

Using SPARSE 1.3 as Direct Linear Solver

Initial Transient Solution
--------------------------

Node                                   Voltage
----                                   -------
vdd                                          3
xxdut.xxbias.xrba.11                    2.9993
xxdut.xxbias.xrba.21                    2.0007
xxdut.vh                                     2
xxdut.xxbias.xrbb.11                    1.9993
xxdut.xxbias.xrbb.21                    1.0007
xxdut.vl                                     1
xxdut.xxbias.xrbc.11                  0.999299
xxdut.xxbias.xrbc.21               0.000701252
xxdut.ibias                           0.913975
xxdut.pb                               1.86421
xxdut.xxbias.n2s                      0.145663
xxdut.xxbias.xrz.11                   0.145345
xxdut.xxbias.xrz.21                 0.00031826
xxdut.xxtrim.xrfix.11                  2.99894
xxdut.xxtrim.xrfix.21                  2.73837
xxdut.xxtrim.c1                         2.7373
xxdut.xxtrim.xr0.11                      2.737
xxdut.xxtrim.xr0.21                     2.7337
xxdut.xxtrim.c2                        2.73339
t0                                           3
xxdut.xxtrim.tb0                   3.84915e-09
xxdut.xxtrim.xr1.11                    2.73233
xxdut.xxtrim.xr1.21                    2.70966
xxdut.xxtrim.c3                        2.70859
t1                                           0
xxdut.xxtrim.tb1                             3
xxdut.xxtrim.xr2.11                    2.70753
xxdut.xxtrim.xr2.21                    2.66218
xxdut.xxtrim.c4                        2.66112
t2                                           0
xxdut.xxtrim.tb2                             3
xxdut.xxtrim.xr3.11                    2.66095
xxdut.xxtrim.xr3.21                    2.64674
xxdut.xxtrim.c5                        2.64657
t3                                           3
xxdut.xxtrim.tb3                   3.84915e-09
xxdut.xxtrim.xr4.11                    2.64551
xxdut.xxtrim.xr4.21                    2.46412
xxdut.xxtrim.c6                        2.46306
t4                                           0
xxdut.xxtrim.tb4                             3
xxdut.xxtrim.xr5.11                    2.46199
xxdut.xxtrim.xr5.21                    2.09922
xxdut.xxtrim.c7                        2.09816
t5                                           0
xxdut.xxtrim.tb5                             3
xxdut.xxtrim.xr6.11                    2.09809
xxdut.xxtrim.xr6.21                    2.05598
xxdut.xxtrim.c8                        2.05592
t6                                           3
xxdut.xxtrim.tb6                   3.84915e-09
xxdut.xxtrim.xr7.11                    2.05588
xxdut.xxtrim.xr7.21                    2.00187
xxdut.vc                               2.00183
t7                                           3
xxdut.xxtrim.tb7                   3.84915e-09
xxdut.xxcmph.tail                     0.831919
xxdut.xxcmph.dp                        1.34415
xxdut.xxcmph.dn                        1.46483
xxdut.cmph_out                         1.28348
xxdut.xxcmpl.tailp                     2.34824
xxdut.xxcmpl.dp                    1.51982e-08
xxdut.xxcmpl.dn                        1.01358
xxdut.xxcmpl.outb                            3
xxdut.cmpl_out                     3.84915e-09
clk                                    0.73883
xxdut.qbar                              1.2532
xxdut.mid1                             2.52584
xxdut.mid2                             2.84308
vt7#branch                                   0
vt6#branch                                   0
vt5#branch                                   0
vt4#branch                                   0
vt3#branch                                   0
vt2#branch                                   0
vt1#branch                                   0
vt0#branch                                   0
vdd#branch                        -0.000415626

 Reference value :  2.24470e-08
 Reference value :  1.30937e-07
 Reference value :  2.39118e-07
 Reference value :  3.51067e-07
 Reference value :  4.68256e-07
 Reference value :  5.80780e-07
 Reference value :  6.95734e-07
 Reference value :  8.08343e-07
 Reference value :  9.29488e-07
 Reference value :  1.04481e-06
 Reference value :  1.16281e-06
No. of Data Rows : 6490
ta                  =  8.83309e-08
tb                  =  5.09967e-07
ta = 8.833093e-08
tb = 5.099666e-07
period = 2.108178e-08
fosc = 4.743432e+07
ngspice-46 done

Note: Starting dynamic gmin stepping
Note: Dynamic gmin stepping completed
