====================================================================
gf180-rcosc PVT corner run: rc_s_T+027C_V3p3_code0xA7
run id      : 20260923T030125Z
process     : rc_s (fets=typical res=res_ss mimcap=mimcap_ss)
temperature : 27 C
supply      : 3.3 V
trim code   : 0xA7 (167)
transient   : tran 200p 1200n, f = 20 periods / (t[rise=25] - t[rise=5])
wall clock  : 2.2 s
exit status : 0
====================================================================

Note: No compatibility mode selected!


Circuit: ** sch_path: /home/ubuntu/github/gf180-rcosc/.loom/worktrees/issue-57/design/pvt_tb.sch

Doing analysis at TEMP = 27.000000 and TNOM = 27.000000

Using SPARSE 1.3 as Direct Linear Solver

Initial Transient Solution
--------------------------

Node                                   Voltage
----                                   -------
vdd                                        3.3
xxdut.xxbias.xrba.11                   3.29923
xxdut.xxbias.xrba.21                   2.20077
xxdut.vh                                   2.2
xxdut.xxbias.xrbb.11                   2.19923
xxdut.xxbias.xrbb.21                   1.10077
xxdut.vl                                   1.1
xxdut.xxbias.xrbc.11                   1.09923
xxdut.xxbias.xrbc.21               0.000771378
xxdut.ibias                           0.929325
xxdut.pb                               2.14298
xxdut.xxbias.n2s                      0.154761
xxdut.xxbias.xrz.11                   0.154423
xxdut.xxbias.xrz.21                0.000338137
xxdut.xxtrim.xrfix.11                  3.29914
xxdut.xxtrim.xrfix.21                  3.08758
xxdut.xxtrim.c1                        3.08672
xxdut.xxtrim.xr0.11                    3.08649
xxdut.xxtrim.xr0.21                    3.08401
xxdut.xxtrim.c2                        3.08377
t0                                         3.3
xxdut.xxtrim.tb0                   4.20669e-09
xxdut.xxtrim.xr1.11                    3.08357
xxdut.xxtrim.xr1.21                    3.07931
xxdut.xxtrim.c3                        3.07912
t1                                         3.3
xxdut.xxtrim.tb1                   4.20669e-09
xxdut.xxtrim.xr2.11                    3.07897
xxdut.xxtrim.xr2.21                    3.07257
xxdut.xxtrim.c4                        3.07242
t2                                         3.3
xxdut.xxtrim.tb2                   4.20669e-09
xxdut.xxtrim.xr3.11                    3.07156
xxdut.xxtrim.xr3.21                    2.99793
xxdut.xxtrim.c5                        2.99707
t3                                           0
xxdut.xxtrim.tb3                           3.3
xxdut.xxtrim.xr4.11                     2.9962
xxdut.xxtrim.xr4.21                    2.84893
xxdut.xxtrim.c6                        2.84807
t4                                           0
xxdut.xxtrim.tb4                           3.3
xxdut.xxtrim.xr5.11                    2.84801
xxdut.xxtrim.xr5.21                      2.828
xxdut.xxtrim.c7                        2.82794
t5                                         3.3
xxdut.xxtrim.tb5                   4.20669e-09
xxdut.xxtrim.xr6.11                    2.82707
xxdut.xxtrim.xr6.21                    2.23801
xxdut.xxtrim.c8                        2.23714
t6                                           0
xxdut.xxtrim.tb6                           3.3
xxdut.xxtrim.xr7.11                    2.23712
xxdut.xxtrim.xr7.21                    2.20363
xxdut.vc                               2.20361
t7                                         3.3
xxdut.xxtrim.tb7                   4.20669e-09
xxdut.xxcmph.tail                     0.981409
xxdut.xxcmph.dp                        1.47839
xxdut.xxcmph.dn                        1.71738
xxdut.cmph_out                         1.41599
xxdut.xxcmpl.tailp                     2.51151
xxdut.xxcmpl.dp                    1.57116e-08
xxdut.xxcmpl.dn                        1.03485
xxdut.xxcmpl.outb                          3.3
xxdut.cmpl_out                     4.20669e-09
clk                                    0.72436
xxdut.qbar                              1.3658
xxdut.mid1                             2.71495
xxdut.mid2                             3.10398
vt7#branch                                   0
vt6#branch                                   0
vt5#branch                                   0
vt4#branch                                   0
vt3#branch                                   0
vt2#branch                                   0
vt1#branch                                   0
vt0#branch                                   0
vdd#branch                        -0.000518975

 Reference value :  0.00000e+00
 Reference value :  1.58001e-07
 Reference value :  3.29819e-07
 Reference value :  4.77322e-07
 Reference value :  6.37814e-07
 Reference value :  7.65461e-07
 Reference value :  9.40613e-07
 Reference value :  1.09185e-06
No. of Data Rows : 6397
ta                  =  1.07020e-07
tb                  =  6.12035e-07
ta = 1.070200e-07
tb = 6.120350e-07
period = 2.525075e-08
fosc = 3.960278e+07
ngspice-46 done

Note: Starting dynamic gmin stepping
Warning: Dynamic gmin stepping failed
Note: Starting true gmin stepping
Note: True gmin stepping completed
