====================================================================
gf180-rcosc PVT corner run: rc_s_T+027C_V3p3_code0xA8
run id      : 20260923T030125Z
process     : rc_s (fets=typical res=res_ss mimcap=mimcap_ss)
temperature : 27 C
supply      : 3.3 V
trim code   : 0xA8 (168)
transient   : tran 200p 1200n, f = 20 periods / (t[rise=25] - t[rise=5])
wall clock  : 2.0 s
exit status : 0
====================================================================

Note: No compatibility mode selected!


Circuit: ** sch_path: /home/ubuntu/github/gf180-rcosc/.loom/worktrees/issue-57/design/pvt_tb.sch

Doing analysis at TEMP = 27.000000 and TNOM = 27.000000

Using SPARSE 1.3 as Direct Linear Solver

Initial Transient Solution
--------------------------

Node                                   Voltage
----                                   -------
vdd                                        3.3
xxdut.xxbias.xrba.11                   3.29923
xxdut.xxbias.xrba.21                   2.20077
xxdut.vh                                   2.2
xxdut.xxbias.xrbb.11                   2.19923
xxdut.xxbias.xrbb.21                   1.10077
xxdut.vl                                   1.1
xxdut.xxbias.xrbc.11                   1.09923
xxdut.xxbias.xrbc.21               0.000771378
xxdut.ibias                           0.929325
xxdut.pb                               2.14298
xxdut.xxbias.n2s                      0.154761
xxdut.xxbias.xrz.11                   0.154423
xxdut.xxbias.xrz.21                0.000338137
xxdut.xxtrim.xrfix.11                  3.29913
xxdut.xxtrim.xrfix.21                  3.08575
xxdut.xxtrim.c1                        3.08488
xxdut.xxtrim.xr0.11                    3.08401
xxdut.xxtrim.xr0.21                    3.07473
xxdut.xxtrim.c2                        3.07386
t0                                           0
xxdut.xxtrim.tb0                           3.3
xxdut.xxtrim.xr1.11                    3.07298
xxdut.xxtrim.xr1.21                    3.05442
xxdut.xxtrim.c3                        3.05355
t1                                           0
xxdut.xxtrim.tb1                           3.3
xxdut.xxtrim.xr2.11                    3.05268
xxdut.xxtrim.xr2.21                    3.01554
xxdut.xxtrim.c4                        3.01467
t2                                           0
xxdut.xxtrim.tb2                           3.3
xxdut.xxtrim.xr3.11                    3.01455
xxdut.xxtrim.xr3.21                    3.00399
xxdut.xxtrim.c5                        3.00387
t3                                         3.3
xxdut.xxtrim.tb3                   4.20669e-09
xxdut.xxtrim.xr4.11                      3.003
xxdut.xxtrim.xr4.21                    2.85446
xxdut.xxtrim.c6                        2.85359
t4                                           0
xxdut.xxtrim.tb4                           3.3
xxdut.xxtrim.xr5.11                    2.85353
xxdut.xxtrim.xr5.21                    2.83339
xxdut.xxtrim.c7                        2.83333
t5                                         3.3
xxdut.xxtrim.tb5                   4.20669e-09
xxdut.xxtrim.xr6.11                    2.83246
xxdut.xxtrim.xr6.21                    2.23831
xxdut.xxtrim.c8                        2.23744
t6                                           0
xxdut.xxtrim.tb6                           3.3
xxdut.xxtrim.xr7.11                    2.23741
xxdut.xxtrim.xr7.21                    2.20363
xxdut.vc                               2.20361
t7                                         3.3
xxdut.xxtrim.tb7                   4.20669e-09
xxdut.xxcmph.tail                     0.981409
xxdut.xxcmph.dp                        1.47839
xxdut.xxcmph.dn                        1.71738
xxdut.cmph_out                         1.41586
xxdut.xxcmpl.tailp                     2.51151
xxdut.xxcmpl.dp                    1.57116e-08
xxdut.xxcmpl.dn                        1.03485
xxdut.xxcmpl.outb                          3.3
xxdut.cmpl_out                     4.20669e-09
clk                                   0.724897
xxdut.qbar                             1.36578
xxdut.mid1                             2.71528
xxdut.mid2                             3.10398
vt7#branch                                   0
vt6#branch                                   0
vt5#branch                                   0
vt4#branch                                   0
vt3#branch                                   0
vt2#branch                                   0
vt1#branch                                   0
vt0#branch                                   0
vdd#branch                        -0.000519133

 Reference value :  7.51776e-08
 Reference value :  2.51758e-07
 Reference value :  4.08109e-07
 Reference value :  5.91969e-07
 Reference value :  7.51250e-07
 Reference value :  8.93273e-07
 Reference value :  1.07067e-06
No. of Data Rows : 6447
ta                  =  1.04029e-07
tb                  =  6.05325e-07
ta = 1.040291e-07
tb = 6.053255e-07
period = 2.506482e-08
fosc = 3.989656e+07
ngspice-46 done

Note: Starting dynamic gmin stepping
Note: Dynamic gmin stepping completed
