====================================================================
gf180-rcosc PVT corner run: rc_s_T+027C_V3p3_code0x80
run id      : 20260923T030125Z
process     : rc_s (fets=typical res=res_ss mimcap=mimcap_ss)
temperature : 27 C
supply      : 3.3 V
trim code   : 0x80 (128)
transient   : tran 200p 1200n, f = 20 periods / (t[rise=25] - t[rise=5])
wall clock  : 4.2 s
exit status : 0
====================================================================

Note: No compatibility mode selected!


Circuit: ** sch_path: /home/ubuntu/github/gf180-rcosc/.loom/worktrees/issue-57/design/pvt_tb.sch

Doing analysis at TEMP = 27.000000 and TNOM = 27.000000

Using SPARSE 1.3 as Direct Linear Solver

Initial Transient Solution
--------------------------

Node                                   Voltage
----                                   -------
vdd                                        3.3
xxdut.xxbias.xrba.11                   3.29923
xxdut.xxbias.xrba.21                   2.20077
xxdut.vh                                   2.2
xxdut.xxbias.xrbb.11                   2.19923
xxdut.xxbias.xrbb.21                   1.10077
xxdut.vl                                   1.1
xxdut.xxbias.xrbc.11                   1.09923
xxdut.xxbias.xrbc.21               0.000771378
xxdut.ibias                           0.929325
xxdut.pb                               2.14298
xxdut.xxbias.n2s                      0.154761
xxdut.xxbias.xrz.11                   0.154423
xxdut.xxbias.xrz.21                0.000338137
xxdut.xxtrim.xrfix.11                  3.29934
xxdut.xxtrim.xrfix.21                  3.13687
xxdut.xxtrim.c1                         3.1362
xxdut.xxtrim.xr0.11                    3.13554
xxdut.xxtrim.xr0.21                    3.12847
xxdut.xxtrim.c2                        3.12781
t0                                           0
xxdut.xxtrim.tb0                           3.3
xxdut.xxtrim.xr1.11                    3.12714
xxdut.xxtrim.xr1.21                    3.11301
xxdut.xxtrim.c3                        3.11234
t1                                           0
xxdut.xxtrim.tb1                           3.3
xxdut.xxtrim.xr2.11                    3.11168
xxdut.xxtrim.xr2.21                    3.08341
xxdut.xxtrim.c4                        3.08274
t2                                           0
xxdut.xxtrim.tb2                           3.3
xxdut.xxtrim.xr3.11                    3.08208
xxdut.xxtrim.xr3.21                    3.02553
xxdut.xxtrim.c5                        3.02487
t3                                           0
xxdut.xxtrim.tb3                           3.3
xxdut.xxtrim.xr4.11                     3.0242
xxdut.xxtrim.xr4.21                    2.91111
xxdut.xxtrim.c6                        2.91044
t4                                           0
xxdut.xxtrim.tb4                           3.3
xxdut.xxtrim.xr5.11                    2.90978
xxdut.xxtrim.xr5.21                    2.68358
xxdut.xxtrim.c7                        2.68292
t5                                           0
xxdut.xxtrim.tb5                           3.3
xxdut.xxtrim.xr6.11                    2.68225
xxdut.xxtrim.xr6.21                    2.22986
xxdut.xxtrim.c8                        2.22919
t6                                           0
xxdut.xxtrim.tb6                           3.3
xxdut.xxtrim.xr7.11                    2.22917
xxdut.xxtrim.xr7.21                    2.20363
xxdut.vc                               2.20361
t7                                         3.3
xxdut.xxtrim.tb7                   4.20669e-09
xxdut.xxcmph.tail                     0.981409
xxdut.xxcmph.dp                        1.47832
xxdut.xxcmph.dn                        1.71739
xxdut.cmph_out                         1.41979
xxdut.xxcmpl.tailp                     2.51151
xxdut.xxcmpl.dp                    1.57116e-08
xxdut.xxcmpl.dn                        1.03485
xxdut.xxcmpl.outb                          3.3
xxdut.cmpl_out                     4.20669e-09
clk                                   0.708345
xxdut.qbar                             1.36645
xxdut.mid1                             2.70513
xxdut.mid2                             3.10411
vt7#branch                                   0
vt6#branch                                   0
vt5#branch                                   0
vt4#branch                                   0
vt3#branch                                   0
vt2#branch                                   0
vt1#branch                                   0
vt0#branch                                   0
vdd#branch                         -0.00051475

 Reference value :  1.91093e-08
 Reference value :  1.32138e-07
 Reference value :  2.55788e-07
 Reference value :  3.82677e-07
 Reference value :  5.07749e-07
 Reference value :  6.33707e-07
 Reference value :  7.56384e-07
 Reference value :  8.77167e-07
 Reference value :  1.00648e-06
 Reference value :  1.12827e-06
No. of Data Rows : 6351
ta                  =  1.29489e-07
tb                  =  7.56666e-07
ta = 1.294893e-07
tb = 7.566661e-07
period = 3.135884e-08
fosc = 3.188893e+07
ngspice-46 done

Note: Starting dynamic gmin stepping
Note: Dynamic gmin stepping completed
