====================================================================
gf180-rcosc PVT corner run: sf_T+027C_V3p3_code0xBF
run id      : 20260923T030125Z
process     : sf (fets=sf res=res_typical mimcap=mimcap_typical)
temperature : 27 C
supply      : 3.3 V
trim code   : 0xBF (191)
transient   : tran 200p 1200n, f = 20 periods / (t[rise=25] - t[rise=5])
wall clock  : 2.0 s
exit status : 0
====================================================================

Note: No compatibility mode selected!


Circuit: ** sch_path: /home/ubuntu/github/gf180-rcosc/.loom/worktrees/issue-57/design/pvt_tb.sch

Doing analysis at TEMP = 27.000000 and TNOM = 27.000000

Using SPARSE 1.3 as Direct Linear Solver

Initial Transient Solution
--------------------------

Node                                   Voltage
----                                   -------
vdd                                        3.3
xxdut.xxbias.xrba.11                   3.29907
xxdut.xxbias.xrba.21                   2.20093
xxdut.vh                                   2.2
xxdut.xxbias.xrbb.11                   2.19907
xxdut.xxbias.xrbb.21                   1.10093
xxdut.vl                                   1.1
xxdut.xxbias.xrbc.11                   1.09907
xxdut.xxbias.xrbc.21               0.000925394
xxdut.ibias                             1.0433
xxdut.pb                               2.20391
xxdut.xxbias.n2s                      0.165831
xxdut.xxbias.xrz.11                   0.165397
xxdut.xxbias.xrz.21                0.000434411
xxdut.xxtrim.xrfix.11                  3.29875
xxdut.xxtrim.xrfix.21                  3.04434
xxdut.xxtrim.c1                        3.04309
xxdut.xxtrim.xr0.11                    3.04274
xxdut.xxtrim.xr0.21                    3.03957
xxdut.xxtrim.c2                        3.03921
t0                                         3.3
xxdut.xxtrim.tb0                   4.56436e-09
xxdut.xxtrim.xr1.11                     3.0389
xxdut.xxtrim.xr1.21                    3.03339
xxdut.xxtrim.c3                        3.03308
t1                                         3.3
xxdut.xxtrim.tb1                   4.56436e-09
xxdut.xxtrim.xr2.11                    3.03284
xxdut.xxtrim.xr2.21                    3.02445
xxdut.xxtrim.c4                        3.02422
t2                                         3.3
xxdut.xxtrim.tb2                   4.56436e-09
xxdut.xxtrim.xr3.11                    3.02403
xxdut.xxtrim.xr3.21                    3.01045
xxdut.xxtrim.c5                        3.01026
t3                                         3.3
xxdut.xxtrim.tb3                   4.56436e-09
xxdut.xxtrim.xr4.11                    3.01013
xxdut.xxtrim.xr4.21                    2.99066
xxdut.xxtrim.c6                        2.99053
t4                                         3.3
xxdut.xxtrim.tb4                   4.56436e-09
xxdut.xxtrim.xr5.11                    2.99044
xxdut.xxtrim.xr5.21                     2.9656
xxdut.xxtrim.c7                        2.96552
t5                                         3.3
xxdut.xxtrim.tb5                   4.56436e-09
xxdut.xxtrim.xr6.11                    2.96427
xxdut.xxtrim.xr6.21                    2.25586
xxdut.xxtrim.c8                        2.25461
t6                                           0
xxdut.xxtrim.tb6                           3.3
xxdut.xxtrim.xr7.11                    2.25457
xxdut.xxtrim.xr7.21                    2.20212
xxdut.vc                               2.20207
t7                                         3.3
xxdut.xxtrim.tb7                   4.56436e-09
xxdut.xxcmph.tail                      0.88371
xxdut.xxcmph.dp                        1.59541
xxdut.xxcmph.dn                        1.74967
xxdut.cmph_out                         1.53409
xxdut.xxcmpl.tailp                     2.45735
xxdut.xxcmpl.dp                     1.4473e-08
xxdut.xxcmpl.dn                        1.16346
xxdut.xxcmpl.outb                          3.3
xxdut.cmpl_out                     4.56436e-09
clk                                   0.830902
xxdut.qbar                              1.4824
xxdut.mid1                             2.71237
xxdut.mid2                             3.11218
vt7#branch                                   0
vt6#branch                                   0
vt5#branch                                   0
vt4#branch                                   0
vt3#branch                                   0
vt2#branch                                   0
vt1#branch                                   0
vt0#branch                                   0
vdd#branch                        -0.000565093

 Reference value :  8.02163e-08
 Reference value :  2.30224e-07
 Reference value :  3.90872e-07
 Reference value :  5.51594e-07
 Reference value :  7.07643e-07
 Reference value :  8.65746e-07
 Reference value :  1.02782e-06
 Reference value :  1.19858e-06
No. of Data Rows : 6557
ta                  =  7.95013e-08
tb                  =  4.36625e-07
ta = 7.950131e-08
tb = 4.366254e-07
period = 1.785620e-08
fosc = 5.600294e+07
ngspice-46 done

Note: Starting dynamic gmin stepping
Note: Dynamic gmin stepping completed
