====================================================================
gf180-rcosc PVT corner run: sf_T-040C_V3p0_code0xA6
run id      : 20260923T030125Z
process     : sf (fets=sf res=res_typical mimcap=mimcap_typical)
temperature : -40 C
supply      : 3 V
trim code   : 0xA6 (166)
transient   : tran 200p 1200n, f = 20 periods / (t[rise=25] - t[rise=5])
wall clock  : 24.4 s
exit status : 0
====================================================================

Note: No compatibility mode selected!


Circuit: ** sch_path: /home/ubuntu/github/gf180-rcosc/.loom/worktrees/issue-57/design/pvt_tb.sch

Doing analysis at TEMP = -40.000000 and TNOM = 27.000000

Using SPARSE 1.3 as Direct Linear Solver

Initial Transient Solution
--------------------------

Node                                   Voltage
----                                   -------
vdd                                          3
xxdut.xxbias.xrba.11                   2.99866
xxdut.xxbias.xrba.21                   2.00349
xxdut.vh                               2.00214
xxdut.xxbias.xrbb.11                    2.0008
xxdut.xxbias.xrbb.21                    1.0042
xxdut.vl                               1.00285
xxdut.xxbias.xrbc.11                    1.0015
xxdut.xxbias.xrbc.21                0.00135125
xxdut.ibias                             1.0157
xxdut.pb                               1.96561
xxdut.xxbias.n2s                      0.115438
xxdut.xxbias.xrz.11                   0.114955
xxdut.xxbias.xrz.21                0.000483301
xxdut.xxtrim.xrfix.11                   2.9963
xxdut.xxtrim.xrfix.21                  2.52503
xxdut.xxtrim.c1                        2.52133
xxdut.xxtrim.xr0.11                    2.51755
xxdut.xxtrim.xr0.21                    2.49662
xxdut.xxtrim.c2                        2.49284
t0                                           0
xxdut.xxtrim.tb0                       2.99973
xxdut.xxtrim.xr1.11                    2.49193
xxdut.xxtrim.xr1.21                    2.48192
xxdut.xxtrim.c3                        2.48101
t1                                           3
xxdut.xxtrim.tb1                  -0.000625784
xxdut.xxtrim.xr2.11                    2.48029
xxdut.xxtrim.xr2.21                    2.46419
xxdut.xxtrim.c4                        2.46347
t2                                           3
xxdut.xxtrim.tb2                  -0.000458278
xxdut.xxtrim.xr3.11                    2.45931
xxdut.xxtrim.xr3.21                    2.27533
xxdut.xxtrim.c5                        2.27118
t3                                           0
xxdut.xxtrim.tb3                       2.99994
xxdut.xxtrim.xr4.11                    2.26701
xxdut.xxtrim.xr4.21                    1.89739
xxdut.xxtrim.c6                        1.89322
t4                                           0
xxdut.xxtrim.tb4                       3.00001
xxdut.xxtrim.xr5.11                    1.89292
xxdut.xxtrim.xr5.21                    1.83909
xxdut.xxtrim.c7                        1.83878
t5                                           3
xxdut.xxtrim.tb5                   0.000174191
xxdut.xxtrim.xr6.11                    1.83471
xxdut.xxtrim.xr6.21                   0.389996
xxdut.xxtrim.c8                        0.38592
t6                                           0
xxdut.xxtrim.tb6                       3.00017
xxdut.xxtrim.xr7.11                   0.385882
xxdut.xxtrim.xr7.21                   0.358928
xxdut.vc                               0.35889
t7                                           3
xxdut.xxtrim.tb7                    0.00116602
xxdut.xxcmph.tail                     0.680305
xxdut.xxcmph.dp                        3.00117
xxdut.xxcmph.dn                        1.38819
xxdut.cmph_out                     -0.00359112
xxdut.xxcmpl.tailp                     2.21936
xxdut.xxcmpl.dp                        2.19406
xxdut.xxcmpl.dn                        1.01503
xxdut.xxcmpl.outb                   0.00500371
xxdut.cmpl_out                          2.9974
clk                                -0.00244491
xxdut.qbar                             3.00293
xxdut.mid1                              2.9899
xxdut.mid2                            0.938128
vt7#branch                         -4.8977e-06
vt6#branch                         9.73513e-07
vt5#branch                        -1.20328e-07
vt4#branch                         2.23472e-08
vt3#branch                        -3.93589e-08
vt2#branch                         -2.1238e-07
vt1#branch                        -2.87389e-07
vt0#branch                         -3.2525e-07
vdd#branch                        -0.000184453

 Reference value :  0.00000e+00
 Reference value :  1.59099e-07
 Reference value :  3.27817e-07
 Reference value :  4.90372e-07
 Reference value :  6.44023e-07
 Reference value :  8.02889e-07
 Reference value :  9.67441e-07
 Reference value :  1.13621e-06
No. of Data Rows : 6565
ta                  =  1.07004e-07
tb                  =  5.54442e-07
ta = 1.070043e-07
tb = 5.544419e-07
period = 2.237188e-08
fosc = 4.469897e+07
ngspice-46 done

Note: Starting dynamic gmin stepping
Warning: Dynamic gmin stepping failed
Note: Starting true gmin stepping
Warning: True gmin stepping failed
Note: Starting source stepping
Warning: singular matrix:  check node xxdut.vl

Warning: source stepping failed
Note: Transient op started
Note: Transient op finished successfully
