====================================================================
gf180-rcosc PVT corner run: sf_T+027C_V3p6_code0xA6
run id      : 20260923T030125Z
process     : sf (fets=sf res=res_typical mimcap=mimcap_typical)
temperature : 27 C
supply      : 3.6 V
trim code   : 0xA6 (166)
transient   : tran 200p 1200n, f = 20 periods / (t[rise=25] - t[rise=5])
wall clock  : 4.8 s
exit status : 0
====================================================================

Note: No compatibility mode selected!


Circuit: ** sch_path: /home/ubuntu/github/gf180-rcosc/.loom/worktrees/issue-57/design/pvt_tb.sch

Doing analysis at TEMP = 27.000000 and TNOM = 27.000000

Using SPARSE 1.3 as Direct Linear Solver

Initial Transient Solution
--------------------------

Node                                   Voltage
----                                   -------
vdd                                        3.6
xxdut.xxbias.xrba.11                   3.59899
xxdut.xxbias.xrba.21                   2.40101
xxdut.vh                                   2.4
xxdut.xxbias.xrbb.11                   2.39899
xxdut.xxbias.xrbb.21                   1.20101
xxdut.vl                                   1.2
xxdut.xxbias.xrbc.11                   1.19899
xxdut.xxbias.xrbc.21                0.00100952
xxdut.ibias                            1.05846
xxdut.pb                               2.48405
xxdut.xxbias.n2s                      0.174834
xxdut.xxbias.xrz.11                   0.174376
xxdut.xxbias.xrz.21                0.000457996
xxdut.xxtrim.xrfix.11                  3.59888
xxdut.xxtrim.xrfix.21                  3.37064
xxdut.xxtrim.c1                        3.36952
xxdut.xxtrim.xr0.11                     3.3684
xxdut.xxtrim.xr0.21                    3.35847
xxdut.xxtrim.c2                        3.35735
t0                                           0
xxdut.xxtrim.tb0                           3.6
xxdut.xxtrim.xr1.11                    3.35709
xxdut.xxtrim.xr1.21                    3.35239
xxdut.xxtrim.c3                        3.35212
t1                                         3.6
xxdut.xxtrim.tb1                   5.36905e-09
xxdut.xxtrim.xr2.11                    3.35192
xxdut.xxtrim.xr2.21                    3.34481
xxdut.xxtrim.c4                        3.34461
t2                                         3.6
xxdut.xxtrim.tb2                   5.36905e-09
xxdut.xxtrim.xr3.11                    3.34349
xxdut.xxtrim.xr3.21                    3.26405
xxdut.xxtrim.c5                        3.26293
t3                                           0
xxdut.xxtrim.tb3                           3.6
xxdut.xxtrim.xr4.11                    3.26181
xxdut.xxtrim.xr4.21                    3.10293
xxdut.xxtrim.c6                        3.10181
t4                                           0
xxdut.xxtrim.tb4                           3.6
xxdut.xxtrim.xr5.11                    3.10173
xxdut.xxtrim.xr5.21                    3.07953
xxdut.xxtrim.c7                        3.07946
t5                                         3.6
xxdut.xxtrim.tb5                   5.36905e-09
xxdut.xxtrim.xr6.11                    3.07834
xxdut.xxtrim.xr6.21                    2.44279
xxdut.xxtrim.c8                        2.44167
t6                                           0
xxdut.xxtrim.tb6                           3.6
xxdut.xxtrim.xr7.11                    2.44164
xxdut.xxtrim.xr7.21                    2.40359
xxdut.vc                               2.40356
t7                                         3.6
xxdut.xxtrim.tb7                   5.36905e-09
xxdut.xxcmph.tail                      1.03289
xxdut.xxcmph.dp                        1.73803
xxdut.xxcmph.dn                        2.00454
xxdut.cmph_out                         1.67533
xxdut.xxcmpl.tailp                     2.61649
xxdut.xxcmpl.dp                     1.5068e-08
xxdut.xxcmpl.dn                        1.18479
xxdut.xxcmpl.outb                          3.6
xxdut.cmpl_out                     5.36905e-09
clk                                   0.822313
xxdut.qbar                             1.60257
xxdut.mid1                             2.90022
xxdut.mid2                             3.37346
vt7#branch                                   0
vt6#branch                                   0
vt5#branch                                   0
vt4#branch                                   0
vt3#branch                                   0
vt2#branch                                   0
vt1#branch                                   0
vt0#branch                                   0
vdd#branch                        -0.000681715

 Reference value :  2.12377e-08
 Reference value :  1.29735e-07
 Reference value :  2.34939e-07
 Reference value :  3.40806e-07
 Reference value :  4.51277e-07
 Reference value :  5.64524e-07
 Reference value :  6.71720e-07
 Reference value :  7.82071e-07
 Reference value :  8.87793e-07
 Reference value :  9.95689e-07
 Reference value :  1.10601e-06
No. of Data Rows : 6545
ta                  =  8.90293e-08
tb                  =  5.04137e-07
ta = 8.902930e-08
tb = 5.041368e-07
period = 2.075538e-08
fosc = 4.818029e+07
ngspice-46 done

Note: Starting dynamic gmin stepping
Note: Dynamic gmin stepping completed
