====================================================================
gf180-rcosc PVT corner run: sf_T-040C_V3p6_code0x75
run id      : 20260923T030125Z
process     : sf (fets=sf res=res_typical mimcap=mimcap_typical)
temperature : -40 C
supply      : 3.6 V
trim code   : 0x75 (117)
transient   : tran 200p 1200n, f = 20 periods / (t[rise=25] - t[rise=5])
wall clock  : 3.7 s
exit status : 0
====================================================================

Note: No compatibility mode selected!


Circuit: ** sch_path: /home/ubuntu/github/gf180-rcosc/.loom/worktrees/issue-57/design/pvt_tb.sch

Doing analysis at TEMP = -40.000000 and TNOM = 27.000000

Using SPARSE 1.3 as Direct Linear Solver

Initial Transient Solution
--------------------------

Node                                   Voltage
----                                   -------
vdd                                        3.6
xxdut.xxbias.xrba.11                   3.59838
xxdut.xxbias.xrba.21                   2.40162
xxdut.vh                                   2.4
xxdut.xxbias.xrbb.11                   2.39838
xxdut.xxbias.xrbb.21                   1.20162
xxdut.vl                                   1.2
xxdut.xxbias.xrbc.11                   1.19838
xxdut.xxbias.xrbc.21                0.00161689
xxdut.ibias                            1.04632
xxdut.pb                               2.52048
xxdut.xxbias.n2s                      0.133287
xxdut.xxbias.xrz.11                   0.132729
xxdut.xxbias.xrz.21                 0.00055803
xxdut.xxtrim.xrfix.11                  3.59872
xxdut.xxtrim.xrfix.21                  3.43557
xxdut.xxtrim.c1                        3.43428
xxdut.xxtrim.xr0.11                    3.43402
xxdut.xxtrim.xr0.21                    3.43256
xxdut.xxtrim.c2                        3.43229
t0                                         3.6
xxdut.xxtrim.tb0                   4.27649e-09
xxdut.xxtrim.xr1.11                    3.43101
xxdut.xxtrim.xr1.21                    3.41681
xxdut.xxtrim.c3                        3.41553
t1                                           0
xxdut.xxtrim.tb1                           3.6
xxdut.xxtrim.xr2.11                    3.41535
xxdut.xxtrim.xr2.21                    3.41137
xxdut.xxtrim.c4                        3.41119
t2                                         3.6
xxdut.xxtrim.tb2                   4.27649e-09
xxdut.xxtrim.xr3.11                    3.40991
xxdut.xxtrim.xr3.21                    3.35313
xxdut.xxtrim.c5                        3.35184
t3                                           0
xxdut.xxtrim.tb3                           3.6
xxdut.xxtrim.xr4.11                    3.35174
xxdut.xxtrim.xr4.21                    3.34246
xxdut.xxtrim.c6                        3.34236
t4                                         3.6
xxdut.xxtrim.tb4                   4.27649e-09
xxdut.xxtrim.xr5.11                    3.34229
xxdut.xxtrim.xr5.21                    3.33061
xxdut.xxtrim.c7                        3.33054
t5                                         3.6
xxdut.xxtrim.tb5                   4.27649e-09
xxdut.xxtrim.xr6.11                     3.3305
xxdut.xxtrim.xr6.21                    3.31543
xxdut.xxtrim.c8                        3.31538
t6                                         3.6
xxdut.xxtrim.tb6                   4.27649e-09
xxdut.xxtrim.xr7.11                     3.3141
xxdut.xxtrim.xr7.21                    2.40551
xxdut.vc                               2.40423
t7                                           0
xxdut.xxtrim.tb7                           3.6
xxdut.xxcmph.tail                      1.04845
xxdut.xxcmph.dp                        1.73366
xxdut.xxcmph.dn                        2.16317
xxdut.cmph_out                         1.67886
xxdut.xxcmpl.tailp                     2.59557
xxdut.xxcmpl.dp                     1.4284e-08
xxdut.xxcmpl.dn                        1.13111
xxdut.xxcmpl.outb                          3.6
xxdut.cmpl_out                     4.27649e-09
clk                                   0.860164
xxdut.qbar                             1.60468
xxdut.mid1                             2.93222
xxdut.mid2                             3.38756
vt7#branch                                   0
vt6#branch                                   0
vt5#branch                                   0
vt4#branch                                   0
vt3#branch                                   0
vt2#branch                                   0
vt1#branch                                   0
vt0#branch                                   0
vdd#branch                        -0.000688695

 Reference value :  2.65012e-08
 Reference value :  1.38518e-07
 Reference value :  2.56712e-07
 Reference value :  3.71584e-07
 Reference value :  4.81465e-07
 Reference value :  6.03220e-07
 Reference value :  7.14914e-07
 Reference value :  8.25610e-07
 Reference value :  9.39642e-07
 Reference value :  1.05800e-06
 Reference value :  1.17767e-06
No. of Data Rows : 6520
ta                  =  1.08779e-07
tb                  =  6.33682e-07
ta = 1.087793e-07
tb = 6.336820e-07
period = 2.624514e-08
fosc = 3.810230e+07
ngspice-46 done

Note: Starting dynamic gmin stepping
Note: Dynamic gmin stepping completed
