====================================================================
gf180-rcosc PVT corner run: sf_T-040C_V3p0_code0x80
run id      : 20260923T030125Z
process     : sf (fets=sf res=res_typical mimcap=mimcap_typical)
temperature : -40 C
supply      : 3 V
trim code   : 0x80 (128)
transient   : tran 200p 1200n, f = 20 periods / (t[rise=25] - t[rise=5])
wall clock  : 5.0 s
exit status : 0
====================================================================

Note: No compatibility mode selected!


Circuit: ** sch_path: /home/ubuntu/github/gf180-rcosc/.loom/worktrees/issue-57/design/pvt_tb.sch

Doing analysis at TEMP = -40.000000 and TNOM = 27.000000

Using SPARSE 1.3 as Direct Linear Solver

Initial Transient Solution
--------------------------

Node                                   Voltage
----                                   -------
vdd                                          3
xxdut.xxbias.xrba.11                   2.99865
xxdut.xxbias.xrba.21                   2.00135
xxdut.vh                                     2
xxdut.xxbias.xrbb.11                   1.99865
xxdut.xxbias.xrbb.21                   1.00135
xxdut.vl                                     1
xxdut.xxbias.xrbc.11                  0.998653
xxdut.xxbias.xrbc.21                 0.0013474
xxdut.ibias                            1.01707
xxdut.pb                               1.96062
xxdut.xxbias.n2s                      0.116152
xxdut.xxbias.xrz.11                   0.115666
xxdut.xxbias.xrz.21                0.000486291
xxdut.xxtrim.xrfix.11                  2.99886
xxdut.xxtrim.xrfix.21                  2.85349
xxdut.xxtrim.c1                        2.85235
xxdut.xxtrim.xr0.11                    2.85121
xxdut.xxtrim.xr0.21                    2.84489
xxdut.xxtrim.c2                        2.84375
t0                                           0
xxdut.xxtrim.tb0                             3
xxdut.xxtrim.xr1.11                     2.8426
xxdut.xxtrim.xr1.21                    2.82995
xxdut.xxtrim.c3                        2.82881
t1                                           0
xxdut.xxtrim.tb1                             3
xxdut.xxtrim.xr2.11                    2.82767
xxdut.xxtrim.xr2.21                    2.80237
xxdut.xxtrim.c4                        2.80123
t2                                           0
xxdut.xxtrim.tb2                             3
xxdut.xxtrim.xr3.11                    2.80009
xxdut.xxtrim.xr3.21                     2.7495
xxdut.xxtrim.c5                        2.74835
t3                                           0
xxdut.xxtrim.tb3                             3
xxdut.xxtrim.xr4.11                    2.74721
xxdut.xxtrim.xr4.21                    2.64602
xxdut.xxtrim.c6                        2.64488
t4                                           0
xxdut.xxtrim.tb4                             3
xxdut.xxtrim.xr5.11                    2.64374
xxdut.xxtrim.xr5.21                    2.44136
xxdut.xxtrim.c7                        2.44021
t5                                           0
xxdut.xxtrim.tb5                             3
xxdut.xxtrim.xr6.11                    2.43907
xxdut.xxtrim.xr6.21                    2.03431
xxdut.xxtrim.c8                        2.03317
t6                                           0
xxdut.xxtrim.tb6                             3
xxdut.xxtrim.xr7.11                    2.03312
xxdut.xxtrim.xr7.21                      2.002
xxdut.vc                               2.00196
t7                                           3
xxdut.xxtrim.tb7                   3.24513e-09
xxdut.xxcmph.tail                     0.749552
xxdut.xxcmph.dp                        1.45158
xxdut.xxcmph.dn                        1.65244
xxdut.cmph_out                         1.40702
xxdut.xxcmpl.tailp                     2.27654
xxdut.xxcmpl.dp                    1.36499e-08
xxdut.xxcmpl.dn                        1.09102
xxdut.xxcmpl.outb                            3
xxdut.cmpl_out                     3.24513e-09
clk                                   0.856343
xxdut.qbar                             1.37154
xxdut.mid1                             2.54129
xxdut.mid2                             2.86603
vt7#branch                                   0
vt6#branch                                   0
vt5#branch                                   0
vt4#branch                                   0
vt3#branch                                   0
vt2#branch                                   0
vt1#branch                                   0
vt0#branch                                   0
vdd#branch                        -0.000420913

 Reference value :  3.07388e-08
 Reference value :  1.43157e-07
 Reference value :  2.63737e-07
 Reference value :  3.86660e-07
 Reference value :  5.00675e-07
 Reference value :  6.18982e-07
 Reference value :  7.39246e-07
 Reference value :  8.53731e-07
 Reference value :  9.74787e-07
 Reference value :  1.09919e-06
No. of Data Rows : 6379
ta                  =  1.13020e-07
tb                  =  6.60784e-07
ta = 1.130196e-07
tb = 6.607843e-07
period = 2.738824e-08
fosc = 3.651203e+07
ngspice-46 done

Note: Starting dynamic gmin stepping
Note: Dynamic gmin stepping completed
