====================================================================
gf180-rcosc PVT corner run: sf_T+085C_V3p0_code0x80
run id      : 20260923T030125Z
process     : sf (fets=sf res=res_typical mimcap=mimcap_typical)
temperature : 85 C
supply      : 3 V
trim code   : 0x80 (128)
transient   : tran 200p 1200n, f = 20 periods / (t[rise=25] - t[rise=5])
wall clock  : 4.9 s
exit status : 0
====================================================================

Note: No compatibility mode selected!


Circuit: ** sch_path: /home/ubuntu/github/gf180-rcosc/.loom/worktrees/issue-57/design/pvt_tb.sch

Doing analysis at TEMP = 85.000000 and TNOM = 27.000000

Using SPARSE 1.3 as Direct Linear Solver

Initial Transient Solution
--------------------------

Node                                   Voltage
----                                   -------
vdd                                          3
xxdut.xxbias.xrba.11                   2.99939
xxdut.xxbias.xrba.21                   2.00061
xxdut.vh                                     2
xxdut.xxbias.xrbb.11                   1.99939
xxdut.xxbias.xrbb.21                   1.00061
xxdut.vl                                     1
xxdut.xxbias.xrbc.11                  0.999393
xxdut.xxbias.xrbc.21                 0.0006072
xxdut.ibias                            1.05704
xxdut.pb                               1.87326
xxdut.xxbias.n2s                      0.201315
xxdut.xxbias.xrz.11                   0.200934
xxdut.xxbias.xrz.21                0.000381012
xxdut.xxtrim.xrfix.11                  2.99948
xxdut.xxtrim.xrfix.21                  2.85315
xxdut.xxtrim.c1                        2.85263
xxdut.xxtrim.xr0.11                    2.85211
xxdut.xxtrim.xr0.21                    2.84575
xxdut.xxtrim.c2                        2.84523
t0                                           0
xxdut.xxtrim.tb0                             3
xxdut.xxtrim.xr1.11                    2.84471
xxdut.xxtrim.xr1.21                    2.83198
xxdut.xxtrim.c3                        2.83146
t1                                           0
xxdut.xxtrim.tb1                             3
xxdut.xxtrim.xr2.11                    2.83094
xxdut.xxtrim.xr2.21                    2.80548
xxdut.xxtrim.c4                        2.80496
t2                                           0
xxdut.xxtrim.tb2                             3
xxdut.xxtrim.xr3.11                    2.80444
xxdut.xxtrim.xr3.21                    2.75351
xxdut.xxtrim.c5                        2.75299
t3                                           0
xxdut.xxtrim.tb3                             3
xxdut.xxtrim.xr4.11                    2.75248
xxdut.xxtrim.xr4.21                    2.65061
xxdut.xxtrim.c6                        2.65009
t4                                           0
xxdut.xxtrim.tb4                             3
xxdut.xxtrim.xr5.11                    2.64957
xxdut.xxtrim.xr5.21                    2.44584
xxdut.xxtrim.c7                        2.44532
t5                                           0
xxdut.xxtrim.tb5                             3
xxdut.xxtrim.xr6.11                    2.44481
xxdut.xxtrim.xr6.21                    2.03733
xxdut.xxtrim.c8                        2.03682
t6                                           0
xxdut.xxtrim.tb6                             3
xxdut.xxtrim.xr7.11                    2.03679
xxdut.xxtrim.xr7.21                    1.99705
xxdut.vc                               1.99702
t7                                           3
xxdut.xxtrim.tb7                   6.61627e-09
xxdut.xxcmph.tail                     0.707375
xxdut.xxcmph.dp                        1.45986
xxdut.xxcmph.dn                        1.31776
xxdut.cmph_out                         1.40879
xxdut.xxcmpl.tailp                     2.32735
xxdut.xxcmpl.dp                    4.47678e-08
xxdut.xxcmpl.dn                         1.2143
xxdut.xxcmpl.outb                            3
xxdut.cmpl_out                     6.61628e-09
clk                                   0.745131
xxdut.qbar                             1.36287
xxdut.mid1                             2.45613
xxdut.mid2                             2.83682
vt7#branch                                   0
vt6#branch                                   0
vt5#branch                                   0
vt4#branch                                   0
vt3#branch                                   0
vt2#branch                                   0
vt1#branch                                   0
vt0#branch                                   0
vdd#branch                        -0.000481169

 Reference value :  2.46047e-08
 Reference value :  1.40461e-07
 Reference value :  2.63778e-07
 Reference value :  3.93690e-07
 Reference value :  5.20573e-07
 Reference value :  6.42854e-07
 Reference value :  7.67739e-07
 Reference value :  8.90032e-07
 Reference value :  1.00691e-06
 Reference value :  1.12630e-06
No. of Data Rows : 6300
ta                  =  1.03145e-07
tb                  =  5.95125e-07
ta = 1.031455e-07
tb = 5.951250e-07
period = 2.459897e-08
fosc = 4.065210e+07
ngspice-46 done

Note: Starting dynamic gmin stepping
Note: Dynamic gmin stepping completed
