====================================================================
gf180-rcosc PVT corner run: sf_T+027C_V3p3_code0xA7
run id      : 20260923T030125Z
process     : sf (fets=sf res=res_typical mimcap=mimcap_typical)
temperature : 27 C
supply      : 3.3 V
trim code   : 0xA7 (167)
transient   : tran 200p 1200n, f = 20 periods / (t[rise=25] - t[rise=5])
wall clock  : 2.0 s
exit status : 0
====================================================================

Note: No compatibility mode selected!


Circuit: ** sch_path: /home/ubuntu/github/gf180-rcosc/.loom/worktrees/issue-57/design/pvt_tb.sch

Doing analysis at TEMP = 27.000000 and TNOM = 27.000000

Using SPARSE 1.3 as Direct Linear Solver

Initial Transient Solution
--------------------------

Node                                   Voltage
----                                   -------
vdd                                        3.3
xxdut.xxbias.xrba.11                   3.29907
xxdut.xxbias.xrba.21                   2.20093
xxdut.vh                                   2.2
xxdut.xxbias.xrbb.11                   2.19907
xxdut.xxbias.xrbb.21                   1.10093
xxdut.vl                                   1.1
xxdut.xxbias.xrbc.11                   1.09907
xxdut.xxbias.xrbc.21               0.000925394
xxdut.ibias                             1.0433
xxdut.pb                               2.20391
xxdut.xxbias.n2s                      0.165831
xxdut.xxbias.xrz.11                   0.165397
xxdut.xxbias.xrz.21                0.000434411
xxdut.xxtrim.xrfix.11                  3.29898
xxdut.xxtrim.xrfix.21                  3.08983
xxdut.xxtrim.c1                        3.08881
xxdut.xxtrim.xr0.11                    3.08852
xxdut.xxtrim.xr0.21                    3.08595
xxdut.xxtrim.c2                        3.08566
t0                                         3.3
xxdut.xxtrim.tb0                   4.56436e-09
xxdut.xxtrim.xr1.11                     3.0854
xxdut.xxtrim.xr1.21                    3.08093
xxdut.xxtrim.c3                        3.08068
t1                                         3.3
xxdut.xxtrim.tb1                   4.56436e-09
xxdut.xxtrim.xr2.11                    3.08048
xxdut.xxtrim.xr2.21                    3.07369
xxdut.xxtrim.c4                         3.0735
t2                                         3.3
xxdut.xxtrim.tb2                   4.56436e-09
xxdut.xxtrim.xr3.11                    3.07247
xxdut.xxtrim.xr3.21                    2.99968
xxdut.xxtrim.c5                        2.99866
t3                                           0
xxdut.xxtrim.tb3                           3.3
xxdut.xxtrim.xr4.11                    2.99763
xxdut.xxtrim.xr4.21                    2.85205
xxdut.xxtrim.c6                        2.85102
t4                                           0
xxdut.xxtrim.tb4                           3.3
xxdut.xxtrim.xr5.11                    2.85095
xxdut.xxtrim.xr5.21                    2.82949
xxdut.xxtrim.c7                        2.82941
t5                                         3.3
xxdut.xxtrim.tb5                   4.56436e-09
xxdut.xxtrim.xr6.11                    2.82839
xxdut.xxtrim.xr6.21                    2.24604
xxdut.xxtrim.c8                        2.24501
t6                                           0
xxdut.xxtrim.tb6                           3.3
xxdut.xxtrim.xr7.11                    2.24498
xxdut.xxtrim.xr7.21                    2.20211
xxdut.vc                               2.20207
t7                                         3.3
xxdut.xxtrim.tb7                   4.56436e-09
xxdut.xxcmph.tail                      0.88371
xxdut.xxcmph.dp                        1.59535
xxdut.xxcmph.dn                        1.74967
xxdut.cmph_out                         1.53767
xxdut.xxcmpl.tailp                     2.45735
xxdut.xxcmpl.dp                     1.4473e-08
xxdut.xxcmpl.dn                        1.16346
xxdut.xxcmpl.outb                          3.3
xxdut.cmpl_out                     4.56436e-09
clk                                   0.817538
xxdut.qbar                             1.48281
xxdut.mid1                             2.70387
xxdut.mid2                             3.11224
vt7#branch                                   0
vt6#branch                                   0
vt5#branch                                   0
vt4#branch                                   0
vt3#branch                                   0
vt2#branch                                   0
vt1#branch                                   0
vt0#branch                                   0
vdd#branch                        -0.000560238

 Reference value :  7.07103e-08
 Reference value :  2.35552e-07
 Reference value :  3.88182e-07
 Reference value :  5.53174e-07
 Reference value :  7.10956e-07
 Reference value :  8.78954e-07
 Reference value :  1.04573e-06
No. of Data Rows : 6522
ta                  =  8.66601e-08
tb                  =  5.02081e-07
ta = 8.666013e-08
tb = 5.020813e-07
period = 2.077106e-08
fosc = 4.814391e+07
ngspice-46 done

Note: Starting dynamic gmin stepping
Note: Dynamic gmin stepping completed
