====================================================================
gf180-rcosc PVT corner run: sf_T+085C_V3p6_code0xA6
run id      : 20260923T030125Z
process     : sf (fets=sf res=res_typical mimcap=mimcap_typical)
temperature : 85 C
supply      : 3.6 V
trim code   : 0xA6 (166)
transient   : tran 200p 1200n, f = 20 periods / (t[rise=25] - t[rise=5])
wall clock  : 3.5 s
exit status : 0
====================================================================

Note: No compatibility mode selected!


Circuit: ** sch_path: /home/ubuntu/github/gf180-rcosc/.loom/worktrees/issue-57/design/pvt_tb.sch

Doing analysis at TEMP = 85.000000 and TNOM = 27.000000

Using SPARSE 1.3 as Direct Linear Solver

Initial Transient Solution
--------------------------

Node                                   Voltage
----                                   -------
vdd                                        3.6
xxdut.xxbias.xrba.11                   3.59927
xxdut.xxbias.xrba.21                   2.40073
xxdut.vh                                   2.4
xxdut.xxbias.xrbb.11                   2.39927
xxdut.xxbias.xrbb.21                   1.20073
xxdut.vl                                   1.2
xxdut.xxbias.xrbc.11                   1.19927
xxdut.xxbias.xrbc.21                0.00072864
xxdut.ibias                             1.0847
xxdut.pb                               2.43875
xxdut.xxbias.n2s                       0.21793
xxdut.xxbias.xrz.11                   0.217518
xxdut.xxbias.xrz.21                0.000412459
xxdut.xxtrim.xrfix.11                   3.5992
xxdut.xxtrim.xrfix.21                  3.37189
xxdut.xxtrim.c1                        3.37108
xxdut.xxtrim.xr0.11                    3.37028
xxdut.xxtrim.xr0.21                    3.36039
xxdut.xxtrim.c2                        3.35959
t0                                           0
xxdut.xxtrim.tb0                           3.6
xxdut.xxtrim.xr1.11                    3.35937
xxdut.xxtrim.xr1.21                    3.35398
xxdut.xxtrim.c3                        3.35376
t1                                         3.6
xxdut.xxtrim.tb1                   7.87922e-09
xxdut.xxtrim.xr2.11                     3.3536
xxdut.xxtrim.xr2.21                    3.34544
xxdut.xxtrim.c4                        3.34527
t2                                         3.6
xxdut.xxtrim.tb2                   7.87922e-09
xxdut.xxtrim.xr3.11                    3.34447
xxdut.xxtrim.xr3.21                    3.26535
xxdut.xxtrim.c5                        3.26455
t3                                           0
xxdut.xxtrim.tb3                           3.6
xxdut.xxtrim.xr4.11                    3.26374
xxdut.xxtrim.xr4.21                    3.10551
xxdut.xxtrim.c6                        3.10471
t4                                           0
xxdut.xxtrim.tb4                           3.6
xxdut.xxtrim.xr5.11                    3.10464
xxdut.xxtrim.xr5.21                    3.07893
xxdut.xxtrim.c7                        3.07886
t5                                         3.6
xxdut.xxtrim.tb5                   7.87922e-09
xxdut.xxtrim.xr6.11                    3.07806
xxdut.xxtrim.xr6.21                    2.44512
xxdut.xxtrim.c8                        2.44432
t6                                           0
xxdut.xxtrim.tb6                           3.6
xxdut.xxtrim.xr7.11                    2.44429
xxdut.xxtrim.xr7.21                    2.40174
xxdut.vc                               2.40171
t7                                         3.6
xxdut.xxtrim.tb7                   7.87922e-09
xxdut.xxcmph.tail                      1.00574
xxdut.xxcmph.dp                        1.74553
xxdut.xxcmph.dn                         1.8366
xxdut.cmph_out                         1.68002
xxdut.xxcmpl.tailp                     2.64479
xxdut.xxcmpl.dp                     1.5758e-08
xxdut.xxcmpl.dn                        1.25415
xxdut.xxcmpl.outb                          3.6
xxdut.cmpl_out                     7.87922e-09
clk                                   0.774868
xxdut.qbar                             1.60733
xxdut.mid1                             2.86196
xxdut.mid2                              3.3629
vt7#branch                                   0
vt6#branch                                   0
vt5#branch                                   0
vt4#branch                                   0
vt3#branch                                   0
vt2#branch                                   0
vt1#branch                                   0
vt0#branch                                   0
vdd#branch                        -0.000694004

 Reference value :  2.58136e-08
 Reference value :  1.36064e-07
 Reference value :  2.49619e-07
 Reference value :  3.63685e-07
 Reference value :  4.69698e-07
 Reference value :  5.85102e-07
 Reference value :  6.99024e-07
 Reference value :  8.16048e-07
 Reference value :  9.32290e-07
 Reference value :  1.05092e-06
 Reference value :  1.16903e-06
No. of Data Rows : 6488
ta                  =  8.40694e-08
tb                  =  4.85200e-07
ta = 8.406936e-08
tb = 4.851999e-07
period = 2.005653e-08
fosc = 4.985908e+07
ngspice-46 done

Note: Starting dynamic gmin stepping
Note: Dynamic gmin stepping completed
