====================================================================
gf180-rcosc PVT corner run: sf_T+027C_V3p3_code0xA6
run id      : 20260923T030125Z
process     : sf (fets=sf res=res_typical mimcap=mimcap_typical)
temperature : 27 C
supply      : 3.3 V
trim code   : 0xA6 (166)
transient   : tran 200p 1200n, f = 20 periods / (t[rise=25] - t[rise=5])
wall clock  : 2.1 s
exit status : 0
====================================================================

Note: No compatibility mode selected!


Circuit: ** sch_path: /home/ubuntu/github/gf180-rcosc/.loom/worktrees/issue-57/design/pvt_tb.sch

Doing analysis at TEMP = 27.000000 and TNOM = 27.000000

Using SPARSE 1.3 as Direct Linear Solver

Initial Transient Solution
--------------------------

Node                                   Voltage
----                                   -------
vdd                                        3.3
xxdut.xxbias.xrba.11                   3.29907
xxdut.xxbias.xrba.21                   2.20093
xxdut.vh                                   2.2
xxdut.xxbias.xrbb.11                   2.19907
xxdut.xxbias.xrbb.21                   1.10093
xxdut.vl                                   1.1
xxdut.xxbias.xrbc.11                   1.09907
xxdut.xxbias.xrbc.21               0.000925394
xxdut.ibias                             1.0433
xxdut.pb                               2.20391
xxdut.xxbias.n2s                      0.165831
xxdut.xxbias.xrz.11                   0.165397
xxdut.xxbias.xrz.21                0.000434411
xxdut.xxtrim.xrfix.11                  3.29898
xxdut.xxtrim.xrfix.21                  3.09136
xxdut.xxtrim.c1                        3.09035
xxdut.xxtrim.xr0.11                    3.08933
xxdut.xxtrim.xr0.21                     3.0803
xxdut.xxtrim.c2                        3.07928
t0                                           0
xxdut.xxtrim.tb0                           3.3
xxdut.xxtrim.xr1.11                    3.07903
xxdut.xxtrim.xr1.21                    3.07458
xxdut.xxtrim.c3                        3.07433
t1                                         3.3
xxdut.xxtrim.tb1                   4.56436e-09
xxdut.xxtrim.xr2.11                    3.07414
xxdut.xxtrim.xr2.21                    3.06738
xxdut.xxtrim.c4                        3.06719
t2                                         3.3
xxdut.xxtrim.tb2                   4.56436e-09
xxdut.xxtrim.xr3.11                    3.06617
xxdut.xxtrim.xr3.21                    2.99391
xxdut.xxtrim.c5                        2.99289
t3                                           0
xxdut.xxtrim.tb3                           3.3
xxdut.xxtrim.xr4.11                    2.99187
xxdut.xxtrim.xr4.21                    2.84735
xxdut.xxtrim.c6                        2.84633
t4                                           0
xxdut.xxtrim.tb4                           3.3
xxdut.xxtrim.xr5.11                    2.84625
xxdut.xxtrim.xr5.21                    2.82492
xxdut.xxtrim.c7                        2.82484
t5                                         3.3
xxdut.xxtrim.tb5                   4.56436e-09
xxdut.xxtrim.xr6.11                    2.82382
xxdut.xxtrim.xr6.21                    2.24571
xxdut.xxtrim.c8                        2.24469
t6                                           0
xxdut.xxtrim.tb6                           3.3
xxdut.xxtrim.xr7.11                    2.24466
xxdut.xxtrim.xr7.21                    2.20211
xxdut.vc                               2.20207
t7                                         3.3
xxdut.xxtrim.tb7                   4.56436e-09
xxdut.xxcmph.tail                      0.88371
xxdut.xxcmph.dp                        1.59535
xxdut.xxcmph.dn                        1.74967
xxdut.cmph_out                         1.53779
xxdut.xxcmpl.tailp                     2.45735
xxdut.xxcmpl.dp                     1.4473e-08
xxdut.xxcmpl.dn                        1.16346
xxdut.xxcmpl.outb                          3.3
xxdut.cmpl_out                     4.56436e-09
clk                                   0.817054
xxdut.qbar                             1.48282
xxdut.mid1                             2.70356
xxdut.mid2                             3.11224
vt7#branch                                   0
vt6#branch                                   0
vt5#branch                                   0
vt4#branch                                   0
vt3#branch                                   0
vt2#branch                                   0
vt1#branch                                   0
vt0#branch                                   0
vdd#branch                        -0.000560075

 Reference value :  1.39293e-08
 Reference value :  1.72088e-07
 Reference value :  3.38988e-07
 Reference value :  5.06518e-07
 Reference value :  6.61316e-07
 Reference value :  8.10291e-07
 Reference value :  9.78525e-07
 Reference value :  1.15594e-06
No. of Data Rows : 6424
ta                  =  8.79705e-08
tb                  =  5.05625e-07
ta = 8.797048e-08
tb = 5.056246e-07
period = 2.088271e-08
fosc = 4.788651e+07
ngspice-46 done

Note: Starting dynamic gmin stepping
Warning: Dynamic gmin stepping failed
Note: Starting true gmin stepping
Note: True gmin stepping completed
