====================================================================
gf180-rcosc PVT corner run: ss_T+027C_V3p3_code0xAB
run id      : 20260923T030125Z
process     : ss (fets=ss res=res_ss mimcap=mimcap_ss)
temperature : 27 C
supply      : 3.3 V
trim code   : 0xAB (171)
transient   : tran 200p 1200n, f = 20 periods / (t[rise=25] - t[rise=5])
wall clock  : 1.9 s
exit status : 0
====================================================================

Note: No compatibility mode selected!


Circuit: ** sch_path: /home/ubuntu/github/gf180-rcosc/.loom/worktrees/issue-57/design/pvt_tb.sch

Doing analysis at TEMP = 27.000000 and TNOM = 27.000000

Using SPARSE 1.3 as Direct Linear Solver

Initial Transient Solution
--------------------------

Node                                   Voltage
----                                   -------
vdd                                        3.3
xxdut.xxbias.xrba.11                   3.29923
xxdut.xxbias.xrba.21                   2.20077
xxdut.vh                                   2.2
xxdut.xxbias.xrbb.11                   2.19923
xxdut.xxbias.xrbb.21                   1.10077
xxdut.vl                                   1.1
xxdut.xxbias.xrbc.11                   1.09923
xxdut.xxbias.xrbc.21               0.000771378
xxdut.ibias                            1.03445
xxdut.pb                               2.02323
xxdut.xxbias.n2s                      0.149151
xxdut.xxbias.xrz.11                   0.148825
xxdut.xxbias.xrz.21                0.000325881
xxdut.xxtrim.xrfix.11                  3.29913
xxdut.xxtrim.xrfix.21                  3.08501
xxdut.xxtrim.c1                        3.08414
xxdut.xxtrim.xr0.11                    3.08388
xxdut.xxtrim.xr0.21                    3.08114
xxdut.xxtrim.c2                        3.08088
t0                                         3.3
xxdut.xxtrim.tb0                    4.4423e-09
xxdut.xxtrim.xr1.11                    3.08066
xxdut.xxtrim.xr1.21                    3.07592
xxdut.xxtrim.c3                         3.0757
t1                                         3.3
xxdut.xxtrim.tb1                    4.4423e-09
xxdut.xxtrim.xr2.11                    3.07482
xxdut.xxtrim.xr2.21                    3.03756
xxdut.xxtrim.c4                        3.03669
t2                                           0
xxdut.xxtrim.tb2                           3.3
xxdut.xxtrim.xr3.11                    3.03655
xxdut.xxtrim.xr3.21                    3.02484
xxdut.xxtrim.c5                         3.0247
t3                                         3.3
xxdut.xxtrim.tb3                    4.4423e-09
xxdut.xxtrim.xr4.11                    3.02382
xxdut.xxtrim.xr4.21                    2.87478
xxdut.xxtrim.c6                         2.8739
t4                                           0
xxdut.xxtrim.tb4                           3.3
xxdut.xxtrim.xr5.11                    2.87384
xxdut.xxtrim.xr5.21                    2.85104
xxdut.xxtrim.c7                        2.85098
t5                                         3.3
xxdut.xxtrim.tb5                    4.4423e-09
xxdut.xxtrim.xr6.11                     2.8501
xxdut.xxtrim.xr6.21                    2.25391
xxdut.xxtrim.c8                        2.25303
t6                                           0
xxdut.xxtrim.tb6                           3.3
xxdut.xxtrim.xr7.11                      2.253
xxdut.xxtrim.xr7.21                    2.20163
xxdut.vc                               2.20159
t7                                         3.3
xxdut.xxtrim.tb7                    4.4423e-09
xxdut.xxcmph.tail                     0.883969
xxdut.xxcmph.dp                        1.48579
xxdut.xxcmph.dn                        1.60251
xxdut.cmph_out                         1.42502
xxdut.xxcmpl.tailp                     2.61357
xxdut.xxcmpl.dp                    1.70823e-08
xxdut.xxcmpl.dn                        1.13893
xxdut.xxcmpl.outb                          3.3
xxdut.cmpl_out                      4.4423e-09
clk                                   0.838353
xxdut.qbar                             1.39108
xxdut.mid1                             2.80142
xxdut.mid2                             3.14129
vt7#branch                                   0
vt6#branch                                   0
vt5#branch                                   0
vt4#branch                                   0
vt3#branch                                   0
vt2#branch                                   0
vt1#branch                                   0
vt0#branch                                   0
vdd#branch                        -0.000409035

 Reference value :  6.95209e-08
 Reference value :  2.48082e-07
 Reference value :  4.27464e-07
 Reference value :  5.95198e-07
 Reference value :  7.60012e-07
 Reference value :  9.41941e-07
 Reference value :  1.12223e-06
No. of Data Rows : 6432
ta                  =  1.06119e-07
tb                  =  6.12785e-07
ta = 1.061190e-07
tb = 6.127853e-07
period = 2.533332e-08
fosc = 3.947371e+07
ngspice-46 done

Note: Starting dynamic gmin stepping
Note: Dynamic gmin stepping completed
