====================================================================
gf180-rcosc PVT corner run: ss_T-040C_V3p0_code0xAD
run id      : 20260923T030125Z
process     : ss (fets=ss res=res_ss mimcap=mimcap_ss)
temperature : -40 C
supply      : 3 V
trim code   : 0xAD (173)
transient   : tran 200p 1200n, f = 20 periods / (t[rise=25] - t[rise=5])
wall clock  : 6.6 s
exit status : 0
====================================================================

Note: No compatibility mode selected!


Circuit: ** sch_path: /home/ubuntu/github/gf180-rcosc/.loom/worktrees/issue-57/design/pvt_tb.sch

Doing analysis at TEMP = -40.000000 and TNOM = 27.000000

Using SPARSE 1.3 as Direct Linear Solver

Initial Transient Solution
--------------------------

Node                                   Voltage
----                                   -------
vdd                                          3
xxdut.xxbias.xrba.11                   2.99888
xxdut.xxbias.xrba.21                   2.00112
xxdut.vh                                     2
xxdut.xxbias.xrbb.11                   1.99888
xxdut.xxbias.xrbb.21                   1.00112
xxdut.vl                                     1
xxdut.xxbias.xrbc.11                  0.998877
xxdut.xxbias.xrbc.21                0.00112334
xxdut.ibias                            1.02091
xxdut.pb                               1.77077
xxdut.xxbias.n2s                      0.105901
xxdut.xxbias.xrz.11                   0.105531
xxdut.xxbias.xrz.21                0.000369992
xxdut.xxtrim.xrfix.11                  2.99871
xxdut.xxtrim.xrfix.21                   2.8016
xxdut.xxtrim.c1                        2.80031
xxdut.xxtrim.xr0.11                        2.8
xxdut.xxtrim.xr0.21                     2.7979
xxdut.xxtrim.c2                        2.79758
t0                                           3
xxdut.xxtrim.tb0                   3.27159e-09
xxdut.xxtrim.xr1.11                    2.79629
xxdut.xxtrim.xr1.21                    2.77914
xxdut.xxtrim.c3                        2.77785
t1                                           0
xxdut.xxtrim.tb1                             3
xxdut.xxtrim.xr2.11                    2.77764
xxdut.xxtrim.xr2.21                    2.77195
xxdut.xxtrim.c4                        2.77174
t2                                           3
xxdut.xxtrim.tb2                   3.27159e-09
xxdut.xxtrim.xr3.11                    2.77156
xxdut.xxtrim.xr3.21                    2.76234
xxdut.xxtrim.c5                        2.76216
t3                                           3
xxdut.xxtrim.tb3                   3.27159e-09
xxdut.xxtrim.xr4.11                    2.76087
xxdut.xxtrim.xr4.21                    2.62366
xxdut.xxtrim.c6                        2.62237
t4                                           0
xxdut.xxtrim.tb4                             3
xxdut.xxtrim.xr5.11                    2.62229
xxdut.xxtrim.xr5.21                    2.60426
xxdut.xxtrim.c7                        2.60417
t5                                           3
xxdut.xxtrim.tb5                   3.27159e-09
xxdut.xxtrim.xr6.11                    2.60288
xxdut.xxtrim.xr6.21                    2.05404
xxdut.xxtrim.c8                        2.05275
t6                                           0
xxdut.xxtrim.tb6                             3
xxdut.xxtrim.xr7.11                    2.05269
xxdut.xxtrim.xr7.21                    2.00134
xxdut.vc                               2.00128
t7                                           3
xxdut.xxtrim.tb7                   3.27159e-09
xxdut.xxcmph.tail                     0.740486
xxdut.xxcmph.dp                        1.35254
xxdut.xxcmph.dn                        1.48377
xxdut.cmph_out                         1.30434
xxdut.xxcmpl.tailp                     2.43529
xxdut.xxcmpl.dp                    1.61622e-08
xxdut.xxcmpl.dn                        1.08555
xxdut.xxcmpl.outb                            3
xxdut.cmpl_out                     3.27159e-09
clk                                   0.893525
xxdut.qbar                             1.29062
xxdut.mid1                             2.64217
xxdut.mid2                             2.89478
vt7#branch                                   0
vt6#branch                                   0
vt5#branch                                   0
vt4#branch                                   0
vt3#branch                                   0
vt2#branch                                   0
vt1#branch                                   0
vt0#branch                                   0
vdd#branch                        -0.000293169

 Reference value :  0.00000e+00
 Reference value :  1.11055e-07
 Reference value :  2.20921e-07
 Reference value :  3.37818e-07
 Reference value :  4.53961e-07
 Reference value :  5.66854e-07
 Reference value :  6.80933e-07
 Reference value :  8.05009e-07
 Reference value :  9.31522e-07
 Reference value :  1.04993e-06
 Reference value :  1.17726e-06
No. of Data Rows : 6265
ta                  =  1.13859e-07
tb                  =  6.46929e-07
ta = 1.138585e-07
tb = 6.469292e-07
period = 2.665354e-08
fosc = 3.751848e+07
ngspice-46 done

Note: Starting dynamic gmin stepping
Warning: Dynamic gmin stepping failed
Note: Starting true gmin stepping
Note: True gmin stepping completed
