====================================================================
gf180-rcosc PVT corner run: ss_T-040C_V3p6_code0xAD
run id      : 20260923T030125Z
process     : ss (fets=ss res=res_ss mimcap=mimcap_ss)
temperature : -40 C
supply      : 3.6 V
trim code   : 0xAD (173)
transient   : tran 200p 1200n, f = 20 periods / (t[rise=25] - t[rise=5])
wall clock  : 6.8 s
exit status : 0
====================================================================

Note: No compatibility mode selected!


Circuit: ** sch_path: /home/ubuntu/github/gf180-rcosc/.loom/worktrees/issue-57/design/pvt_tb.sch

Doing analysis at TEMP = -40.000000 and TNOM = 27.000000

Using SPARSE 1.3 as Direct Linear Solver

Initial Transient Solution
--------------------------

Node                                   Voltage
----                                   -------
vdd                                        3.6
xxdut.xxbias.xrba.11                   3.59865
xxdut.xxbias.xrba.21                   2.40135
xxdut.vh                                   2.4
xxdut.xxbias.xrbb.11                   2.39865
xxdut.xxbias.xrbb.21                   1.20135
xxdut.vl                                   1.2
xxdut.xxbias.xrbc.11                   1.19865
xxdut.xxbias.xrbc.21                0.00134801
xxdut.ibias                            1.04968
xxdut.pb                               2.32931
xxdut.xxbias.n2s                      0.122544
xxdut.xxbias.xrz.11                   0.122116
xxdut.xxbias.xrz.21                0.000428141
xxdut.xxtrim.xrfix.11                  3.59842
xxdut.xxtrim.xrfix.21                  3.35651
xxdut.xxtrim.c1                        3.35493
xxdut.xxtrim.xr0.11                    3.35458
xxdut.xxtrim.xr0.21                    3.35227
xxdut.xxtrim.c2                        3.35193
t0                                         3.6
xxdut.xxtrim.tb0                   3.91151e-09
xxdut.xxtrim.xr1.11                    3.35034
xxdut.xxtrim.xr1.21                     3.3293
xxdut.xxtrim.c3                        3.32771
t1                                           0
xxdut.xxtrim.tb1                           3.6
xxdut.xxtrim.xr2.11                    3.32748
xxdut.xxtrim.xr2.21                    3.32132
xxdut.xxtrim.c4                        3.32108
t2                                         3.6
xxdut.xxtrim.tb2                   3.91151e-09
xxdut.xxtrim.xr3.11                     3.3209
xxdut.xxtrim.xr3.21                    3.31095
xxdut.xxtrim.c5                        3.31076
t3                                         3.6
xxdut.xxtrim.tb3                   3.91151e-09
xxdut.xxtrim.xr4.11                    3.30918
xxdut.xxtrim.xr4.21                    3.14078
xxdut.xxtrim.c6                         3.1392
t4                                           0
xxdut.xxtrim.tb4                           3.6
xxdut.xxtrim.xr5.11                    3.13911
xxdut.xxtrim.xr5.21                    3.12013
xxdut.xxtrim.c7                        3.12004
t5                                         3.6
xxdut.xxtrim.tb5                   3.91151e-09
xxdut.xxtrim.xr6.11                    3.11845
xxdut.xxtrim.xr6.21                    2.44487
xxdut.xxtrim.c8                        2.44328
t6                                           0
xxdut.xxtrim.tb6                           3.6
xxdut.xxtrim.xr7.11                    2.44324
xxdut.xxtrim.xr7.21                    2.40373
xxdut.vc                               2.40369
t7                                         3.6
xxdut.xxtrim.tb7                   3.91151e-09
xxdut.xxcmph.tail                      1.03821
xxdut.xxcmph.dp                        1.61923
xxdut.xxcmph.dn                        1.99258
xxdut.cmph_out                         1.55577
xxdut.xxcmpl.tailp                     2.76476
xxdut.xxcmpl.dp                    1.66149e-08
xxdut.xxcmpl.dn                        1.12443
xxdut.xxcmpl.outb                          3.6
xxdut.cmpl_out                     3.91151e-09
clk                                   0.902596
xxdut.qbar                             1.50988
xxdut.mid1                             3.04729
xxdut.mid2                             3.41844
vt7#branch                                   0
vt6#branch                                   0
vt5#branch                                   0
vt4#branch                                   0
vt3#branch                                   0
vt2#branch                                   0
vt1#branch                                   0
vt0#branch                                   0
vdd#branch                        -0.000516609

 Reference value :  0.00000e+00
 Reference value :  1.04561e-07
 Reference value :  2.11577e-07
 Reference value :  3.15431e-07
 Reference value :  4.21622e-07
 Reference value :  5.35155e-07
 Reference value :  6.49518e-07
 Reference value :  7.56822e-07
 Reference value :  8.65536e-07
 Reference value :  9.72966e-07
 Reference value :  1.08714e-06
 Reference value :  1.19984e-06
No. of Data Rows : 6494
ta                  =  1.08270e-07
tb                  =  6.26428e-07
ta = 1.082699e-07
tb = 6.264279e-07
period = 2.590790e-08
fosc = 3.859827e+07
ngspice-46 done

Note: Starting dynamic gmin stepping
Warning: Dynamic gmin stepping failed
Note: Starting true gmin stepping
Note: True gmin stepping completed
