====================================================================
gf180-rcosc PVT corner run: ss_T-040C_V3p3_code0xAD
run id      : 20260923T030125Z
process     : ss (fets=ss res=res_ss mimcap=mimcap_ss)
temperature : -40 C
supply      : 3.3 V
trim code   : 0xAD (173)
transient   : tran 200p 1200n, f = 20 periods / (t[rise=25] - t[rise=5])
wall clock  : 6.4 s
exit status : 0
====================================================================

Note: No compatibility mode selected!


Circuit: ** sch_path: /home/ubuntu/github/gf180-rcosc/.loom/worktrees/issue-57/design/pvt_tb.sch

Doing analysis at TEMP = -40.000000 and TNOM = 27.000000

Using SPARSE 1.3 as Direct Linear Solver

Initial Transient Solution
--------------------------

Node                                   Voltage
----                                   -------
vdd                                        3.3
xxdut.xxbias.xrba.11                   3.29876
xxdut.xxbias.xrba.21                   2.20124
xxdut.vh                                   2.2
xxdut.xxbias.xrbb.11                   2.19876
xxdut.xxbias.xrbb.21                   1.10124
xxdut.vl                                   1.1
xxdut.xxbias.xrbc.11                   1.09876
xxdut.xxbias.xrbc.21                0.00123568
xxdut.ibias                            1.03373
xxdut.pb                               2.05245
xxdut.xxbias.n2s                      0.113313
xxdut.xxbias.xrz.11                   0.112918
xxdut.xxbias.xrz.21                0.000395891
xxdut.xxtrim.xrfix.11                  3.29856
xxdut.xxtrim.xrfix.21                  3.07933
xxdut.xxtrim.c1                        3.07789
xxdut.xxtrim.xr0.11                    3.07756
xxdut.xxtrim.xr0.21                    3.07536
xxdut.xxtrim.c2                        3.07503
t0                                         3.3
xxdut.xxtrim.tb0                    3.5076e-09
xxdut.xxtrim.xr1.11                     3.0736
xxdut.xxtrim.xr1.21                    3.05452
xxdut.xxtrim.c3                        3.05309
t1                                           0
xxdut.xxtrim.tb1                           3.3
xxdut.xxtrim.xr2.11                    3.05286
xxdut.xxtrim.xr2.21                    3.04696
xxdut.xxtrim.c4                        3.04674
t2                                         3.3
xxdut.xxtrim.tb2                    3.5076e-09
xxdut.xxtrim.xr3.11                    3.04656
xxdut.xxtrim.xr3.21                      3.037
xxdut.xxtrim.c5                        3.03682
t3                                         3.3
xxdut.xxtrim.tb3                    3.5076e-09
xxdut.xxtrim.xr4.11                    3.03538
xxdut.xxtrim.xr4.21                    2.88277
xxdut.xxtrim.c6                        2.88133
t4                                           0
xxdut.xxtrim.tb4                           3.3
xxdut.xxtrim.xr5.11                    2.88124
xxdut.xxtrim.xr5.21                    2.86282
xxdut.xxtrim.c7                        2.86273
t5                                         3.3
xxdut.xxtrim.tb5                    3.5076e-09
xxdut.xxtrim.xr6.11                     2.8613
xxdut.xxtrim.xr6.21                    2.25083
xxdut.xxtrim.c8                        2.24939
t6                                           0
xxdut.xxtrim.tb6                           3.3
xxdut.xxtrim.xr7.11                    2.24934
xxdut.xxtrim.xr7.21                    2.20258
xxdut.vc                               2.20252
t7                                         3.3
xxdut.xxtrim.tb7                    3.5076e-09
xxdut.xxcmph.tail                     0.889862
xxdut.xxcmph.dp                        1.48442
xxdut.xxcmph.dn                        1.74328
xxdut.cmph_out                         1.42833
xxdut.xxcmpl.tailp                     2.59919
xxdut.xxcmpl.dp                    1.65426e-08
xxdut.xxcmpl.dn                        1.10283
xxdut.xxcmpl.outb                          3.3
xxdut.cmpl_out                      3.5076e-09
clk                                   0.898215
xxdut.qbar                             1.39943
xxdut.mid1                             2.84569
xxdut.mid2                             3.15737
vt7#branch                                   0
vt6#branch                                   0
vt5#branch                                   0
vt4#branch                                   0
vt3#branch                                   0
vt2#branch                                   0
vt1#branch                                   0
vt0#branch                                   0
vdd#branch                        -0.000397291

 Reference value :  1.60237e-08
 Reference value :  1.23339e-07
 Reference value :  2.40169e-07
 Reference value :  3.55531e-07
 Reference value :  4.63849e-07
 Reference value :  5.67538e-07
 Reference value :  6.79443e-07
 Reference value :  7.92030e-07
 Reference value :  9.00394e-07
 Reference value :  1.02283e-06
 Reference value :  1.13489e-06
No. of Data Rows : 6512
ta                  =  1.08728e-07
tb                  =  6.33958e-07
ta = 1.087279e-07
tb = 6.339578e-07
period = 2.626150e-08
fosc = 3.807856e+07
ngspice-46 done

Note: Starting dynamic gmin stepping
Note: Dynamic gmin stepping completed
