====================================================================
gf180-rcosc PVT corner run: ss_T+027C_V3p3_code0x00
run id      : 20260923T030125Z
process     : ss (fets=ss res=res_ss mimcap=mimcap_ss)
temperature : 27 C
supply      : 3.3 V
trim code   : 0x00 (0)
transient   : tran 200p 1200n, f = 20 periods / (t[rise=25] - t[rise=5])
wall clock  : 1.6 s
exit status : 0
====================================================================

Note: No compatibility mode selected!


Circuit: ** sch_path: /home/ubuntu/github/gf180-rcosc/.loom/worktrees/issue-57/design/pvt_tb.sch

Doing analysis at TEMP = 27.000000 and TNOM = 27.000000

Using SPARSE 1.3 as Direct Linear Solver

Initial Transient Solution
--------------------------

Node                                   Voltage
----                                   -------
vdd                                        3.3
xxdut.xxbias.xrba.11                   3.29923
xxdut.xxbias.xrba.21                   2.20077
xxdut.vh                                   2.2
xxdut.xxbias.xrbb.11                   2.19923
xxdut.xxbias.xrbb.21                   1.10077
xxdut.vl                                   1.1
xxdut.xxbias.xrbc.11                   1.09923
xxdut.xxbias.xrbc.21               0.000771378
xxdut.ibias                            1.03445
xxdut.pb                               2.02323
xxdut.xxbias.n2s                      0.149151
xxdut.xxbias.xrz.11                   0.148825
xxdut.xxbias.xrz.21                0.000325881
xxdut.xxtrim.xrfix.11                  3.29963
xxdut.xxtrim.xrfix.21                  3.20936
xxdut.xxtrim.c1                        3.20899
xxdut.xxtrim.xr0.11                    3.20862
xxdut.xxtrim.xr0.21                     3.2047
xxdut.xxtrim.c2                        3.20433
t0                                           0
xxdut.xxtrim.tb0                           3.3
xxdut.xxtrim.xr1.11                    3.20396
xxdut.xxtrim.xr1.21                     3.1961
xxdut.xxtrim.c3                        3.19574
t1                                           0
xxdut.xxtrim.tb1                           3.3
xxdut.xxtrim.xr2.11                    3.19537
xxdut.xxtrim.xr2.21                    3.17966
xxdut.xxtrim.c4                        3.17929
t2                                           0
xxdut.xxtrim.tb2                           3.3
xxdut.xxtrim.xr3.11                    3.17892
xxdut.xxtrim.xr3.21                     3.1475
xxdut.xxtrim.c5                        3.14713
t3                                           0
xxdut.xxtrim.tb3                           3.3
xxdut.xxtrim.xr4.11                    3.14676
xxdut.xxtrim.xr4.21                    3.08393
xxdut.xxtrim.c6                        3.08356
t4                                           0
xxdut.xxtrim.tb4                           3.3
xxdut.xxtrim.xr5.11                    3.08319
xxdut.xxtrim.xr5.21                    2.95751
xxdut.xxtrim.c7                        2.95714
t5                                           0
xxdut.xxtrim.tb5                           3.3
xxdut.xxtrim.xr6.11                    2.95677
xxdut.xxtrim.xr6.21                    2.70542
xxdut.xxtrim.c8                        2.70505
t6                                           0
xxdut.xxtrim.tb6                           3.3
xxdut.xxtrim.xr7.11                    2.70468
xxdut.xxtrim.xr7.21                    2.20197
xxdut.vc                                2.2016
t7                                           0
xxdut.xxtrim.tb7                           3.3
xxdut.xxcmph.tail                     0.883969
xxdut.xxcmph.dp                        1.48562
xxdut.xxcmph.dn                        1.60251
xxdut.cmph_out                         1.43668
xxdut.xxcmpl.tailp                     2.61357
xxdut.xxcmpl.dp                    1.70823e-08
xxdut.xxcmpl.dn                        1.13893
xxdut.xxcmpl.outb                          3.3
xxdut.cmpl_out                      4.4423e-09
clk                                     0.7875
xxdut.qbar                             1.39221
xxdut.mid1                             2.77057
xxdut.mid2                             3.14143
vt7#branch                                   0
vt6#branch                                   0
vt5#branch                                   0
vt4#branch                                   0
vt3#branch                                   0
vt2#branch                                   0
vt1#branch                                   0
vt0#branch                                   0
vdd#branch                        -0.000398508

 Reference value :  0.00000e+00
 Reference value :  2.17504e-07
 Reference value :  4.47287e-07
 Reference value :  6.81322e-07
 Reference value :  9.05464e-07
 Reference value :  1.13272e-06
No. of Data Rows : 6160
ta                  =  2.00328e-07
tb                  =  1.17794e-06
ta = 2.003278e-07
tb = 1.177938e-06
period = 4.888051e-08
fosc = 2.045805e+07
ngspice-46 done

Note: Starting dynamic gmin stepping
Warning: Dynamic gmin stepping failed
Note: Starting true gmin stepping
Note: True gmin stepping completed
