====================================================================
gf180-rcosc PVT corner run: ss_T+085C_V3p3_code0xAD
run id      : 20260923T030125Z
process     : ss (fets=ss res=res_ss mimcap=mimcap_ss)
temperature : 85 C
supply      : 3.3 V
trim code   : 0xAD (173)
transient   : tran 200p 1200n, f = 20 periods / (t[rise=25] - t[rise=5])
wall clock  : 4.3 s
exit status : 0
====================================================================

Note: No compatibility mode selected!


Circuit: ** sch_path: /home/ubuntu/github/gf180-rcosc/.loom/worktrees/issue-57/design/pvt_tb.sch

Doing analysis at TEMP = 85.000000 and TNOM = 27.000000

Using SPARSE 1.3 as Direct Linear Solver

Initial Transient Solution
--------------------------

Node                                   Voltage
----                                   -------
vdd                                        3.3
xxdut.xxbias.xrba.11                   3.29944
xxdut.xxbias.xrba.21                   2.20056
xxdut.vh                                   2.2
xxdut.xxbias.xrbb.11                   2.19944
xxdut.xxbias.xrbb.21                   1.10056
xxdut.vl                                   1.1
xxdut.xxbias.xrbc.11                   1.09944
xxdut.xxbias.xrbc.21               0.000556713
xxdut.ibias                            1.04705
xxdut.pb                               1.98767
xxdut.xxbias.n2s                      0.185181
xxdut.xxbias.xrz.11                   0.184889
xxdut.xxbias.xrz.21                0.000292248
xxdut.xxtrim.xrfix.11                  3.29936
xxdut.xxtrim.xrfix.21                  3.08318
xxdut.xxtrim.c1                        3.08254
xxdut.xxtrim.xr0.11                    3.08232
xxdut.xxtrim.xr0.21                    3.07913
xxdut.xxtrim.c2                        3.07891
t0                                         3.3
xxdut.xxtrim.tb0                   5.30595e-09
xxdut.xxtrim.xr1.11                    3.07827
xxdut.xxtrim.xr1.21                    3.05946
xxdut.xxtrim.c3                        3.05882
t1                                           0
xxdut.xxtrim.tb1                           3.3
xxdut.xxtrim.xr2.11                    3.05868
xxdut.xxtrim.xr2.21                    3.05031
xxdut.xxtrim.c4                        3.05016
t2                                         3.3
xxdut.xxtrim.tb2                   5.30595e-09
xxdut.xxtrim.xr3.11                    3.05005
xxdut.xxtrim.xr3.21                    3.03648
xxdut.xxtrim.c5                        3.03637
t3                                         3.3
xxdut.xxtrim.tb3                   5.30595e-09
xxdut.xxtrim.xr4.11                    3.03573
xxdut.xxtrim.xr4.21                    2.88524
xxdut.xxtrim.c6                         2.8846
t4                                           0
xxdut.xxtrim.tb4                           3.3
xxdut.xxtrim.xr5.11                    2.88455
xxdut.xxtrim.xr5.21                    2.85787
xxdut.xxtrim.c7                        2.85782
t5                                         3.3
xxdut.xxtrim.tb5                   5.30595e-09
xxdut.xxtrim.xr6.11                    2.85718
xxdut.xxtrim.xr6.21                    2.25521
xxdut.xxtrim.c8                        2.25458
t6                                           0
xxdut.xxtrim.tb6                           3.3
xxdut.xxtrim.xr7.11                    2.25455
xxdut.xxtrim.xr7.21                    2.19939
xxdut.vc                               2.19936
t7                                         3.3
xxdut.xxtrim.tb7                   5.30595e-09
xxdut.xxcmph.tail                     0.868122
xxdut.xxcmph.dp                        1.48943
xxdut.xxcmph.dn                        1.45856
xxdut.cmph_out                         1.42417
xxdut.xxcmpl.tailp                     2.63311
xxdut.xxcmpl.dp                    1.95102e-08
xxdut.xxcmpl.dn                        1.18741
xxdut.xxcmpl.outb                          3.3
xxdut.cmpl_out                     5.30595e-09
clk                                   0.790146
xxdut.qbar                             1.38653
xxdut.mid1                             2.76443
xxdut.mid2                             3.12783
vt7#branch                                   0
vt6#branch                                   0
vt5#branch                                   0
vt4#branch                                   0
vt3#branch                                   0
vt2#branch                                   0
vt1#branch                                   0
vt0#branch                                   0
vdd#branch                        -0.000431146

 Reference value :  2.66414e-08
 Reference value :  1.35368e-07
 Reference value :  2.56025e-07
 Reference value :  3.70640e-07
 Reference value :  4.88084e-07
 Reference value :  6.05935e-07
 Reference value :  7.24739e-07
 Reference value :  8.46364e-07
 Reference value :  9.71630e-07
 Reference value :  1.09650e-06
No. of Data Rows : 6326
ta                  =  1.02492e-07
tb                  =  5.88511e-07
ta = 1.024924e-07
tb = 5.885113e-07
period = 2.430095e-08
fosc = 4.115066e+07
ngspice-46 done

Note: Starting dynamic gmin stepping
Note: Dynamic gmin stepping completed
