====================================================================
gf180-rcosc PVT corner run: ss_T-040C_V3p0_code0x80
run id      : 20260923T030125Z
process     : ss (fets=ss res=res_ss mimcap=mimcap_ss)
temperature : -40 C
supply      : 3 V
trim code   : 0x80 (128)
transient   : tran 200p 1200n, f = 20 periods / (t[rise=25] - t[rise=5])
wall clock  : 5.1 s
exit status : 0
====================================================================

Note: No compatibility mode selected!


Circuit: ** sch_path: /home/ubuntu/github/gf180-rcosc/.loom/worktrees/issue-57/design/pvt_tb.sch

Doing analysis at TEMP = -40.000000 and TNOM = 27.000000

Using SPARSE 1.3 as Direct Linear Solver

Initial Transient Solution
--------------------------

Node                                   Voltage
----                                   -------
vdd                                          3
xxdut.xxbias.xrba.11                   2.99888
xxdut.xxbias.xrba.21                   2.00112
xxdut.vh                                     2
xxdut.xxbias.xrbb.11                   1.99888
xxdut.xxbias.xrbb.21                   1.00112
xxdut.vl                                     1
xxdut.xxbias.xrbc.11                  0.998877
xxdut.xxbias.xrbc.21                0.00112334
xxdut.ibias                            1.02091
xxdut.pb                               1.77077
xxdut.xxbias.n2s                      0.105901
xxdut.xxbias.xrz.11                   0.105531
xxdut.xxbias.xrz.21                0.000369992
xxdut.xxtrim.xrfix.11                  2.99905
xxdut.xxtrim.xrfix.21                  2.85415
xxdut.xxtrim.c1                         2.8532
xxdut.xxtrim.xr0.11                    2.85226
xxdut.xxtrim.xr0.21                    2.84595
xxdut.xxtrim.c2                          2.845
t0                                           0
xxdut.xxtrim.tb0                             3
xxdut.xxtrim.xr1.11                    2.84405
xxdut.xxtrim.xr1.21                    2.83145
xxdut.xxtrim.c3                         2.8305
t1                                           0
xxdut.xxtrim.tb1                             3
xxdut.xxtrim.xr2.11                    2.82955
xxdut.xxtrim.xr2.21                    2.80433
xxdut.xxtrim.c4                        2.80338
t2                                           0
xxdut.xxtrim.tb2                             3
xxdut.xxtrim.xr3.11                    2.80244
xxdut.xxtrim.xr3.21                      2.752
xxdut.xxtrim.c5                        2.75105
t3                                           0
xxdut.xxtrim.tb3                             3
xxdut.xxtrim.xr4.11                    2.75011
xxdut.xxtrim.xr4.21                    2.64924
xxdut.xxtrim.c6                        2.64829
t4                                           0
xxdut.xxtrim.tb4                             3
xxdut.xxtrim.xr5.11                    2.64734
xxdut.xxtrim.xr5.21                    2.44561
xxdut.xxtrim.c7                        2.44466
t5                                           0
xxdut.xxtrim.tb5                             3
xxdut.xxtrim.xr6.11                    2.44371
xxdut.xxtrim.xr6.21                    2.04024
xxdut.xxtrim.c8                        2.03929
t6                                           0
xxdut.xxtrim.tb6                             3
xxdut.xxtrim.xr7.11                    2.03925
xxdut.xxtrim.xr7.21                    2.00133
xxdut.vc                               2.00128
t7                                           3
xxdut.xxtrim.tb7                   3.27159e-09
xxdut.xxcmph.tail                     0.740486
xxdut.xxcmph.dp                        1.35249
xxdut.xxcmph.dn                        1.48377
xxdut.cmph_out                         1.30825
xxdut.xxcmpl.tailp                     2.43529
xxdut.xxcmpl.dp                    1.61622e-08
xxdut.xxcmpl.dn                        1.08555
xxdut.xxcmpl.outb                            3
xxdut.cmpl_out                     3.27159e-09
clk                                    0.87746
xxdut.qbar                             1.29082
xxdut.mid1                             2.63264
xxdut.mid2                             2.89479
vt7#branch                                   0
vt6#branch                                   0
vt5#branch                                   0
vt4#branch                                   0
vt3#branch                                   0
vt2#branch                                   0
vt1#branch                                   0
vt0#branch                                   0
vdd#branch                        -0.000288979

 Reference value :  0.00000e+00
 Reference value :  1.11245e-07
 Reference value :  2.30122e-07
 Reference value :  3.59075e-07
 Reference value :  4.84081e-07
 Reference value :  6.14160e-07
 Reference value :  7.38292e-07
 Reference value :  8.62594e-07
 Reference value :  9.91183e-07
 Reference value :  1.11271e-06
No. of Data Rows : 6318
ta                  =  1.40993e-07
tb                  =  8.25613e-07
ta = 1.409931e-07
tb = 8.256132e-07
period = 3.423100e-08
fosc = 2.921328e+07
ngspice-46 done

Note: Starting dynamic gmin stepping
Warning: Dynamic gmin stepping failed
Note: Starting true gmin stepping
Note: True gmin stepping completed
