====================================================================
gf180-rcosc PVT corner run: ss_T+085C_V3p6_code0xCD
run id      : 20260923T030125Z
process     : ss (fets=ss res=res_ss mimcap=mimcap_ss)
temperature : 85 C
supply      : 3.6 V
trim code   : 0xCD (205)
transient   : tran 200p 1200n, f = 20 periods / (t[rise=25] - t[rise=5])
wall clock  : 3.7 s
exit status : 0
====================================================================

Note: No compatibility mode selected!


Circuit: ** sch_path: /home/ubuntu/github/gf180-rcosc/.loom/worktrees/issue-57/design/pvt_tb.sch

Doing analysis at TEMP = 85.000000 and TNOM = 27.000000

Using SPARSE 1.3 as Direct Linear Solver

Initial Transient Solution
--------------------------

Node                                   Voltage
----                                   -------
vdd                                        3.6
xxdut.xxbias.xrba.11                   3.59939
xxdut.xxbias.xrba.21                   2.40061
xxdut.vh                                   2.4
xxdut.xxbias.xrbb.11                   2.39939
xxdut.xxbias.xrbb.21                   1.20061
xxdut.vl                                   1.2
xxdut.xxbias.xrbc.11                   1.19939
xxdut.xxbias.xrbc.21               0.000607323
xxdut.ibias                            1.06164
xxdut.pb                                2.2682
xxdut.xxbias.n2s                      0.193813
xxdut.xxbias.xrz.11                   0.193507
xxdut.xxbias.xrz.21                0.000305872
xxdut.xxtrim.xrfix.11                  3.59904
xxdut.xxtrim.xrfix.21                  3.27414
xxdut.xxtrim.c1                        3.27318
xxdut.xxtrim.xr0.11                    3.27286
xxdut.xxtrim.xr0.21                    3.26816
xxdut.xxtrim.c2                        3.26784
t0                                         3.6
xxdut.xxtrim.tb0                   5.83202e-09
xxdut.xxtrim.xr1.11                    3.26688
xxdut.xxtrim.xr1.21                    3.23861
xxdut.xxtrim.c3                        3.23765
t1                                           0
xxdut.xxtrim.tb1                           3.6
xxdut.xxtrim.xr2.11                    3.23745
xxdut.xxtrim.xr2.21                    3.22514
xxdut.xxtrim.c4                        3.22493
t2                                         3.6
xxdut.xxtrim.tb2                   5.83202e-09
xxdut.xxtrim.xr3.11                    3.22476
xxdut.xxtrim.xr3.21                    3.20482
xxdut.xxtrim.c5                        3.20465
t3                                         3.6
xxdut.xxtrim.tb3                   5.83202e-09
xxdut.xxtrim.xr4.11                    3.20369
xxdut.xxtrim.xr4.21                    2.97752
xxdut.xxtrim.c6                        2.97656
t4                                           0
xxdut.xxtrim.tb4                           3.6
xxdut.xxtrim.xr5.11                     2.9756
xxdut.xxtrim.xr5.21                    2.52325
xxdut.xxtrim.c7                         2.5223
t5                                           0
xxdut.xxtrim.tb5                           3.6
xxdut.xxtrim.xr6.11                    2.52224
xxdut.xxtrim.xr6.21                    2.46909
xxdut.xxtrim.c8                        2.46903
t6                                         3.6
xxdut.xxtrim.tb6                   5.83202e-09
xxdut.xxtrim.xr7.11                      2.469
xxdut.xxtrim.xr7.21                    2.40176
xxdut.vc                               2.40172
t7                                         3.6
xxdut.xxtrim.tb7                   5.83202e-09
xxdut.xxcmph.tail                      1.01692
xxdut.xxcmph.dp                        1.62696
xxdut.xxcmph.dn                        1.71424
xxdut.cmph_out                         1.54805
xxdut.xxcmpl.tailp                     2.79709
xxdut.xxcmpl.dp                    1.84234e-08
xxdut.xxcmpl.dn                        1.20824
xxdut.xxcmpl.outb                          3.6
xxdut.cmpl_out                     5.83202e-09
clk                                   0.820492
xxdut.qbar                             1.50146
xxdut.mid1                             2.98038
xxdut.mid2                             3.39055
vt7#branch                                   0
vt6#branch                                   0
vt5#branch                                   0
vt4#branch                                   0
vt3#branch                                   0
vt2#branch                                   0
vt1#branch                                   0
vt0#branch                                   0
vdd#branch                        -0.000531172

 Reference value :  2.58996e-08
 Reference value :  1.40901e-07
 Reference value :  2.54733e-07
 Reference value :  3.68560e-07
 Reference value :  4.81406e-07
 Reference value :  5.85507e-07
 Reference value :  6.89417e-07
 Reference value :  7.97273e-07
 Reference value :  9.07389e-07
 Reference value :  1.01755e-06
 Reference value :  1.13104e-06
No. of Data Rows : 6461
ta                  =  8.48280e-08
tb                  =  4.86247e-07
ta = 8.482802e-08
tb = 4.862472e-07
period = 2.007096e-08
fosc = 4.982323e+07
ngspice-46 done

Note: Starting dynamic gmin stepping
Note: Dynamic gmin stepping completed
