====================================================================
gf180-rcosc PVT corner run: ss_T+085C_V3p6_code0xAD
run id      : 20260923T030125Z
process     : ss (fets=ss res=res_ss mimcap=mimcap_ss)
temperature : 85 C
supply      : 3.6 V
trim code   : 0xAD (173)
transient   : tran 200p 1200n, f = 20 periods / (t[rise=25] - t[rise=5])
wall clock  : 5.2 s
exit status : 0
====================================================================

Note: No compatibility mode selected!


Circuit: ** sch_path: /home/ubuntu/github/gf180-rcosc/.loom/worktrees/issue-57/design/pvt_tb.sch

Doing analysis at TEMP = 85.000000 and TNOM = 27.000000

Using SPARSE 1.3 as Direct Linear Solver

Initial Transient Solution
--------------------------

Node                                   Voltage
----                                   -------
vdd                                        3.6
xxdut.xxbias.xrba.11                   3.59939
xxdut.xxbias.xrba.21                   2.40061
xxdut.vh                                   2.4
xxdut.xxbias.xrbb.11                   2.39939
xxdut.xxbias.xrbb.21                   1.20061
xxdut.vl                                   1.2
xxdut.xxbias.xrbc.11                   1.19939
xxdut.xxbias.xrbc.21               0.000607323
xxdut.ibias                            1.06164
xxdut.pb                                2.2682
xxdut.xxbias.n2s                      0.193813
xxdut.xxbias.xrz.11                   0.193507
xxdut.xxbias.xrz.21                0.000305872
xxdut.xxtrim.xrfix.11                   3.5993
xxdut.xxtrim.xrfix.21                  3.36089
xxdut.xxtrim.c1                        3.36018
xxdut.xxtrim.xr0.11                    3.35996
xxdut.xxtrim.xr0.21                    3.35658
xxdut.xxtrim.c2                        3.35635
t0                                         3.6
xxdut.xxtrim.tb0                   5.83202e-09
xxdut.xxtrim.xr1.11                    3.35565
xxdut.xxtrim.xr1.21                    3.33491
xxdut.xxtrim.c3                         3.3342
t1                                           0
xxdut.xxtrim.tb1                           3.6
xxdut.xxtrim.xr2.11                    3.33406
xxdut.xxtrim.xr2.21                     3.3253
xxdut.xxtrim.c4                        3.32515
t2                                         3.6
xxdut.xxtrim.tb2                   5.83202e-09
xxdut.xxtrim.xr3.11                    3.32503
xxdut.xxtrim.xr3.21                    3.31089
xxdut.xxtrim.c5                        3.31077
t3                                         3.6
xxdut.xxtrim.tb3                   5.83202e-09
xxdut.xxtrim.xr4.11                    3.31007
xxdut.xxtrim.xr4.21                    3.14411
xxdut.xxtrim.c6                         3.1434
t4                                           0
xxdut.xxtrim.tb4                           3.6
xxdut.xxtrim.xr5.11                    3.14335
xxdut.xxtrim.xr5.21                    3.11586
xxdut.xxtrim.c7                         3.1158
t5                                         3.6
xxdut.xxtrim.tb5                   5.83202e-09
xxdut.xxtrim.xr6.11                     3.1151
xxdut.xxtrim.xr6.21                    2.45124
xxdut.xxtrim.c8                        2.45054
t6                                           0
xxdut.xxtrim.tb6                           3.6
xxdut.xxtrim.xr7.11                    2.45051
xxdut.xxtrim.xr7.21                    2.40175
xxdut.vc                               2.40173
t7                                         3.6
xxdut.xxtrim.tb7                   5.83202e-09
xxdut.xxcmph.tail                      1.01692
xxdut.xxcmph.dp                        1.62683
xxdut.xxcmph.dn                        1.71424
xxdut.cmph_out                         1.55525
xxdut.xxcmpl.tailp                     2.79709
xxdut.xxcmpl.dp                    1.84234e-08
xxdut.xxcmpl.dn                        1.20824
xxdut.xxcmpl.outb                          3.6
xxdut.cmpl_out                     5.83202e-09
clk                                   0.796284
xxdut.qbar                             1.50243
xxdut.mid1                             2.96541
xxdut.mid2                             3.39073
vt7#branch                                   0
vt6#branch                                   0
vt5#branch                                   0
vt4#branch                                   0
vt3#branch                                   0
vt2#branch                                   0
vt1#branch                                   0
vt0#branch                                   0
vdd#branch                        -0.000523036

 Reference value :  1.37005e-08
 Reference value :  1.26072e-07
 Reference value :  2.45215e-07
 Reference value :  3.59289e-07
 Reference value :  4.73613e-07
 Reference value :  5.90811e-07
 Reference value :  7.06530e-07
 Reference value :  8.29743e-07
 Reference value :  9.47030e-07
 Reference value :  1.06533e-06
 Reference value :  1.18221e-06
No. of Data Rows : 6479
ta                  =  1.00646e-07
tb                  =  5.81277e-07
ta = 1.006456e-07
tb = 5.812772e-07
period = 2.403158e-08
fosc = 4.161191e+07
ngspice-46 done

Note: Starting dynamic gmin stepping
Note: Dynamic gmin stepping completed
