====================================================================
gf180-rcosc PVT corner run: tt_T+027C_V3p3_code0xE0
run id      : 20260923T030125Z
process     : tt (fets=typical res=res_typical mimcap=mimcap_typical)
temperature : 27 C
supply      : 3.3 V
trim code   : 0xE0 (224)
transient   : tran 200p 1200n, f = 20 periods / (t[rise=25] - t[rise=5])
wall clock  : 3.9 s
exit status : 0
====================================================================

Note: No compatibility mode selected!


Circuit: ** sch_path: /home/ubuntu/github/gf180-rcosc/.loom/worktrees/issue-57/design/pvt_tb.sch

Doing analysis at TEMP = 27.000000 and TNOM = 27.000000

Using SPARSE 1.3 as Direct Linear Solver

Initial Transient Solution
--------------------------

Node                                   Voltage
----                                   -------
vdd                                        3.3
xxdut.xxbias.xrba.11                   3.29907
xxdut.xxbias.xrba.21                   2.20093
xxdut.vh                                   2.2
xxdut.xxbias.xrbb.11                   2.19907
xxdut.xxbias.xrbb.21                   1.10093
xxdut.vl                                   1.1
xxdut.xxbias.xrbc.11                   1.09907
xxdut.xxbias.xrbc.21               0.000925394
xxdut.ibias                           0.964429
xxdut.pb                               2.09264
xxdut.xxbias.n2s                      0.168067
xxdut.xxbias.xrz.11                   0.167627
xxdut.xxbias.xrz.21                0.000440269
xxdut.xxtrim.xrfix.11                  3.29814
xxdut.xxtrim.xrfix.21                  2.91855
xxdut.xxtrim.c1                        2.91669
xxdut.xxtrim.xr0.11                    2.91483
xxdut.xxtrim.xr0.21                    2.89832
xxdut.xxtrim.c2                        2.89646
t0                                           0
xxdut.xxtrim.tb0                           3.3
xxdut.xxtrim.xr1.11                     2.8946
xxdut.xxtrim.xr1.21                    2.86157
xxdut.xxtrim.c3                        2.85971
t1                                           0
xxdut.xxtrim.tb1                           3.3
xxdut.xxtrim.xr2.11                    2.85785
xxdut.xxtrim.xr2.21                    2.79179
xxdut.xxtrim.c4                        2.78993
t2                                           0
xxdut.xxtrim.tb2                           3.3
xxdut.xxtrim.xr3.11                    2.78807
xxdut.xxtrim.xr3.21                    2.65596
xxdut.xxtrim.c5                         2.6541
t3                                           0
xxdut.xxtrim.tb3                           3.3
xxdut.xxtrim.xr4.11                    2.65224
xxdut.xxtrim.xr4.21                      2.388
xxdut.xxtrim.c6                        2.38614
t4                                           0
xxdut.xxtrim.tb4                           3.3
xxdut.xxtrim.xr5.11                    2.38597
xxdut.xxtrim.xr5.21                    2.33684
xxdut.xxtrim.c7                        2.33667
t5                                         3.3
xxdut.xxtrim.tb5                   4.20669e-09
xxdut.xxtrim.xr6.11                    2.33656
xxdut.xxtrim.xr6.21                    2.27651
xxdut.xxtrim.c8                         2.2764
t6                                         3.3
xxdut.xxtrim.tb6                   4.20669e-09
xxdut.xxtrim.xr7.11                    2.27634
xxdut.xxtrim.xr7.21                    2.20244
xxdut.vc                               2.20237
t7                                         3.3
xxdut.xxtrim.tb7                   4.20669e-09
xxdut.xxcmph.tail                     0.952236
xxdut.xxcmph.dp                        1.47867
xxdut.xxcmph.dn                        1.61104
xxdut.cmph_out                         1.40041
xxdut.xxcmpl.tailp                     2.54751
xxdut.xxcmpl.dp                    1.38973e-08
xxdut.xxcmpl.dn                         1.0832
xxdut.xxcmpl.outb                          3.3
xxdut.cmpl_out                     4.20669e-09
clk                                   0.777514
xxdut.qbar                             1.36392
xxdut.mid1                              2.7476
xxdut.mid2                             3.10366
vt7#branch                                   0
vt6#branch                                   0
vt5#branch                                   0
vt4#branch                                   0
vt3#branch                                   0
vt2#branch                                   0
vt1#branch                                   0
vt0#branch                                   0
vdd#branch                        -0.000577736

 Reference value :  0.00000e+00
 Reference value :  9.21756e-08
 Reference value :  1.85067e-07
 Reference value :  2.79294e-07
 Reference value :  3.74897e-07
 Reference value :  4.70262e-07
 Reference value :  5.73224e-07
 Reference value :  6.75347e-07
 Reference value :  7.78848e-07
 Reference value :  8.85072e-07
 Reference value :  9.93260e-07
 Reference value :  1.09720e-06
No. of Data Rows : 6519
ta                  =  6.28357e-08
tb                  =  3.53317e-07
ta = 6.283567e-08
tb = 3.533175e-07
period = 1.452409e-08
fosc = 6.885112e+07
ngspice-46 done

Note: Starting dynamic gmin stepping
Warning: Dynamic gmin stepping failed
Note: Starting true gmin stepping
Note: True gmin stepping completed
