====================================================================
gf180-rcosc PVT corner run: tt_T+027C_V3p3_code0xD0
run id      : 20260923T030125Z
process     : tt (fets=typical res=res_typical mimcap=mimcap_typical)
temperature : 27 C
supply      : 3.3 V
trim code   : 0xD0 (208)
transient   : tran 200p 1200n, f = 20 periods / (t[rise=25] - t[rise=5])
wall clock  : 4.0 s
exit status : 0
====================================================================

Note: No compatibility mode selected!


Circuit: ** sch_path: /home/ubuntu/github/gf180-rcosc/.loom/worktrees/issue-57/design/pvt_tb.sch

Doing analysis at TEMP = 27.000000 and TNOM = 27.000000

Using SPARSE 1.3 as Direct Linear Solver

Initial Transient Solution
--------------------------

Node                                   Voltage
----                                   -------
vdd                                        3.3
xxdut.xxbias.xrba.11                   3.29907
xxdut.xxbias.xrba.21                   2.20093
xxdut.vh                                   2.2
xxdut.xxbias.xrbb.11                   2.19907
xxdut.xxbias.xrbb.21                   1.10093
xxdut.vl                                   1.1
xxdut.xxbias.xrbc.11                   1.09907
xxdut.xxbias.xrbc.21               0.000925394
xxdut.ibias                           0.964429
xxdut.pb                               2.09264
xxdut.xxbias.n2s                      0.168067
xxdut.xxbias.xrz.11                   0.167627
xxdut.xxbias.xrz.21                0.000440269
xxdut.xxtrim.xrfix.11                  3.29848
xxdut.xxtrim.xrfix.21                  2.98865
xxdut.xxtrim.c1                        2.98713
xxdut.xxtrim.xr0.11                    2.98561
xxdut.xxtrim.xr0.21                    2.97213
xxdut.xxtrim.c2                        2.97062
t0                                           0
xxdut.xxtrim.tb0                           3.3
xxdut.xxtrim.xr1.11                     2.9691
xxdut.xxtrim.xr1.21                    2.94214
xxdut.xxtrim.c3                        2.94062
t1                                           0
xxdut.xxtrim.tb1                           3.3
xxdut.xxtrim.xr2.11                     2.9391
xxdut.xxtrim.xr2.21                    2.88518
xxdut.xxtrim.c4                        2.88366
t2                                           0
xxdut.xxtrim.tb2                           3.3
xxdut.xxtrim.xr3.11                    2.88215
xxdut.xxtrim.xr3.21                    2.77431
xxdut.xxtrim.c5                        2.77279
t3                                           0
xxdut.xxtrim.tb3                           3.3
xxdut.xxtrim.xr4.11                    2.77259
xxdut.xxtrim.xr4.21                    2.74447
xxdut.xxtrim.c6                        2.74427
t4                                         3.3
xxdut.xxtrim.tb4                   4.20669e-09
xxdut.xxtrim.xr5.11                    2.74275
xxdut.xxtrim.xr5.21                    2.31139
xxdut.xxtrim.c7                        2.30987
t5                                           0
xxdut.xxtrim.tb5                           3.3
xxdut.xxtrim.xr6.11                    2.30978
xxdut.xxtrim.xr6.21                     2.2622
xxdut.xxtrim.c8                        2.26212
t6                                         3.3
xxdut.xxtrim.tb6                   4.20669e-09
xxdut.xxtrim.xr7.11                    2.26206
xxdut.xxtrim.xr7.21                    2.20243
xxdut.vc                               2.20238
t7                                         3.3
xxdut.xxtrim.tb7                   4.20669e-09
xxdut.xxcmph.tail                     0.952236
xxdut.xxcmph.dp                        1.47858
xxdut.xxcmph.dn                        1.61104
xxdut.cmph_out                         1.40538
xxdut.xxcmpl.tailp                     2.54751
xxdut.xxcmpl.dp                    1.38973e-08
xxdut.xxcmpl.dn                         1.0832
xxdut.xxcmpl.outb                          3.3
xxdut.cmpl_out                     4.20669e-09
clk                                   0.762293
xxdut.qbar                             1.36442
xxdut.mid1                             2.73824
xxdut.mid2                             3.10374
vt7#branch                                   0
vt6#branch                                   0
vt5#branch                                   0
vt4#branch                                   0
vt3#branch                                   0
vt2#branch                                   0
vt1#branch                                   0
vt0#branch                                   0
vdd#branch                        -0.000570179

 Reference value :  2.19061e-08
 Reference value :  1.18686e-07
 Reference value :  2.22539e-07
 Reference value :  3.27366e-07
 Reference value :  4.17019e-07
 Reference value :  5.11026e-07
 Reference value :  6.17595e-07
 Reference value :  7.21163e-07
 Reference value :  8.28218e-07
 Reference value :  9.30257e-07
 Reference value :  1.03491e-06
 Reference value :  1.13037e-06
No. of Data Rows : 6601
ta                  =  6.97721e-08
tb                  =  3.91660e-07
ta = 6.977209e-08
tb = 3.916598e-07
period = 1.609439e-08
fosc = 6.213347e+07
ngspice-46 done

Note: Starting dynamic gmin stepping
Note: Dynamic gmin stepping completed
