====================================================================
gf180-rcosc PVT corner run: tt_T+027C_V3p3_code0x70
run id      : 20260923T030125Z
process     : tt (fets=typical res=res_typical mimcap=mimcap_typical)
temperature : 27 C
supply      : 3.3 V
trim code   : 0x70 (112)
transient   : tran 200p 1200n, f = 20 periods / (t[rise=25] - t[rise=5])
wall clock  : 3.1 s
exit status : 0
====================================================================

Note: No compatibility mode selected!


Circuit: ** sch_path: /home/ubuntu/github/gf180-rcosc/.loom/worktrees/issue-57/design/pvt_tb.sch

Doing analysis at TEMP = 27.000000 and TNOM = 27.000000

Using SPARSE 1.3 as Direct Linear Solver

Initial Transient Solution
--------------------------

Node                                   Voltage
----                                   -------
vdd                                        3.3
xxdut.xxbias.xrba.11                   3.29907
xxdut.xxbias.xrba.21                   2.20093
xxdut.vh                                   2.2
xxdut.xxbias.xrbb.11                   2.19907
xxdut.xxbias.xrbb.21                   1.10093
xxdut.vl                                   1.1
xxdut.xxbias.xrbc.11                   1.09907
xxdut.xxbias.xrbc.21               0.000925394
xxdut.ibias                           0.964429
xxdut.pb                               2.09264
xxdut.xxbias.n2s                      0.168067
xxdut.xxbias.xrz.11                   0.167627
xxdut.xxbias.xrz.21                0.000440269
xxdut.xxtrim.xrfix.11                  3.29929
xxdut.xxtrim.xrfix.21                  3.15491
xxdut.xxtrim.c1                        3.15421
xxdut.xxtrim.xr0.11                     3.1535
xxdut.xxtrim.xr0.21                    3.14722
xxdut.xxtrim.c2                        3.14651
t0                                           0
xxdut.xxtrim.tb0                           3.3
xxdut.xxtrim.xr1.11                     3.1458
xxdut.xxtrim.xr1.21                    3.13324
xxdut.xxtrim.c3                        3.13253
t1                                           0
xxdut.xxtrim.tb1                           3.3
xxdut.xxtrim.xr2.11                    3.13183
xxdut.xxtrim.xr2.21                     3.1067
xxdut.xxtrim.c4                        3.10599
t2                                           0
xxdut.xxtrim.tb2                           3.3
xxdut.xxtrim.xr3.11                    3.10529
xxdut.xxtrim.xr3.21                    3.05503
xxdut.xxtrim.c5                        3.05433
t3                                           0
xxdut.xxtrim.tb3                           3.3
xxdut.xxtrim.xr4.11                    3.05424
xxdut.xxtrim.xr4.21                    3.04252
xxdut.xxtrim.c6                        3.04244
t4                                         3.3
xxdut.xxtrim.tb4                   4.20669e-09
xxdut.xxtrim.xr5.11                    3.04239
xxdut.xxtrim.xr5.21                    3.02744
xxdut.xxtrim.c7                        3.02738
t5                                         3.3
xxdut.xxtrim.tb5                   4.20669e-09
xxdut.xxtrim.xr6.11                    3.02735
xxdut.xxtrim.xr6.21                    3.00787
xxdut.xxtrim.c8                        3.00784
t6                                         3.3
xxdut.xxtrim.tb6                   4.20669e-09
xxdut.xxtrim.xr7.11                    3.00713
xxdut.xxtrim.xr7.21                    2.20309
xxdut.vc                               2.20238
t7                                           0
xxdut.xxtrim.tb7                           3.3
xxdut.xxcmph.tail                     0.952236
xxdut.xxcmph.dp                        1.47834
xxdut.xxcmph.dn                        1.61104
xxdut.cmph_out                         1.41892
xxdut.xxcmpl.tailp                     2.54751
xxdut.xxcmpl.dp                    1.38973e-08
xxdut.xxcmpl.dn                         1.0832
xxdut.xxcmpl.outb                          3.3
xxdut.cmpl_out                     4.20669e-09
clk                                   0.712165
xxdut.qbar                             1.36629
xxdut.mid1                             2.70747
xxdut.mid2                             3.10408
vt7#branch                                   0
vt6#branch                                   0
vt5#branch                                   0
vt4#branch                                   0
vt3#branch                                   0
vt2#branch                                   0
vt1#branch                                   0
vt0#branch                                   0
vdd#branch                        -0.000552665

 Reference value :  2.70806e-08
 Reference value :  1.40744e-07
 Reference value :  2.44624e-07
 Reference value :  3.56397e-07
 Reference value :  4.66062e-07
 Reference value :  5.79912e-07
 Reference value :  6.88129e-07
 Reference value :  8.10008e-07
 Reference value :  9.35950e-07
 Reference value :  1.06188e-06
 Reference value :  1.18695e-06
No. of Data Rows : 6365
ta                  =  1.04508e-07
tb                  =  6.07986e-07
ta = 1.045079e-07
tb = 6.079861e-07
period = 2.517391e-08
fosc = 3.972367e+07
ngspice-46 done

Note: Starting dynamic gmin stepping
Note: Dynamic gmin stepping completed
