====================================================================
gf180-rcosc PVT corner run: tt_T+085C_V3p0_code0xA3
run id      : 20260923T030125Z
process     : tt (fets=typical res=res_typical mimcap=mimcap_typical)
temperature : 85 C
supply      : 3 V
trim code   : 0xA3 (163)
transient   : tran 200p 1200n, f = 20 periods / (t[rise=25] - t[rise=5])
wall clock  : 3.2 s
exit status : 0
====================================================================

Note: No compatibility mode selected!


Circuit: ** sch_path: /home/ubuntu/github/gf180-rcosc/.loom/worktrees/issue-57/design/pvt_tb.sch

Doing analysis at TEMP = 85.000000 and TNOM = 27.000000

Using SPARSE 1.3 as Direct Linear Solver

Initial Transient Solution
--------------------------

Node                                   Voltage
----                                   -------
vdd                                          3
xxdut.xxbias.xrba.11                   2.99939
xxdut.xxbias.xrba.21                   2.00061
xxdut.vh                                     2
xxdut.xxbias.xrbb.11                   1.99939
xxdut.xxbias.xrbb.21                   1.00061
xxdut.vl                                     1
xxdut.xxbias.xrbc.11                  0.999393
xxdut.xxbias.xrbc.21                 0.0006072
xxdut.ibias                           0.971282
xxdut.pb                               1.76594
xxdut.xxbias.n2s                      0.200208
xxdut.xxbias.xrz.11                   0.199829
xxdut.xxbias.xrz.21                0.000378918
xxdut.xxtrim.xrfix.11                  2.99935
xxdut.xxtrim.xrfix.21                  2.81585
xxdut.xxtrim.c1                         2.8152
xxdut.xxtrim.xr0.11                    2.81496
xxdut.xxtrim.xr0.21                    2.81207
xxdut.xxtrim.c2                        2.81183
t0                                           3
xxdut.xxtrim.tb0                   4.81375e-09
xxdut.xxtrim.xr1.11                    2.81163
xxdut.xxtrim.xr1.21                    2.80659
xxdut.xxtrim.c3                        2.80639
t1                                           3
xxdut.xxtrim.tb1                   4.81375e-09
xxdut.xxtrim.xr2.11                    2.80574
xxdut.xxtrim.xr2.21                     2.7738
xxdut.xxtrim.c4                        2.77316
t2                                           0
xxdut.xxtrim.tb2                             3
xxdut.xxtrim.xr3.11                    2.77251
xxdut.xxtrim.xr3.21                    2.70864
xxdut.xxtrim.c5                        2.70799
t3                                           0
xxdut.xxtrim.tb3                             3
xxdut.xxtrim.xr4.11                    2.70734
xxdut.xxtrim.xr4.21                     2.5796
xxdut.xxtrim.c6                        2.57895
t4                                           0
xxdut.xxtrim.tb4                             3
xxdut.xxtrim.xr5.11                    2.57889
xxdut.xxtrim.xr5.21                    2.55304
xxdut.xxtrim.c7                        2.55297
t5                                           3
xxdut.xxtrim.tb5                   4.81375e-09
xxdut.xxtrim.xr6.11                    2.55232
xxdut.xxtrim.xr6.21                    2.04136
xxdut.xxtrim.c8                        2.04071
t6                                           0
xxdut.xxtrim.tb6                             3
xxdut.xxtrim.xr7.11                    2.04068
xxdut.xxtrim.xr7.21                    1.99332
xxdut.vc                               1.99329
t7                                           3
xxdut.xxtrim.tb7                   4.81375e-09
xxdut.xxcmph.tail                     0.776039
xxdut.xxcmph.dp                        1.34711
xxdut.xxcmph.dn                        1.18781
xxdut.cmph_out                         1.28517
xxdut.xxcmpl.tailp                     2.41153
xxdut.xxcmpl.dp                    7.01174e-08
xxdut.xxcmpl.dn                        1.12368
xxdut.xxcmpl.outb                            3
xxdut.cmpl_out                     4.81375e-09
clk                                   0.678584
xxdut.qbar                             1.24873
xxdut.mid1                             2.48166
xxdut.mid2                             2.82903
vt7#branch                                   0
vt6#branch                                   0
vt5#branch                                   0
vt4#branch                                   0
vt3#branch                                   0
vt2#branch                                   0
vt1#branch                                   0
vt0#branch                                   0
vdd#branch                        -0.000481556

 Reference value :  2.71567e-08
 Reference value :  1.38624e-07
 Reference value :  2.49536e-07
 Reference value :  3.60689e-07
 Reference value :  4.73472e-07
 Reference value :  5.89620e-07
 Reference value :  7.04782e-07
 Reference value :  8.22197e-07
 Reference value :  9.40009e-07
 Reference value :  1.05289e-06
 Reference value :  1.17182e-06
No. of Data Rows : 6430
ta                  =  8.58220e-08
tb                  =  4.91953e-07
ta = 8.582205e-08
tb = 4.919530e-07
period = 2.030655e-08
fosc = 4.924520e+07
ngspice-46 done

Note: Starting dynamic gmin stepping
Note: Dynamic gmin stepping completed
