====================================================================
gf180-rcosc PVT corner run: tt_T+085C_V3p0_code0x80
run id      : 20260923T030125Z
process     : tt (fets=typical res=res_typical mimcap=mimcap_typical)
temperature : 85 C
supply      : 3 V
trim code   : 0x80 (128)
transient   : tran 200p 1200n, f = 20 periods / (t[rise=25] - t[rise=5])
wall clock  : 4.7 s
exit status : 0
====================================================================

Note: No compatibility mode selected!


Circuit: ** sch_path: /home/ubuntu/github/gf180-rcosc/.loom/worktrees/issue-57/design/pvt_tb.sch

Doing analysis at TEMP = 85.000000 and TNOM = 27.000000

Using SPARSE 1.3 as Direct Linear Solver

Initial Transient Solution
--------------------------

Node                                   Voltage
----                                   -------
vdd                                          3
xxdut.xxbias.xrba.11                   2.99939
xxdut.xxbias.xrba.21                   2.00061
xxdut.vh                                     2
xxdut.xxbias.xrbb.11                   1.99939
xxdut.xxbias.xrbb.21                   1.00061
xxdut.vl                                     1
xxdut.xxbias.xrbc.11                  0.999393
xxdut.xxbias.xrbc.21                 0.0006072
xxdut.ibias                           0.971282
xxdut.pb                               1.76594
xxdut.xxbias.n2s                      0.200208
xxdut.xxbias.xrz.11                   0.199829
xxdut.xxbias.xrz.21                0.000378918
xxdut.xxtrim.xrfix.11                  2.99948
xxdut.xxtrim.xrfix.21                  2.85228
xxdut.xxtrim.c1                        2.85176
xxdut.xxtrim.xr0.11                    2.85124
xxdut.xxtrim.xr0.21                    2.84483
xxdut.xxtrim.c2                        2.84431
t0                                           0
xxdut.xxtrim.tb0                             3
xxdut.xxtrim.xr1.11                    2.84379
xxdut.xxtrim.xr1.21                    2.83098
xxdut.xxtrim.c3                        2.83046
t1                                           0
xxdut.xxtrim.tb1                             3
xxdut.xxtrim.xr2.11                    2.82994
xxdut.xxtrim.xr2.21                    2.80432
xxdut.xxtrim.c4                         2.8038
t2                                           0
xxdut.xxtrim.tb2                             3
xxdut.xxtrim.xr3.11                    2.80328
xxdut.xxtrim.xr3.21                    2.75205
xxdut.xxtrim.c5                        2.75153
t3                                           0
xxdut.xxtrim.tb3                             3
xxdut.xxtrim.xr4.11                    2.75101
xxdut.xxtrim.xr4.21                    2.64854
xxdut.xxtrim.c6                        2.64802
t4                                           0
xxdut.xxtrim.tb4                             3
xxdut.xxtrim.xr5.11                     2.6475
xxdut.xxtrim.xr5.21                    2.44255
xxdut.xxtrim.c7                        2.44203
t5                                           0
xxdut.xxtrim.tb5                             3
xxdut.xxtrim.xr6.11                    2.44151
xxdut.xxtrim.xr6.21                    2.03162
xxdut.xxtrim.c8                         2.0311
t6                                           0
xxdut.xxtrim.tb6                             3
xxdut.xxtrim.xr7.11                    2.03108
xxdut.xxtrim.xr7.21                    1.99332
xxdut.vc                               1.99329
t7                                           3
xxdut.xxtrim.tb7                   4.81375e-09
xxdut.xxcmph.tail                     0.776039
xxdut.xxcmph.dp                        1.34704
xxdut.xxcmph.dn                        1.18781
xxdut.cmph_out                         1.28925
xxdut.xxcmpl.tailp                     2.41153
xxdut.xxcmpl.dp                    7.01147e-08
xxdut.xxcmpl.dn                        1.12368
xxdut.xxcmpl.outb                            3
xxdut.cmpl_out                     4.81375e-09
clk                                   0.663294
xxdut.qbar                             1.24938
xxdut.mid1                              2.4723
xxdut.mid2                             2.82915
vt7#branch                                   0
vt6#branch                                   0
vt5#branch                                   0
vt4#branch                                   0
vt3#branch                                   0
vt2#branch                                   0
vt1#branch                                   0
vt0#branch                                   0
vdd#branch                        -0.000477536

 Reference value :  2.25364e-08
 Reference value :  1.37659e-07
 Reference value :  2.57509e-07
 Reference value :  3.75019e-07
 Reference value :  4.90046e-07
 Reference value :  6.05842e-07
 Reference value :  7.16447e-07
 Reference value :  8.30238e-07
 Reference value :  9.53423e-07
 Reference value :  1.08327e-06
No. of Data Rows : 6385
ta                  =  1.01519e-07
tb                  =  5.85383e-07
ta = 1.015194e-07
tb = 5.853832e-07
period = 2.419319e-08
fosc = 4.133395e+07
ngspice-46 done

Note: Starting dynamic gmin stepping
Note: Dynamic gmin stepping completed
