====================================================================
gf180-rcosc PVT corner run: tt_T-040C_V3p0_code0xA3
run id      : 20260923T030125Z
process     : tt (fets=typical res=res_typical mimcap=mimcap_typical)
temperature : -40 C
supply      : 3 V
trim code   : 0xA3 (163)
transient   : tran 200p 1200n, f = 20 periods / (t[rise=25] - t[rise=5])
wall clock  : 36.0 s
exit status : 0
====================================================================

Note: No compatibility mode selected!


Circuit: ** sch_path: /home/ubuntu/github/gf180-rcosc/.loom/worktrees/issue-57/design/pvt_tb.sch

Doing analysis at TEMP = -40.000000 and TNOM = 27.000000

Using SPARSE 1.3 as Direct Linear Solver

Initial Transient Solution
--------------------------

Node                                   Voltage
----                                   -------
vdd                                          3
xxdut.xxbias.xrba.11                   2.99866
xxdut.xxbias.xrba.21                   2.00319
xxdut.vh                               2.00184
xxdut.xxbias.xrbb.11                    2.0005
xxdut.xxbias.xrbb.21                   1.00473
xxdut.vl                               1.00338
xxdut.xxbias.xrbc.11                   1.00203
xxdut.xxbias.xrbc.21                0.00135196
xxdut.ibias                           0.939906
xxdut.pb                               1.85375
xxdut.xxbias.n2s                      0.118579
xxdut.xxbias.xrz.11                   0.118082
xxdut.xxbias.xrz.21                 0.00049645
xxdut.xxtrim.xrfix.11                  2.99728
xxdut.xxtrim.xrfix.21                  2.65142
xxdut.xxtrim.c1                        2.64871
xxdut.xxtrim.xr0.11                    2.64803
xxdut.xxtrim.xr0.21                    2.64426
xxdut.xxtrim.c2                        2.64358
t0                                           3
xxdut.xxtrim.tb0                    0.00072438
xxdut.xxtrim.xr1.11                      2.643
xxdut.xxtrim.xr1.21                    2.63666
xxdut.xxtrim.c3                        2.63608
t1                                           3
xxdut.xxtrim.tb1                    0.00049287
xxdut.xxtrim.xr2.11                    2.63373
xxdut.xxtrim.xr2.21                    2.58161
xxdut.xxtrim.c4                        2.57925
t2                                           0
xxdut.xxtrim.tb2                       3.00014
xxdut.xxtrim.xr3.11                    2.57697
xxdut.xxtrim.xr3.21                    2.47556
xxdut.xxtrim.c5                        2.47327
t3                                           0
xxdut.xxtrim.tb3                       3.00011
xxdut.xxtrim.xr4.11                    2.47103
xxdut.xxtrim.xr4.21                    2.27321
xxdut.xxtrim.c6                        2.27098
t4                                           0
xxdut.xxtrim.tb4                       3.00011
xxdut.xxtrim.xr5.11                     2.2708
xxdut.xxtrim.xr5.21                    2.23892
xxdut.xxtrim.c7                        2.23874
t5                                           3
xxdut.xxtrim.tb5                   0.000320999
xxdut.xxtrim.xr6.11                    2.23668
xxdut.xxtrim.xr6.21                    1.50546
xxdut.xxtrim.c8                         1.5034
t6                                           0
xxdut.xxtrim.tb6                       3.00008
xxdut.xxtrim.xr7.11                    1.50337
xxdut.xxtrim.xr7.21                    1.48254
xxdut.vc                               1.48251
t7                                           3
xxdut.xxtrim.tb7                  -0.000318087
xxdut.xxcmph.tail                     0.743223
xxdut.xxcmph.dp                        3.00005
xxdut.xxcmph.dn                        1.24222
xxdut.cmph_out                     -0.00132062
xxdut.xxcmpl.tailp                      2.3656
xxdut.xxcmpl.dp                     -0.0120455
xxdut.xxcmpl.dn                        1.01154
xxdut.xxcmpl.outb                      2.95946
xxdut.cmpl_out                       0.0582084
clk                                -0.00495856
xxdut.qbar                             2.99815
xxdut.mid1                              2.9959
xxdut.mid2                             2.97952
vt7#branch                         5.52585e-06
vt6#branch                         1.87104e-07
vt5#branch                         1.10314e-06
vt4#branch                         4.17753e-08
vt3#branch                         5.94491e-08
vt2#branch                         1.46982e-07
vt1#branch                         2.31915e-07
vt0#branch                         3.40372e-07
vdd#branch                         -0.00020696

 Reference value :  0.00000e+00
 Reference value :  1.05701e-07
 Reference value :  2.10891e-07
 Reference value :  3.20681e-07
 Reference value :  4.30367e-07
 Reference value :  5.37335e-07
 Reference value :  6.40490e-07
 Reference value :  7.49306e-07
 Reference value :  8.55074e-07
 Reference value :  9.64392e-07
 Reference value :  1.07623e-06
 Reference value :  1.18390e-06
No. of Data Rows : 6616
ta                  =  9.79378e-08
tb                  =  5.41434e-07
ta = 9.793783e-08
tb = 5.414339e-07
period = 2.217480e-08
fosc = 4.509623e+07
ngspice-46 done

Note: Starting dynamic gmin stepping
Warning: Dynamic gmin stepping failed
Note: Starting true gmin stepping
Warning: True gmin stepping failed
Note: Starting source stepping
Warning: singular matrix:  check node xxdut.vl

Warning: source stepping failed
Note: Transient op started
Note: Transient op finished successfully
