====================================================================
gf180-rcosc PVT corner run: tt_T+085C_V3p3_code0xA3
run id      : 20260923T030125Z
process     : tt (fets=typical res=res_typical mimcap=mimcap_typical)
temperature : 85 C
supply      : 3.3 V
trim code   : 0xA3 (163)
transient   : tran 200p 1200n, f = 20 periods / (t[rise=25] - t[rise=5])
wall clock  : 4.8 s
exit status : 0
====================================================================

Note: No compatibility mode selected!


Circuit: ** sch_path: /home/ubuntu/github/gf180-rcosc/.loom/worktrees/issue-57/design/pvt_tb.sch

Doing analysis at TEMP = 85.000000 and TNOM = 27.000000

Using SPARSE 1.3 as Direct Linear Solver

Initial Transient Solution
--------------------------

Node                                   Voltage
----                                   -------
vdd                                        3.3
xxdut.xxbias.xrba.11                   3.29933
xxdut.xxbias.xrba.21                   2.20067
xxdut.vh                                   2.2
xxdut.xxbias.xrbb.11                   2.19933
xxdut.xxbias.xrbb.21                   1.10067
xxdut.vl                                   1.1
xxdut.xxbias.xrbc.11                   1.09933
xxdut.xxbias.xrbc.21                0.00066792
xxdut.ibias                           0.985666
xxdut.pb                               2.04684
xxdut.xxbias.n2s                      0.208885
xxdut.xxbias.xrz.11                    0.20849
xxdut.xxbias.xrz.21                 0.00039534
xxdut.xxtrim.xrfix.11                  3.29928
xxdut.xxtrim.xrfix.21                  3.09625
xxdut.xxtrim.c1                        3.09553
xxdut.xxtrim.xr0.11                    3.09528
xxdut.xxtrim.xr0.21                    3.09222
xxdut.xxtrim.c2                        3.09197
t0                                         3.3
xxdut.xxtrim.tb0                   5.19822e-09
xxdut.xxtrim.xr1.11                    3.09176
xxdut.xxtrim.xr1.21                    3.08646
xxdut.xxtrim.c3                        3.08624
t1                                         3.3
xxdut.xxtrim.tb1                   5.19822e-09
xxdut.xxtrim.xr2.11                    3.08552
xxdut.xxtrim.xr2.21                    3.05019
xxdut.xxtrim.c4                        3.04947
t2                                           0
xxdut.xxtrim.tb2                           3.3
xxdut.xxtrim.xr3.11                    3.04875
xxdut.xxtrim.xr3.21                    2.97809
xxdut.xxtrim.c5                        2.97737
t3                                           0
xxdut.xxtrim.tb3                           3.3
xxdut.xxtrim.xr4.11                    2.97665
xxdut.xxtrim.xr4.21                    2.83532
xxdut.xxtrim.c6                         2.8346
t4                                           0
xxdut.xxtrim.tb4                           3.3
xxdut.xxtrim.xr5.11                    2.83453
xxdut.xxtrim.xr5.21                    2.80793
xxdut.xxtrim.c7                        2.80786
t5                                         3.3
xxdut.xxtrim.tb5                   5.19822e-09
xxdut.xxtrim.xr6.11                    2.80714
xxdut.xxtrim.xr6.21                     2.2418
xxdut.xxtrim.c8                        2.24109
t6                                           0
xxdut.xxtrim.tb6                           3.3
xxdut.xxtrim.xr7.11                    2.24106
xxdut.xxtrim.xr7.21                    2.19868
xxdut.vc                               2.19866
t7                                         3.3
xxdut.xxtrim.tb7                   5.19822e-09
xxdut.xxcmph.tail                     0.927611
xxdut.xxcmph.dp                          1.483
xxdut.xxcmph.dn                        1.44329
xxdut.cmph_out                         1.41446
xxdut.xxcmpl.tailp                     2.57472
xxdut.xxcmpl.dp                    2.00768e-08
xxdut.xxcmpl.dn                         1.1447
xxdut.xxcmpl.outb                          3.3
xxdut.cmpl_out                     5.19822e-09
clk                                   0.684752
xxdut.qbar                             1.36481
xxdut.mid1                             2.68259
xxdut.mid2                             3.09119
vt7#branch                                   0
vt6#branch                                   0
vt5#branch                                   0
vt4#branch                                   0
vt3#branch                                   0
vt2#branch                                   0
vt1#branch                                   0
vt0#branch                                   0
vdd#branch                        -0.000581753

 Reference value :  3.01417e-08
 Reference value :  1.41468e-07
 Reference value :  2.54957e-07
 Reference value :  3.63255e-07
 Reference value :  4.70591e-07
 Reference value :  5.75724e-07
 Reference value :  6.92819e-07
 Reference value :  8.05937e-07
 Reference value :  9.17096e-07
 Reference value :  1.02855e-06
 Reference value :  1.13773e-06
No. of Data Rows : 6525
ta                  =  8.79940e-08
tb                  =  4.90939e-07
ta = 8.799400e-08
tb = 4.909394e-07
period = 2.014727e-08
fosc = 4.963452e+07
ngspice-46 done

Note: Starting dynamic gmin stepping
Note: Dynamic gmin stepping completed
