====================================================================
gf180-rcosc Iq sweep grid point: ff_T-040C_V3p6_code0x80
process     : ff (fets=ff res=res_ff mimcap=mimcap_ff)
temperature : -40 C
supply      : 3.6 V
trim code   : 0x80 (128)
attempt     : 1 (tran 200p 1200n)
wall clock  : 2.0 s
exit status : 0
====================================================================

Note: No compatibility mode selected!


Circuit: ** sch_path: /home/ubuntu/loom-workspaces/gf180-rcosc/.loom/worktrees/issue-35/design/smoke_test.sch

Doing analysis at TEMP = -40.000000 and TNOM = 27.000000

Using SPARSE 1.3 as Direct Linear Solver

No. of Data Rows : 1
iq_ua = 1.189283e+03
v(xxdut.xxcmph.dp) = 1.606120e+00
v(xxdut.xxcmph.dn) = 1.642806e+00
v(xxdut.cmph_out) = 1.542228e+00
v(xxdut.xxcmpl.dp) = 3.600000e+00
v(xxdut.xxcmpl.dn) = 1.051949e+00
v(xxdut.cmpl_out) = 4.029412e-09
Doing analysis at TEMP = -40.000000 and TNOM = 27.000000

Using SPARSE 1.3 as Direct Linear Solver

Initial Transient Solution
--------------------------

Node                                   Voltage
----                                   -------
vdd                                        3.6
xxdut.xxbias.xrba.11                   3.59798
xxdut.xxbias.xrba.21                   2.40202
xxdut.vh                                   2.4
xxdut.xxbias.xrbb.11                   2.39798
xxdut.xxbias.xrbb.21                   1.20202
xxdut.vl                                   1.2
xxdut.xxbias.xrbc.11                   1.19798
xxdut.xxbias.xrbc.21                0.00201975
xxdut.xxbias.xrbias.11                 3.59793
xxdut.xxbias.xrbias.21                 1.01845
xxdut.ibias                            1.01638
xxdut.xxtrim.xrfix.11                  3.59893
xxdut.xxtrim.xrfix.21                  3.49021
xxdut.xxtrim.c1                        3.48914
xxdut.xxtrim.xr0.11                    3.48808
xxdut.xxtrim.xr0.21                    3.48335
xxdut.xxtrim.c2                        3.48228
t0                                           0
xxdut.xxtrim.xr1.11                    3.48121
xxdut.xxtrim.xr1.21                    3.47175
xxdut.xxtrim.c3                        3.47069
t1                                           0
xxdut.xxtrim.xr2.11                    3.46962
xxdut.xxtrim.xr2.21                     3.4507
xxdut.xxtrim.c4                        3.44963
t2                                           0
xxdut.xxtrim.xr3.11                    3.44856
xxdut.xxtrim.xr3.21                    3.41072
xxdut.xxtrim.c5                        3.40965
t3                                           0
xxdut.xxtrim.xr4.11                    3.40859
xxdut.xxtrim.xr4.21                     3.3329
xxdut.xxtrim.c6                        3.33184
t4                                           0
xxdut.xxtrim.xr5.11                    3.33077
xxdut.xxtrim.xr5.21                    3.17941
xxdut.xxtrim.c7                        3.17834
t5                                           0
xxdut.xxtrim.xr6.11                    3.17727
xxdut.xxtrim.xr6.21                    2.87454
xxdut.xxtrim.c8                        2.87347
t6                                           0
xxdut.xxtrim.xr7.11                    2.87264
xxdut.xxtrim.xr7.21                    2.40199
xxdut.vc                               2.40116
t7                                         3.6
xxdut.xxcmph.tail                      1.08586
xxdut.xxcmph.dp                        1.60612
xxdut.xxcmph.dn                        1.64281
xxdut.cmph_out                         1.54223
xxdut.xxcmpl.tail                     0.786732
xxdut.xxcmpl.dp                            3.6
xxdut.xxcmpl.dn                        1.05195
xxdut.cmpl_out                     4.02941e-09
clk                                   0.657256
xxdut.qbar                             1.46204
xxdut.mid1                             2.86024
xxdut.mid2                              3.3381
vt7#branch                                   0
vt6#branch                                   0
vt5#branch                                   0
vt4#branch                                   0
vt3#branch                                   0
vt2#branch                                   0
vt1#branch                                   0
vt0#branch                                   0
vdd#branch                         -0.00118928

 Reference value :  1.54905e-08
 Reference value :  1.70839e-07
 Reference value :  3.35095e-07
 Reference value :  5.20313e-07
 Reference value :  6.89559e-07
 Reference value :  9.20402e-07
 Reference value :  1.08589e-06
No. of Data Rows : 6430
t_avg_start         =  7.89901e-08
t_avg_end           =  4.55578e-07
iq_run_ua           =  5.27791e+02 from=  7.89902e-08 to=  4.55592e-07
ngspice-46 done
Note: Starting dynamic gmin stepping
Note: Dynamic gmin stepping completed
Warning from checkvalid: vector xxdut.clk is not available or has zero length.
Note: Starting dynamic gmin stepping
Note: Dynamic gmin stepping completed
