====================================================================
gf180-rcosc Iq sweep grid point: ff_T+027C_V3p6_code0x00
process     : ff (fets=ff res=res_ff mimcap=mimcap_ff)
temperature : 27 C
supply      : 3.6 V
trim code   : 0x00 (0)
attempt     : 1 (tran 200p 1200n)
wall clock  : 1.8 s
exit status : 0
====================================================================

Note: No compatibility mode selected!


Circuit: ** sch_path: /home/ubuntu/loom-workspaces/gf180-rcosc/.loom/worktrees/issue-35/design/smoke_test.sch

Doing analysis at TEMP = 27.000000 and TNOM = 27.000000

Using SPARSE 1.3 as Direct Linear Solver

No. of Data Rows : 1
iq_ua = 1.137251e+03
v(xxdut.xxcmph.dp) = 1.608529e+00
v(xxdut.xxcmph.dn) = 1.482368e+00
v(xxdut.cmph_out) = 1.543010e+00
v(xxdut.xxcmpl.dp) = 3.598338e+00
v(xxdut.xxcmpl.dn) = 8.002447e-01
v(xxdut.cmpl_out) = 5.004589e-09
Doing analysis at TEMP = 27.000000 and TNOM = 27.000000

Using SPARSE 1.3 as Direct Linear Solver

Initial Transient Solution
--------------------------

Node                                   Voltage
----                                   -------
vdd                                        3.6
xxdut.xxbias.xrba.11                   3.59874
xxdut.xxbias.xrba.21                   2.40126
xxdut.vh                                   2.4
xxdut.xxbias.xrbb.11                   2.39874
xxdut.xxbias.xrbb.21                   1.20126
xxdut.vl                                   1.2
xxdut.xxbias.xrbc.11                   1.19874
xxdut.xxbias.xrbc.21                0.00126137
xxdut.xxbias.xrbias.11                 3.59871
xxdut.xxbias.xrbias.21                 1.03316
xxdut.ibias                            1.03187
xxdut.xxtrim.xrfix.11                  3.59939
xxdut.xxtrim.xrfix.21                  3.50007
xxdut.xxtrim.c1                        3.49946
xxdut.xxtrim.xr0.11                    3.49885
xxdut.xxtrim.xr0.21                    3.49453
xxdut.xxtrim.c2                        3.49392
t0                                           0
xxdut.xxtrim.xr1.11                    3.49332
xxdut.xxtrim.xr1.21                    3.48467
xxdut.xxtrim.c3                        3.48407
t1                                           0
xxdut.xxtrim.xr2.11                    3.48346
xxdut.xxtrim.xr2.21                    3.46617
xxdut.xxtrim.c4                        3.46556
t2                                           0
xxdut.xxtrim.xr3.11                    3.46496
xxdut.xxtrim.xr3.21                    3.43039
xxdut.xxtrim.c5                        3.42978
t3                                           0
xxdut.xxtrim.xr4.11                    3.42917
xxdut.xxtrim.xr4.21                    3.36003
xxdut.xxtrim.c6                        3.35942
t4                                           0
xxdut.xxtrim.xr5.11                    3.35881
xxdut.xxtrim.xr5.21                    3.22053
xxdut.xxtrim.c7                        3.21993
t5                                           0
xxdut.xxtrim.xr6.11                    3.21932
xxdut.xxtrim.xr6.21                    2.94276
xxdut.xxtrim.c8                        2.94215
t6                                           0
xxdut.xxtrim.xr7.11                    2.94154
xxdut.xxtrim.xr7.21                    2.38842
xxdut.vc                               2.38782
t7                                           0
xxdut.xxcmph.tail                      1.05657
xxdut.xxcmph.dp                        1.60853
xxdut.xxcmph.dn                        1.48237
xxdut.cmph_out                         1.54301
xxdut.xxcmpl.tail                     0.542917
xxdut.xxcmpl.dp                        3.59834
xxdut.xxcmpl.dn                       0.800245
xxdut.cmpl_out                     5.00459e-09
clk                                   0.589656
xxdut.qbar                             1.47696
xxdut.mid1                             2.81062
xxdut.mid2                             3.32838
vt7#branch                                   0
vt6#branch                                   0
vt5#branch                                   0
vt4#branch                                   0
vt3#branch                                   0
vt2#branch                                   0
vt1#branch                                   0
vt0#branch                                   0
vdd#branch                         -0.00113725

 Reference value :  4.11444e-08
 Reference value :  2.32594e-07
 Reference value :  4.12501e-07
 Reference value :  5.97469e-07
 Reference value :  7.83984e-07
 Reference value :  9.67729e-07
 Reference value :  1.15597e-06
No. of Data Rows : 6364
t_avg_start         =  1.09875e-07
t_avg_end           =  6.28374e-07
iq_run_ua           =  5.19525e+02 from=  1.09875e-07 to=  6.28380e-07
ngspice-46 done
Note: Starting dynamic gmin stepping
Note: Dynamic gmin stepping completed
Warning from checkvalid: vector xxdut.clk is not available or has zero length.
Note: Starting dynamic gmin stepping
Note: Dynamic gmin stepping completed
