====================================================================
gf180-rcosc Iq sweep grid point: ff_T-040C_V3p6_code0x00
process     : ff (fets=ff res=res_ff mimcap=mimcap_ff)
temperature : -40 C
supply      : 3.6 V
trim code   : 0x00 (0)
attempt     : 1 (tran 200p 1200n)
wall clock  : 1.9 s
exit status : 0
====================================================================

Note: No compatibility mode selected!


Circuit: ** sch_path: /home/ubuntu/loom-workspaces/gf180-rcosc/.loom/worktrees/issue-35/design/smoke_test.sch

Doing analysis at TEMP = -40.000000 and TNOM = 27.000000

Using SPARSE 1.3 as Direct Linear Solver

No. of Data Rows : 1
iq_ua = 1.187994e+03
v(xxdut.xxcmph.dp) = 1.606099e+00
v(xxdut.xxcmph.dn) = 1.642806e+00
v(xxdut.cmph_out) = 1.543249e+00
v(xxdut.xxcmpl.dp) = 3.600000e+00
v(xxdut.xxcmpl.dn) = 1.051949e+00
v(xxdut.cmpl_out) = 4.029412e-09
Doing analysis at TEMP = -40.000000 and TNOM = 27.000000

Using SPARSE 1.3 as Direct Linear Solver

Initial Transient Solution
--------------------------

Node                                   Voltage
----                                   -------
vdd                                        3.6
xxdut.xxbias.xrba.11                   3.59798
xxdut.xxbias.xrba.21                   2.40202
xxdut.vh                                   2.4
xxdut.xxbias.xrbb.11                   2.39798
xxdut.xxbias.xrbb.21                   1.20202
xxdut.vl                                   1.2
xxdut.xxbias.xrbc.11                   1.19798
xxdut.xxbias.xrbc.21                0.00201975
xxdut.xxbias.xrbias.11                 3.59793
xxdut.xxbias.xrbias.21                 1.01845
xxdut.ibias                            1.01638
xxdut.xxtrim.xrfix.11                  3.59904
xxdut.xxtrim.xrfix.21                  3.50135
xxdut.xxtrim.c1                        3.50039
xxdut.xxtrim.xr0.11                    3.49943
xxdut.xxtrim.xr0.21                    3.49518
xxdut.xxtrim.c2                        3.49422
t0                                           0
xxdut.xxtrim.xr1.11                    3.49326
xxdut.xxtrim.xr1.21                    3.48476
xxdut.xxtrim.c3                         3.4838
t1                                           0
xxdut.xxtrim.xr2.11                    3.48284
xxdut.xxtrim.xr2.21                    3.46584
xxdut.xxtrim.c4                        3.46488
t2                                           0
xxdut.xxtrim.xr3.11                    3.46392
xxdut.xxtrim.xr3.21                    3.42992
xxdut.xxtrim.c5                        3.42896
t3                                           0
xxdut.xxtrim.xr4.11                      3.428
xxdut.xxtrim.xr4.21                    3.35999
xxdut.xxtrim.c6                        3.35903
t4                                           0
xxdut.xxtrim.xr5.11                    3.35807
xxdut.xxtrim.xr5.21                    3.22205
xxdut.xxtrim.c7                         3.2211
t5                                           0
xxdut.xxtrim.xr6.11                    3.22014
xxdut.xxtrim.xr6.21                     2.9481
xxdut.xxtrim.c8                        2.94715
t6                                           0
xxdut.xxtrim.xr7.11                    2.94619
xxdut.xxtrim.xr7.21                    2.40212
xxdut.vc                               2.40116
t7                                           0
xxdut.xxcmph.tail                      1.08586
xxdut.xxcmph.dp                         1.6061
xxdut.xxcmph.dn                        1.64281
xxdut.cmph_out                         1.54325
xxdut.xxcmpl.tail                     0.786732
xxdut.xxcmpl.dp                            3.6
xxdut.xxcmpl.dn                        1.05195
xxdut.cmpl_out                     4.02941e-09
clk                                   0.652044
xxdut.qbar                             1.46251
xxdut.mid1                             2.85703
xxdut.mid2                             3.33821
vt7#branch                                   0
vt6#branch                                   0
vt5#branch                                   0
vt4#branch                                   0
vt3#branch                                   0
vt2#branch                                   0
vt1#branch                                   0
vt0#branch                                   0
vdd#branch                         -0.00118799

 Reference value :  2.61753e-08
 Reference value :  2.00947e-07
 Reference value :  3.83215e-07
 Reference value :  5.58861e-07
 Reference value :  7.45700e-07
 Reference value :  9.21865e-07
 Reference value :  1.12021e-06
No. of Data Rows : 6393
t_avg_start         =  1.13589e-07
t_avg_end           =  6.63073e-07
iq_run_ua           =  4.91415e+02 from=  1.13589e-07 to=  6.63111e-07
ngspice-46 done
Note: Starting dynamic gmin stepping
Note: Dynamic gmin stepping completed
Warning from checkvalid: vector xxdut.clk is not available or has zero length.
Note: Starting dynamic gmin stepping
Note: Dynamic gmin stepping completed
