====================================================================
gf180-rcosc Iq sweep grid point: ff_T-040C_V3p3_code0x00
process     : ff (fets=ff res=res_ff mimcap=mimcap_ff)
temperature : -40 C
supply      : 3.3 V
trim code   : 0x00 (0)
attempt     : 1 (tran 200p 1200n)
wall clock  : 2.1 s
exit status : 0
====================================================================

Note: No compatibility mode selected!


Circuit: ** sch_path: /home/ubuntu/loom-workspaces/gf180-rcosc/.loom/worktrees/issue-35/design/smoke_test.sch

Doing analysis at TEMP = -40.000000 and TNOM = 27.000000

Using SPARSE 1.3 as Direct Linear Solver
 Reference value :  0.00000e+00
No. of Data Rows : 1
iq_ua = 9.925664e+02
v(xxdut.xxcmph.dp) = 1.469625e+00
v(xxdut.xxcmph.dn) = 1.419922e+00
v(xxdut.cmph_out) = 1.413443e+00
v(xxdut.xxcmpl.dp) = 3.300000e+00
v(xxdut.xxcmpl.dn) = 8.734164e-01
v(xxdut.cmpl_out) = 3.270091e-09
Doing analysis at TEMP = -40.000000 and TNOM = 27.000000

Using SPARSE 1.3 as Direct Linear Solver

Initial Transient Solution
--------------------------

Node                                   Voltage
----                                   -------
vdd                                        3.3
xxdut.xxbias.xrba.11                   3.29815
xxdut.xxbias.xrba.21                   2.20185
xxdut.vh                                   2.2
xxdut.xxbias.xrbb.11                   2.19815
xxdut.xxbias.xrbb.21                   1.10185
xxdut.vl                                   1.1
xxdut.xxbias.xrbc.11                   1.09815
xxdut.xxbias.xrbc.21                0.00185143
xxdut.xxbias.xrbias.11                 3.29815
xxdut.xxbias.xrbias.21                0.995852
xxdut.ibias                              0.994
xxdut.xxtrim.xrfix.11                  3.29912
xxdut.xxtrim.xrfix.21                  3.20935
xxdut.xxtrim.c1                        3.20847
xxdut.xxtrim.xr0.11                    3.20758
xxdut.xxtrim.xr0.21                    3.20368
xxdut.xxtrim.c2                         3.2028
t0                                           0
xxdut.xxtrim.xr1.11                    3.20192
xxdut.xxtrim.xr1.21                    3.19411
xxdut.xxtrim.c3                        3.19322
t1                                           0
xxdut.xxtrim.xr2.11                    3.19234
xxdut.xxtrim.xr2.21                    3.17672
xxdut.xxtrim.c4                        3.17584
t2                                           0
xxdut.xxtrim.xr3.11                    3.17496
xxdut.xxtrim.xr3.21                    3.14371
xxdut.xxtrim.c5                        3.14283
t3                                           0
xxdut.xxtrim.xr4.11                    3.14195
xxdut.xxtrim.xr4.21                    3.07946
xxdut.xxtrim.c6                        3.07858
t4                                           0
xxdut.xxtrim.xr5.11                    3.07769
xxdut.xxtrim.xr5.21                    2.95271
xxdut.xxtrim.c7                        2.95183
t5                                           0
xxdut.xxtrim.xr6.11                    2.95095
xxdut.xxtrim.xr6.21                    2.70098
xxdut.xxtrim.c8                         2.7001
t6                                           0
xxdut.xxtrim.xr7.11                    2.69922
xxdut.xxtrim.xr7.21                    2.19929
xxdut.vc                               2.19841
t7                                           0
xxdut.xxcmph.tail                     0.939726
xxdut.xxcmph.dp                        1.46963
xxdut.xxcmph.dn                        1.41992
xxdut.cmph_out                         1.41344
xxdut.xxcmpl.tail                     0.640734
xxdut.xxcmpl.dp                            3.3
xxdut.xxcmpl.dn                       0.873416
xxdut.cmpl_out                     3.27009e-09
clk                                   0.649178
xxdut.qbar                             1.34819
xxdut.mid1                             2.65945
xxdut.mid2                             3.08081
vt7#branch                                   0
vt6#branch                                   0
vt5#branch                                   0
vt4#branch                                   0
vt3#branch                                   0
vt2#branch                                   0
vt1#branch                                   0
vt0#branch                                   0
vdd#branch                        -0.000992566

 Reference value :  5.89861e-08
 Reference value :  2.49440e-07
 Reference value :  4.23322e-07
 Reference value :  6.16384e-07
 Reference value :  8.37640e-07
 Reference value :  1.02889e-06
No. of Data Rows : 6395
t_avg_start         =  1.14617e-07
t_avg_end           =  6.69177e-07
iq_run_ua           =  4.30736e+02 from=  1.14617e-07 to=  6.69193e-07
ngspice-46 done
Note: Starting dynamic gmin stepping
Warning: Dynamic gmin stepping failed
Note: Starting true gmin stepping
Note: True gmin stepping completed
Warning from checkvalid: vector xxdut.clk is not available or has zero length.
Note: Starting dynamic gmin stepping
Warning: Dynamic gmin stepping failed
Note: Starting true gmin stepping
Note: True gmin stepping completed
