====================================================================
gf180-rcosc Iq sweep grid point: ff_T-040C_V3p0_code0x00
process     : ff (fets=ff res=res_ff mimcap=mimcap_ff)
temperature : -40 C
supply      : 3 V
trim code   : 0x00 (0)
attempt     : 1 (tran 200p 1200n)
wall clock  : 2.0 s
exit status : 0
====================================================================

Note: No compatibility mode selected!


Circuit: ** sch_path: /home/ubuntu/loom-workspaces/gf180-rcosc/.loom/worktrees/issue-35/design/smoke_test.sch

Doing analysis at TEMP = -40.000000 and TNOM = 27.000000

Using SPARSE 1.3 as Direct Linear Solver

No. of Data Rows : 1
iq_ua = 8.071007e+02
v(xxdut.xxcmph.dp) = 1.335389e+00
v(xxdut.xxcmph.dn) = 1.200434e+00
v(xxdut.cmph_out) = 1.286276e+00
v(xxdut.xxcmpl.dp) = 2.999999e+00
v(xxdut.xxcmpl.dn) = 7.000617e-01
v(xxdut.cmpl_out) = 2.855492e-09
Doing analysis at TEMP = -40.000000 and TNOM = 27.000000

Using SPARSE 1.3 as Direct Linear Solver

Initial Transient Solution
--------------------------

Node                                   Voltage
----                                   -------
vdd                                          3
xxdut.xxbias.xrba.11                   2.99832
xxdut.xxbias.xrba.21                   2.00168
xxdut.vh                                     2
xxdut.xxbias.xrbb.11                   1.99832
xxdut.xxbias.xrbb.21                   1.00168
xxdut.vl                                     1
xxdut.xxbias.xrbc.11                  0.998317
xxdut.xxbias.xrbc.21                0.00168312
xxdut.xxbias.xrbias.11                 2.99837
xxdut.xxbias.xrbias.21                0.972124
xxdut.ibias                           0.970495
xxdut.xxtrim.xrfix.11                   2.9992
xxdut.xxtrim.xrfix.21                  2.91734
xxdut.xxtrim.c1                        2.91653
xxdut.xxtrim.xr0.11                    2.91573
xxdut.xxtrim.xr0.21                    2.91217
xxdut.xxtrim.c2                        2.91137
t0                                           0
xxdut.xxtrim.xr1.11                    2.91056
xxdut.xxtrim.xr1.21                    2.90344
xxdut.xxtrim.c3                        2.90264
t1                                           0
xxdut.xxtrim.xr2.11                    2.90183
xxdut.xxtrim.xr2.21                    2.88759
xxdut.xxtrim.c4                        2.88678
t2                                           0
xxdut.xxtrim.xr3.11                    2.88598
xxdut.xxtrim.xr3.21                    2.85749
xxdut.xxtrim.c5                        2.85668
t3                                           0
xxdut.xxtrim.xr4.11                    2.85588
xxdut.xxtrim.xr4.21                     2.7989
xxdut.xxtrim.c6                        2.79809
t4                                           0
xxdut.xxtrim.xr5.11                    2.79729
xxdut.xxtrim.xr5.21                    2.68332
xxdut.xxtrim.c7                        2.68252
t5                                           0
xxdut.xxtrim.xr6.11                    2.68172
xxdut.xxtrim.xr6.21                    2.45378
xxdut.xxtrim.c8                        2.45298
t6                                           0
xxdut.xxtrim.xr7.11                    2.45218
xxdut.xxtrim.xr7.21                    1.99631
xxdut.vc                               1.99551
t7                                           0
xxdut.xxcmph.tail                     0.795456
xxdut.xxcmph.dp                        1.33539
xxdut.xxcmph.dn                        1.20043
xxdut.cmph_out                         1.28628
xxdut.xxcmpl.tail                     0.498192
xxdut.xxcmpl.dp                              3
xxdut.xxcmpl.dn                       0.700062
xxdut.cmpl_out                     2.85549e-09
clk                                   0.646019
xxdut.qbar                             1.23692
xxdut.mid1                             2.46054
xxdut.mid2                              2.8227
vt7#branch                                   0
vt6#branch                                   0
vt5#branch                                   0
vt4#branch                                   0
vt3#branch                                   0
vt2#branch                                   0
vt1#branch                                   0
vt0#branch                                   0
vdd#branch                        -0.000807101

 Reference value :  2.93500e-08
 Reference value :  2.06469e-07
 Reference value :  4.01351e-07
 Reference value :  5.98250e-07
 Reference value :  7.86381e-07
 Reference value :  9.89928e-07
 Reference value :  1.17034e-06
No. of Data Rows : 6343
t_avg_start         =  1.18936e-07
t_avg_end           =  6.82537e-07
iq_run_ua           =  3.70381e+02 from=  1.18936e-07 to=  6.82590e-07
ngspice-46 done
Note: Starting dynamic gmin stepping
Note: Dynamic gmin stepping completed
Warning from checkvalid: vector xxdut.clk is not available or has zero length.
Note: Starting dynamic gmin stepping
Note: Dynamic gmin stepping completed
