====================================================================
gf180-rcosc Iq sweep grid point: fs_T+027C_V3p0_code0x00
process     : fs (fets=fs res=res_typical mimcap=mimcap_typical)
temperature : 27 C
supply      : 3 V
trim code   : 0x00 (0)
attempt     : 1 (tran 200p 1200n)
wall clock  : 1.7 s
exit status : 0
====================================================================

Note: No compatibility mode selected!


Circuit: ** sch_path: /home/ubuntu/loom-workspaces/gf180-rcosc/.loom/worktrees/issue-35/design/smoke_test.sch

Doing analysis at TEMP = 27.000000 and TNOM = 27.000000

Using SPARSE 1.3 as Direct Linear Solver

No. of Data Rows : 1
iq_ua = 5.929437e+02
v(xxdut.xxcmph.dp) = 1.234932e+00
v(xxdut.xxcmph.dn) = 9.128475e-01
v(xxdut.cmph_out) = 1.181864e+00
v(xxdut.xxcmpl.dp) = 2.982910e+00
v(xxdut.xxcmpl.dn) = 4.450910e-01
v(xxdut.cmpl_out) = 3.606680e-09
Doing analysis at TEMP = 27.000000 and TNOM = 27.000000

Using SPARSE 1.3 as Direct Linear Solver

Initial Transient Solution
--------------------------

Node                                   Voltage
----                                   -------
vdd                                          3
xxdut.xxbias.xrba.11                   2.99916
xxdut.xxbias.xrba.21                   2.00084
xxdut.vh                                     2
xxdut.xxbias.xrbb.11                   1.99916
xxdut.xxbias.xrbb.21                   1.00084
xxdut.vl                                     1
xxdut.xxbias.xrbc.11                  0.999159
xxdut.xxbias.xrbc.21               0.000841267
xxdut.xxbias.xrbias.11                 2.99918
xxdut.xxbias.xrbias.21                0.966214
xxdut.ibias                           0.965398
xxdut.xxtrim.xrfix.11                  2.99956
xxdut.xxtrim.xrfix.21                  2.90948
xxdut.xxtrim.c1                        2.90903
xxdut.xxtrim.xr0.11                    2.90859
xxdut.xxtrim.xr0.21                    2.90467
xxdut.xxtrim.c2                        2.90423
t0                                           0
xxdut.xxtrim.xr1.11                    2.90379
xxdut.xxtrim.xr1.21                    2.89595
xxdut.xxtrim.c3                        2.89551
t1                                           0
xxdut.xxtrim.xr2.11                    2.89507
xxdut.xxtrim.xr2.21                    2.87939
xxdut.xxtrim.c4                        2.87895
t2                                           0
xxdut.xxtrim.xr3.11                    2.87851
xxdut.xxtrim.xr3.21                    2.84716
xxdut.xxtrim.c5                        2.84671
t3                                           0
xxdut.xxtrim.xr4.11                    2.84627
xxdut.xxtrim.xr4.21                    2.78356
xxdut.xxtrim.c6                        2.78312
t4                                           0
xxdut.xxtrim.xr5.11                    2.78268
xxdut.xxtrim.xr5.21                    2.65726
xxdut.xxtrim.c7                        2.65682
t5                                           0
xxdut.xxtrim.xr6.11                    2.65638
xxdut.xxtrim.xr6.21                    2.40555
xxdut.xxtrim.c8                         2.4051
t6                                           0
xxdut.xxtrim.xr7.11                    2.40466
xxdut.xxtrim.xr7.21                    1.90299
xxdut.vc                               1.90255
t7                                           0
xxdut.xxcmph.tail                     0.716551
xxdut.xxcmph.dp                        1.23493
xxdut.xxcmph.dn                       0.912848
xxdut.cmph_out                         1.18186
xxdut.xxcmpl.tail                     0.280066
xxdut.xxcmpl.dp                        2.98291
xxdut.xxcmpl.dn                       0.445091
xxdut.cmpl_out                     3.60668e-09
clk                                   0.605606
xxdut.qbar                             1.14546
xxdut.mid1                             2.50891
xxdut.mid2                             2.83657
vt7#branch                                   0
vt6#branch                                   0
vt5#branch                                   0
vt4#branch                                   0
vt3#branch                                   0
vt2#branch                                   0
vt1#branch                                   0
vt0#branch                                   0
vdd#branch                        -0.000592944

 Reference value :  5.39840e-08
 Reference value :  2.59034e-07
 Reference value :  4.69672e-07
 Reference value :  6.80746e-07
 Reference value :  8.83492e-07
 Reference value :  1.08901e-06
No. of Data Rows : 6259
t_avg_start         =  1.39753e-07
t_avg_end           =  8.16143e-07
iq_run_ua           =  3.04141e+02 from=  1.39753e-07 to=  8.16184e-07
ngspice-46 done
Note: Starting dynamic gmin stepping
Note: Dynamic gmin stepping completed
Warning from checkvalid: vector xxdut.clk is not available or has zero length.
Note: Starting dynamic gmin stepping
Note: Dynamic gmin stepping completed
