====================================================================
gf180-rcosc Iq sweep grid point: fs_T-040C_V3p6_code0x00
process     : fs (fets=fs res=res_typical mimcap=mimcap_typical)
temperature : -40 C
supply      : 3.6 V
trim code   : 0x00 (0)
attempt     : 1 (tran 200p 1200n)
wall clock  : 1.9 s
exit status : 0
====================================================================

Note: No compatibility mode selected!


Circuit: ** sch_path: /home/ubuntu/loom-workspaces/gf180-rcosc/.loom/worktrees/issue-35/design/smoke_test.sch

Doing analysis at TEMP = -40.000000 and TNOM = 27.000000

Using SPARSE 1.3 as Direct Linear Solver
 Reference value :  0.00000e+00
No. of Data Rows : 1
iq_ua = 9.149809e+02
v(xxdut.xxcmph.dp) = 1.492777e+00
v(xxdut.xxcmph.dn) = 1.486288e+00
v(xxdut.cmph_out) = 1.427128e+00
v(xxdut.xxcmpl.dp) = 3.600000e+00
v(xxdut.xxcmpl.dn) = 9.345403e-01
v(xxdut.cmpl_out) = 3.579547e-09
Doing analysis at TEMP = -40.000000 and TNOM = 27.000000

Using SPARSE 1.3 as Direct Linear Solver

Initial Transient Solution
--------------------------

Node                                   Voltage
----                                   -------
vdd                                        3.6
xxdut.xxbias.xrba.11                   3.59838
xxdut.xxbias.xrba.21                   2.40162
xxdut.vh                                   2.4
xxdut.xxbias.xrbb.11                   2.39838
xxdut.xxbias.xrbb.21                   1.20162
xxdut.vl                                   1.2
xxdut.xxbias.xrbc.11                   1.19838
xxdut.xxbias.xrbc.21                0.00161689
xxdut.xxbias.xrbias.11                 3.59834
xxdut.xxbias.xrbias.21                 1.01127
xxdut.ibias                            1.00961
xxdut.xxtrim.xrfix.11                  3.59923
xxdut.xxtrim.xrfix.21                  3.50113
xxdut.xxtrim.c1                        3.50036
xxdut.xxtrim.xr0.11                    3.49959
xxdut.xxtrim.xr0.21                    3.49532
xxdut.xxtrim.c2                        3.49455
t0                                           0
xxdut.xxtrim.xr1.11                    3.49378
xxdut.xxtrim.xr1.21                    3.48524
xxdut.xxtrim.c3                        3.48447
t1                                           0
xxdut.xxtrim.xr2.11                     3.4837
xxdut.xxtrim.xr2.21                    3.46663
xxdut.xxtrim.c4                        3.46586
t2                                           0
xxdut.xxtrim.xr3.11                    3.46509
xxdut.xxtrim.xr3.21                    3.43094
xxdut.xxtrim.c5                        3.43017
t3                                           0
xxdut.xxtrim.xr4.11                     3.4294
xxdut.xxtrim.xr4.21                    3.36111
xxdut.xxtrim.c6                        3.36034
t4                                           0
xxdut.xxtrim.xr5.11                    3.35957
xxdut.xxtrim.xr5.21                    3.22299
xxdut.xxtrim.c7                        3.22222
t5                                           0
xxdut.xxtrim.xr6.11                    3.22145
xxdut.xxtrim.xr6.21                    2.94828
xxdut.xxtrim.c8                        2.94751
t6                                           0
xxdut.xxtrim.xr7.11                    2.94674
xxdut.xxtrim.xr7.21                    2.40042
xxdut.vc                               2.39965
t7                                           0
xxdut.xxcmph.tail                      1.08243
xxdut.xxcmph.dp                        1.49278
xxdut.xxcmph.dn                        1.48629
xxdut.cmph_out                         1.42713
xxdut.xxcmpl.tail                      0.73733
xxdut.xxcmpl.dp                            3.6
xxdut.xxcmpl.dn                        0.93454
xxdut.cmpl_out                     3.57955e-09
clk                                   0.672218
xxdut.qbar                             1.36575
xxdut.mid1                             2.95814
xxdut.mid2                             3.37061
vt7#branch                                   0
vt6#branch                                   0
vt5#branch                                   0
vt4#branch                                   0
vt3#branch                                   0
vt2#branch                                   0
vt1#branch                                   0
vt0#branch                                   0
vdd#branch                        -0.000914981

 Reference value :  3.92794e-08
 Reference value :  2.44681e-07
 Reference value :  4.50510e-07
 Reference value :  6.61085e-07
 Reference value :  9.26824e-07
 Reference value :  1.14136e-06
No. of Data Rows : 6308
t_avg_start         =  1.55115e-07
t_avg_end           =  8.93784e-07
iq_run_ua           =  3.90831e+02 from=  1.55115e-07 to=  8.93871e-07
ngspice-46 done
Note: Starting dynamic gmin stepping
Warning: Dynamic gmin stepping failed
Note: Starting true gmin stepping
Note: True gmin stepping completed
Warning from checkvalid: vector xxdut.clk is not available or has zero length.
Note: Starting dynamic gmin stepping
Warning: Dynamic gmin stepping failed
Note: Starting true gmin stepping
Note: True gmin stepping completed
