====================================================================
gf180-rcosc Iq sweep grid point: fs_T-040C_V3p3_code0x80
process     : fs (fets=fs res=res_typical mimcap=mimcap_typical)
temperature : -40 C
supply      : 3.3 V
trim code   : 0x80 (128)
attempt     : 1 (tran 200p 1200n)
wall clock  : 1.7 s
exit status : 0
====================================================================

Note: No compatibility mode selected!


Circuit: ** sch_path: /home/ubuntu/loom-workspaces/gf180-rcosc/.loom/worktrees/issue-35/design/smoke_test.sch

Doing analysis at TEMP = -40.000000 and TNOM = 27.000000

Using SPARSE 1.3 as Direct Linear Solver

No. of Data Rows : 1
iq_ua = 7.508157e+02
v(xxdut.xxcmph.dp) = 1.363402e+00
v(xxdut.xxcmph.dn) = 1.259715e+00
v(xxdut.cmph_out) = 1.306061e+00
v(xxdut.xxcmpl.dp) = 3.300000e+00
v(xxdut.xxcmpl.dn) = 7.489743e-01
v(xxdut.cmpl_out) = 3.125989e-09
Doing analysis at TEMP = -40.000000 and TNOM = 27.000000

Using SPARSE 1.3 as Direct Linear Solver

Initial Transient Solution
--------------------------

Node                                   Voltage
----                                   -------
vdd                                        3.3
xxdut.xxbias.xrba.11                   3.29852
xxdut.xxbias.xrba.21                   2.20148
xxdut.vh                                   2.2
xxdut.xxbias.xrbb.11                   2.19852
xxdut.xxbias.xrbb.21                   1.10148
xxdut.vl                                   1.1
xxdut.xxbias.xrbc.11                   1.09852
xxdut.xxbias.xrbc.21                0.00148214
xxdut.xxbias.xrbias.11                 3.29852
xxdut.xxbias.xrbias.21                0.990786
xxdut.ibias                           0.989301
xxdut.xxtrim.xrfix.11                  3.29928
xxdut.xxtrim.xrfix.21                  3.20778
xxdut.xxtrim.c1                        3.20706
xxdut.xxtrim.xr0.11                    3.20634
xxdut.xxtrim.xr0.21                    3.20236
xxdut.xxtrim.c2                        3.20164
t0                                           0
xxdut.xxtrim.xr1.11                    3.20093
xxdut.xxtrim.xr1.21                    3.19296
xxdut.xxtrim.c3                        3.19225
t1                                           0
xxdut.xxtrim.xr2.11                    3.19153
xxdut.xxtrim.xr2.21                     3.1756
xxdut.xxtrim.c4                        3.17488
t2                                           0
xxdut.xxtrim.xr3.11                    3.17417
xxdut.xxtrim.xr3.21                    3.14232
xxdut.xxtrim.c5                         3.1416
t3                                           0
xxdut.xxtrim.xr4.11                    3.14088
xxdut.xxtrim.xr4.21                    3.07719
xxdut.xxtrim.c6                        3.07647
t4                                           0
xxdut.xxtrim.xr5.11                    3.07575
xxdut.xxtrim.xr5.21                    2.94836
xxdut.xxtrim.c7                        2.94764
t5                                           0
xxdut.xxtrim.xr6.11                    2.94692
xxdut.xxtrim.xr6.21                    2.69214
xxdut.xxtrim.c8                        2.69142
t6                                           0
xxdut.xxtrim.xr7.11                    2.69072
xxdut.xxtrim.xr7.21                    2.19436
xxdut.vc                               2.19366
t7                                         3.3
xxdut.xxcmph.tail                     0.933079
xxdut.xxcmph.dp                         1.3634
xxdut.xxcmph.dn                        1.25972
xxdut.cmph_out                         1.30606
xxdut.xxcmpl.tail                     0.578604
xxdut.xxcmpl.dp                            3.3
xxdut.xxcmpl.dn                       0.748974
xxdut.cmpl_out                     3.12599e-09
clk                                   0.670192
xxdut.qbar                             1.25992
xxdut.mid1                             2.75674
xxdut.mid2                             3.11294
vt7#branch                                   0
vt6#branch                                   0
vt5#branch                                   0
vt4#branch                                   0
vt3#branch                                   0
vt2#branch                                   0
vt1#branch                                   0
vt0#branch                                   0
vdd#branch                        -0.000750816

 Reference value :  9.50053e-08
 Reference value :  2.83657e-07
 Reference value :  4.61762e-07
 Reference value :  6.53953e-07
 Reference value :  9.05359e-07
 Reference value :  1.10428e-06
No. of Data Rows : 6328
t_avg_start         =  1.08685e-07
t_avg_end           =  6.32280e-07
iq_run_ua           =  3.66349e+02 from=  1.08685e-07 to=  6.32367e-07
ngspice-46 done
Note: Starting dynamic gmin stepping
Note: Dynamic gmin stepping completed
Warning from checkvalid: vector xxdut.clk is not available or has zero length.
Note: Starting dynamic gmin stepping
Note: Dynamic gmin stepping completed
