====================================================================
gf180-rcosc Iq sweep grid point: fs_T+085C_V3p0_code0x00
process     : fs (fets=fs res=res_typical mimcap=mimcap_typical)
temperature : 85 C
supply      : 3 V
trim code   : 0x00 (0)
attempt     : 1 (tran 200p 1200n)
wall clock  : 1.7 s
exit status : 0
====================================================================

Note: No compatibility mode selected!


Circuit: ** sch_path: /home/ubuntu/loom-workspaces/gf180-rcosc/.loom/worktrees/issue-35/design/smoke_test.sch

Doing analysis at TEMP = 85.000000 and TNOM = 27.000000

Using SPARSE 1.3 as Direct Linear Solver

No. of Data Rows : 1
iq_ua = 5.849230e+02
v(xxdut.xxcmph.dp) = 1.235826e+00
v(xxdut.xxcmph.dn) = 8.190169e-01
v(xxdut.cmph_out) = 1.178117e+00
v(xxdut.xxcmpl.dp) = 2.938747e+00
v(xxdut.xxcmpl.dn) = 4.507762e-01
v(xxdut.cmpl_out) = 4.445194e-09
Doing analysis at TEMP = 85.000000 and TNOM = 27.000000

Using SPARSE 1.3 as Direct Linear Solver

Initial Transient Solution
--------------------------

Node                                   Voltage
----                                   -------
vdd                                          3
xxdut.xxbias.xrba.11                   2.99939
xxdut.xxbias.xrba.21                   2.00061
xxdut.vh                                     2
xxdut.xxbias.xrbb.11                   1.99939
xxdut.xxbias.xrbb.21                   1.00061
xxdut.vl                                     1
xxdut.xxbias.xrbc.11                  0.999393
xxdut.xxbias.xrbc.21                 0.0006072
xxdut.xxbias.xrbias.11                 2.99941
xxdut.xxbias.xrbias.21                0.963605
xxdut.ibias                           0.963015
xxdut.xxtrim.xrfix.11                  2.99965
xxdut.xxtrim.xrfix.21                   2.9009
xxdut.xxtrim.c1                        2.90055
xxdut.xxtrim.xr0.11                     2.9002
xxdut.xxtrim.xr0.21                    2.89591
xxdut.xxtrim.c2                        2.89556
t0                                           0
xxdut.xxtrim.xr1.11                    2.89521
xxdut.xxtrim.xr1.21                    2.88662
xxdut.xxtrim.c3                        2.88627
t1                                           0
xxdut.xxtrim.xr2.11                    2.88592
xxdut.xxtrim.xr2.21                    2.86873
xxdut.xxtrim.c4                        2.86839
t2                                           0
xxdut.xxtrim.xr3.11                    2.86804
xxdut.xxtrim.xr3.21                    2.83367
xxdut.xxtrim.c5                        2.83332
t3                                           0
xxdut.xxtrim.xr4.11                    2.83297
xxdut.xxtrim.xr4.21                    2.76423
xxdut.xxtrim.c6                        2.76388
t4                                           0
xxdut.xxtrim.xr5.11                    2.76353
xxdut.xxtrim.xr5.21                    2.62605
xxdut.xxtrim.c7                         2.6257
t5                                           0
xxdut.xxtrim.xr6.11                    2.62535
xxdut.xxtrim.xr6.21                    2.35038
xxdut.xxtrim.c8                        2.35003
t6                                           0
xxdut.xxtrim.xr7.11                    2.34968
xxdut.xxtrim.xr7.21                    1.79975
xxdut.vc                                1.7994
t7                                           0
xxdut.xxcmph.tail                     0.635274
xxdut.xxcmph.dp                        1.23583
xxdut.xxcmph.dn                       0.819017
xxdut.cmph_out                         1.17812
xxdut.xxcmpl.tail                     0.257706
xxdut.xxcmpl.dp                        2.93875
xxdut.xxcmpl.dn                       0.450776
xxdut.cmpl_out                     4.44519e-09
clk                                   0.556618
xxdut.qbar                             1.14038
xxdut.mid1                             2.47232
xxdut.mid2                             2.82217
vt7#branch                                   0
vt6#branch                                   0
vt5#branch                                   0
vt4#branch                                   0
vt3#branch                                   0
vt2#branch                                   0
vt1#branch                                   0
vt0#branch                                   0
vdd#branch                        -0.000584923

 Reference value :  4.86647e-08
 Reference value :  2.52506e-07
 Reference value :  4.58941e-07
 Reference value :  6.70058e-07
 Reference value :  8.89062e-07
 Reference value :  1.10771e-06
No. of Data Rows : 6192
t_avg_start         =  1.25668e-07
t_avg_end           =  7.29052e-07
iq_run_ua           =  3.03153e+02 from=  1.25668e-07 to=  7.29157e-07
ngspice-46 done
Note: Starting dynamic gmin stepping
Note: Dynamic gmin stepping completed
Warning from checkvalid: vector xxdut.clk is not available or has zero length.
Note: Starting dynamic gmin stepping
Note: Dynamic gmin stepping completed
