====================================================================
gf180-rcosc Iq sweep grid point: fs_T+027C_V3p6_code0x00
process     : fs (fets=fs res=res_typical mimcap=mimcap_typical)
temperature : 27 C
supply      : 3.6 V
trim code   : 0x00 (0)
attempt     : 1 (tran 200p 1200n)
wall clock  : 1.6 s
exit status : 0
====================================================================

Note: No compatibility mode selected!


Circuit: ** sch_path: /home/ubuntu/loom-workspaces/gf180-rcosc/.loom/worktrees/issue-35/design/smoke_test.sch

Doing analysis at TEMP = 27.000000 and TNOM = 27.000000

Using SPARSE 1.3 as Direct Linear Solver

No. of Data Rows : 1
iq_ua = 8.855498e+02
v(xxdut.xxcmph.dp) = 1.493558e+00
v(xxdut.xxcmph.dn) = 1.336714e+00
v(xxdut.cmph_out) = 1.424845e+00
v(xxdut.xxcmpl.dp) = 3.596789e+00
v(xxdut.xxcmpl.dn) = 7.037639e-01
v(xxdut.cmpl_out) = 4.440312e-09
Doing analysis at TEMP = 27.000000 and TNOM = 27.000000

Using SPARSE 1.3 as Direct Linear Solver

Initial Transient Solution
--------------------------

Node                                   Voltage
----                                   -------
vdd                                        3.6
xxdut.xxbias.xrba.11                   3.59899
xxdut.xxbias.xrba.21                   2.40101
xxdut.vh                                   2.4
xxdut.xxbias.xrbb.11                   2.39899
xxdut.xxbias.xrbb.21                   1.20101
xxdut.vl                                   1.2
xxdut.xxbias.xrbc.11                   1.19899
xxdut.xxbias.xrbc.21                0.00100952
xxdut.xxbias.xrbias.11                 3.59896
xxdut.xxbias.xrbias.21                 1.01794
xxdut.ibias                             1.0169
xxdut.xxtrim.xrfix.11                   3.5995
xxdut.xxtrim.xrfix.21                  3.49784
xxdut.xxtrim.c1                        3.49735
xxdut.xxtrim.xr0.11                    3.49685
xxdut.xxtrim.xr0.21                    3.49243
xxdut.xxtrim.c2                        3.49193
t0                                           0
xxdut.xxtrim.xr1.11                    3.49143
xxdut.xxtrim.xr1.21                    3.48258
xxdut.xxtrim.c3                        3.48209
t1                                           0
xxdut.xxtrim.xr2.11                    3.48159
xxdut.xxtrim.xr2.21                     3.4639
xxdut.xxtrim.c4                         3.4634
t2                                           0
xxdut.xxtrim.xr3.11                     3.4629
xxdut.xxtrim.xr3.21                    3.42752
xxdut.xxtrim.c5                        3.42702
t3                                           0
xxdut.xxtrim.xr4.11                    3.42652
xxdut.xxtrim.xr4.21                    3.35576
xxdut.xxtrim.c6                        3.35526
t4                                           0
xxdut.xxtrim.xr5.11                    3.35476
xxdut.xxtrim.xr5.21                    3.21323
xxdut.xxtrim.c7                        3.21273
t5                                           0
xxdut.xxtrim.xr6.11                    3.21223
xxdut.xxtrim.xr6.21                    2.92917
xxdut.xxtrim.c8                        2.92867
t6                                           0
xxdut.xxtrim.xr7.11                    2.92817
xxdut.xxtrim.xr7.21                    2.36205
xxdut.vc                               2.36155
t7                                           0
xxdut.xxcmph.tail                      1.03913
xxdut.xxcmph.dp                        1.49356
xxdut.xxcmph.dn                        1.33671
xxdut.cmph_out                         1.42484
xxdut.xxcmpl.tail                     0.498599
xxdut.xxcmpl.dp                        3.59679
xxdut.xxcmpl.dn                       0.703764
xxdut.cmpl_out                     4.44031e-09
clk                                   0.609548
xxdut.qbar                             1.36504
xxdut.mid1                             2.91155
xxdut.mid2                             3.35621
vt7#branch                                   0
vt6#branch                                   0
vt5#branch                                   0
vt4#branch                                   0
vt3#branch                                   0
vt2#branch                                   0
vt1#branch                                   0
vt0#branch                                   0
vdd#branch                         -0.00088555

 Reference value :  8.70130e-08
 Reference value :  3.15293e-07
 Reference value :  5.20909e-07
 Reference value :  7.44930e-07
 Reference value :  9.81219e-07
 Reference value :  1.18422e-06
No. of Data Rows : 6288
t_avg_start         =  1.42721e-07
t_avg_end           =  8.30662e-07
iq_run_ua           =  4.14654e+02 from=  1.42721e-07 to=  8.30792e-07
ngspice-46 done
Note: Starting dynamic gmin stepping
Note: Dynamic gmin stepping completed
Warning from checkvalid: vector xxdut.clk is not available or has zero length.
Note: Starting dynamic gmin stepping
Note: Dynamic gmin stepping completed
