====================================================================
gf180-rcosc Iq sweep grid point: fs_T+027C_V3p3_code0x00
process     : fs (fets=fs res=res_typical mimcap=mimcap_typical)
temperature : 27 C
supply      : 3.3 V
trim code   : 0x00 (0)
attempt     : 1 (tran 200p 1200n)
wall clock  : 1.7 s
exit status : 0
====================================================================

Note: No compatibility mode selected!


Circuit: ** sch_path: /home/ubuntu/loom-workspaces/gf180-rcosc/.loom/worktrees/issue-35/design/smoke_test.sch

Doing analysis at TEMP = 27.000000 and TNOM = 27.000000

Using SPARSE 1.3 as Direct Linear Solver

No. of Data Rows : 1
iq_ua = 7.365888e+02
v(xxdut.xxcmph.dp) = 1.363334e+00
v(xxdut.xxcmph.dn) = 1.122699e+00
v(xxdut.cmph_out) = 1.302380e+00
v(xxdut.xxcmpl.dp) = 3.289155e+00
v(xxdut.xxcmpl.dn) = 5.588265e-01
v(xxdut.cmpl_out) = 3.909134e-09
Doing analysis at TEMP = 27.000000 and TNOM = 27.000000

Using SPARSE 1.3 as Direct Linear Solver

Initial Transient Solution
--------------------------

Node                                   Voltage
----                                   -------
vdd                                        3.3
xxdut.xxbias.xrba.11                   3.29907
xxdut.xxbias.xrba.21                   2.20093
xxdut.vh                                   2.2
xxdut.xxbias.xrbb.11                   2.19907
xxdut.xxbias.xrbb.21                   1.10093
xxdut.vl                                   1.1
xxdut.xxbias.xrbc.11                   1.09907
xxdut.xxbias.xrbc.21               0.000925394
xxdut.xxbias.xrbias.11                 3.29907
xxdut.xxbias.xrbias.21                0.992716
xxdut.ibias                           0.991791
xxdut.xxtrim.xrfix.11                  3.29953
xxdut.xxtrim.xrfix.21                  3.20388
xxdut.xxtrim.c1                        3.20341
xxdut.xxtrim.xr0.11                    3.20294
xxdut.xxtrim.xr0.21                    3.19878
xxdut.xxtrim.c2                        3.19831
t0                                           0
xxdut.xxtrim.xr1.11                    3.19784
xxdut.xxtrim.xr1.21                    3.18952
xxdut.xxtrim.c3                        3.18905
t1                                           0
xxdut.xxtrim.xr2.11                    3.18858
xxdut.xxtrim.xr2.21                    3.17194
xxdut.xxtrim.c4                        3.17147
t2                                           0
xxdut.xxtrim.xr3.11                      3.171
xxdut.xxtrim.xr3.21                    3.13771
xxdut.xxtrim.c5                        3.13724
t3                                           0
xxdut.xxtrim.xr4.11                    3.13677
xxdut.xxtrim.xr4.21                    3.07018
xxdut.xxtrim.c6                        3.06972
t4                                           0
xxdut.xxtrim.xr5.11                    3.06925
xxdut.xxtrim.xr5.21                    2.93608
xxdut.xxtrim.c7                        2.93561
t5                                           0
xxdut.xxtrim.xr6.11                    2.93514
xxdut.xxtrim.xr6.21                    2.66879
xxdut.xxtrim.c8                        2.66833
t6                                           0
xxdut.xxtrim.xr7.11                    2.66786
xxdut.xxtrim.xr7.21                    2.13517
xxdut.vc                                2.1347
t7                                           0
xxdut.xxcmph.tail                     0.879086
xxdut.xxcmph.dp                        1.36333
xxdut.xxcmph.dn                         1.1227
xxdut.cmph_out                         1.30238
xxdut.xxcmpl.tail                     0.374708
xxdut.xxcmpl.dp                        3.28915
xxdut.xxcmpl.dn                       0.558826
xxdut.cmpl_out                     3.90913e-09
clk                                   0.607519
xxdut.qbar                              1.2534
xxdut.mid1                             2.71079
xxdut.mid2                             3.09656
vt7#branch                                   0
vt6#branch                                   0
vt5#branch                                   0
vt4#branch                                   0
vt3#branch                                   0
vt2#branch                                   0
vt1#branch                                   0
vt0#branch                                   0
vdd#branch                        -0.000736589

 Reference value :  3.39567e-08
 Reference value :  2.34713e-07
 Reference value :  4.36083e-07
 Reference value :  6.48624e-07
 Reference value :  8.54798e-07
 Reference value :  1.09976e-06
No. of Data Rows : 6257
t_avg_start         =  1.42321e-07
t_avg_end           =  8.26218e-07
iq_run_ua           =  3.60713e+02 from=  1.42321e-07 to=  8.26270e-07
ngspice-46 done
Note: Starting dynamic gmin stepping
Note: Dynamic gmin stepping completed
Warning from checkvalid: vector xxdut.clk is not available or has zero length.
Note: Starting dynamic gmin stepping
Note: Dynamic gmin stepping completed
