====================================================================
gf180-rcosc Iq sweep grid point: rc_f_T+085C_V3p0_code0x00
process     : rc_f (fets=typical res=res_ff mimcap=mimcap_ff)
temperature : 85 C
supply      : 3 V
trim code   : 0x00 (0)
attempt     : 1 (tran 200p 1200n)
wall clock  : 1.7 s
exit status : 0
====================================================================

Note: No compatibility mode selected!


Circuit: ** sch_path: /home/ubuntu/loom-workspaces/gf180-rcosc/.loom/worktrees/issue-35/design/smoke_test.sch

Doing analysis at TEMP = 85.000000 and TNOM = 27.000000

Using SPARSE 1.3 as Direct Linear Solver

No. of Data Rows : 1
iq_ua = 6.375514e+02
v(xxdut.xxcmph.dp) = 1.346972e+00
v(xxdut.xxcmph.dn) = 8.301208e-01
v(xxdut.cmph_out) = 1.292816e+00
v(xxdut.xxcmpl.dp) = 2.974539e+00
v(xxdut.xxcmpl.dn) = 4.767718e-01
v(xxdut.cmpl_out) = 5.009641e-09
Doing analysis at TEMP = 85.000000 and TNOM = 27.000000

Using SPARSE 1.3 as Direct Linear Solver

Initial Transient Solution
--------------------------

Node                                   Voltage
----                                   -------
vdd                                          3
xxdut.xxbias.xrba.11                   2.99924
xxdut.xxbias.xrba.21                   2.00076
xxdut.vh                                     2
xxdut.xxbias.xrbb.11                   1.99924
xxdut.xxbias.xrbb.21                   1.00076
xxdut.vl                                     1
xxdut.xxbias.xrbc.11                  0.999241
xxdut.xxbias.xrbc.21                0.00075877
xxdut.xxbias.xrbias.11                 2.99931
xxdut.xxbias.xrbias.21                 1.09412
xxdut.ibias                            1.09343
xxdut.xxtrim.xrfix.11                  2.99959
xxdut.xxtrim.xrfix.21                  2.90622
xxdut.xxtrim.c1                        2.90581
xxdut.xxtrim.xr0.11                     2.9054
xxdut.xxtrim.xr0.21                    2.90134
xxdut.xxtrim.c2                        2.90092
t0                                           0
xxdut.xxtrim.xr1.11                    2.90051
xxdut.xxtrim.xr1.21                    2.89239
xxdut.xxtrim.c3                        2.89197
t1                                           0
xxdut.xxtrim.xr2.11                    2.89156
xxdut.xxtrim.xr2.21                    2.87531
xxdut.xxtrim.c4                         2.8749
t2                                           0
xxdut.xxtrim.xr3.11                    2.87449
xxdut.xxtrim.xr3.21                    2.84199
xxdut.xxtrim.c5                        2.84158
t3                                           0
xxdut.xxtrim.xr4.11                    2.84117
xxdut.xxtrim.xr4.21                    2.77617
xxdut.xxtrim.c6                        2.77576
t4                                           0
xxdut.xxtrim.xr5.11                    2.77535
xxdut.xxtrim.xr5.21                    2.64536
xxdut.xxtrim.c7                        2.64495
t5                                           0
xxdut.xxtrim.xr6.11                    2.64454
xxdut.xxtrim.xr6.21                    2.38456
xxdut.xxtrim.c8                        2.38415
t6                                           0
xxdut.xxtrim.xr7.11                    2.38374
xxdut.xxtrim.xr7.21                    1.86379
xxdut.vc                               1.86338
t7                                           0
xxdut.xxcmph.tail                     0.579845
xxdut.xxcmph.dp                        1.34697
xxdut.xxcmph.dn                       0.830121
xxdut.cmph_out                         1.29282
xxdut.xxcmpl.tail                     0.241095
xxdut.xxcmpl.dp                        2.97454
xxdut.xxcmpl.dn                       0.476772
xxdut.cmpl_out                     5.00964e-09
clk                                   0.648676
xxdut.qbar                             1.25005
xxdut.mid1                             2.46334
xxdut.mid2                             2.82928
vt7#branch                                   0
vt6#branch                                   0
vt5#branch                                   0
vt4#branch                                   0
vt3#branch                                   0
vt2#branch                                   0
vt1#branch                                   0
vt0#branch                                   0
vdd#branch                        -0.000637551

 Reference value :  3.04088e-08
 Reference value :  2.23949e-07
 Reference value :  4.09954e-07
 Reference value :  6.04594e-07
 Reference value :  8.32509e-07
 Reference value :  1.04732e-06
No. of Data Rows : 6236
t_avg_start         =  1.03752e-07
t_avg_end           =  5.97062e-07
iq_run_ua           =  3.36221e+02 from=  1.03752e-07 to=  5.97153e-07
ngspice-46 done
Note: Starting dynamic gmin stepping
Note: Dynamic gmin stepping completed
Warning from checkvalid: vector xxdut.clk is not available or has zero length.
Note: Starting dynamic gmin stepping
Note: Dynamic gmin stepping completed
