====================================================================
gf180-rcosc Iq sweep grid point: rc_f_T-040C_V3p3_code0xC0
process     : rc_f (fets=typical res=res_ff mimcap=mimcap_ff)
temperature : -40 C
supply      : 3.3 V
trim code   : 0xC0 (192)
attempt     : 1 (tran 200p 1200n)
wall clock  : 21.5 s
exit status : 0
====================================================================

Note: No compatibility mode selected!


Circuit: ** sch_path: /home/ubuntu/loom-workspaces/gf180-rcosc/.loom/worktrees/issue-35/design/smoke_test.sch

Doing analysis at TEMP = -40.000000 and TNOM = 27.000000

Using SPARSE 1.3 as Direct Linear Solver
 Reference value :  0.00000e+00
No. of Data Rows : 1
iq_ua = 5.593666e+02
v(xxdut.xxcmph.dp) = 3.075873e+00
v(xxdut.xxcmph.dn) = 9.630964e-01
v(xxdut.cmph_out) = -3.80378e-03
v(xxdut.xxcmpl.dp) = 3.296291e+00
v(xxdut.xxcmpl.dn) = 7.169108e-01
v(xxdut.cmpl_out) = -2.39277e-02
Doing analysis at TEMP = -40.000000 and TNOM = 27.000000

Using SPARSE 1.3 as Direct Linear Solver

Initial Transient Solution
--------------------------

Node                                   Voltage
----                                   -------
vdd                                        3.3
xxdut.xxbias.xrba.11                   3.29816
xxdut.xxbias.xrba.21                   2.20896
xxdut.vh                               2.20712
xxdut.xxbias.xrbb.11                   2.20532
xxdut.xxbias.xrbb.21                   1.13885
xxdut.vl                               1.13705
xxdut.xxbias.xrbc.11                   1.13513
xxdut.xxbias.xrbc.21                0.00191379
xxdut.xxbias.xrbias.11                 3.29825
xxdut.xxbias.xrbias.21                 1.12118
xxdut.ibias                            1.11943
xxdut.xxtrim.xrfix.11                  3.29512
xxdut.xxtrim.xrfix.21                  2.79771
xxdut.xxtrim.c1                        2.79282
xxdut.xxtrim.xr0.11                    2.78796
xxdut.xxtrim.xr0.21                    2.76641
xxdut.xxtrim.c2                        2.76154
t0                                           0
xxdut.xxtrim.xr1.11                    2.75671
xxdut.xxtrim.xr1.21                    2.71386
xxdut.xxtrim.c3                        2.70903
t1                                           0
xxdut.xxtrim.xr2.11                    2.70423
xxdut.xxtrim.xr2.21                    2.61911
xxdut.xxtrim.c4                        2.61431
t2                                           0
xxdut.xxtrim.xr3.11                    2.60955
xxdut.xxtrim.xr3.21                    2.44077
xxdut.xxtrim.c5                        2.43601
t3                                           0
xxdut.xxtrim.xr4.11                    2.43131
xxdut.xxtrim.xr4.21                    2.09786
xxdut.xxtrim.c6                        2.09315
t4                                           0
xxdut.xxtrim.xr5.11                    2.08855
xxdut.xxtrim.xr5.21                    1.43579
xxdut.xxtrim.c7                        1.43119
t5                                           0
xxdut.xxtrim.xr6.11                      1.431
xxdut.xxtrim.xr6.21                    1.37624
xxdut.xxtrim.c8                        1.37605
t6                                         3.3
xxdut.xxtrim.xr7.11                    1.37596
xxdut.xxtrim.xr7.21                    1.32873
xxdut.vc                               1.32865
t7                                         3.3
xxdut.xxcmph.tail                     0.469129
xxdut.xxcmph.dp                        3.29786
xxdut.xxcmph.dn                       0.684304
xxdut.cmph_out                    -0.000691041
xxdut.xxcmpl.tail                     0.144711
xxdut.xxcmpl.dp                        1.76091
xxdut.xxcmpl.dn                        1.31795
xxdut.cmpl_out                         2.05918
clk                                -0.00972007
xxdut.qbar                             3.30037
xxdut.mid1                             3.29817
xxdut.mid2                              2.3259
vt7#branch                         1.48182e-06
vt6#branch                         2.10914e-06
vt5#branch                         2.01328e-07
vt4#branch                         1.27459e-07
vt3#branch                         9.42938e-08
vt2#branch                          7.7263e-08
vt1#branch                         6.81982e-08
vt0#branch                         6.29814e-08
vdd#branch                        -0.000629593

 Reference value :  0.00000e+00
 Reference value :  1.53561e-07
 Reference value :  3.11624e-07
 Reference value :  4.71680e-07
 Reference value :  6.28721e-07
 Reference value :  7.83951e-07
 Reference value :  9.45385e-07
 Reference value :  1.16758e-06
No. of Data Rows : 6555
t_avg_start         =  8.08197e-08
t_avg_end           =  4.30663e-07
iq_run_ua           =  4.56946e+02 from=  8.08197e-08 to=  4.30664e-07
ngspice-46 done
Note: Starting dynamic gmin stepping
Warning: Dynamic gmin stepping failed
Note: Starting true gmin stepping
Warning: True gmin stepping failed
Note: Starting source stepping
Warning: source stepping failed
Note: Transient op started
Note: Transient op finished successfully
Warning from checkvalid: vector xxdut.clk is not available or has zero length.
Note: Starting dynamic gmin stepping
Warning: Dynamic gmin stepping failed
Note: Starting true gmin stepping
Warning: True gmin stepping failed
Note: Starting source stepping
Warning: singular matrix:  check node xxdut.vl

Warning: source stepping failed
Note: Transient op started
Note: Transient op finished successfully
