====================================================================
gf180-rcosc Iq sweep grid point: rc_f_T+085C_V3p6_code0x00
process     : rc_f (fets=typical res=res_ff mimcap=mimcap_ff)
temperature : 85 C
supply      : 3.6 V
trim code   : 0x00 (0)
attempt     : 1 (tran 200p 1200n)
wall clock  : 1.8 s
exit status : 0
====================================================================

Note: No compatibility mode selected!


Circuit: ** sch_path: /home/ubuntu/loom-workspaces/gf180-rcosc/.loom/worktrees/issue-35/design/smoke_test.sch

Doing analysis at TEMP = 85.000000 and TNOM = 27.000000

Using SPARSE 1.3 as Direct Linear Solver

No. of Data Rows : 1
iq_ua = 9.438446e+02
v(xxdut.xxcmph.dp) = 1.620320e+00
v(xxdut.xxcmph.dn) = 1.210786e+00
v(xxdut.cmph_out) = 1.554372e+00
v(xxdut.xxcmpl.dp) = 3.559505e+00
v(xxdut.xxcmpl.dn) = 6.384204e-01
v(xxdut.cmpl_out) = 6.179087e-09
Doing analysis at TEMP = 85.000000 and TNOM = 27.000000

Using SPARSE 1.3 as Direct Linear Solver

Initial Transient Solution
--------------------------

Node                                   Voltage
----                                   -------
vdd                                        3.6
xxdut.xxbias.xrba.11                   3.59909
xxdut.xxbias.xrba.21                   2.40091
xxdut.vh                                   2.4
xxdut.xxbias.xrbb.11                   2.39909
xxdut.xxbias.xrbb.21                   1.20091
xxdut.vl                                   1.2
xxdut.xxbias.xrbc.11                   1.19909
xxdut.xxbias.xrbc.21               0.000910524
xxdut.xxbias.xrbias.11                 3.59912
xxdut.xxbias.xrbias.21                 1.16436
xxdut.ibias                            1.16348
xxdut.xxtrim.xrfix.11                  3.59953
xxdut.xxtrim.xrfix.21                  3.49331
xxdut.xxtrim.c1                        3.49284
xxdut.xxtrim.xr0.11                    3.49237
xxdut.xxtrim.xr0.21                    3.48775
xxdut.xxtrim.c2                        3.48728
t0                                           0
xxdut.xxtrim.xr1.11                    3.48681
xxdut.xxtrim.xr1.21                    3.47757
xxdut.xxtrim.c3                         3.4771
t1                                           0
xxdut.xxtrim.xr2.11                    3.47663
xxdut.xxtrim.xr2.21                    3.45814
xxdut.xxtrim.c4                        3.45767
t2                                           0
xxdut.xxtrim.xr3.11                     3.4572
xxdut.xxtrim.xr3.21                    3.42023
xxdut.xxtrim.c5                        3.41976
t3                                           0
xxdut.xxtrim.xr4.11                    3.41929
xxdut.xxtrim.xr4.21                    3.34535
xxdut.xxtrim.c6                        3.34488
t4                                           0
xxdut.xxtrim.xr5.11                    3.34441
xxdut.xxtrim.xr5.21                    3.19652
xxdut.xxtrim.c7                        3.19605
t5                                           0
xxdut.xxtrim.xr6.11                    3.19558
xxdut.xxtrim.xr6.21                     2.8998
xxdut.xxtrim.c8                        2.89933
t6                                           0
xxdut.xxtrim.xr7.11                    2.89886
xxdut.xxtrim.xr7.21                    2.30731
xxdut.vc                               2.30684
t7                                           0
xxdut.xxcmph.tail                     0.870347
xxdut.xxcmph.dp                        1.62032
xxdut.xxcmph.dn                        1.21079
xxdut.cmph_out                         1.55437
xxdut.xxcmpl.tail                     0.359133
xxdut.xxcmpl.dp                        3.55951
xxdut.xxcmpl.dn                        0.63842
xxdut.cmpl_out                     6.17909e-09
clk                                   0.654661
xxdut.qbar                             1.48963
xxdut.mid1                             2.85997
xxdut.mid2                             3.35447
vt7#branch                                   0
vt6#branch                                   0
vt5#branch                                   0
vt4#branch                                   0
vt3#branch                                   0
vt2#branch                                   0
vt1#branch                                   0
vt0#branch                                   0
vdd#branch                        -0.000943845

 Reference value :  4.06439e-08
 Reference value :  2.29182e-07
 Reference value :  4.07213e-07
 Reference value :  6.01321e-07
 Reference value :  7.90360e-07
 Reference value :  9.85343e-07
 Reference value :  1.17662e-06
No. of Data Rows : 6320
t_avg_start         =  1.08085e-07
t_avg_end           =  6.01608e-07
iq_run_ua           =  4.76306e+02 from=  1.08085e-07 to=  6.01664e-07
ngspice-46 done
Note: Starting dynamic gmin stepping
Note: Dynamic gmin stepping completed
Warning from checkvalid: vector xxdut.clk is not available or has zero length.
Note: Starting dynamic gmin stepping
Note: Dynamic gmin stepping completed
