====================================================================
gf180-rcosc Iq sweep grid point: rc_f_T-040C_V3p6_code0x00
process     : rc_f (fets=typical res=res_ff mimcap=mimcap_ff)
temperature : -40 C
supply      : 3.6 V
trim code   : 0x00 (0)
attempt     : 1 (tran 200p 1200n)
wall clock  : 1.9 s
exit status : 0
====================================================================

Note: No compatibility mode selected!


Circuit: ** sch_path: /home/ubuntu/loom-workspaces/gf180-rcosc/.loom/worktrees/issue-35/design/smoke_test.sch

Doing analysis at TEMP = -40.000000 and TNOM = 27.000000

Using SPARSE 1.3 as Direct Linear Solver

No. of Data Rows : 1
iq_ua = 1.007005e+03
v(xxdut.xxcmph.dp) = 1.612054e+00
v(xxdut.xxcmph.dn) = 1.496166e+00
v(xxdut.cmph_out) = 1.551784e+00
v(xxdut.xxcmpl.dp) = 3.600000e+00
v(xxdut.xxcmpl.dn) = 9.021507e-01
v(xxdut.cmpl_out) = 3.892449e-09
Doing analysis at TEMP = -40.000000 and TNOM = 27.000000

Using SPARSE 1.3 as Direct Linear Solver

Initial Transient Solution
--------------------------

Node                                   Voltage
----                                   -------
vdd                                        3.6
xxdut.xxbias.xrba.11                   3.59798
xxdut.xxbias.xrba.21                   2.40202
xxdut.vh                                   2.4
xxdut.xxbias.xrbb.11                   2.39798
xxdut.xxbias.xrbb.21                   1.20202
xxdut.vl                                   1.2
xxdut.xxbias.xrbc.11                   1.19798
xxdut.xxbias.xrbc.21                0.00201975
xxdut.xxbias.xrbias.11                 3.59802
xxdut.xxbias.xrbias.21                 1.13388
xxdut.ibias                             1.1319
xxdut.xxtrim.xrfix.11                  3.59904
xxdut.xxtrim.xrfix.21                  3.50098
xxdut.xxtrim.c1                        3.50001
xxdut.xxtrim.xr0.11                    3.49905
xxdut.xxtrim.xr0.21                    3.49478
xxdut.xxtrim.c2                        3.49382
t0                                           0
xxdut.xxtrim.xr1.11                    3.49286
xxdut.xxtrim.xr1.21                    3.48433
xxdut.xxtrim.c3                        3.48336
t1                                           0
xxdut.xxtrim.xr2.11                     3.4824
xxdut.xxtrim.xr2.21                    3.46534
xxdut.xxtrim.c4                        3.46437
t2                                           0
xxdut.xxtrim.xr3.11                    3.46341
xxdut.xxtrim.xr3.21                    3.42928
xxdut.xxtrim.c5                        3.42832
t3                                           0
xxdut.xxtrim.xr4.11                    3.42735
xxdut.xxtrim.xr4.21                    3.35909
xxdut.xxtrim.c6                        3.35813
t4                                           0
xxdut.xxtrim.xr5.11                    3.35717
xxdut.xxtrim.xr5.21                    3.22064
xxdut.xxtrim.c7                        3.21968
t5                                           0
xxdut.xxtrim.xr6.11                    3.21872
xxdut.xxtrim.xr6.21                    2.94567
xxdut.xxtrim.c8                         2.9447
t6                                           0
xxdut.xxtrim.xr7.11                    2.94374
xxdut.xxtrim.xr7.21                    2.39765
xxdut.vc                               2.39668
t7                                           0
xxdut.xxcmph.tail                     0.974726
xxdut.xxcmph.dp                        1.61205
xxdut.xxcmph.dn                        1.49617
xxdut.cmph_out                         1.55178
xxdut.xxcmpl.tail                     0.647571
xxdut.xxcmpl.dp                            3.6
xxdut.xxcmpl.dn                       0.902151
xxdut.cmpl_out                     3.89245e-09
clk                                   0.764106
xxdut.qbar                             1.48353
xxdut.mid1                              2.9447
xxdut.mid2                             3.37872
vt7#branch                                   0
vt6#branch                                   0
vt5#branch                                   0
vt4#branch                                   0
vt3#branch                                   0
vt2#branch                                   0
vt1#branch                                   0
vt0#branch                                   0
vdd#branch                           -0.001007

 Reference value :  9.90972e-09
 Reference value :  1.93475e-07
 Reference value :  3.75566e-07
 Reference value :  5.56014e-07
 Reference value :  7.43721e-07
 Reference value :  9.34906e-07
 Reference value :  1.12279e-06
No. of Data Rows : 6374
t_avg_start         =  1.21197e-07
t_avg_end           =  6.83863e-07
iq_run_ua           =  4.54969e+02 from=  1.21197e-07 to=  6.83865e-07
ngspice-46 done
Note: Starting dynamic gmin stepping
Note: Dynamic gmin stepping completed
Warning from checkvalid: vector xxdut.clk is not available or has zero length.
Note: Starting dynamic gmin stepping
Note: Dynamic gmin stepping completed
