====================================================================
gf180-rcosc Iq sweep grid point: rc_f_T+027C_V3p3_code0x80
process     : rc_f (fets=typical res=res_ff mimcap=mimcap_ff)
temperature : 27 C
supply      : 3.3 V
trim code   : 0x80 (128)
attempt     : 1 (tran 200p 1200n)
wall clock  : 2.0 s
exit status : 0
====================================================================

Note: No compatibility mode selected!


Circuit: ** sch_path: /home/ubuntu/loom-workspaces/gf180-rcosc/.loom/worktrees/issue-35/design/smoke_test.sch

Doing analysis at TEMP = 27.000000 and TNOM = 27.000000

Using SPARSE 1.3 as Direct Linear Solver

No. of Data Rows : 1
iq_ua = 8.099950e+02
v(xxdut.xxcmph.dp) = 1.478290e+00
v(xxdut.xxcmph.dn) = 1.129465e+00
v(xxdut.cmph_out) = 1.421488e+00
v(xxdut.xxcmpl.dp) = 3.294230e+00
v(xxdut.xxcmpl.dn) = 5.609719e-01
v(xxdut.cmpl_out) = 4.205020e-09
Doing analysis at TEMP = 27.000000 and TNOM = 27.000000

Using SPARSE 1.3 as Direct Linear Solver

Initial Transient Solution
--------------------------

Node                                   Voltage
----                                   -------
vdd                                        3.3
xxdut.xxbias.xrba.11                   3.29884
xxdut.xxbias.xrba.21                   2.20116
xxdut.vh                                   2.2
xxdut.xxbias.xrbb.11                   2.19884
xxdut.xxbias.xrbb.21                   1.10116
xxdut.vl                                   1.1
xxdut.xxbias.xrbc.11                   1.09884
xxdut.xxbias.xrbc.21                0.00115626
xxdut.xxbias.xrbias.11                 3.29891
xxdut.xxbias.xrbias.21                 1.12086
xxdut.ibias                            1.11977
xxdut.xxtrim.xrfix.11                  3.29942
xxdut.xxtrim.xrfix.21                  3.20495
xxdut.xxtrim.c1                        3.20437
xxdut.xxtrim.xr0.11                    3.20379
xxdut.xxtrim.xr0.21                    3.19968
xxdut.xxtrim.c2                         3.1991
t0                                           0
xxdut.xxtrim.xr1.11                    3.19852
xxdut.xxtrim.xr1.21                     3.1903
xxdut.xxtrim.c3                        3.18972
t1                                           0
xxdut.xxtrim.xr2.11                    3.18914
xxdut.xxtrim.xr2.21                     3.1727
xxdut.xxtrim.c4                        3.17212
t2                                           0
xxdut.xxtrim.xr3.11                    3.17154
xxdut.xxtrim.xr3.21                    3.13866
xxdut.xxtrim.c5                        3.13808
t3                                           0
xxdut.xxtrim.xr4.11                     3.1375
xxdut.xxtrim.xr4.21                    3.07174
xxdut.xxtrim.c6                        3.07116
t4                                           0
xxdut.xxtrim.xr5.11                    3.07058
xxdut.xxtrim.xr5.21                    2.93905
xxdut.xxtrim.c7                        2.93847
t5                                           0
xxdut.xxtrim.xr6.11                    2.93789
xxdut.xxtrim.xr6.21                    2.67482
xxdut.xxtrim.c8                        2.67424
t6                                           0
xxdut.xxtrim.xr7.11                    2.67368
xxdut.xxtrim.xr7.21                     2.1631
xxdut.vc                               2.16254
t7                                         3.3
xxdut.xxcmph.tail                     0.794348
xxdut.xxcmph.dp                        1.47829
xxdut.xxcmph.dn                        1.12947
xxdut.cmph_out                         1.42149
xxdut.xxcmpl.tail                      0.33213
xxdut.xxcmpl.dp                        3.29423
xxdut.xxcmpl.dn                       0.560972
xxdut.cmpl_out                     4.20502e-09
clk                                   0.700631
xxdut.qbar                             1.36678
xxdut.mid1                              2.7004
xxdut.mid2                             3.10417
vt7#branch                                   0
vt6#branch                                   0
vt5#branch                                   0
vt4#branch                                   0
vt3#branch                                   0
vt2#branch                                   0
vt1#branch                                   0
vt0#branch                                   0
vdd#branch                        -0.000809995

 Reference value :  1.16774e-08
 Reference value :  1.77662e-07
 Reference value :  3.40718e-07
 Reference value :  5.07463e-07
 Reference value :  7.02335e-07
 Reference value :  8.99845e-07
 Reference value :  1.07640e-06
No. of Data Rows : 6469
t_avg_start         =  8.40917e-08
t_avg_end           =  4.76979e-07
iq_run_ua           =  4.41714e+02 from=  8.40917e-08 to=  4.77011e-07
ngspice-46 done
Note: Starting dynamic gmin stepping
Note: Dynamic gmin stepping completed
Warning from checkvalid: vector xxdut.clk is not available or has zero length.
Note: Starting dynamic gmin stepping
Note: Dynamic gmin stepping completed
