====================================================================
gf180-rcosc Iq sweep grid point: rc_f_T+085C_V3p6_code0xC0
process     : rc_f (fets=typical res=res_ff mimcap=mimcap_ff)
temperature : 85 C
supply      : 3.6 V
trim code   : 0xC0 (192)
attempt     : 1 (tran 200p 1200n)
wall clock  : 2.0 s
exit status : 0
====================================================================

Note: No compatibility mode selected!


Circuit: ** sch_path: /home/ubuntu/loom-workspaces/gf180-rcosc/.loom/worktrees/issue-35/design/smoke_test.sch

Doing analysis at TEMP = 85.000000 and TNOM = 27.000000

Using SPARSE 1.3 as Direct Linear Solver

No. of Data Rows : 1
iq_ua = 9.477131e+02
v(xxdut.xxcmph.dp) = 1.620397e+00
v(xxdut.xxcmph.dn) = 1.210786e+00
v(xxdut.cmph_out) = 1.550784e+00
v(xxdut.xxcmpl.dp) = 3.559505e+00
v(xxdut.xxcmpl.dn) = 6.384208e-01
v(xxdut.cmpl_out) = 6.179088e-09
Doing analysis at TEMP = 85.000000 and TNOM = 27.000000

Using SPARSE 1.3 as Direct Linear Solver

Initial Transient Solution
--------------------------

Node                                   Voltage
----                                   -------
vdd                                        3.6
xxdut.xxbias.xrba.11                   3.59909
xxdut.xxbias.xrba.21                   2.40091
xxdut.vh                                   2.4
xxdut.xxbias.xrbb.11                   2.39909
xxdut.xxbias.xrbb.21                   1.20091
xxdut.vl                                   1.2
xxdut.xxbias.xrbc.11                   1.19909
xxdut.xxbias.xrbc.21               0.000910524
xxdut.xxbias.xrbias.11                 3.59912
xxdut.xxbias.xrbias.21                 1.16436
xxdut.ibias                            1.16348
xxdut.xxtrim.xrfix.11                  3.59941
xxdut.xxtrim.xrfix.21                  3.46602
xxdut.xxtrim.c1                        3.46543
xxdut.xxtrim.xr0.11                    3.46484
xxdut.xxtrim.xr0.21                    3.45904
xxdut.xxtrim.c2                        3.45845
t0                                           0
xxdut.xxtrim.xr1.11                    3.45786
xxdut.xxtrim.xr1.21                    3.44626
xxdut.xxtrim.c3                        3.44567
t1                                           0
xxdut.xxtrim.xr2.11                    3.44508
xxdut.xxtrim.xr2.21                    3.42186
xxdut.xxtrim.c4                        3.42127
t2                                           0
xxdut.xxtrim.xr3.11                    3.42069
xxdut.xxtrim.xr3.21                    3.37426
xxdut.xxtrim.c5                        3.37367
t3                                           0
xxdut.xxtrim.xr4.11                    3.37308
xxdut.xxtrim.xr4.21                    3.28023
xxdut.xxtrim.c6                        3.27964
t4                                           0
xxdut.xxtrim.xr5.11                    3.27905
xxdut.xxtrim.xr5.21                    3.09334
xxdut.xxtrim.c7                        3.09275
t5                                           0
xxdut.xxtrim.xr6.11                    3.09216
xxdut.xxtrim.xr6.21                    2.72075
xxdut.xxtrim.c8                        2.72016
t6                                         3.6
xxdut.xxtrim.xr7.11                    2.71983
xxdut.xxtrim.xr7.21                    2.30716
xxdut.vc                               2.30684
t7                                         3.6
xxdut.xxcmph.tail                     0.870347
xxdut.xxcmph.dp                         1.6204
xxdut.xxcmph.dn                        1.21079
xxdut.cmph_out                         1.55078
xxdut.xxcmpl.tail                     0.359133
xxdut.xxcmpl.dp                        3.55951
xxdut.xxcmpl.dn                       0.638421
xxdut.cmpl_out                     6.17909e-09
clk                                   0.670124
xxdut.qbar                             1.48733
xxdut.mid1                             2.86952
xxdut.mid2                              3.3539
vt7#branch                                   0
vt6#branch                                   0
vt5#branch                                   0
vt4#branch                                   0
vt3#branch                                   0
vt2#branch                                   0
vt1#branch                                   0
vt0#branch                                   0
vdd#branch                        -0.000947713

 Reference value :  7.68824e-08
 Reference value :  2.55626e-07
 Reference value :  4.11573e-07
 Reference value :  5.94155e-07
 Reference value :  7.47209e-07
 Reference value :  8.97799e-07
 Reference value :  1.04978e-06
No. of Data Rows : 6531
t_avg_start         =  6.22645e-08
t_avg_end           =  3.36488e-07
iq_run_ua           =  5.62773e+02 from=  6.22645e-08 to=  3.36540e-07
ngspice-46 done
Note: Starting dynamic gmin stepping
Note: Dynamic gmin stepping completed
Warning from checkvalid: vector xxdut.clk is not available or has zero length.
Note: Starting dynamic gmin stepping
Note: Dynamic gmin stepping completed
