====================================================================
gf180-rcosc Iq sweep grid point: rc_f_T+085C_V3p0_code0xFF
process     : rc_f (fets=typical res=res_ff mimcap=mimcap_ff)
temperature : 85 C
supply      : 3 V
trim code   : 0xFF (255)
attempt     : 1 (tran 200p 1200n)
wall clock  : 2.0 s
exit status : 0
====================================================================

Note: No compatibility mode selected!


Circuit: ** sch_path: /home/ubuntu/loom-workspaces/gf180-rcosc/.loom/worktrees/issue-35/design/smoke_test.sch

Doing analysis at TEMP = 85.000000 and TNOM = 27.000000

Using SPARSE 1.3 as Direct Linear Solver

No. of Data Rows : 1
iq_ua = 6.389037e+02
v(xxdut.xxcmph.dp) = 1.347000e+00
v(xxdut.xxcmph.dn) = 8.301206e-01
v(xxdut.cmph_out) = 1.291244e+00
v(xxdut.xxcmpl.dp) = 2.974539e+00
v(xxdut.xxcmpl.dn) = 4.767719e-01
v(xxdut.cmpl_out) = 5.009641e-09
Doing analysis at TEMP = 85.000000 and TNOM = 27.000000

Using SPARSE 1.3 as Direct Linear Solver

Initial Transient Solution
--------------------------

Node                                   Voltage
----                                   -------
vdd                                          3
xxdut.xxbias.xrba.11                   2.99924
xxdut.xxbias.xrba.21                   2.00076
xxdut.vh                                     2
xxdut.xxbias.xrbb.11                   1.99924
xxdut.xxbias.xrbb.21                   1.00076
xxdut.vl                                     1
xxdut.xxbias.xrbc.11                  0.999241
xxdut.xxbias.xrbc.21                0.00075877
xxdut.xxbias.xrbias.11                 2.99931
xxdut.xxbias.xrbias.21                 1.09412
xxdut.ibias                            1.09343
xxdut.xxtrim.xrfix.11                  2.99954
xxdut.xxtrim.xrfix.21                  2.89621
xxdut.xxtrim.c1                        2.89575
xxdut.xxtrim.xr0.11                    2.89529
xxdut.xxtrim.xr0.21                     2.8908
xxdut.xxtrim.c2                        2.89034
t0                                           3
xxdut.xxtrim.xr1.11                    2.88989
xxdut.xxtrim.xr1.21                    2.88089
xxdut.xxtrim.c3                        2.88044
t1                                           3
xxdut.xxtrim.xr2.11                    2.87998
xxdut.xxtrim.xr2.21                      2.862
xxdut.xxtrim.c4                        2.86154
t2                                           3
xxdut.xxtrim.xr3.11                    2.86108
xxdut.xxtrim.xr3.21                    2.82512
xxdut.xxtrim.c5                        2.82466
t3                                           3
xxdut.xxtrim.xr4.11                     2.8242
xxdut.xxtrim.xr4.21                    2.75227
xxdut.xxtrim.c6                        2.75181
t4                                           3
xxdut.xxtrim.xr5.11                    2.75136
xxdut.xxtrim.xr5.21                    2.60749
xxdut.xxtrim.c7                        2.60703
t5                                           3
xxdut.xxtrim.xr6.11                    2.60657
xxdut.xxtrim.xr6.21                    2.31883
xxdut.xxtrim.c8                        2.31838
t6                                           3
xxdut.xxtrim.xr7.11                    2.31802
xxdut.xxtrim.xr7.21                    1.86374
xxdut.vc                               1.86338
t7                                           3
xxdut.xxcmph.tail                     0.579845
xxdut.xxcmph.dp                          1.347
xxdut.xxcmph.dn                       0.830121
xxdut.cmph_out                         1.29124
xxdut.xxcmpl.tail                     0.241095
xxdut.xxcmpl.dp                        2.97454
xxdut.xxcmpl.dn                       0.476772
xxdut.cmpl_out                     5.00964e-09
clk                                    0.65529
xxdut.qbar                             1.24974
xxdut.mid1                             2.46739
xxdut.mid2                             2.82922
vt7#branch                                   0
vt6#branch                                   0
vt5#branch                                   0
vt4#branch                                   0
vt3#branch                                   0
vt2#branch                                   0
vt1#branch                                   0
vt0#branch                                   0
vdd#branch                        -0.000638904

 Reference value :  2.33830e-08
 Reference value :  1.85099e-07
 Reference value :  3.40867e-07
 Reference value :  5.11665e-07
 Reference value :  6.78766e-07
 Reference value :  8.62546e-07
 Reference value :  1.03623e-06
 Reference value :  1.19786e-06
No. of Data Rows : 6344
t_avg_start         =  5.62051e-08
t_avg_end           =  3.14574e-07
iq_run_ua           =  4.55602e+02 from=  5.62052e-08 to=  3.14620e-07
ngspice-46 done
Note: Starting dynamic gmin stepping
Note: Dynamic gmin stepping completed
Warning from checkvalid: vector xxdut.clk is not available or has zero length.
Note: Starting dynamic gmin stepping
Note: Dynamic gmin stepping completed
