====================================================================
gf180-rcosc Iq sweep grid point: rc_f_T-040C_V3p0_code0xC0
process     : rc_f (fets=typical res=res_ff mimcap=mimcap_ff)
temperature : -40 C
supply      : 3 V
trim code   : 0xC0 (192)
attempt     : 1 (tran 200p 1200n)
wall clock  : 2.2 s
exit status : 0
====================================================================

Note: No compatibility mode selected!


Circuit: ** sch_path: /home/ubuntu/loom-workspaces/gf180-rcosc/.loom/worktrees/issue-35/design/smoke_test.sch

Doing analysis at TEMP = -40.000000 and TNOM = 27.000000

Using SPARSE 1.3 as Direct Linear Solver

No. of Data Rows : 1
iq_ua = 6.642690e+02
v(xxdut.xxcmph.dp) = 1.343185e+00
v(xxdut.xxcmph.dn) = 1.063624e+00
v(xxdut.cmph_out) = 1.297181e+00
v(xxdut.xxcmpl.dp) = 2.999997e+00
v(xxdut.xxcmpl.dn) = 5.679696e-01
v(xxdut.cmpl_out) = 3.037657e-09
Doing analysis at TEMP = -40.000000 and TNOM = 27.000000

Using SPARSE 1.3 as Direct Linear Solver

Initial Transient Solution
--------------------------

Node                                   Voltage
----                                   -------
vdd                                          3
xxdut.xxbias.xrba.11                   2.99832
xxdut.xxbias.xrba.21                   2.00168
xxdut.vh                                     2
xxdut.xxbias.xrbb.11                   1.99832
xxdut.xxbias.xrbb.21                   1.00168
xxdut.vl                                     1
xxdut.xxbias.xrbc.11                  0.998317
xxdut.xxbias.xrbc.21                0.00168312
xxdut.xxbias.xrbias.11                 2.99846
xxdut.xxbias.xrbias.21                 1.08437
xxdut.ibias                            1.08283
xxdut.xxtrim.xrfix.11                  2.99919
xxdut.xxtrim.xrfix.21                  2.91697
xxdut.xxtrim.c1                        2.91616
xxdut.xxtrim.xr0.11                    2.91535
xxdut.xxtrim.xr0.21                    2.91178
xxdut.xxtrim.c2                        2.91097
t0                                           0
xxdut.xxtrim.xr1.11                    2.91016
xxdut.xxtrim.xr1.21                    2.90301
xxdut.xxtrim.c3                         2.9022
t1                                           0
xxdut.xxtrim.xr2.11                    2.90139
xxdut.xxtrim.xr2.21                    2.88708
xxdut.xxtrim.c4                        2.88627
t2                                           0
xxdut.xxtrim.xr3.11                    2.88547
xxdut.xxtrim.xr3.21                    2.85685
xxdut.xxtrim.c5                        2.85604
t3                                           0
xxdut.xxtrim.xr4.11                    2.85523
xxdut.xxtrim.xr4.21                    2.79799
xxdut.xxtrim.c6                        2.79719
t4                                           0
xxdut.xxtrim.xr5.11                    2.79638
xxdut.xxtrim.xr5.21                     2.6819
xxdut.xxtrim.c7                        2.68109
t5                                           0
xxdut.xxtrim.xr6.11                    2.68029
xxdut.xxtrim.xr6.21                    2.45133
xxdut.xxtrim.c8                        2.45052
t6                                           3
xxdut.xxtrim.xr7.11                    2.44972
xxdut.xxtrim.xr7.21                    1.99185
xxdut.vc                               1.99104
t7                                           3
xxdut.xxcmph.tail                     0.691847
xxdut.xxcmph.dp                        1.34319
xxdut.xxcmph.dn                        1.06362
xxdut.cmph_out                         1.29718
xxdut.xxcmpl.tail                     0.375016
xxdut.xxcmpl.dp                              3
xxdut.xxcmpl.dn                        0.56797
xxdut.cmpl_out                     3.03766e-09
clk                                   0.757901
xxdut.qbar                              1.2629
xxdut.mid1                             2.54543
xxdut.mid2                             2.85999
vt7#branch                                   0
vt6#branch                                   0
vt5#branch                                   0
vt4#branch                                   0
vt3#branch                                   0
vt2#branch                                   0
vt1#branch                                   0
vt0#branch                                   0
vdd#branch                        -0.000664269

 Reference value :  1.22733e-08
 Reference value :  1.74847e-07
 Reference value :  3.32075e-07
 Reference value :  4.94367e-07
 Reference value :  6.57065e-07
 Reference value :  8.18454e-07
 Reference value :  9.78340e-07
 Reference value :  1.13724e-06
No. of Data Rows : 6571
t_avg_start         =  7.95132e-08
t_avg_end           =  4.61962e-07
iq_run_ua           =  3.89018e+02 from=  7.95132e-08 to=  4.61970e-07
ngspice-46 done
Note: Starting dynamic gmin stepping
Note: Dynamic gmin stepping completed
Warning from checkvalid: vector xxdut.clk is not available or has zero length.
Note: Starting dynamic gmin stepping
Note: Dynamic gmin stepping completed
