====================================================================
gf180-rcosc Iq sweep grid point: rc_s_T+085C_V3p0_code0xFF
process     : rc_s (fets=typical res=res_ss mimcap=mimcap_ss)
temperature : 85 C
supply      : 3 V
trim code   : 0xFF (255)
attempt     : 1 (tran 200p 1200n)
wall clock  : 1.9 s
exit status : 0
====================================================================

Note: No compatibility mode selected!


Circuit: ** sch_path: /home/ubuntu/loom-workspaces/gf180-rcosc/.loom/worktrees/issue-35/design/smoke_test.sch

Doing analysis at TEMP = 85.000000 and TNOM = 27.000000

Using SPARSE 1.3 as Direct Linear Solver

No. of Data Rows : 1
iq_ua = 5.452953e+02
v(xxdut.xxcmph.dp) = 1.346854e+00
v(xxdut.xxcmph.dn) = 1.084851e+00
v(xxdut.cmph_out) = 1.299481e+00
v(xxdut.xxcmpl.dp) = 2.997995e+00
v(xxdut.xxcmpl.dn) = 5.737046e-01
v(xxdut.cmpl_out) = 4.825617e-09
Doing analysis at TEMP = 85.000000 and TNOM = 27.000000

Using SPARSE 1.3 as Direct Linear Solver

Initial Transient Solution
--------------------------

Node                                   Voltage
----                                   -------
vdd                                          3
xxdut.xxbias.xrba.11                   2.99949
xxdut.xxbias.xrba.21                   2.00051
xxdut.vh                                     2
xxdut.xxbias.xrbb.11                   1.99949
xxdut.xxbias.xrbb.21                   1.00051
xxdut.vl                                     1
xxdut.xxbias.xrbc.11                  0.999494
xxdut.xxbias.xrbc.21               0.000506103
xxdut.xxbias.xrbias.11                 2.99952
xxdut.xxbias.xrbias.21                 1.00669
xxdut.ibias                            1.00621
xxdut.xxtrim.xrfix.11                  2.99975
xxdut.xxtrim.xrfix.21                  2.91459
xxdut.xxtrim.c1                        2.91434
xxdut.xxtrim.xr0.11                    2.91409
xxdut.xxtrim.xr0.21                    2.91038
xxdut.xxtrim.c2                        2.91013
t0                                           3
xxdut.xxtrim.xr1.11                    2.90988
xxdut.xxtrim.xr1.21                    2.90247
xxdut.xxtrim.c3                        2.90222
t1                                           3
xxdut.xxtrim.xr2.11                    2.90197
xxdut.xxtrim.xr2.21                    2.88715
xxdut.xxtrim.c4                         2.8869
t2                                           3
xxdut.xxtrim.xr3.11                    2.88665
xxdut.xxtrim.xr3.21                    2.85701
xxdut.xxtrim.c5                        2.85676
t3                                           3
xxdut.xxtrim.xr4.11                    2.85651
xxdut.xxtrim.xr4.21                    2.79722
xxdut.xxtrim.c6                        2.79697
t4                                           3
xxdut.xxtrim.xr5.11                    2.79672
xxdut.xxtrim.xr5.21                    2.67816
xxdut.xxtrim.c7                        2.67791
t5                                           3
xxdut.xxtrim.xr6.11                    2.67766
xxdut.xxtrim.xr6.21                    2.44053
xxdut.xxtrim.c8                        2.44028
t6                                           3
xxdut.xxtrim.xr7.11                    2.44004
xxdut.xxtrim.xr7.21                    1.97967
xxdut.vc                               1.97943
t7                                           3
xxdut.xxcmph.tail                     0.737625
xxdut.xxcmph.dp                        1.34685
xxdut.xxcmph.dn                        1.08485
xxdut.cmph_out                         1.29948
xxdut.xxcmpl.tail                     0.354634
xxdut.xxcmpl.dp                          2.998
xxdut.xxcmpl.dn                       0.573705
xxdut.cmpl_out                     4.82562e-09
clk                                   0.617252
xxdut.qbar                              1.2517
xxdut.mid1                             2.44406
xxdut.mid2                             2.82962
vt7#branch                                   0
vt6#branch                                   0
vt5#branch                                   0
vt4#branch                                   0
vt3#branch                                   0
vt2#branch                                   0
vt1#branch                                   0
vt0#branch                                   0
vdd#branch                        -0.000545295

 Reference value :  3.11763e-08
 Reference value :  2.14642e-07
 Reference value :  3.96843e-07
 Reference value :  5.83532e-07
 Reference value :  7.70515e-07
 Reference value :  9.78597e-07
 Reference value :  1.17345e-06
No. of Data Rows : 6243
t_avg_start         =  9.19980e-08
t_avg_end           =  5.24612e-07
iq_run_ua           =  3.43390e+02 from=  9.19980e-08 to=  5.24676e-07
ngspice-46 done
Note: Starting dynamic gmin stepping
Note: Dynamic gmin stepping completed
Warning from checkvalid: vector xxdut.clk is not available or has zero length.
Note: Starting dynamic gmin stepping
Note: Dynamic gmin stepping completed
