====================================================================
gf180-rcosc Iq sweep grid point: rc_s_T+085C_V3p3_code0xFF
process     : rc_s (fets=typical res=res_ss mimcap=mimcap_ss)
temperature : 85 C
supply      : 3.3 V
trim code   : 0xFF (255)
attempt     : 1 (tran 200p 1200n)
wall clock  : 1.7 s
exit status : 0
====================================================================

Note: No compatibility mode selected!


Circuit: ** sch_path: /home/ubuntu/loom-workspaces/gf180-rcosc/.loom/worktrees/issue-35/design/smoke_test.sch

Doing analysis at TEMP = 85.000000 and TNOM = 27.000000

Using SPARSE 1.3 as Direct Linear Solver

No. of Data Rows : 1
iq_ua = 6.700471e+02
v(xxdut.xxcmph.dp) = 1.482712e+00
v(xxdut.xxcmph.dn) = 1.296487e+00
v(xxdut.cmph_out) = 1.428810e+00
v(xxdut.xxcmpl.dp) = 3.299367e+00
v(xxdut.xxcmpl.dn) = 7.204948e-01
v(xxdut.cmpl_out) = 5.201231e-09
Doing analysis at TEMP = 85.000000 and TNOM = 27.000000

Using SPARSE 1.3 as Direct Linear Solver

Initial Transient Solution
--------------------------

Node                                   Voltage
----                                   -------
vdd                                        3.3
xxdut.xxbias.xrba.11                   3.29944
xxdut.xxbias.xrba.21                   2.20056
xxdut.vh                                   2.2
xxdut.xxbias.xrbb.11                   2.19944
xxdut.xxbias.xrbb.21                   1.10056
xxdut.vl                                   1.1
xxdut.xxbias.xrbc.11                   1.09944
xxdut.xxbias.xrbc.21               0.000556713
xxdut.xxbias.xrbias.11                 3.29945
xxdut.xxbias.xrbias.21                 1.03567
xxdut.ibias                            1.03512
xxdut.xxtrim.xrfix.11                  3.29972
xxdut.xxtrim.xrfix.21                  3.20472
xxdut.xxtrim.c1                        3.20444
xxdut.xxtrim.xr0.11                    3.20416
xxdut.xxtrim.xr0.21                    3.20003
xxdut.xxtrim.c2                        3.19975
t0                                         3.3
xxdut.xxtrim.xr1.11                    3.19947
xxdut.xxtrim.xr1.21                     3.1912
xxdut.xxtrim.c3                        3.19092
t1                                         3.3
xxdut.xxtrim.xr2.11                    3.19064
xxdut.xxtrim.xr2.21                    3.17411
xxdut.xxtrim.c4                        3.17383
t2                                         3.3
xxdut.xxtrim.xr3.11                    3.17355
xxdut.xxtrim.xr3.21                    3.14048
xxdut.xxtrim.c5                         3.1402
t3                                         3.3
xxdut.xxtrim.xr4.11                    3.13992
xxdut.xxtrim.xr4.21                    3.07379
xxdut.xxtrim.c6                        3.07351
t4                                         3.3
xxdut.xxtrim.xr5.11                    3.07323
xxdut.xxtrim.xr5.21                    2.94097
xxdut.xxtrim.c7                        2.94069
t5                                         3.3
xxdut.xxtrim.xr6.11                    2.94041
xxdut.xxtrim.xr6.21                    2.67589
xxdut.xxtrim.c8                        2.67561
t6                                         3.3
xxdut.xxtrim.xr7.11                    2.67535
xxdut.xxtrim.xr7.21                    2.18826
xxdut.vc                               2.18801
t7                                         3.3
xxdut.xxcmph.tail                     0.879404
xxdut.xxcmph.dp                        1.48271
xxdut.xxcmph.dn                        1.29649
xxdut.cmph_out                         1.42881
xxdut.xxcmpl.tail                      0.47253
xxdut.xxcmpl.dp                        3.29937
xxdut.xxcmpl.dn                       0.720495
xxdut.cmpl_out                     5.20123e-09
clk                                   0.622636
xxdut.qbar                             1.37019
xxdut.mid1                              2.6443
xxdut.mid2                             3.09241
vt7#branch                                   0
vt6#branch                                   0
vt5#branch                                   0
vt4#branch                                   0
vt3#branch                                   0
vt2#branch                                   0
vt1#branch                                   0
vt0#branch                                   0
vdd#branch                        -0.000670047

 Reference value :  1.00582e-07
 Reference value :  2.85938e-07
 Reference value :  4.76789e-07
 Reference value :  6.71499e-07
 Reference value :  8.65604e-07
 Reference value :  1.04821e-06
No. of Data Rows : 6191
t_avg_start         =  8.33862e-08
t_avg_end           =  4.75301e-07
iq_run_ua           =  4.03321e+02 from=  8.33862e-08 to=  4.75436e-07
ngspice-46 done
Note: Starting dynamic gmin stepping
Note: Dynamic gmin stepping completed
Warning from checkvalid: vector xxdut.clk is not available or has zero length.
Note: Starting dynamic gmin stepping
Note: Dynamic gmin stepping completed
