====================================================================
gf180-rcosc Iq sweep grid point: rc_s_T+027C_V3p3_code0xC0
process     : rc_s (fets=typical res=res_ss mimcap=mimcap_ss)
temperature : 27 C
supply      : 3.3 V
trim code   : 0xC0 (192)
attempt     : 1 (tran 200p 1200n)
wall clock  : 1.7 s
exit status : 0
====================================================================

Note: No compatibility mode selected!


Circuit: ** sch_path: /home/ubuntu/loom-workspaces/gf180-rcosc/.loom/worktrees/issue-35/design/smoke_test.sch

Doing analysis at TEMP = 27.000000 and TNOM = 27.000000

Using SPARSE 1.3 as Direct Linear Solver

No. of Data Rows : 1
iq_ua = 6.780969e+02
v(xxdut.xxcmph.dp) = 1.478203e+00
v(xxdut.xxcmph.dn) = 1.383415e+00
v(xxdut.cmph_out) = 1.426371e+00
v(xxdut.xxcmpl.dp) = 3.299999e+00
v(xxdut.xxcmpl.dn) = 8.604044e-01
v(xxdut.cmpl_out) = 4.206691e-09
Doing analysis at TEMP = 27.000000 and TNOM = 27.000000

Using SPARSE 1.3 as Direct Linear Solver

Initial Transient Solution
--------------------------

Node                                   Voltage
----                                   -------
vdd                                        3.3
xxdut.xxbias.xrba.11                   3.29923
xxdut.xxbias.xrba.21                   2.20077
xxdut.vh                                   2.2
xxdut.xxbias.xrbb.11                   2.19923
xxdut.xxbias.xrbb.21                   1.10077
xxdut.vl                                   1.1
xxdut.xxbias.xrbc.11                   1.09923
xxdut.xxbias.xrbc.21               0.000771378
xxdut.xxbias.xrbias.11                 3.29924
xxdut.xxbias.xrbias.21                  1.0391
xxdut.ibias                            1.03834
xxdut.xxtrim.xrfix.11                  3.29963
xxdut.xxtrim.xrfix.21                   3.2083
xxdut.xxtrim.c1                        3.20792
xxdut.xxtrim.xr0.11                    3.20755
xxdut.xxtrim.xr0.21                    3.20358
xxdut.xxtrim.c2                        3.20321
t0                                           0
xxdut.xxtrim.xr1.11                    3.20283
xxdut.xxtrim.xr1.21                    3.19489
xxdut.xxtrim.c3                        3.19451
t1                                           0
xxdut.xxtrim.xr2.11                    3.19414
xxdut.xxtrim.xr2.21                    3.17825
xxdut.xxtrim.c4                        3.17787
t2                                           0
xxdut.xxtrim.xr3.11                     3.1775
xxdut.xxtrim.xr3.21                    3.14571
xxdut.xxtrim.c5                        3.14534
t3                                           0
xxdut.xxtrim.xr4.11                    3.14497
xxdut.xxtrim.xr4.21                    3.08139
xxdut.xxtrim.c6                        3.08102
t4                                           0
xxdut.xxtrim.xr5.11                    3.08064
xxdut.xxtrim.xr5.21                    2.95349
xxdut.xxtrim.c7                        2.95312
t5                                           0
xxdut.xxtrim.xr6.11                    2.95274
xxdut.xxtrim.xr6.21                    2.69844
xxdut.xxtrim.c8                        2.69807
t6                                         3.3
xxdut.xxtrim.xr7.11                     2.6977
xxdut.xxtrim.xr7.21                    2.19752
xxdut.vc                               2.19715
t7                                         3.3
xxdut.xxcmph.tail                     0.888219
xxdut.xxcmph.dp                         1.4782
xxdut.xxcmph.dn                        1.38341
xxdut.cmph_out                         1.42637
xxdut.xxcmpl.tail                      0.60766
xxdut.xxcmpl.dp                            3.3
xxdut.xxcmpl.dn                       0.860404
xxdut.cmpl_out                     4.20669e-09
clk                                   0.676248
xxdut.qbar                             1.36791
xxdut.mid1                             2.68544
xxdut.mid2                             3.10439
vt7#branch                                   0
vt6#branch                                   0
vt5#branch                                   0
vt4#branch                                   0
vt3#branch                                   0
vt2#branch                                   0
vt1#branch                                   0
vt0#branch                                   0
vdd#branch                        -0.000678097

 Reference value :  4.71728e-08
 Reference value :  2.36856e-07
 Reference value :  4.28069e-07
 Reference value :  6.16294e-07
 Reference value :  8.03961e-07
 Reference value :  1.07016e-06
No. of Data Rows : 6286
t_avg_start         =  1.05565e-07
t_avg_end           =  6.13367e-07
iq_run_ua           =  3.42842e+02 from=  1.05565e-07 to=  6.13447e-07
ngspice-46 done
Note: Starting dynamic gmin stepping
Note: Dynamic gmin stepping completed
Warning from checkvalid: vector xxdut.clk is not available or has zero length.
Note: Starting dynamic gmin stepping
Note: Dynamic gmin stepping completed
