====================================================================
gf180-rcosc Iq sweep grid point: rc_s_T+085C_V3p6_code0x00
process     : rc_s (fets=typical res=res_ss mimcap=mimcap_ss)
temperature : 85 C
supply      : 3.6 V
trim code   : 0x00 (0)
attempt     : 1 (tran 200p 1200n)
wall clock  : 1.6 s
exit status : 0
====================================================================

Note: No compatibility mode selected!


Circuit: ** sch_path: /home/ubuntu/loom-workspaces/gf180-rcosc/.loom/worktrees/issue-35/design/smoke_test.sch

Doing analysis at TEMP = 85.000000 and TNOM = 27.000000

Using SPARSE 1.3 as Direct Linear Solver

No. of Data Rows : 1
iq_ua = 8.001215e+02
v(xxdut.xxcmph.dp) = 1.620187e+00
v(xxdut.xxcmph.dn) = 1.512217e+00
v(xxdut.cmph_out) = 1.560613e+00
v(xxdut.xxcmpl.dp) = 3.599883e+00
v(xxdut.xxcmpl.dn) = 8.872385e-01
v(xxdut.cmpl_out) = 5.922406e-09
Doing analysis at TEMP = 85.000000 and TNOM = 27.000000

Using SPARSE 1.3 as Direct Linear Solver

Initial Transient Solution
--------------------------

Node                                   Voltage
----                                   -------
vdd                                        3.6
xxdut.xxbias.xrba.11                   3.59939
xxdut.xxbias.xrba.21                   2.40061
xxdut.vh                                   2.4
xxdut.xxbias.xrbb.11                   2.39939
xxdut.xxbias.xrbb.21                   1.20061
xxdut.vl                                   1.2
xxdut.xxbias.xrbc.11                   1.19939
xxdut.xxbias.xrbc.21               0.000607323
xxdut.xxbias.xrbias.11                 3.59939
xxdut.xxbias.xrbias.21                 1.06324
xxdut.ibias                            1.06262
xxdut.xxtrim.xrfix.11                  3.59971
xxdut.xxtrim.xrfix.21                  3.50042
xxdut.xxtrim.c1                        3.50013
xxdut.xxtrim.xr0.11                    3.49984
xxdut.xxtrim.xr0.21                    3.49552
xxdut.xxtrim.c2                        3.49522
t0                                           0
xxdut.xxtrim.xr1.11                    3.49493
xxdut.xxtrim.xr1.21                    3.48629
xxdut.xxtrim.c3                          3.486
t1                                           0
xxdut.xxtrim.xr2.11                    3.48571
xxdut.xxtrim.xr2.21                    3.46843
xxdut.xxtrim.c4                        3.46814
t2                                           0
xxdut.xxtrim.xr3.11                    3.46784
xxdut.xxtrim.xr3.21                    3.43329
xxdut.xxtrim.c5                          3.433
t3                                           0
xxdut.xxtrim.xr4.11                     3.4327
xxdut.xxtrim.xr4.21                    3.36359
xxdut.xxtrim.c6                         3.3633
t4                                           0
xxdut.xxtrim.xr5.11                      3.363
xxdut.xxtrim.xr5.21                    3.22477
xxdut.xxtrim.c7                        3.22448
t5                                           0
xxdut.xxtrim.xr6.11                    3.22419
xxdut.xxtrim.xr6.21                    2.94773
xxdut.xxtrim.c8                        2.94743
t6                                           0
xxdut.xxtrim.xr7.11                    2.94714
xxdut.xxtrim.xr7.21                    2.39422
xxdut.vc                               2.39393
t7                                           0
xxdut.xxcmph.tail                      1.02137
xxdut.xxcmph.dp                        1.62019
xxdut.xxcmph.dn                        1.51222
xxdut.cmph_out                         1.56061
xxdut.xxcmpl.tail                     0.607457
xxdut.xxcmpl.dp                        3.59988
xxdut.xxcmpl.dn                       0.887239
xxdut.cmpl_out                     5.92241e-09
clk                                    0.62415
xxdut.qbar                               1.495
xxdut.mid1                             2.84117
xxdut.mid2                             3.35581
vt7#branch                                   0
vt6#branch                                   0
vt5#branch                                   0
vt4#branch                                   0
vt3#branch                                   0
vt2#branch                                   0
vt1#branch                                   0
vt0#branch                                   0
vdd#branch                        -0.000800122

 Reference value :  7.54352e-09
 Reference value :  2.22567e-07
 Reference value :  4.37592e-07
 Reference value :  6.53190e-07
 Reference value :  8.69611e-07
 Reference value :  1.10480e-06
No. of Data Rows : 6173
t_avg_start         =  1.77551e-07
t_avg_end           =  1.04301e-06
iq_run_ua           =  3.52900e+02 from=  1.77551e-07 to=  1.04302e-06
ngspice-46 done
Note: Starting dynamic gmin stepping
Note: Dynamic gmin stepping completed
Warning from checkvalid: vector xxdut.clk is not available or has zero length.
Note: Starting dynamic gmin stepping
Note: Dynamic gmin stepping completed
