====================================================================
gf180-rcosc Iq sweep grid point: sf_T+027C_V3p3_code0x80
process     : sf (fets=sf res=res_typical mimcap=mimcap_typical)
temperature : 27 C
supply      : 3.3 V
trim code   : 0x80 (128)
attempt     : 1 (tran 200p 1200n)
wall clock  : 1.7 s
exit status : 0
====================================================================

Note: No compatibility mode selected!


Circuit: ** sch_path: /home/ubuntu/loom-workspaces/gf180-rcosc/.loom/worktrees/issue-35/design/smoke_test.sch

Doing analysis at TEMP = 27.000000 and TNOM = 27.000000

Using SPARSE 1.3 as Direct Linear Solver

No. of Data Rows : 1
iq_ua = 7.308063e+02
v(xxdut.xxcmph.dp) = 1.595150e+00
v(xxdut.xxcmph.dn) = 1.425976e+00
v(xxdut.cmph_out) = 1.548759e+00
v(xxdut.xxcmpl.dp) = 3.300000e+00
v(xxdut.xxcmpl.dn) = 8.788606e-01
v(xxdut.cmpl_out) = 4.564364e-09
Doing analysis at TEMP = 27.000000 and TNOM = 27.000000

Using SPARSE 1.3 as Direct Linear Solver

Initial Transient Solution
--------------------------

Node                                   Voltage
----                                   -------
vdd                                        3.3
xxdut.xxbias.xrba.11                   3.29907
xxdut.xxbias.xrba.21                   2.20093
xxdut.vh                                   2.2
xxdut.xxbias.xrbb.11                   2.19907
xxdut.xxbias.xrbb.21                   1.10093
xxdut.vl                                   1.1
xxdut.xxbias.xrbc.11                   1.09907
xxdut.xxbias.xrbc.21               0.000925394
xxdut.xxbias.xrbias.11                 3.29914
xxdut.xxbias.xrbias.21                 1.15548
xxdut.ibias                            1.15462
xxdut.xxtrim.xrfix.11                  3.29956
xxdut.xxtrim.xrfix.21                  3.20892
xxdut.xxtrim.c1                        3.20847
xxdut.xxtrim.xr0.11                    3.20803
xxdut.xxtrim.xr0.21                    3.20409
xxdut.xxtrim.c2                        3.20364
t0                                           0
xxdut.xxtrim.xr1.11                     3.2032
xxdut.xxtrim.xr1.21                    3.19531
xxdut.xxtrim.c3                        3.19487
t1                                           0
xxdut.xxtrim.xr2.11                    3.19442
xxdut.xxtrim.xr2.21                    3.17865
xxdut.xxtrim.c4                        3.17821
t2                                           0
xxdut.xxtrim.xr3.11                    3.17776
xxdut.xxtrim.xr3.21                    3.14622
xxdut.xxtrim.c5                        3.14577
t3                                           0
xxdut.xxtrim.xr4.11                    3.14533
xxdut.xxtrim.xr4.21                    3.08223
xxdut.xxtrim.c6                        3.08179
t4                                           0
xxdut.xxtrim.xr5.11                    3.08134
xxdut.xxtrim.xr5.21                    2.95515
xxdut.xxtrim.c7                        2.95471
t5                                           0
xxdut.xxtrim.xr6.11                    2.95427
xxdut.xxtrim.xr6.21                    2.70189
xxdut.xxtrim.c8                        2.70144
t6                                           0
xxdut.xxtrim.xr7.11                      2.701
xxdut.xxtrim.xr7.21                    2.19677
xxdut.vc                               2.19633
t7                                         3.3
xxdut.xxcmph.tail                     0.789455
xxdut.xxcmph.dp                        1.59515
xxdut.xxcmph.dn                        1.42598
xxdut.cmph_out                         1.54876
xxdut.xxcmpl.tail                     0.543984
xxdut.xxcmpl.dp                            3.3
xxdut.xxcmpl.dn                       0.878861
xxdut.cmpl_out                     4.56436e-09
clk                                   0.767085
xxdut.qbar                              1.4845
xxdut.mid1                              2.6718
xxdut.mid2                             3.11252
vt7#branch                                   0
vt6#branch                                   0
vt5#branch                                   0
vt4#branch                                   0
vt3#branch                                   0
vt2#branch                                   0
vt1#branch                                   0
vt0#branch                                   0
vdd#branch                        -0.000730806

 Reference value :  1.92425e-08
 Reference value :  2.02271e-07
 Reference value :  3.91957e-07
 Reference value :  5.81001e-07
 Reference value :  7.85197e-07
 Reference value :  1.05532e-06
No. of Data Rows : 6344
t_avg_start         =  1.20633e-07
t_avg_end           =  6.62698e-07
iq_run_ua           =  3.55208e+02 from=  1.20633e-07 to=  6.62728e-07
ngspice-46 done
Note: Starting dynamic gmin stepping
Note: Dynamic gmin stepping completed
Warning from checkvalid: vector xxdut.clk is not available or has zero length.
Note: Starting dynamic gmin stepping
Note: Dynamic gmin stepping completed
