====================================================================
gf180-rcosc Iq sweep grid point: sf_T+027C_V3p3_code0x00
process     : sf (fets=sf res=res_typical mimcap=mimcap_typical)
temperature : 27 C
supply      : 3.3 V
trim code   : 0x00 (0)
attempt     : 1 (tran 200p 1200n)
wall clock  : 1.5 s
exit status : 0
====================================================================

Note: No compatibility mode selected!


Circuit: ** sch_path: /home/ubuntu/loom-workspaces/gf180-rcosc/.loom/worktrees/issue-35/design/smoke_test.sch

Doing analysis at TEMP = 27.000000 and TNOM = 27.000000

Using SPARSE 1.3 as Direct Linear Solver

No. of Data Rows : 1
iq_ua = 7.308019e+02
v(xxdut.xxcmph.dp) = 1.595150e+00
v(xxdut.xxcmph.dn) = 1.425976e+00
v(xxdut.cmph_out) = 1.548764e+00
v(xxdut.xxcmpl.dp) = 3.300000e+00
v(xxdut.xxcmpl.dn) = 8.788606e-01
v(xxdut.cmpl_out) = 4.564364e-09
Doing analysis at TEMP = 27.000000 and TNOM = 27.000000

Using SPARSE 1.3 as Direct Linear Solver

Initial Transient Solution
--------------------------

Node                                   Voltage
----                                   -------
vdd                                        3.3
xxdut.xxbias.xrba.11                   3.29907
xxdut.xxbias.xrba.21                   2.20093
xxdut.vh                                   2.2
xxdut.xxbias.xrbb.11                   2.19907
xxdut.xxbias.xrbb.21                   1.10093
xxdut.vl                                   1.1
xxdut.xxbias.xrbc.11                   1.09907
xxdut.xxbias.xrbc.21               0.000925394
xxdut.xxbias.xrbias.11                 3.29914
xxdut.xxbias.xrbias.21                 1.15548
xxdut.ibias                            1.15462
xxdut.xxtrim.xrfix.11                  3.29956
xxdut.xxtrim.xrfix.21                  3.20896
xxdut.xxtrim.c1                        3.20852
xxdut.xxtrim.xr0.11                    3.20807
xxdut.xxtrim.xr0.21                    3.20413
xxdut.xxtrim.c2                        3.20369
t0                                           0
xxdut.xxtrim.xr1.11                    3.20325
xxdut.xxtrim.xr1.21                    3.19536
xxdut.xxtrim.c3                        3.19492
t1                                           0
xxdut.xxtrim.xr2.11                    3.19447
xxdut.xxtrim.xr2.21                    3.17871
xxdut.xxtrim.c4                        3.17827
t2                                           0
xxdut.xxtrim.xr3.11                    3.17782
xxdut.xxtrim.xr3.21                    3.14629
xxdut.xxtrim.c5                        3.14585
t3                                           0
xxdut.xxtrim.xr4.11                     3.1454
xxdut.xxtrim.xr4.21                    3.08234
xxdut.xxtrim.c6                        3.08189
t4                                           0
xxdut.xxtrim.xr5.11                    3.08145
xxdut.xxtrim.xr5.21                    2.95532
xxdut.xxtrim.c7                        2.95488
t5                                           0
xxdut.xxtrim.xr6.11                    2.95443
xxdut.xxtrim.xr6.21                    2.70218
xxdut.xxtrim.c8                        2.70173
t6                                           0
xxdut.xxtrim.xr7.11                    2.70129
xxdut.xxtrim.xr7.21                    2.19677
xxdut.vc                               2.19633
t7                                           0
xxdut.xxcmph.tail                     0.789455
xxdut.xxcmph.dp                        1.59515
xxdut.xxcmph.dn                        1.42598
xxdut.cmph_out                         1.54876
xxdut.xxcmpl.tail                     0.543984
xxdut.xxcmpl.dp                            3.3
xxdut.xxcmpl.dn                       0.878861
xxdut.cmpl_out                     4.56436e-09
clk                                   0.767058
xxdut.qbar                              1.4845
xxdut.mid1                             2.67178
xxdut.mid2                             3.11252
vt7#branch                                   0
vt6#branch                                   0
vt5#branch                                   0
vt4#branch                                   0
vt3#branch                                   0
vt2#branch                                   0
vt1#branch                                   0
vt0#branch                                   0
vdd#branch                        -0.000730802

 Reference value :  8.44361e-08
 Reference value :  3.83054e-07
 Reference value :  5.87390e-07
 Reference value :  7.91257e-07
 Reference value :  9.93539e-07
No. of Data Rows : 6238
t_avg_start         =  1.49623e-07
t_avg_end           =  8.78111e-07
iq_run_ua           =  3.28493e+02 from=  1.49623e-07 to=  8.78217e-07
ngspice-46 done
Note: Starting dynamic gmin stepping
Note: Dynamic gmin stepping completed
Warning from checkvalid: vector xxdut.clk is not available or has zero length.
Note: Starting dynamic gmin stepping
Note: Dynamic gmin stepping completed
