====================================================================
gf180-rcosc Iq sweep grid point: sf_T+027C_V3p6_code0xFF
process     : sf (fets=sf res=res_typical mimcap=mimcap_typical)
temperature : 27 C
supply      : 3.6 V
trim code   : 0xFF (255)
attempt     : 1 (tran 200p 1200n)
wall clock  : 2.0 s
exit status : 0
====================================================================

Note: No compatibility mode selected!


Circuit: ** sch_path: /home/ubuntu/loom-workspaces/gf180-rcosc/.loom/worktrees/issue-35/design/smoke_test.sch

Doing analysis at TEMP = 27.000000 and TNOM = 27.000000

Using SPARSE 1.3 as Direct Linear Solver

No. of Data Rows : 1
iq_ua = 8.803669e+02
v(xxdut.xxcmph.dp) = 1.737807e+00
v(xxdut.xxcmph.dn) = 1.643391e+00
v(xxdut.cmph_out) = 1.686497e+00
v(xxdut.xxcmpl.dp) = 3.600000e+00
v(xxdut.xxcmpl.dn) = 1.051026e+00
v(xxdut.cmpl_out) = 5.369053e-09
Doing analysis at TEMP = 27.000000 and TNOM = 27.000000

Using SPARSE 1.3 as Direct Linear Solver

Initial Transient Solution
--------------------------

Node                                   Voltage
----                                   -------
vdd                                        3.6
xxdut.xxbias.xrba.11                   3.59899
xxdut.xxbias.xrba.21                   2.40101
xxdut.vh                                   2.4
xxdut.xxbias.xrbb.11                   2.39899
xxdut.xxbias.xrbb.21                   1.20101
xxdut.vl                                   1.2
xxdut.xxbias.xrbc.11                   1.19899
xxdut.xxbias.xrbc.21                0.00100952
xxdut.xxbias.xrbias.11                 3.59903
xxdut.xxbias.xrbias.21                 1.18288
xxdut.ibias                            1.18192
xxdut.xxtrim.xrfix.11                  3.59952
xxdut.xxtrim.xrfix.21                  3.50058
xxdut.xxtrim.c1                        3.50009
xxdut.xxtrim.xr0.11                    3.49961
xxdut.xxtrim.xr0.21                     3.4953
xxdut.xxtrim.c2                        3.49482
t0                                         3.6
xxdut.xxtrim.xr1.11                    3.49434
xxdut.xxtrim.xr1.21                    3.48573
xxdut.xxtrim.c3                        3.48524
t1                                         3.6
xxdut.xxtrim.xr2.11                    3.48476
xxdut.xxtrim.xr2.21                    3.46754
xxdut.xxtrim.c4                        3.46705
t2                                         3.6
xxdut.xxtrim.xr3.11                    3.46657
xxdut.xxtrim.xr3.21                    3.43213
xxdut.xxtrim.c5                        3.43165
t3                                         3.6
xxdut.xxtrim.xr4.11                    3.43116
xxdut.xxtrim.xr4.21                    3.36229
xxdut.xxtrim.c6                        3.36181
t4                                         3.6
xxdut.xxtrim.xr5.11                    3.36132
xxdut.xxtrim.xr5.21                    3.22358
xxdut.xxtrim.c7                        3.22309
t5                                         3.6
xxdut.xxtrim.xr6.11                    3.22261
xxdut.xxtrim.xr6.21                    2.94712
xxdut.xxtrim.c8                        2.94664
t6                                         3.6
xxdut.xxtrim.xr7.11                    2.94615
xxdut.xxtrim.xr7.21                    2.39843
xxdut.vc                               2.39795
t7                                         3.6
xxdut.xxcmph.tail                     0.927142
xxdut.xxcmph.dp                        1.73781
xxdut.xxcmph.dn                        1.64339
xxdut.cmph_out                          1.6865
xxdut.xxcmpl.tail                     0.673368
xxdut.xxcmpl.dp                            3.6
xxdut.xxcmpl.dn                        1.05103
xxdut.cmpl_out                     5.36905e-09
clk                                    0.77085
xxdut.qbar                             1.60513
xxdut.mid1                              2.8673
xxdut.mid2                             3.37396
vt7#branch                                   0
vt6#branch                                   0
vt5#branch                                   0
vt4#branch                                   0
vt3#branch                                   0
vt2#branch                                   0
vt1#branch                                   0
vt0#branch                                   0
vdd#branch                        -0.000880367

 Reference value :  2.94154e-08
 Reference value :  1.94526e-07
 Reference value :  3.52553e-07
 Reference value :  5.14113e-07
 Reference value :  6.78255e-07
 Reference value :  8.68073e-07
 Reference value :  1.04036e-06
No. of Data Rows : 6504
t_avg_start         =  7.46109e-08
t_avg_end           =  4.21435e-07
iq_run_ua           =  4.95221e+02 from=  7.46109e-08 to=  4.21452e-07
ngspice-46 done
Note: Starting dynamic gmin stepping
Note: Dynamic gmin stepping completed
Warning from checkvalid: vector xxdut.clk is not available or has zero length.
Note: Starting dynamic gmin stepping
Note: Dynamic gmin stepping completed
