====================================================================
gf180-rcosc Iq sweep grid point: sf_T-040C_V3p3_code0x80
process     : sf (fets=sf res=res_typical mimcap=mimcap_typical)
temperature : -40 C
supply      : 3.3 V
trim code   : 0x80 (128)
attempt     : 1 (tran 200p 1200n)
wall clock  : 14.3 s
exit status : 0
====================================================================

Note: No compatibility mode selected!


Circuit: ** sch_path: /home/ubuntu/loom-workspaces/gf180-rcosc/.loom/worktrees/issue-35/design/smoke_test.sch

Doing analysis at TEMP = -40.000000 and TNOM = 27.000000

Using SPARSE 1.3 as Direct Linear Solver
 Reference value :  0.00000e+00
No. of Data Rows : 1
iq_ua = 2.757089e+02
v(xxdut.xxcmph.dp) = 3.342646e+00
v(xxdut.xxcmph.dn) = 1.108688e+00
v(xxdut.cmph_out) = -2.77623e-03
v(xxdut.xxcmpl.dp) = 1.822621e+00
v(xxdut.xxcmpl.dn) = 2.476232e+00
v(xxdut.cmpl_out) = 9.860762e-02
Doing analysis at TEMP = -40.000000 and TNOM = 27.000000

Using SPARSE 1.3 as Direct Linear Solver

Initial Transient Solution
--------------------------

Node                                   Voltage
----                                   -------
vdd                                        3.3
xxdut.xxbias.xrba.11                   3.29852
xxdut.xxbias.xrba.21                   2.20676
xxdut.vh                               2.20529
xxdut.xxbias.xrbb.11                    2.2038
xxdut.xxbias.xrbb.21                   1.10486
xxdut.vl                               1.10338
xxdut.xxbias.xrbc.11                   1.10189
xxdut.xxbias.xrbc.21                 0.0014867
xxdut.xxbias.xrbias.11                 3.29862
xxdut.xxbias.xrbias.21                 1.15377
xxdut.ibias                            1.15239
xxdut.xxtrim.xrfix.11                  3.29926
xxdut.xxtrim.xrfix.21                  3.20547
xxdut.xxtrim.c1                        3.20473
xxdut.xxtrim.xr0.11                      3.204
xxdut.xxtrim.xr0.21                    3.19991
xxdut.xxtrim.c2                        3.19917
t0                                           0
xxdut.xxtrim.xr1.11                    3.19843
xxdut.xxtrim.xr1.21                    3.19025
xxdut.xxtrim.c3                        3.18951
t1                                           0
xxdut.xxtrim.xr2.11                    3.18877
xxdut.xxtrim.xr2.21                    3.17237
xxdut.xxtrim.c4                        3.17163
t2                                           0
xxdut.xxtrim.xr3.11                    3.17089
xxdut.xxtrim.xr3.21                    3.13804
xxdut.xxtrim.c5                        3.13729
t3                                           0
xxdut.xxtrim.xr4.11                    3.13655
xxdut.xxtrim.xr4.21                    3.07072
xxdut.xxtrim.c6                        3.06998
t4                                           0
xxdut.xxtrim.xr5.11                    3.06924
xxdut.xxtrim.xr5.21                    2.93759
xxdut.xxtrim.c7                        2.93684
t5                                           0
xxdut.xxtrim.xr6.11                    2.93612
xxdut.xxtrim.xr6.21                     2.6783
xxdut.xxtrim.c8                        2.67757
t6                                           0
xxdut.xxtrim.xr7.11                    2.67689
xxdut.xxtrim.xr7.21                    2.19506
xxdut.vc                               2.19438
t7                                         3.3
xxdut.xxcmph.tail                     0.800443
xxdut.xxcmph.dp                        2.68484
xxdut.xxcmph.dn                        1.52014
xxdut.cmph_out                      0.00561579
xxdut.xxcmpl.tail                     0.649724
xxdut.xxcmpl.dp                        3.30445
xxdut.xxcmpl.dn                        1.07416
xxdut.cmpl_out                       -0.016609
clk                                  0.0118181
xxdut.qbar                             3.30373
xxdut.mid1                             3.31081
xxdut.mid2                             3.30621
vt7#branch                         1.35107e-05
vt6#branch                        -2.94517e-08
vt5#branch                          1.0012e-08
vt4#branch                        -1.65797e-09
vt3#branch                        -2.80626e-09
vt2#branch                        -2.84777e-09
vt1#branch                        -2.77694e-09
vt0#branch                         -2.8054e-09
vdd#branch                        -0.000337639

 Reference value :  0.00000e+00
 Reference value :  1.77939e-07
 Reference value :  3.60323e-07
 Reference value :  6.10311e-07
 Reference value :  8.88145e-07
 Reference value :  1.17898e-06
No. of Data Rows : 6273
t_avg_start         =  1.18235e-07
t_avg_end           =  6.97089e-07
iq_run_ua           =  3.33518e+02 from=  1.18235e-07 to=  6.97169e-07
ngspice-46 done
Note: Starting dynamic gmin stepping
Warning: Dynamic gmin stepping failed
Note: Starting true gmin stepping
Warning: True gmin stepping failed
Note: Starting source stepping
Warning: source stepping failed
Note: Transient op started
Note: Transient op finished successfully
Warning from checkvalid: vector xxdut.clk is not available or has zero length.
Note: Starting dynamic gmin stepping
Warning: Dynamic gmin stepping failed
Note: Starting true gmin stepping
Warning: True gmin stepping failed
Note: Starting source stepping
Warning: singular matrix:  check node xxdut.vl

Warning: source stepping failed
Note: Transient op started
Note: Transient op finished successfully
