====================================================================
gf180-rcosc Iq sweep grid point: sf_T-040C_V3p0_code0x80
process     : sf (fets=sf res=res_typical mimcap=mimcap_typical)
temperature : -40 C
supply      : 3 V
trim code   : 0x80 (128)
attempt     : 1 (tran 200p 1200n)
wall clock  : 1.8 s
exit status : 0
====================================================================

Note: No compatibility mode selected!


Circuit: ** sch_path: /home/ubuntu/loom-workspaces/gf180-rcosc/.loom/worktrees/issue-35/design/smoke_test.sch

Doing analysis at TEMP = -40.000000 and TNOM = 27.000000

Using SPARSE 1.3 as Direct Linear Solver

No. of Data Rows : 1
iq_ua = 5.908151e+02
v(xxdut.xxcmph.dp) = 1.451495e+00
v(xxdut.xxcmph.dn) = 1.319045e+00
v(xxdut.cmph_out) = 1.412630e+00
v(xxdut.xxcmpl.dp) = 3.000000e+00
v(xxdut.xxcmpl.dn) = 8.937086e-01
v(xxdut.cmpl_out) = 3.245133e-09
Doing analysis at TEMP = -40.000000 and TNOM = 27.000000

Using SPARSE 1.3 as Direct Linear Solver

Initial Transient Solution
--------------------------

Node                                   Voltage
----                                   -------
vdd                                          3
xxdut.xxbias.xrba.11                   2.99865
xxdut.xxbias.xrba.21                   2.00135
xxdut.vh                                     2
xxdut.xxbias.xrbb.11                   1.99865
xxdut.xxbias.xrbb.21                   1.00135
xxdut.vl                                     1
xxdut.xxbias.xrbc.11                  0.998653
xxdut.xxbias.xrbc.21                 0.0013474
xxdut.xxbias.xrbias.11                  2.9988
xxdut.xxbias.xrbias.21                 1.12891
xxdut.ibias                            1.12771
xxdut.xxtrim.xrfix.11                  2.99936
xxdut.xxtrim.xrfix.21                  2.91747
xxdut.xxtrim.c1                        2.91682
xxdut.xxtrim.xr0.11                    2.91618
xxdut.xxtrim.xr0.21                    2.91262
xxdut.xxtrim.c2                        2.91198
t0                                           0
xxdut.xxtrim.xr1.11                    2.91133
xxdut.xxtrim.xr1.21                    2.90421
xxdut.xxtrim.c3                        2.90356
t1                                           0
xxdut.xxtrim.xr2.11                    2.90292
xxdut.xxtrim.xr2.21                    2.88867
xxdut.xxtrim.c4                        2.88803
t2                                           0
xxdut.xxtrim.xr3.11                    2.88738
xxdut.xxtrim.xr3.21                    2.85888
xxdut.xxtrim.c5                        2.85824
t3                                           0
xxdut.xxtrim.xr4.11                    2.85759
xxdut.xxtrim.xr4.21                    2.80059
xxdut.xxtrim.c6                        2.79995
t4                                           0
xxdut.xxtrim.xr5.11                     2.7993
xxdut.xxtrim.xr5.21                    2.68529
xxdut.xxtrim.c7                        2.68465
t5                                           0
xxdut.xxtrim.xr6.11                    2.68401
xxdut.xxtrim.xr6.21                    2.45599
xxdut.xxtrim.c8                        2.45535
t6                                           0
xxdut.xxtrim.xr7.11                     2.4547
xxdut.xxtrim.xr7.21                    1.99867
xxdut.vc                               1.99803
t7                                           3
xxdut.xxcmph.tail                     0.658298
xxdut.xxcmph.dp                        1.45149
xxdut.xxcmph.dn                        1.31905
xxdut.cmph_out                         1.41263
xxdut.xxcmpl.tail                      0.52521
xxdut.xxcmpl.dp                              3
xxdut.xxcmpl.dn                       0.893709
xxdut.cmpl_out                     3.24513e-09
clk                                   0.828185
xxdut.qbar                             1.37203
xxdut.mid1                             2.52364
xxdut.mid2                             2.86608
vt7#branch                                   0
vt6#branch                                   0
vt5#branch                                   0
vt4#branch                                   0
vt3#branch                                   0
vt2#branch                                   0
vt1#branch                                   0
vt0#branch                                   0
vdd#branch                        -0.000590815

 Reference value :  3.84314e-08
 Reference value :  2.26183e-07
 Reference value :  4.14849e-07
 Reference value :  6.08202e-07
 Reference value :  8.01610e-07
 Reference value :  9.90743e-07
No. of Data Rows : 6234
t_avg_start         =  1.32730e-07
t_avg_end           =  7.57902e-07
iq_run_ua           =  2.83106e+02 from=  1.32730e-07 to=  7.57918e-07
ngspice-46 done
Note: Starting dynamic gmin stepping
Note: Dynamic gmin stepping completed
Warning from checkvalid: vector xxdut.clk is not available or has zero length.
Note: Starting dynamic gmin stepping
Note: Dynamic gmin stepping completed
