====================================================================
gf180-rcosc Iq sweep grid point: sf_T-040C_V3p3_code0xFF
process     : sf (fets=sf res=res_typical mimcap=mimcap_typical)
temperature : -40 C
supply      : 3.3 V
trim code   : 0xFF (255)
attempt     : 1 (tran 200p 1200n)
wall clock  : 19.7 s
exit status : 0
====================================================================

Note: No compatibility mode selected!


Circuit: ** sch_path: /home/ubuntu/loom-workspaces/gf180-rcosc/.loom/worktrees/issue-35/design/smoke_test.sch

Doing analysis at TEMP = -40.000000 and TNOM = 27.000000

Using SPARSE 1.3 as Direct Linear Solver
 Reference value :  0.00000e+00
No. of Data Rows : 1
iq_ua = 4.156879e+02
v(xxdut.xxcmph.dp) = 3.171576e+00
v(xxdut.xxcmph.dn) = 1.228259e+00
v(xxdut.cmph_out) = 5.953241e-04
v(xxdut.xxcmpl.dp) = 3.301389e+00
v(xxdut.xxcmpl.dn) = 1.076016e+00
v(xxdut.cmpl_out) = 7.744767e-03
Doing analysis at TEMP = -40.000000 and TNOM = 27.000000

Using SPARSE 1.3 as Direct Linear Solver

Initial Transient Solution
--------------------------

Node                                   Voltage
----                                   -------
vdd                                        3.3
xxdut.xxbias.xrba.11                   3.29848
xxdut.xxbias.xrba.21                   2.17599
xxdut.vh                               2.17447
xxdut.xxbias.xrbb.11                   2.17299
xxdut.xxbias.xrbb.21                   1.07404
xxdut.vl                               1.07255
xxdut.xxbias.xrbc.11                   1.07111
xxdut.xxbias.xrbc.21                0.00144516
xxdut.xxbias.xrbias.11                 3.29861
xxdut.xxbias.xrbias.21                 1.13041
xxdut.ibias                            1.12901
xxdut.xxtrim.xrfix.11                  3.28669
xxdut.xxtrim.xrfix.21                   1.5918
xxdut.xxtrim.c1                        1.57849
xxdut.xxtrim.xr0.11                    1.56822
xxdut.xxtrim.xr0.21                    1.51135
xxdut.xxtrim.c2                        1.50108
t0                                         3.3
xxdut.xxtrim.xr1.11                    1.49231
xxdut.xxtrim.xr1.21                    1.39513
xxdut.xxtrim.c3                        1.38636
t1                                         3.3
xxdut.xxtrim.xr2.11                    1.37998
xxdut.xxtrim.xr2.21                    1.23868
xxdut.xxtrim.c4                         1.2323
t2                                         3.3
xxdut.xxtrim.xr3.11                    1.22834
xxdut.xxtrim.xr3.21                    1.05277
xxdut.xxtrim.c5                        1.04881
t3                                         3.3
xxdut.xxtrim.xr4.11                    1.04658
xxdut.xxtrim.xr4.21                   0.849287
xxdut.xxtrim.c6                        0.84706
t4                                         3.3
xxdut.xxtrim.xr5.11                   0.845856
xxdut.xxtrim.xr5.21                   0.632409
xxdut.xxtrim.c7                       0.631205
t5                                         3.3
xxdut.xxtrim.xr6.11                   0.630552
xxdut.xxtrim.xr6.21                   0.399062
xxdut.xxtrim.c8                       0.398409
t6                                         3.3
xxdut.xxtrim.xr7.11                   0.398046
xxdut.xxtrim.xr7.21                   0.140914
xxdut.vc                              0.140551
t7                                         3.3
xxdut.xxcmph.tail                      0.67556
xxdut.xxcmph.dp                        3.14536
xxdut.xxcmph.dn                        1.28522
xxdut.cmph_out                      0.00277273
xxdut.xxcmpl.tail                    0.0488857
xxdut.xxcmpl.dp                        3.16865
xxdut.xxcmpl.dn                        1.86646
xxdut.cmpl_out                      -0.0192678
clk                                    2.55138
xxdut.qbar                            0.117859
xxdut.mid1                             3.31021
xxdut.mid2                             2.96074
vt7#branch                        -1.55028e-05
vt6#branch                        -1.48292e-05
vt5#branch                        -1.23554e-05
vt4#branch                        -1.02894e-05
vt3#branch                        -8.81745e-06
vt2#branch                        -5.51475e-06
vt1#branch                        -5.19014e-06
vt0#branch                        -3.75411e-06
vdd#branch                         -0.00067042

 Reference value :  0.00000e+00
 Reference value :  1.65554e-07
 Reference value :  3.30829e-07
 Reference value :  4.97116e-07
 Reference value :  7.04390e-07
 Reference value :  8.70052e-07
 Reference value :  1.04790e-06
No. of Data Rows : 6512
t_avg_start         =  1.00173e-07
t_avg_end           =  5.02964e-07
iq_run_ua           =  4.08236e+02 from=  1.00173e-07 to=  5.03023e-07
ngspice-46 done
Note: Starting dynamic gmin stepping
Warning: Dynamic gmin stepping failed
Note: Starting true gmin stepping
Warning: True gmin stepping failed
Note: Starting source stepping
Warning: source stepping failed
Note: Transient op started
Note: Transient op finished successfully
Warning from checkvalid: vector xxdut.clk is not available or has zero length.
Note: Starting dynamic gmin stepping
Warning: Dynamic gmin stepping failed
Note: Starting true gmin stepping
Warning: True gmin stepping failed
Note: Starting source stepping
Warning: singular matrix:  check node xxdut.vl

Warning: source stepping failed
Note: Transient op started
Note: Transient op finished successfully
