====================================================================
gf180-rcosc Iq sweep grid point: sf_T+085C_V3p0_code0x80
process     : sf (fets=sf res=res_typical mimcap=mimcap_typical)
temperature : 85 C
supply      : 3 V
trim code   : 0x80 (128)
attempt     : 1 (tran 200p 1200n)
wall clock  : 1.7 s
exit status : 0
====================================================================

Note: No compatibility mode selected!


Circuit: ** sch_path: /home/ubuntu/loom-workspaces/gf180-rcosc/.loom/worktrees/issue-35/design/smoke_test.sch

Doing analysis at TEMP = 85.000000 and TNOM = 27.000000

Using SPARSE 1.3 as Direct Linear Solver

No. of Data Rows : 1
iq_ua = 5.861284e+02
v(xxdut.xxcmph.dp) = 1.459714e+00
v(xxdut.xxcmph.dn) = 1.130859e+00
v(xxdut.cmph_out) = 1.416794e+00
v(xxdut.xxcmpl.dp) = 2.999437e+00
v(xxdut.xxcmpl.dn) = 6.213306e-01
v(xxdut.cmpl_out) = 6.638627e-09
Doing analysis at TEMP = 85.000000 and TNOM = 27.000000

Using SPARSE 1.3 as Direct Linear Solver

Initial Transient Solution
--------------------------

Node                                   Voltage
----                                   -------
vdd                                          3
xxdut.xxbias.xrba.11                   2.99939
xxdut.xxbias.xrba.21                   2.00061
xxdut.vh                                     2
xxdut.xxbias.xrbb.11                   1.99939
xxdut.xxbias.xrbb.21                   1.00061
xxdut.vl                                     1
xxdut.xxbias.xrbc.11                  0.999393
xxdut.xxbias.xrbc.21                 0.0006072
xxdut.xxbias.xrbias.11                 2.99946
xxdut.xxbias.xrbias.21                  1.1247
xxdut.ibias                            1.12415
xxdut.xxtrim.xrfix.11                  2.99971
xxdut.xxtrim.xrfix.21                  2.91643
xxdut.xxtrim.c1                        2.91614
xxdut.xxtrim.xr0.11                    2.91585
xxdut.xxtrim.xr0.21                    2.91222
xxdut.xxtrim.c2                        2.91193
t0                                           0
xxdut.xxtrim.xr1.11                    2.91163
xxdut.xxtrim.xr1.21                    2.90439
xxdut.xxtrim.c3                        2.90409
t1                                           0
xxdut.xxtrim.xr2.11                     2.9038
xxdut.xxtrim.xr2.21                    2.88931
xxdut.xxtrim.c4                        2.88901
t2                                           0
xxdut.xxtrim.xr3.11                    2.88872
xxdut.xxtrim.xr3.21                    2.85974
xxdut.xxtrim.c5                        2.85944
t3                                           0
xxdut.xxtrim.xr4.11                    2.85915
xxdut.xxtrim.xr4.21                    2.80118
xxdut.xxtrim.c6                        2.80089
t4                                           0
xxdut.xxtrim.xr5.11                    2.80059
xxdut.xxtrim.xr5.21                    2.68466
xxdut.xxtrim.c7                        2.68436
t5                                           0
xxdut.xxtrim.xr6.11                    2.68407
xxdut.xxtrim.xr6.21                     2.4522
xxdut.xxtrim.c8                        2.45191
t6                                           0
xxdut.xxtrim.xr7.11                    2.45161
xxdut.xxtrim.xr7.21                    1.98894
xxdut.vc                               1.98864
t7                                           3
xxdut.xxcmph.tail                     0.648295
xxdut.xxcmph.dp                        1.45971
xxdut.xxcmph.dn                        1.13086
xxdut.cmph_out                         1.41679
xxdut.xxcmpl.tail                      0.33539
xxdut.xxcmpl.dp                        2.99944
xxdut.xxcmpl.dn                       0.621331
xxdut.cmpl_out                     6.63863e-09
clk                                   0.708526
xxdut.qbar                             1.36422
xxdut.mid1                             2.43295
xxdut.mid2                             2.83705
vt7#branch                                   0
vt6#branch                                   0
vt5#branch                                   0
vt4#branch                                   0
vt3#branch                                   0
vt2#branch                                   0
vt1#branch                                   0
vt0#branch                                   0
vdd#branch                        -0.000586128

 Reference value :  8.55598e-08
 Reference value :  2.77178e-07
 Reference value :  4.66757e-07
 Reference value :  6.57522e-07
 Reference value :  8.49184e-07
 Reference value :  1.04267e-06
No. of Data Rows : 6279
t_avg_start         =  1.14796e-07
t_avg_end           =  6.63323e-07
iq_run_ua           =  3.10797e+02 from=  1.14796e-07 to=  6.63422e-07
ngspice-46 done
Note: Starting dynamic gmin stepping
Note: Dynamic gmin stepping completed
Warning from checkvalid: vector xxdut.clk is not available or has zero length.
Note: Starting dynamic gmin stepping
Note: Dynamic gmin stepping completed
