====================================================================
gf180-rcosc Iq sweep grid point: sf_T-040C_V3p0_code0xFF
process     : sf (fets=sf res=res_typical mimcap=mimcap_typical)
temperature : -40 C
supply      : 3 V
trim code   : 0xFF (255)
attempt     : 1 (tran 200p 1200n)
wall clock  : 15.7 s
exit status : 0
====================================================================

Note: No compatibility mode selected!


Circuit: ** sch_path: /home/ubuntu/loom-workspaces/gf180-rcosc/.loom/worktrees/issue-35/design/smoke_test.sch

Doing analysis at TEMP = -40.000000 and TNOM = 27.000000

Using SPARSE 1.3 as Direct Linear Solver
 Reference value :  0.00000e+00
No. of Data Rows : 1
iq_ua = 3.240010e+02
v(xxdut.xxcmph.dp) = 2.972233e+00
v(xxdut.xxcmph.dn) = 9.081734e-01
v(xxdut.cmph_out) = -6.09039e-04
v(xxdut.xxcmpl.dp) = 2.993862e+00
v(xxdut.xxcmpl.dn) = 9.079991e-01
v(xxdut.cmpl_out) = 6.537524e-02
Doing analysis at TEMP = -40.000000 and TNOM = 27.000000

Using SPARSE 1.3 as Direct Linear Solver

Initial Transient Solution
--------------------------

Node                                   Voltage
----                                   -------
vdd                                          3
xxdut.xxbias.xrba.11                   2.99866
xxdut.xxbias.xrba.21                   2.00592
xxdut.vh                               2.00458
xxdut.xxbias.xrbb.11                   2.00323
xxdut.xxbias.xrbb.21                   1.00434
xxdut.vl                               1.00299
xxdut.xxbias.xrbc.11                   1.00164
xxdut.xxbias.xrbc.21                0.00135143
xxdut.xxbias.xrbias.11                  2.9988
xxdut.xxbias.xrbias.21                 1.13029
xxdut.ibias                            1.12909
xxdut.xxtrim.xrfix.11                  2.99924
xxdut.xxtrim.xrfix.21                  2.90241
xxdut.xxtrim.c1                        2.90165
xxdut.xxtrim.xr0.11                    2.90083
xxdut.xxtrim.xr0.21                    2.89629
xxdut.xxtrim.c2                        2.89547
t0                                           3
xxdut.xxtrim.xr1.11                    2.89474
xxdut.xxtrim.xr1.21                    2.88663
xxdut.xxtrim.c3                         2.8859
t1                                           3
xxdut.xxtrim.xr2.11                    2.88511
xxdut.xxtrim.xr2.21                    2.86762
xxdut.xxtrim.c4                        2.86683
t2                                           3
xxdut.xxtrim.xr3.11                    2.86609
xxdut.xxtrim.xr3.21                    2.83338
xxdut.xxtrim.c5                        2.83264
t3                                           3
xxdut.xxtrim.xr4.11                    2.83188
xxdut.xxtrim.xr4.21                    2.76499
xxdut.xxtrim.c6                        2.76424
t4                                           3
xxdut.xxtrim.xr5.11                     2.7635
xxdut.xxtrim.xr5.21                    2.63157
xxdut.xxtrim.c7                        2.63083
t5                                           3
xxdut.xxtrim.xr6.11                    2.63009
xxdut.xxtrim.xr6.21                    2.37064
xxdut.xxtrim.c8                        2.36991
t6                                           3
xxdut.xxtrim.xr7.11                    2.36921
xxdut.xxtrim.xr7.21                    1.87331
xxdut.vc                               1.87261
t7                                           3
xxdut.xxcmph.tail                     0.614961
xxdut.xxcmph.dp                        2.76361
xxdut.xxcmph.dn                        1.14055
xxdut.cmph_out                      0.00281453
xxdut.xxcmpl.tail                     0.434542
xxdut.xxcmpl.dp                        3.00337
xxdut.xxcmpl.dn                        0.88998
xxdut.cmpl_out                        0.020463
clk                                0.000406216
xxdut.qbar                             2.99616
xxdut.mid1                             3.00778
xxdut.mid2                             2.99519
vt7#branch                         1.98804e-06
vt6#branch                         1.77321e-05
vt5#branch                         3.24827e-05
vt4#branch                        -1.60086e-05
vt3#branch                          1.9687e-05
vt2#branch                        -1.09456e-05
vt1#branch                         1.71666e-05
vt0#branch                         6.00084e-06
vdd#branch                        -0.000251411

 Reference value :  0.00000e+00
 Reference value :  1.75841e-07
 Reference value :  3.49129e-07
 Reference value :  5.26127e-07
 Reference value :  7.08565e-07
 Reference value :  8.92265e-07
 Reference value :  1.07429e-06
No. of Data Rows : 6362
t_avg_start         =  9.91425e-08
t_avg_end           =  5.64422e-07
iq_run_ua           =  3.49741e+02 from=  9.91425e-08 to=  5.64549e-07
ngspice-46 done
Note: Starting dynamic gmin stepping
Warning: Dynamic gmin stepping failed
Note: Starting true gmin stepping
Warning: True gmin stepping failed
Note: Starting source stepping
Warning: source stepping failed
Note: Transient op started
Note: Transient op finished successfully
Warning from checkvalid: vector xxdut.clk is not available or has zero length.
Note: Starting dynamic gmin stepping
Warning: Dynamic gmin stepping failed
Note: Starting true gmin stepping
Warning: True gmin stepping failed
Note: Starting source stepping
Warning: singular matrix:  check node xxdut.vl

Warning: source stepping failed
Note: Transient op started
Note: Transient op finished successfully
