====================================================================
gf180-rcosc Iq sweep grid point: sf_T+085C_V3p6_code0x80
process     : sf (fets=sf res=res_typical mimcap=mimcap_typical)
temperature : 85 C
supply      : 3.6 V
trim code   : 0x80 (128)
attempt     : 1 (tran 200p 1200n)
wall clock  : 1.9 s
exit status : 0
====================================================================

Note: No compatibility mode selected!


Circuit: ** sch_path: /home/ubuntu/loom-workspaces/gf180-rcosc/.loom/worktrees/issue-35/design/smoke_test.sch

Doing analysis at TEMP = 85.000000 and TNOM = 27.000000

Using SPARSE 1.3 as Direct Linear Solver

No. of Data Rows : 1
iq_ua = 8.613831e+02
v(xxdut.xxcmph.dp) = 1.745261e+00
v(xxdut.xxcmph.dn) = 1.542511e+00
v(xxdut.cmph_out) = 1.692682e+00
v(xxdut.xxcmpl.dp) = 3.599875e+00
v(xxdut.xxcmpl.dn) = 8.906842e-01
v(xxdut.cmpl_out) = 7.883413e-09
Doing analysis at TEMP = 85.000000 and TNOM = 27.000000

Using SPARSE 1.3 as Direct Linear Solver

Initial Transient Solution
--------------------------

Node                                   Voltage
----                                   -------
vdd                                        3.6
xxdut.xxbias.xrba.11                   3.59927
xxdut.xxbias.xrba.21                   2.40073
xxdut.vh                                   2.4
xxdut.xxbias.xrbb.11                   2.39927
xxdut.xxbias.xrbb.21                   1.20073
xxdut.vl                                   1.2
xxdut.xxbias.xrbc.11                   1.19927
xxdut.xxbias.xrbc.21                0.00072864
xxdut.xxbias.xrbias.11                  3.5993
xxdut.xxbias.xrbias.21                  1.1897
xxdut.ibias                              1.189
xxdut.xxtrim.xrfix.11                  3.59964
xxdut.xxtrim.xrfix.21                  3.49901
xxdut.xxtrim.c1                        3.49865
xxdut.xxtrim.xr0.11                     3.4983
xxdut.xxtrim.xr0.21                    3.49392
xxdut.xxtrim.c2                        3.49357
t0                                           0
xxdut.xxtrim.xr1.11                    3.49321
xxdut.xxtrim.xr1.21                    3.48445
xxdut.xxtrim.c3                         3.4841
t1                                           0
xxdut.xxtrim.xr2.11                    3.48374
xxdut.xxtrim.xr2.21                    3.46623
xxdut.xxtrim.c4                        3.46587
t2                                           0
xxdut.xxtrim.xr3.11                    3.46552
xxdut.xxtrim.xr3.21                    3.43049
xxdut.xxtrim.c5                        3.43014
t3                                           0
xxdut.xxtrim.xr4.11                    3.42978
xxdut.xxtrim.xr4.21                    3.35973
xxdut.xxtrim.c6                        3.35937
t4                                           0
xxdut.xxtrim.xr5.11                    3.35902
xxdut.xxtrim.xr5.21                    3.21891
xxdut.xxtrim.c7                        3.21855
t5                                           0
xxdut.xxtrim.xr6.11                     3.2182
xxdut.xxtrim.xr6.21                    2.93799
xxdut.xxtrim.c8                        2.93763
t6                                           0
xxdut.xxtrim.xr7.11                    2.93728
xxdut.xxtrim.xr7.21                    2.39385
xxdut.vc                                2.3935
t7                                         3.6
xxdut.xxcmph.tail                     0.914337
xxdut.xxcmph.dp                        1.74526
xxdut.xxcmph.dn                        1.54251
xxdut.cmph_out                         1.69268
xxdut.xxcmpl.tail                     0.537587
xxdut.xxcmpl.dp                        3.59987
xxdut.xxcmpl.dn                       0.890684
xxdut.cmpl_out                     7.88341e-09
clk                                    0.71818
xxdut.qbar                             1.61285
xxdut.mid1                             2.82583
xxdut.mid2                             3.36417
vt7#branch                                   0
vt6#branch                                   0
vt5#branch                                   0
vt4#branch                                   0
vt3#branch                                   0
vt2#branch                                   0
vt1#branch                                   0
vt0#branch                                   0
vdd#branch                        -0.000861383

 Reference value :  6.66594e-08
 Reference value :  2.43556e-07
 Reference value :  4.40532e-07
 Reference value :  6.36978e-07
 Reference value :  8.24020e-07
 Reference value :  1.01552e-06
No. of Data Rows : 6295
t_avg_start         =  1.17149e-07
t_avg_end           =  6.14016e-07
iq_run_ua           =  4.23893e+02 from=  1.17149e-07 to=  6.14112e-07
ngspice-46 done
Note: Starting dynamic gmin stepping
Note: Dynamic gmin stepping completed
Warning from checkvalid: vector xxdut.clk is not available or has zero length.
Note: Starting dynamic gmin stepping
Note: Dynamic gmin stepping completed
