====================================================================
gf180-rcosc Iq sweep grid point: sf_T+085C_V3p3_code0x00
process     : sf (fets=sf res=res_typical mimcap=mimcap_typical)
temperature : 85 C
supply      : 3.3 V
trim code   : 0x00 (0)
attempt     : 1 (tran 200p 1200n)
wall clock  : 1.6 s
exit status : 0
====================================================================

Note: No compatibility mode selected!


Circuit: ** sch_path: /home/ubuntu/loom-workspaces/gf180-rcosc/.loom/worktrees/issue-35/design/smoke_test.sch

Doing analysis at TEMP = 85.000000 and TNOM = 27.000000

Using SPARSE 1.3 as Direct Linear Solver

No. of Data Rows : 1
iq_ua = 7.211001e+02
v(xxdut.xxcmph.dp) = 1.601612e+00
v(xxdut.xxcmph.dn) = 1.334394e+00
v(xxdut.cmph_out) = 1.553836e+00
v(xxdut.xxcmpl.dp) = 3.299644e+00
v(xxdut.xxcmpl.dn) = 7.434596e-01
v(xxdut.cmpl_out) = 7.025619e-09
Doing analysis at TEMP = 85.000000 and TNOM = 27.000000

Using SPARSE 1.3 as Direct Linear Solver

Initial Transient Solution
--------------------------

Node                                   Voltage
----                                   -------
vdd                                        3.3
xxdut.xxbias.xrba.11                   3.29933
xxdut.xxbias.xrba.21                   2.20067
xxdut.vh                                   2.2
xxdut.xxbias.xrbb.11                   2.19933
xxdut.xxbias.xrbb.21                   1.10067
xxdut.vl                                   1.1
xxdut.xxbias.xrbc.11                   1.09933
xxdut.xxbias.xrbc.21                0.00066792
xxdut.xxbias.xrbias.11                 3.29938
xxdut.xxbias.xrbias.21                 1.15801
xxdut.ibias                            1.15739
xxdut.xxtrim.xrfix.11                  3.29968
xxdut.xxtrim.xrfix.21                  3.20848
xxdut.xxtrim.c1                        3.20815
xxdut.xxtrim.xr0.11                    3.20783
xxdut.xxtrim.xr0.21                    3.20386
xxdut.xxtrim.c2                        3.20354
t0                                           0
xxdut.xxtrim.xr1.11                    3.20322
xxdut.xxtrim.xr1.21                    3.19528
xxdut.xxtrim.c3                        3.19496
t1                                           0
xxdut.xxtrim.xr2.11                    3.19464
xxdut.xxtrim.xr2.21                    3.17877
xxdut.xxtrim.c4                        3.17845
t2                                           0
xxdut.xxtrim.xr3.11                    3.17812
xxdut.xxtrim.xr3.21                    3.14638
xxdut.xxtrim.c5                        3.14606
t3                                           0
xxdut.xxtrim.xr4.11                    3.14574
xxdut.xxtrim.xr4.21                    3.08225
xxdut.xxtrim.c6                        3.08193
t4                                           0
xxdut.xxtrim.xr5.11                     3.0816
xxdut.xxtrim.xr5.21                    2.95463
xxdut.xxtrim.c7                        2.95431
t5                                           0
xxdut.xxtrim.xr6.11                    2.95399
xxdut.xxtrim.xr6.21                    2.70004
xxdut.xxtrim.c8                        2.69972
t6                                           0
xxdut.xxtrim.xr7.11                    2.69939
xxdut.xxtrim.xr7.21                     2.1915
xxdut.vc                               2.19118
t7                                           0
xxdut.xxcmph.tail                     0.780141
xxdut.xxcmph.dp                        1.60161
xxdut.xxcmph.dn                        1.33439
xxdut.cmph_out                         1.55384
xxdut.xxcmpl.tail                     0.426019
xxdut.xxcmpl.dp                        3.29964
xxdut.xxcmpl.dn                        0.74346
xxdut.cmpl_out                     7.02562e-09
clk                                    0.71307
xxdut.qbar                              1.4866
xxdut.mid1                             2.62967
xxdut.mid2                             3.10066
vt7#branch                                   0
vt6#branch                                   0
vt5#branch                                   0
vt4#branch                                   0
vt3#branch                                   0
vt2#branch                                   0
vt1#branch                                   0
vt0#branch                                   0
vdd#branch                          -0.0007211

 Reference value :  1.15816e-08
 Reference value :  2.35144e-07
 Reference value :  5.26504e-07
 Reference value :  7.36458e-07
 Reference value :  9.38849e-07
 Reference value :  1.14630e-06
No. of Data Rows : 6223
t_avg_start         =  1.50075e-07
t_avg_end           =  8.52115e-07
iq_run_ua           =  3.39378e+02 from=  1.50075e-07 to=  8.52196e-07
ngspice-46 done
Note: Starting dynamic gmin stepping
Note: Dynamic gmin stepping completed
Warning from checkvalid: vector xxdut.clk is not available or has zero length.
Note: Starting dynamic gmin stepping
Note: Dynamic gmin stepping completed
