====================================================================
gf180-rcosc Iq sweep grid point: ss_T+027C_V3p3_code0x80
process     : ss (fets=ss res=res_ss mimcap=mimcap_ss)
temperature : 27 C
supply      : 3.3 V
trim code   : 0x80 (128)
attempt     : 1 (tran 200p 1200n)
wall clock  : 1.8 s
exit status : 0
====================================================================

Note: No compatibility mode selected!


Circuit: ** sch_path: /home/ubuntu/loom-workspaces/gf180-rcosc/.loom/worktrees/issue-35/design/smoke_test.sch

Doing analysis at TEMP = 27.000000 and TNOM = 27.000000

Using SPARSE 1.3 as Direct Linear Solver

No. of Data Rows : 1
iq_ua = 5.632100e+02
v(xxdut.xxcmph.dp) = 1.485617e+00
v(xxdut.xxcmph.dn) = 1.242961e+00
v(xxdut.cmph_out) = 1.436588e+00
v(xxdut.xxcmpl.dp) = 3.299998e+00
v(xxdut.xxcmpl.dn) = 7.190218e-01
v(xxdut.cmpl_out) = 4.442302e-09
Doing analysis at TEMP = 27.000000 and TNOM = 27.000000

Using SPARSE 1.3 as Direct Linear Solver

Initial Transient Solution
--------------------------

Node                                   Voltage
----                                   -------
vdd                                        3.3
xxdut.xxbias.xrba.11                   3.29923
xxdut.xxbias.xrba.21                   2.20077
xxdut.vh                                   2.2
xxdut.xxbias.xrbb.11                   2.19923
xxdut.xxbias.xrbb.21                   1.10077
xxdut.vl                                   1.1
xxdut.xxbias.xrbc.11                   1.09923
xxdut.xxbias.xrbc.21               0.000771378
xxdut.xxbias.xrbias.11                 3.29928
xxdut.xxbias.xrbias.21                 1.15328
xxdut.ibias                            1.15256
xxdut.xxtrim.xrfix.11                  3.29963
xxdut.xxtrim.xrfix.21                  3.20864
xxdut.xxtrim.c1                        3.20827
xxdut.xxtrim.xr0.11                    3.20789
xxdut.xxtrim.xr0.21                    3.20394
xxdut.xxtrim.c2                        3.20356
t0                                           0
xxdut.xxtrim.xr1.11                    3.20319
xxdut.xxtrim.xr1.21                    3.19528
xxdut.xxtrim.c3                         3.1949
t1                                           0
xxdut.xxtrim.xr2.11                    3.19453
xxdut.xxtrim.xr2.21                     3.1787
xxdut.xxtrim.c4                        3.17833
t2                                           0
xxdut.xxtrim.xr3.11                    3.17795
xxdut.xxtrim.xr3.21                    3.14628
xxdut.xxtrim.c5                        3.14591
t3                                           0
xxdut.xxtrim.xr4.11                    3.14554
xxdut.xxtrim.xr4.21                     3.0822
xxdut.xxtrim.c6                        3.08183
t4                                           0
xxdut.xxtrim.xr5.11                    3.08146
xxdut.xxtrim.xr5.21                    2.95478
xxdut.xxtrim.c7                         2.9544
t5                                           0
xxdut.xxtrim.xr6.11                    2.95403
xxdut.xxtrim.xr6.21                    2.70067
xxdut.xxtrim.c8                         2.7003
t6                                           0
xxdut.xxtrim.xr7.11                    2.69993
xxdut.xxtrim.xr7.21                     2.1934
xxdut.vc                               2.19303
t7                                         3.3
xxdut.xxcmph.tail                     0.782855
xxdut.xxcmph.dp                        1.48562
xxdut.xxcmph.dn                        1.24296
xxdut.cmph_out                         1.43659
xxdut.xxcmpl.tail                     0.478428
xxdut.xxcmpl.dp                            3.3
xxdut.xxcmpl.dn                       0.719022
xxdut.cmpl_out                      4.4423e-09
clk                                   0.787979
xxdut.qbar                             1.39219
xxdut.mid1                             2.77086
xxdut.mid2                             3.14143
vt7#branch                                   0
vt6#branch                                   0
vt5#branch                                   0
vt4#branch                                   0
vt3#branch                                   0
vt2#branch                                   0
vt1#branch                                   0
vt0#branch                                   0
vdd#branch                         -0.00056321

 Reference value :  3.05600e-09
 Reference value :  2.04770e-07
 Reference value :  4.06066e-07
 Reference value :  6.08514e-07
 Reference value :  8.14438e-07
 Reference value :  1.02177e-06
No. of Data Rows : 6273
t_avg_start         =  1.43710e-07
t_avg_end           =  8.39762e-07
iq_run_ua           =  2.92394e+02 from=  1.43710e-07 to=  8.39817e-07
ngspice-46 done
Note: Starting dynamic gmin stepping
Note: Dynamic gmin stepping completed
Warning from checkvalid: vector xxdut.clk is not available or has zero length.
Note: Starting dynamic gmin stepping
Note: Dynamic gmin stepping completed
