====================================================================
gf180-rcosc Iq sweep grid point: ss_T-040C_V3p0_code0xFF
process     : ss (fets=ss res=res_ss mimcap=mimcap_ss)
temperature : -40 C
supply      : 3 V
trim code   : 0xFF (255)
attempt     : 1 (tran 200p 1200n)
wall clock  : 10.9 s
exit status : 0
====================================================================

Note: No compatibility mode selected!


Circuit: ** sch_path: /home/ubuntu/loom-workspaces/gf180-rcosc/.loom/worktrees/issue-35/design/smoke_test.sch

Doing analysis at TEMP = -40.000000 and TNOM = 27.000000

Using SPARSE 1.3 as Direct Linear Solver
 Reference value :  0.00000e+00
No. of Data Rows : 1
iq_ua = 4.775560e+02
v(xxdut.xxcmph.dp) = 2.999810e+00
v(xxdut.xxcmph.dn) = 6.804088e-01
v(xxdut.cmph_out) = -1.09984e-03
v(xxdut.xxcmpl.dp) = 2.601940e+00
v(xxdut.xxcmpl.dn) = 1.017417e+00
v(xxdut.cmpl_out) = 1.878986e-01
Doing analysis at TEMP = -40.000000 and TNOM = 27.000000

Using SPARSE 1.3 as Direct Linear Solver

Initial Transient Solution
--------------------------

Node                                   Voltage
----                                   -------
vdd                                          3
xxdut.xxbias.xrba.11                   2.99888
xxdut.xxbias.xrba.21                   2.00814
xxdut.vh                               2.00702
xxdut.xxbias.xrbb.11                    2.0059
xxdut.xxbias.xrbb.21                   1.00597
xxdut.vl                               1.00484
xxdut.xxbias.xrbc.11                   1.00371
xxdut.xxbias.xrbc.21                0.00112878
xxdut.xxbias.xrbias.11                   2.999
xxdut.xxbias.xrbias.21                 1.13624
xxdut.ibias                            1.13524
xxdut.xxtrim.xrfix.11                  2.99892
xxdut.xxtrim.xrfix.21                   2.8333
xxdut.xxtrim.c1                        2.83222
xxdut.xxtrim.xr0.11                    2.83122
xxdut.xxtrim.xr0.21                    2.82455
xxdut.xxtrim.c2                        2.82354
t0                                           3
xxdut.xxtrim.xr1.11                    2.82247
xxdut.xxtrim.xr1.21                    2.80824
xxdut.xxtrim.c3                        2.80717
t1                                           3
xxdut.xxtrim.xr2.11                    2.80612
xxdut.xxtrim.xr2.21                    2.77838
xxdut.xxtrim.c4                        2.77734
t2                                           3
xxdut.xxtrim.xr3.11                    2.77632
xxdut.xxtrim.xr3.21                    2.72219
xxdut.xxtrim.c5                        2.72117
t3                                           3
xxdut.xxtrim.xr4.11                    2.72018
xxdut.xxtrim.xr4.21                    2.61408
xxdut.xxtrim.c6                        2.61309
t4                                           3
xxdut.xxtrim.xr5.11                    2.61213
xxdut.xxtrim.xr5.21                    2.40864
xxdut.xxtrim.c7                        2.40768
t5                                           3
xxdut.xxtrim.xr6.11                    2.40682
xxdut.xxtrim.xr6.21                     2.0421
xxdut.xxtrim.c8                        2.04125
t6                                           3
xxdut.xxtrim.xr7.11                     2.0408
xxdut.xxtrim.xr7.21                    1.66257
xxdut.vc                               1.66212
t7                                           3
xxdut.xxcmph.tail                     0.527169
xxdut.xxcmph.dp                        2.94755
xxdut.xxcmph.dn                       0.775308
xxdut.cmph_out                      0.00259723
xxdut.xxcmpl.tail                     0.280753
xxdut.xxcmpl.dp                        2.99897
xxdut.xxcmpl.dn                       0.724507
xxdut.cmpl_out                     -0.00582769
clk                                 0.00423403
xxdut.qbar                              2.9992
xxdut.mid1                             3.00826
xxdut.mid2                             2.99332
vt7#branch                        -1.53518e-05
vt6#branch                        -3.49632e-05
vt5#branch                        -1.13315e-05
vt4#branch                         1.89154e-05
vt3#branch                        -4.59456e-05
vt2#branch                         3.72866e-06
vt1#branch                        -2.16133e-05
vt0#branch                        -1.60012e-05
vdd#branch                        -0.000280235

 Reference value :  0.00000e+00
 Reference value :  2.58771e-07
 Reference value :  5.42819e-07
 Reference value :  8.05540e-07
 Reference value :  1.01112e-06
No. of Data Rows : 6322
t_avg_start         =  1.36227e-07
t_avg_end           =  7.44133e-07
iq_run_ua           =  2.88795e+02 from=  1.36227e-07 to=  7.44212e-07
ngspice-46 done
Note: Starting dynamic gmin stepping
Warning: Dynamic gmin stepping failed
Note: Starting true gmin stepping
Warning: True gmin stepping failed
Note: Starting source stepping
Warning: source stepping failed
Note: Transient op started
Note: Transient op finished successfully
Warning from checkvalid: vector xxdut.clk is not available or has zero length.
Note: Starting dynamic gmin stepping
Warning: Dynamic gmin stepping failed
Note: Starting true gmin stepping
Warning: True gmin stepping failed
Note: Starting source stepping
Warning: singular matrix:  check node xxdut.vl

Warning: source stepping failed
Note: Transient op started
Note: Transient op finished successfully
