====================================================================
gf180-rcosc Iq sweep grid point: ss_T-040C_V3p6_code0x80
process     : ss (fets=ss res=res_ss mimcap=mimcap_ss)
temperature : -40 C
supply      : 3.6 V
trim code   : 0x80 (128)
attempt     : 1 (tran 200p 1200n)
wall clock  : 18.7 s
exit status : 0
====================================================================

Note: No compatibility mode selected!


Circuit: ** sch_path: /home/ubuntu/loom-workspaces/gf180-rcosc/.loom/worktrees/issue-35/design/smoke_test.sch

Doing analysis at TEMP = -40.000000 and TNOM = 27.000000

Using SPARSE 1.3 as Direct Linear Solver
 Reference value :  0.00000e+00
No. of Data Rows : 1
iq_ua = 3.572326e+02
v(xxdut.xxcmph.dp) = 3.401372e+00
v(xxdut.xxcmph.dn) = 1.327742e+00
v(xxdut.cmph_out) = -3.74404e-03
v(xxdut.xxcmpl.dp) = 3.595413e+00
v(xxdut.xxcmpl.dn) = 1.096919e+00
v(xxdut.cmpl_out) = -3.00820e-02
Doing analysis at TEMP = -40.000000 and TNOM = 27.000000

Using SPARSE 1.3 as Direct Linear Solver

Initial Transient Solution
--------------------------

Node                                   Voltage
----                                   -------
vdd                                        3.6
xxdut.xxbias.xrba.11                   3.59866
xxdut.xxbias.xrba.21                    2.4066
xxdut.vh                               2.40526
xxdut.xxbias.xrbb.11                   2.40391
xxdut.xxbias.xrbb.21                   1.20437
xxdut.vl                               1.20302
xxdut.xxbias.xrbc.11                   1.20167
xxdut.xxbias.xrbc.21                 0.0013514
xxdut.xxbias.xrbias.11                  3.5987
xxdut.xxbias.xrbias.21                 1.17763
xxdut.ibias                            1.17634
xxdut.xxtrim.xrfix.11                  3.59934
xxdut.xxtrim.xrfix.21                  3.49893
xxdut.xxtrim.c1                        3.49827
xxdut.xxtrim.xr0.11                    3.49762
xxdut.xxtrim.xr0.21                    3.49325
xxdut.xxtrim.c2                        3.49259
t0                                           0
xxdut.xxtrim.xr1.11                    3.49194
xxdut.xxtrim.xr1.21                    3.48322
xxdut.xxtrim.c3                        3.48257
t1                                           0
xxdut.xxtrim.xr2.11                    3.48191
xxdut.xxtrim.xr2.21                     3.4645
xxdut.xxtrim.c4                        3.46385
t2                                           0
xxdut.xxtrim.xr3.11                    3.46319
xxdut.xxtrim.xr3.21                    3.42844
xxdut.xxtrim.c5                        3.42779
t3                                           0
xxdut.xxtrim.xr4.11                    3.42714
xxdut.xxtrim.xr4.21                    3.35788
xxdut.xxtrim.c6                        3.35723
t4                                           0
xxdut.xxtrim.xr5.11                    3.35658
xxdut.xxtrim.xr5.21                     3.2191
xxdut.xxtrim.c7                        3.21845
t5                                           0
xxdut.xxtrim.xr6.11                    3.21782
xxdut.xxtrim.xr6.21                    2.94903
xxdut.xxtrim.c8                         2.9484
t6                                           0
xxdut.xxtrim.xr7.11                    2.94778
xxdut.xxtrim.xr7.21                    2.42707
xxdut.vc                               2.42646
t7                                         3.6
xxdut.xxcmph.tail                     0.947324
xxdut.xxcmph.dp                        2.49191
xxdut.xxcmph.dn                        1.61838
xxdut.cmph_out                     7.98822e-05
xxdut.xxcmpl.tail                     0.781668
xxdut.xxcmpl.dp                        3.59548
xxdut.xxcmpl.dn                        1.09622
xxdut.cmpl_out                      -0.0279705
clk                                 0.00123852
xxdut.qbar                             3.60206
xxdut.mid1                             3.59811
xxdut.mid2                             3.61108
vt7#branch                        -5.07971e-06
vt6#branch                        -5.32036e-07
vt5#branch                         1.51869e-08
vt4#branch                         1.01921e-08
vt3#branch                         5.51021e-09
vt2#branch                         3.56847e-09
vt1#branch                         2.77527e-09
vt0#branch                         2.41211e-09
vdd#branch                        -0.000280499

 Reference value :  0.00000e+00
 Reference value :  1.88814e-07
 Reference value :  3.96721e-07
 Reference value :  5.96367e-07
 Reference value :  7.96452e-07
 Reference value :  9.94408e-07
 Reference value :  1.19794e-06
No. of Data Rows : 6286
t_avg_start         =  1.43555e-07
t_avg_end           =  8.50782e-07
iq_run_ua           =  3.16152e+02 from=  1.43554e-07 to=  8.50824e-07
ngspice-46 done
Note: Starting dynamic gmin stepping
Warning: Dynamic gmin stepping failed
Note: Starting true gmin stepping
Warning: True gmin stepping failed
Note: Starting source stepping
Warning: source stepping failed
Note: Transient op started
Note: Transient op finished successfully
Warning from checkvalid: vector xxdut.clk is not available or has zero length.
Note: Starting dynamic gmin stepping
Warning: Dynamic gmin stepping failed
Note: Starting true gmin stepping
Warning: True gmin stepping failed
Note: Starting source stepping
Warning: singular matrix:  check node xxdut.vl

Warning: source stepping failed
Note: Transient op started
Note: Transient op finished successfully
