====================================================================
gf180-rcosc Iq sweep grid point: ss_T+085C_V3p6_code0x80
process     : ss (fets=ss res=res_ss mimcap=mimcap_ss)
temperature : 85 C
supply      : 3.6 V
trim code   : 0x80 (128)
attempt     : 1 (tran 200p 1200n)
wall clock  : 1.7 s
exit status : 0
====================================================================

Note: No compatibility mode selected!


Circuit: ** sch_path: /home/ubuntu/loom-workspaces/gf180-rcosc/.loom/worktrees/issue-35/design/smoke_test.sch

Doing analysis at TEMP = 85.000000 and TNOM = 27.000000

Using SPARSE 1.3 as Direct Linear Solver

No. of Data Rows : 1
iq_ua = 6.805978e+02
v(xxdut.xxcmph.dp) = 1.626577e+00
v(xxdut.xxcmph.dn) = 1.365648e+00
v(xxdut.cmph_out) = 1.569150e+00
v(xxdut.xxcmpl.dp) = 3.599559e+00
v(xxdut.xxcmpl.dn) = 7.459146e-01
v(xxdut.cmpl_out) = 5.831855e-09
Doing analysis at TEMP = 85.000000 and TNOM = 27.000000

Using SPARSE 1.3 as Direct Linear Solver

Initial Transient Solution
--------------------------

Node                                   Voltage
----                                   -------
vdd                                        3.6
xxdut.xxbias.xrba.11                   3.59939
xxdut.xxbias.xrba.21                   2.40061
xxdut.vh                                   2.4
xxdut.xxbias.xrbb.11                   2.39939
xxdut.xxbias.xrbb.21                   1.20061
xxdut.vl                                   1.2
xxdut.xxbias.xrbc.11                   1.19939
xxdut.xxbias.xrbc.21               0.000607323
xxdut.xxbias.xrbias.11                 3.59942
xxdut.xxbias.xrbias.21                 1.18052
xxdut.ibias                            1.17994
xxdut.xxtrim.xrfix.11                   3.5997
xxdut.xxtrim.xrfix.21                  3.49897
xxdut.xxtrim.c1                        3.49867
xxdut.xxtrim.xr0.11                    3.49838
xxdut.xxtrim.xr0.21                    3.49399
xxdut.xxtrim.c2                         3.4937
t0                                           0
xxdut.xxtrim.xr1.11                     3.4934
xxdut.xxtrim.xr1.21                    3.48464
xxdut.xxtrim.c3                        3.48434
t1                                           0
xxdut.xxtrim.xr2.11                    3.48404
xxdut.xxtrim.xr2.21                    3.46651
xxdut.xxtrim.c4                        3.46622
t2                                           0
xxdut.xxtrim.xr3.11                    3.46592
xxdut.xxtrim.xr3.21                    3.43086
xxdut.xxtrim.c5                        3.43056
t3                                           0
xxdut.xxtrim.xr4.11                    3.43027
xxdut.xxtrim.xr4.21                    3.36014
xxdut.xxtrim.c6                        3.35985
t4                                           0
xxdut.xxtrim.xr5.11                    3.35955
xxdut.xxtrim.xr5.21                    3.21931
xxdut.xxtrim.c7                        3.21901
t5                                           0
xxdut.xxtrim.xr6.11                    3.21871
xxdut.xxtrim.xr6.21                    2.93822
xxdut.xxtrim.c8                        2.93793
t6                                           0
xxdut.xxtrim.xr7.11                    2.93763
xxdut.xxtrim.xr7.21                    2.38628
xxdut.vc                               2.38599
t7                                         3.6
xxdut.xxcmph.tail                     0.908921
xxdut.xxcmph.dp                        1.62658
xxdut.xxcmph.dn                        1.36565
xxdut.cmph_out                         1.56915
xxdut.xxcmpl.tail                     0.473846
xxdut.xxcmpl.dp                        3.59956
xxdut.xxcmpl.dn                       0.745915
xxdut.cmpl_out                     5.83185e-09
clk                                   0.737702
xxdut.qbar                             1.50526
xxdut.mid1                             2.92923
xxdut.mid2                             3.39128
vt7#branch                                   0
vt6#branch                                   0
vt5#branch                                   0
vt4#branch                                   0
vt3#branch                                   0
vt2#branch                                   0
vt1#branch                                   0
vt0#branch                                   0
vdd#branch                        -0.000680598

 Reference value :  3.71704e-08
 Reference value :  2.34028e-07
 Reference value :  4.31694e-07
 Reference value :  6.29814e-07
 Reference value :  8.62693e-07
 Reference value :  1.11711e-06
No. of Data Rows : 6268
t_avg_start         =  1.31774e-07
t_avg_end           =  7.65594e-07
iq_run_ua           =  3.49834e+02 from=  1.31774e-07 to=  7.65644e-07
ngspice-46 done
Note: Starting dynamic gmin stepping
Note: Dynamic gmin stepping completed
Warning from checkvalid: vector xxdut.clk is not available or has zero length.
Note: Starting dynamic gmin stepping
Note: Dynamic gmin stepping completed
