====================================================================
gf180-rcosc Iq sweep grid point: ss_T+085C_V3p0_code0xFF
process     : ss (fets=ss res=res_ss mimcap=mimcap_ss)
temperature : 85 C
supply      : 3 V
trim code   : 0xFF (255)
attempt     : 1 (tran 200p 1200n)
wall clock  : 1.7 s
exit status : 0
====================================================================

Note: No compatibility mode selected!


Circuit: ** sch_path: /home/ubuntu/loom-workspaces/gf180-rcosc/.loom/worktrees/issue-35/design/smoke_test.sch

Doing analysis at TEMP = 85.000000 and TNOM = 27.000000

Using SPARSE 1.3 as Direct Linear Solver

No. of Data Rows : 1
iq_ua = 4.467215e+02
v(xxdut.xxcmph.dp) = 1.353675e+00
v(xxdut.xxcmph.dn) = 9.492438e-01
v(xxdut.cmph_out) = 1.308450e+00
v(xxdut.xxcmpl.dp) = 2.998444e+00
v(xxdut.xxcmpl.dn) = 4.964046e-01
v(xxdut.cmpl_out) = 5.022413e-09
Doing analysis at TEMP = 85.000000 and TNOM = 27.000000

Using SPARSE 1.3 as Direct Linear Solver

Initial Transient Solution
--------------------------

Node                                   Voltage
----                                   -------
vdd                                          3
xxdut.xxbias.xrba.11                   2.99949
xxdut.xxbias.xrba.21                   2.00051
xxdut.vh                                     2
xxdut.xxbias.xrbb.11                   1.99949
xxdut.xxbias.xrbb.21                   1.00051
xxdut.vl                                     1
xxdut.xxbias.xrbc.11                  0.999494
xxdut.xxbias.xrbc.21               0.000506103
xxdut.xxbias.xrbias.11                 2.99955
xxdut.xxbias.xrbias.21                 1.12007
xxdut.ibias                            1.11962
xxdut.xxtrim.xrfix.11                  2.99975
xxdut.xxtrim.xrfix.21                  2.91466
xxdut.xxtrim.c1                        2.91441
xxdut.xxtrim.xr0.11                    2.91416
xxdut.xxtrim.xr0.21                    2.91045
xxdut.xxtrim.c2                         2.9102
t0                                           3
xxdut.xxtrim.xr1.11                    2.90995
xxdut.xxtrim.xr1.21                    2.90255
xxdut.xxtrim.c3                         2.9023
t1                                           3
xxdut.xxtrim.xr2.11                    2.90205
xxdut.xxtrim.xr2.21                    2.88724
xxdut.xxtrim.c4                        2.88699
t2                                           3
xxdut.xxtrim.xr3.11                    2.88674
xxdut.xxtrim.xr3.21                    2.85712
xxdut.xxtrim.c5                        2.85687
t3                                           3
xxdut.xxtrim.xr4.11                    2.85662
xxdut.xxtrim.xr4.21                    2.79739
xxdut.xxtrim.c6                        2.79713
t4                                           3
xxdut.xxtrim.xr5.11                    2.79688
xxdut.xxtrim.xr5.21                    2.67842
xxdut.xxtrim.c7                        2.67816
t5                                           3
xxdut.xxtrim.xr6.11                    2.67791
xxdut.xxtrim.xr6.21                    2.44098
xxdut.xxtrim.c8                        2.44073
t6                                           3
xxdut.xxtrim.xr7.11                    2.44048
xxdut.xxtrim.xr7.21                    1.96747
xxdut.vc                               1.96722
t7                                           3
xxdut.xxcmph.tail                     0.630036
xxdut.xxcmph.dp                        1.35367
xxdut.xxcmph.dn                       0.949244
xxdut.cmph_out                         1.30845
xxdut.xxcmpl.tail                     0.280074
xxdut.xxcmpl.dp                        2.99844
xxdut.xxcmpl.dn                       0.496405
xxdut.cmpl_out                     5.02241e-09
clk                                   0.729635
xxdut.qbar                              1.2736
xxdut.mid1                             2.52914
xxdut.mid2                              2.8643
vt7#branch                                   0
vt6#branch                                   0
vt5#branch                                   0
vt4#branch                                   0
vt3#branch                                   0
vt2#branch                                   0
vt1#branch                                   0
vt0#branch                                   0
vdd#branch                        -0.000446722

 Reference value :  2.39145e-08
 Reference value :  2.12909e-07
 Reference value :  3.99959e-07
 Reference value :  5.98930e-07
 Reference value :  8.25178e-07
 Reference value :  1.03135e-06
No. of Data Rows : 6170
t_avg_start         =  1.12331e-07
t_avg_end           =  6.31531e-07
iq_run_ua           =  3.05246e+02 from=  1.12331e-07 to=  6.31567e-07
ngspice-46 done
Note: Starting dynamic gmin stepping
Note: Dynamic gmin stepping completed
Warning from checkvalid: vector xxdut.clk is not available or has zero length.
Note: Starting dynamic gmin stepping
Note: Dynamic gmin stepping completed
