====================================================================
gf180-rcosc Iq sweep grid point: ss_T-040C_V3p0_code0xC0
process     : ss (fets=ss res=res_ss mimcap=mimcap_ss)
temperature : -40 C
supply      : 3 V
trim code   : 0xC0 (192)
attempt     : 1 (tran 200p 1200n)
wall clock  : 10.7 s
exit status : 0
====================================================================

Note: No compatibility mode selected!


Circuit: ** sch_path: /home/ubuntu/loom-workspaces/gf180-rcosc/.loom/worktrees/issue-35/design/smoke_test.sch

Doing analysis at TEMP = -40.000000 and TNOM = 27.000000

Using SPARSE 1.3 as Direct Linear Solver
 Reference value :  0.00000e+00
No. of Data Rows : 1
iq_ua = 4.575614e+02
v(xxdut.xxcmph.dp) = 2.999865e+00
v(xxdut.xxcmph.dn) = 6.898694e-01
v(xxdut.cmph_out) = -3.24817e-03
v(xxdut.xxcmpl.dp) = 1.944701e+00
v(xxdut.xxcmpl.dn) = 1.182134e+00
v(xxdut.cmpl_out) = 3.964705e-01
Doing analysis at TEMP = -40.000000 and TNOM = 27.000000

Using SPARSE 1.3 as Direct Linear Solver

Initial Transient Solution
--------------------------

Node                                   Voltage
----                                   -------
vdd                                          3
xxdut.xxbias.xrba.11                   2.99889
xxdut.xxbias.xrba.21                   2.00977
xxdut.vh                               2.00865
xxdut.xxbias.xrbb.11                   2.00753
xxdut.xxbias.xrbb.21                   1.00584
xxdut.vl                               1.00471
xxdut.xxbias.xrbc.11                   1.00358
xxdut.xxbias.xrbc.21                0.00112863
xxdut.xxbias.xrbias.11                   2.999
xxdut.xxbias.xrbias.21                 1.13715
xxdut.ibias                            1.13615
xxdut.xxtrim.xrfix.11                  2.99866
xxdut.xxtrim.xrfix.21                  2.79418
xxdut.xxtrim.c1                        2.79284
xxdut.xxtrim.xr0.11                    2.79152
xxdut.xxtrim.xr0.21                    2.78273
xxdut.xxtrim.c2                        2.78141
t0                                           0
xxdut.xxtrim.xr1.11                    2.78011
xxdut.xxtrim.xr1.21                    2.76287
xxdut.xxtrim.c3                        2.76157
t1                                           0
xxdut.xxtrim.xr2.11                     2.7603
xxdut.xxtrim.xr2.21                     2.7265
xxdut.xxtrim.c4                        2.72523
t2                                           0
xxdut.xxtrim.xr3.11                    2.72399
xxdut.xxtrim.xr3.21                    2.65811
xxdut.xxtrim.c5                        2.65688
t3                                           0
xxdut.xxtrim.xr4.11                    2.65568
xxdut.xxtrim.xr4.21                    2.52863
xxdut.xxtrim.c6                        2.52743
t4                                           0
xxdut.xxtrim.xr5.11                    2.52631
xxdut.xxtrim.xr5.21                    2.28752
xxdut.xxtrim.c7                        2.28639
t5                                           0
xxdut.xxtrim.xr6.11                    2.28534
xxdut.xxtrim.xr6.21                    1.83817
xxdut.xxtrim.c8                        1.83712
t6                                           3
xxdut.xxtrim.xr7.11                    1.83686
xxdut.xxtrim.xr7.21                     1.6173
xxdut.vc                               1.61704
t7                                           3
xxdut.xxcmph.tail                     0.511182
xxdut.xxcmph.dp                        2.96374
xxdut.xxcmph.dn                       0.748316
xxdut.cmph_out                     -0.00231091
xxdut.xxcmpl.tail                     0.251038
xxdut.xxcmpl.dp                        2.94214
xxdut.xxcmpl.dn                       0.718055
xxdut.cmpl_out                       0.0422368
clk                                -0.00266126
xxdut.qbar                             2.99472
xxdut.mid1                             3.01257
xxdut.mid2                             2.96811
vt7#branch                         1.98978e-05
vt6#branch                         2.52136e-05
vt5#branch                         4.23937e-07
vt4#branch                         1.39485e-08
vt3#branch                        -2.47799e-08
vt2#branch                        -1.72303e-08
vt1#branch                         -9.5646e-09
vt0#branch                         1.49257e-08
vdd#branch                        -0.000280302

 Reference value :  0.00000e+00
 Reference value :  1.90817e-07
 Reference value :  3.86252e-07
 Reference value :  5.76923e-07
 Reference value :  7.68799e-07
 Reference value :  9.63144e-07
 Reference value :  1.16673e-06
No. of Data Rows : 6295
t_avg_start         =  1.55350e-07
t_avg_end           =  8.52519e-07
iq_run_ua           =  2.49448e+02 from=  1.55350e-07 to=  8.52591e-07
ngspice-46 done
Note: Starting dynamic gmin stepping
Warning: Dynamic gmin stepping failed
Note: Starting true gmin stepping
Warning: True gmin stepping failed
Note: Starting source stepping
Warning: source stepping failed
Note: Transient op started
Note: Transient op finished successfully
Warning from checkvalid: vector xxdut.clk is not available or has zero length.
Note: Starting dynamic gmin stepping
Warning: Dynamic gmin stepping failed
Note: Starting true gmin stepping
Warning: True gmin stepping failed
Note: Starting source stepping
Warning: singular matrix:  check node xxdut.vl

Warning: source stepping failed
Note: Transient op started
Note: Transient op finished successfully
