====================================================================
gf180-rcosc Iq sweep grid point: tt_T+085C_V3p3_code0x80
process     : tt (fets=typical res=res_typical mimcap=mimcap_typical)
temperature : 85 C
supply      : 3.3 V
trim code   : 0x80 (128)
attempt     : 1 (tran 200p 1200n)
wall clock  : 2.0 s
exit status : 0
====================================================================

Note: No compatibility mode selected!


Circuit: ** sch_path: /home/ubuntu/loom-workspaces/gf180-rcosc/.loom/worktrees/issue-35/design/smoke_test.sch

Doing analysis at TEMP = 85.000000 and TNOM = 27.000000

Using SPARSE 1.3 as Direct Linear Solver

No. of Data Rows : 1
iq_ua = 7.230845e+02
v(xxdut.xxcmph.dp) = 1.482767e+00
v(xxdut.xxcmph.dn) = 1.176602e+00
v(xxdut.cmph_out) = 1.426019e+00
v(xxdut.xxcmpl.dp) = 3.290298e+00
v(xxdut.xxcmpl.dn) = 6.082415e-01
v(xxdut.cmpl_out) = 5.249955e-09
Doing analysis at TEMP = 85.000000 and TNOM = 27.000000

Using SPARSE 1.3 as Direct Linear Solver

Initial Transient Solution
--------------------------

Node                                   Voltage
----                                   -------
vdd                                        3.3
xxdut.xxbias.xrba.11                   3.29933
xxdut.xxbias.xrba.21                   2.20067
xxdut.vh                                   2.2
xxdut.xxbias.xrbb.11                   2.19933
xxdut.xxbias.xrbb.21                   1.10067
xxdut.vl                                   1.1
xxdut.xxbias.xrbc.11                   1.09933
xxdut.xxbias.xrbc.21                0.00066792
xxdut.xxbias.xrbias.11                 3.29936
xxdut.xxbias.xrbias.21                 1.07609
xxdut.ibias                            1.07545
xxdut.xxtrim.xrfix.11                  3.29965
xxdut.xxtrim.xrfix.21                  3.20063
xxdut.xxtrim.c1                        3.20028
xxdut.xxtrim.xr0.11                    3.19993
xxdut.xxtrim.xr0.21                    3.19563
xxdut.xxtrim.c2                        3.19528
t0                                           0
xxdut.xxtrim.xr1.11                    3.19493
xxdut.xxtrim.xr1.21                    3.18631
xxdut.xxtrim.c3                        3.18596
t1                                           0
xxdut.xxtrim.xr2.11                    3.18561
xxdut.xxtrim.xr2.21                    3.16838
xxdut.xxtrim.c4                        3.16803
t2                                           0
xxdut.xxtrim.xr3.11                    3.16768
xxdut.xxtrim.xr3.21                    3.13321
xxdut.xxtrim.c5                        3.13286
t3                                           0
xxdut.xxtrim.xr4.11                    3.13251
xxdut.xxtrim.xr4.21                    3.06359
xxdut.xxtrim.c6                        3.06324
t4                                           0
xxdut.xxtrim.xr5.11                    3.06289
xxdut.xxtrim.xr5.21                    2.92503
xxdut.xxtrim.c7                        2.92468
t5                                           0
xxdut.xxtrim.xr6.11                    2.92433
xxdut.xxtrim.xr6.21                    2.64862
xxdut.xxtrim.c8                        2.64827
t6                                           0
xxdut.xxtrim.xr7.11                    2.64796
xxdut.xxtrim.xr7.21                    2.16081
xxdut.vc                                2.1605
t7                                         3.3
xxdut.xxcmph.tail                     0.825412
xxdut.xxcmph.dp                        1.48277
xxdut.xxcmph.dn                         1.1766
xxdut.cmph_out                         1.42602
xxdut.xxcmpl.tail                     0.362993
xxdut.xxcmpl.dp                         3.2903
xxdut.xxcmpl.dn                       0.608242
xxdut.cmpl_out                     5.24996e-09
clk                                   0.636568
xxdut.qbar                             1.36875
xxdut.mid1                             2.65289
xxdut.mid2                             3.09208
vt7#branch                                   0
vt6#branch                                   0
vt5#branch                                   0
vt4#branch                                   0
vt3#branch                                   0
vt2#branch                                   0
vt1#branch                                   0
vt0#branch                                   0
vdd#branch                        -0.000723085

 Reference value :  3.12578e-08
 Reference value :  2.19821e-07
 Reference value :  4.01579e-07
 Reference value :  5.85626e-07
 Reference value :  7.90144e-07
 Reference value :  9.93262e-07
 Reference value :  1.18966e-06
No. of Data Rows : 6275
t_avg_start         =  1.00993e-07
t_avg_end           =  5.83173e-07
iq_run_ua           =  3.81983e+02 from=  1.00993e-07 to=  5.83307e-07
ngspice-46 done
Note: Starting dynamic gmin stepping
Note: Dynamic gmin stepping completed
Warning from checkvalid: vector xxdut.clk is not available or has zero length.
Note: Starting dynamic gmin stepping
Note: Dynamic gmin stepping completed
