====================================================================
gf180-rcosc Iq sweep grid point: tt_T+027C_V3p0_code0x80
process     : tt (fets=typical res=res_typical mimcap=mimcap_typical)
temperature : 27 C
supply      : 3 V
trim code   : 0x80 (128)
attempt     : 1 (tran 200p 1200n)
wall clock  : 1.8 s
exit status : 0
====================================================================

Note: No compatibility mode selected!


Circuit: ** sch_path: /home/ubuntu/loom-workspaces/gf180-rcosc/.loom/worktrees/issue-35/design/smoke_test.sch

Doing analysis at TEMP = 27.000000 and TNOM = 27.000000

Using SPARSE 1.3 as Direct Linear Solver

No. of Data Rows : 1
iq_ua = 5.941435e+02
v(xxdut.xxcmph.dp) = 1.343937e+00
v(xxdut.xxcmph.dn) = 1.063152e+00
v(xxdut.cmph_out) = 1.296981e+00
v(xxdut.xxcmpl.dp) = 2.999630e+00
v(xxdut.xxcmpl.dn) = 5.542115e-01
v(xxdut.cmpl_out) = 3.849312e-09
Doing analysis at TEMP = 27.000000 and TNOM = 27.000000

Using SPARSE 1.3 as Direct Linear Solver

Initial Transient Solution
--------------------------

Node                                   Voltage
----                                   -------
vdd                                          3
xxdut.xxbias.xrba.11                   2.99916
xxdut.xxbias.xrba.21                   2.00084
xxdut.vh                                     2
xxdut.xxbias.xrbb.11                   1.99916
xxdut.xxbias.xrbb.21                   1.00084
xxdut.vl                                     1
xxdut.xxbias.xrbc.11                  0.999159
xxdut.xxbias.xrbc.21               0.000841267
xxdut.xxbias.xrbias.11                 2.99922
xxdut.xxbias.xrbias.21                 1.04641
xxdut.ibias                            1.04563
xxdut.xxtrim.xrfix.11                  2.99959
xxdut.xxtrim.xrfix.21                  2.91612
xxdut.xxtrim.c1                        2.91571
xxdut.xxtrim.xr0.11                     2.9153
xxdut.xxtrim.xr0.21                    2.91167
xxdut.xxtrim.c2                        2.91126
t0                                           0
xxdut.xxtrim.xr1.11                    2.91085
xxdut.xxtrim.xr1.21                    2.90359
xxdut.xxtrim.c3                        2.90318
t1                                           0
xxdut.xxtrim.xr2.11                    2.90277
xxdut.xxtrim.xr2.21                    2.88824
xxdut.xxtrim.c4                        2.88783
t2                                           0
xxdut.xxtrim.xr3.11                    2.88743
xxdut.xxtrim.xr3.21                    2.85837
xxdut.xxtrim.c5                        2.85796
t3                                           0
xxdut.xxtrim.xr4.11                    2.85755
xxdut.xxtrim.xr4.21                    2.79945
xxdut.xxtrim.c6                        2.79904
t4                                           0
xxdut.xxtrim.xr5.11                    2.79863
xxdut.xxtrim.xr5.21                    2.68242
xxdut.xxtrim.c7                        2.68201
t5                                           0
xxdut.xxtrim.xr6.11                     2.6816
xxdut.xxtrim.xr6.21                    2.44917
xxdut.xxtrim.c8                        2.44876
t6                                           0
xxdut.xxtrim.xr7.11                    2.44835
xxdut.xxtrim.xr7.21                    1.98529
xxdut.vc                               1.98488
t7                                           3
xxdut.xxcmph.tail                     0.713884
xxdut.xxcmph.dp                        1.34394
xxdut.xxcmph.dn                        1.06315
xxdut.cmph_out                         1.29698
xxdut.xxcmpl.tail                     0.349034
xxdut.xxcmpl.dp                        2.99963
xxdut.xxcmpl.dn                       0.554211
xxdut.cmpl_out                     3.84931e-09
clk                                    0.68238
xxdut.qbar                             1.25474
xxdut.mid1                             2.49148
xxdut.mid2                             2.84332
vt7#branch                                   0
vt6#branch                                   0
vt5#branch                                   0
vt4#branch                                   0
vt3#branch                                   0
vt2#branch                                   0
vt1#branch                                   0
vt0#branch                                   0
vdd#branch                        -0.000594144

 Reference value :  2.13930e-08
 Reference value :  2.36679e-07
 Reference value :  4.27432e-07
 Reference value :  6.16543e-07
 Reference value :  8.20017e-07
 Reference value :  1.02125e-06
No. of Data Rows : 6319
t_avg_start         =  1.17780e-07
t_avg_end           =  6.57643e-07
iq_run_ua           =  3.17442e+02 from=  1.17780e-07 to=  6.57684e-07
ngspice-46 done
Note: Starting dynamic gmin stepping
Note: Dynamic gmin stepping completed
Warning from checkvalid: vector xxdut.clk is not available or has zero length.
Note: Starting dynamic gmin stepping
Note: Dynamic gmin stepping completed
