====================================================================
gf180-rcosc Iq sweep grid point: tt_T-040C_V3p3_code0x80
process     : tt (fets=typical res=res_typical mimcap=mimcap_typical)
temperature : -40 C
supply      : 3.3 V
trim code   : 0x80 (128)
attempt     : 1 (tran 200p 1200n)
wall clock  : 22.4 s
exit status : 0
====================================================================

Note: No compatibility mode selected!


Circuit: ** sch_path: /home/ubuntu/loom-workspaces/gf180-rcosc/.loom/worktrees/issue-35/design/smoke_test.sch

Doing analysis at TEMP = -40.000000 and TNOM = 27.000000

Using SPARSE 1.3 as Direct Linear Solver
 Reference value :  0.00000e+00
No. of Data Rows : 1
iq_ua = 2.165426e+02
v(xxdut.xxcmph.dp) = 3.300243e+00
v(xxdut.xxcmph.dn) = 9.213162e-01
v(xxdut.cmph_out) = 9.171926e-04
v(xxdut.xxcmpl.dp) = 1.788264e-03
v(xxdut.xxcmpl.dn) = 2.416974e+00
v(xxdut.cmpl_out) = 3.300736e+00
Doing analysis at TEMP = -40.000000 and TNOM = 27.000000

Using SPARSE 1.3 as Direct Linear Solver

Initial Transient Solution
--------------------------

Node                                   Voltage
----                                   -------
vdd                                        3.3
xxdut.xxbias.xrba.11                   3.29848
xxdut.xxbias.xrba.21                   2.17466
xxdut.vh                               2.17314
xxdut.xxbias.xrbb.11                   2.17162
xxdut.xxbias.xrbb.21                   1.04897
xxdut.vl                               1.04745
xxdut.xxbias.xrbc.11                   1.04604
xxdut.xxbias.xrbc.21                0.00141134
xxdut.xxbias.xrbias.11                 3.29856
xxdut.xxbias.xrbias.21                  1.0622
xxdut.ibias                            1.06076
xxdut.xxtrim.xrfix.11                   3.2964
xxdut.xxtrim.xrfix.21                  2.83831
xxdut.xxtrim.c1                        2.83471
xxdut.xxtrim.xr0.11                    2.83114
xxdut.xxtrim.xr0.21                    2.81139
xxdut.xxtrim.c2                        2.80783
t0                                           0
xxdut.xxtrim.xr1.11                     2.8043
xxdut.xxtrim.xr1.21                     2.7653
xxdut.xxtrim.c3                        2.76178
t1                                           0
xxdut.xxtrim.xr2.11                    2.75831
xxdut.xxtrim.xr2.21                    2.68143
xxdut.xxtrim.c4                        2.67795
t2                                           0
xxdut.xxtrim.xr3.11                    2.67454
xxdut.xxtrim.xr3.21                    2.52344
xxdut.xxtrim.c5                        2.52003
t3                                           0
xxdut.xxtrim.xr4.11                    2.51669
xxdut.xxtrim.xr4.21                    2.22136
xxdut.xxtrim.c6                        2.21803
t4                                           0
xxdut.xxtrim.xr5.11                     2.2148
xxdut.xxtrim.xr5.21                    1.64317
xxdut.xxtrim.c7                        1.63994
t5                                           0
xxdut.xxtrim.xr6.11                    1.63686
xxdut.xxtrim.xr6.21                   0.544204
xxdut.xxtrim.c8                       0.541121
t6                                           0
xxdut.xxtrim.xr7.11                   0.541101
xxdut.xxtrim.xr7.21                   0.526945
xxdut.vc                              0.526925
t7                                         3.3
xxdut.xxcmph.tail                     0.676336
xxdut.xxcmph.dp                        3.30501
xxdut.xxcmph.dn                       0.959904
xxdut.cmph_out                       0.0080787
xxdut.xxcmpl.tail                     0.029041
xxdut.xxcmpl.dp                       0.122213
xxdut.xxcmpl.dn                        2.31497
xxdut.cmpl_out                         3.41424
clk                                  -0.154297
xxdut.qbar                             3.25148
xxdut.mid1                             3.24737
xxdut.mid2                             3.25535
vt7#branch                         1.54515e-05
vt6#branch                         6.10276e-07
vt5#branch                         1.56952e-07
vt4#branch                         1.54152e-07
vt3#branch                         1.34289e-07
vt2#branch                         1.17973e-07
vt1#branch                         1.07227e-07
vt0#branch                         1.00363e-07
vdd#branch                        -0.000214844

 Reference value :  0.00000e+00
 Reference value :  1.70912e-07
 Reference value :  3.56927e-07
 Reference value :  5.46401e-07
 Reference value :  7.66262e-07
 Reference value :  1.00035e-06
No. of Data Rows : 6374
t_avg_start         =  1.31969e-07
t_avg_end           =  6.80982e-07
iq_run_ua           =  3.49915e+02 from=  1.31969e-07 to=  6.81009e-07
ngspice-46 done
Note: Starting dynamic gmin stepping
Warning: Dynamic gmin stepping failed
Note: Starting true gmin stepping
Warning: True gmin stepping failed
Note: Starting source stepping
Warning: source stepping failed
Note: Transient op started
Note: Transient op finished successfully
Warning from checkvalid: vector xxdut.clk is not available or has zero length.
Note: Starting dynamic gmin stepping
Warning: Dynamic gmin stepping failed
Note: Starting true gmin stepping
Warning: True gmin stepping failed
Note: Starting source stepping
Warning: singular matrix:  check node xxdut.vl

Warning: source stepping failed
Note: Transient op started
Note: Transient op finished successfully
