====================================================================
gf180-rcosc Iq sweep grid point: tt_T+027C_V3p6_code0x00
process     : tt (fets=typical res=res_typical mimcap=mimcap_typical)
temperature : 27 C
supply      : 3.6 V
trim code   : 0x00 (0)
attempt     : 1 (tran 200p 1200n)
wall clock  : 1.9 s
exit status : 0
====================================================================

Note: No compatibility mode selected!


Circuit: ** sch_path: /home/ubuntu/loom-workspaces/gf180-rcosc/.loom/worktrees/issue-35/design/smoke_test.sch

Doing analysis at TEMP = 27.000000 and TNOM = 27.000000

Using SPARSE 1.3 as Direct Linear Solver

No. of Data Rows : 1
iq_ua = 8.845921e+02
v(xxdut.xxcmph.dp) = 1.614500e+00
v(xxdut.xxcmph.dn) = 1.490972e+00
v(xxdut.cmph_out) = 1.554308e+00
v(xxdut.xxcmpl.dp) = 3.599992e+00
v(xxdut.xxcmpl.dn) = 8.744075e-01
v(xxdut.cmpl_out) = 4.855287e-09
Doing analysis at TEMP = 27.000000 and TNOM = 27.000000

Using SPARSE 1.3 as Direct Linear Solver

Initial Transient Solution
--------------------------

Node                                   Voltage
----                                   -------
vdd                                        3.6
xxdut.xxbias.xrba.11                   3.59899
xxdut.xxbias.xrba.21                   2.40101
xxdut.vh                                   2.4
xxdut.xxbias.xrbb.11                   2.39899
xxdut.xxbias.xrbb.21                   1.20101
xxdut.vl                                   1.2
xxdut.xxbias.xrbc.11                   1.19899
xxdut.xxbias.xrbc.21                0.00100952
xxdut.xxbias.xrbias.11                   3.599
xxdut.xxbias.xrbias.21                 1.10031
xxdut.ibias                            1.09931
xxdut.xxtrim.xrfix.11                  3.59952
xxdut.xxtrim.xrfix.21                  3.50059
xxdut.xxtrim.c1                        3.50011
xxdut.xxtrim.xr0.11                    3.49962
xxdut.xxtrim.xr0.21                    3.49532
xxdut.xxtrim.c2                        3.49483
t0                                           0
xxdut.xxtrim.xr1.11                    3.49435
xxdut.xxtrim.xr1.21                    3.48574
xxdut.xxtrim.c3                        3.48526
t1                                           0
xxdut.xxtrim.xr2.11                    3.48477
xxdut.xxtrim.xr2.21                    3.46756
xxdut.xxtrim.c4                        3.46707
t2                                           0
xxdut.xxtrim.xr3.11                    3.46659
xxdut.xxtrim.xr3.21                    3.43216
xxdut.xxtrim.c5                        3.43167
t3                                           0
xxdut.xxtrim.xr4.11                    3.43119
xxdut.xxtrim.xr4.21                    3.36233
xxdut.xxtrim.c6                        3.36184
t4                                           0
xxdut.xxtrim.xr5.11                    3.36136
xxdut.xxtrim.xr5.21                    3.22363
xxdut.xxtrim.c7                        3.22315
t5                                           0
xxdut.xxtrim.xr6.11                    3.22266
xxdut.xxtrim.xr6.21                    2.94721
xxdut.xxtrim.c8                        2.94673
t6                                           0
xxdut.xxtrim.xr7.11                    2.94624
xxdut.xxtrim.xr7.21                    2.39534
xxdut.vc                               2.39486
t7                                           0
xxdut.xxcmph.tail                     0.996469
xxdut.xxcmph.dp                         1.6145
xxdut.xxcmph.dn                        1.49097
xxdut.cmph_out                         1.55431
xxdut.xxcmpl.tail                     0.609122
xxdut.xxcmpl.dp                        3.59999
xxdut.xxcmpl.dn                       0.874407
xxdut.cmpl_out                     4.85529e-09
clk                                   0.689337
xxdut.qbar                             1.48289
xxdut.mid1                             2.88992
xxdut.mid2                             3.36462
vt7#branch                                   0
vt6#branch                                   0
vt5#branch                                   0
vt4#branch                                   0
vt3#branch                                   0
vt2#branch                                   0
vt1#branch                                   0
vt0#branch                                   0
vdd#branch                        -0.000884592

 Reference value :  2.24420e-08
 Reference value :  2.20545e-07
 Reference value :  4.25118e-07
 Reference value :  6.24740e-07
 Reference value :  8.24073e-07
 Reference value :  1.04433e-06
No. of Data Rows : 6281
t_avg_start         =  1.49224e-07
t_avg_end           =  8.54741e-07
iq_run_ua           =  3.96804e+02 from=  1.49225e-07 to=  8.54847e-07
ngspice-46 done
Note: Starting dynamic gmin stepping
Note: Dynamic gmin stepping completed
Warning from checkvalid: vector xxdut.clk is not available or has zero length.
Note: Starting dynamic gmin stepping
Note: Dynamic gmin stepping completed
