====================================================================
gf180-rcosc Iq sweep grid point: ff_T+085C_V3p0_code0xFF
process     : ff (fets=ff res=res_ff mimcap=mimcap_ff)
temperature : 85 C
supply      : 3 V
trim code   : 0xFF (255)
attempt     : 1 (tran 200p 1200n)
wall clock  : 10.5 s
exit status : 0
====================================================================

Note: Compatibility modes selected: hs a


Circuit: ** sch_path: /users/rwalters/github/gf180-rcosc/.loom/worktrees/issue-43/design/smoke_test.sch

Doing analysis at TEMP = 85.000000 and TNOM = 27.000000

Using SPARSE 1.3 as Direct Linear Solver
 Reference value :  0.00000e+00
No. of Data Rows : 1
iq_ua = 8.011301e+02
v(xxdut.xxcmph.dp) = 1.342146e+00
v(xxdut.xxcmph.dn) = 1.112555e+00
v(xxdut.cmph_out) = 1.239655e+00
v(xxdut.xxcmpl.dp) = 2.986105e+00
v(xxdut.xxcmpl.dn) = 5.807294e-01
v(xxdut.cmpl_out) = 8.092877e-09
Doing analysis at TEMP = 85.000000 and TNOM = 27.000000

Using SPARSE 1.3 as Direct Linear Solver

Initial Transient Solution
--------------------------

Node                                   Voltage
----                                   -------
vdd                                          3
xxdut.xxbias.xrba.11                   2.99924
xxdut.xxbias.xrba.21                   2.00076
xxdut.vh                                     2
xxdut.xxbias.xrbb.11                   1.99924
xxdut.xxbias.xrbb.21                   1.00076
xxdut.vl                                     1
xxdut.xxbias.xrbc.11                  0.999241
xxdut.xxbias.xrbc.21                0.00075877
xxdut.ibias                           0.929532
xxdut.xxbias.pb                        1.79894
xxdut.xxbias.n2s                       0.23383
xxdut.xxbias.xrz.11                   0.233277
xxdut.xxbias.xrz.21                0.000552666
xxdut.xxtrim.xrfix.11                   2.9976
xxdut.xxtrim.xrfix.21                  2.45487
xxdut.xxtrim.c1                        2.45247
xxdut.xxtrim.xr0.11                    2.45147
xxdut.xxtrim.xr0.21                    2.44165
xxdut.xxtrim.c2                        2.44065
t0                                           3
xxdut.xxtrim.tb0                   7.03356e-09
xxdut.xxtrim.xr1.11                    2.43976
xxdut.xxtrim.xr1.21                    2.42228
xxdut.xxtrim.c3                        2.42139
t1                                           3
xxdut.xxtrim.tb1                   7.03356e-09
xxdut.xxtrim.xr2.11                    2.42069
xxdut.xxtrim.xr2.21                    2.39295
xxdut.xxtrim.c4                        2.39224
t2                                           3
xxdut.xxtrim.tb2                   7.03356e-09
xxdut.xxtrim.xr3.11                    2.39165
xxdut.xxtrim.xr3.21                    2.34527
xxdut.xxtrim.c5                        2.34468
t3                                           3
xxdut.xxtrim.tb3                   7.03356e-09
xxdut.xxtrim.xr4.11                    2.34424
xxdut.xxtrim.xr4.21                     2.2754
xxdut.xxtrim.c6                        2.27496
t4                                           3
xxdut.xxtrim.tb4                   7.03356e-09
xxdut.xxtrim.xr5.11                    2.27469
xxdut.xxtrim.xr5.21                    2.18776
xxdut.xxtrim.c7                        2.18748
t5                                           3
xxdut.xxtrim.tb5                   7.03356e-09
xxdut.xxtrim.xr6.11                    2.18732
xxdut.xxtrim.xr6.21                    2.08469
xxdut.xxtrim.c8                        2.08453
t6                                           3
xxdut.xxtrim.tb6                   7.03356e-09
xxdut.xxtrim.xr7.11                    2.08443
xxdut.xxtrim.xr7.21                    1.96285
xxdut.vc                               1.96275
t7                                           3
xxdut.xxtrim.tb7                   7.03356e-09
xxdut.xxcmph.tail                     0.795084
xxdut.xxcmph.dp                        1.34215
xxdut.xxcmph.dn                        1.11255
xxdut.cmph_out                         1.23966
xxdut.xxcmpl.tail                     0.358586
xxdut.xxcmpl.dp                        2.98611
xxdut.xxcmpl.dn                       0.580729
xxdut.cmpl_out                     8.09288e-09
clk                                   0.674487
xxdut.qbar                             1.22385
xxdut.mid1                             2.46263
xxdut.mid2                             2.79141
vt7#branch                                   0
vt6#branch                                   0
vt5#branch                                   0
vt4#branch                                   0
vt3#branch                                   0
vt2#branch                                   0
vt1#branch                                   0
vt0#branch                                   0
vdd#branch                         -0.00080113

 Reference value :  2.71361e-08
 Reference value :  7.73381e-08
 Reference value :  1.16354e-07
 Reference value :  1.74179e-07
 Reference value :  2.44362e-07
 Reference value :  3.09610e-07
 Reference value :  3.83946e-07
 Reference value :  4.75874e-07
 Reference value :  5.69144e-07
 Reference value :  6.54230e-07
 Reference value :  7.34099e-07
 Reference value :  8.00746e-07
 Reference value :  8.69960e-07
 Reference value :  9.41871e-07
 Reference value :  1.00520e-06
 Reference value :  1.07624e-06
 Reference value :  1.14280e-06
No. of Data Rows : 6379
t_avg_start         =  3.97600e-08
t_avg_end           =  2.17313e-07
iq_run_ua           =  5.82256e+02 from=  3.97600e-08 to=  2.17352e-07
ngspice-46 done
Warning: m=xx on .subckt line will override multiplier m hierarchy!

Note: Starting dynamic gmin stepping
Note: Dynamic gmin stepping completed
Warning from checkvalid: vector xxdut.clk is not available or has zero length.
Note: Starting dynamic gmin stepping
Note: Dynamic gmin stepping completed
