====================================================================
gf180-rcosc Iq sweep grid point: ff_T+027C_V3p0_code0xFF
process     : ff (fets=ff res=res_ff mimcap=mimcap_ff)
temperature : 27 C
supply      : 3 V
trim code   : 0xFF (255)
attempt     : 1 (tran 200p 1200n)
wall clock  : 15.5 s
exit status : 0
====================================================================

Note: Compatibility modes selected: hs a


Circuit: ** sch_path: /users/rwalters/github/gf180-rcosc/.loom/worktrees/issue-43/design/smoke_test.sch

Doing analysis at TEMP = 27.000000 and TNOM = 27.000000

Using SPARSE 1.3 as Direct Linear Solver
 Reference value :  0.00000e+00
No. of Data Rows : 1
iq_ua = 7.420782e+02
v(xxdut.xxcmph.dp) = 1.337805e+00
v(xxdut.xxcmph.dn) = 1.324951e+00
v(xxdut.cmph_out) = 1.245572e+00
v(xxdut.xxcmpl.dp) = 3.000000e+00
v(xxdut.xxcmpl.dn) = 8.556715e-01
v(xxdut.cmpl_out) = 3.613269e-09
Doing analysis at TEMP = 27.000000 and TNOM = 27.000000

Using SPARSE 1.3 as Direct Linear Solver

Initial Transient Solution
--------------------------

Node                                   Voltage
----                                   -------
vdd                                          3
xxdut.xxbias.xrba.11                   2.99895
xxdut.xxbias.xrba.21                   2.00105
xxdut.vh                                     2
xxdut.xxbias.xrbb.11                   1.99895
xxdut.xxbias.xrbb.21                   1.00105
xxdut.vl                                     1
xxdut.xxbias.xrbc.11                  0.998949
xxdut.xxbias.xrbc.21                0.00105114
xxdut.ibias                           0.892689
xxdut.xxbias.pb                        1.86456
xxdut.xxbias.n2s                      0.184456
xxdut.xxbias.xrz.11                   0.183853
xxdut.xxbias.xrz.21                 0.00060321
xxdut.xxtrim.xrfix.11                  2.99669
xxdut.xxtrim.xrfix.21                  2.45572
xxdut.xxtrim.c1                        2.45241
xxdut.xxtrim.xr0.11                    2.45121
xxdut.xxtrim.xr0.21                    2.44267
xxdut.xxtrim.c2                        2.44147
t0                                           3
xxdut.xxtrim.tb0                   3.61327e-09
xxdut.xxtrim.xr1.11                    2.44039
xxdut.xxtrim.xr1.21                    2.42506
xxdut.xxtrim.c3                        2.42398
t1                                           3
xxdut.xxtrim.tb1                   3.61327e-09
xxdut.xxtrim.xr2.11                    2.42312
xxdut.xxtrim.xr2.21                    2.39886
xxdut.xxtrim.c4                          2.398
t2                                           3
xxdut.xxtrim.tb2                   3.61327e-09
xxdut.xxtrim.xr3.11                    2.39729
xxdut.xxtrim.xr3.21                    2.35668
xxdut.xxtrim.c5                        2.35596
t3                                           3
xxdut.xxtrim.tb3                   3.61327e-09
xxdut.xxtrim.xr4.11                    2.35543
xxdut.xxtrim.xr4.21                    2.29474
xxdut.xxtrim.c6                         2.2942
t4                                           3
xxdut.xxtrim.tb4                   3.61327e-09
xxdut.xxtrim.xr5.11                    2.29385
xxdut.xxtrim.xr5.21                    2.21409
xxdut.xxtrim.c7                        2.21373
t5                                           3
xxdut.xxtrim.tb5                   3.61327e-09
xxdut.xxtrim.xr6.11                    2.21352
xxdut.xxtrim.xr6.21                    2.11497
xxdut.xxtrim.c8                        2.11475
t6                                           3
xxdut.xxtrim.tb6                   3.61327e-09
xxdut.xxtrim.xr7.11                    2.11463
xxdut.xxtrim.xr7.21                    1.99971
xxdut.vc                               1.99959
t7                                           3
xxdut.xxtrim.tb7                   3.61327e-09
xxdut.xxcmph.tail                     0.858124
xxdut.xxcmph.dp                        1.33781
xxdut.xxcmph.dn                        1.32495
xxdut.cmph_out                         1.24557
xxdut.xxcmpl.tail                     0.620565
xxdut.xxcmpl.dp                              3
xxdut.xxcmpl.dn                       0.855671
xxdut.cmpl_out                     3.61327e-09
clk                                   0.711327
xxdut.qbar                             1.22634
xxdut.mid1                             2.49267
xxdut.mid2                             2.80525
vt7#branch                                   0
vt6#branch                                   0
vt5#branch                                   0
vt4#branch                                   0
vt3#branch                                   0
vt2#branch                                   0
vt1#branch                                   0
vt0#branch                                   0
vdd#branch                        -0.000742078

 Reference value :  1.53403e-08
 Reference value :  7.94476e-08
 Reference value :  1.42911e-07
 Reference value :  1.96407e-07
 Reference value :  2.65678e-07
 Reference value :  3.45137e-07
 Reference value :  4.24008e-07
 Reference value :  4.99275e-07
 Reference value :  5.45333e-07
 Reference value :  6.00841e-07
 Reference value :  6.61915e-07
 Reference value :  7.13644e-07
 Reference value :  7.64158e-07
 Reference value :  8.13089e-07
 Reference value :  8.63171e-07
 Reference value :  9.12738e-07
 Reference value :  9.61714e-07
 Reference value :  1.02404e-06
 Reference value :  1.08420e-06
 Reference value :  1.15357e-06
No. of Data Rows : 6749
t_avg_start         =  4.19683e-08
t_avg_end           =  2.27930e-07
iq_run_ua           =  5.13330e+02 from=  4.19683e-08 to=  2.27978e-07
ngspice-46 done
Warning: m=xx on .subckt line will override multiplier m hierarchy!

Note: Starting dynamic gmin stepping
Note: Dynamic gmin stepping completed
Warning from checkvalid: vector xxdut.clk is not available or has zero length.
Note: Starting dynamic gmin stepping
Note: Dynamic gmin stepping completed
