====================================================================
gf180-rcosc Iq sweep grid point: ff_T+027C_V3p6_code0xC0
process     : ff (fets=ff res=res_ff mimcap=mimcap_ff)
temperature : 27 C
supply      : 3.6 V
trim code   : 0xC0 (192)
attempt     : 1 (tran 200p 1200n)
wall clock  : 10.6 s
exit status : 0
====================================================================

Note: Compatibility modes selected: hs a


Circuit: ** sch_path: /users/rwalters/github/gf180-rcosc/.loom/worktrees/issue-43/design/smoke_test.sch

Doing analysis at TEMP = 27.000000 and TNOM = 27.000000

Using SPARSE 1.3 as Direct Linear Solver
 Reference value :  0.00000e+00
No. of Data Rows : 1
iq_ua = 9.956460e+02
v(xxdut.xxcmph.dp) = 1.608922e+00
v(xxdut.xxcmph.dn) = 1.816581e+00
v(xxdut.cmph_out) = 1.526179e+00
v(xxdut.xxcmpl.dp) = 3.600000e+00
v(xxdut.xxcmpl.dn) = 1.287879e+00
v(xxdut.cmpl_out) = 5.008111e-09
Doing analysis at TEMP = 27.000000 and TNOM = 27.000000

Using SPARSE 1.3 as Direct Linear Solver

Initial Transient Solution
--------------------------

Node                                   Voltage
----                                   -------
vdd                                        3.6
xxdut.xxbias.xrba.11                   3.59874
xxdut.xxbias.xrba.21                   2.40126
xxdut.vh                                   2.4
xxdut.xxbias.xrbb.11                   2.39874
xxdut.xxbias.xrbb.21                   1.20126
xxdut.vl                                   1.2
xxdut.xxbias.xrbc.11                   1.19874
xxdut.xxbias.xrbc.21                0.00126137
xxdut.ibias                           0.926402
xxdut.xxbias.pb                        2.41761
xxdut.xxbias.n2s                      0.205078
xxdut.xxbias.xrz.11                   0.204408
xxdut.xxbias.xrz.21                 0.00067065
xxdut.xxtrim.xrfix.11                  3.59821
xxdut.xxtrim.xrfix.21                  3.30523
xxdut.xxtrim.c1                        3.30344
xxdut.xxtrim.xr0.11                    3.30164
xxdut.xxtrim.xr0.21                     3.2889
xxdut.xxtrim.c2                         3.2871
t0                                           0
xxdut.xxtrim.tb0                           3.6
xxdut.xxtrim.xr1.11                    3.28531
xxdut.xxtrim.xr1.21                    3.25982
xxdut.xxtrim.c3                        3.25802
t1                                           0
xxdut.xxtrim.tb1                           3.6
xxdut.xxtrim.xr2.11                    3.25623
xxdut.xxtrim.xr2.21                    3.20524
xxdut.xxtrim.c4                        3.20345
t2                                           0
xxdut.xxtrim.tb2                           3.6
xxdut.xxtrim.xr3.11                    3.20165
xxdut.xxtrim.xr3.21                    3.09968
xxdut.xxtrim.c5                        3.09789
t3                                           0
xxdut.xxtrim.tb3                           3.6
xxdut.xxtrim.xr4.11                    3.09609
xxdut.xxtrim.xr4.21                    2.89215
xxdut.xxtrim.c6                        2.89035
t4                                           0
xxdut.xxtrim.tb4                           3.6
xxdut.xxtrim.xr5.11                    2.88856
xxdut.xxtrim.xr5.21                    2.48067
xxdut.xxtrim.c7                        2.47887
t5                                           0
xxdut.xxtrim.tb5                           3.6
xxdut.xxtrim.xr6.11                    2.47881
xxdut.xxtrim.xr6.21                    2.44745
xxdut.xxtrim.c8                        2.44738
t6                                         3.6
xxdut.xxtrim.tb6                   5.00811e-09
xxdut.xxtrim.xr7.11                    2.44733
xxdut.xxtrim.xr7.21                    2.40632
xxdut.vc                               2.40628
t7                                         3.6
xxdut.xxtrim.tb7                   5.00811e-09
xxdut.xxcmph.tail                      1.16031
xxdut.xxcmph.dp                        1.60892
xxdut.xxcmph.dn                        1.81658
xxdut.cmph_out                         1.52618
xxdut.xxcmpl.tail                     0.957681
xxdut.xxcmpl.dp                            3.6
xxdut.xxcmpl.dn                        1.28788
xxdut.cmpl_out                     5.00811e-09
clk                                   0.658861
xxdut.qbar                             1.46286
xxdut.mid1                             2.85309
xxdut.mid2                              3.3247
vt7#branch                                   0
vt6#branch                                   0
vt5#branch                                   0
vt4#branch                                   0
vt3#branch                                   0
vt2#branch                                   0
vt1#branch                                   0
vt0#branch                                   0
vdd#branch                        -0.000995646

 Reference value :  3.80775e-09
 Reference value :  4.77002e-08
 Reference value :  1.13996e-07
 Reference value :  1.72007e-07
 Reference value :  2.31204e-07
 Reference value :  2.88953e-07
 Reference value :  3.52041e-07
 Reference value :  4.21972e-07
 Reference value :  4.92749e-07
 Reference value :  5.57825e-07
 Reference value :  6.23013e-07
 Reference value :  6.90248e-07
 Reference value :  7.57574e-07
 Reference value :  8.23259e-07
 Reference value :  8.90881e-07
 Reference value :  9.67292e-07
 Reference value :  1.03346e-06
 Reference value :  1.10690e-06
 Reference value :  1.14679e-06
 Reference value :  1.19796e-06
No. of Data Rows : 6730
t_avg_start         =  5.68956e-08
t_avg_end           =  3.13274e-07
iq_run_ua           =  4.77236e+02 from=  5.68956e-08 to=  3.13369e-07
ngspice-46 done
Warning: m=xx on .subckt line will override multiplier m hierarchy!

Note: Starting dynamic gmin stepping
Note: Dynamic gmin stepping completed
Warning from checkvalid: vector xxdut.clk is not available or has zero length.
Note: Starting dynamic gmin stepping
Note: Dynamic gmin stepping completed
