====================================================================
gf180-rcosc Iq sweep grid point: ff_T-040C_V3p0_code0x00
process     : ff (fets=ff res=res_ff mimcap=mimcap_ff)
temperature : -40 C
supply      : 3 V
trim code   : 0x00 (0)
attempt     : 1 (tran 200p 1200n)
wall clock  : 19.4 s
exit status : 0
====================================================================

Note: Compatibility modes selected: hs a


Circuit: ** sch_path: /users/rwalters/github/gf180-rcosc/.loom/worktrees/issue-43/design/smoke_test.sch

Doing analysis at TEMP = -40.000000 and TNOM = 27.000000

Using SPARSE 1.3 as Direct Linear Solver
 Reference value :  0.00000e+00
No. of Data Rows : 1
iq_ua = 6.389265e+02
v(xxdut.xxcmph.dp) = 1.335388e+00
v(xxdut.xxcmph.dn) = 1.525930e+00
v(xxdut.cmph_out) = 1.286350e+00
v(xxdut.xxcmpl.dp) = 3.000000e+00
v(xxdut.xxcmpl.dn) = 1.182505e+00
v(xxdut.cmpl_out) = 2.855492e-09
Doing analysis at TEMP = -40.000000 and TNOM = 27.000000

Using SPARSE 1.3 as Direct Linear Solver

Initial Transient Solution
--------------------------

Node                                   Voltage
----                                   -------
vdd                                          3
xxdut.xxbias.xrba.11                   2.99832
xxdut.xxbias.xrba.21                   2.00168
xxdut.vh                                     2
xxdut.xxbias.xrbb.11                   1.99832
xxdut.xxbias.xrbb.21                   1.00168
xxdut.vl                                     1
xxdut.xxbias.xrbc.11                  0.998317
xxdut.xxbias.xrbc.21                0.00168312
xxdut.ibias                           0.871069
xxdut.xxbias.pb                        1.92023
xxdut.xxbias.n2s                      0.137404
xxdut.xxbias.xrz.11                   0.136687
xxdut.xxbias.xrz.21                0.000717581
xxdut.xxtrim.xrfix.11                   2.9992
xxdut.xxtrim.xrfix.21                  2.91794
xxdut.xxtrim.c1                        2.91715
xxdut.xxtrim.xr0.11                    2.91635
xxdut.xxtrim.xr0.21                    2.91281
xxdut.xxtrim.c2                        2.91202
t0                                           0
xxdut.xxtrim.tb0                             3
xxdut.xxtrim.xr1.11                    2.91122
xxdut.xxtrim.xr1.21                    2.90415
xxdut.xxtrim.c3                        2.90335
t1                                           0
xxdut.xxtrim.tb1                             3
xxdut.xxtrim.xr2.11                    2.90255
xxdut.xxtrim.xr2.21                    2.88841
xxdut.xxtrim.c4                        2.88761
t2                                           0
xxdut.xxtrim.tb2                             3
xxdut.xxtrim.xr3.11                    2.88681
xxdut.xxtrim.xr3.21                    2.85853
xxdut.xxtrim.c5                        2.85773
t3                                           0
xxdut.xxtrim.tb3                             3
xxdut.xxtrim.xr4.11                    2.85694
xxdut.xxtrim.xr4.21                    2.80037
xxdut.xxtrim.c6                        2.79957
t4                                           0
xxdut.xxtrim.tb4                             3
xxdut.xxtrim.xr5.11                    2.79877
xxdut.xxtrim.xr5.21                    2.68564
xxdut.xxtrim.c7                        2.68485
t5                                           0
xxdut.xxtrim.tb5                             3
xxdut.xxtrim.xr6.11                    2.68405
xxdut.xxtrim.xr6.21                    2.45778
xxdut.xxtrim.c8                        2.45699
t6                                           0
xxdut.xxtrim.tb6                             3
xxdut.xxtrim.xr7.11                    2.45619
xxdut.xxtrim.xr7.21                    2.00366
xxdut.vc                               2.00287
t7                                           0
xxdut.xxtrim.tb7                             3
xxdut.xxcmph.tail                     0.883013
xxdut.xxcmph.dp                        1.33539
xxdut.xxcmph.dn                        1.52593
xxdut.cmph_out                         1.28635
xxdut.xxcmpl.tail                     0.792409
xxdut.xxcmpl.dp                              3
xxdut.xxcmpl.dn                        1.18251
xxdut.cmpl_out                     2.85549e-09
clk                                   0.645633
xxdut.qbar                             1.23693
xxdut.mid1                              2.4603
xxdut.mid2                              2.8227
vt7#branch                                   0
vt6#branch                                   0
vt5#branch                                   0
vt4#branch                                   0
vt3#branch                                   0
vt2#branch                                   0
vt1#branch                                   0
vt0#branch                                   0
vdd#branch                        -0.000638926

 Reference value :  0.00000e+00
 Reference value :  5.37556e-08
 Reference value :  1.05966e-07
 Reference value :  1.60857e-07
 Reference value :  2.22045e-07
 Reference value :  2.87358e-07
 Reference value :  3.50436e-07
 Reference value :  4.08362e-07
 Reference value :  4.68591e-07
 Reference value :  5.25660e-07
 Reference value :  5.83641e-07
 Reference value :  6.50249e-07
 Reference value :  7.08700e-07
 Reference value :  7.67356e-07
 Reference value :  8.32497e-07
 Reference value :  8.93567e-07
 Reference value :  9.57220e-07
 Reference value :  1.01543e-06
 Reference value :  1.07358e-06
 Reference value :  1.13166e-06
 Reference value :  1.19210e-06
No. of Data Rows : 6350
t_avg_start         =  1.19344e-07
t_avg_end           =  6.96854e-07
iq_run_ua           =  2.43736e+02 from=  1.19344e-07 to=  6.96888e-07
ngspice-46 done
Warning: m=xx on .subckt line will override multiplier m hierarchy!

Note: Starting dynamic gmin stepping
Warning: Dynamic gmin stepping failed
Note: Starting true gmin stepping
Note: True gmin stepping completed
Warning from checkvalid: vector xxdut.clk is not available or has zero length.
Note: Starting dynamic gmin stepping
Warning: Dynamic gmin stepping failed
Note: Starting true gmin stepping
Note: True gmin stepping completed
