====================================================================
gf180-rcosc Iq sweep grid point: ff_T+085C_V3p6_code0x00
process     : ff (fets=ff res=res_ff mimcap=mimcap_ff)
temperature : 85 C
supply      : 3.6 V
trim code   : 0x00 (0)
attempt     : 1 (tran 200p 1200n)
wall clock  : 9.3 s
exit status : 0
====================================================================

Note: Compatibility modes selected: hs a


Circuit: ** sch_path: /users/rwalters/github/gf180-rcosc/.loom/worktrees/issue-43/design/smoke_test.sch

Doing analysis at TEMP = 85.000000 and TNOM = 27.000000

Using SPARSE 1.3 as Direct Linear Solver
 Reference value :  0.00000e+00
No. of Data Rows : 1
iq_ua = 9.965423e+02
v(xxdut.xxcmph.dp) = 1.614878e+00
v(xxdut.xxcmph.dn) = 1.609863e+00
v(xxdut.cmph_out) = 1.546922e+00
v(xxdut.xxcmpl.dp) = 3.599818e+00
v(xxdut.xxcmpl.dn) = 9.630918e-01
v(xxdut.cmpl_out) = 8.476461e-09
Doing analysis at TEMP = 85.000000 and TNOM = 27.000000

Using SPARSE 1.3 as Direct Linear Solver

Initial Transient Solution
--------------------------

Node                                   Voltage
----                                   -------
vdd                                        3.6
xxdut.xxbias.xrba.11                   3.59909
xxdut.xxbias.xrba.21                   2.40091
xxdut.vh                                   2.4
xxdut.xxbias.xrbb.11                   2.39909
xxdut.xxbias.xrbb.21                   1.20091
xxdut.vl                                   1.2
xxdut.xxbias.xrbc.11                   1.19909
xxdut.xxbias.xrbc.21               0.000910524
xxdut.ibias                            0.96203
xxdut.xxbias.pb                        2.35579
xxdut.xxbias.n2s                      0.253898
xxdut.xxbias.xrz.11                   0.253298
xxdut.xxbias.xrz.21                0.000600098
xxdut.xxtrim.xrfix.11                  3.59956
xxdut.xxtrim.xrfix.21                  3.50096
xxdut.xxtrim.c1                        3.50052
xxdut.xxtrim.xr0.11                    3.50009
xxdut.xxtrim.xr0.21                     3.4958
xxdut.xxtrim.c2                        3.49536
t0                                           0
xxdut.xxtrim.tb0                           3.6
xxdut.xxtrim.xr1.11                    3.49493
xxdut.xxtrim.xr1.21                    3.48635
xxdut.xxtrim.c3                        3.48591
t1                                           0
xxdut.xxtrim.tb1                           3.6
xxdut.xxtrim.xr2.11                    3.48547
xxdut.xxtrim.xr2.21                    3.46831
xxdut.xxtrim.c4                        3.46788
t2                                           0
xxdut.xxtrim.tb2                           3.6
xxdut.xxtrim.xr3.11                    3.46744
xxdut.xxtrim.xr3.21                    3.43312
xxdut.xxtrim.c5                        3.43269
t3                                           0
xxdut.xxtrim.tb3                           3.6
xxdut.xxtrim.xr4.11                    3.43225
xxdut.xxtrim.xr4.21                    3.36361
xxdut.xxtrim.c6                        3.36317
t4                                           0
xxdut.xxtrim.tb4                           3.6
xxdut.xxtrim.xr5.11                    3.36274
xxdut.xxtrim.xr5.21                    3.22545
xxdut.xxtrim.c7                        3.22502
t5                                           0
xxdut.xxtrim.tb5                           3.6
xxdut.xxtrim.xr6.11                    3.22458
xxdut.xxtrim.xr6.21                    2.95001
xxdut.xxtrim.c8                        2.94957
t6                                           0
xxdut.xxtrim.tb6                           3.6
xxdut.xxtrim.xr7.11                    2.94914
xxdut.xxtrim.xr7.21                        2.4
xxdut.vc                               2.39956
t7                                           0
xxdut.xxtrim.tb7                           3.6
xxdut.xxcmph.tail                      1.11834
xxdut.xxcmph.dp                        1.61488
xxdut.xxcmph.dn                        1.60986
xxdut.cmph_out                         1.54692
xxdut.xxcmpl.tail                       0.6828
xxdut.xxcmpl.dp                        3.59982
xxdut.xxcmpl.dn                       0.963092
xxdut.cmpl_out                     8.47646e-09
clk                                   0.536006
xxdut.qbar                             1.51291
xxdut.mid1                             2.77111
xxdut.mid2                             3.32645
vt7#branch                                   0
vt6#branch                                   0
vt5#branch                                   0
vt4#branch                                   0
vt3#branch                                   0
vt2#branch                                   0
vt1#branch                                   0
vt0#branch                                   0
vdd#branch                        -0.000996542

 Reference value :  4.16099e-08
 Reference value :  1.23246e-07
 Reference value :  2.08868e-07
 Reference value :  2.81837e-07
 Reference value :  3.79365e-07
 Reference value :  4.69302e-07
 Reference value :  5.43473e-07
 Reference value :  6.30948e-07
 Reference value :  7.18040e-07
 Reference value :  7.91453e-07
 Reference value :  8.82141e-07
 Reference value :  9.71268e-07
 Reference value :  1.04379e-06
 Reference value :  1.12551e-06
No. of Data Rows : 6232
t_avg_start         =  1.07711e-07
t_avg_end           =  6.22349e-07
iq_run_ua           =  4.60061e+02 from=  1.07711e-07 to=  6.22461e-07
ngspice-46 done
Warning: m=xx on .subckt line will override multiplier m hierarchy!

Note: Starting dynamic gmin stepping
Note: Dynamic gmin stepping completed
Warning from checkvalid: vector xxdut.clk is not available or has zero length.
Note: Starting dynamic gmin stepping
Note: Dynamic gmin stepping completed
