====================================================================
gf180-rcosc Iq sweep grid point: ff_T+085C_V3p3_code0xC0
process     : ff (fets=ff res=res_ff mimcap=mimcap_ff)
temperature : 85 C
supply      : 3.3 V
trim code   : 0xC0 (192)
attempt     : 1 (tran 200p 1200n)
wall clock  : 11.5 s
exit status : 0
====================================================================

Note: Compatibility modes selected: hs a


Circuit: ** sch_path: /users/rwalters/github/gf180-rcosc/.loom/worktrees/issue-43/design/smoke_test.sch

Doing analysis at TEMP = 85.000000 and TNOM = 27.000000

Using SPARSE 1.3 as Direct Linear Solver
 Reference value :  0.00000e+00
No. of Data Rows : 1
iq_ua = 8.898875e+02
v(xxdut.xxcmph.dp) = 1.477736e+00
v(xxdut.xxcmph.dn) = 1.362860e+00
v(xxdut.cmph_out) = 1.396835e+00
v(xxdut.xxcmpl.dp) = 3.297323e+00
v(xxdut.xxcmpl.dn) = 7.551040e-01
v(xxdut.cmpl_out) = 7.657639e-09
Doing analysis at TEMP = 85.000000 and TNOM = 27.000000

Using SPARSE 1.3 as Direct Linear Solver

Initial Transient Solution
--------------------------

Node                                   Voltage
----                                   -------
vdd                                        3.3
xxdut.xxbias.xrba.11                   3.29917
xxdut.xxbias.xrba.21                   2.20083
xxdut.vh                                   2.2
xxdut.xxbias.xrbb.11                   2.19917
xxdut.xxbias.xrbb.21                   1.10083
xxdut.vl                                   1.1
xxdut.xxbias.xrbc.11                   1.09917
xxdut.xxbias.xrbc.21               0.000834647
xxdut.ibias                           0.945178
xxdut.xxbias.pb                        2.07822
xxdut.xxbias.n2s                      0.243483
xxdut.xxbias.xrz.11                   0.242907
xxdut.xxbias.xrz.21                0.000575481
xxdut.xxtrim.xrfix.11                  3.29881
xxdut.xxtrim.xrfix.21                  3.02953
xxdut.xxtrim.c1                        3.02834
xxdut.xxtrim.xr0.11                    3.02715
xxdut.xxtrim.xr0.21                    3.01544
xxdut.xxtrim.c2                        3.01425
t0                                           0
xxdut.xxtrim.tb0                           3.3
xxdut.xxtrim.xr1.11                    3.01306
xxdut.xxtrim.xr1.21                    2.98963
xxdut.xxtrim.c3                        2.98844
t1                                           0
xxdut.xxtrim.tb1                           3.3
xxdut.xxtrim.xr2.11                    2.98725
xxdut.xxtrim.xr2.21                    2.94039
xxdut.xxtrim.c4                         2.9392
t2                                           0
xxdut.xxtrim.tb2                           3.3
xxdut.xxtrim.xr3.11                    2.93801
xxdut.xxtrim.xr3.21                    2.84429
xxdut.xxtrim.c5                         2.8431
t3                                           0
xxdut.xxtrim.tb3                           3.3
xxdut.xxtrim.xr4.11                    2.84191
xxdut.xxtrim.xr4.21                    2.65446
xxdut.xxtrim.c6                        2.65327
t4                                           0
xxdut.xxtrim.tb4                           3.3
xxdut.xxtrim.xr5.11                    2.65208
xxdut.xxtrim.xr5.21                    2.27718
xxdut.xxtrim.c7                        2.27599
t5                                           0
xxdut.xxtrim.tb5                           3.3
xxdut.xxtrim.xr6.11                    2.27593
xxdut.xxtrim.xr6.21                    2.23738
xxdut.xxtrim.c8                        2.23732
t6                                         3.3
xxdut.xxtrim.tb6                   7.48846e-09
xxdut.xxtrim.xr7.11                    2.23728
xxdut.xxtrim.xr7.21                    2.18713
xxdut.vc                               2.18709
t7                                         3.3
xxdut.xxtrim.tb7                   7.48846e-09
xxdut.xxcmph.tail                     0.961329
xxdut.xxcmph.dp                        1.47774
xxdut.xxcmph.dn                        1.36286
xxdut.cmph_out                         1.39684
xxdut.xxcmpl.tail                      0.50674
xxdut.xxcmpl.dp                        3.29732
xxdut.xxcmpl.dn                       0.755104
xxdut.cmpl_out                     7.65764e-09
clk                                   0.608887
xxdut.qbar                             1.35292
xxdut.mid1                             2.61852
xxdut.mid2                             3.05511
vt7#branch                                   0
vt6#branch                                   0
vt5#branch                                   0
vt4#branch                                   0
vt3#branch                                   0
vt2#branch                                   0
vt1#branch                                   0
vt0#branch                                   0
vdd#branch                        -0.000889887

 Reference value :  4.45074e-08
 Reference value :  1.18768e-07
 Reference value :  1.90597e-07
 Reference value :  2.52927e-07
 Reference value :  3.20420e-07
 Reference value :  3.89697e-07
 Reference value :  4.50496e-07
 Reference value :  5.19159e-07
 Reference value :  5.89624e-07
 Reference value :  6.51337e-07
 Reference value :  7.14372e-07
 Reference value :  7.81692e-07
 Reference value :  8.45514e-07
 Reference value :  9.22513e-07
 Reference value :  9.83598e-07
 Reference value :  1.04752e-06
 Reference value :  1.11298e-06
 Reference value :  1.17819e-06
No. of Data Rows : 6563
t_avg_start         =  5.53370e-08
t_avg_end           =  3.10005e-07
iq_run_ua           =  4.98714e+02 from=  5.53370e-08 to=  3.10045e-07
ngspice-46 done
Warning: m=xx on .subckt line will override multiplier m hierarchy!

Note: Starting dynamic gmin stepping
Note: Dynamic gmin stepping completed
Warning from checkvalid: vector xxdut.clk is not available or has zero length.
Note: Starting dynamic gmin stepping
Note: Dynamic gmin stepping completed
