====================================================================
gf180-rcosc Iq sweep grid point: fs_T-040C_V3p0_code0x00
process     : fs (fets=fs res=res_typical mimcap=mimcap_typical)
temperature : -40 C
supply      : 3 V
trim code   : 0x00 (0)
attempt     : 1 (tran 200p 1200n)
wall clock  : 9.5 s
exit status : 0
====================================================================

Note: Compatibility modes selected: hs a


Circuit: ** sch_path: /users/rwalters/github/gf180-rcosc/.loom/worktrees/issue-43/design/smoke_test.sch

Doing analysis at TEMP = -40.000000 and TNOM = 27.000000

Using SPARSE 1.3 as Direct Linear Solver
 Reference value :  0.00000e+00
No. of Data Rows : 1
iq_ua = 4.496581e+02
v(xxdut.xxcmph.dp) = 1.236419e+00
v(xxdut.xxcmph.dn) = 1.379501e+00
v(xxdut.cmph_out) = 1.188148e+00
v(xxdut.xxcmpl.dp) = 3.000000e+00
v(xxdut.xxcmpl.dn) = 1.068821e+00
v(xxdut.cmpl_out) = 2.854306e-09
Doing analysis at TEMP = -40.000000 and TNOM = 27.000000

Using SPARSE 1.3 as Direct Linear Solver

Initial Transient Solution
--------------------------

Node                                   Voltage
----                                   -------
vdd                                          3
xxdut.xxbias.xrba.11                   2.99865
xxdut.xxbias.xrba.21                   2.00135
xxdut.vh                                     2
xxdut.xxbias.xrbb.11                   1.99865
xxdut.xxbias.xrbb.21                   1.00135
xxdut.vl                                     1
xxdut.xxbias.xrbc.11                  0.998653
xxdut.xxbias.xrbc.21                 0.0013474
xxdut.ibias                           0.867557
xxdut.xxbias.pb                        1.74001
xxdut.xxbias.n2s                      0.123733
xxdut.xxbias.xrz.11                   0.123215
xxdut.xxbias.xrz.21                0.000518031
xxdut.xxtrim.xrfix.11                  2.99936
xxdut.xxtrim.xrfix.21                  2.91783
xxdut.xxtrim.c1                        2.91719
xxdut.xxtrim.xr0.11                    2.91655
xxdut.xxtrim.xr0.21                      2.913
xxdut.xxtrim.c2                        2.91236
t0                                           0
xxdut.xxtrim.tb0                             3
xxdut.xxtrim.xr1.11                    2.91172
xxdut.xxtrim.xr1.21                    2.90463
xxdut.xxtrim.c3                        2.90399
t1                                           0
xxdut.xxtrim.tb1                             3
xxdut.xxtrim.xr2.11                    2.90335
xxdut.xxtrim.xr2.21                    2.88916
xxdut.xxtrim.c4                        2.88852
t2                                           0
xxdut.xxtrim.tb2                             3
xxdut.xxtrim.xr3.11                    2.88788
xxdut.xxtrim.xr3.21                     2.8595
xxdut.xxtrim.c5                        2.85886
t3                                           0
xxdut.xxtrim.tb3                             3
xxdut.xxtrim.xr4.11                    2.85822
xxdut.xxtrim.xr4.21                    2.80147
xxdut.xxtrim.c6                        2.80083
t4                                           0
xxdut.xxtrim.tb4                             3
xxdut.xxtrim.xr5.11                    2.80019
xxdut.xxtrim.xr5.21                    2.68668
xxdut.xxtrim.c7                        2.68604
t5                                           0
xxdut.xxtrim.tb5                             3
xxdut.xxtrim.xr6.11                     2.6854
xxdut.xxtrim.xr6.21                    2.45839
xxdut.xxtrim.c8                        2.45775
t6                                           0
xxdut.xxtrim.tb6                             3
xxdut.xxtrim.xr7.11                    2.45711
xxdut.xxtrim.xr7.21                    2.00308
xxdut.vc                               2.00244
t7                                           0
xxdut.xxtrim.tb7                             3
xxdut.xxcmph.tail                     0.878657
xxdut.xxcmph.dp                        1.23642
xxdut.xxcmph.dn                         1.3795
xxdut.cmph_out                         1.18815
xxdut.xxcmpl.tail                     0.796485
xxdut.xxcmpl.dp                              3
xxdut.xxcmpl.dn                        1.06882
xxdut.cmpl_out                     2.85431e-09
clk                                   0.666046
xxdut.qbar                             1.15619
xxdut.mid1                             2.55268
xxdut.mid2                             2.85417
vt7#branch                                   0
vt6#branch                                   0
vt5#branch                                   0
vt4#branch                                   0
vt3#branch                                   0
vt2#branch                                   0
vt1#branch                                   0
vt0#branch                                   0
vdd#branch                        -0.000449658

 Reference value :  4.27805e-08
 Reference value :  1.52437e-07
 Reference value :  2.45264e-07
 Reference value :  3.49120e-07
 Reference value :  4.68368e-07
 Reference value :  5.83294e-07
 Reference value :  7.06702e-07
 Reference value :  8.22644e-07
 Reference value :  9.13783e-07
 Reference value :  1.01790e-06
 Reference value :  1.12836e-06
No. of Data Rows : 6230
t_avg_start         =  1.59901e-07
t_avg_end           =  9.40064e-07
iq_run_ua           =  1.80137e+02 from=  1.59901e-07 to=  9.40096e-07
ngspice-46 done
Warning: m=xx on .subckt line will override multiplier m hierarchy!

Note: Starting dynamic gmin stepping
Note: Dynamic gmin stepping completed
Warning from checkvalid: vector xxdut.clk is not available or has zero length.
Note: Starting dynamic gmin stepping
Note: Dynamic gmin stepping completed
