====================================================================
gf180-rcosc Iq sweep grid point: fs_T+027C_V3p0_code0xC0
process     : fs (fets=fs res=res_typical mimcap=mimcap_typical)
temperature : 27 C
supply      : 3 V
trim code   : 0xC0 (192)
attempt     : 1 (tran 200p 1200n)
wall clock  : 10.4 s
exit status : 0
====================================================================

Note: Compatibility modes selected: hs a


Circuit: ** sch_path: /users/rwalters/github/gf180-rcosc/.loom/worktrees/issue-43/design/smoke_test.sch

Doing analysis at TEMP = 27.000000 and TNOM = 27.000000

Using SPARSE 1.3 as Direct Linear Solver
 Reference value :  0.00000e+00
No. of Data Rows : 1
iq_ua = 4.985542e+02
v(xxdut.xxcmph.dp) = 1.235167e+00
v(xxdut.xxcmph.dn) = 1.216779e+00
v(xxdut.cmph_out) = 1.167491e+00
v(xxdut.xxcmpl.dp) = 3.000000e+00
v(xxdut.xxcmpl.dn) = 8.017436e-01
v(xxdut.cmpl_out) = 3.599569e-09
Doing analysis at TEMP = 27.000000 and TNOM = 27.000000

Using SPARSE 1.3 as Direct Linear Solver

Initial Transient Solution
--------------------------

Node                                   Voltage
----                                   -------
vdd                                          3
xxdut.xxbias.xrba.11                   2.99916
xxdut.xxbias.xrba.21                   2.00084
xxdut.vh                                     2
xxdut.xxbias.xrbb.11                   1.99916
xxdut.xxbias.xrbb.21                   1.00084
xxdut.vl                                     1
xxdut.xxbias.xrbc.11                  0.999159
xxdut.xxbias.xrbc.21               0.000841267
xxdut.ibias                           0.871686
xxdut.xxbias.pb                        1.70094
xxdut.xxbias.n2s                      0.161894
xxdut.xxbias.xrz.11                    0.16147
xxdut.xxbias.xrz.21                0.000424098
xxdut.xxtrim.xrfix.11                  2.99883
xxdut.xxtrim.xrfix.21                  2.76086
xxdut.xxtrim.c1                         2.7597
xxdut.xxtrim.xr0.11                    2.75853
xxdut.xxtrim.xr0.21                    2.74818
xxdut.xxtrim.c2                        2.74701
t0                                           0
xxdut.xxtrim.tb0                             3
xxdut.xxtrim.xr1.11                    2.74585
xxdut.xxtrim.xr1.21                    2.72514
xxdut.xxtrim.c3                        2.72398
t1                                           0
xxdut.xxtrim.tb1                             3
xxdut.xxtrim.xr2.11                    2.72281
xxdut.xxtrim.xr2.21                     2.6814
xxdut.xxtrim.c4                        2.68023
t2                                           0
xxdut.xxtrim.tb2                             3
xxdut.xxtrim.xr3.11                    2.67906
xxdut.xxtrim.xr3.21                    2.59624
xxdut.xxtrim.c5                        2.59507
t3                                           0
xxdut.xxtrim.tb3                             3
xxdut.xxtrim.xr4.11                    2.59391
xxdut.xxtrim.xr4.21                    2.42825
xxdut.xxtrim.c6                        2.42708
t4                                           0
xxdut.xxtrim.tb4                             3
xxdut.xxtrim.xr5.11                    2.42592
xxdut.xxtrim.xr5.21                     2.0946
xxdut.xxtrim.c7                        2.09344
t5                                           0
xxdut.xxtrim.tb5                             3
xxdut.xxtrim.xr6.11                    2.09336
xxdut.xxtrim.xr6.21                    2.05143
xxdut.xxtrim.c8                        2.05136
t6                                           3
xxdut.xxtrim.tb6                   3.59957e-09
xxdut.xxtrim.xr7.11                    2.05131
xxdut.xxtrim.xr7.21                    1.99916
xxdut.vc                               1.99911
t7                                           3
xxdut.xxtrim.tb7                   3.59957e-09
xxdut.xxcmph.tail                     0.867151
xxdut.xxcmph.dp                        1.23517
xxdut.xxcmph.dn                        1.21678
xxdut.cmph_out                         1.16749
xxdut.xxcmpl.tail                     0.627176
xxdut.xxcmpl.dp                              3
xxdut.xxcmpl.dn                       0.801744
xxdut.cmpl_out                     3.59957e-09
clk                                   0.662626
xxdut.qbar                             1.14358
xxdut.mid1                             2.54249
xxdut.mid2                             2.83624
vt7#branch                                   0
vt6#branch                                   0
vt5#branch                                   0
vt4#branch                                   0
vt3#branch                                   0
vt2#branch                                   0
vt1#branch                                   0
vt0#branch                                   0
vdd#branch                        -0.000498554

 Reference value :  2.37654e-08
 Reference value :  1.00096e-07
 Reference value :  1.77915e-07
 Reference value :  2.65210e-07
 Reference value :  3.45770e-07
 Reference value :  4.23987e-07
 Reference value :  5.04047e-07
 Reference value :  5.89665e-07
 Reference value :  6.71141e-07
 Reference value :  7.57172e-07
 Reference value :  8.39808e-07
 Reference value :  9.24195e-07
 Reference value :  1.01080e-06
 Reference value :  1.09201e-06
 Reference value :  1.18095e-06
No. of Data Rows : 6370
t_avg_start         =  7.49279e-08
t_avg_end           =  4.29975e-07
iq_run_ua           =  2.79741e+02 from=  7.49279e-08 to=  4.30015e-07
ngspice-46 done
Warning: m=xx on .subckt line will override multiplier m hierarchy!

Note: Starting dynamic gmin stepping
Note: Dynamic gmin stepping completed
Warning from checkvalid: vector xxdut.clk is not available or has zero length.
Note: Starting dynamic gmin stepping
Note: Dynamic gmin stepping completed
