====================================================================
gf180-rcosc Iq sweep grid point: fs_T+085C_V3p6_code0xFF
process     : fs (fets=fs res=res_typical mimcap=mimcap_typical)
temperature : 85 C
supply      : 3.6 V
trim code   : 0xFF (255)
attempt     : 1 (tran 200p 1200n)
wall clock  : 10.2 s
exit status : 0
====================================================================

Note: Compatibility modes selected: hs a


Circuit: ** sch_path: /users/rwalters/github/gf180-rcosc/.loom/worktrees/issue-43/design/smoke_test.sch

Doing analysis at TEMP = 85.000000 and TNOM = 27.000000

Using SPARSE 1.3 as Direct Linear Solver
 Reference value :  0.00000e+00
No. of Data Rows : 1
iq_ua = 8.116493e+02
v(xxdut.xxcmph.dp) = 1.498708e+00
v(xxdut.xxcmph.dn) = 1.542943e+00
v(xxdut.cmph_out) = 1.378584e+00
v(xxdut.xxcmpl.dp) = 3.599988e+00
v(xxdut.xxcmpl.dn) = 9.732952e-01
v(xxdut.cmpl_out) = 5.242283e-09
Doing analysis at TEMP = 85.000000 and TNOM = 27.000000

Using SPARSE 1.3 as Direct Linear Solver

Initial Transient Solution
--------------------------

Node                                   Voltage
----                                   -------
vdd                                        3.6
xxdut.xxbias.xrba.11                   3.59927
xxdut.xxbias.xrba.21                   2.40073
xxdut.vh                                   2.4
xxdut.xxbias.xrbb.11                   2.39927
xxdut.xxbias.xrbb.21                   1.20073
xxdut.vl                                   1.2
xxdut.xxbias.xrbc.11                   1.19927
xxdut.xxbias.xrbc.21                0.00072864
xxdut.ibias                           0.921021
xxdut.xxbias.pb                        2.20833
xxdut.xxbias.n2s                      0.220506
xxdut.xxbias.xrz.11                   0.220089
xxdut.xxbias.xrz.21                0.000417334
xxdut.xxtrim.xrfix.11                  3.59757
xxdut.xxtrim.xrfix.21                  2.90931
xxdut.xxtrim.c1                        2.90688
xxdut.xxtrim.xr0.11                    2.90591
xxdut.xxtrim.xr0.21                    2.89408
xxdut.xxtrim.c2                        2.89311
t0                                         3.6
xxdut.xxtrim.tb0                   5.24229e-09
xxdut.xxtrim.xr1.11                    2.89227
xxdut.xxtrim.xr1.21                    2.87153
xxdut.xxtrim.c3                        2.87069
t1                                         3.6
xxdut.xxtrim.tb1                   5.24229e-09
xxdut.xxtrim.xr2.11                    2.87003
xxdut.xxtrim.xr2.21                    2.83778
xxdut.xxtrim.c4                        2.83713
t2                                         3.6
xxdut.xxtrim.tb2                   5.24229e-09
xxdut.xxtrim.xr3.11                    2.83659
xxdut.xxtrim.xr3.21                    2.78414
xxdut.xxtrim.c5                        2.78361
t3                                         3.6
xxdut.xxtrim.tb3                   5.24229e-09
xxdut.xxtrim.xr4.11                    2.78323
xxdut.xxtrim.xr4.21                    2.70996
xxdut.xxtrim.c6                        2.70959
t4                                         3.6
xxdut.xxtrim.tb4                   5.24229e-09
xxdut.xxtrim.xr5.11                    2.70937
xxdut.xxtrim.xr5.21                    2.62361
xxdut.xxtrim.c7                        2.62339
t5                                         3.6
xxdut.xxtrim.tb5                   5.24229e-09
xxdut.xxtrim.xr6.11                    2.62327
xxdut.xxtrim.xr6.21                    2.52502
xxdut.xxtrim.c8                        2.52489
t6                                         3.6
xxdut.xxtrim.tb6                   5.24229e-09
xxdut.xxtrim.xr7.11                    2.52482
xxdut.xxtrim.xr7.21                    2.40743
xxdut.vc                               2.40735
t7                                         3.6
xxdut.xxtrim.tb7                   5.24229e-09
xxdut.xxcmph.tail                      1.14322
xxdut.xxcmph.dp                        1.49871
xxdut.xxcmph.dn                        1.54294
xxdut.cmph_out                         1.37858
xxdut.xxcmpl.tail                     0.749961
xxdut.xxcmpl.dp                        3.59999
xxdut.xxcmpl.dn                       0.973295
xxdut.cmpl_out                     5.24228e-09
clk                                   0.706672
xxdut.qbar                             1.35469
xxdut.mid1                             2.96144
xxdut.mid2                             3.34163
vt7#branch                                   0
vt6#branch                                   0
vt5#branch                                   0
vt4#branch                                   0
vt3#branch                                   0
vt2#branch                                   0
vt1#branch                                   0
vt0#branch                                   0
vdd#branch                        -0.000811649

 Reference value :  3.48697e-08
 Reference value :  1.01645e-07
 Reference value :  1.67177e-07
 Reference value :  2.36679e-07
 Reference value :  3.09393e-07
 Reference value :  3.87883e-07
 Reference value :  4.55312e-07
 Reference value :  5.21387e-07
 Reference value :  5.86719e-07
 Reference value :  6.70920e-07
 Reference value :  7.61614e-07
 Reference value :  8.51666e-07
 Reference value :  9.39116e-07
 Reference value :  1.02079e-06
 Reference value :  1.09135e-06
 Reference value :  1.15814e-06
No. of Data Rows : 6564
t_avg_start         =  4.92675e-08
t_avg_end           =  2.61465e-07
iq_run_ua           =  5.48240e+02 from=  4.92675e-08 to=  2.61541e-07
ngspice-46 done
Warning: m=xx on .subckt line will override multiplier m hierarchy!

Note: Starting dynamic gmin stepping
Note: Dynamic gmin stepping completed
Warning from checkvalid: vector xxdut.clk is not available or has zero length.
Note: Starting dynamic gmin stepping
Note: Dynamic gmin stepping completed
