====================================================================
gf180-rcosc Iq sweep grid point: fs_T+027C_V3p6_code0xC0
process     : fs (fets=fs res=res_typical mimcap=mimcap_typical)
temperature : 27 C
supply      : 3.6 V
trim code   : 0xC0 (192)
attempt     : 1 (tran 200p 1200n)
wall clock  : 9.5 s
exit status : 0
====================================================================

Note: Compatibility modes selected: hs a


Circuit: ** sch_path: /users/rwalters/github/gf180-rcosc/.loom/worktrees/issue-43/design/smoke_test.sch

Doing analysis at TEMP = 27.000000 and TNOM = 27.000000

Using SPARSE 1.3 as Direct Linear Solver
 Reference value :  0.00000e+00
No. of Data Rows : 1
iq_ua = 7.470710e+02
v(xxdut.xxcmph.dp) = 1.493880e+00
v(xxdut.xxcmph.dn) = 1.703771e+00
v(xxdut.cmph_out) = 1.408757e+00
v(xxdut.xxcmpl.dp) = 3.600000e+00
v(xxdut.xxcmpl.dn) = 1.230031e+00
v(xxdut.cmpl_out) = 4.444010e-09
Doing analysis at TEMP = 27.000000 and TNOM = 27.000000

Using SPARSE 1.3 as Direct Linear Solver

Initial Transient Solution
--------------------------

Node                                   Voltage
----                                   -------
vdd                                        3.6
xxdut.xxbias.xrba.11                   3.59899
xxdut.xxbias.xrba.21                   2.40101
xxdut.vh                                   2.4
xxdut.xxbias.xrbb.11                   2.39899
xxdut.xxbias.xrbb.21                   1.20101
xxdut.vl                                   1.2
xxdut.xxbias.xrbc.11                   1.19899
xxdut.xxbias.xrbc.21                0.00100952
xxdut.ibias                            0.90559
xxdut.xxbias.pb                         2.2508
xxdut.xxbias.n2s                       0.18234
xxdut.xxbias.xrz.11                   0.181862
xxdut.xxbias.xrz.21                0.000477657
xxdut.xxtrim.xrfix.11                  3.59856
xxdut.xxtrim.xrfix.21                  3.30528
xxdut.xxtrim.c1                        3.30384
xxdut.xxtrim.xr0.11                     3.3024
xxdut.xxtrim.xr0.21                    3.28964
xxdut.xxtrim.c2                        3.28821
t0                                           0
xxdut.xxtrim.tb0                           3.6
xxdut.xxtrim.xr1.11                    3.28677
xxdut.xxtrim.xr1.21                    3.26125
xxdut.xxtrim.c3                        3.25981
t1                                           0
xxdut.xxtrim.tb1                           3.6
xxdut.xxtrim.xr2.11                    3.25838
xxdut.xxtrim.xr2.21                    3.20734
xxdut.xxtrim.c4                         3.2059
t2                                           0
xxdut.xxtrim.tb2                           3.6
xxdut.xxtrim.xr3.11                    3.20446
xxdut.xxtrim.xr3.21                    3.10238
xxdut.xxtrim.c5                        3.10094
t3                                           0
xxdut.xxtrim.tb3                           3.6
xxdut.xxtrim.xr4.11                    3.09951
xxdut.xxtrim.xr4.21                    2.89534
xxdut.xxtrim.c6                        2.89391
t4                                           0
xxdut.xxtrim.tb4                           3.6
xxdut.xxtrim.xr5.11                    2.89247
xxdut.xxtrim.xr5.21                    2.48414
xxdut.xxtrim.c7                        2.48271
t5                                           0
xxdut.xxtrim.tb5                           3.6
xxdut.xxtrim.xr6.11                    2.48265
xxdut.xxtrim.xr6.21                    2.45098
xxdut.xxtrim.c8                        2.45092
t6                                         3.6
xxdut.xxtrim.tb6                   4.44401e-09
xxdut.xxtrim.xr7.11                    2.45088
xxdut.xxtrim.xr7.21                    2.40987
xxdut.vc                               2.40983
t7                                         3.6
xxdut.xxtrim.tb7                   4.44401e-09
xxdut.xxcmph.tail                      1.16898
xxdut.xxcmph.dp                        1.49388
xxdut.xxcmph.dn                        1.70377
xxdut.cmph_out                         1.40876
xxdut.xxcmpl.tail                     0.974965
xxdut.xxcmpl.dp                            3.6
xxdut.xxcmpl.dn                        1.23003
xxdut.cmpl_out                     4.44401e-09
clk                                   0.674563
xxdut.qbar                               1.359
xxdut.mid1                             2.95034
xxdut.mid2                             3.35478
vt7#branch                                   0
vt6#branch                                   0
vt5#branch                                   0
vt4#branch                                   0
vt3#branch                                   0
vt2#branch                                   0
vt1#branch                                   0
vt0#branch                                   0
vdd#branch                        -0.000747071

 Reference value :  4.24727e-08
 Reference value :  1.38739e-07
 Reference value :  2.31116e-07
 Reference value :  3.16055e-07
 Reference value :  3.91094e-07
 Reference value :  4.59294e-07
 Reference value :  5.32458e-07
 Reference value :  6.07398e-07
 Reference value :  6.77196e-07
 Reference value :  7.60190e-07
 Reference value :  8.43627e-07
 Reference value :  9.14368e-07
 Reference value :  9.90656e-07
 Reference value :  1.06217e-06
 Reference value :  1.12903e-06
No. of Data Rows : 6427
t_avg_start         =  7.21455e-08
t_avg_end           =  4.07433e-07
iq_run_ua           =  3.58718e+02 from=  7.21455e-08 to=  4.07443e-07
ngspice-46 done
Warning: m=xx on .subckt line will override multiplier m hierarchy!

Note: Starting dynamic gmin stepping
Note: Dynamic gmin stepping completed
Warning from checkvalid: vector xxdut.clk is not available or has zero length.
Note: Starting dynamic gmin stepping
Note: Dynamic gmin stepping completed
