====================================================================
gf180-rcosc Iq sweep grid point: fs_T+085C_V3p6_code0xC0
process     : fs (fets=fs res=res_typical mimcap=mimcap_typical)
temperature : 85 C
supply      : 3.6 V
trim code   : 0xC0 (192)
attempt     : 1 (tran 200p 1200n)
wall clock  : 9.7 s
exit status : 0
====================================================================

Note: Compatibility modes selected: hs a


Circuit: ** sch_path: /users/rwalters/github/gf180-rcosc/.loom/worktrees/issue-43/design/smoke_test.sch

Doing analysis at TEMP = 85.000000 and TNOM = 27.000000

Using SPARSE 1.3 as Direct Linear Solver
 Reference value :  0.00000e+00
No. of Data Rows : 1
iq_ua = 7.656259e+02
v(xxdut.xxcmph.dp) = 1.498053e+00
v(xxdut.xxcmph.dn) = 1.542946e+00
v(xxdut.cmph_out) = 1.407913e+00
v(xxdut.xxcmpl.dp) = 3.599988e+00
v(xxdut.xxcmpl.dn) = 9.732941e-01
v(xxdut.cmpl_out) = 5.242283e-09
Doing analysis at TEMP = 85.000000 and TNOM = 27.000000

Using SPARSE 1.3 as Direct Linear Solver

Initial Transient Solution
--------------------------

Node                                   Voltage
----                                   -------
vdd                                        3.6
xxdut.xxbias.xrba.11                   3.59927
xxdut.xxbias.xrba.21                   2.40073
xxdut.vh                                   2.4
xxdut.xxbias.xrbb.11                   2.39927
xxdut.xxbias.xrbb.21                   1.20073
xxdut.vl                                   1.2
xxdut.xxbias.xrbc.11                   1.19927
xxdut.xxbias.xrbc.21                0.00072864
xxdut.ibias                           0.921021
xxdut.xxbias.pb                        2.20833
xxdut.xxbias.n2s                      0.220506
xxdut.xxbias.xrz.11                   0.220089
xxdut.xxbias.xrz.21                0.000417334
xxdut.xxtrim.xrfix.11                  3.59897
xxdut.xxtrim.xrfix.21                  3.30662
xxdut.xxtrim.c1                        3.30559
xxdut.xxtrim.xr0.11                    3.30455
xxdut.xxtrim.xr0.21                    3.29184
xxdut.xxtrim.c2                         3.2908
t0                                           0
xxdut.xxtrim.tb0                           3.6
xxdut.xxtrim.xr1.11                    3.28977
xxdut.xxtrim.xr1.21                    3.26433
xxdut.xxtrim.c3                         3.2633
t1                                           0
xxdut.xxtrim.tb1                           3.6
xxdut.xxtrim.xr2.11                    3.26227
xxdut.xxtrim.xr2.21                    3.21139
xxdut.xxtrim.c4                        3.21036
t2                                           0
xxdut.xxtrim.tb2                           3.6
xxdut.xxtrim.xr3.11                    3.20932
xxdut.xxtrim.xr3.21                    3.10757
xxdut.xxtrim.c5                        3.10654
t3                                           0
xxdut.xxtrim.tb3                           3.6
xxdut.xxtrim.xr4.11                     3.1055
xxdut.xxtrim.xr4.21                      2.902
xxdut.xxtrim.c6                        2.90096
t4                                           0
xxdut.xxtrim.tb4                           3.6
xxdut.xxtrim.xr5.11                    2.89993
xxdut.xxtrim.xr5.21                    2.49291
xxdut.xxtrim.c7                        2.49188
t5                                           0
xxdut.xxtrim.tb5                           3.6
xxdut.xxtrim.xr6.11                    2.49183
xxdut.xxtrim.xr6.21                     2.4552
xxdut.xxtrim.c8                        2.45515
t6                                         3.6
xxdut.xxtrim.tb6                   5.24229e-09
xxdut.xxtrim.xr7.11                    2.45512
xxdut.xxtrim.xr7.21                    2.40753
xxdut.vc                                2.4075
t7                                         3.6
xxdut.xxtrim.tb7                   5.24229e-09
xxdut.xxcmph.tail                      1.14322
xxdut.xxcmph.dp                        1.49805
xxdut.xxcmph.dn                        1.54295
xxdut.cmph_out                         1.40791
xxdut.xxcmpl.tail                     0.749991
xxdut.xxcmpl.dp                        3.59999
xxdut.xxcmpl.dn                       0.973294
xxdut.cmpl_out                     5.24228e-09
clk                                   0.628399
xxdut.qbar                              1.3641
xxdut.mid1                             2.91412
xxdut.mid2                             3.34393
vt7#branch                                   0
vt6#branch                                   0
vt5#branch                                   0
vt4#branch                                   0
vt3#branch                                   0
vt2#branch                                   0
vt1#branch                                   0
vt0#branch                                   0
vdd#branch                        -0.000765626

 Reference value :  3.43172e-08
 Reference value :  1.20286e-07
 Reference value :  2.04677e-07
 Reference value :  2.85849e-07
 Reference value :  3.63699e-07
 Reference value :  4.40928e-07
 Reference value :  5.22679e-07
 Reference value :  6.05631e-07
 Reference value :  6.79386e-07
 Reference value :  7.53134e-07
 Reference value :  8.30412e-07
 Reference value :  9.27855e-07
 Reference value :  1.03054e-06
 Reference value :  1.13521e-06
No. of Data Rows : 6466
t_avg_start         =  7.32811e-08
t_avg_end           =  4.00792e-07
iq_run_ua           =  4.07378e+02 from=  7.32811e-08 to=  4.00877e-07
ngspice-46 done
Warning: m=xx on .subckt line will override multiplier m hierarchy!

Note: Starting dynamic gmin stepping
Note: Dynamic gmin stepping completed
Warning from checkvalid: vector xxdut.clk is not available or has zero length.
Note: Starting dynamic gmin stepping
Note: Dynamic gmin stepping completed
