====================================================================
gf180-rcosc Iq sweep grid point: rc_f_T-040C_V3p3_code0x80
process     : rc_f (fets=typical res=res_ff mimcap=mimcap_ff)
temperature : -40 C
supply      : 3.3 V
trim code   : 0x80 (128)
attempt     : 1 (tran 200p 1200n)
wall clock  : 10.2 s
exit status : 0
====================================================================

Note: Compatibility modes selected: hs a


Circuit: ** sch_path: /users/rwalters/github/gf180-rcosc/.loom/worktrees/issue-43/design/smoke_test.sch

Doing analysis at TEMP = -40.000000 and TNOM = 27.000000

Using SPARSE 1.3 as Direct Linear Solver
 Reference value :  0.00000e+00
No. of Data Rows : 1
iq_ua = 6.413232e+02
v(xxdut.xxcmph.dp) = 1.476437e+00
v(xxdut.xxcmph.dn) = 1.667223e+00
v(xxdut.cmph_out) = 1.416399e+00
v(xxdut.xxcmpl.dp) = 3.300000e+00
v(xxdut.xxcmpl.dn) = 1.307222e+00
v(xxdut.cmpl_out) = 3.346496e-09
Doing analysis at TEMP = -40.000000 and TNOM = 27.000000

Using SPARSE 1.3 as Direct Linear Solver

Initial Transient Solution
--------------------------

Node                                   Voltage
----                                   -------
vdd                                        3.3
xxdut.xxbias.xrba.11                   3.29815
xxdut.xxbias.xrba.21                   2.20185
xxdut.vh                                   2.2
xxdut.xxbias.xrbb.11                   2.19815
xxdut.xxbias.xrbb.21                   1.10185
xxdut.vl                                   1.1
xxdut.xxbias.xrbc.11                   1.09815
xxdut.xxbias.xrbc.21                0.00185143
xxdut.ibias                           0.989235
xxdut.xxbias.pb                        2.08094
xxdut.xxbias.n2s                      0.139978
xxdut.xxbias.xrz.11                   0.139247
xxdut.xxbias.xrz.21                 0.00073102
xxdut.xxtrim.xrfix.11                  3.29844
xxdut.xxtrim.xrfix.21                  3.13908
xxdut.xxtrim.c1                        3.13752
xxdut.xxtrim.xr0.11                    3.13595
xxdut.xxtrim.xr0.21                    3.12902
xxdut.xxtrim.c2                        3.12745
t0                                           0
xxdut.xxtrim.tb0                           3.3
xxdut.xxtrim.xr1.11                    3.12589
xxdut.xxtrim.xr1.21                    3.11202
xxdut.xxtrim.c3                        3.11046
t1                                           0
xxdut.xxtrim.tb1                           3.3
xxdut.xxtrim.xr2.11                    3.10889
xxdut.xxtrim.xr2.21                    3.08116
xxdut.xxtrim.c4                         3.0796
t2                                           0
xxdut.xxtrim.tb2                           3.3
xxdut.xxtrim.xr3.11                    3.07803
xxdut.xxtrim.xr3.21                    3.02257
xxdut.xxtrim.c5                          3.021
t3                                           0
xxdut.xxtrim.tb3                           3.3
xxdut.xxtrim.xr4.11                    3.01944
xxdut.xxtrim.xr4.21                    2.90851
xxdut.xxtrim.c6                        2.90695
t4                                           0
xxdut.xxtrim.tb4                           3.3
xxdut.xxtrim.xr5.11                    2.90538
xxdut.xxtrim.xr5.21                    2.68352
xxdut.xxtrim.c7                        2.68196
t5                                           0
xxdut.xxtrim.tb5                           3.3
xxdut.xxtrim.xr6.11                    2.68039
xxdut.xxtrim.xr6.21                    2.23667
xxdut.xxtrim.c8                        2.23511
t6                                           0
xxdut.xxtrim.tb6                           3.3
xxdut.xxtrim.xr7.11                    2.23505
xxdut.xxtrim.xr7.21                     2.2026
xxdut.vc                               2.20255
t7                                         3.3
xxdut.xxtrim.tb7                    3.3465e-09
xxdut.xxcmph.tail                     0.937284
xxdut.xxcmph.dp                        1.47644
xxdut.xxcmph.dn                        1.66722
xxdut.cmph_out                          1.4164
xxdut.xxcmpl.tail                     0.842808
xxdut.xxcmpl.dp                            3.3
xxdut.xxcmpl.dn                        1.30722
xxdut.cmpl_out                      3.3465e-09
clk                                   0.790496
xxdut.qbar                             1.37155
xxdut.mid1                             2.76379
xxdut.mid2                             3.11986
vt7#branch                                   0
vt6#branch                                   0
vt5#branch                                   0
vt4#branch                                   0
vt3#branch                                   0
vt2#branch                                   0
vt1#branch                                   0
vt0#branch                                   0
vdd#branch                        -0.000641323

 Reference value :  0.00000e+00
 Reference value :  8.33705e-08
 Reference value :  1.71555e-07
 Reference value :  2.61296e-07
 Reference value :  3.43768e-07
 Reference value :  4.28470e-07
 Reference value :  5.21394e-07
 Reference value :  6.08354e-07
 Reference value :  6.98766e-07
 Reference value :  7.84011e-07
 Reference value :  8.71708e-07
 Reference value :  9.54689e-07
 Reference value :  1.03561e-06
 Reference value :  1.11747e-06
No. of Data Rows : 6489
t_avg_start         =  8.29496e-08
t_avg_end           =  4.79933e-07
iq_run_ua           =  2.76780e+02 from=  8.29496e-08 to=  4.79951e-07
ngspice-46 done
Warning: m=xx on .subckt line will override multiplier m hierarchy!

Note: Starting dynamic gmin stepping
Warning: Dynamic gmin stepping failed
Note: Starting true gmin stepping
Note: True gmin stepping completed
Warning from checkvalid: vector xxdut.clk is not available or has zero length.
Note: Starting dynamic gmin stepping
Warning: Dynamic gmin stepping failed
Note: Starting true gmin stepping
Note: True gmin stepping completed
