====================================================================
gf180-rcosc Iq sweep grid point: rc_f_T+085C_V3p0_code0x80
process     : rc_f (fets=typical res=res_ff mimcap=mimcap_ff)
temperature : 85 C
supply      : 3 V
trim code   : 0x80 (128)
attempt     : 1 (tran 200p 1200n)
wall clock  : 10.8 s
exit status : 0
====================================================================

Note: Compatibility modes selected: hs a


Circuit: ** sch_path: /users/rwalters/github/gf180-rcosc/.loom/worktrees/issue-43/design/smoke_test.sch

Doing analysis at TEMP = 85.000000 and TNOM = 27.000000

Using SPARSE 1.3 as Direct Linear Solver
 Reference value :  0.00000e+00
No. of Data Rows : 1
iq_ua = 6.293969e+02
v(xxdut.xxcmph.dp) = 1.347129e+00
v(xxdut.xxcmph.dn) = 9.514307e-01
v(xxdut.cmph_out) = 1.283985e+00
v(xxdut.xxcmpl.dp) = 2.987934e+00
v(xxdut.xxcmpl.dn) = 5.019515e-01
v(xxdut.cmpl_out) = 4.893432e-09
Doing analysis at TEMP = 85.000000 and TNOM = 27.000000

Using SPARSE 1.3 as Direct Linear Solver

Initial Transient Solution
--------------------------

Node                                   Voltage
----                                   -------
vdd                                          3
xxdut.xxbias.xrba.11                   2.99924
xxdut.xxbias.xrba.21                   2.00076
xxdut.vh                                     2
xxdut.xxbias.xrbb.11                   1.99924
xxdut.xxbias.xrbb.21                   1.00076
xxdut.vl                                     1
xxdut.xxbias.xrbc.11                  0.999241
xxdut.xxbias.xrbc.21                0.00075877
xxdut.ibias                            1.05156
xxdut.xxbias.pb                        1.65382
xxdut.xxbias.n2s                      0.235428
xxdut.xxbias.xrz.11                   0.234871
xxdut.xxbias.xrz.21                0.000556442
xxdut.xxtrim.xrfix.11                  2.99932
xxdut.xxtrim.xrfix.21                  2.84441
xxdut.xxtrim.c1                        2.84372
xxdut.xxtrim.xr0.11                    2.84304
xxdut.xxtrim.xr0.21                     2.8363
xxdut.xxtrim.c2                        2.83562
t0                                           0
xxdut.xxtrim.tb0                             3
xxdut.xxtrim.xr1.11                    2.83493
xxdut.xxtrim.xr1.21                    2.82145
xxdut.xxtrim.c3                        2.82077
t1                                           0
xxdut.xxtrim.tb1                             3
xxdut.xxtrim.xr2.11                    2.82008
xxdut.xxtrim.xr2.21                    2.79312
xxdut.xxtrim.c4                        2.79244
t2                                           0
xxdut.xxtrim.tb2                             3
xxdut.xxtrim.xr3.11                    2.79176
xxdut.xxtrim.xr3.21                    2.73784
xxdut.xxtrim.c5                        2.73715
t3                                           0
xxdut.xxtrim.tb3                             3
xxdut.xxtrim.xr4.11                    2.73647
xxdut.xxtrim.xr4.21                    2.62864
xxdut.xxtrim.c6                        2.62795
t4                                           0
xxdut.xxtrim.tb4                             3
xxdut.xxtrim.xr5.11                    2.62727
xxdut.xxtrim.xr5.21                     2.4116
xxdut.xxtrim.c7                        2.41091
t5                                           0
xxdut.xxtrim.tb5                             3
xxdut.xxtrim.xr6.11                    2.41023
xxdut.xxtrim.xr6.21                    1.97889
xxdut.xxtrim.c8                         1.9782
t6                                           0
xxdut.xxtrim.tb6                             3
xxdut.xxtrim.xr7.11                    1.97817
xxdut.xxtrim.xr7.21                    1.93304
xxdut.vc                                 1.933
t7                                           3
xxdut.xxtrim.tb7                   4.81375e-09
xxdut.xxcmph.tail                     0.665923
xxdut.xxcmph.dp                        1.34713
xxdut.xxcmph.dn                       0.951431
xxdut.cmph_out                         1.28398
xxdut.xxcmpl.tail                     0.278892
xxdut.xxcmpl.dp                        2.98793
xxdut.xxcmpl.dn                       0.501951
xxdut.cmpl_out                     4.89343e-09
clk                                   0.682763
xxdut.qbar                             1.24856
xxdut.mid1                             2.48422
xxdut.mid2                               2.829
vt7#branch                                   0
vt6#branch                                   0
vt5#branch                                   0
vt4#branch                                   0
vt3#branch                                   0
vt2#branch                                   0
vt1#branch                                   0
vt0#branch                                   0
vdd#branch                        -0.000629397

 Reference value :  4.43100e-08
 Reference value :  1.30700e-07
 Reference value :  2.07189e-07
 Reference value :  3.06804e-07
 Reference value :  4.07446e-07
 Reference value :  5.13705e-07
 Reference value :  6.21170e-07
 Reference value :  7.28340e-07
 Reference value :  8.36244e-07
 Reference value :  9.44608e-07
 Reference value :  1.04967e-06
 Reference value :  1.15400e-06
No. of Data Rows : 6285
t_avg_start         =  7.66248e-08
t_avg_end           =  4.38264e-07
iq_run_ua           =  3.67776e+02 from=  7.66248e-08 to=  4.38335e-07
ngspice-46 done
Warning: m=xx on .subckt line will override multiplier m hierarchy!

Note: Starting dynamic gmin stepping
Note: Dynamic gmin stepping completed
Warning from checkvalid: vector xxdut.clk is not available or has zero length.
Note: Starting dynamic gmin stepping
Note: Dynamic gmin stepping completed
