====================================================================
gf180-rcosc Iq sweep grid point: rc_f_T+085C_V3p6_code0x00
process     : rc_f (fets=typical res=res_ff mimcap=mimcap_ff)
temperature : 85 C
supply      : 3.6 V
trim code   : 0x00 (0)
attempt     : 1 (tran 200p 1200n)
wall clock  : 10.0 s
exit status : 0
====================================================================

Note: Compatibility modes selected: hs a


Circuit: ** sch_path: /users/rwalters/github/gf180-rcosc/.loom/worktrees/issue-43/design/smoke_test.sch

Doing analysis at TEMP = 85.000000 and TNOM = 27.000000

Using SPARSE 1.3 as Direct Linear Solver
 Reference value :  0.00000e+00
No. of Data Rows : 1
iq_ua = 8.622225e+02
v(xxdut.xxcmph.dp) = 1.620298e+00
v(xxdut.xxcmph.dn) = 1.457452e+00
v(xxdut.cmph_out) = 1.555408e+00
v(xxdut.xxcmpl.dp) = 3.599163e+00
v(xxdut.xxcmpl.dn) = 8.128537e-01
v(xxdut.cmpl_out) = 5.924669e-09
Doing analysis at TEMP = 85.000000 and TNOM = 27.000000

Using SPARSE 1.3 as Direct Linear Solver

Initial Transient Solution
--------------------------

Node                                   Voltage
----                                   -------
vdd                                        3.6
xxdut.xxbias.xrba.11                   3.59909
xxdut.xxbias.xrba.21                   2.40091
xxdut.vh                                   2.4
xxdut.xxbias.xrbb.11                   2.39909
xxdut.xxbias.xrbb.21                   1.20091
xxdut.vl                                   1.2
xxdut.xxbias.xrbc.11                   1.19909
xxdut.xxbias.xrbc.21               0.000910524
xxdut.ibias                            1.08092
xxdut.xxbias.pb                        2.21514
xxdut.xxbias.n2s                      0.253358
xxdut.xxbias.xrz.11                   0.252759
xxdut.xxbias.xrz.21                0.000598821
xxdut.xxtrim.xrfix.11                  3.59956
xxdut.xxtrim.xrfix.21                  3.50001
xxdut.xxtrim.c1                        3.49957
xxdut.xxtrim.xr0.11                    3.49913
xxdut.xxtrim.xr0.21                     3.4948
xxdut.xxtrim.c2                        3.49436
t0                                           0
xxdut.xxtrim.tb0                           3.6
xxdut.xxtrim.xr1.11                    3.49392
xxdut.xxtrim.xr1.21                    3.48525
xxdut.xxtrim.c3                        3.48481
t1                                           0
xxdut.xxtrim.tb1                           3.6
xxdut.xxtrim.xr2.11                    3.48437
xxdut.xxtrim.xr2.21                    3.46705
xxdut.xxtrim.c4                        3.46661
t2                                           0
xxdut.xxtrim.tb2                           3.6
xxdut.xxtrim.xr3.11                    3.46617
xxdut.xxtrim.xr3.21                    3.43152
xxdut.xxtrim.c5                        3.43108
t3                                           0
xxdut.xxtrim.tb3                           3.6
xxdut.xxtrim.xr4.11                    3.43064
xxdut.xxtrim.xr4.21                    3.36134
xxdut.xxtrim.c6                         3.3609
t4                                           0
xxdut.xxtrim.tb4                           3.6
xxdut.xxtrim.xr5.11                    3.36046
xxdut.xxtrim.xr5.21                    3.22185
xxdut.xxtrim.c7                        3.22141
t5                                           0
xxdut.xxtrim.tb5                           3.6
xxdut.xxtrim.xr6.11                    3.22097
xxdut.xxtrim.xr6.21                    2.94377
xxdut.xxtrim.c8                        2.94333
t6                                           0
xxdut.xxtrim.tb6                           3.6
xxdut.xxtrim.xr7.11                    2.94289
xxdut.xxtrim.xr7.21                    2.38847
xxdut.vc                               2.38803
t7                                           0
xxdut.xxtrim.tb7                           3.6
xxdut.xxcmph.tail                      1.00171
xxdut.xxcmph.dp                         1.6203
xxdut.xxcmph.dn                        1.45745
xxdut.cmph_out                         1.55541
xxdut.xxcmpl.tail                     0.538459
xxdut.xxcmpl.dp                        3.59916
xxdut.xxcmpl.dn                       0.812854
xxdut.cmpl_out                     5.92467e-09
clk                                   0.649936
xxdut.qbar                             1.49038
xxdut.mid1                             2.85705
xxdut.mid2                             3.35465
vt7#branch                                   0
vt6#branch                                   0
vt5#branch                                   0
vt4#branch                                   0
vt3#branch                                   0
vt2#branch                                   0
vt1#branch                                   0
vt0#branch                                   0
vdd#branch                        -0.000862222

 Reference value :  5.38455e-08
 Reference value :  1.64877e-07
 Reference value :  2.69786e-07
 Reference value :  3.79159e-07
 Reference value :  4.97623e-07
 Reference value :  6.01401e-07
 Reference value :  6.96792e-07
 Reference value :  7.90429e-07
 Reference value :  9.01311e-07
 Reference value :  9.80655e-07
 Reference value :  1.06121e-06
 Reference value :  1.16446e-06
No. of Data Rows : 6352
t_avg_start         =  1.13103e-07
t_avg_end           =  6.38899e-07
iq_run_ua           =  4.27514e+02 from=  1.13103e-07 to=  6.39005e-07
ngspice-46 done
Warning: m=xx on .subckt line will override multiplier m hierarchy!

Note: Starting dynamic gmin stepping
Note: Dynamic gmin stepping completed
Warning from checkvalid: vector xxdut.clk is not available or has zero length.
Note: Starting dynamic gmin stepping
Note: Dynamic gmin stepping completed
