====================================================================
gf180-rcosc Iq sweep grid point: rc_f_T+085C_V3p6_code0xFF
process     : rc_f (fets=typical res=res_ff mimcap=mimcap_ff)
temperature : 85 C
supply      : 3.6 V
trim code   : 0xFF (255)
attempt     : 1 (tran 200p 1200n)
wall clock  : 14.3 s
exit status : 0
====================================================================

Note: Compatibility modes selected: hs a


Circuit: ** sch_path: /users/rwalters/github/gf180-rcosc/.loom/worktrees/issue-43/design/smoke_test.sch

Doing analysis at TEMP = 85.000000 and TNOM = 27.000000

Using SPARSE 1.3 as Direct Linear Solver
 Reference value :  0.00000e+00
No. of Data Rows : 1
iq_ua = 9.390369e+02
v(xxdut.xxcmph.dp) = 1.621425e+00
v(xxdut.xxcmph.dn) = 1.457445e+00
v(xxdut.cmph_out) = 1.503100e+00
v(xxdut.xxcmpl.dp) = 3.599163e+00
v(xxdut.xxcmpl.dn) = 8.128549e-01
v(xxdut.cmpl_out) = 5.924670e-09
Doing analysis at TEMP = 85.000000 and TNOM = 27.000000

Using SPARSE 1.3 as Direct Linear Solver

Initial Transient Solution
--------------------------

Node                                   Voltage
----                                   -------
vdd                                        3.6
xxdut.xxbias.xrba.11                   3.59909
xxdut.xxbias.xrba.21                   2.40091
xxdut.vh                                   2.4
xxdut.xxbias.xrbb.11                   2.39909
xxdut.xxbias.xrbb.21                   1.20091
xxdut.vl                                   1.2
xxdut.xxbias.xrbc.11                   1.19909
xxdut.xxbias.xrbc.21               0.000910524
xxdut.ibias                            1.08092
xxdut.xxbias.pb                        2.21514
xxdut.xxbias.n2s                      0.253358
xxdut.xxbias.xrz.11                   0.252759
xxdut.xxbias.xrz.21                0.000598821
xxdut.xxtrim.xrfix.11                  3.59721
xxdut.xxtrim.xrfix.21                  2.96681
xxdut.xxtrim.c1                        2.96403
xxdut.xxtrim.xr0.11                    2.96288
xxdut.xxtrim.xr0.21                    2.95153
xxdut.xxtrim.c2                        2.95038
t0                                         3.6
xxdut.xxtrim.tb0                   5.92204e-09
xxdut.xxtrim.xr1.11                    2.94935
xxdut.xxtrim.xr1.21                    2.92915
xxdut.xxtrim.c3                        2.92813
t1                                         3.6
xxdut.xxtrim.tb1                   5.92204e-09
xxdut.xxtrim.xr2.11                    2.92731
xxdut.xxtrim.xr2.21                    2.89528
xxdut.xxtrim.c4                        2.89447
t2                                         3.6
xxdut.xxtrim.tb2                   5.92204e-09
xxdut.xxtrim.xr3.11                    2.89379
xxdut.xxtrim.xr3.21                    2.84014
xxdut.xxtrim.c5                        2.83946
t3                                         3.6
xxdut.xxtrim.tb3                   5.92204e-09
xxdut.xxtrim.xr4.11                    2.83895
xxdut.xxtrim.xr4.21                    2.75868
xxdut.xxtrim.c6                        2.75817
t4                                         3.6
xxdut.xxtrim.tb4                   5.92204e-09
xxdut.xxtrim.xr5.11                    2.75784
xxdut.xxtrim.xr5.21                    2.65464
xxdut.xxtrim.c7                        2.65431
t5                                         3.6
xxdut.xxtrim.tb5                   5.92204e-09
xxdut.xxtrim.xr6.11                    2.65412
xxdut.xxtrim.xr6.21                    2.53194
xxdut.xxtrim.c8                        2.53175
t6                                         3.6
xxdut.xxtrim.tb6                   5.92204e-09
xxdut.xxtrim.xr7.11                    2.53164
xxdut.xxtrim.xr7.21                     2.3881
xxdut.vc                               2.38799
t7                                         3.6
xxdut.xxtrim.tb7                   5.92204e-09
xxdut.xxcmph.tail                       1.0017
xxdut.xxcmph.dp                        1.62142
xxdut.xxcmph.dn                        1.45744
xxdut.cmph_out                          1.5031
xxdut.xxcmpl.tail                      0.53845
xxdut.xxcmpl.dp                        3.59916
xxdut.xxcmpl.dn                       0.812855
xxdut.cmpl_out                     5.92467e-09
clk                                   0.807089
xxdut.qbar                             1.47495
xxdut.mid1                             2.95495
xxdut.mid2                             3.35105
vt7#branch                                   0
vt6#branch                                   0
vt5#branch                                   0
vt4#branch                                   0
vt3#branch                                   0
vt2#branch                                   0
vt1#branch                                   0
vt0#branch                                   0
vdd#branch                        -0.000939037

 Reference value :  3.64727e-08
 Reference value :  1.07166e-07
 Reference value :  1.66251e-07
 Reference value :  2.22711e-07
 Reference value :  2.91981e-07
 Reference value :  3.56159e-07
 Reference value :  3.99624e-07
 Reference value :  4.41354e-07
 Reference value :  4.93302e-07
 Reference value :  5.64301e-07
 Reference value :  6.27887e-07
 Reference value :  6.90409e-07
 Reference value :  7.68337e-07
 Reference value :  8.51899e-07
 Reference value :  9.36237e-07
 Reference value :  1.01693e-06
 Reference value :  1.10407e-06
 Reference value :  1.18183e-06
No. of Data Rows : 6649
t_avg_start         =  4.02997e-08
t_avg_end           =  2.20665e-07
iq_run_ua           =  6.71612e+02 from=  4.02997e-08 to=  2.20809e-07
ngspice-46 done
Warning: m=xx on .subckt line will override multiplier m hierarchy!

Note: Starting dynamic gmin stepping
Note: Dynamic gmin stepping completed
Warning from checkvalid: vector xxdut.clk is not available or has zero length.
Note: Starting dynamic gmin stepping
Note: Dynamic gmin stepping completed
