====================================================================
gf180-rcosc Iq sweep grid point: rc_f_T+085C_V3p0_code0xFF
process     : rc_f (fets=typical res=res_ff mimcap=mimcap_ff)
temperature : 85 C
supply      : 3 V
trim code   : 0xFF (255)
attempt     : 1 (tran 200p 1200n)
wall clock  : 11.8 s
exit status : 0
====================================================================

Note: Compatibility modes selected: hs a


Circuit: ** sch_path: /users/rwalters/github/gf180-rcosc/.loom/worktrees/issue-43/design/smoke_test.sch

Doing analysis at TEMP = 85.000000 and TNOM = 27.000000

Using SPARSE 1.3 as Direct Linear Solver
 Reference value :  0.00000e+00
No. of Data Rows : 1
iq_ua = 6.781725e+02
v(xxdut.xxcmph.dp) = 1.347820e+00
v(xxdut.xxcmph.dn) = 9.514257e-01
v(xxdut.cmph_out) = 1.245467e+00
v(xxdut.xxcmpl.dp) = 2.987933e+00
v(xxdut.xxcmpl.dn) = 5.019546e-01
v(xxdut.cmpl_out) = 4.893435e-09
Doing analysis at TEMP = 85.000000 and TNOM = 27.000000

Using SPARSE 1.3 as Direct Linear Solver

Initial Transient Solution
--------------------------

Node                                   Voltage
----                                   -------
vdd                                          3
xxdut.xxbias.xrba.11                   2.99924
xxdut.xxbias.xrba.21                   2.00076
xxdut.vh                                     2
xxdut.xxbias.xrbb.11                   1.99924
xxdut.xxbias.xrbb.21                   1.00076
xxdut.vl                                     1
xxdut.xxbias.xrbc.11                  0.999241
xxdut.xxbias.xrbc.21                0.00075877
xxdut.ibias                            1.05156
xxdut.xxbias.pb                        1.65382
xxdut.xxbias.n2s                      0.235428
xxdut.xxbias.xrz.11                   0.234871
xxdut.xxbias.xrz.21                0.000556442
xxdut.xxtrim.xrfix.11                  2.99781
xxdut.xxtrim.xrfix.21                  2.50288
xxdut.xxtrim.c1                         2.5007
xxdut.xxtrim.xr0.11                    2.49972
xxdut.xxtrim.xr0.21                    2.49008
xxdut.xxtrim.c2                         2.4891
t0                                           3
xxdut.xxtrim.tb0                   4.81375e-09
xxdut.xxtrim.xr1.11                    2.48822
xxdut.xxtrim.xr1.21                    2.47095
xxdut.xxtrim.c3                        2.47007
t1                                           3
xxdut.xxtrim.tb1                   4.81375e-09
xxdut.xxtrim.xr2.11                    2.46937
xxdut.xxtrim.xr2.21                    2.44163
xxdut.xxtrim.c4                        2.44092
t2                                           3
xxdut.xxtrim.tb2                   4.81375e-09
xxdut.xxtrim.xr3.11                    2.44033
xxdut.xxtrim.xr3.21                    2.39337
xxdut.xxtrim.c5                        2.39277
t3                                           3
xxdut.xxtrim.tb3                   4.81375e-09
xxdut.xxtrim.xr4.11                    2.39232
xxdut.xxtrim.xr4.21                    2.32041
xxdut.xxtrim.c6                        2.31996
t4                                           3
xxdut.xxtrim.tb4                   4.81375e-09
xxdut.xxtrim.xr5.11                    2.31964
xxdut.xxtrim.xr5.21                    2.22056
xxdut.xxtrim.c7                        2.22025
t5                                           3
xxdut.xxtrim.tb5                   4.81375e-09
xxdut.xxtrim.xr6.11                    2.22004
xxdut.xxtrim.xr6.21                    2.08836
xxdut.xxtrim.c8                        2.08815
t6                                           3
xxdut.xxtrim.tb6                   4.81375e-09
xxdut.xxtrim.xr7.11                    2.08803
xxdut.xxtrim.xr7.21                     1.9331
xxdut.vc                               1.93298
t7                                           3
xxdut.xxtrim.tb7                   4.81375e-09
xxdut.xxcmph.tail                      0.66592
xxdut.xxcmph.dp                        1.34782
xxdut.xxcmph.dn                       0.951426
xxdut.cmph_out                         1.24547
xxdut.xxcmpl.tail                      0.27889
xxdut.xxcmpl.dp                        2.98793
xxdut.xxcmpl.dn                       0.501955
xxdut.cmpl_out                     4.89344e-09
clk                                    0.78294
xxdut.qbar                             1.24527
xxdut.mid1                             2.54548
xxdut.mid2                             2.82845
vt7#branch                                   0
vt6#branch                                   0
vt5#branch                                   0
vt4#branch                                   0
vt3#branch                                   0
vt2#branch                                   0
vt1#branch                                   0
vt0#branch                                   0
vdd#branch                        -0.000678173

 Reference value :  3.56016e-08
 Reference value :  1.12931e-07
 Reference value :  1.91171e-07
 Reference value :  2.73304e-07
 Reference value :  3.57246e-07
 Reference value :  4.41714e-07
 Reference value :  5.23261e-07
 Reference value :  6.05508e-07
 Reference value :  6.86148e-07
 Reference value :  7.66013e-07
 Reference value :  8.54784e-07
 Reference value :  9.37625e-07
 Reference value :  1.02156e-06
 Reference value :  1.10778e-06
 Reference value :  1.19984e-06
No. of Data Rows : 6645
t_avg_start         =  4.58760e-08
t_avg_end           =  2.45632e-07
iq_run_ua           =  5.30875e+02 from=  4.58760e-08 to=  2.45668e-07
ngspice-46 done
Warning: m=xx on .subckt line will override multiplier m hierarchy!

Note: Starting dynamic gmin stepping
Note: Dynamic gmin stepping completed
Warning from checkvalid: vector xxdut.clk is not available or has zero length.
Note: Starting dynamic gmin stepping
Note: Dynamic gmin stepping completed
