====================================================================
gf180-rcosc Iq sweep grid point: rc_s_T+085C_V3p0_code0x00
process     : rc_s (fets=typical res=res_ss mimcap=mimcap_ss)
temperature : 85 C
supply      : 3 V
trim code   : 0x00 (0)
attempt     : 1 (tran 200p 1200n)
wall clock  : 8.2 s
exit status : 0
====================================================================

Note: Compatibility modes selected: hs a


Circuit: ** sch_path: /users/rwalters/github/gf180-rcosc/.loom/worktrees/issue-43/design/smoke_test.sch

Doing analysis at TEMP = 85.000000 and TNOM = 27.000000

Using SPARSE 1.3 as Direct Linear Solver
 Reference value :  0.00000e+00
No. of Data Rows : 1
iq_ua = 4.632711e+02
v(xxdut.xxcmph.dp) = 1.346846e+00
v(xxdut.xxcmph.dn) = 1.336371e+00
v(xxdut.cmph_out) = 1.299886e+00
v(xxdut.xxcmpl.dp) = 3.000000e+00
v(xxdut.xxcmpl.dn) = 9.076695e-01
v(xxdut.cmpl_out) = 4.813751e-09
Doing analysis at TEMP = 85.000000 and TNOM = 27.000000

Using SPARSE 1.3 as Direct Linear Solver

Initial Transient Solution
--------------------------

Node                                   Voltage
----                                   -------
vdd                                          3
xxdut.xxbias.xrba.11                   2.99949
xxdut.xxbias.xrba.21                   2.00051
xxdut.vh                                     2
xxdut.xxbias.xrbb.11                   1.99949
xxdut.xxbias.xrbb.21                   1.00051
xxdut.vl                                     1
xxdut.xxbias.xrbc.11                  0.999494
xxdut.xxbias.xrbc.21               0.000506103
xxdut.ibias                            0.92062
xxdut.xxbias.pb                        1.83643
xxdut.xxbias.n2s                      0.179303
xxdut.xxbias.xrz.11                    0.17902
xxdut.xxbias.xrz.21                0.000282972
xxdut.xxtrim.xrfix.11                  2.99976
xxdut.xxtrim.xrfix.21                  2.91741
xxdut.xxtrim.c1                        2.91717
xxdut.xxtrim.xr0.11                    2.91693
xxdut.xxtrim.xr0.21                    2.91335
xxdut.xxtrim.c2                         2.9131
t0                                           0
xxdut.xxtrim.tb0                             3
xxdut.xxtrim.xr1.11                    2.91286
xxdut.xxtrim.xr1.21                     2.9057
xxdut.xxtrim.c3                        2.90545
t1                                           0
xxdut.xxtrim.tb1                             3
xxdut.xxtrim.xr2.11                    2.90521
xxdut.xxtrim.xr2.21                    2.89088
xxdut.xxtrim.c4                        2.89064
t2                                           0
xxdut.xxtrim.tb2                             3
xxdut.xxtrim.xr3.11                     2.8904
xxdut.xxtrim.xr3.21                    2.86174
xxdut.xxtrim.c5                        2.86149
t3                                           0
xxdut.xxtrim.tb3                             3
xxdut.xxtrim.xr4.11                    2.86125
xxdut.xxtrim.xr4.21                    2.80393
xxdut.xxtrim.c6                        2.80369
t4                                           0
xxdut.xxtrim.tb4                             3
xxdut.xxtrim.xr5.11                    2.80345
xxdut.xxtrim.xr5.21                     2.6888
xxdut.xxtrim.c7                        2.68856
t5                                           0
xxdut.xxtrim.tb5                             3
xxdut.xxtrim.xr6.11                    2.68832
xxdut.xxtrim.xr6.21                    2.45904
xxdut.xxtrim.c8                        2.45879
t6                                           0
xxdut.xxtrim.tb6                             3
xxdut.xxtrim.xr7.11                    2.45855
xxdut.xxtrim.xr7.21                    1.99998
xxdut.vc                               1.99974
t7                                           0
xxdut.xxtrim.tb7                             3
xxdut.xxcmph.tail                     0.821118
xxdut.xxcmph.dp                        1.34685
xxdut.xxcmph.dn                        1.33637
xxdut.cmph_out                         1.29989
xxdut.xxcmpl.tail                     0.636716
xxdut.xxcmpl.dp                              3
xxdut.xxcmpl.dn                        0.90767
xxdut.cmpl_out                     4.81375e-09
clk                                   0.615141
xxdut.qbar                             1.25183
xxdut.mid1                             2.44277
xxdut.mid2                             2.82964
vt7#branch                                   0
vt6#branch                                   0
vt5#branch                                   0
vt4#branch                                   0
vt3#branch                                   0
vt2#branch                                   0
vt1#branch                                   0
vt0#branch                                   0
vdd#branch                        -0.000463271

 Reference value :  5.78710e-08
 Reference value :  1.91398e-07
 Reference value :  3.26015e-07
 Reference value :  4.59980e-07
 Reference value :  5.88478e-07
 Reference value :  7.08494e-07
 Reference value :  8.26532e-07
 Reference value :  9.48823e-07
 Reference value :  1.07347e-06
 Reference value :  1.20000e-06
No. of Data Rows : 6183
t_avg_start         =  1.89147e-07
t_avg_end           =  1.09920e-06
iq_run_ua           =  2.06606e+02 from=  1.89147e-07 to=  1.09938e-06
ngspice-46 done
Warning: m=xx on .subckt line will override multiplier m hierarchy!

Note: Starting dynamic gmin stepping
Note: Dynamic gmin stepping completed
Warning from checkvalid: vector xxdut.clk is not available or has zero length.
Note: Starting dynamic gmin stepping
Note: Dynamic gmin stepping completed
