====================================================================
gf180-rcosc Iq sweep grid point: rc_s_T-040C_V3p3_code0xFF
process     : rc_s (fets=typical res=res_ss mimcap=mimcap_ss)
temperature : -40 C
supply      : 3.3 V
trim code   : 0xFF (255)
attempt     : 1 (tran 200p 1200n)
wall clock  : 11.9 s
exit status : 0
====================================================================

Note: Compatibility modes selected: hs a


Circuit: ** sch_path: /users/rwalters/github/gf180-rcosc/.loom/worktrees/issue-43/design/smoke_test.sch

Doing analysis at TEMP = -40.000000 and TNOM = 27.000000

Using SPARSE 1.3 as Direct Linear Solver
 Reference value :  0.00000e+00
No. of Data Rows : 1
iq_ua = 5.959553e+02
v(xxdut.xxcmph.dp) = 1.476777e+00
v(xxdut.xxcmph.dn) = 1.839191e+00
v(xxdut.cmph_out) = 1.395250e+00
v(xxdut.xxcmpl.dp) = 3.300000e+00
v(xxdut.xxcmpl.dn) = 1.561218e+00
v(xxdut.cmpl_out) = 3.346496e-09
Doing analysis at TEMP = -40.000000 and TNOM = 27.000000

Using SPARSE 1.3 as Direct Linear Solver

Initial Transient Solution
--------------------------

Node                                   Voltage
----                                   -------
vdd                                        3.3
xxdut.xxbias.xrba.11                   3.29876
xxdut.xxbias.xrba.21                   2.20124
xxdut.vh                                   2.2
xxdut.xxbias.xrbb.11                   2.19876
xxdut.xxbias.xrbb.21                   1.10124
xxdut.vl                                   1.1
xxdut.xxbias.xrbc.11                   1.09876
xxdut.xxbias.xrbc.21                0.00123568
xxdut.ibias                           0.934882
xxdut.xxbias.pb                        2.16257
xxdut.xxbias.n2s                      0.121368
xxdut.xxbias.xrz.11                   0.120944
xxdut.xxbias.xrz.21                0.000424032
xxdut.xxtrim.xrfix.11                  3.29542
xxdut.xxtrim.xrfix.21                  2.59592
xxdut.xxtrim.c1                        2.59134
xxdut.xxtrim.xr0.11                     2.5902
xxdut.xxtrim.xr0.21                    2.58262
xxdut.xxtrim.c2                        2.58148
t0                                         3.3
xxdut.xxtrim.tb0                    3.3465e-09
xxdut.xxtrim.xr1.11                    2.58047
xxdut.xxtrim.xr1.21                    2.56703
xxdut.xxtrim.c3                        2.56602
t1                                         3.3
xxdut.xxtrim.tb1                    3.3465e-09
xxdut.xxtrim.xr2.11                    2.56524
xxdut.xxtrim.xr2.21                    2.54457
xxdut.xxtrim.c4                        2.54379
t2                                         3.3
xxdut.xxtrim.tb2                    3.3465e-09
xxdut.xxtrim.xr3.11                    2.54315
xxdut.xxtrim.xr3.21                    2.50919
xxdut.xxtrim.c5                        2.50855
t3                                         3.3
xxdut.xxtrim.tb3                    3.3465e-09
xxdut.xxtrim.xr4.11                    2.50809
xxdut.xxtrim.xr4.21                    2.45849
xxdut.xxtrim.c6                        2.45802
t4                                         3.3
xxdut.xxtrim.tb4                    3.3465e-09
xxdut.xxtrim.xr5.11                    2.45772
xxdut.xxtrim.xr5.21                    2.39299
xxdut.xxtrim.c7                        2.39268
t5                                         3.3
xxdut.xxtrim.tb5                    3.3465e-09
xxdut.xxtrim.xr6.11                    2.39249
xxdut.xxtrim.xr6.21                    2.30773
xxdut.xxtrim.c8                        2.30753
t6                                         3.3
xxdut.xxtrim.tb6                    3.3465e-09
xxdut.xxtrim.xr7.11                    2.30741
xxdut.xxtrim.xr7.21                    2.20398
xxdut.vc                               2.20386
t7                                         3.3
xxdut.xxtrim.tb7                    3.3465e-09
xxdut.xxcmph.tail                     0.982136
xxdut.xxcmph.dp                        1.47678
xxdut.xxcmph.dn                        1.83919
xxdut.cmph_out                         1.39525
xxdut.xxcmpl.tail                     0.912676
xxdut.xxcmpl.dp                            3.3
xxdut.xxcmpl.dn                        1.56122
xxdut.cmpl_out                      3.3465e-09
clk                                    0.85859
xxdut.qbar                             1.37003
xxdut.mid1                             2.80535
xxdut.mid2                             3.11967
vt7#branch                                   0
vt6#branch                                   0
vt5#branch                                   0
vt4#branch                                   0
vt3#branch                                   0
vt2#branch                                   0
vt1#branch                                   0
vt0#branch                                   0
vdd#branch                        -0.000595955

 Reference value :  0.00000e+00
 Reference value :  6.12455e-08
 Reference value :  1.26416e-07
 Reference value :  1.88485e-07
 Reference value :  2.48607e-07
 Reference value :  3.19907e-07
 Reference value :  4.03054e-07
 Reference value :  4.95415e-07
 Reference value :  5.91315e-07
 Reference value :  6.81652e-07
 Reference value :  7.78263e-07
 Reference value :  8.70903e-07
 Reference value :  9.54305e-07
 Reference value :  1.04075e-06
 Reference value :  1.12654e-06
No. of Data Rows : 6512
t_avg_start         =  6.08505e-08
t_avg_end           =  3.47982e-07
iq_run_ua           =  3.21643e+02 from=  6.08505e-08 to=  3.47994e-07
ngspice-46 done
Warning: m=xx on .subckt line will override multiplier m hierarchy!

Note: Starting dynamic gmin stepping
Warning: Dynamic gmin stepping failed
Note: Starting true gmin stepping
Note: True gmin stepping completed
Warning from checkvalid: vector xxdut.clk is not available or has zero length.
Note: Starting dynamic gmin stepping
Warning: Dynamic gmin stepping failed
Note: Starting true gmin stepping
Note: True gmin stepping completed
