====================================================================
gf180-rcosc Iq sweep grid point: rc_s_T-040C_V3p3_code0x80
process     : rc_s (fets=typical res=res_ss mimcap=mimcap_ss)
temperature : -40 C
supply      : 3.3 V
trim code   : 0x80 (128)
attempt     : 1 (tran 200p 1200n)
wall clock  : 11.3 s
exit status : 0
====================================================================

Note: Compatibility modes selected: hs a


Circuit: ** sch_path: /users/rwalters/github/gf180-rcosc/.loom/worktrees/issue-43/design/smoke_test.sch

Doing analysis at TEMP = -40.000000 and TNOM = 27.000000

Using SPARSE 1.3 as Direct Linear Solver
 Reference value :  0.00000e+00
No. of Data Rows : 1
iq_ua = 5.514385e+02
v(xxdut.xxcmph.dp) = 1.476361e+00
v(xxdut.xxcmph.dn) = 1.839192e+00
v(xxdut.cmph_out) = 1.421089e+00
v(xxdut.xxcmpl.dp) = 3.300000e+00
v(xxdut.xxcmpl.dn) = 1.561218e+00
v(xxdut.cmpl_out) = 3.346496e-09
Doing analysis at TEMP = -40.000000 and TNOM = 27.000000

Using SPARSE 1.3 as Direct Linear Solver

Initial Transient Solution
--------------------------

Node                                   Voltage
----                                   -------
vdd                                        3.3
xxdut.xxbias.xrba.11                   3.29876
xxdut.xxbias.xrba.21                   2.20124
xxdut.vh                                   2.2
xxdut.xxbias.xrbb.11                   2.19876
xxdut.xxbias.xrbb.21                   1.10124
xxdut.vl                                   1.1
xxdut.xxbias.xrbc.11                   1.09876
xxdut.xxbias.xrbc.21                0.00123568
xxdut.ibias                           0.934882
xxdut.xxbias.pb                        2.16257
xxdut.xxbias.n2s                      0.121368
xxdut.xxbias.xrz.11                   0.120944
xxdut.xxbias.xrz.21                0.000424032
xxdut.xxtrim.xrfix.11                  3.29894
xxdut.xxtrim.xrfix.21                  3.13696
xxdut.xxtrim.c1                        3.13589
xxdut.xxtrim.xr0.11                    3.13483
xxdut.xxtrim.xr0.21                    3.12779
xxdut.xxtrim.c2                        3.12673
t0                                           0
xxdut.xxtrim.tb0                           3.3
xxdut.xxtrim.xr1.11                    3.12567
xxdut.xxtrim.xr1.21                    3.11157
xxdut.xxtrim.c3                        3.11051
t1                                           0
xxdut.xxtrim.tb1                           3.3
xxdut.xxtrim.xr2.11                    3.10945
xxdut.xxtrim.xr2.21                    3.08126
xxdut.xxtrim.c4                         3.0802
t2                                           0
xxdut.xxtrim.tb2                           3.3
xxdut.xxtrim.xr3.11                    3.07914
xxdut.xxtrim.xr3.21                    3.02276
xxdut.xxtrim.c5                         3.0217
t3                                           0
xxdut.xxtrim.tb3                           3.3
xxdut.xxtrim.xr4.11                    3.02064
xxdut.xxtrim.xr4.21                    2.90788
xxdut.xxtrim.c6                        2.90682
t4                                           0
xxdut.xxtrim.tb4                           3.3
xxdut.xxtrim.xr5.11                    2.90576
xxdut.xxtrim.xr5.21                    2.68024
xxdut.xxtrim.c7                        2.67918
t5                                           0
xxdut.xxtrim.tb5                           3.3
xxdut.xxtrim.xr6.11                    2.67812
xxdut.xxtrim.xr6.21                    2.22707
xxdut.xxtrim.c8                        2.22601
t6                                           0
xxdut.xxtrim.tb6                           3.3
xxdut.xxtrim.xr7.11                    2.22599
xxdut.xxtrim.xr7.21                    2.20389
xxdut.vc                               2.20386
t7                                         3.3
xxdut.xxtrim.tb7                    3.3465e-09
xxdut.xxcmph.tail                     0.982136
xxdut.xxcmph.dp                        1.47636
xxdut.xxcmph.dn                        1.83919
xxdut.cmph_out                         1.42109
xxdut.xxcmpl.tail                     0.912681
xxdut.xxcmpl.dp                            3.3
xxdut.xxcmpl.dn                        1.56122
xxdut.cmpl_out                      3.3465e-09
clk                                   0.770033
xxdut.qbar                             1.37205
xxdut.mid1                             2.75133
xxdut.mid2                             3.11993
vt7#branch                                   0
vt6#branch                                   0
vt5#branch                                   0
vt4#branch                                   0
vt3#branch                                   0
vt2#branch                                   0
vt1#branch                                   0
vt0#branch                                   0
vdd#branch                        -0.000551438

 Reference value :  0.00000e+00
 Reference value :  1.02304e-07
 Reference value :  2.03908e-07
 Reference value :  3.05712e-07
 Reference value :  4.01343e-07
 Reference value :  4.85313e-07
 Reference value :  5.81854e-07
 Reference value :  6.74323e-07
 Reference value :  7.53946e-07
 Reference value :  8.39058e-07
 Reference value :  9.43342e-07
 Reference value :  1.05841e-06
 Reference value :  1.15988e-06
No. of Data Rows : 6428
t_avg_start         =  1.32067e-07
t_avg_end           =  7.71672e-07
iq_run_ua           =  1.81263e+02 from=  1.32067e-07 to=  7.71728e-07
ngspice-46 done
Warning: m=xx on .subckt line will override multiplier m hierarchy!

Note: Starting dynamic gmin stepping
Warning: Dynamic gmin stepping failed
Note: Starting true gmin stepping
Note: True gmin stepping completed
Warning from checkvalid: vector xxdut.clk is not available or has zero length.
Note: Starting dynamic gmin stepping
Warning: Dynamic gmin stepping failed
Note: Starting true gmin stepping
Note: True gmin stepping completed
