====================================================================
gf180-rcosc Iq sweep grid point: rc_s_T+085C_V3p6_code0xC0
process     : rc_s (fets=typical res=res_ss mimcap=mimcap_ss)
temperature : 85 C
supply      : 3.6 V
trim code   : 0xC0 (192)
attempt     : 1 (tran 200p 1200n)
wall clock  : 9.6 s
exit status : 0
====================================================================

Note: Compatibility modes selected: hs a


Circuit: ** sch_path: /users/rwalters/github/gf180-rcosc/.loom/worktrees/issue-43/design/smoke_test.sch

Doing analysis at TEMP = 85.000000 and TNOM = 27.000000

Using SPARSE 1.3 as Direct Linear Solver
 Reference value :  0.00000e+00
No. of Data Rows : 1
iq_ua = 6.934251e+02
v(xxdut.xxcmph.dp) = 1.620554e+00
v(xxdut.xxcmph.dn) = 1.841595e+00
v(xxdut.cmph_out) = 1.543472e+00
v(xxdut.xxcmpl.dp) = 3.600000e+00
v(xxdut.xxcmpl.dn) = 1.364213e+00
v(xxdut.cmpl_out) = 5.922045e-09
Doing analysis at TEMP = 85.000000 and TNOM = 27.000000

Using SPARSE 1.3 as Direct Linear Solver

Initial Transient Solution
--------------------------

Node                                   Voltage
----                                   -------
vdd                                        3.6
xxdut.xxbias.xrba.11                   3.59939
xxdut.xxbias.xrba.21                   2.40061
xxdut.vh                                   2.4
xxdut.xxbias.xrbb.11                   2.39939
xxdut.xxbias.xrbb.21                   1.20061
xxdut.vl                                   1.2
xxdut.xxbias.xrbc.11                   1.19939
xxdut.xxbias.xrbc.21               0.000607323
xxdut.ibias                           0.951838
xxdut.xxbias.pb                        2.39468
xxdut.xxbias.n2s                      0.197997
xxdut.xxbias.xrz.11                   0.197684
xxdut.xxbias.xrz.21                0.000312474
xxdut.xxtrim.xrfix.11                  3.59913
xxdut.xxtrim.xrfix.21                  3.30359
xxdut.xxtrim.c1                        3.30272
xxdut.xxtrim.xr0.11                    3.30185
xxdut.xxtrim.xr0.21                    3.28899
xxdut.xxtrim.c2                        3.28812
t0                                           0
xxdut.xxtrim.tb0                           3.6
xxdut.xxtrim.xr1.11                    3.28725
xxdut.xxtrim.xr1.21                    3.26153
xxdut.xxtrim.c3                        3.26066
t1                                           0
xxdut.xxtrim.tb1                           3.6
xxdut.xxtrim.xr2.11                    3.25979
xxdut.xxtrim.xr2.21                    3.20836
xxdut.xxtrim.c4                        3.20749
t2                                           0
xxdut.xxtrim.tb2                           3.6
xxdut.xxtrim.xr3.11                    3.20662
xxdut.xxtrim.xr3.21                    3.10375
xxdut.xxtrim.c5                        3.10288
t3                                           0
xxdut.xxtrim.tb3                           3.6
xxdut.xxtrim.xr4.11                    3.10201
xxdut.xxtrim.xr4.21                    2.89628
xxdut.xxtrim.c6                        2.89541
t4                                           0
xxdut.xxtrim.tb4                           3.6
xxdut.xxtrim.xr5.11                    2.89454
xxdut.xxtrim.xr5.21                    2.48307
xxdut.xxtrim.c7                         2.4822
t5                                           0
xxdut.xxtrim.tb5                           3.6
xxdut.xxtrim.xr6.11                    2.48217
xxdut.xxtrim.xr6.21                    2.44867
xxdut.xxtrim.c8                        2.44863
t6                                         3.6
xxdut.xxtrim.tb6                   5.92204e-09
xxdut.xxtrim.xr7.11                    2.44861
xxdut.xxtrim.xr7.21                    2.40505
xxdut.vc                               2.40502
t7                                         3.6
xxdut.xxtrim.tb7                   5.92204e-09
xxdut.xxcmph.tail                      1.12067
xxdut.xxcmph.dp                        1.62055
xxdut.xxcmph.dn                        1.84159
xxdut.cmph_out                         1.54347
xxdut.xxcmpl.tail                     0.964312
xxdut.xxcmpl.dp                            3.6
xxdut.xxcmpl.dn                        1.36421
xxdut.cmpl_out                     5.92204e-09
clk                                   0.698076
xxdut.qbar                             1.48379
xxdut.mid1                             2.88686
xxdut.mid2                             3.35304
vt7#branch                                   0
vt6#branch                                   0
vt5#branch                                   0
vt4#branch                                   0
vt3#branch                                   0
vt2#branch                                   0
vt1#branch                                   0
vt0#branch                                   0
vdd#branch                        -0.000693425

 Reference value :  5.48045e-08
 Reference value :  1.51621e-07
 Reference value :  2.48096e-07
 Reference value :  3.37980e-07
 Reference value :  4.33433e-07
 Reference value :  5.34877e-07
 Reference value :  6.42881e-07
 Reference value :  7.34781e-07
 Reference value :  8.44598e-07
 Reference value :  9.55832e-07
 Reference value :  1.06364e-06
 Reference value :  1.16287e-06
No. of Data Rows : 6256
t_avg_start         =  8.52558e-08
t_avg_end           =  4.91537e-07
iq_run_ua           =  3.18010e+02 from=  8.52558e-08 to=  4.91701e-07
ngspice-46 done
Warning: m=xx on .subckt line will override multiplier m hierarchy!

Note: Starting dynamic gmin stepping
Note: Dynamic gmin stepping completed
Warning from checkvalid: vector xxdut.clk is not available or has zero length.
Note: Starting dynamic gmin stepping
Note: Dynamic gmin stepping completed
