====================================================================
gf180-rcosc Iq sweep grid point: rc_s_T-040C_V3p6_code0xC0
process     : rc_s (fets=typical res=res_ss mimcap=mimcap_ss)
temperature : -40 C
supply      : 3.6 V
trim code   : 0xC0 (192)
attempt     : 1 (tran 200p 1200n)
wall clock  : 9.4 s
exit status : 0
====================================================================

Note: Compatibility modes selected: hs a


Circuit: ** sch_path: /users/rwalters/github/gf180-rcosc/.loom/worktrees/issue-43/design/smoke_test.sch

Doing analysis at TEMP = -40.000000 and TNOM = 27.000000

Using SPARSE 1.3 as Direct Linear Solver
 Reference value :  0.00000e+00
No. of Data Rows : 1
iq_ua = 7.085827e+02
v(xxdut.xxcmph.dp) = 1.612206e+00
v(xxdut.xxcmph.dn) = 2.080734e+00
v(xxdut.cmph_out) = 1.543233e+00
v(xxdut.xxcmpl.dp) = 3.600000e+00
v(xxdut.xxcmpl.dn) = 1.774463e+00
v(xxdut.cmpl_out) = 3.892449e-09
Doing analysis at TEMP = -40.000000 and TNOM = 27.000000

Using SPARSE 1.3 as Direct Linear Solver

Initial Transient Solution
--------------------------

Node                                   Voltage
----                                   -------
vdd                                        3.6
xxdut.xxbias.xrba.11                   3.59865
xxdut.xxbias.xrba.21                   2.40135
xxdut.vh                                   2.4
xxdut.xxbias.xrbb.11                   2.39865
xxdut.xxbias.xrbb.21                   1.20135
xxdut.vl                                   1.2
xxdut.xxbias.xrbc.11                   1.19865
xxdut.xxbias.xrbc.21                0.00134801
xxdut.ibias                           0.953148
xxdut.xxbias.pb                         2.4359
xxdut.xxbias.n2s                      0.132185
xxdut.xxbias.xrz.11                   0.131723
xxdut.xxbias.xrz.21                0.000461823
xxdut.xxtrim.xrfix.11                  3.59805
xxdut.xxtrim.xrfix.21                  3.30088
xxdut.xxtrim.c1                        3.29893
xxdut.xxtrim.xr0.11                    3.29699
xxdut.xxtrim.xr0.21                    3.28406
xxdut.xxtrim.c2                        3.28211
t0                                           0
xxdut.xxtrim.tb0                           3.6
xxdut.xxtrim.xr1.11                    3.28017
xxdut.xxtrim.xr1.21                    3.25431
xxdut.xxtrim.c3                        3.25236
t1                                           0
xxdut.xxtrim.tb1                           3.6
xxdut.xxtrim.xr2.11                    3.25042
xxdut.xxtrim.xr2.21                     3.1987
xxdut.xxtrim.c4                        3.19676
t2                                           0
xxdut.xxtrim.tb2                           3.6
xxdut.xxtrim.xr3.11                    3.19481
xxdut.xxtrim.xr3.21                    3.09138
xxdut.xxtrim.c5                        3.08943
t3                                           0
xxdut.xxtrim.tb3                           3.6
xxdut.xxtrim.xr4.11                    3.08749
xxdut.xxtrim.xr4.21                    2.88062
xxdut.xxtrim.c6                        2.87867
t4                                           0
xxdut.xxtrim.tb4                           3.6
xxdut.xxtrim.xr5.11                    2.87672
xxdut.xxtrim.xr5.21                    2.46298
xxdut.xxtrim.c7                        2.46104
t5                                           0
xxdut.xxtrim.tb5                           3.6
xxdut.xxtrim.xr6.11                    2.46098
xxdut.xxtrim.xr6.21                    2.43662
xxdut.xxtrim.c8                        2.43656
t6                                         3.6
xxdut.xxtrim.tb6                   3.89245e-09
xxdut.xxtrim.xr7.11                    2.43652
xxdut.xxtrim.xr7.21                    2.40517
xxdut.vc                               2.40514
t7                                         3.6
xxdut.xxtrim.tb7                   3.89245e-09
xxdut.xxcmph.tail                      1.13097
xxdut.xxcmph.dp                        1.61221
xxdut.xxcmph.dn                        2.08073
xxdut.cmph_out                         1.54323
xxdut.xxcmpl.tail                      1.05493
xxdut.xxcmpl.dp                            3.6
xxdut.xxcmpl.dn                        1.77446
xxdut.cmpl_out                     3.89245e-09
clk                                   0.801617
xxdut.qbar                             1.48227
xxdut.mid1                             2.96776
xxdut.mid2                              3.3785
vt7#branch                                   0
vt6#branch                                   0
vt5#branch                                   0
vt4#branch                                   0
vt3#branch                                   0
vt2#branch                                   0
vt1#branch                                   0
vt0#branch                                   0
vdd#branch                        -0.000708583

 Reference value :  0.00000e+00
 Reference value :  8.71502e-08
 Reference value :  1.78394e-07
 Reference value :  2.67748e-07
 Reference value :  3.73506e-07
 Reference value :  4.71001e-07
 Reference value :  5.69284e-07
 Reference value :  6.61298e-07
 Reference value :  7.52402e-07
 Reference value :  8.52244e-07
 Reference value :  9.40145e-07
 Reference value :  1.02608e-06
 Reference value :  1.11465e-06
No. of Data Rows : 6547
t_avg_start         =  9.10119e-08
t_avg_end           =  5.27995e-07
iq_run_ua           =  2.45087e+02 from=  9.10119e-08 to=  5.28058e-07
ngspice-46 done
Warning: m=xx on .subckt line will override multiplier m hierarchy!

Note: Starting dynamic gmin stepping
Warning: Dynamic gmin stepping failed
Note: Starting true gmin stepping
Note: True gmin stepping completed
Warning from checkvalid: vector xxdut.clk is not available or has zero length.
Note: Starting dynamic gmin stepping
Warning: Dynamic gmin stepping failed
Note: Starting true gmin stepping
Note: True gmin stepping completed
