====================================================================
gf180-rcosc Iq sweep grid point: rc_s_T+027C_V3p6_code0xC0
process     : rc_s (fets=typical res=res_ss mimcap=mimcap_ss)
temperature : 27 C
supply      : 3.6 V
trim code   : 0xC0 (192)
attempt     : 1 (tran 200p 1200n)
wall clock  : 10.1 s
exit status : 0
====================================================================

Note: Compatibility modes selected: hs a


Circuit: ** sch_path: /users/rwalters/github/gf180-rcosc/.loom/worktrees/issue-43/design/smoke_test.sch

Doing analysis at TEMP = 27.000000 and TNOM = 27.000000

Using SPARSE 1.3 as Direct Linear Solver
 Reference value :  0.00000e+00
No. of Data Rows : 1
iq_ua = 6.885741e+02
v(xxdut.xxcmph.dp) = 1.614755e+00
v(xxdut.xxcmph.dn) = 1.964383e+00
v(xxdut.cmph_out) = 1.541329e+00
v(xxdut.xxcmpl.dp) = 3.600000e+00
v(xxdut.xxcmpl.dn) = 1.571338e+00
v(xxdut.cmpl_out) = 4.855300e-09
Doing analysis at TEMP = 27.000000 and TNOM = 27.000000

Using SPARSE 1.3 as Direct Linear Solver

Initial Transient Solution
--------------------------

Node                                   Voltage
----                                   -------
vdd                                        3.6
xxdut.xxbias.xrba.11                   3.59916
xxdut.xxbias.xrba.21                   2.40084
xxdut.vh                                   2.4
xxdut.xxbias.xrbb.11                   2.39916
xxdut.xxbias.xrbb.21                   1.20084
xxdut.vl                                   1.2
xxdut.xxbias.xrbc.11                   1.19916
xxdut.xxbias.xrbc.21               0.000841503
xxdut.ibias                           0.946408
xxdut.xxbias.pb                        2.41919
xxdut.xxbias.n2s                       0.16494
xxdut.xxbias.xrz.11                    0.16458
xxdut.xxbias.xrz.21                0.000360379
xxdut.xxtrim.xrfix.11                  3.59879
xxdut.xxtrim.xrfix.21                   3.3021
xxdut.xxtrim.c1                        3.30088
xxdut.xxtrim.xr0.11                    3.29967
xxdut.xxtrim.xr0.21                    3.28677
xxdut.xxtrim.c2                        3.28556
t0                                           0
xxdut.xxtrim.tb0                           3.6
xxdut.xxtrim.xr1.11                    3.28434
xxdut.xxtrim.xr1.21                    3.25853
xxdut.xxtrim.c3                        3.25732
t1                                           0
xxdut.xxtrim.tb1                           3.6
xxdut.xxtrim.xr2.11                     3.2561
xxdut.xxtrim.xr2.21                    3.20447
xxdut.xxtrim.c4                        3.20326
t2                                           0
xxdut.xxtrim.tb2                           3.6
xxdut.xxtrim.xr3.11                    3.20205
xxdut.xxtrim.xr3.21                    3.09878
xxdut.xxtrim.c5                        3.09757
t3                                           0
xxdut.xxtrim.tb3                           3.6
xxdut.xxtrim.xr4.11                    3.09636
xxdut.xxtrim.xr4.21                    2.88983
xxdut.xxtrim.c6                        2.88862
t4                                           0
xxdut.xxtrim.tb4                           3.6
xxdut.xxtrim.xr5.11                     2.8874
xxdut.xxtrim.xr5.21                    2.47434
xxdut.xxtrim.c7                        2.47312
t5                                           0
xxdut.xxtrim.tb5                           3.6
xxdut.xxtrim.xr6.11                    2.47308
xxdut.xxtrim.xr6.21                     2.4436
xxdut.xxtrim.c8                        2.44356
t6                                         3.6
xxdut.xxtrim.tb6                    4.8553e-09
xxdut.xxtrim.xr7.11                    2.44353
xxdut.xxtrim.xr7.21                    2.40538
xxdut.vc                               2.40535
t7                                         3.6
xxdut.xxtrim.tb7                    4.8553e-09
xxdut.xxcmph.tail                       1.1308
xxdut.xxcmph.dp                        1.61475
xxdut.xxcmph.dn                        1.96438
xxdut.cmph_out                         1.54133
xxdut.xxcmpl.tail                      1.02506
xxdut.xxcmpl.dp                            3.6
xxdut.xxcmpl.dn                        1.57134
xxdut.cmpl_out                      4.8553e-09
clk                                     0.7453
xxdut.qbar                              1.4792
xxdut.mid1                             2.92448
xxdut.mid2                             3.36382
vt7#branch                                   0
vt6#branch                                   0
vt5#branch                                   0
vt4#branch                                   0
vt3#branch                                   0
vt2#branch                                   0
vt1#branch                                   0
vt0#branch                                   0
vdd#branch                        -0.000688574

 Reference value :  4.74168e-08
 Reference value :  1.43771e-07
 Reference value :  2.39835e-07
 Reference value :  3.41748e-07
 Reference value :  4.46349e-07
 Reference value :  5.55204e-07
 Reference value :  6.60609e-07
 Reference value :  7.58498e-07
 Reference value :  8.53859e-07
 Reference value :  9.44930e-07
 Reference value :  1.03957e-06
 Reference value :  1.14087e-06
No. of Data Rows : 6397
t_avg_start         =  9.00085e-08
t_avg_end           =  5.06610e-07
iq_run_ua           =  2.81718e+02 from=  9.00085e-08 to=  5.06738e-07
ngspice-46 done
Warning: m=xx on .subckt line will override multiplier m hierarchy!

Note: Starting dynamic gmin stepping
Note: Dynamic gmin stepping completed
Warning from checkvalid: vector xxdut.clk is not available or has zero length.
Note: Starting dynamic gmin stepping
Note: Dynamic gmin stepping completed
