====================================================================
gf180-rcosc Iq sweep grid point: rc_s_T+027C_V3p3_code0x00
process     : rc_s (fets=typical res=res_ss mimcap=mimcap_ss)
temperature : 27 C
supply      : 3.3 V
trim code   : 0x00 (0)
attempt     : 1 (tran 200p 1200n)
wall clock  : 9.5 s
exit status : 0
====================================================================

Note: Compatibility modes selected: hs a


Circuit: ** sch_path: /users/rwalters/github/gf180-rcosc/.loom/worktrees/issue-43/design/smoke_test.sch

Doing analysis at TEMP = 27.000000 and TNOM = 27.000000

Using SPARSE 1.3 as Direct Linear Solver
 Reference value :  0.00000e+00
No. of Data Rows : 1
iq_ua = 5.468611e+02
v(xxdut.xxcmph.dp) = 1.478200e+00
v(xxdut.xxcmph.dn) = 1.717385e+00
v(xxdut.cmph_out) = 1.426510e+00
v(xxdut.xxcmpl.dp) = 3.300000e+00
v(xxdut.xxcmpl.dn) = 1.350481e+00
v(xxdut.cmpl_out) = 4.206691e-09
Doing analysis at TEMP = 27.000000 and TNOM = 27.000000

Using SPARSE 1.3 as Direct Linear Solver

Initial Transient Solution
--------------------------

Node                                   Voltage
----                                   -------
vdd                                        3.3
xxdut.xxbias.xrba.11                   3.29923
xxdut.xxbias.xrba.21                   2.20077
xxdut.vh                                   2.2
xxdut.xxbias.xrbb.11                   2.19923
xxdut.xxbias.xrbb.21                   1.10077
xxdut.vl                                   1.1
xxdut.xxbias.xrbc.11                   1.09923
xxdut.xxbias.xrbc.21               0.000771378
xxdut.ibias                           0.929325
xxdut.xxbias.pb                        2.14298
xxdut.xxbias.n2s                      0.154761
xxdut.xxbias.xrz.11                   0.154423
xxdut.xxbias.xrz.21                0.000338137
xxdut.xxtrim.xrfix.11                  3.29963
xxdut.xxtrim.xrfix.21                  3.20953
xxdut.xxtrim.c1                        3.20916
xxdut.xxtrim.xr0.11                    3.20879
xxdut.xxtrim.xr0.21                    3.20487
xxdut.xxtrim.c2                         3.2045
t0                                           0
xxdut.xxtrim.tb0                           3.3
xxdut.xxtrim.xr1.11                    3.20414
xxdut.xxtrim.xr1.21                     3.1963
xxdut.xxtrim.c3                        3.19593
t1                                           0
xxdut.xxtrim.tb1                           3.3
xxdut.xxtrim.xr2.11                    3.19556
xxdut.xxtrim.xr2.21                    3.17988
xxdut.xxtrim.c4                        3.17951
t2                                           0
xxdut.xxtrim.tb2                           3.3
xxdut.xxtrim.xr3.11                    3.17914
xxdut.xxtrim.xr3.21                    3.14778
xxdut.xxtrim.c5                        3.14741
t3                                           0
xxdut.xxtrim.tb3                           3.3
xxdut.xxtrim.xr4.11                    3.14705
xxdut.xxtrim.xr4.21                    3.08432
xxdut.xxtrim.c6                        3.08395
t4                                           0
xxdut.xxtrim.tb4                           3.3
xxdut.xxtrim.xr5.11                    3.08359
xxdut.xxtrim.xr5.21                    2.95814
xxdut.xxtrim.c7                        2.95777
t5                                           0
xxdut.xxtrim.tb5                           3.3
xxdut.xxtrim.xr6.11                     2.9574
xxdut.xxtrim.xr6.21                    2.70651
xxdut.xxtrim.c8                        2.70614
t6                                           0
xxdut.xxtrim.tb6                           3.3
xxdut.xxtrim.xr7.11                    2.70577
xxdut.xxtrim.xr7.21                    2.20398
xxdut.vc                               2.20361
t7                                           0
xxdut.xxtrim.tb7                           3.3
xxdut.xxcmph.tail                     0.981409
xxdut.xxcmph.dp                         1.4782
xxdut.xxcmph.dn                        1.71739
xxdut.cmph_out                         1.42651
xxdut.xxcmpl.tail                      0.88126
xxdut.xxcmpl.dp                            3.3
xxdut.xxcmpl.dn                        1.35048
xxdut.cmpl_out                     4.20669e-09
clk                                   0.675497
xxdut.qbar                             1.36795
xxdut.mid1                             2.68497
xxdut.mid2                              3.1044
vt7#branch                                   0
vt6#branch                                   0
vt5#branch                                   0
vt4#branch                                   0
vt3#branch                                   0
vt2#branch                                   0
vt1#branch                                   0
vt0#branch                                   0
vdd#branch                        -0.000546861

 Reference value :  0.00000e+00
 Reference value :  1.02576e-07
 Reference value :  2.23926e-07
 Reference value :  3.50844e-07
 Reference value :  4.76331e-07
 Reference value :  6.06785e-07
 Reference value :  7.28308e-07
 Reference value :  8.46146e-07
 Reference value :  9.74941e-07
 Reference value :  1.09962e-06
No. of Data Rows : 6251
t_avg_start         =  1.95442e-07
t_avg_end           =  1.12542e-06
iq_run_ua           =  1.96520e+02 from=  1.95442e-07 to=  1.12554e-06
ngspice-46 done
Warning: m=xx on .subckt line will override multiplier m hierarchy!

Note: Starting dynamic gmin stepping
Warning: Dynamic gmin stepping failed
Note: Starting true gmin stepping
Note: True gmin stepping completed
Warning from checkvalid: vector xxdut.clk is not available or has zero length.
Note: Starting dynamic gmin stepping
Warning: Dynamic gmin stepping failed
Note: Starting true gmin stepping
Note: True gmin stepping completed
