====================================================================
gf180-rcosc Iq sweep grid point: rc_s_T+027C_V3p6_code0x00
process     : rc_s (fets=typical res=res_ss mimcap=mimcap_ss)
temperature : 27 C
supply      : 3.6 V
trim code   : 0x00 (0)
attempt     : 1 (tran 200p 1200n)
wall clock  : 8.2 s
exit status : 0
====================================================================

Note: Compatibility modes selected: hs a


Circuit: ** sch_path: /users/rwalters/github/gf180-rcosc/.loom/worktrees/issue-43/design/smoke_test.sch

Doing analysis at TEMP = 27.000000 and TNOM = 27.000000

Using SPARSE 1.3 as Direct Linear Solver
 Reference value :  0.00000e+00
No. of Data Rows : 1
iq_ua = 6.714269e+02
v(xxdut.xxcmph.dp) = 1.614461e+00
v(xxdut.xxcmph.dn) = 1.964384e+00
v(xxdut.cmph_out) = 1.556298e+00
v(xxdut.xxcmpl.dp) = 3.600000e+00
v(xxdut.xxcmpl.dn) = 1.571338e+00
v(xxdut.cmpl_out) = 4.855300e-09
Doing analysis at TEMP = 27.000000 and TNOM = 27.000000

Using SPARSE 1.3 as Direct Linear Solver

Initial Transient Solution
--------------------------

Node                                   Voltage
----                                   -------
vdd                                        3.6
xxdut.xxbias.xrba.11                   3.59916
xxdut.xxbias.xrba.21                   2.40084
xxdut.vh                                   2.4
xxdut.xxbias.xrbb.11                   2.39916
xxdut.xxbias.xrbb.21                   1.20084
xxdut.vl                                   1.2
xxdut.xxbias.xrbc.11                   1.19916
xxdut.xxbias.xrbc.21               0.000841503
xxdut.ibias                           0.946408
xxdut.xxbias.pb                        2.41919
xxdut.xxbias.n2s                       0.16494
xxdut.xxbias.xrz.11                    0.16458
xxdut.xxbias.xrz.21                0.000360379
xxdut.xxtrim.xrfix.11                   3.5996
xxdut.xxtrim.xrfix.21                  3.50142
xxdut.xxtrim.c1                        3.50102
xxdut.xxtrim.xr0.11                    3.50062
xxdut.xxtrim.xr0.21                    3.49635
xxdut.xxtrim.c2                        3.49595
t0                                           0
xxdut.xxtrim.tb0                           3.6
xxdut.xxtrim.xr1.11                    3.49555
xxdut.xxtrim.xr1.21                      3.487
xxdut.xxtrim.c3                         3.4866
t1                                           0
xxdut.xxtrim.tb1                           3.6
xxdut.xxtrim.xr2.11                     3.4862
xxdut.xxtrim.xr2.21                    3.46911
xxdut.xxtrim.c4                        3.46871
t2                                           0
xxdut.xxtrim.tb2                           3.6
xxdut.xxtrim.xr3.11                    3.46831
xxdut.xxtrim.xr3.21                    3.43414
xxdut.xxtrim.c5                        3.43374
t3                                           0
xxdut.xxtrim.tb3                           3.6
xxdut.xxtrim.xr4.11                    3.43334
xxdut.xxtrim.xr4.21                    3.36499
xxdut.xxtrim.c6                        3.36459
t4                                           0
xxdut.xxtrim.tb4                           3.6
xxdut.xxtrim.xr5.11                    3.36419
xxdut.xxtrim.xr5.21                     3.2275
xxdut.xxtrim.c7                         3.2271
t5                                           0
xxdut.xxtrim.tb5                           3.6
xxdut.xxtrim.xr6.11                     3.2267
xxdut.xxtrim.xr6.21                    2.95332
xxdut.xxtrim.c8                        2.95292
t6                                           0
xxdut.xxtrim.tb6                           3.6
xxdut.xxtrim.xr7.11                    2.95252
xxdut.xxtrim.xr7.21                    2.40576
xxdut.vc                               2.40536
t7                                           0
xxdut.xxtrim.tb7                           3.6
xxdut.xxcmph.tail                       1.1308
xxdut.xxcmph.dp                        1.61446
xxdut.xxcmph.dn                        1.96438
xxdut.cmph_out                          1.5563
xxdut.xxcmpl.tail                      1.02506
xxdut.xxcmpl.dp                            3.6
xxdut.xxcmpl.dn                        1.57134
xxdut.cmpl_out                      4.8553e-09
clk                                   0.678921
xxdut.qbar                             1.48374
xxdut.mid1                              2.8835
xxdut.mid2                             3.36482
vt7#branch                                   0
vt6#branch                                   0
vt5#branch                                   0
vt4#branch                                   0
vt3#branch                                   0
vt2#branch                                   0
vt1#branch                                   0
vt0#branch                                   0
vdd#branch                        -0.000671427

 Reference value :  5.31458e-08
 Reference value :  1.84882e-07
 Reference value :  3.09192e-07
 Reference value :  4.31378e-07
 Reference value :  5.55806e-07
 Reference value :  6.78246e-07
 Reference value :  7.98394e-07
 Reference value :  9.24942e-07
 Reference value :  1.06086e-06
 Reference value :  1.18668e-06
No. of Data Rows : 6270
t_avg_start         =  1.88162e-07
t_avg_end           =  1.10741e-06
iq_run_ua           =  2.23531e+02 from=  1.88162e-07 to=  1.10743e-06
ngspice-46 done
Warning: m=xx on .subckt line will override multiplier m hierarchy!

Note: Starting dynamic gmin stepping
Note: Dynamic gmin stepping completed
Warning from checkvalid: vector xxdut.clk is not available or has zero length.
Note: Starting dynamic gmin stepping
Note: Dynamic gmin stepping completed
