====================================================================
gf180-rcosc Iq sweep grid point: rc_s_T+085C_V3p3_code0x00
process     : rc_s (fets=typical res=res_ss mimcap=mimcap_ss)
temperature : 85 C
supply      : 3.3 V
trim code   : 0x00 (0)
attempt     : 1 (tran 200p 1200n)
wall clock  : 8.0 s
exit status : 0
====================================================================

Note: Compatibility modes selected: hs a


Circuit: ** sch_path: /users/rwalters/github/gf180-rcosc/.loom/worktrees/issue-43/design/smoke_test.sch

Doing analysis at TEMP = 85.000000 and TNOM = 27.000000

Using SPARSE 1.3 as Direct Linear Solver
 Reference value :  0.00000e+00
No. of Data Rows : 1
iq_ua = 5.641592e+02
v(xxdut.xxcmph.dp) = 1.482701e+00
v(xxdut.xxcmph.dn) = 1.591260e+00
v(xxdut.cmph_out) = 1.429403e+00
v(xxdut.xxcmpl.dp) = 3.300000e+00
v(xxdut.xxcmpl.dn) = 1.139062e+00
v(xxdut.cmpl_out) = 5.198222e-09
Doing analysis at TEMP = 85.000000 and TNOM = 27.000000

Using SPARSE 1.3 as Direct Linear Solver

Initial Transient Solution
--------------------------

Node                                   Voltage
----                                   -------
vdd                                        3.3
xxdut.xxbias.xrba.11                   3.29944
xxdut.xxbias.xrba.21                   2.20056
xxdut.vh                                   2.2
xxdut.xxbias.xrbb.11                   2.19944
xxdut.xxbias.xrbb.21                   1.10056
xxdut.vl                                   1.1
xxdut.xxbias.xrbc.11                   1.09944
xxdut.xxbias.xrbc.21               0.000556713
xxdut.ibias                           0.935468
xxdut.xxbias.pb                        2.11663
xxdut.xxbias.n2s                       0.18818
xxdut.xxbias.xrz.11                   0.187883
xxdut.xxbias.xrz.21                0.000296981
xxdut.xxtrim.xrfix.11                  3.29973
xxdut.xxtrim.xrfix.21                  3.20939
xxdut.xxtrim.c1                        3.20912
xxdut.xxtrim.xr0.11                    3.20885
xxdut.xxtrim.xr0.21                    3.20492
xxdut.xxtrim.c2                        3.20466
t0                                           0
xxdut.xxtrim.tb0                           3.3
xxdut.xxtrim.xr1.11                    3.20439
xxdut.xxtrim.xr1.21                    3.19653
xxdut.xxtrim.c3                        3.19626
t1                                           0
xxdut.xxtrim.tb1                           3.3
xxdut.xxtrim.xr2.11                      3.196
xxdut.xxtrim.xr2.21                    3.18028
xxdut.xxtrim.c4                        3.18001
t2                                           0
xxdut.xxtrim.tb2                           3.3
xxdut.xxtrim.xr3.11                    3.17974
xxdut.xxtrim.xr3.21                     3.1483
xxdut.xxtrim.c5                        3.14803
t3                                           0
xxdut.xxtrim.tb3                           3.3
xxdut.xxtrim.xr4.11                    3.14776
xxdut.xxtrim.xr4.21                    3.08487
xxdut.xxtrim.c6                        3.08461
t4                                           0
xxdut.xxtrim.tb4                           3.3
xxdut.xxtrim.xr5.11                    3.08434
xxdut.xxtrim.xr5.21                    2.95856
xxdut.xxtrim.c7                        2.95829
t5                                           0
xxdut.xxtrim.tb5                           3.3
xxdut.xxtrim.xr6.11                    2.95802
xxdut.xxtrim.xr6.21                    2.70645
xxdut.xxtrim.c8                        2.70619
t6                                           0
xxdut.xxtrim.tb6                           3.3
xxdut.xxtrim.xr7.11                    2.70592
xxdut.xxtrim.xr7.21                    2.20278
xxdut.vc                               2.20251
t7                                           0
xxdut.xxtrim.tb7                           3.3
xxdut.xxcmph.tail                     0.970953
xxdut.xxcmph.dp                         1.4827
xxdut.xxcmph.dn                        1.59126
xxdut.cmph_out                          1.4294
xxdut.xxcmpl.tail                     0.805729
xxdut.xxcmpl.dp                            3.3
xxdut.xxcmpl.dn                        1.13906
xxdut.cmpl_out                     5.19822e-09
clk                                   0.619527
xxdut.qbar                             1.37053
xxdut.mid1                             2.64239
xxdut.mid2                             3.09249
vt7#branch                                   0
vt6#branch                                   0
vt5#branch                                   0
vt4#branch                                   0
vt3#branch                                   0
vt2#branch                                   0
vt1#branch                                   0
vt0#branch                                   0
vdd#branch                        -0.000564159

 Reference value :  4.97532e-08
 Reference value :  1.59376e-07
 Reference value :  2.74184e-07
 Reference value :  4.04074e-07
 Reference value :  5.16997e-07
 Reference value :  6.39435e-07
 Reference value :  7.67840e-07
 Reference value :  9.01844e-07
 Reference value :  1.02527e-06
 Reference value :  1.15633e-06
No. of Data Rows : 6192
t_avg_start         =  1.84350e-07
t_avg_end           =  1.08030e-06
iq_run_ua           =  2.31367e+02 from=  1.84350e-07 to=  1.08030e-06
ngspice-46 done
Warning: m=xx on .subckt line will override multiplier m hierarchy!

Note: Starting dynamic gmin stepping
Note: Dynamic gmin stepping completed
Warning from checkvalid: vector xxdut.clk is not available or has zero length.
Note: Starting dynamic gmin stepping
Note: Dynamic gmin stepping completed
