====================================================================
gf180-rcosc Iq sweep grid point: sf_T-040C_V3p3_code0xC0
process     : sf (fets=sf res=res_typical mimcap=mimcap_typical)
temperature : -40 C
supply      : 3.3 V
trim code   : 0xC0 (192)
attempt     : 1 (tran 200p 1200n)
wall clock  : 118.1 s
exit status : 0
====================================================================

Note: Compatibility modes selected: hs a


Circuit: ** sch_path: /users/rwalters/github/gf180-rcosc/.loom/worktrees/issue-43/design/smoke_test.sch

Doing analysis at TEMP = -40.000000 and TNOM = 27.000000

Using SPARSE 1.3 as Direct Linear Solver
 Reference value :  0.00000e+00
No. of Data Rows : 1
iq_ua = 1.873904e+02
v(xxdut.xxcmph.dp) = 3.302026e+00
v(xxdut.xxcmph.dn) = 1.678302e+00
v(xxdut.cmph_out) = -2.37409e-03
v(xxdut.xxcmpl.dp) = 6.385609e-03
v(xxdut.xxcmpl.dn) = 2.460541e+00
v(xxdut.cmpl_out) = 3.299462e+00
Doing analysis at TEMP = -40.000000 and TNOM = 27.000000

Using SPARSE 1.3 as Direct Linear Solver

Initial Transient Solution
--------------------------

Node                                   Voltage
----                                   -------
vdd                                        3.3
xxdut.xxbias.xrba.11                   3.29852
xxdut.xxbias.xrba.21                   2.19976
xxdut.vh                               2.19828
xxdut.xxbias.xrbb.11                    2.1968
xxdut.xxbias.xrbb.21                   1.10521
xxdut.vl                               1.10374
xxdut.xxbias.xrbc.11                   1.10225
xxdut.xxbias.xrbc.21                0.00148718
xxdut.ibias                            1.03409
xxdut.xxbias.pb                        2.24878
xxdut.xxbias.n2s                      0.125993
xxdut.xxbias.xrz.11                   0.125465
xxdut.xxbias.xrz.21                0.000527491
xxdut.xxtrim.xrfix.11                  3.29532
xxdut.xxtrim.xrfix.21                  2.69964
xxdut.xxtrim.c1                        2.69496
xxdut.xxtrim.xr0.11                    2.69042
xxdut.xxtrim.xr0.21                    2.66529
xxdut.xxtrim.c2                        2.66075
t0                                           0
xxdut.xxtrim.tb0                       3.30044
xxdut.xxtrim.xr1.11                    2.65645
xxdut.xxtrim.xr1.21                    2.60885
xxdut.xxtrim.c3                        2.60455
t1                                           0
xxdut.xxtrim.tb1                       3.30032
xxdut.xxtrim.xr2.11                    2.60044
xxdut.xxtrim.xr2.21                     2.5093
xxdut.xxtrim.c4                        2.50518
t2                                           0
xxdut.xxtrim.tb2                       3.30026
xxdut.xxtrim.xr3.11                    2.50122
xxdut.xxtrim.xr3.21                    2.32549
xxdut.xxtrim.c5                        2.32153
t3                                           0
xxdut.xxtrim.tb3                       3.30021
xxdut.xxtrim.xr4.11                    2.31769
xxdut.xxtrim.xr4.21                    1.97747
xxdut.xxtrim.c6                        1.97363
t4                                           0
xxdut.xxtrim.tb4                        3.3002
xxdut.xxtrim.xr5.11                    1.96994
xxdut.xxtrim.xr5.21                    1.31643
xxdut.xxtrim.c7                        1.31275
t5                                           0
xxdut.xxtrim.tb5                       3.30029
xxdut.xxtrim.xr6.11                    1.31268
xxdut.xxtrim.xr6.21                    1.28968
xxdut.xxtrim.c8                        1.28962
t6                                         3.3
xxdut.xxtrim.tb6                    0.00208326
xxdut.xxtrim.xr7.11                    1.28958
xxdut.xxtrim.xr7.21                     1.2621
xxdut.vc                               1.26206
t7                                         3.3
xxdut.xxtrim.tb7                    0.00161285
xxdut.xxcmph.tail                      0.81555
xxdut.xxcmph.dp                        3.29918
xxdut.xxcmph.dn                        1.61485
xxdut.cmph_out                     -0.00195021
xxdut.xxcmpl.tail                     0.131334
xxdut.xxcmpl.dp                        1.08944
xxdut.xxcmpl.dn                        1.82619
xxdut.cmpl_out                         3.26784
clk                                 0.00120538
xxdut.qbar                             3.30421
xxdut.mid1                             3.29297
xxdut.mid2                             2.22358
vt7#branch                         4.92028e-06
vt6#branch                         7.68094e-06
vt5#branch                        -5.22625e-07
vt4#branch                         1.39848e-07
vt3#branch                         1.46548e-07
vt2#branch                         3.65444e-07
vt1#branch                         4.37607e-07
vt0#branch                         6.12208e-07
vdd#branch                        -0.000284684

 Reference value :  0.00000e+00
 Reference value :  8.70601e-08
 Reference value :  1.77030e-07
 Reference value :  2.65967e-07
 Reference value :  3.51451e-07
 Reference value :  4.34943e-07
 Reference value :  5.28594e-07
 Reference value :  6.22487e-07
 Reference value :  7.12155e-07
 Reference value :  8.08957e-07
 Reference value :  9.02787e-07
 Reference value :  9.98574e-07
 Reference value :  1.09261e-06
 Reference value :  1.18311e-06
No. of Data Rows : 6605
t_avg_start         =  8.71391e-08
t_avg_end           =  4.70256e-07
iq_run_ua           =  2.37269e+02 from=  8.71391e-08 to=  4.70393e-07
ngspice-46 done
Warning: m=xx on .subckt line will override multiplier m hierarchy!

Note: Starting dynamic gmin stepping
Warning: Dynamic gmin stepping failed
Note: Starting true gmin stepping
Warning: True gmin stepping failed
Note: Starting source stepping
Warning: source stepping failed
Note: Transient op started
Note: Transient op finished successfully
Warning from checkvalid: vector xxdut.clk is not available or has zero length.
Note: Starting dynamic gmin stepping
Warning: Dynamic gmin stepping failed
Note: Starting true gmin stepping
Warning: True gmin stepping failed
Note: Starting source stepping
Warning: singular matrix:  check node xxdut.vl

Warning: source stepping failed
Note: Transient op started
Note: Transient op finished successfully
