====================================================================
gf180-rcosc Iq sweep grid point: sf_T+027C_V3p0_code0xC0
process     : sf (fets=sf res=res_typical mimcap=mimcap_typical)
temperature : 27 C
supply      : 3 V
trim code   : 0xC0 (192)
attempt     : 1 (tran 200p 1200n)
wall clock  : 10.3 s
exit status : 0
====================================================================

Note: Compatibility modes selected: hs a


Circuit: ** sch_path: /users/rwalters/github/gf180-rcosc/.loom/worktrees/issue-43/design/smoke_test.sch

Doing analysis at TEMP = 27.000000 and TNOM = 27.000000

Using SPARSE 1.3 as Direct Linear Solver
 Reference value :  0.00000e+00
No. of Data Rows : 1
iq_ua = 4.963046e+02
v(xxdut.xxcmph.dp) = 1.454847e+00
v(xxdut.xxcmph.dn) = 1.488293e+00
v(xxdut.cmph_out) = 1.398591e+00
v(xxdut.xxcmpl.dp) = 3.000000e+00
v(xxdut.xxcmpl.dn) = 1.113807e+00
v(xxdut.cmpl_out) = 4.141892e-09
Doing analysis at TEMP = 27.000000 and TNOM = 27.000000

Using SPARSE 1.3 as Direct Linear Solver

Initial Transient Solution
--------------------------

Node                                   Voltage
----                                   -------
vdd                                          3
xxdut.xxbias.xrba.11                   2.99916
xxdut.xxbias.xrba.21                   2.00084
xxdut.vh                                     2
xxdut.xxbias.xrbb.11                   1.99916
xxdut.xxbias.xrbb.21                   1.00084
xxdut.vl                                     1
xxdut.xxbias.xrbc.11                  0.999159
xxdut.xxbias.xrbc.21               0.000841267
xxdut.ibias                            1.03038
xxdut.xxbias.pb                        1.92068
xxdut.xxbias.n2s                      0.158151
xxdut.xxbias.xrz.11                   0.157737
xxdut.xxbias.xrz.21                0.000414293
xxdut.xxtrim.xrfix.11                  2.99885
xxdut.xxtrim.xrfix.21                  2.76363
xxdut.xxtrim.c1                        2.76248
xxdut.xxtrim.xr0.11                    2.76133
xxdut.xxtrim.xr0.21                     2.7511
xxdut.xxtrim.c2                        2.74995
t0                                           0
xxdut.xxtrim.tb0                             3
xxdut.xxtrim.xr1.11                    2.74879
xxdut.xxtrim.xr1.21                    2.72833
xxdut.xxtrim.c3                        2.72717
t1                                           0
xxdut.xxtrim.tb1                             3
xxdut.xxtrim.xr2.11                    2.72602
xxdut.xxtrim.xr2.21                    2.68509
xxdut.xxtrim.c4                        2.68394
t2                                           0
xxdut.xxtrim.tb2                             3
xxdut.xxtrim.xr3.11                    2.68278
xxdut.xxtrim.xr3.21                    2.60092
xxdut.xxtrim.c5                        2.59976
t3                                           0
xxdut.xxtrim.tb3                             3
xxdut.xxtrim.xr4.11                    2.59861
xxdut.xxtrim.xr4.21                    2.43487
xxdut.xxtrim.c6                        2.43372
t4                                           0
xxdut.xxtrim.tb4                             3
xxdut.xxtrim.xr5.11                    2.43257
xxdut.xxtrim.xr5.21                     2.1051
xxdut.xxtrim.c7                        2.10394
t5                                           0
xxdut.xxtrim.tb5                             3
xxdut.xxtrim.xr6.11                    2.10387
xxdut.xxtrim.xr6.21                    2.06021
xxdut.xxtrim.c8                        2.06013
t6                                           3
xxdut.xxtrim.tb6                   4.14189e-09
xxdut.xxtrim.xr7.11                    2.06008
xxdut.xxtrim.xr7.21                    2.00051
xxdut.vc                               2.00046
t7                                           3
xxdut.xxtrim.tb7                   4.14189e-09
xxdut.xxcmph.tail                     0.734165
xxdut.xxcmph.dp                        1.45485
xxdut.xxcmph.dn                        1.48829
xxdut.cmph_out                         1.39859
xxdut.xxcmpl.tail                     0.624305
xxdut.xxcmpl.dp                              3
xxdut.xxcmpl.dn                        1.11381
xxdut.cmpl_out                     4.14189e-09
clk                                   0.826554
xxdut.qbar                             1.36465
xxdut.mid1                             2.51485
xxdut.mid2                             2.85006
vt7#branch                                   0
vt6#branch                                   0
vt5#branch                                   0
vt4#branch                                   0
vt3#branch                                   0
vt2#branch                                   0
vt1#branch                                   0
vt0#branch                                   0
vdd#branch                        -0.000496305

 Reference value :  2.66792e-08
 Reference value :  1.07933e-07
 Reference value :  1.87818e-07
 Reference value :  2.59658e-07
 Reference value :  3.31548e-07
 Reference value :  4.19411e-07
 Reference value :  4.94630e-07
 Reference value :  5.71430e-07
 Reference value :  6.55385e-07
 Reference value :  7.40814e-07
 Reference value :  8.24845e-07
 Reference value :  9.20794e-07
 Reference value :  1.01179e-06
 Reference value :  1.09312e-06
 Reference value :  1.16577e-06
No. of Data Rows : 6304
t_avg_start         =  8.14317e-08
t_avg_end           =  4.69262e-07
iq_run_ua           =  2.57060e+02 from=  8.14317e-08 to=  4.69275e-07
ngspice-46 done
Warning: m=xx on .subckt line will override multiplier m hierarchy!

Note: Starting dynamic gmin stepping
Note: Dynamic gmin stepping completed
Warning from checkvalid: vector xxdut.clk is not available or has zero length.
Note: Starting dynamic gmin stepping
Note: Dynamic gmin stepping completed
