====================================================================
gf180-rcosc Iq sweep grid point: sf_T+027C_V3p0_code0x80
process     : sf (fets=sf res=res_typical mimcap=mimcap_typical)
temperature : 27 C
supply      : 3 V
trim code   : 0x80 (128)
attempt     : 1 (tran 200p 1200n)
wall clock  : 9.5 s
exit status : 0
====================================================================

Note: Compatibility modes selected: hs a


Circuit: ** sch_path: /users/rwalters/github/gf180-rcosc/.loom/worktrees/issue-43/design/smoke_test.sch

Doing analysis at TEMP = 27.000000 and TNOM = 27.000000

Using SPARSE 1.3 as Direct Linear Solver
 Reference value :  0.00000e+00
No. of Data Rows : 1
iq_ua = 4.868061e+02
v(xxdut.xxcmph.dp) = 1.454717e+00
v(xxdut.xxcmph.dn) = 1.488294e+00
v(xxdut.cmph_out) = 1.406645e+00
v(xxdut.xxcmpl.dp) = 3.000000e+00
v(xxdut.xxcmpl.dn) = 1.113807e+00
v(xxdut.cmpl_out) = 4.141891e-09
Doing analysis at TEMP = 27.000000 and TNOM = 27.000000

Using SPARSE 1.3 as Direct Linear Solver

Initial Transient Solution
--------------------------

Node                                   Voltage
----                                   -------
vdd                                          3
xxdut.xxbias.xrba.11                   2.99916
xxdut.xxbias.xrba.21                   2.00084
xxdut.vh                                     2
xxdut.xxbias.xrbb.11                   1.99916
xxdut.xxbias.xrbb.21                   1.00084
xxdut.vl                                     1
xxdut.xxbias.xrbc.11                  0.999159
xxdut.xxbias.xrbc.21               0.000841267
xxdut.ibias                            1.03038
xxdut.xxbias.pb                        1.92068
xxdut.xxbias.n2s                      0.158151
xxdut.xxbias.xrz.11                   0.157737
xxdut.xxbias.xrz.21                0.000414293
xxdut.xxtrim.xrfix.11                  2.99929
xxdut.xxtrim.xrfix.21                  2.85349
xxdut.xxtrim.c1                        2.85278
xxdut.xxtrim.xr0.11                    2.85206
xxdut.xxtrim.xr0.21                    2.84572
xxdut.xxtrim.c2                        2.84501
t0                                           0
xxdut.xxtrim.tb0                             3
xxdut.xxtrim.xr1.11                    2.84429
xxdut.xxtrim.xr1.21                    2.83161
xxdut.xxtrim.c3                        2.83089
t1                                           0
xxdut.xxtrim.tb1                             3
xxdut.xxtrim.xr2.11                    2.83018
xxdut.xxtrim.xr2.21                    2.80481
xxdut.xxtrim.c4                        2.80409
t2                                           0
xxdut.xxtrim.tb2                             3
xxdut.xxtrim.xr3.11                    2.80338
xxdut.xxtrim.xr3.21                    2.75264
xxdut.xxtrim.c5                        2.75192
t3                                           0
xxdut.xxtrim.tb3                             3
xxdut.xxtrim.xr4.11                    2.75121
xxdut.xxtrim.xr4.21                    2.64972
xxdut.xxtrim.c6                          2.649
t4                                           0
xxdut.xxtrim.tb4                             3
xxdut.xxtrim.xr5.11                    2.64829
xxdut.xxtrim.xr5.21                    2.44531
xxdut.xxtrim.c7                         2.4446
t5                                           0
xxdut.xxtrim.tb5                             3
xxdut.xxtrim.xr6.11                    2.44388
xxdut.xxtrim.xr6.21                    2.03792
xxdut.xxtrim.c8                        2.03721
t6                                           0
xxdut.xxtrim.tb6                             3
xxdut.xxtrim.xr7.11                    2.03718
xxdut.xxtrim.xr7.21                    2.00049
xxdut.vc                               2.00046
t7                                           3
xxdut.xxtrim.tb7                   4.14189e-09
xxdut.xxcmph.tail                     0.734165
xxdut.xxcmph.dp                        1.45472
xxdut.xxcmph.dn                        1.48829
xxdut.cmph_out                         1.40664
xxdut.xxcmpl.tail                     0.624307
xxdut.xxcmpl.dp                              3
xxdut.xxcmpl.dn                        1.11381
xxdut.cmpl_out                     4.14189e-09
clk                                   0.795713
xxdut.qbar                             1.36534
xxdut.mid1                             2.49543
xxdut.mid2                             2.85015
vt7#branch                                   0
vt6#branch                                   0
vt5#branch                                   0
vt4#branch                                   0
vt3#branch                                   0
vt2#branch                                   0
vt1#branch                                   0
vt0#branch                                   0
vdd#branch                        -0.000486806

 Reference value :  1.86068e-08
 Reference value :  1.11896e-07
 Reference value :  2.01964e-07
 Reference value :  2.97284e-07
 Reference value :  3.75692e-07
 Reference value :  4.52429e-07
 Reference value :  5.42117e-07
 Reference value :  6.31156e-07
 Reference value :  7.08384e-07
 Reference value :  7.90244e-07
 Reference value :  8.75024e-07
 Reference value :  9.67288e-07
 Reference value :  1.06153e-06
 Reference value :  1.16576e-06
No. of Data Rows : 6387
t_avg_start         =  1.08604e-07
t_avg_end           =  6.30433e-07
iq_run_ua           =  2.27018e+02 from=  1.08604e-07 to=  6.30475e-07
ngspice-46 done
Warning: m=xx on .subckt line will override multiplier m hierarchy!

Note: Starting dynamic gmin stepping
Note: Dynamic gmin stepping completed
Warning from checkvalid: vector xxdut.clk is not available or has zero length.
Note: Starting dynamic gmin stepping
Note: Dynamic gmin stepping completed
