====================================================================
gf180-rcosc Iq sweep grid point: ss_T+085C_V3p6_code0xC0
process     : ss (fets=ss res=res_ss mimcap=mimcap_ss)
temperature : 85 C
supply      : 3.6 V
trim code   : 0xC0 (192)
attempt     : 1 (tran 200p 1200n)
wall clock  : 10.5 s
exit status : 0
====================================================================

Note: Compatibility modes selected: hs a


Circuit: ** sch_path: /users/rwalters/github/gf180-rcosc/.loom/worktrees/issue-43/design/smoke_test.sch

Doing analysis at TEMP = 85.000000 and TNOM = 27.000000

Using SPARSE 1.3 as Direct Linear Solver
 Reference value :  0.00000e+00
No. of Data Rows : 1
iq_ua = 5.751653e+02
v(xxdut.xxcmph.dp) = 1.626907e+00
v(xxdut.xxcmph.dn) = 1.714236e+00
v(xxdut.cmph_out) = 1.550983e+00
v(xxdut.xxcmpl.dp) = 3.600000e+00
v(xxdut.xxcmpl.dn) = 1.237851e+00
v(xxdut.cmpl_out) = 5.832017e-09
Doing analysis at TEMP = 85.000000 and TNOM = 27.000000

Using SPARSE 1.3 as Direct Linear Solver

Initial Transient Solution
--------------------------

Node                                   Voltage
----                                   -------
vdd                                        3.6
xxdut.xxbias.xrba.11                   3.59939
xxdut.xxbias.xrba.21                   2.40061
xxdut.vh                                   2.4
xxdut.xxbias.xrbb.11                   2.39939
xxdut.xxbias.xrbb.21                   1.20061
xxdut.vl                                   1.2
xxdut.xxbias.xrbc.11                   1.19939
xxdut.xxbias.xrbc.21               0.000607323
xxdut.ibias                            1.06164
xxdut.xxbias.pb                         2.2682
xxdut.xxbias.n2s                      0.193813
xxdut.xxbias.xrz.11                   0.193507
xxdut.xxbias.xrz.21                0.000305872
xxdut.xxtrim.xrfix.11                  3.59915
xxdut.xxtrim.xrfix.21                  3.31042
xxdut.xxtrim.c1                        3.30957
xxdut.xxtrim.xr0.11                    3.30871
xxdut.xxtrim.xr0.21                    3.29615
xxdut.xxtrim.c2                         3.2953
t0                                           0
xxdut.xxtrim.tb0                           3.6
xxdut.xxtrim.xr1.11                    3.29445
xxdut.xxtrim.xr1.21                    3.26933
xxdut.xxtrim.c3                        3.26848
t1                                           0
xxdut.xxtrim.tb1                           3.6
xxdut.xxtrim.xr2.11                    3.26763
xxdut.xxtrim.xr2.21                    3.21738
xxdut.xxtrim.c4                        3.21653
t2                                           0
xxdut.xxtrim.tb2                           3.6
xxdut.xxtrim.xr3.11                    3.21568
xxdut.xxtrim.xr3.21                    3.11519
xxdut.xxtrim.c5                        3.11433
t3                                           0
xxdut.xxtrim.tb3                           3.6
xxdut.xxtrim.xr4.11                    3.11348
xxdut.xxtrim.xr4.21                    2.91249
xxdut.xxtrim.c6                        2.91164
t4                                           0
xxdut.xxtrim.tb4                           3.6
xxdut.xxtrim.xr5.11                    2.91079
xxdut.xxtrim.xr5.21                     2.5088
xxdut.xxtrim.c7                        2.50795
t5                                           0
xxdut.xxtrim.tb5                           3.6
xxdut.xxtrim.xr6.11                     2.5079
xxdut.xxtrim.xr6.21                     2.4613
xxdut.xxtrim.c8                        2.46125
t6                                         3.6
xxdut.xxtrim.tb6                   5.83202e-09
xxdut.xxtrim.xr7.11                    2.46121
xxdut.xxtrim.xr7.21                    2.40176
xxdut.vc                               2.40172
t7                                         3.6
xxdut.xxtrim.tb7                   5.83202e-09
xxdut.xxcmph.tail                      1.01692
xxdut.xxcmph.dp                        1.62691
xxdut.xxcmph.dn                        1.71424
xxdut.cmph_out                         1.55098
xxdut.xxcmpl.tail                     0.853249
xxdut.xxcmpl.dp                            3.6
xxdut.xxcmpl.dn                        1.23785
xxdut.cmpl_out                     5.83202e-09
clk                                   0.811011
xxdut.qbar                             1.50183
xxdut.mid1                             2.97452
xxdut.mid2                             3.39062
vt7#branch                                   0
vt6#branch                                   0
vt5#branch                                   0
vt4#branch                                   0
vt3#branch                                   0
vt2#branch                                   0
vt1#branch                                   0
vt0#branch                                   0
vdd#branch                        -0.000575165

 Reference value :  3.50871e-08
 Reference value :  1.27216e-07
 Reference value :  2.19664e-07
 Reference value :  3.06977e-07
 Reference value :  4.12776e-07
 Reference value :  5.07542e-07
 Reference value :  5.86642e-07
 Reference value :  6.72284e-07
 Reference value :  7.73684e-07
 Reference value :  8.68749e-07
 Reference value :  9.81170e-07
 Reference value :  1.08013e-06
 Reference value :  1.16185e-06
No. of Data Rows : 6356
t_avg_start         =  9.05962e-08
t_avg_end           =  5.19304e-07
iq_run_ua           =  2.92808e+02 from=  9.05962e-08 to=  5.19348e-07
ngspice-46 done
Warning: m=xx on .subckt line will override multiplier m hierarchy!

Note: Starting dynamic gmin stepping
Note: Dynamic gmin stepping completed
Warning from checkvalid: vector xxdut.clk is not available or has zero length.
Note: Starting dynamic gmin stepping
Note: Dynamic gmin stepping completed
