====================================================================
gf180-rcosc Iq sweep grid point: ss_T+085C_V3p0_code0x80
process     : ss (fets=ss res=res_ss mimcap=mimcap_ss)
temperature : 85 C
supply      : 3 V
trim code   : 0x80 (128)
attempt     : 1 (tran 200p 1200n)
wall clock  : 11.2 s
exit status : 0
====================================================================

Note: Compatibility modes selected: hs a


Circuit: ** sch_path: /users/rwalters/github/gf180-rcosc/.loom/worktrees/issue-43/design/smoke_test.sch

Doing analysis at TEMP = 85.000000 and TNOM = 27.000000

Using SPARSE 1.3 as Direct Linear Solver
 Reference value :  0.00000e+00
No. of Data Rows : 1
iq_ua = 3.846332e+02
v(xxdut.xxcmph.dp) = 1.353788e+00
v(xxdut.xxcmph.dn) = 1.197456e+00
v(xxdut.cmph_out) = 1.300646e+00
v(xxdut.xxcmpl.dp) = 2.999998e+00
v(xxdut.xxcmpl.dn) = 7.653561e-01
v(xxdut.cmpl_out) = 5.020166e-09
Doing analysis at TEMP = 85.000000 and TNOM = 27.000000

Using SPARSE 1.3 as Direct Linear Solver

Initial Transient Solution
--------------------------

Node                                   Voltage
----                                   -------
vdd                                          3
xxdut.xxbias.xrba.11                   2.99949
xxdut.xxbias.xrba.21                   2.00051
xxdut.vh                                     2
xxdut.xxbias.xrbb.11                   1.99949
xxdut.xxbias.xrbb.21                   1.00051
xxdut.vl                                     1
xxdut.xxbias.xrbc.11                  0.999494
xxdut.xxbias.xrbc.21               0.000506103
xxdut.ibias                            1.03434
xxdut.xxbias.pb                        1.70447
xxdut.xxbias.n2s                      0.177655
xxdut.xxbias.xrz.11                   0.177374
xxdut.xxbias.xrz.21                0.000280371
xxdut.xxtrim.xrfix.11                  2.99957
xxdut.xxtrim.xrfix.21                  2.85404
xxdut.xxtrim.c1                        2.85361
xxdut.xxtrim.xr0.11                    2.85319
xxdut.xxtrim.xr0.21                    2.84686
xxdut.xxtrim.c2                        2.84643
t0                                           0
xxdut.xxtrim.tb0                             3
xxdut.xxtrim.xr1.11                      2.846
xxdut.xxtrim.xr1.21                    2.83334
xxdut.xxtrim.c3                        2.83291
t1                                           0
xxdut.xxtrim.tb1                             3
xxdut.xxtrim.xr2.11                    2.83248
xxdut.xxtrim.xr2.21                    2.80715
xxdut.xxtrim.c4                        2.80672
t2                                           0
xxdut.xxtrim.tb2                             3
xxdut.xxtrim.xr3.11                    2.80629
xxdut.xxtrim.xr3.21                    2.75564
xxdut.xxtrim.c5                        2.75521
t3                                           0
xxdut.xxtrim.tb3                             3
xxdut.xxtrim.xr4.11                    2.75479
xxdut.xxtrim.xr4.21                    2.65348
xxdut.xxtrim.c6                        2.65305
t4                                           0
xxdut.xxtrim.tb4                             3
xxdut.xxtrim.xr5.11                    2.65262
xxdut.xxtrim.xr5.21                    2.45001
xxdut.xxtrim.c7                        2.44959
t5                                           0
xxdut.xxtrim.tb5                             3
xxdut.xxtrim.xr6.11                    2.44916
xxdut.xxtrim.xr6.21                    2.04394
xxdut.xxtrim.c8                        2.04351
t6                                           0
xxdut.xxtrim.tb6                             3
xxdut.xxtrim.xr7.11                    2.04348
xxdut.xxtrim.xr7.21                     1.9964
xxdut.vc                               1.99638
t7                                           3
xxdut.xxtrim.tb7                   5.02016e-09
xxdut.xxcmph.tail                     0.718903
xxdut.xxcmph.dp                        1.35379
xxdut.xxcmph.dn                        1.19746
xxdut.cmph_out                         1.30065
xxdut.xxcmpl.tail                     0.513178
xxdut.xxcmpl.dp                              3
xxdut.xxcmpl.dn                       0.765356
xxdut.cmpl_out                     5.02017e-09
clk                                   0.763624
xxdut.qbar                             1.27284
xxdut.mid1                             2.54974
xxdut.mid2                              2.8642
vt7#branch                                   0
vt6#branch                                   0
vt5#branch                                   0
vt4#branch                                   0
vt3#branch                                   0
vt2#branch                                   0
vt1#branch                                   0
vt0#branch                                   0
vdd#branch                        -0.000384633

 Reference value :  7.42931e-09
 Reference value :  7.89422e-08
 Reference value :  1.98607e-07
 Reference value :  3.11111e-07
 Reference value :  4.24300e-07
 Reference value :  5.37494e-07
 Reference value :  6.22449e-07
 Reference value :  7.21337e-07
 Reference value :  8.19767e-07
 Reference value :  9.24120e-07
 Reference value :  1.02685e-06
 Reference value :  1.12072e-06
No. of Data Rows : 6184
t_avg_start         =  1.34860e-07
t_avg_end           =  7.74519e-07
iq_run_ua           =  2.09014e+02 from=  1.34860e-07 to=  7.74540e-07
ngspice-46 done
Warning: m=xx on .subckt line will override multiplier m hierarchy!

Note: Starting dynamic gmin stepping
Note: Dynamic gmin stepping completed
Warning from checkvalid: vector xxdut.clk is not available or has zero length.
Note: Starting dynamic gmin stepping
Note: Dynamic gmin stepping completed
