====================================================================
gf180-rcosc Iq sweep grid point: ss_T+027C_V3p0_code0x00
process     : ss (fets=ss res=res_ss mimcap=mimcap_ss)
temperature : 27 C
supply      : 3 V
trim code   : 0x00 (0)
attempt     : 2 (tran 200p 4000n)
wall clock  : 32.5 s
exit status : 0
====================================================================

Note: Compatibility modes selected: hs a


Circuit: ** sch_path: /users/rwalters/github/gf180-rcosc/.loom/worktrees/issue-43/design/smoke_test.sch

Doing analysis at TEMP = 27.000000 and TNOM = 27.000000

Using SPARSE 1.3 as Direct Linear Solver
 Reference value :  0.00000e+00
No. of Data Rows : 1
iq_ua = 3.402673e+02
v(xxdut.xxcmph.dp) = 1.351986e+00
v(xxdut.xxcmph.dn) = 1.341913e+00
v(xxdut.cmph_out) = 1.309997e+00
v(xxdut.xxcmpl.dp) = 3.000000e+00
v(xxdut.xxcmpl.dn) = 9.994217e-01
v(xxdut.cmpl_out) = 4.175708e-09
Doing analysis at TEMP = 27.000000 and TNOM = 27.000000

Using SPARSE 1.3 as Direct Linear Solver

Initial Transient Solution
--------------------------

Node                                   Voltage
----                                   -------
vdd                                          3
xxdut.xxbias.xrba.11                    2.9993
xxdut.xxbias.xrba.21                    2.0007
xxdut.vh                                     2
xxdut.xxbias.xrbb.11                    1.9993
xxdut.xxbias.xrbb.21                    1.0007
xxdut.vl                                     1
xxdut.xxbias.xrbc.11                  0.999299
xxdut.xxbias.xrbc.21               0.000701252
xxdut.ibias                            1.02176
xxdut.xxbias.pb                        1.74065
xxdut.xxbias.n2s                      0.141718
xxdut.xxbias.xrz.11                   0.141408
xxdut.xxbias.xrz.21                 0.00030964
xxdut.xxtrim.xrfix.11                  2.99966
xxdut.xxtrim.xrfix.21                  2.91747
xxdut.xxtrim.c1                        2.91713
xxdut.xxtrim.xr0.11                     2.9168
xxdut.xxtrim.xr0.21                    2.91322
xxdut.xxtrim.c2                        2.91289
t0                                           0
xxdut.xxtrim.tb0                             3
xxdut.xxtrim.xr1.11                    2.91255
xxdut.xxtrim.xr1.21                     2.9054
xxdut.xxtrim.c3                        2.90506
t1                                           0
xxdut.xxtrim.tb1                             3
xxdut.xxtrim.xr2.11                    2.90473
xxdut.xxtrim.xr2.21                    2.89042
xxdut.xxtrim.c4                        2.89009
t2                                           0
xxdut.xxtrim.tb2                             3
xxdut.xxtrim.xr3.11                    2.88975
xxdut.xxtrim.xr3.21                    2.86114
xxdut.xxtrim.c5                        2.86081
t3                                           0
xxdut.xxtrim.tb3                             3
xxdut.xxtrim.xr4.11                    2.86047
xxdut.xxtrim.xr4.21                    2.80326
xxdut.xxtrim.c6                        2.80292
t4                                           0
xxdut.xxtrim.tb4                             3
xxdut.xxtrim.xr5.11                    2.80258
xxdut.xxtrim.xr5.21                    2.68815
xxdut.xxtrim.c7                        2.68781
t5                                           0
xxdut.xxtrim.tb5                             3
xxdut.xxtrim.xr6.11                    2.68748
xxdut.xxtrim.xr6.21                    2.45861
xxdut.xxtrim.c8                        2.45827
t6                                           0
xxdut.xxtrim.tb6                             3
xxdut.xxtrim.xr7.11                    2.45794
xxdut.xxtrim.xr7.21                    2.00019
xxdut.vc                               1.99986
t7                                           0
xxdut.xxtrim.tb7                             3
xxdut.xxcmph.tail                     0.734859
xxdut.xxcmph.dp                        1.35199
xxdut.xxcmph.dn                        1.34191
xxdut.cmph_out                            1.31
xxdut.xxcmpl.tail                     0.636001
xxdut.xxcmpl.dp                              3
xxdut.xxcmpl.dn                       0.999422
xxdut.cmpl_out                     4.17571e-09
clk                                   0.783599
xxdut.qbar                             1.28059
xxdut.mid1                             2.56887
xxdut.mid2                             2.87838
vt7#branch                                   0
vt6#branch                                   0
vt5#branch                                   0
vt4#branch                                   0
vt3#branch                                   0
vt2#branch                                   0
vt1#branch                                   0
vt0#branch                                   0
vdd#branch                        -0.000340267

 Reference value :  0.00000e+00
 Reference value :  1.11469e-07
 Reference value :  2.41181e-07
 Reference value :  3.52133e-07
 Reference value :  4.54240e-07
 Reference value :  5.54857e-07
 Reference value :  6.70728e-07
 Reference value :  7.64427e-07
 Reference value :  8.73547e-07
 Reference value :  9.55531e-07
 Reference value :  1.05520e-06
 Reference value :  1.15601e-06
 Reference value :  1.27290e-06
 Reference value :  1.38347e-06
 Reference value :  1.49533e-06
 Reference value :  1.59745e-06
 Reference value :  1.69892e-06
 Reference value :  1.80491e-06
 Reference value :  1.92049e-06
 Reference value :  2.03427e-06
 Reference value :  2.13016e-06
 Reference value :  2.20772e-06
 Reference value :  2.30312e-06
 Reference value :  2.44301e-06
 Reference value :  2.53198e-06
 Reference value :  2.59844e-06
 Reference value :  2.68856e-06
 Reference value :  2.81423e-06
 Reference value :  2.94417e-06
 Reference value :  3.05658e-06
 Reference value :  3.18261e-06
 Reference value :  3.29806e-06
 Reference value :  3.38956e-06
 Reference value :  3.48844e-06
 Reference value :  3.58144e-06
 Reference value :  3.66236e-06
 Reference value :  3.73939e-06
 Reference value :  3.80969e-06
 Reference value :  3.88694e-06
 Reference value :  3.95353e-06
No. of Data Rows : 20296
t_avg_start         =  2.04580e-07
t_avg_end           =  1.20057e-06
iq_run_ua           =  1.55522e+02 from=  2.04580e-07 to=  1.20059e-06
ngspice-46 done
Warning: m=xx on .subckt line will override multiplier m hierarchy!

Note: Starting dynamic gmin stepping
Warning: Dynamic gmin stepping failed
Note: Starting true gmin stepping
Note: True gmin stepping completed
Warning from checkvalid: vector xxdut.clk is not available or has zero length.
Note: Starting dynamic gmin stepping
Warning: Dynamic gmin stepping failed
Note: Starting true gmin stepping
Note: True gmin stepping completed
