====================================================================
gf180-rcosc Iq sweep grid point: ss_T+085C_V3p0_code0xC0
process     : ss (fets=ss res=res_ss mimcap=mimcap_ss)
temperature : 85 C
supply      : 3 V
trim code   : 0xC0 (192)
attempt     : 1 (tran 200p 1200n)
wall clock  : 10.5 s
exit status : 0
====================================================================

Note: Compatibility modes selected: hs a


Circuit: ** sch_path: /users/rwalters/github/gf180-rcosc/.loom/worktrees/issue-43/design/smoke_test.sch

Doing analysis at TEMP = 85.000000 and TNOM = 27.000000

Using SPARSE 1.3 as Direct Linear Solver
 Reference value :  0.00000e+00
No. of Data Rows : 1
iq_ua = 3.925212e+02
v(xxdut.xxcmph.dp) = 1.353923e+00
v(xxdut.xxcmph.dn) = 1.197455e+00
v(xxdut.cmph_out) = 1.291417e+00
v(xxdut.xxcmpl.dp) = 2.999998e+00
v(xxdut.xxcmpl.dn) = 7.653561e-01
v(xxdut.cmpl_out) = 5.020166e-09
Doing analysis at TEMP = 85.000000 and TNOM = 27.000000

Using SPARSE 1.3 as Direct Linear Solver

Initial Transient Solution
--------------------------

Node                                   Voltage
----                                   -------
vdd                                          3
xxdut.xxbias.xrba.11                   2.99949
xxdut.xxbias.xrba.21                   2.00051
xxdut.vh                                     2
xxdut.xxbias.xrbb.11                   1.99949
xxdut.xxbias.xrbb.21                   1.00051
xxdut.vl                                     1
xxdut.xxbias.xrbc.11                  0.999494
xxdut.xxbias.xrbc.21               0.000506103
xxdut.ibias                            1.03434
xxdut.xxbias.pb                        1.70447
xxdut.xxbias.n2s                      0.177655
xxdut.xxbias.xrz.11                   0.177374
xxdut.xxbias.xrz.21                0.000280371
xxdut.xxtrim.xrfix.11                  2.99932
xxdut.xxtrim.xrfix.21                  2.76862
xxdut.xxtrim.c1                        2.76794
xxdut.xxtrim.xr0.11                    2.76726
xxdut.xxtrim.xr0.21                    2.75723
xxdut.xxtrim.c2                        2.75655
t0                                           0
xxdut.xxtrim.tb0                             3
xxdut.xxtrim.xr1.11                    2.75587
xxdut.xxtrim.xr1.21                    2.73579
xxdut.xxtrim.c3                        2.73511
t1                                           0
xxdut.xxtrim.tb1                             3
xxdut.xxtrim.xr2.11                    2.73443
xxdut.xxtrim.xr2.21                    2.69429
xxdut.xxtrim.c4                        2.69361
t2                                           0
xxdut.xxtrim.tb2                             3
xxdut.xxtrim.xr3.11                    2.69293
xxdut.xxtrim.xr3.21                    2.61263
xxdut.xxtrim.c5                        2.61195
t3                                           0
xxdut.xxtrim.tb3                             3
xxdut.xxtrim.xr4.11                    2.61127
xxdut.xxtrim.xr4.21                    2.45068
xxdut.xxtrim.c6                           2.45
t4                                           0
xxdut.xxtrim.tb4                             3
xxdut.xxtrim.xr5.11                    2.44932
xxdut.xxtrim.xr5.21                    2.12813
xxdut.xxtrim.c7                        2.12745
t5                                           0
xxdut.xxtrim.tb5                             3
xxdut.xxtrim.xr6.11                    2.12739
xxdut.xxtrim.xr6.21                     2.0718
xxdut.xxtrim.c8                        2.07174
t6                                           3
xxdut.xxtrim.tb6                   5.02016e-09
xxdut.xxtrim.xr7.11                     2.0717
xxdut.xxtrim.xr7.21                    1.99641
xxdut.vc                               1.99637
t7                                           3
xxdut.xxtrim.tb7                   5.02016e-09
xxdut.xxcmph.tail                     0.718903
xxdut.xxcmph.dp                        1.35392
xxdut.xxcmph.dn                        1.19746
xxdut.cmph_out                         1.29142
xxdut.xxcmpl.tail                     0.513177
xxdut.xxcmpl.dp                              3
xxdut.xxcmpl.dn                       0.765356
xxdut.cmpl_out                     5.02017e-09
clk                                    0.79603
xxdut.qbar                             1.27216
xxdut.mid1                              2.5693
xxdut.mid2                             2.86411
vt7#branch                                   0
vt6#branch                                   0
vt5#branch                                   0
vt4#branch                                   0
vt3#branch                                   0
vt2#branch                                   0
vt1#branch                                   0
vt0#branch                                   0
vdd#branch                        -0.000392521

 Reference value :  2.92454e-08
 Reference value :  1.18840e-07
 Reference value :  2.02904e-07
 Reference value :  2.97458e-07
 Reference value :  3.93618e-07
 Reference value :  4.80691e-07
 Reference value :  5.65003e-07
 Reference value :  6.51865e-07
 Reference value :  7.45906e-07
 Reference value :  8.38030e-07
 Reference value :  9.32660e-07
 Reference value :  1.02726e-06
 Reference value :  1.12105e-06
No. of Data Rows : 6218
t_avg_start         =  1.01279e-07
t_avg_end           =  5.75914e-07
iq_run_ua           =  2.34255e+02 from=  1.01279e-07 to=  5.75980e-07
ngspice-46 done
Warning: m=xx on .subckt line will override multiplier m hierarchy!

Note: Starting dynamic gmin stepping
Note: Dynamic gmin stepping completed
Warning from checkvalid: vector xxdut.clk is not available or has zero length.
Note: Starting dynamic gmin stepping
Note: Dynamic gmin stepping completed
