====================================================================
gf180-rcosc Iq sweep grid point: ss_T-040C_V3p6_code0xFF
process     : ss (fets=ss res=res_ss mimcap=mimcap_ss)
temperature : -40 C
supply      : 3.6 V
trim code   : 0xFF (255)
attempt     : 1 (tran 200p 1200n)
wall clock  : 16.0 s
exit status : 0
====================================================================

Note: Compatibility modes selected: hs a


Circuit: ** sch_path: /users/rwalters/github/gf180-rcosc/.loom/worktrees/issue-43/design/smoke_test.sch

Doing analysis at TEMP = -40.000000 and TNOM = 27.000000

Using SPARSE 1.3 as Direct Linear Solver
 Reference value :  0.00000e+00
No. of Data Rows : 1
iq_ua = 5.873428e+02
v(xxdut.xxcmph.dp) = 1.619594e+00
v(xxdut.xxcmph.dn) = 1.992578e+00
v(xxdut.cmph_out) = 1.531820e+00
v(xxdut.xxcmpl.dp) = 3.600000e+00
v(xxdut.xxcmpl.dn) = 1.702971e+00
v(xxdut.cmpl_out) = 3.911506e-09
Doing analysis at TEMP = -40.000000 and TNOM = 27.000000

Using SPARSE 1.3 as Direct Linear Solver

Initial Transient Solution
--------------------------

Node                                   Voltage
----                                   -------
vdd                                        3.6
xxdut.xxbias.xrba.11                   3.59865
xxdut.xxbias.xrba.21                   2.40135
xxdut.vh                                   2.4
xxdut.xxbias.xrbb.11                   2.39865
xxdut.xxbias.xrbb.21                   1.20135
xxdut.vl                                   1.2
xxdut.xxbias.xrbc.11                   1.19865
xxdut.xxbias.xrbc.21                0.00134801
xxdut.ibias                            1.04968
xxdut.xxbias.pb                        2.32931
xxdut.xxbias.n2s                      0.122544
xxdut.xxbias.xrz.11                   0.122116
xxdut.xxbias.xrz.21                0.000428141
xxdut.xxtrim.xrfix.11                  3.59517
xxdut.xxtrim.xrfix.21                  2.85747
xxdut.xxtrim.c1                        2.85264
xxdut.xxtrim.xr0.11                    2.85139
xxdut.xxtrim.xr0.21                    2.84307
xxdut.xxtrim.c2                        2.84182
t0                                         3.6
xxdut.xxtrim.tb0                   3.91151e-09
xxdut.xxtrim.xr1.11                     2.8407
xxdut.xxtrim.xr1.21                    2.82592
xxdut.xxtrim.c3                         2.8248
t1                                         3.6
xxdut.xxtrim.tb1                   3.91151e-09
xxdut.xxtrim.xr2.11                    2.82395
xxdut.xxtrim.xr2.21                    2.80113
xxdut.xxtrim.c4                        2.80027
t2                                         3.6
xxdut.xxtrim.tb2                   3.91151e-09
xxdut.xxtrim.xr3.11                    2.79957
xxdut.xxtrim.xr3.21                    2.76196
xxdut.xxtrim.c5                        2.76125
t3                                         3.6
xxdut.xxtrim.tb3                   3.91151e-09
xxdut.xxtrim.xr4.11                    2.76074
xxdut.xxtrim.xr4.21                    2.70558
xxdut.xxtrim.c6                        2.70506
t4                                         3.6
xxdut.xxtrim.tb4                   3.91151e-09
xxdut.xxtrim.xr5.11                    2.70472
xxdut.xxtrim.xr5.21                     2.6321
xxdut.xxtrim.c7                        2.63175
t5                                         3.6
xxdut.xxtrim.tb5                   3.91151e-09
xxdut.xxtrim.xr6.11                    2.63152
xxdut.xxtrim.xr6.21                    2.53305
xxdut.xxtrim.c8                        2.53282
t6                                         3.6
xxdut.xxtrim.tb6                   3.91151e-09
xxdut.xxtrim.xr7.11                    2.53267
xxdut.xxtrim.xr7.21                    2.40383
xxdut.vc                               2.40368
t7                                         3.6
xxdut.xxtrim.tb7                   3.91151e-09
xxdut.xxcmph.tail                      1.03821
xxdut.xxcmph.dp                        1.61959
xxdut.xxcmph.dn                        1.99258
xxdut.cmph_out                         1.53182
xxdut.xxcmpl.tail                     0.965394
xxdut.xxcmpl.dp                            3.6
xxdut.xxcmpl.dn                        1.70297
xxdut.cmpl_out                     3.91151e-09
clk                                   0.976772
xxdut.qbar                             1.50848
xxdut.mid1                             3.09253
xxdut.mid2                             3.41829
vt7#branch                                   0
vt6#branch                                   0
vt5#branch                                   0
vt4#branch                                   0
vt3#branch                                   0
vt2#branch                                   0
vt1#branch                                   0
vt0#branch                                   0
vdd#branch                        -0.000587343

 Reference value :  2.13587e-08
 Reference value :  6.87212e-08
 Reference value :  1.22047e-07
 Reference value :  1.97992e-07
 Reference value :  2.59105e-07
 Reference value :  3.25412e-07
 Reference value :  3.95080e-07
 Reference value :  4.44689e-07
 Reference value :  5.12105e-07
 Reference value :  5.88349e-07
 Reference value :  6.49787e-07
 Reference value :  7.23913e-07
 Reference value :  7.86157e-07
 Reference value :  8.49046e-07
 Reference value :  9.18835e-07
 Reference value :  9.87390e-07
 Reference value :  1.05363e-06
 Reference value :  1.09873e-06
 Reference value :  1.14440e-06
 Reference value :  1.18933e-06
No. of Data Rows : 6713
t_avg_start         =  6.13622e-08
t_avg_end           =  3.62044e-07
iq_run_ua           =  3.33889e+02 from=  6.13622e-08 to=  3.62103e-07
ngspice-46 done
Warning: m=xx on .subckt line will override multiplier m hierarchy!

Note: Starting dynamic gmin stepping
Note: Dynamic gmin stepping completed
Warning from checkvalid: vector xxdut.clk is not available or has zero length.
Note: Starting dynamic gmin stepping
Note: Dynamic gmin stepping completed
