====================================================================
gf180-rcosc Iq sweep grid point: ss_T-040C_V3p0_code0x00
process     : ss (fets=ss res=res_ss mimcap=mimcap_ss)
temperature : -40 C
supply      : 3 V
trim code   : 0x00 (0)
attempt     : 2 (tran 200p 4000n)
wall clock  : 84.7 s
exit status : 0
====================================================================

Note: Compatibility modes selected: hs a


Circuit: ** sch_path: /users/rwalters/github/gf180-rcosc/.loom/worktrees/issue-43/design/smoke_test.sch

Doing analysis at TEMP = -40.000000 and TNOM = 27.000000

Using SPARSE 1.3 as Direct Linear Solver
 Reference value :  0.00000e+00
No. of Data Rows : 1
iq_ua = 1.569235e+02
v(xxdut.xxcmph.dp) = 2.999685e+00
v(xxdut.xxcmph.dn) = 1.249734e+00
v(xxdut.cmph_out) = -3.14246e-03
v(xxdut.xxcmpl.dp) = 2.022013e-01
v(xxdut.xxcmpl.dn) = 1.665390e+00
v(xxdut.cmpl_out) = 2.995499e+00
Doing analysis at TEMP = -40.000000 and TNOM = 27.000000

Using SPARSE 1.3 as Direct Linear Solver

Initial Transient Solution
--------------------------

Node                                   Voltage
----                                   -------
vdd                                          3
xxdut.xxbias.xrba.11                   2.99888
xxdut.xxbias.xrba.21                   2.00494
xxdut.vh                               2.00382
xxdut.xxbias.xrbb.11                   2.00269
xxdut.xxbias.xrbb.21                   1.00346
xxdut.vl                               1.00234
xxdut.xxbias.xrbc.11                   1.00121
xxdut.xxbias.xrbc.21                0.00112597
xxdut.ibias                            1.02466
xxdut.xxbias.pb                        1.76809
xxdut.xxbias.n2s                      0.107926
xxdut.xxbias.xrz.11                   0.107549
xxdut.xxbias.xrz.21                0.000377069
xxdut.xxtrim.xrfix.11                  2.99943
xxdut.xxtrim.xrfix.21                  2.91211
xxdut.xxtrim.c1                        2.91154
xxdut.xxtrim.xr0.11                    2.91098
xxdut.xxtrim.xr0.21                    2.90723
xxdut.xxtrim.c2                        2.90666
t0                                           0
xxdut.xxtrim.tb0                       3.00003
xxdut.xxtrim.xr1.11                    2.90611
xxdut.xxtrim.xr1.21                    2.89877
xxdut.xxtrim.c3                        2.89822
t1                                           0
xxdut.xxtrim.tb1                       3.00002
xxdut.xxtrim.xr2.11                    2.89767
xxdut.xxtrim.xr2.21                    2.88324
xxdut.xxtrim.c4                         2.8827
t2                                           0
xxdut.xxtrim.tb2                       3.00002
xxdut.xxtrim.xr3.11                    2.88216
xxdut.xxtrim.xr3.21                     2.8537
xxdut.xxtrim.c5                        2.85316
t3                                           0
xxdut.xxtrim.tb3                       3.00002
xxdut.xxtrim.xr4.11                    2.85263
xxdut.xxtrim.xr4.21                     2.7964
xxdut.xxtrim.c6                        2.79587
t4                                           0
xxdut.xxtrim.tb4                       3.00002
xxdut.xxtrim.xr5.11                    2.79535
xxdut.xxtrim.xr5.21                    2.68456
xxdut.xxtrim.c7                        2.68404
t5                                           0
xxdut.xxtrim.tb5                       3.00002
xxdut.xxtrim.xr6.11                    2.68353
xxdut.xxtrim.xr6.21                    2.46701
xxdut.xxtrim.c8                         2.4665
t6                                           0
xxdut.xxtrim.tb6                       3.00002
xxdut.xxtrim.xr7.11                    2.46602
xxdut.xxtrim.xr7.21                    2.05256
xxdut.vc                               2.05207
t7                                           0
xxdut.xxtrim.tb7                       3.00001
xxdut.xxcmph.tail                     0.762045
xxdut.xxcmph.dp                        1.92401
xxdut.xxcmph.dn                        1.53372
xxdut.cmph_out                      0.00613251
xxdut.xxcmpl.tail                     0.711578
xxdut.xxcmpl.dp                        3.00382
xxdut.xxcmpl.dn                        1.21808
xxdut.cmpl_out                       0.0363821
clk                                  0.0228339
xxdut.qbar                             3.00664
xxdut.mid1                             3.01876
xxdut.mid2                             2.99564
vt7#branch                        -2.62821e-08
vt6#branch                        -2.20515e-09
vt5#branch                         9.19831e-09
vt4#branch                         7.45083e-09
vt3#branch                         7.42812e-09
vt2#branch                         1.72387e-08
vt1#branch                         2.05611e-08
vt0#branch                         2.87948e-08
vdd#branch                         -0.00012952

 Reference value :  0.00000e+00
 Reference value :  7.00270e-08
 Reference value :  1.52841e-07
 Reference value :  2.23824e-07
 Reference value :  3.13907e-07
 Reference value :  4.22577e-07
 Reference value :  5.20355e-07
 Reference value :  6.40865e-07
 Reference value :  7.62943e-07
 Reference value :  8.85118e-07
 Reference value :  9.52791e-07
 Reference value :  1.02182e-06
 Reference value :  1.08951e-06
 Reference value :  1.15516e-06
 Reference value :  1.22012e-06
 Reference value :  1.29381e-06
 Reference value :  1.35380e-06
 Reference value :  1.41683e-06
 Reference value :  1.48335e-06
 Reference value :  1.54262e-06
 Reference value :  1.61684e-06
 Reference value :  1.68385e-06
 Reference value :  1.74861e-06
 Reference value :  1.81995e-06
 Reference value :  1.88468e-06
 Reference value :  1.95286e-06
 Reference value :  2.02964e-06
 Reference value :  2.12055e-06
 Reference value :  2.25114e-06
 Reference value :  2.38011e-06
 Reference value :  2.49836e-06
 Reference value :  2.61487e-06
 Reference value :  2.70751e-06
 Reference value :  2.81504e-06
 Reference value :  2.92398e-06
 Reference value :  3.03166e-06
 Reference value :  3.13748e-06
 Reference value :  3.24153e-06
 Reference value :  3.35161e-06
 Reference value :  3.45702e-06
 Reference value :  3.55267e-06
 Reference value :  3.65404e-06
 Reference value :  3.76136e-06
 Reference value :  3.86649e-06
 Reference value :  3.97202e-06
No. of Data Rows : 20598
t_avg_start         =  2.18089e-07
t_avg_end           =  1.30011e-06
iq_run_ua           =  1.19237e+02 from=  2.18089e-07 to=  1.30012e-06
ngspice-46 done
Warning: m=xx on .subckt line will override multiplier m hierarchy!

Note: Starting dynamic gmin stepping
Warning: Dynamic gmin stepping failed
Note: Starting true gmin stepping
Warning: True gmin stepping failed
Note: Starting source stepping
Warning: source stepping failed
Note: Transient op started
Note: Transient op finished successfully
Warning from checkvalid: vector xxdut.clk is not available or has zero length.
Note: Starting dynamic gmin stepping
Warning: Dynamic gmin stepping failed
Note: Starting true gmin stepping
Warning: True gmin stepping failed
Note: Starting source stepping
Warning: singular matrix:  check node xxdut.vl

Warning: source stepping failed
Note: Transient op started
Note: Transient op finished successfully
