====================================================================
gf180-rcosc Iq sweep grid point: ss_T+027C_V3p6_code0xFF
process     : ss (fets=ss res=res_ss mimcap=mimcap_ss)
temperature : 27 C
supply      : 3.6 V
trim code   : 0xFF (255)
attempt     : 1 (tran 200p 1200n)
wall clock  : 19.4 s
exit status : 0
====================================================================

Note: Compatibility modes selected: hs a


Circuit: ** sch_path: /users/rwalters/github/gf180-rcosc/.loom/worktrees/issue-43/design/smoke_test.sch

Doing analysis at TEMP = 27.000000 and TNOM = 27.000000

Using SPARSE 1.3 as Direct Linear Solver
 Reference value :  0.00000e+00
No. of Data Rows : 1
iq_ua = 5.906308e+02
v(xxdut.xxcmph.dp) = 1.622135e+00
v(xxdut.xxcmph.dn) = 1.855858e+00
v(xxdut.cmph_out) = 1.525552e+00
v(xxdut.xxcmpl.dp) = 3.600000e+00
v(xxdut.xxcmpl.dn) = 1.471052e+00
v(xxdut.cmpl_out) = 4.916329e-09
Doing analysis at TEMP = 27.000000 and TNOM = 27.000000

Using SPARSE 1.3 as Direct Linear Solver

Initial Transient Solution
--------------------------

Node                                   Voltage
----                                   -------
vdd                                        3.6
xxdut.xxbias.xrba.11                   3.59916
xxdut.xxbias.xrba.21                   2.40084
xxdut.vh                                   2.4
xxdut.xxbias.xrbb.11                   2.39916
xxdut.xxbias.xrbb.21                   1.20084
xxdut.vl                                   1.2
xxdut.xxbias.xrbc.11                   1.19916
xxdut.xxbias.xrbc.21               0.000841503
xxdut.ibias                            1.04949
xxdut.xxbias.pb                        2.30236
xxdut.xxbias.n2s                      0.157962
xxdut.xxbias.xrz.11                   0.157616
xxdut.xxbias.xrz.21                0.000345131
xxdut.xxtrim.xrfix.11                  3.59718
xxdut.xxtrim.xrfix.21                  2.90592
xxdut.xxtrim.c1                        2.90309
xxdut.xxtrim.xr0.11                    2.90218
xxdut.xxtrim.xr0.21                    2.89246
xxdut.xxtrim.c2                        2.89155
t0                                         3.6
xxdut.xxtrim.tb0                   4.91633e-09
xxdut.xxtrim.xr1.11                    2.89075
xxdut.xxtrim.xr1.21                    2.87381
xxdut.xxtrim.c3                        2.87301
t1                                         3.6
xxdut.xxtrim.tb1                   4.91633e-09
xxdut.xxtrim.xr2.11                     2.8724
xxdut.xxtrim.xr2.21                    2.84633
xxdut.xxtrim.c4                        2.84572
t2                                         3.6
xxdut.xxtrim.tb2                   4.91633e-09
xxdut.xxtrim.xr3.11                    2.84522
xxdut.xxtrim.xr3.21                    2.80232
xxdut.xxtrim.c5                        2.80182
t3                                         3.6
xxdut.xxtrim.tb3                   4.91633e-09
xxdut.xxtrim.xr4.11                    2.80145
xxdut.xxtrim.xr4.21                    2.73817
xxdut.xxtrim.c6                         2.7378
t4                                         3.6
xxdut.xxtrim.tb4                   4.91633e-09
xxdut.xxtrim.xr5.11                    2.73755
xxdut.xxtrim.xr5.21                    2.65366
xxdut.xxtrim.c7                        2.65341
t5                                         3.6
xxdut.xxtrim.tb5                   4.91633e-09
xxdut.xxtrim.xr6.11                    2.65325
xxdut.xxtrim.xr6.21                    2.54125
xxdut.xxtrim.c8                        2.54109
t6                                         3.6
xxdut.xxtrim.tb6                   4.91633e-09
xxdut.xxtrim.xr7.11                    2.54098
xxdut.xxtrim.xr7.21                    2.40327
xxdut.vc                               2.40317
t7                                         3.6
xxdut.xxtrim.tb7                   4.91633e-09
xxdut.xxcmph.tail                      1.03261
xxdut.xxcmph.dp                        1.62214
xxdut.xxcmph.dn                        1.85586
xxdut.cmph_out                         1.52555
xxdut.xxcmpl.tail                     0.927254
xxdut.xxcmpl.dp                            3.6
xxdut.xxcmpl.dn                        1.47105
xxdut.cmpl_out                     4.91633e-09
clk                                   0.927527
xxdut.qbar                             1.50175
xxdut.mid1                             3.05431
xxdut.mid2                              3.4028
vt7#branch                                   0
vt6#branch                                   0
vt5#branch                                   0
vt4#branch                                   0
vt3#branch                                   0
vt2#branch                                   0
vt1#branch                                   0
vt0#branch                                   0
vdd#branch                        -0.000590631

 Reference value :  8.00000e-12
 Reference value :  4.72995e-08
 Reference value :  8.93688e-08
 Reference value :  1.31260e-07
 Reference value :  1.76838e-07
 Reference value :  2.22608e-07
 Reference value :  2.67316e-07
 Reference value :  3.12828e-07
 Reference value :  3.64486e-07
 Reference value :  4.10435e-07
 Reference value :  4.60066e-07
 Reference value :  5.13232e-07
 Reference value :  5.98950e-07
 Reference value :  6.83975e-07
 Reference value :  7.72659e-07
 Reference value :  8.66897e-07
 Reference value :  9.35543e-07
 Reference value :  1.01284e-06
 Reference value :  1.09440e-06
 Reference value :  1.17140e-06
No. of Data Rows : 6485
t_avg_start         =  6.16902e-08
t_avg_end           =  3.51981e-07
iq_run_ua           =  3.70844e+02 from=  6.16902e-08 to=  3.51995e-07
ngspice-46 done
Warning: m=xx on .subckt line will override multiplier m hierarchy!

Note: Starting dynamic gmin stepping
Note: Dynamic gmin stepping completed
Warning from checkvalid: vector xxdut.clk is not available or has zero length.
Note: Starting dynamic gmin stepping
Note: Dynamic gmin stepping completed
