====================================================================
gf180-rcosc Iq sweep grid point: tt_T-040C_V3p0_code0x80
process     : tt (fets=typical res=res_typical mimcap=mimcap_typical)
temperature : -40 C
supply      : 3 V
trim code   : 0x80 (128)
attempt     : 1 (tran 200p 1200n)
wall clock  : 27.0 s
exit status : 0
====================================================================

Note: Compatibility modes selected: hs a


Circuit: ** sch_path: /users/rwalters/github/gf180-rcosc/.loom/worktrees/issue-43/design/smoke_test.sch

Doing analysis at TEMP = -40.000000 and TNOM = 27.000000

Using SPARSE 1.3 as Direct Linear Solver
 Reference value :  0.00000e+00
No. of Data Rows : 1
iq_ua = 4.508978e+02
v(xxdut.xxcmph.dp) = 1.343237e+00
v(xxdut.xxcmph.dn) = 1.521778e+00
v(xxdut.cmph_out) = 1.293540e+00
v(xxdut.xxcmpl.dp) = 3.000000e+00
v(xxdut.xxcmpl.dn) = 1.236370e+00
v(xxdut.cmpl_out) = 3.037657e-09
Doing analysis at TEMP = -40.000000 and TNOM = 27.000000

Using SPARSE 1.3 as Direct Linear Solver

Initial Transient Solution
--------------------------

Node                                   Voltage
----                                   -------
vdd                                          3
xxdut.xxbias.xrba.11                   2.99865
xxdut.xxbias.xrba.21                   2.00135
xxdut.vh                                     2
xxdut.xxbias.xrbb.11                   1.99865
xxdut.xxbias.xrbb.21                   1.00135
xxdut.vl                                     1
xxdut.xxbias.xrbc.11                  0.998653
xxdut.xxbias.xrbc.21                 0.0013474
xxdut.ibias                           0.940936
xxdut.xxbias.pb                        1.85301
xxdut.xxbias.n2s                      0.119155
xxdut.xxbias.xrz.11                   0.118656
xxdut.xxbias.xrz.21                0.000498864
xxdut.xxtrim.xrfix.11                  2.99886
xxdut.xxtrim.xrfix.21                  2.85365
xxdut.xxtrim.c1                        2.85251
xxdut.xxtrim.xr0.11                    2.85137
xxdut.xxtrim.xr0.21                    2.84505
xxdut.xxtrim.c2                        2.84391
t0                                           0
xxdut.xxtrim.tb0                             3
xxdut.xxtrim.xr1.11                    2.84277
xxdut.xxtrim.xr1.21                    2.83014
xxdut.xxtrim.c3                          2.829
t1                                           0
xxdut.xxtrim.tb1                             3
xxdut.xxtrim.xr2.11                    2.82786
xxdut.xxtrim.xr2.21                    2.80259
xxdut.xxtrim.c4                        2.80145
t2                                           0
xxdut.xxtrim.tb2                             3
xxdut.xxtrim.xr3.11                    2.80031
xxdut.xxtrim.xr3.21                    2.74977
xxdut.xxtrim.c5                        2.74863
t3                                           0
xxdut.xxtrim.tb3                             3
xxdut.xxtrim.xr4.11                    2.74748
xxdut.xxtrim.xr4.21                     2.6464
xxdut.xxtrim.c6                        2.64526
t4                                           0
xxdut.xxtrim.tb4                             3
xxdut.xxtrim.xr5.11                    2.64412
xxdut.xxtrim.xr5.21                    2.44196
xxdut.xxtrim.c7                        2.44082
t5                                           0
xxdut.xxtrim.tb5                             3
xxdut.xxtrim.xr6.11                    2.43968
xxdut.xxtrim.xr6.21                    2.03535
xxdut.xxtrim.c8                        2.03421
t6                                           0
xxdut.xxtrim.tb6                             3
xxdut.xxtrim.xr7.11                    2.03417
xxdut.xxtrim.xr7.21                    2.00209
xxdut.vc                               2.00204
t7                                           3
xxdut.xxtrim.tb7                   3.03766e-09
xxdut.xxcmph.tail                     0.814941
xxdut.xxcmph.dp                        1.34324
xxdut.xxcmph.dn                        1.52178
xxdut.cmph_out                         1.29354
xxdut.xxcmpl.tail                     0.741903
xxdut.xxcmpl.dp                              3
xxdut.xxcmpl.dn                        1.23637
xxdut.cmpl_out                     3.03766e-09
clk                                   0.774891
xxdut.qbar                             1.26258
xxdut.mid1                             2.55568
xxdut.mid2                             2.85996
vt7#branch                                   0
vt6#branch                                   0
vt5#branch                                   0
vt4#branch                                   0
vt3#branch                                   0
vt2#branch                                   0
vt1#branch                                   0
vt0#branch                                   0
vdd#branch                        -0.000450898

 Reference value :  0.00000e+00
 Reference value :  4.58053e-08
 Reference value :  9.05623e-08
 Reference value :  1.40465e-07
 Reference value :  1.89816e-07
 Reference value :  2.32670e-07
 Reference value :  2.80478e-07
 Reference value :  3.31425e-07
 Reference value :  3.80025e-07
 Reference value :  4.32731e-07
 Reference value :  4.81539e-07
 Reference value :  5.27547e-07
 Reference value :  5.75981e-07
 Reference value :  6.23334e-07
 Reference value :  6.75594e-07
 Reference value :  7.26207e-07
 Reference value :  7.80395e-07
 Reference value :  8.32434e-07
 Reference value :  8.83715e-07
 Reference value :  9.35029e-07
 Reference value :  9.80772e-07
 Reference value :  1.04457e-06
 Reference value :  1.09148e-06
 Reference value :  1.14229e-06
No. of Data Rows : 6380
t_avg_start         =  1.13633e-07
t_avg_end           =  6.45750e-07
iq_run_ua           =  1.86943e+02 from=  1.13633e-07 to=  6.45868e-07
ngspice-46 done
Warning: m=xx on .subckt line will override multiplier m hierarchy!

Note: Starting dynamic gmin stepping
Note: Dynamic gmin stepping completed
Warning from checkvalid: vector xxdut.clk is not available or has zero length.
Note: Starting dynamic gmin stepping
Note: Dynamic gmin stepping completed
