====================================================================
gf180-rcosc Iq sweep grid point: tt_T+085C_V3p0_code0x80
process     : tt (fets=typical res=res_typical mimcap=mimcap_typical)
temperature : 85 C
supply      : 3 V
trim code   : 0x80 (128)
attempt     : 1 (tran 200p 1200n)
wall clock  : 22.5 s
exit status : 0
====================================================================

Note: Compatibility modes selected: hs a


Circuit: ** sch_path: /users/rwalters/github/gf180-rcosc/.loom/worktrees/issue-43/design/smoke_test.sch

Doing analysis at TEMP = 85.000000 and TNOM = 27.000000

Using SPARSE 1.3 as Direct Linear Solver
 Reference value :  0.00000e+00
No. of Data Rows : 1
iq_ua = 5.323770e+02
v(xxdut.xxcmph.dp) = 1.347035e+00
v(xxdut.xxcmph.dn) = 1.187811e+00
v(xxdut.cmph_out) = 1.289253e+00
v(xxdut.xxcmpl.dp) = 2.999918e+00
v(xxdut.xxcmpl.dn) = 6.966941e-01
v(xxdut.cmpl_out) = 4.814225e-09
Doing analysis at TEMP = 85.000000 and TNOM = 27.000000

Using SPARSE 1.3 as Direct Linear Solver

Initial Transient Solution
--------------------------

Node                                   Voltage
----                                   -------
vdd                                          3
xxdut.xxbias.xrba.11                   2.99939
xxdut.xxbias.xrba.21                   2.00061
xxdut.vh                                     2
xxdut.xxbias.xrbb.11                   1.99939
xxdut.xxbias.xrbb.21                   1.00061
xxdut.vl                                     1
xxdut.xxbias.xrbc.11                  0.999393
xxdut.xxbias.xrbc.21                 0.0006072
xxdut.ibias                           0.971282
xxdut.xxbias.pb                        1.76594
xxdut.xxbias.n2s                      0.200208
xxdut.xxbias.xrz.11                   0.199829
xxdut.xxbias.xrz.21                0.000378918
xxdut.xxtrim.xrfix.11                  2.99948
xxdut.xxtrim.xrfix.21                  2.85228
xxdut.xxtrim.c1                        2.85176
xxdut.xxtrim.xr0.11                    2.85124
xxdut.xxtrim.xr0.21                    2.84483
xxdut.xxtrim.c2                        2.84431
t0                                           0
xxdut.xxtrim.tb0                             3
xxdut.xxtrim.xr1.11                    2.84379
xxdut.xxtrim.xr1.21                    2.83098
xxdut.xxtrim.c3                        2.83046
t1                                           0
xxdut.xxtrim.tb1                             3
xxdut.xxtrim.xr2.11                    2.82994
xxdut.xxtrim.xr2.21                    2.80432
xxdut.xxtrim.c4                         2.8038
t2                                           0
xxdut.xxtrim.tb2                             3
xxdut.xxtrim.xr3.11                    2.80328
xxdut.xxtrim.xr3.21                    2.75205
xxdut.xxtrim.c5                        2.75153
t3                                           0
xxdut.xxtrim.tb3                             3
xxdut.xxtrim.xr4.11                    2.75101
xxdut.xxtrim.xr4.21                    2.64854
xxdut.xxtrim.c6                        2.64802
t4                                           0
xxdut.xxtrim.tb4                             3
xxdut.xxtrim.xr5.11                     2.6475
xxdut.xxtrim.xr5.21                    2.44255
xxdut.xxtrim.c7                        2.44203
t5                                           0
xxdut.xxtrim.tb5                             3
xxdut.xxtrim.xr6.11                    2.44151
xxdut.xxtrim.xr6.21                    2.03162
xxdut.xxtrim.c8                         2.0311
t6                                           0
xxdut.xxtrim.tb6                             3
xxdut.xxtrim.xr7.11                    2.03108
xxdut.xxtrim.xr7.21                    1.99332
xxdut.vc                               1.99329
t7                                           3
xxdut.xxtrim.tb7                   4.81375e-09
xxdut.xxcmph.tail                     0.776039
xxdut.xxcmph.dp                        1.34704
xxdut.xxcmph.dn                        1.18781
xxdut.cmph_out                         1.28925
xxdut.xxcmpl.tail                     0.467833
xxdut.xxcmpl.dp                        2.99992
xxdut.xxcmpl.dn                       0.696694
xxdut.cmpl_out                     4.81422e-09
clk                                   0.663294
xxdut.qbar                             1.24938
xxdut.mid1                              2.4723
xxdut.mid2                             2.82915
vt7#branch                                   0
vt6#branch                                   0
vt5#branch                                   0
vt4#branch                                   0
vt3#branch                                   0
vt2#branch                                   0
vt1#branch                                   0
vt0#branch                                   0
vdd#branch                        -0.000532377

 Reference value :  0.00000e+00
 Reference value :  5.22297e-08
 Reference value :  1.03461e-07
 Reference value :  1.57244e-07
 Reference value :  2.14905e-07
 Reference value :  2.70117e-07
 Reference value :  3.20650e-07
 Reference value :  3.71312e-07
 Reference value :  4.25814e-07
 Reference value :  4.75523e-07
 Reference value :  5.34147e-07
 Reference value :  5.82256e-07
 Reference value :  6.32178e-07
 Reference value :  6.80005e-07
 Reference value :  7.28526e-07
 Reference value :  7.84850e-07
 Reference value :  8.44463e-07
 Reference value :  8.94978e-07
 Reference value :  9.53463e-07
 Reference value :  1.01000e-06
 Reference value :  1.05835e-06
 Reference value :  1.11467e-06
 Reference value :  1.16481e-06
No. of Data Rows : 6276
t_avg_start         =  1.01113e-07
t_avg_end           =  5.84276e-07
iq_run_ua           =  2.84176e+02 from=  1.01113e-07 to=  5.84439e-07
ngspice-46 done
Warning: m=xx on .subckt line will override multiplier m hierarchy!

Note: Starting dynamic gmin stepping
Note: Dynamic gmin stepping completed
Warning from checkvalid: vector xxdut.clk is not available or has zero length.
Note: Starting dynamic gmin stepping
Note: Dynamic gmin stepping completed
