====================================================================
gf180-rcosc Iq sweep grid point: tt_T+027C_V3p3_code0x80
process     : tt (fets=typical res=res_typical mimcap=mimcap_typical)
temperature : 27 C
supply      : 3.3 V
trim code   : 0x80 (128)
attempt     : 1 (tran 200p 1200n)
wall clock  : 25.1 s
exit status : 0
====================================================================

Note: Compatibility modes selected: hs a


Circuit: ** sch_path: /users/rwalters/github/gf180-rcosc/.loom/worktrees/issue-43/design/smoke_test.sch

Doing analysis at TEMP = 27.000000 and TNOM = 27.000000

Using SPARSE 1.3 as Direct Linear Solver
 Reference value :  0.00000e+00
No. of Data Rows : 1
iq_ua = 6.022328e+02
v(xxdut.xxcmph.dp) = 1.478365e+00
v(xxdut.xxcmph.dn) = 1.611045e+00
v(xxdut.cmph_out) = 1.417309e+00
v(xxdut.xxcmpl.dp) = 3.300000e+00
v(xxdut.xxcmpl.dn) = 1.193800e+00
v(xxdut.cmpl_out) = 4.206691e-09
Doing analysis at TEMP = 27.000000 and TNOM = 27.000000

Using SPARSE 1.3 as Direct Linear Solver

Initial Transient Solution
--------------------------

Node                                   Voltage
----                                   -------
vdd                                        3.3
xxdut.xxbias.xrba.11                   3.29907
xxdut.xxbias.xrba.21                   2.20093
xxdut.vh                                   2.2
xxdut.xxbias.xrbb.11                   2.19907
xxdut.xxbias.xrbb.21                   1.10093
xxdut.vl                                   1.1
xxdut.xxbias.xrbc.11                   1.09907
xxdut.xxbias.xrbc.21               0.000925394
xxdut.ibias                           0.964429
xxdut.xxbias.pb                        2.09264
xxdut.xxbias.n2s                      0.168067
xxdut.xxbias.xrz.11                   0.167627
xxdut.xxbias.xrz.21                0.000440269
xxdut.xxtrim.xrfix.11                  3.29921
xxdut.xxtrim.xrfix.21                  3.13761
xxdut.xxtrim.c1                        3.13681
xxdut.xxtrim.xr0.11                    3.13602
xxdut.xxtrim.xr0.21                    3.12899
xxdut.xxtrim.c2                         3.1282
t0                                           0
xxdut.xxtrim.tb0                           3.3
xxdut.xxtrim.xr1.11                    3.12741
xxdut.xxtrim.xr1.21                    3.11335
xxdut.xxtrim.c3                        3.11256
t1                                           0
xxdut.xxtrim.tb1                           3.3
xxdut.xxtrim.xr2.11                    3.11176
xxdut.xxtrim.xr2.21                    3.08364
xxdut.xxtrim.c4                        3.08285
t2                                           0
xxdut.xxtrim.tb2                           3.3
xxdut.xxtrim.xr3.11                    3.08206
xxdut.xxtrim.xr3.21                    3.02581
xxdut.xxtrim.c5                        3.02502
t3                                           0
xxdut.xxtrim.tb3                           3.3
xxdut.xxtrim.xr4.11                    3.02423
xxdut.xxtrim.xr4.21                    2.91173
xxdut.xxtrim.c6                        2.91094
t4                                           0
xxdut.xxtrim.tb4                           3.3
xxdut.xxtrim.xr5.11                    2.91015
xxdut.xxtrim.xr5.21                    2.68516
xxdut.xxtrim.c7                        2.68437
t5                                           0
xxdut.xxtrim.tb5                           3.3
xxdut.xxtrim.xr6.11                    2.68358
xxdut.xxtrim.xr6.21                     2.2336
xxdut.xxtrim.c8                        2.23281
t6                                           0
xxdut.xxtrim.tb6                           3.3
xxdut.xxtrim.xr7.11                    2.23278
xxdut.xxtrim.xr7.21                    2.20241
xxdut.vc                               2.20238
t7                                         3.3
xxdut.xxtrim.tb7                   4.20669e-09
xxdut.xxcmph.tail                     0.952236
xxdut.xxcmph.dp                        1.47836
xxdut.xxcmph.dn                        1.61104
xxdut.cmph_out                         1.41731
xxdut.xxcmpl.tail                     0.826049
xxdut.xxcmpl.dp                            3.3
xxdut.xxcmpl.dn                         1.1938
xxdut.cmpl_out                     4.20669e-09
clk                                   0.718982
xxdut.qbar                             1.36602
xxdut.mid1                             2.71165
xxdut.mid2                             3.10402
vt7#branch                                   0
vt6#branch                                   0
vt5#branch                                   0
vt4#branch                                   0
vt3#branch                                   0
vt2#branch                                   0
vt1#branch                                   0
vt0#branch                                   0
vdd#branch                        -0.000602233

 Reference value :  0.00000e+00
 Reference value :  5.42201e-08
 Reference value :  1.03963e-07
 Reference value :  1.51120e-07
 Reference value :  1.95411e-07
 Reference value :  2.46176e-07
 Reference value :  2.92848e-07
 Reference value :  3.34064e-07
 Reference value :  3.80333e-07
 Reference value :  4.34604e-07
 Reference value :  4.84183e-07
 Reference value :  5.38567e-07
 Reference value :  5.95897e-07
 Reference value :  6.54365e-07
 Reference value :  7.07054e-07
 Reference value :  7.63854e-07
 Reference value :  8.25477e-07
 Reference value :  8.78008e-07
 Reference value :  9.27770e-07
 Reference value :  9.80241e-07
 Reference value :  1.03191e-06
 Reference value :  1.08198e-06
 Reference value :  1.13311e-06
 Reference value :  1.18689e-06
No. of Data Rows : 6336
t_avg_start         =  1.00808e-07
t_avg_end           =  5.85968e-07
iq_run_ua           =  2.67968e+02 from=  1.00808e-07 to=  5.86113e-07
ngspice-46 done
Warning: m=xx on .subckt line will override multiplier m hierarchy!

Note: Starting dynamic gmin stepping
Note: Dynamic gmin stepping completed
Warning from checkvalid: vector xxdut.clk is not available or has zero length.
Note: Starting dynamic gmin stepping
Note: Dynamic gmin stepping completed
