====================================================================
gf180-rcosc Iq sweep grid point: tt_T+085C_V3p3_code0x80
process     : tt (fets=typical res=res_typical mimcap=mimcap_typical)
temperature : 85 C
supply      : 3.3 V
trim code   : 0x80 (128)
attempt     : 1 (tran 200p 1200n)
wall clock  : 19.2 s
exit status : 0
====================================================================

Note: Compatibility modes selected: hs a


Circuit: ** sch_path: /users/rwalters/github/gf180-rcosc/.loom/worktrees/issue-43/design/smoke_test.sch

Doing analysis at TEMP = 85.000000 and TNOM = 27.000000

Using SPARSE 1.3 as Direct Linear Solver
 Reference value :  0.00000e+00
No. of Data Rows : 1
iq_ua = 6.370232e+02
v(xxdut.xxcmph.dp) = 1.482913e+00
v(xxdut.xxcmph.dn) = 1.443294e+00
v(xxdut.cmph_out) = 1.418641e+00
v(xxdut.xxcmpl.dp) = 3.299997e+00
v(xxdut.xxcmpl.dn) = 9.245662e-01
v(xxdut.cmpl_out) = 5.198236e-09
Doing analysis at TEMP = 85.000000 and TNOM = 27.000000

Using SPARSE 1.3 as Direct Linear Solver

Initial Transient Solution
--------------------------

Node                                   Voltage
----                                   -------
vdd                                        3.3
xxdut.xxbias.xrba.11                   3.29933
xxdut.xxbias.xrba.21                   2.20067
xxdut.vh                                   2.2
xxdut.xxbias.xrbb.11                   2.19933
xxdut.xxbias.xrbb.21                   1.10067
xxdut.vl                                   1.1
xxdut.xxbias.xrbc.11                   1.09933
xxdut.xxbias.xrbc.21                0.00066792
xxdut.ibias                           0.985666
xxdut.xxbias.pb                        2.04684
xxdut.xxbias.n2s                      0.208885
xxdut.xxbias.xrz.11                    0.20849
xxdut.xxbias.xrz.21                 0.00039534
xxdut.xxtrim.xrfix.11                  3.29943
xxdut.xxtrim.xrfix.21                  3.13722
xxdut.xxtrim.c1                        3.13665
xxdut.xxtrim.xr0.11                    3.13607
xxdut.xxtrim.xr0.21                    3.12902
xxdut.xxtrim.c2                        3.12845
t0                                           0
xxdut.xxtrim.tb0                           3.3
xxdut.xxtrim.xr1.11                    3.12787
xxdut.xxtrim.xr1.21                    3.11376
xxdut.xxtrim.c3                        3.11318
t1                                           0
xxdut.xxtrim.tb1                           3.3
xxdut.xxtrim.xr2.11                    3.11261
xxdut.xxtrim.xr2.21                    3.08438
xxdut.xxtrim.c4                        3.08381
t2                                           0
xxdut.xxtrim.tb2                           3.3
xxdut.xxtrim.xr3.11                    3.08324
xxdut.xxtrim.xr3.21                    3.02678
xxdut.xxtrim.c5                        3.02621
t3                                           0
xxdut.xxtrim.tb3                           3.3
xxdut.xxtrim.xr4.11                    3.02563
xxdut.xxtrim.xr4.21                    2.91272
xxdut.xxtrim.c6                        2.91215
t4                                           0
xxdut.xxtrim.tb4                           3.3
xxdut.xxtrim.xr5.11                    2.91157
xxdut.xxtrim.xr5.21                    2.68574
xxdut.xxtrim.c7                        2.68517
t5                                           0
xxdut.xxtrim.tb5                           3.3
xxdut.xxtrim.xr6.11                     2.6846
xxdut.xxtrim.xr6.21                    2.23294
xxdut.xxtrim.c8                        2.23236
t6                                           0
xxdut.xxtrim.tb6                           3.3
xxdut.xxtrim.xr7.11                    2.23234
xxdut.xxtrim.xr7.21                    2.19868
xxdut.vc                               2.19866
t7                                         3.3
xxdut.xxtrim.tb7                   5.19822e-09
xxdut.xxcmph.tail                     0.927611
xxdut.xxcmph.dp                        1.48291
xxdut.xxcmph.dn                        1.44329
xxdut.cmph_out                         1.41864
xxdut.xxcmpl.tail                      0.65187
xxdut.xxcmpl.dp                            3.3
xxdut.xxcmpl.dn                       0.924566
xxdut.cmpl_out                     5.19824e-09
clk                                   0.668808
xxdut.qbar                             1.36596
xxdut.mid1                             2.67275
xxdut.mid2                             3.09144
vt7#branch                                   0
vt6#branch                                   0
vt5#branch                                   0
vt4#branch                                   0
vt3#branch                                   0
vt2#branch                                   0
vt1#branch                                   0
vt0#branch                                   0
vdd#branch                        -0.000637023

 Reference value :  0.00000e+00
 Reference value :  4.45924e-08
 Reference value :  9.56861e-08
 Reference value :  1.56860e-07
 Reference value :  2.13236e-07
 Reference value :  2.61415e-07
 Reference value :  3.14179e-07
 Reference value :  3.67115e-07
 Reference value :  4.13338e-07
 Reference value :  4.65622e-07
 Reference value :  5.13687e-07
 Reference value :  5.73240e-07
 Reference value :  6.41041e-07
 Reference value :  7.04124e-07
 Reference value :  7.71754e-07
 Reference value :  8.48311e-07
 Reference value :  9.19499e-07
 Reference value :  9.91187e-07
 Reference value :  1.06460e-06
 Reference value :  1.13748e-06
No. of Data Rows : 6303
t_avg_start         =  9.84264e-08
t_avg_end           =  5.68900e-07
iq_run_ua           =  3.16912e+02 from=  9.84263e-08 to=  5.68939e-07
ngspice-46 done
Warning: m=xx on .subckt line will override multiplier m hierarchy!

Note: Starting dynamic gmin stepping
Note: Dynamic gmin stepping completed
Warning from checkvalid: vector xxdut.clk is not available or has zero length.
Note: Starting dynamic gmin stepping
Note: Dynamic gmin stepping completed
