====================================================================
gf180-rcosc Iq sweep grid point: tt_T+027C_V3p0_code0xFF
process     : tt (fets=typical res=res_typical mimcap=mimcap_typical)
temperature : 27 C
supply      : 3 V
trim code   : 0xFF (255)
attempt     : 1 (tran 200p 1200n)
wall clock  : 37.9 s
exit status : 0
====================================================================

Note: Compatibility modes selected: hs a


Circuit: ** sch_path: /users/rwalters/github/gf180-rcosc/.loom/worktrees/issue-43/design/smoke_test.sch

Doing analysis at TEMP = 27.000000 and TNOM = 27.000000

Using SPARSE 1.3 as Direct Linear Solver
 Reference value :  0.00000e+00
No. of Data Rows : 1
iq_ua = 5.282721e+02
v(xxdut.xxcmph.dp) = 1.344537e+00
v(xxdut.xxcmph.dn) = 1.357461e+00
v(xxdut.cmph_out) = 1.259651e+00
v(xxdut.xxcmpl.dp) = 3.000000e+00
v(xxdut.xxcmpl.dn) = 9.639921e-01
v(xxdut.cmpl_out) = 3.849150e-09
Doing analysis at TEMP = 27.000000 and TNOM = 27.000000

Using SPARSE 1.3 as Direct Linear Solver

Initial Transient Solution
--------------------------

Node                                   Voltage
----                                   -------
vdd                                          3
xxdut.xxbias.xrba.11                   2.99916
xxdut.xxbias.xrba.21                   2.00084
xxdut.vh                                     2
xxdut.xxbias.xrbb.11                   1.99916
xxdut.xxbias.xrbb.21                   1.00084
xxdut.vl                                     1
xxdut.xxbias.xrbc.11                  0.999159
xxdut.xxbias.xrbc.21               0.000841267
xxdut.ibias                           0.949692
xxdut.xxbias.pb                        1.81308
xxdut.xxbias.n2s                      0.159274
xxdut.xxbias.xrz.11                   0.158857
xxdut.xxbias.xrz.21                0.000417234
xxdut.xxtrim.xrfix.11                   2.9974
xxdut.xxtrim.xrfix.21                  2.46753
xxdut.xxtrim.c1                        2.46493
xxdut.xxtrim.xr0.11                    2.46401
xxdut.xxtrim.xr0.21                     2.4558
xxdut.xxtrim.c2                        2.45488
t0                                           3
xxdut.xxtrim.tb0                   3.84915e-09
xxdut.xxtrim.xr1.11                    2.45406
xxdut.xxtrim.xr1.21                    2.43954
xxdut.xxtrim.c3                        2.43872
t1                                           3
xxdut.xxtrim.tb1                   3.84915e-09
xxdut.xxtrim.xr2.11                    2.43808
xxdut.xxtrim.xr2.21                    2.41535
xxdut.xxtrim.c4                        2.41471
t2                                           3
xxdut.xxtrim.tb2                   3.84915e-09
xxdut.xxtrim.xr3.11                    2.41418
xxdut.xxtrim.xr3.21                    2.37637
xxdut.xxtrim.c5                        2.37584
t3                                           3
xxdut.xxtrim.tb3                   3.84915e-09
xxdut.xxtrim.xr4.11                    2.37544
xxdut.xxtrim.xr4.21                    2.31902
xxdut.xxtrim.c6                        2.31863
t4                                           3
xxdut.xxtrim.tb4                   3.84915e-09
xxdut.xxtrim.xr5.11                    2.31836
xxdut.xxtrim.xr5.21                    2.24252
xxdut.xxtrim.c7                        2.24226
t5                                           3
xxdut.xxtrim.tb5                   3.84915e-09
xxdut.xxtrim.xr6.11                    2.24207
xxdut.xxtrim.xr6.21                    2.13767
xxdut.xxtrim.c8                        2.13748
t6                                           3
xxdut.xxtrim.tb6                   3.84915e-09
xxdut.xxtrim.xr7.11                    2.13736
xxdut.xxtrim.xr7.21                    2.00036
xxdut.vc                               2.00024
t7                                           3
xxdut.xxtrim.tb7                   3.84915e-09
xxdut.xxcmph.tail                     0.802405
xxdut.xxcmph.dp                        1.34454
xxdut.xxcmph.dn                        1.35746
xxdut.cmph_out                         1.25965
xxdut.xxcmpl.tail                      0.66927
xxdut.xxcmpl.dp                              3
xxdut.xxcmpl.dn                       0.963992
xxdut.cmpl_out                     3.84915e-09
clk                                   0.805929
xxdut.qbar                             1.25165
xxdut.mid1                             2.56661
xxdut.mid2                             2.84288
vt7#branch                                   0
vt6#branch                                   0
vt5#branch                                   0
vt4#branch                                   0
vt3#branch                                   0
vt2#branch                                   0
vt1#branch                                   0
vt0#branch                                   0
vdd#branch                        -0.000528272

 Reference value :  0.00000e+00
 Reference value :  3.29839e-08
 Reference value :  7.07645e-08
 Reference value :  1.07303e-07
 Reference value :  1.45935e-07
 Reference value :  1.95920e-07
 Reference value :  2.40788e-07
 Reference value :  2.88974e-07
 Reference value :  3.39858e-07
 Reference value :  3.87509e-07
 Reference value :  4.27180e-07
 Reference value :  4.63125e-07
 Reference value :  5.04553e-07
 Reference value :  5.44412e-07
 Reference value :  5.82218e-07
 Reference value :  6.23568e-07
 Reference value :  6.67012e-07
 Reference value :  7.11491e-07
 Reference value :  7.60274e-07
 Reference value :  8.01489e-07
 Reference value :  8.47974e-07
 Reference value :  8.96646e-07
 Reference value :  9.41289e-07
 Reference value :  9.88264e-07
 Reference value :  1.03182e-06
 Reference value :  1.07297e-06
 Reference value :  1.11430e-06
 Reference value :  1.15717e-06
 Reference value :  1.19836e-06
No. of Data Rows : 6554
t_avg_start         =  5.58121e-08
t_avg_end           =  3.11616e-07
iq_run_ua           =  3.75050e+02 from=  5.58122e-08 to=  3.11645e-07
ngspice-46 done
Warning: m=xx on .subckt line will override multiplier m hierarchy!

Note: Starting dynamic gmin stepping
Note: Dynamic gmin stepping completed
Warning from checkvalid: vector xxdut.clk is not available or has zero length.
Note: Starting dynamic gmin stepping
Note: Dynamic gmin stepping completed
