====================================================================
gf180-rcosc post-layout PEX PVT run: extracted_ff_T+027C_V3p3_code0x00
side        : extracted
run id      : 20260923T152954Z
process     : ff (fets=ff res=res_ff mimcap=mimcap_ff)
temperature : 27 C
supply      : 3.3 V
trim code   : 0x00 (0)
transient   : tran 200p 1200n, f = 20 periods / (t[rise=25] - t[rise=5])
wall clock  : 10.3 s
exit status : 0
====================================================================

Note: No compatibility mode selected!


Circuit: ** sch_path: /home/ubuntu/github/gf180-rcosc/.loom/worktrees/issue-61/design/pvt_tb.sch

Doing analysis at TEMP = 27.000000 and TNOM = 27.000000

Using SPARSE 1.3 as Direct Linear Solver

Initial Transient Solution
--------------------------

Node                                   Voltage
----                                   -------
xxdut.\$37__t0                        0.713356
xxdut.\$37__t1                        0.713921
xxdut.vss__t0                      0.000730954
xxdut.vsubs                           0.500269
xxdut.\$9__t0                          2.12161
xxdut.\$8__t0                          1.09929
xxdut.vss__t2                      0.000118143
xxdut.\$10__t2                         3.21061
xxdut.t0__t0                                 0
xxdut.\$11__t1                           3.205
xxdut.\$13__t0                             3.3
xxdut.t0__t1                                 0
xxdut.vss__t3                       1.3306e-08
xxdut.\$11__t3                           3.205
xxdut.t1__t0                                 0
xxdut.\$14__t1                         3.19567
xxdut.\$15__t2                             3.3
xxdut.t1__t2                                 0
xxdut.vss__t13                     1.25442e-08
xxdut.\$14__t3                         3.19567
xxdut.t2__t0                                 0
xxdut.\$16__t1                         3.17873
xxdut.\$17__t2                             3.3
xxdut.t2__t2                                 0
xxdut.vss__t12                     1.17146e-08
xxdut.\$16__t3                         3.17873
xxdut.t3__t0                                 0
xxdut.\$18__t1                         3.14659
xxdut.\$19__t2                             3.3
xxdut.t3__t2                                 0
xxdut.vss__t11                     1.07491e-08
xxdut.\$18__t3                         3.14659
xxdut.t4__t0                                 0
xxdut.\$20__t1                           3.084
xxdut.\$21__t2                             3.3
xxdut.t4__t2                                 0
xxdut.vss__t14                     9.51225e-09
xxdut.\$20__t3                           3.084
xxdut.t5__t0                                 0
xxdut.\$22__t1                         2.96052
xxdut.\$23__t2                             3.3
xxdut.t5__t2                                 0
xxdut.vss__t15                     7.73237e-09
xxdut.\$22__t3                         2.96052
xxdut.t6__t0                                 0
xxdut.\$24__t1                         2.71526
xxdut.\$25__t2                             3.3
xxdut.t6__t2                                 0
xxdut.vss__t16                     4.86655e-09
xxdut.\$24__t3                         2.71526
xxdut.t7__t0                                 0
xxdut.\$26__t1                         2.22633
xxdut.\$27__t2                             3.3
xxdut.t7__t2                                 0
xxdut.vss__t17                     1.74249e-10
xxdut.\$30__t0                          1.3583
xxdut.\$26__t3                         2.22633
xxdut.\$29__t0                         1.08755
xxdut.\$31__t0                         1.51975
xxdut.\$7__t1                          2.19963
xxdut.\$29__t1                         1.08765
xxdut.\$32__t2                         1.28841
xxdut.\$30__t2                         1.36012
xxdut.vss__t18                      0.00252955
xxdut.\$42__t0                        0.858815
xxdut.\$42__t1                        0.859703
xxdut.vss__t4                       0.00108761
xxdut.\$33__t1                     1.28306e-06
xxdut.\$42__t2                        0.859703
xxdut.vss__t10                     1.29118e-08
xxdut.\$34__t0                             3.3
xxdut.\$33__t0                     1.28331e-06
xxdut.vss__t5                      3.58031e-09
xxdut.\$35__t2                      2.4318e-07
xxdut.\$34__t3                             3.3
xxdut.vss__t19                     7.67515e-09
xxdut.\$26__t4                         2.22592
xxdut.clk__t0                         0.378803
xxdut.vss__t6                      0.000267123
xxdut.\$36__t3                         1.30019
xxdut.\$32__t3                         1.29579
xxdut.vss__t23                      0.00406431
xxdut.\$36__t2                         1.30687
xxdut.clk__t5                         0.378803
xxdut.vss__t20                     2.55501e-05
xxdut.clk__t3                         0.378803
xxdut.\$35__t3                     2.43366e-07
xxdut.vss__t21                      8.9618e-09
xxdut.clk__t4                         0.378175
xxdut.\$36__t4                          1.3069
xxdut.vss__t22                      0.00316421
xxdut.\$9__t12                         2.12161
xxdut.\$37__t3                        0.713921
xxdut.\$1__t1                         0.191196
xxdut.\$1__t8                         0.191194
xxdut.\$37__t4                        0.713921
xxdut.\$9__t13                         2.12161
xxdut.\$9__t11                         2.12161
xxdut.\$37__t16                       0.713921
xxdut.\$1__t7                         0.191192
xxdut.\$1__t3                         0.191189
xxdut.\$37__t7                        0.713921
xxdut.\$9__t14                         2.12161
xxdut.\$9__t8                          2.12161
xxdut.\$37__t8                        0.713921
xxdut.\$1__t5                         0.191187
xxdut.\$1__t4                         0.191185
xxdut.\$37__t9                        0.713921
xxdut.\$9__t15                         2.12161
xxdut.\$9__t9                          2.12161
xxdut.\$37__t10                       0.713921
xxdut.\$1__t6                         0.191184
xxdut.\$1__t2                         0.191187
xxdut.\$37__t5                        0.713921
xxdut.\$9__t10                         2.12161
xxdut.\$29__t9                         1.08737
xxdut.\$37__t18                       0.713921
xxdut.vss__t9                      0.000183124
xxdut.vss__t25                      0.00018557
xxdut.\$37__t11                       0.713921
xxdut.\$29__t6                         1.08738
xxdut.\$29__t3                         1.08738
xxdut.\$37__t12                       0.713921
xxdut.vss__t28                     0.000188018
xxdut.vss__t26                     0.000190465
xxdut.\$37__t13                       0.713921
xxdut.\$29__t7                         1.08739
xxdut.\$29__t4                          1.0874
xxdut.\$37__t14                       0.713921
xxdut.vss__t29                     0.000192912
xxdut.vss__t27                     0.000195359
xxdut.\$37__t15                       0.713921
xxdut.\$29__t8                          1.0874
xxdut.\$29__t5                          1.0874
xxdut.\$37__t17                       0.713921
xxdut.vss__t30                     0.000197806
xxdut.vss__t8                      0.000200255
xxdut.\$37__t6                        0.713921
xxdut.\$29__t2                         1.08739
xxdut.\$9__t7                           2.1218
xxdut.\$9__t1                          2.12164
xxdut.vdd__t1                          3.29928
xxdut.vdd__t2                              3.3
xxdut.\$37__t2                        0.714272
xxdut.\$9__t6                          2.12164
xxdut.vdd__t59                         3.29927
xxdut.vdd__t56                             3.3
xxdut.\$11__t4                           3.205
xxdut.\$13__t1                             3.3
xxdut.\$10__t3                         3.21061
xxdut.vdd__t4                              3.3
xxdut.\$14__t4                         3.19567
xxdut.\$15__t0                             3.3
xxdut.\$11__t5                           3.205
xxdut.vdd__t5                              3.3
xxdut.\$16__t4                         3.17873
xxdut.\$17__t0                             3.3
xxdut.\$14__t5                         3.19567
xxdut.vdd__t6                              3.3
xxdut.\$18__t4                         3.14659
xxdut.\$19__t0                             3.3
xxdut.\$16__t5                         3.17873
xxdut.vdd__t7                              3.3
xxdut.\$20__t4                           3.084
xxdut.\$21__t0                             3.3
xxdut.\$18__t5                         3.14659
xxdut.vdd__t8                              3.3
xxdut.\$22__t4                         2.96052
xxdut.\$23__t0                             3.3
xxdut.\$20__t5                           3.084
xxdut.vdd__t9                              3.3
xxdut.\$24__t4                         2.71526
xxdut.\$25__t0                             3.3
xxdut.\$22__t5                         2.96052
xxdut.vdd__t10                             3.3
xxdut.\$26__t2                         2.22633
xxdut.\$27__t0                             3.3
xxdut.\$24__t5                         2.71526
xxdut.vdd__t11                             3.3
xxdut.\$13__t2                             3.3
xxdut.t0__t2                                 0
xxdut.vdd__t12                             3.3
xxdut.vdd__t13                             3.3
xxdut.\$15__t1                             3.3
xxdut.t1__t1                                 0
xxdut.vdd__t53                             3.3
xxdut.vdd__t41                             3.3
xxdut.\$17__t1                             3.3
xxdut.t2__t1                                 0
xxdut.vdd__t42                             3.3
xxdut.vdd__t28                             3.3
xxdut.\$19__t1                             3.3
xxdut.t3__t1                                 0
xxdut.vdd__t43                             3.3
xxdut.vdd__t29                             3.3
xxdut.\$21__t1                             3.3
xxdut.t4__t1                                 0
xxdut.vdd__t44                             3.3
xxdut.vdd__t30                             3.3
xxdut.\$23__t1                             3.3
xxdut.t5__t1                                 0
xxdut.vdd__t45                             3.3
xxdut.vdd__t31                             3.3
xxdut.\$25__t1                             3.3
xxdut.t6__t1                                 0
xxdut.vdd__t46                             3.3
xxdut.vdd__t32                             3.3
xxdut.\$27__t1                             3.3
xxdut.t7__t1                                 0
xxdut.vdd__t47                             3.3
xxdut.vdd__t33                             3.3
xxdut.\$31__t3                         1.52228
xxdut.\$31__t1                           1.522
xxdut.vdd__t57                         3.29965
xxdut.vdd__t54                             3.3
xxdut.\$30__t3                         1.36097
xxdut.\$31__t2                           1.522
xxdut.vdd__t58                         3.29961
xxdut.vdd__t55                             3.3
xxdut.\$32__t1                         1.30105
xxdut.\$30__t1                         1.36012
xxdut.vdd__t48                         3.29881
xxdut.vdd__t34                             3.3
xxdut.\$34__t2                             3.3
xxdut.\$33__t2                     1.28331e-06
xxdut.vdd__t49                             3.3
xxdut.vdd__t35                             3.3
xxdut.\$35__t1                     2.43404e-07
xxdut.\$34__t1                             3.3
xxdut.vdd__t50                             3.3
xxdut.vdd__t36                             3.3
xxdut.\$44__t1                         2.54479
xxdut.\$32__t0                         1.29579
xxdut.vdd__t51                         3.29706
xxdut.vdd__t37                             3.3
xxdut.\$36__t1                          1.3107
xxdut.clk__t1                         0.378803
xxdut.\$44__t0                         2.53938
xxdut.vdd__t38                             3.3
xxdut.\$45__t1                         3.05415
xxdut.\$35__t0                     2.43366e-07
xxdut.vdd__t52                         3.29773
xxdut.vdd__t39                             3.3
xxdut.clk__t2                         0.386258
xxdut.\$36__t0                          1.3069
xxdut.\$45__t0                         3.05018
xxdut.vdd__t40                             3.3
xxdut.\$6__t10                         2.50648
xxdut.\$9__t2                          2.12164
xxdut.vdd__t14                         3.29984
xxdut.vdd__t15                             3.3
xxdut.vdd__t61                         3.29983
xxdut.\$9__t3                          2.12164
xxdut.\$6__t11                         2.50648
xxdut.vdd__t16                             3.3
xxdut.\$6__t8                          2.50647
xxdut.\$9__t5                          2.12164
xxdut.vdd__t60                         3.29983
xxdut.vdd__t27                             3.3
xxdut.vdd__t17                         3.29983
xxdut.\$9__t4                          2.12164
xxdut.\$6__t9                          2.50647
xxdut.vdd__t18                             3.3
xxdut.\$42__t5                        0.859839
xxdut.\$8__t4                          1.09929
xxdut.\$6__t0                          2.50644
xxdut.vdd__t19                             3.3
xxdut.\$6__t7                          2.50644
xxdut.\$8__t3                          1.09929
xxdut.\$42__t6                        0.859849
xxdut.vdd__t20                             3.3
xxdut.\$42__t3                        0.859859
xxdut.\$8__t2                          1.09929
xxdut.\$6__t6                          2.50644
xxdut.vdd__t25                             3.3
xxdut.\$6__t1                          2.50643
xxdut.\$8__t1                          1.09929
xxdut.\$42__t4                        0.859869
xxdut.vdd__t21                             3.3
xxdut.\$33__t6                     1.28333e-06
xxdut.\$26__t5                         2.22633
xxdut.\$6__t3                          2.50644
xxdut.vdd__t26                             3.3
xxdut.\$6__t4                          2.50644
xxdut.\$26__t6                         2.22633
xxdut.\$33__t5                     1.28333e-06
xxdut.vdd__t24                             3.3
xxdut.\$33__t4                     1.28333e-06
xxdut.\$26__t9                         2.22633
xxdut.\$6__t5                          2.50644
xxdut.vdd__t23                             3.3
xxdut.\$6__t2                          2.50644
xxdut.\$26__t7                         2.22633
xxdut.\$33__t3                     1.28334e-06
xxdut.vdd__t22                             3.3
xxdut.vss__t7                                0
xxdut.\$26__t8                         2.22633
xxdut.vdd__t0                          3.29806
xxdut.x$87.11                           3.2969
xxdut.x$87.21                          2.20331
xxdut.\$7__t0                          2.20216
xxdut.\$7__t2                          2.19796
xxdut.x$88.11                          2.19681
xxdut.x$88.21                          1.10321
xxdut.\$8__t5                          1.10206
xxdut.\$8__t6                           1.0971
xxdut.x$89.11                          1.09595
xxdut.x$89.21                       0.00235689
xxdut.vss__t24                      0.00120495
xxdut.\$1__t0                         0.190871
xxdut.x$90.11                         0.190248
xxdut.x$90.21                       0.00114945
xxdut.vss__t1                      0.000526989
xxdut.vdd__t3                          3.29953
xxdut.x$91.11                            3.299
xxdut.x$91.21                          3.21158
xxdut.\$10__t0                         3.21105
xxdut.\$10__t1                         3.21023
xxdut.x$92.11                          3.20969
xxdut.x$92.21                          3.20589
xxdut.\$11__t0                         3.20536
xxdut.\$11__t2                          3.2047
xxdut.x$93.11                          3.20416
xxdut.x$93.21                          3.19655
xxdut.\$14__t0                         3.19602
xxdut.\$14__t2                         3.19537
xxdut.x$94.11                          3.19484
xxdut.x$94.21                          3.17962
xxdut.\$16__t0                         3.17909
xxdut.\$16__t2                         3.17845
xxdut.x$95.11                          3.17791
xxdut.x$95.21                          3.14749
xxdut.\$18__t0                         3.14695
xxdut.\$18__t2                         3.14631
xxdut.x$96.11                          3.14577
xxdut.x$96.21                          3.08492
xxdut.\$20__t0                         3.08439
xxdut.\$20__t2                         3.08374
xxdut.x$97.11                          3.08321
xxdut.x$97.21                          2.96151
xxdut.\$22__t0                         2.96097
xxdut.\$22__t2                          2.9603
xxdut.x$98.11                          2.95976
xxdut.x$98.21                          2.71636
xxdut.\$24__t0                         2.71583
xxdut.\$24__t2                         2.71516
xxdut.x$99.11                          2.71463
xxdut.x$99.21                          2.22784
xxdut.\$26__t0                          2.2273
xxdut.\$1                             0.191183
xxdut.\$10                             3.21061
xxdut.\$11                               3.205
xxdut.\$13                                 3.3
xxdut.\$14                             3.19567
xxdut.\$15                                 3.3
xxdut.\$16                             3.17873
xxdut.\$17                                 3.3
xxdut.\$18                             3.14659
xxdut.\$19                                 3.3
xxdut.\$20                               3.084
xxdut.\$21                                 3.3
xxdut.\$22                             2.96052
xxdut.\$23                                 3.3
xxdut.\$24                             2.71526
xxdut.\$25                                 3.3
xxdut.\$26                             2.22633
xxdut.\$27                                 3.3
xxdut.\$29                             1.08741
xxdut.\$30                             1.36012
xxdut.\$31                               1.522
xxdut.\$32                             1.29579
xxdut.\$33                         1.28331e-06
xxdut.\$34                                 3.3
xxdut.\$35                         2.43366e-07
xxdut.\$36                              1.3069
xxdut.\$37                            0.713921
xxdut.\$42                            0.859703
xxdut.\$44                             2.54209
xxdut.\$45                             3.05217
xxdut.\$6                              2.50644
xxdut.\$7                              2.19963
xxdut.\$8                              1.09929
xxdut.\$9                              2.12164
clk                                   0.378803
t0                                           0
t1                                           0
t2                                           0
t3                                           0
t4                                           0
t5                                           0
t6                                           0
t7                                           0
vdd                                        3.3
vt7#branch                                   0
vt6#branch                                   0
vt5#branch                                   0
vt4#branch                                   0
vt3#branch                                   0
vt2#branch                                   0
vt1#branch                                   0
vt0#branch                                   0
vdd#branch                        -0.000829582

 Reference value :  0.00000e+00
 Reference value :  7.30682e-08
 Reference value :  1.50502e-07
 Reference value :  2.20678e-07
 Reference value :  2.88664e-07
 Reference value :  3.59852e-07
 Reference value :  4.26702e-07
 Reference value :  4.91475e-07
 Reference value :  5.55128e-07
 Reference value :  6.15007e-07
 Reference value :  6.75724e-07
 Reference value :  7.48697e-07
 Reference value :  8.22666e-07
 Reference value :  8.89766e-07
 Reference value :  9.55960e-07
 Reference value :  1.02085e-06
 Reference value :  1.08462e-06
 Reference value :  1.14385e-06
No. of Data Rows : 6284
ta                  =  1.64941e-07
tb                  =  9.45276e-07
ta = 1.649414e-07
tb = 9.452763e-07
period = 3.901674e-08
fosc = 2.563002e+07
ngspice-46 done

Note: Starting dynamic gmin stepping
Warning: Dynamic gmin stepping failed
Note: Starting true gmin stepping
Note: True gmin stepping completed
