====================================================================
gf180-rcosc post-layout PEX PVT run: schematic_tt_T+027C_V3p0_code0xA3
side        : schematic
run id      : 20260923T152954Z
process     : tt (fets=typical res=res_typical mimcap=mimcap_typical)
temperature : 27 C
supply      : 3 V
trim code   : 0xA3 (163)
transient   : tran 200p 1200n, f = 20 periods / (t[rise=25] - t[rise=5])
wall clock  : 6.7 s
exit status : 0
====================================================================

Note: No compatibility mode selected!


Circuit: ** sch_path: /home/ubuntu/github/gf180-rcosc/.loom/worktrees/issue-61/design/pvt_tb.sch

Doing analysis at TEMP = 27.000000 and TNOM = 27.000000

Using SPARSE 1.3 as Direct Linear Solver

Initial Transient Solution
--------------------------

Node                                   Voltage
----                                   -------
vdd                                          3
xxdut.xxbias.xrba.11                   2.99916
xxdut.xxbias.xrba.21                   2.00084
xxdut.vh                                     2
xxdut.xxbias.xrbb.11                   1.99916
xxdut.xxbias.xrbb.21                   1.00084
xxdut.vl                                     1
xxdut.xxbias.xrbc.11                  0.999159
xxdut.xxbias.xrbc.21               0.000841267
xxdut.ibias                           0.949692
xxdut.pb                               1.81308
xxdut.xxbias.n2s                      0.159274
xxdut.xxbias.xrz.11                   0.158857
xxdut.xxbias.xrz.21                0.000417234
xxdut.xxtrim.xrfix.11                   2.9991
xxdut.xxtrim.xrfix.21                  2.81607
xxdut.xxtrim.c1                        2.81518
xxdut.xxtrim.xr0.11                    2.81489
xxdut.xxtrim.xr0.21                    2.81239
xxdut.xxtrim.c2                        2.81211
t0                                           3
xxdut.xxtrim.tb0                   3.84915e-09
xxdut.xxtrim.xr1.11                    2.81186
xxdut.xxtrim.xr1.21                    2.80748
xxdut.xxtrim.c3                        2.80723
t1                                           3
xxdut.xxtrim.tb1                   3.84915e-09
xxdut.xxtrim.xr2.11                    2.80633
xxdut.xxtrim.xr2.21                    2.77448
xxdut.xxtrim.c4                        2.77358
t2                                           0
xxdut.xxtrim.tb2                             3
xxdut.xxtrim.xr3.11                    2.77269
xxdut.xxtrim.xr3.21                    2.70898
xxdut.xxtrim.c5                        2.70809
t3                                           0
xxdut.xxtrim.tb3                             3
xxdut.xxtrim.xr4.11                    2.70719
xxdut.xxtrim.xr4.21                    2.57978
xxdut.xxtrim.c6                        2.57888
t4                                           0
xxdut.xxtrim.tb4                             3
xxdut.xxtrim.xr5.11                     2.5788
xxdut.xxtrim.xr5.21                    2.55661
xxdut.xxtrim.c7                        2.55653
t5                                           3
xxdut.xxtrim.tb5                   3.84915e-09
xxdut.xxtrim.xr6.11                    2.55564
xxdut.xxtrim.xr6.21                    2.04599
xxdut.xxtrim.c8                        2.04509
t6                                           0
xxdut.xxtrim.tb6                             3
xxdut.xxtrim.xr7.11                    2.04506
xxdut.xxtrim.xr7.21                    2.00029
xxdut.vc                               2.00025
t7                                           3
xxdut.xxtrim.tb7                   3.84915e-09
xxdut.xxcmph.tail                     0.802406
xxdut.xxcmph.dp                         1.3441
xxdut.xxcmph.dn                        1.35746
xxdut.cmph_out                         1.28652
xxdut.xxcmpl.tailp                     2.38424
xxdut.xxcmpl.dp                    1.34604e-08
xxdut.xxcmpl.dn                        1.06241
xxdut.xxcmpl.outb                            3
xxdut.cmpl_out                     3.84915e-09
clk                                   0.727835
xxdut.qbar                             1.25348
xxdut.mid1                             2.51916
xxdut.mid2                             2.84312
vt7#branch                                   0
vt6#branch                                   0
vt5#branch                                   0
vt4#branch                                   0
vt3#branch                                   0
vt2#branch                                   0
vt1#branch                                   0
vt0#branch                                   0
vdd#branch                        -0.000447486

 Reference value :  0.00000e+00
 Reference value :  1.00054e-07
 Reference value :  1.99673e-07
 Reference value :  3.10194e-07
 Reference value :  4.27194e-07
 Reference value :  5.41399e-07
 Reference value :  6.56968e-07
 Reference value :  7.69078e-07
 Reference value :  8.90445e-07
 Reference value :  1.00481e-06
 Reference value :  1.12344e-06
No. of Data Rows : 6396
ta                  =  9.00878e-08
tb                  =  5.11108e-07
ta = 9.008782e-08
tb = 5.111080e-07
period = 2.105101e-08
fosc = 4.750366e+07
ngspice-46 done

Note: Starting dynamic gmin stepping
Warning: Dynamic gmin stepping failed
Note: Starting true gmin stepping
Note: True gmin stepping completed
