====================================================================
gf180-rcosc post-layout PEX PVT run: schematic_ff_T+085C_V3p3_code0xA3
side        : schematic
run id      : 20260923T152954Z
process     : ff (fets=ff res=res_ff mimcap=mimcap_ff)
temperature : 85 C
supply      : 3.3 V
trim code   : 0xA3 (163)
transient   : tran 200p 1200n, f = 20 periods / (t[rise=25] - t[rise=5])
wall clock  : 6.6 s
exit status : 0
====================================================================

Note: No compatibility mode selected!


Circuit: ** sch_path: /home/ubuntu/github/gf180-rcosc/.loom/worktrees/issue-61/design/pvt_tb.sch

Doing analysis at TEMP = 85.000000 and TNOM = 27.000000

Using SPARSE 1.3 as Direct Linear Solver

Initial Transient Solution
--------------------------

Node                                   Voltage
----                                   -------
vdd                                        3.3
xxdut.xxbias.xrba.11                   3.29917
xxdut.xxbias.xrba.21                   2.20083
xxdut.vh                                   2.2
xxdut.xxbias.xrbb.11                   2.19917
xxdut.xxbias.xrbb.21                   1.10083
xxdut.vl                                   1.1
xxdut.xxbias.xrbc.11                   1.09917
xxdut.xxbias.xrbc.21               0.000834647
xxdut.ibias                           0.945178
xxdut.pb                               2.07822
xxdut.xxbias.n2s                      0.243483
xxdut.xxbias.xrz.11                   0.242907
xxdut.xxbias.xrz.21                0.000575481
xxdut.xxtrim.xrfix.11                  3.29909
xxdut.xxtrim.xrfix.21                  3.09391
xxdut.xxtrim.c1                        3.09301
xxdut.xxtrim.xr0.11                    3.09268
xxdut.xxtrim.xr0.21                    3.08945
xxdut.xxtrim.c2                        3.08912
t0                                         3.3
xxdut.xxtrim.tb0                   7.48846e-09
xxdut.xxtrim.xr1.11                    3.08883
xxdut.xxtrim.xr1.21                    3.08316
xxdut.xxtrim.c3                        3.08287
t1                                         3.3
xxdut.xxtrim.tb1                   7.48846e-09
xxdut.xxtrim.xr2.11                    3.08196
xxdut.xxtrim.xr2.21                    3.04626
xxdut.xxtrim.c4                        3.04535
t2                                           0
xxdut.xxtrim.tb2                           3.3
xxdut.xxtrim.xr3.11                    3.04444
xxdut.xxtrim.xr3.21                    2.97303
xxdut.xxtrim.c5                        2.97212
t3                                           0
xxdut.xxtrim.tb3                           3.3
xxdut.xxtrim.xr4.11                    2.97122
xxdut.xxtrim.xr4.21                    2.82839
xxdut.xxtrim.c6                        2.82748
t4                                           0
xxdut.xxtrim.tb4                           3.3
xxdut.xxtrim.xr5.11                    2.82739
xxdut.xxtrim.xr5.21                     2.7983
xxdut.xxtrim.c7                        2.79821
t5                                         3.3
xxdut.xxtrim.tb5                   7.48846e-09
xxdut.xxtrim.xr6.11                     2.7973
xxdut.xxtrim.xr6.21                    2.22598
xxdut.xxtrim.c8                        2.22507
t6                                           0
xxdut.xxtrim.tb6                           3.3
xxdut.xxtrim.xr7.11                    2.22504
xxdut.xxtrim.xr7.21                    2.18713
xxdut.vc                                2.1871
t7                                         3.3
xxdut.xxtrim.tb7                   7.48846e-09
xxdut.xxcmph.tail                     0.961329
xxdut.xxcmph.dp                        1.47759
xxdut.xxcmph.dn                        1.36286
xxdut.cmph_out                         1.40307
xxdut.xxcmpl.tailp                     2.53461
xxdut.xxcmpl.dp                      5.264e-08
xxdut.xxcmpl.dn                        1.13212
xxdut.xxcmpl.outb                          3.3
xxdut.cmpl_out                     7.48846e-09
clk                                   0.587648
xxdut.qbar                             1.35742
xxdut.mid1                             2.60545
xxdut.mid2                             3.05627
vt7#branch                                   0
vt6#branch                                   0
vt5#branch                                   0
vt4#branch                                   0
vt3#branch                                   0
vt2#branch                                   0
vt1#branch                                   0
vt0#branch                                   0
vdd#branch                        -0.000794226

 Reference value :  2.35297e-08
 Reference value :  1.23897e-07
 Reference value :  2.20971e-07
 Reference value :  3.27266e-07
 Reference value :  4.27555e-07
 Reference value :  5.18117e-07
 Reference value :  6.09306e-07
 Reference value :  6.99363e-07
 Reference value :  7.89355e-07
 Reference value :  8.78456e-07
 Reference value :  9.68725e-07
 Reference value :  1.06565e-06
 Reference value :  1.15258e-06
No. of Data Rows : 6528
ta                  =  6.52161e-08
tb                  =  3.68415e-07
ta = 6.521607e-08
tb = 3.684146e-07
period = 1.515993e-08
fosc = 6.596338e+07
ngspice-46 done

Note: Starting dynamic gmin stepping
Note: Dynamic gmin stepping completed
