====================================================================
gf180-rcosc post-layout PEX PVT run: schematic_ff_T+027C_V3p3_code0x5B
side        : schematic
run id      : 20260923T152954Z
process     : ff (fets=ff res=res_ff mimcap=mimcap_ff)
temperature : 27 C
supply      : 3.3 V
trim code   : 0x5B (91)
transient   : tran 200p 1200n, f = 20 periods / (t[rise=25] - t[rise=5])
wall clock  : 6.5 s
exit status : 0
====================================================================

Note: No compatibility mode selected!


Circuit: ** sch_path: /home/ubuntu/github/gf180-rcosc/.loom/worktrees/issue-61/design/pvt_tb.sch

Doing analysis at TEMP = 27.000000 and TNOM = 27.000000

Using SPARSE 1.3 as Direct Linear Solver

Initial Transient Solution
--------------------------

Node                                   Voltage
----                                   -------
vdd                                        3.3
xxdut.xxbias.xrba.11                   3.29884
xxdut.xxbias.xrba.21                   2.20116
xxdut.vh                                   2.2
xxdut.xxbias.xrbb.11                   2.19884
xxdut.xxbias.xrbb.21                   1.10116
xxdut.vl                                   1.1
xxdut.xxbias.xrbc.11                   1.09884
xxdut.xxbias.xrbc.21                0.00115626
xxdut.ibias                           0.908841
xxdut.pb                               2.14212
xxdut.xxbias.n2s                      0.194314
xxdut.xxbias.xrz.11                   0.193679
xxdut.xxbias.xrz.21                 0.00063545
xxdut.xxtrim.xrfix.11                  3.29921
xxdut.xxtrim.xrfix.21                  3.17062
xxdut.xxtrim.c1                        3.16984
xxdut.xxtrim.xr0.11                     3.1696
xxdut.xxtrim.xr0.21                    3.16788
xxdut.xxtrim.c2                        3.16764
t0                                         3.3
xxdut.xxtrim.tb0                   4.10054e-09
xxdut.xxtrim.xr1.11                    3.16743
xxdut.xxtrim.xr1.21                    3.16439
xxdut.xxtrim.c3                        3.16418
t1                                         3.3
xxdut.xxtrim.tb1                   4.10054e-09
xxdut.xxtrim.xr2.11                    3.16339
xxdut.xxtrim.xr2.21                    3.14101
xxdut.xxtrim.c4                        3.14022
t2                                           0
xxdut.xxtrim.tb2                           3.3
xxdut.xxtrim.xr3.11                    3.14009
xxdut.xxtrim.xr3.21                     3.1324
xxdut.xxtrim.c5                        3.13227
t3                                         3.3
xxdut.xxtrim.tb3                   4.10054e-09
xxdut.xxtrim.xr4.11                    3.13217
xxdut.xxtrim.xr4.21                    3.12108
xxdut.xxtrim.c6                        3.12099
t4                                         3.3
xxdut.xxtrim.tb4                   4.10054e-09
xxdut.xxtrim.xr5.11                     3.1202
xxdut.xxtrim.xr5.21                    2.94117
xxdut.xxtrim.c7                        2.94039
t5                                           0
xxdut.xxtrim.tb5                           3.3
xxdut.xxtrim.xr6.11                    2.94034
xxdut.xxtrim.xr6.21                    2.92078
xxdut.xxtrim.c8                        2.92074
t6                                         3.3
xxdut.xxtrim.tb6                   4.10054e-09
xxdut.xxtrim.xr7.11                    2.91995
xxdut.xxtrim.xr7.21                    2.20385
xxdut.vc                               2.20306
t7                                           0
xxdut.xxtrim.tb7                           3.3
xxdut.xxcmph.tail                      1.00935
xxdut.xxcmph.dp                        1.47201
xxdut.xxcmph.dn                        1.57306
xxdut.cmph_out                         1.40899
xxdut.xxcmpl.tailp                     2.49377
xxdut.xxcmpl.dp                    1.10465e-08
xxdut.xxcmpl.dn                        1.04836
xxdut.xxcmpl.outb                          3.3
xxdut.cmpl_out                     4.10054e-09
clk                                   0.605654
xxdut.qbar                             1.34901
xxdut.mid1                             2.62432
xxdut.mid2                             3.06652
vt7#branch                                   0
vt6#branch                                   0
vt5#branch                                   0
vt4#branch                                   0
vt3#branch                                   0
vt2#branch                                   0
vt1#branch                                   0
vt0#branch                                   0
vdd#branch                        -0.000753767

 Reference value :  3.49448e-08
 Reference value :  1.39553e-07
 Reference value :  2.34291e-07
 Reference value :  3.34126e-07
 Reference value :  4.36815e-07
 Reference value :  5.34597e-07
 Reference value :  6.35534e-07
 Reference value :  7.39575e-07
 Reference value :  8.51835e-07
 Reference value :  9.55795e-07
 Reference value :  1.05560e-06
 Reference value :  1.14925e-06
No. of Data Rows : 6440
ta                  =  8.62899e-08
tb                  =  4.99237e-07
ta = 8.628989e-08
tb = 4.992370e-07
period = 2.064736e-08
fosc = 4.843235e+07
ngspice-46 done

Note: Starting dynamic gmin stepping
Note: Dynamic gmin stepping completed
