====================================================================
gf180-rcosc post-layout PEX PVT run: schematic_ff_T+027C_V3p3_code0xA3
side        : schematic
run id      : 20260923T152954Z
process     : ff (fets=ff res=res_ff mimcap=mimcap_ff)
temperature : 27 C
supply      : 3.3 V
trim code   : 0xA3 (163)
transient   : tran 200p 1200n, f = 20 periods / (t[rise=25] - t[rise=5])
wall clock  : 6.3 s
exit status : 0
====================================================================

Note: No compatibility mode selected!


Circuit: ** sch_path: /home/ubuntu/github/gf180-rcosc/.loom/worktrees/issue-61/design/pvt_tb.sch

Doing analysis at TEMP = 27.000000 and TNOM = 27.000000

Using SPARSE 1.3 as Direct Linear Solver

Initial Transient Solution
--------------------------

Node                                   Voltage
----                                   -------
vdd                                        3.3
xxdut.xxbias.xrba.11                   3.29884
xxdut.xxbias.xrba.21                   2.20116
xxdut.vh                                   2.2
xxdut.xxbias.xrbb.11                   2.19884
xxdut.xxbias.xrbb.21                   1.10116
xxdut.vl                                   1.1
xxdut.xxbias.xrbc.11                   1.09884
xxdut.xxbias.xrbc.21                0.00115626
xxdut.ibias                           0.908841
xxdut.pb                               2.14212
xxdut.xxbias.n2s                      0.194314
xxdut.xxbias.xrz.11                   0.193679
xxdut.xxbias.xrz.21                 0.00063545
xxdut.xxtrim.xrfix.11                  3.29875
xxdut.xxtrim.xrfix.21                  3.09544
xxdut.xxtrim.c1                        3.09419
xxdut.xxtrim.xr0.11                     3.0938
xxdut.xxtrim.xr0.21                    3.09104
xxdut.xxtrim.c2                        3.09066
t0                                         3.3
xxdut.xxtrim.tb0                   4.10054e-09
xxdut.xxtrim.xr1.11                    3.09031
xxdut.xxtrim.xr1.21                    3.08542
xxdut.xxtrim.c3                        3.08507
t1                                         3.3
xxdut.xxtrim.tb1                   4.10054e-09
xxdut.xxtrim.xr2.11                    3.08383
xxdut.xxtrim.xr2.21                    3.04845
xxdut.xxtrim.c4                         3.0472
t2                                           0
xxdut.xxtrim.tb2                           3.3
xxdut.xxtrim.xr3.11                    3.04595
xxdut.xxtrim.xr3.21                    2.97519
xxdut.xxtrim.c5                        2.97394
t3                                           0
xxdut.xxtrim.tb3                           3.3
xxdut.xxtrim.xr4.11                     2.9727
xxdut.xxtrim.xr4.21                    2.83116
xxdut.xxtrim.c6                        2.82992
t4                                           0
xxdut.xxtrim.tb4                           3.3
xxdut.xxtrim.xr5.11                    2.82981
xxdut.xxtrim.xr5.21                    2.80502
xxdut.xxtrim.c7                        2.80491
t5                                         3.3
xxdut.xxtrim.tb5                   4.10054e-09
xxdut.xxtrim.xr6.11                    2.80366
xxdut.xxtrim.xr6.21                    2.23752
xxdut.xxtrim.c8                        2.23628
t6                                           0
xxdut.xxtrim.tb6                           3.3
xxdut.xxtrim.xr7.11                    2.23624
xxdut.xxtrim.xr7.21                    2.20309
xxdut.vc                               2.20305
t7                                         3.3
xxdut.xxtrim.tb7                   4.10054e-09
xxdut.xxcmph.tail                      1.00935
xxdut.xxcmph.dp                        1.47216
xxdut.xxcmph.dn                        1.57306
xxdut.cmph_out                         1.40194
xxdut.xxcmpl.tailp                     2.49377
xxdut.xxcmpl.dp                    1.10465e-08
xxdut.xxcmpl.dn                        1.04836
xxdut.xxcmpl.outb                          3.3
xxdut.cmpl_out                     4.10054e-09
clk                                   0.634425
xxdut.qbar                             1.34566
xxdut.mid1                             2.64204
xxdut.mid2                              3.0657
vt7#branch                                   0
vt6#branch                                   0
vt5#branch                                   0
vt4#branch                                   0
vt3#branch                                   0
vt2#branch                                   0
vt1#branch                                   0
vt0#branch                                   0
vdd#branch                         -0.00076382

 Reference value :  1.54433e-08
 Reference value :  1.01069e-07
 Reference value :  1.95552e-07
 Reference value :  2.91879e-07
 Reference value :  3.87839e-07
 Reference value :  4.82716e-07
 Reference value :  5.75218e-07
 Reference value :  6.73016e-07
 Reference value :  7.79863e-07
 Reference value :  8.86064e-07
 Reference value :  9.94494e-07
 Reference value :  1.10495e-06
No. of Data Rows : 6521
ta                  =  6.92896e-08
tb                  =  3.84303e-07
ta = 6.928956e-08
tb = 3.843035e-07
period = 1.575070e-08
fosc = 6.348925e+07
ngspice-46 done

Note: Starting dynamic gmin stepping
Note: Dynamic gmin stepping completed
