====================================================================
gf180-rcosc post-layout PEX PVT run: schematic_ss_T+027C_V3p6_code0xA3
side        : schematic
run id      : 20260923T152954Z
process     : ss (fets=ss res=res_ss mimcap=mimcap_ss)
temperature : 27 C
supply      : 3.6 V
trim code   : 0xA3 (163)
transient   : tran 200p 1200n, f = 20 periods / (t[rise=25] - t[rise=5])
wall clock  : 6.2 s
exit status : 0
====================================================================

Note: No compatibility mode selected!


Circuit: ** sch_path: /home/ubuntu/github/gf180-rcosc/.loom/worktrees/issue-61/design/pvt_tb.sch

Doing analysis at TEMP = 27.000000 and TNOM = 27.000000

Using SPARSE 1.3 as Direct Linear Solver

Initial Transient Solution
--------------------------

Node                                   Voltage
----                                   -------
vdd                                        3.6
xxdut.xxbias.xrba.11                   3.59916
xxdut.xxbias.xrba.21                   2.40084
xxdut.vh                                   2.4
xxdut.xxbias.xrbb.11                   2.39916
xxdut.xxbias.xrbb.21                   1.20084
xxdut.vl                                   1.2
xxdut.xxbias.xrbc.11                   1.19916
xxdut.xxbias.xrbc.21               0.000841503
xxdut.ibias                            1.04949
xxdut.pb                               2.30236
xxdut.xxbias.n2s                      0.157962
xxdut.xxbias.xrz.11                   0.157616
xxdut.xxbias.xrz.21                0.000345131
xxdut.xxtrim.xrfix.11                  3.59909
xxdut.xxtrim.xrfix.21                  3.37616
xxdut.xxtrim.c1                        3.37525
xxdut.xxtrim.xr0.11                    3.37499
xxdut.xxtrim.xr0.21                    3.37228
xxdut.xxtrim.c2                        3.37202
t0                                         3.6
xxdut.xxtrim.tb0                   4.91633e-09
xxdut.xxtrim.xr1.11                     3.3718
xxdut.xxtrim.xr1.21                    3.36713
xxdut.xxtrim.c3                        3.36691
t1                                         3.6
xxdut.xxtrim.tb1                   4.91633e-09
xxdut.xxtrim.xr2.11                      3.366
xxdut.xxtrim.xr2.21                     3.3272
xxdut.xxtrim.c4                        3.32629
t2                                           0
xxdut.xxtrim.tb2                           3.6
xxdut.xxtrim.xr3.11                    3.32538
xxdut.xxtrim.xr3.21                    3.24779
xxdut.xxtrim.c5                        3.24688
t3                                           0
xxdut.xxtrim.tb3                           3.6
xxdut.xxtrim.xr4.11                    3.24597
xxdut.xxtrim.xr4.21                    3.09079
xxdut.xxtrim.c6                        3.08987
t4                                           0
xxdut.xxtrim.tb4                           3.6
xxdut.xxtrim.xr5.11                    3.08981
xxdut.xxtrim.xr5.21                    3.06728
xxdut.xxtrim.c7                        3.06721
t5                                         3.6
xxdut.xxtrim.tb5                   4.91633e-09
xxdut.xxtrim.xr6.11                     3.0663
xxdut.xxtrim.xr6.21                    2.44556
xxdut.xxtrim.c8                        2.44465
t6                                           0
xxdut.xxtrim.tb6                           3.6
xxdut.xxtrim.xr7.11                    2.44462
xxdut.xxtrim.xr7.21                    2.40321
xxdut.vc                               2.40318
t7                                         3.6
xxdut.xxtrim.tb7                   4.91633e-09
xxdut.xxcmph.tail                      1.03261
xxdut.xxcmph.dp                        1.62164
xxdut.xxcmph.dn                        1.85586
xxdut.cmph_out                         1.55503
xxdut.xxcmpl.tailp                     2.77799
xxdut.xxcmpl.dp                    1.76383e-08
xxdut.xxcmpl.dn                        1.15989
xxdut.xxcmpl.outb                          3.6
xxdut.cmpl_out                     4.91633e-09
clk                                   0.839864
xxdut.qbar                             1.50398
xxdut.mid1                             3.00045
xxdut.mid2                             3.40312
vt7#branch                                   0
vt6#branch                                   0
vt5#branch                                   0
vt4#branch                                   0
vt3#branch                                   0
vt2#branch                                   0
vt1#branch                                   0
vt0#branch                                   0
vdd#branch                        -0.000510073

 Reference value :  0.00000e+00
 Reference value :  1.10058e-07
 Reference value :  2.23454e-07
 Reference value :  3.44005e-07
 Reference value :  4.55114e-07
 Reference value :  5.72988e-07
 Reference value :  6.89360e-07
 Reference value :  8.14294e-07
 Reference value :  9.45793e-07
 Reference value :  1.07760e-06
 Reference value :  1.19260e-06
No. of Data Rows : 6296
ta                  =  1.09592e-07
tb                  =  6.35452e-07
ta = 1.095918e-07
tb = 6.354517e-07
period = 2.629299e-08
fosc = 3.803294e+07
ngspice-46 done

Note: Starting dynamic gmin stepping
Warning: Dynamic gmin stepping failed
Note: Starting true gmin stepping
Note: True gmin stepping completed
