
Note: No compatibility mode selected!


Circuit: ** sch_path: /home/ubuntu/github/gf180-rcosc/.loom/worktrees/issue-24/design/smoke_test.sch

Doing analysis at TEMP = 27.000000 and TNOM = 27.000000

Using SPARSE 1.3 as Direct Linear Solver

No. of Data Rows : 1
iq_ua = 7.548206e+02
v(xxdut.xxcmph.dp) = 1.478237e+00
v(xxdut.xxcmph.dn) = 1.233912e+00
v(xxdut.cmph_out) = 1.424465e+00
v(xxdut.xxcmpl.dp) = 3.299561e+00
v(xxdut.xxcmpl.dn) = 6.494476e-01
v(xxdut.cmpl_out) = 4.206559e-09
Doing analysis at TEMP = 27.000000 and TNOM = 27.000000

Using SPARSE 1.3 as Direct Linear Solver

Initial Transient Solution
--------------------------

Node                                   Voltage
----                                   -------
vdd                                        3.3
xxdut.xxbias.xrba.11                   3.29907
xxdut.xxbias.xrba.21                   2.20093
xxdut.vh                                   2.2
xxdut.xxbias.xrbb.11                   2.19907
xxdut.xxbias.xrbb.21                   1.10093
xxdut.vl                                   1.1
xxdut.xxbias.xrbc.11                   1.09907
xxdut.xxbias.xrbc.21               0.000925394
xxdut.xxbias.xrbias.11                 3.29911
xxdut.xxbias.xrbias.21                 1.07404
xxdut.ibias                            1.07315
xxdut.xxtrim.xrfix.11                  3.29955
xxdut.xxtrim.xrfix.21                  3.20811
xxdut.xxtrim.c1                        3.20767
xxdut.xxtrim.xr0.11                    3.20722
xxdut.xxtrim.xr0.21                    3.20324
xxdut.xxtrim.c2                        3.20279
t0                                           0
xxdut.xxtrim.xr1.11                    3.20234
xxdut.xxtrim.xr1.21                    3.19439
xxdut.xxtrim.c3                        3.19394
t1                                           0
xxdut.xxtrim.xr2.11                    3.19349
xxdut.xxtrim.xr2.21                    3.17758
xxdut.xxtrim.c4                        3.17713
t2                                           0
xxdut.xxtrim.xr3.11                    3.17668
xxdut.xxtrim.xr3.21                    3.14486
xxdut.xxtrim.c5                        3.14441
t3                                           0
xxdut.xxtrim.xr4.11                    3.14396
xxdut.xxtrim.xr4.21                    3.08031
xxdut.xxtrim.c6                        3.07986
t4                                           0
xxdut.xxtrim.xr5.11                    3.07942
xxdut.xxtrim.xr5.21                    2.95211
xxdut.xxtrim.c7                        2.95166
t5                                           0
xxdut.xxtrim.xr6.11                    2.95122
xxdut.xxtrim.xr6.21                    2.69661
xxdut.xxtrim.c8                        2.69616
t6                                           0
xxdut.xxtrim.xr7.11                    2.69571
xxdut.xxtrim.xr7.21                     2.1865
xxdut.vc                               2.18605
t7                                           0
xxdut.xxcmph.tail                     0.840242
xxdut.xxcmph.dp                        1.47824
xxdut.xxcmph.dn                        1.23391
xxdut.cmph_out                         1.42447
xxdut.xxcmpl.tail                     0.419333
xxdut.xxcmpl.dp                        3.29956
xxdut.xxcmpl.dn                       0.649448
xxdut.cmpl_out                     4.20656e-09
clk                                   0.686186
xxdut.qbar                             1.36744
xxdut.mid1                             2.69154
xxdut.mid2                              3.1043
vt7#branch                                   0
vt6#branch                                   0
vt5#branch                                   0
vt4#branch                                   0
vt3#branch                                   0
vt2#branch                                   0
vt1#branch                                   0
vt0#branch                                   0
vdd#branch                        -0.000754821

 Reference value :  0.00000e+00
 Reference value :  1.81262e-07
 Reference value :  3.64268e-07
 Reference value :  5.44387e-07
 Reference value :  7.31104e-07
 Reference value :  9.20704e-07
 Reference value :  1.15365e-06
No. of Data Rows : 6279
t_avg_start         =  1.51797e-07
t_avg_end           =  8.64126e-07
iq_run_ua           =  3.59736e+02 from=  1.51797e-07 to=  8.64286e-07
ngspice-46 done
Note: Starting dynamic gmin stepping
Note: Dynamic gmin stepping completed
Warning from checkvalid: vector xxdut.clk is not available or has zero length.
Note: Starting dynamic gmin stepping
Note: Dynamic gmin stepping completed
