
Note: No compatibility mode selected!


Circuit: ** sch_path: /home/ubuntu/github/gf180-rcosc/.loom/worktrees/issue-24/design/smoke_test.sch

Doing analysis at TEMP = 27.000000 and TNOM = 27.000000

Using SPARSE 1.3 as Direct Linear Solver

No. of Data Rows : 1
iq_ua = 9.149895e+02
v(xxdut.xxcmph.dp) = 1.478263e+00
v(xxdut.xxcmph.dn) = 1.011035e+00
v(xxdut.cmph_out) = 1.422990e+00
v(xxdut.xxcmpl.dp) = 3.299301e+00
v(xxdut.xxcmpl.dn) = 6.521318e-01
v(xxdut.cmpl_out) = 4.206481e-09
Doing analysis at TEMP = 27.000000 and TNOM = 27.000000

Using SPARSE 1.3 as Direct Linear Solver

Initial Transient Solution
--------------------------

Node                                   Voltage
----                                   -------
vdd                                        3.3
xxdut.xxbias.xrba.11                   3.29907
xxdut.xxbias.xrba.21                   2.20093
xxdut.vh                                   2.2
xxdut.xxbias.xrbb.11                   2.19907
xxdut.xxbias.xrbb.21                   1.10093
xxdut.vl                                   1.1
xxdut.xxbias.xrbc.11                   1.09907
xxdut.xxbias.xrbc.21               0.000925394
xxdut.xxbias.xrbias.11                  3.2948
xxdut.xxbias.xrbias.21                 1.75237
xxdut.ibias                            1.74717
xxdut.xxtrim.xrfix.11                  3.29949
xxdut.xxtrim.xrfix.21                  3.19591
xxdut.xxtrim.c1                         3.1954
xxdut.xxtrim.xr0.11                    3.19489
xxdut.xxtrim.xr0.21                    3.19039
xxdut.xxtrim.c2                        3.18988
t0                                         3.3
xxdut.xxtrim.xr1.11                    3.18937
xxdut.xxtrim.xr1.21                    3.18036
xxdut.xxtrim.c3                        3.17985
t1                                         3.3
xxdut.xxtrim.xr2.11                    3.17934
xxdut.xxtrim.xr2.21                    3.16132
xxdut.xxtrim.c4                        3.16081
t2                                         3.3
xxdut.xxtrim.xr3.11                     3.1603
xxdut.xxtrim.xr3.21                    3.12425
xxdut.xxtrim.c5                        3.12374
t3                                         3.3
xxdut.xxtrim.xr4.11                    3.12323
xxdut.xxtrim.xr4.21                    3.05113
xxdut.xxtrim.c6                        3.05062
t4                                         3.3
xxdut.xxtrim.xr5.11                    3.05011
xxdut.xxtrim.xr5.21                     2.9059
xxdut.xxtrim.c7                        2.90539
t5                                         3.3
xxdut.xxtrim.xr6.11                    2.90488
xxdut.xxtrim.xr6.21                    2.61645
xxdut.xxtrim.c8                        2.61594
t6                                         3.3
xxdut.xxtrim.xr7.11                     2.6155
xxdut.xxtrim.xr7.21                    2.11146
xxdut.vc                               2.11102
t7                                         3.3
xxdut.xxcmph.tail                      0.72293
xxdut.xxcmph.dp                        1.47826
xxdut.xxcmph.dn                        1.01104
xxdut.cmph_out                         1.42299
xxdut.xxcmpl.tail                     0.405222
xxdut.xxcmpl.dp                         3.2993
xxdut.xxcmpl.dn                       0.652132
xxdut.cmpl_out                     4.20648e-09
clk                                     0.6935
xxdut.qbar                              1.3671
xxdut.mid1                             2.69603
xxdut.mid2                             3.10423
vt7#branch                                   0
vt6#branch                                   0
vt5#branch                                   0
vt4#branch                                   0
vt3#branch                                   0
vt2#branch                                   0
vt1#branch                                   0
vt0#branch                                   0
vdd#branch                         -0.00091499

 Reference value :  1.58916e-08
 Reference value :  1.55419e-07
 Reference value :  2.99357e-07
 Reference value :  4.57360e-07
 Reference value :  6.28053e-07
 Reference value :  8.30083e-07
 Reference value :  1.06870e-06
No. of Data Rows : 6311
t_avg_start         =  6.43997e-08
t_avg_end           =  3.67737e-07
iq_run_ua           =  6.05570e+02 from=  6.43997e-08 to=  3.67874e-07
ngspice-46 done
Note: Starting dynamic gmin stepping
Note: Dynamic gmin stepping completed
Warning from checkvalid: vector xxdut.clk is not available or has zero length.
Note: Starting dynamic gmin stepping
Note: Dynamic gmin stepping completed
