====================================================================
gf180-rcosc post-layout PEX PVT run: schematic_ss_T-040C_V3p3_code0xD0
side        : schematic
run id      : 20260921T164434Z
process     : ss (fets=ss res=res_ss mimcap=mimcap_ss)
temperature : -40 C
supply      : 3.3 V
trim code   : 0xD0 (208)
transient   : tran 200p 1200n, f = 20 periods / (t[rise=25] - t[rise=5])
wall clock  : 59.1 s
exit status : 0
====================================================================

Note: Compatibility modes selected: hs a


Circuit: ** sch_path: /users/rwalters/github/gf180-rcosc/.loom/worktrees/issue-44/design/pvt_tb.sch

Doing analysis at TEMP = -40.000000 and TNOM = 27.000000

Using SPARSE 1.3 as Direct Linear Solver

Initial Transient Solution
--------------------------

Node                                   Voltage
----                                   -------
vdd                                        3.3
xxdut.xxbias.xrba.11                   3.29876
xxdut.xxbias.xrba.21                   2.19708
xxdut.vh                               2.19584
xxdut.xxbias.xrbb.11                   2.19461
xxdut.xxbias.xrbb.21                   1.10038
xxdut.vl                               1.09915
xxdut.xxbias.xrbc.11                   1.09791
xxdut.xxbias.xrbc.21                0.00123472
xxdut.ibias                            1.03567
xxdut.xxbias.pb                        2.06034
xxdut.xxbias.n2s                      0.114318
xxdut.xxbias.xrz.11                   0.113919
xxdut.xxbias.xrz.21                0.000399401
xxdut.xxtrim.xrfix.11                  3.29644
xxdut.xxtrim.xrfix.21                  2.75273
xxdut.xxtrim.c1                        2.74917
xxdut.xxtrim.xr0.11                    2.74562
xxdut.xxtrim.xr0.21                    2.72206
xxdut.xxtrim.c2                        2.71851
t0                                           0
xxdut.xxtrim.xr1.11                    2.71498
xxdut.xxtrim.xr1.21                    2.66806
xxdut.xxtrim.c3                        2.66453
t1                                           0
xxdut.xxtrim.xr2.11                    2.66101
xxdut.xxtrim.xr2.21                    2.56755
xxdut.xxtrim.c4                        2.56403
t2                                           0
xxdut.xxtrim.xr3.11                    2.56053
xxdut.xxtrim.xr3.21                    2.37425
xxdut.xxtrim.c5                        2.37074
t3                                           0
xxdut.xxtrim.xr4.11                    2.36738
xxdut.xxtrim.xr4.21                    2.00996
xxdut.xxtrim.c6                         2.0066
t4                                         3.3
xxdut.xxtrim.xr5.11                    2.00323
xxdut.xxtrim.xr5.21                    1.28587
xxdut.xxtrim.c7                        1.28249
t5                                           0
xxdut.xxtrim.xr6.11                    1.28239
xxdut.xxtrim.xr6.21                    1.23942
xxdut.xxtrim.c8                        1.23932
t6                                         3.3
xxdut.xxtrim.xr7.11                    1.23928
xxdut.xxtrim.xr7.21                    1.20274
xxdut.vc                                1.2027
t7                                         3.3
xxdut.xxcmph.tail                     0.815981
xxdut.xxcmph.dp                        3.29867
xxdut.xxcmph.dn                        1.47908
xxdut.cmph_out                     -0.00202043
xxdut.xxcmpl.tail                    0.0991456
xxdut.xxcmpl.dp                       0.548836
xxdut.xxcmpl.dn                        1.75771
xxdut.cmpl_out                         3.30616
clk                               -0.000856593
xxdut.qbar                             3.30296
xxdut.mid1                             3.29249
xxdut.mid2                            0.389817
vt7#branch                         -1.9381e-06
vt6#branch                        -2.18718e-06
vt5#branch                         1.43438e-07
vt4#branch                        -3.59316e-06
vt3#branch                         3.26404e-07
vt2#branch                         4.64971e-08
vt1#branch                         5.07071e-08
vt0#branch                         5.12251e-08
vdd#branch                        -0.000127943

 Reference value :  0.00000e+00
 Reference value :  7.33316e-08
 Reference value :  1.45373e-07
 Reference value :  2.09207e-07
 Reference value :  2.72880e-07
 Reference value :  3.85899e-07
 Reference value :  4.62314e-07
 Reference value :  5.26551e-07
 Reference value :  5.90743e-07
 Reference value :  6.57028e-07
 Reference value :  7.19746e-07
 Reference value :  7.82631e-07
 Reference value :  8.47918e-07
 Reference value :  9.10735e-07
 Reference value :  9.88735e-07
 Reference value :  1.05557e-06
 Reference value :  1.12103e-06
 Reference value :  1.18671e-06
No. of Data Rows : 6372
ta                  =  1.46895e-07
tb                  =  7.73911e-07
ta = 1.468946e-07
tb = 7.739110e-07
period = 3.135082e-08
fosc = 3.189709e+07
ngspice-46 done

Warning: m=xx on .subckt line will override multiplier m hierarchy!

Note: Starting dynamic gmin stepping
Warning: Dynamic gmin stepping failed
Note: Starting true gmin stepping
Warning: True gmin stepping failed
Note: Starting source stepping
Warning: singular matrix:  check node xxdut.vl

Warning: source stepping failed
Note: Transient op started
Note: Transient op finished successfully
