====================================================================
gf180-rcosc post-layout PEX PVT run: schematic_tt_T-040C_V3p6_code0xD0
side        : schematic
run id      : 20260921T164434Z
process     : tt (fets=typical res=res_typical mimcap=mimcap_typical)
temperature : -40 C
supply      : 3.6 V
trim code   : 0xD0 (208)
transient   : tran 200p 1200n, f = 20 periods / (t[rise=25] - t[rise=5])
wall clock  : 25.7 s
exit status : 0
====================================================================

Note: Compatibility modes selected: hs a


Circuit: ** sch_path: /users/rwalters/github/gf180-rcosc/.loom/worktrees/issue-44/design/pvt_tb.sch

Doing analysis at TEMP = -40.000000 and TNOM = 27.000000

Using SPARSE 1.3 as Direct Linear Solver

Initial Transient Solution
--------------------------

Node                                   Voltage
----                                   -------
vdd                                        3.6
xxdut.xxbias.xrba.11                   3.59838
xxdut.xxbias.xrba.21                   2.40162
xxdut.vh                                   2.4
xxdut.xxbias.xrbb.11                   2.39838
xxdut.xxbias.xrbb.21                   1.20162
xxdut.vl                                   1.2
xxdut.xxbias.xrbc.11                   1.19838
xxdut.xxbias.xrbc.21                0.00161689
xxdut.ibias                            0.97417
xxdut.xxbias.pb                        2.40434
xxdut.xxbias.n2s                      0.138797
xxdut.xxbias.xrz.11                   0.138216
xxdut.xxbias.xrz.21                0.000581096
xxdut.xxtrim.xrfix.11                  3.59923
xxdut.xxtrim.xrfix.21                  3.50123
xxdut.xxtrim.c1                        3.50046
xxdut.xxtrim.xr0.11                    3.49969
xxdut.xxtrim.xr0.21                    3.49543
xxdut.xxtrim.c2                        3.49466
t0                                           0
xxdut.xxtrim.xr1.11                    3.49389
xxdut.xxtrim.xr1.21                    3.48536
xxdut.xxtrim.c3                        3.48459
t1                                           0
xxdut.xxtrim.xr2.11                    3.48382
xxdut.xxtrim.xr2.21                    3.46677
xxdut.xxtrim.c4                          3.466
t2                                           0
xxdut.xxtrim.xr3.11                    3.46523
xxdut.xxtrim.xr3.21                    3.43112
xxdut.xxtrim.c5                        3.43035
t3                                           0
xxdut.xxtrim.xr4.11                    3.42958
xxdut.xxtrim.xr4.21                    3.36136
xxdut.xxtrim.c6                        3.36059
t4                                         3.6
xxdut.xxtrim.xr5.11                    3.35982
xxdut.xxtrim.xr5.21                    3.22339
xxdut.xxtrim.c7                        3.22262
t5                                           0
xxdut.xxtrim.xr6.11                    3.22185
xxdut.xxtrim.xr6.21                    2.94897
xxdut.xxtrim.c8                         2.9482
t6                                         3.6
xxdut.xxtrim.xr7.11                    2.94744
xxdut.xxtrim.xr7.21                    2.40554
xxdut.vc                               2.40478
t7                                         3.6
xxdut.xxcmph.tail                      1.11355
xxdut.xxcmph.dp                        1.61202
xxdut.xxcmph.dn                        2.01405
xxdut.cmph_out                         1.55391
xxdut.xxcmpl.tail                      1.02828
xxdut.xxcmpl.dp                            3.6
xxdut.xxcmpl.dn                        1.67581
xxdut.cmpl_out                     3.89245e-09
clk                                    0.75322
xxdut.qbar                             1.48393
xxdut.mid1                             2.93802
xxdut.mid2                             3.37879
vt7#branch                                   0
vt6#branch                                   0
vt5#branch                                   0
vt4#branch                                   0
vt3#branch                                   0
vt2#branch                                   0
vt1#branch                                   0
vt0#branch                                   0
vdd#branch                        -0.000727664

 Reference value :  0.00000e+00
 Reference value :  9.74157e-08
 Reference value :  2.12941e-07
 Reference value :  3.46010e-07
 Reference value :  4.56247e-07
 Reference value :  5.63279e-07
 Reference value :  6.73606e-07
 Reference value :  7.42929e-07
 Reference value :  8.13075e-07
 Reference value :  9.21387e-07
 Reference value :  1.02406e-06
 Reference value :  1.09243e-06
 Reference value :  1.18256e-06
No. of Data Rows : 6520
ta                  =  8.82513e-08
tb                  =  5.01022e-07
ta = 8.825132e-08
tb = 5.010222e-07
period = 2.063854e-08
fosc = 4.845303e+07
ngspice-46 done

Warning: m=xx on .subckt line will override multiplier m hierarchy!

Note: Starting dynamic gmin stepping
Note: Dynamic gmin stepping completed
