====================================================================
gf180-rcosc PVT corner run: ff_T+027C_V3p3_code0x20
run id      : 20260922T010039Z
process     : ff (fets=ff res=res_ff mimcap=mimcap_ff)
temperature : 27 C
supply      : 3.3 V
trim code   : 0x20 (32)
transient   : tran 200p 1200n, f = 20 periods / (t[rise=25] - t[rise=5])
wall clock  : 6.9 s
exit status : 0
====================================================================

Note: Compatibility modes selected: hs a


Circuit: ** sch_path: /users/rwalters/github/gf180-rcosc/.loom/worktrees/issue-51/design/pvt_tb.sch

Doing analysis at TEMP = 27.000000 and TNOM = 27.000000

Using SPARSE 1.3 as Direct Linear Solver

Initial Transient Solution
--------------------------

Node                                   Voltage
----                                   -------
vdd                                        3.3
xxdut.xxbias.xrba.11                   3.29884
xxdut.xxbias.xrba.21                   2.20116
xxdut.vh                                   2.2
xxdut.xxbias.xrbb.11                   2.19884
xxdut.xxbias.xrbb.21                   1.10116
xxdut.vl                                   1.1
xxdut.xxbias.xrbc.11                   1.09884
xxdut.xxbias.xrbc.21                0.00115626
xxdut.ibias                           0.908841
xxdut.xxbias.pb                        2.14212
xxdut.xxbias.n2s                      0.194314
xxdut.xxbias.xrz.11                   0.193679
xxdut.xxbias.xrz.21                 0.00063545
xxdut.xxtrim.xrfix.11                  3.29938
xxdut.xxtrim.xrfix.21                  3.19887
xxdut.xxtrim.c1                        3.19826
xxdut.xxtrim.xr0.11                    3.19764
xxdut.xxtrim.xr0.21                    3.19327
xxdut.xxtrim.c2                        3.19265
t0                                           0
xxdut.xxtrim.tb0                           3.3
xxdut.xxtrim.xr1.11                    3.19204
xxdut.xxtrim.xr1.21                    3.18329
xxdut.xxtrim.c3                        3.18268
t1                                           0
xxdut.xxtrim.tb1                           3.3
xxdut.xxtrim.xr2.11                    3.18206
xxdut.xxtrim.xr2.21                    3.16457
xxdut.xxtrim.c4                        3.16395
t2                                           0
xxdut.xxtrim.tb2                           3.3
xxdut.xxtrim.xr3.11                    3.16334
xxdut.xxtrim.xr3.21                    3.12836
xxdut.xxtrim.c5                        3.12774
t3                                           0
xxdut.xxtrim.tb3                           3.3
xxdut.xxtrim.xr4.11                    3.12712
xxdut.xxtrim.xr4.21                    3.05716
xxdut.xxtrim.c6                        3.05654
t4                                           0
xxdut.xxtrim.tb4                           3.3
xxdut.xxtrim.xr5.11                    3.05649
xxdut.xxtrim.xr5.21                    3.04519
xxdut.xxtrim.c7                        3.04514
t5                                         3.3
xxdut.xxtrim.tb5                   4.10054e-09
xxdut.xxtrim.xr6.11                    3.04452
xxdut.xxtrim.xr6.21                    2.76465
xxdut.xxtrim.c8                        2.76403
t6                                           0
xxdut.xxtrim.tb6                           3.3
xxdut.xxtrim.xr7.11                    2.76342
xxdut.xxtrim.xr7.21                    2.20368
xxdut.vc                               2.20306
t7                                           0
xxdut.xxtrim.tb7                           3.3
xxdut.xxcmph.tail                      1.00935
xxdut.xxcmph.dp                        1.47194
xxdut.xxcmph.dn                        1.57306
xxdut.cmph_out                         1.41206
xxdut.xxcmpl.tail                     0.793668
xxdut.xxcmpl.dp                            3.3
xxdut.xxcmpl.dn                        1.07497
xxdut.cmpl_out                     4.10054e-09
clk                                   0.591375
xxdut.qbar                             1.35098
xxdut.mid1                             2.61556
xxdut.mid2                             3.06701
vt7#branch                                   0
vt6#branch                                   0
vt5#branch                                   0
vt4#branch                                   0
vt3#branch                                   0
vt2#branch                                   0
vt1#branch                                   0
vt0#branch                                   0
vdd#branch                        -0.000820104

 Reference value :  0.00000e+00
 Reference value :  4.77518e-08
 Reference value :  1.00879e-07
 Reference value :  1.50002e-07
 Reference value :  1.99100e-07
 Reference value :  2.48724e-07
 Reference value :  3.01793e-07
 Reference value :  3.56522e-07
 Reference value :  4.12365e-07
 Reference value :  4.65465e-07
 Reference value :  5.15585e-07
 Reference value :  5.64642e-07
 Reference value :  6.16303e-07
 Reference value :  6.63163e-07
 Reference value :  7.11192e-07
 Reference value :  7.60793e-07
 Reference value :  8.11894e-07
 Reference value :  8.61851e-07
 Reference value :  9.14477e-07
 Reference value :  9.63939e-07
 Reference value :  1.01630e-06
 Reference value :  1.07004e-06
 Reference value :  1.11651e-06
 Reference value :  1.17196e-06
No. of Data Rows : 6441
ta                  =  1.01579e-07
tb                  =  5.88070e-07
ta = 1.015792e-07
tb = 5.880700e-07
period = 2.432454e-08
fosc = 4.111075e+07
ngspice-46 done

Warning: m=xx on .subckt line will override multiplier m hierarchy!

Note: Starting dynamic gmin stepping
Note: Dynamic gmin stepping completed
