====================================================================
gf180-rcosc PVT corner run: ff_T+027C_V3p6_code0x21
run id      : 20260922T010039Z
process     : ff (fets=ff res=res_ff mimcap=mimcap_ff)
temperature : 27 C
supply      : 3.6 V
trim code   : 0x21 (33)
transient   : tran 200p 1200n, f = 20 periods / (t[rise=25] - t[rise=5])
wall clock  : 71.8 s
exit status : 0
====================================================================

Note: Compatibility modes selected: hs a


Circuit: ** sch_path: /users/rwalters/github/gf180-rcosc/.loom/worktrees/issue-51/design/pvt_tb.sch

Doing analysis at TEMP = 27.000000 and TNOM = 27.000000

Using SPARSE 1.3 as Direct Linear Solver

Initial Transient Solution
--------------------------

Node                                   Voltage
----                                   -------
vdd                                        3.6
xxdut.xxbias.xrba.11                   3.59874
xxdut.xxbias.xrba.21                   2.40126
xxdut.vh                                   2.4
xxdut.xxbias.xrbb.11                   2.39874
xxdut.xxbias.xrbb.21                   1.20126
xxdut.vl                                   1.2
xxdut.xxbias.xrbc.11                   1.19874
xxdut.xxbias.xrbc.21                0.00126137
xxdut.ibias                           0.926402
xxdut.xxbias.pb                        2.41761
xxdut.xxbias.n2s                      0.205078
xxdut.xxbias.xrz.11                   0.204408
xxdut.xxbias.xrz.21                 0.00067065
xxdut.xxtrim.xrfix.11                  3.59933
xxdut.xxtrim.xrfix.21                   3.4895
xxdut.xxtrim.c1                        3.48883
xxdut.xxtrim.xr0.11                    3.48863
xxdut.xxtrim.xr0.21                    3.48722
xxdut.xxtrim.c2                        3.48702
t0                                         3.6
xxdut.xxtrim.tb0                   5.00811e-09
xxdut.xxtrim.xr1.11                    3.48635
xxdut.xxtrim.xr1.21                     3.4768
xxdut.xxtrim.c3                        3.47612
t1                                           0
xxdut.xxtrim.tb1                           3.6
xxdut.xxtrim.xr2.11                    3.47545
xxdut.xxtrim.xr2.21                    3.45634
xxdut.xxtrim.c4                        3.45566
t2                                           0
xxdut.xxtrim.tb2                           3.6
xxdut.xxtrim.xr3.11                    3.45499
xxdut.xxtrim.xr3.21                    3.41677
xxdut.xxtrim.c5                        3.41609
t3                                           0
xxdut.xxtrim.tb3                           3.6
xxdut.xxtrim.xr4.11                    3.41542
xxdut.xxtrim.xr4.21                    3.33897
xxdut.xxtrim.c6                        3.33829
t4                                           0
xxdut.xxtrim.tb4                           3.6
xxdut.xxtrim.xr5.11                    3.33824
xxdut.xxtrim.xr5.21                    3.32648
xxdut.xxtrim.c7                        3.32643
t5                                         3.6
xxdut.xxtrim.tb5                   5.00811e-09
xxdut.xxtrim.xr6.11                    3.32576
xxdut.xxtrim.xr6.21                    3.01994
xxdut.xxtrim.c8                        3.01927
t6                                           0
xxdut.xxtrim.tb6                           3.6
xxdut.xxtrim.xr7.11                     3.0186
xxdut.xxtrim.xr7.21                    2.40697
xxdut.vc                               2.40629
t7                                           0
xxdut.xxtrim.tb7                           3.6
xxdut.xxcmph.tail                      1.16031
xxdut.xxcmph.dp                        1.60856
xxdut.xxcmph.dn                        1.81658
xxdut.cmph_out                         1.54188
xxdut.xxcmpl.tail                      0.95769
xxdut.xxcmpl.dp                            3.6
xxdut.xxcmpl.dn                        1.28788
xxdut.cmpl_out                     5.00811e-09
clk                                   0.595281
xxdut.qbar                             1.47553
xxdut.mid1                             2.81404
xxdut.mid2                               3.328
vt7#branch                                   0
vt6#branch                                   0
vt5#branch                                   0
vt4#branch                                   0
vt3#branch                                   0
vt2#branch                                   0
vt1#branch                                   0
vt0#branch                                   0
vdd#branch                        -0.000970085

 Reference value :  0.00000e+00
 Reference value :  4.77771e-08
 Reference value :  1.03822e-07
 Reference value :  1.74519e-07
 Reference value :  2.30121e-07
 Reference value :  2.78449e-07
 Reference value :  3.22139e-07
 Reference value :  3.66701e-07
 Reference value :  4.11505e-07
 Reference value :  4.59128e-07
 Reference value :  5.25632e-07
 Reference value :  5.81646e-07
 Reference value :  6.37136e-07
 Reference value :  6.85279e-07
 Reference value :  7.32067e-07
 Reference value :  7.79797e-07
 Reference value :  8.30227e-07
 Reference value :  8.78229e-07
 Reference value :  9.25325e-07
 Reference value :  9.75686e-07
 Reference value :  1.02202e-06
 Reference value :  1.06990e-06
 Reference value :  1.11608e-06
 Reference value :  1.16898e-06
No. of Data Rows : 6439
ta                  =  9.97916e-08
tb                  =  5.78928e-07
ta = 9.979158e-08
tb = 5.789284e-07
period = 2.395684e-08
fosc = 4.174173e+07
ngspice-46 done

Warning: m=xx on .subckt line will override multiplier m hierarchy!

Note: Starting dynamic gmin stepping
Note: Dynamic gmin stepping completed
