====================================================================
gf180-rcosc PVT corner run: ff_T+027C_V3p3_code0x80
run id      : 20260922T010039Z
process     : ff (fets=ff res=res_ff mimcap=mimcap_ff)
temperature : 27 C
supply      : 3.3 V
trim code   : 0x80 (128)
transient   : tran 200p 1200n, f = 20 periods / (t[rise=25] - t[rise=5])
wall clock  : 41.2 s
exit status : 0
====================================================================

Note: Compatibility modes selected: hs a


Circuit: ** sch_path: /users/rwalters/github/gf180-rcosc/.loom/worktrees/issue-51/design/pvt_tb.sch

Doing analysis at TEMP = 27.000000 and TNOM = 27.000000

Using SPARSE 1.3 as Direct Linear Solver

Initial Transient Solution
--------------------------

Node                                   Voltage
----                                   -------
vdd                                        3.3
xxdut.xxbias.xrba.11                   3.29884
xxdut.xxbias.xrba.21                   2.20116
xxdut.vh                                   2.2
xxdut.xxbias.xrbb.11                   2.19884
xxdut.xxbias.xrbb.21                   1.10116
xxdut.vl                                   1.1
xxdut.xxbias.xrbc.11                   1.09884
xxdut.xxbias.xrbc.21                0.00115626
xxdut.ibias                           0.908841
xxdut.xxbias.pb                        2.14212
xxdut.xxbias.n2s                      0.194314
xxdut.xxbias.xrz.11                   0.193679
xxdut.xxbias.xrz.21                 0.00063545
xxdut.xxtrim.xrfix.11                  3.29901
xxdut.xxtrim.xrfix.21                  3.13736
xxdut.xxtrim.c1                        3.13637
xxdut.xxtrim.xr0.11                    3.13538
xxdut.xxtrim.xr0.21                    3.12835
xxdut.xxtrim.c2                        3.12736
t0                                           0
xxdut.xxtrim.tb0                           3.3
xxdut.xxtrim.xr1.11                    3.12637
xxdut.xxtrim.xr1.21                     3.1123
xxdut.xxtrim.c3                        3.11131
t1                                           0
xxdut.xxtrim.tb1                           3.3
xxdut.xxtrim.xr2.11                    3.11032
xxdut.xxtrim.xr2.21                    3.08219
xxdut.xxtrim.c4                         3.0812
t2                                           0
xxdut.xxtrim.tb2                           3.3
xxdut.xxtrim.xr3.11                    3.08021
xxdut.xxtrim.xr3.21                    3.02395
xxdut.xxtrim.c5                        3.02296
t3                                           0
xxdut.xxtrim.tb3                           3.3
xxdut.xxtrim.xr4.11                    3.02197
xxdut.xxtrim.xr4.21                    2.90944
xxdut.xxtrim.c6                        2.90845
t4                                           0
xxdut.xxtrim.tb4                           3.3
xxdut.xxtrim.xr5.11                    2.90746
xxdut.xxtrim.xr5.21                    2.68241
xxdut.xxtrim.c7                        2.68142
t5                                           0
xxdut.xxtrim.tb5                           3.3
xxdut.xxtrim.xr6.11                    2.68043
xxdut.xxtrim.xr6.21                    2.23031
xxdut.xxtrim.c8                        2.22932
t6                                           0
xxdut.xxtrim.tb6                           3.3
xxdut.xxtrim.xr7.11                     2.2293
xxdut.xxtrim.xr7.21                    2.20308
xxdut.vc                               2.20306
t7                                         3.3
xxdut.xxtrim.tb7                   4.10054e-09
xxdut.xxcmph.tail                      1.00935
xxdut.xxcmph.dp                        1.47208
xxdut.xxcmph.dn                        1.57306
xxdut.cmph_out                         1.40572
xxdut.xxcmpl.tail                     0.793666
xxdut.xxcmpl.dp                            3.3
xxdut.xxcmpl.dn                        1.07497
xxdut.cmpl_out                     4.10054e-09
clk                                   0.619624
xxdut.qbar                             1.34729
xxdut.mid1                             2.63292
xxdut.mid2                             3.06609
vt7#branch                                   0
vt6#branch                                   0
vt5#branch                                   0
vt4#branch                                   0
vt3#branch                                   0
vt2#branch                                   0
vt1#branch                                   0
vt0#branch                                   0
vdd#branch                        -0.000828271

 Reference value :  0.00000e+00
 Reference value :  4.87513e-08
 Reference value :  1.00159e-07
 Reference value :  1.85595e-07
 Reference value :  2.64915e-07
 Reference value :  3.28372e-07
 Reference value :  3.74144e-07
 Reference value :  4.21015e-07
 Reference value :  4.72655e-07
 Reference value :  5.17130e-07
 Reference value :  5.63514e-07
 Reference value :  6.09884e-07
 Reference value :  6.60339e-07
 Reference value :  7.12550e-07
 Reference value :  7.66424e-07
 Reference value :  8.17151e-07
 Reference value :  8.87335e-07
 Reference value :  9.63311e-07
 Reference value :  1.03234e-06
 Reference value :  1.11939e-06
 Reference value :  1.18412e-06
No. of Data Rows : 6555
ta                  =  7.57436e-08
tb                  =  4.36292e-07
ta = 7.574356e-08
tb = 4.362925e-07
period = 1.802745e-08
fosc = 5.547097e+07
ngspice-46 done

Warning: m=xx on .subckt line will override multiplier m hierarchy!

Note: Starting dynamic gmin stepping
Note: Dynamic gmin stepping completed
