====================================================================
gf180-rcosc PVT corner run: ff_T+085C_V3p6_code0x9D
run id      : 20260922T010039Z
process     : ff (fets=ff res=res_ff mimcap=mimcap_ff)
temperature : 85 C
supply      : 3.6 V
trim code   : 0x9D (157)
transient   : tran 200p 1200n, f = 20 periods / (t[rise=25] - t[rise=5])
wall clock  : 85.5 s
exit status : 0
====================================================================

Note: Compatibility modes selected: hs a


Circuit: ** sch_path: /users/rwalters/github/gf180-rcosc/.loom/worktrees/issue-51/design/pvt_tb.sch

Doing analysis at TEMP = 85.000000 and TNOM = 27.000000

Using SPARSE 1.3 as Direct Linear Solver

Initial Transient Solution
--------------------------

Node                                   Voltage
----                                   -------
vdd                                        3.6
xxdut.xxbias.xrba.11                   3.59909
xxdut.xxbias.xrba.21                   2.40091
xxdut.vh                                   2.4
xxdut.xxbias.xrbb.11                   2.39909
xxdut.xxbias.xrbb.21                   1.20091
xxdut.vl                                   1.2
xxdut.xxbias.xrbc.11                   1.19909
xxdut.xxbias.xrbc.21               0.000910524
xxdut.ibias                            0.96203
xxdut.xxbias.pb                        2.35579
xxdut.xxbias.n2s                      0.253898
xxdut.xxbias.xrz.11                   0.253298
xxdut.xxbias.xrz.21                0.000600098
xxdut.xxtrim.xrfix.11                  3.59907
xxdut.xxtrim.xrfix.21                  3.38811
xxdut.xxtrim.c1                        3.38717
xxdut.xxtrim.xr0.11                    3.38685
xxdut.xxtrim.xr0.21                    3.38365
xxdut.xxtrim.c2                        3.38332
t0                                         3.6
xxdut.xxtrim.tb0                   8.46588e-09
xxdut.xxtrim.xr1.11                    3.38239
xxdut.xxtrim.xr1.21                    3.36403
xxdut.xxtrim.c3                         3.3631
t1                                           0
xxdut.xxtrim.tb1                           3.6
xxdut.xxtrim.xr2.11                    3.36288
xxdut.xxtrim.xr2.21                    3.35421
xxdut.xxtrim.c4                        3.35399
t2                                         3.6
xxdut.xxtrim.tb2                   8.46588e-09
xxdut.xxtrim.xr3.11                    3.35381
xxdut.xxtrim.xr3.21                    3.33967
xxdut.xxtrim.c5                        3.33949
t3                                         3.6
xxdut.xxtrim.tb3                   8.46588e-09
xxdut.xxtrim.xr4.11                    3.33936
xxdut.xxtrim.xr4.21                    3.31885
xxdut.xxtrim.c6                        3.31872
t4                                         3.6
xxdut.xxtrim.tb4                   8.46588e-09
xxdut.xxtrim.xr5.11                    3.31779
xxdut.xxtrim.xr5.21                    3.02408
xxdut.xxtrim.c7                        3.02315
t5                                           0
xxdut.xxtrim.tb5                           3.6
xxdut.xxtrim.xr6.11                    3.02222
xxdut.xxtrim.xr6.21                     2.4348
xxdut.xxtrim.c8                        2.43386
t6                                           0
xxdut.xxtrim.tb6                           3.6
xxdut.xxtrim.xr7.11                    2.43384
xxdut.xxtrim.xr7.21                    2.39957
xxdut.vc                               2.39954
t7                                         3.6
xxdut.xxtrim.tb7                   8.46588e-09
xxdut.xxcmph.tail                      1.11834
xxdut.xxcmph.dp                        1.61518
xxdut.xxcmph.dn                        1.60986
xxdut.cmph_out                           1.535
xxdut.xxcmpl.tail                     0.682794
xxdut.xxcmpl.dp                        3.59982
xxdut.xxcmpl.dn                       0.963092
xxdut.cmpl_out                     8.47646e-09
clk                                    0.58857
xxdut.qbar                             1.49158
xxdut.mid1                             2.80226
xxdut.mid2                             3.32073
vt7#branch                                   0
vt6#branch                                   0
vt5#branch                                   0
vt4#branch                                   0
vt3#branch                                   0
vt2#branch                                   0
vt1#branch                                   0
vt0#branch                                   0
vdd#branch                         -0.00101446

 Reference value :  0.00000e+00
 Reference value :  6.56659e-08
 Reference value :  1.37208e-07
 Reference value :  1.87232e-07
 Reference value :  2.29721e-07
 Reference value :  2.71606e-07
 Reference value :  3.11911e-07
 Reference value :  3.56995e-07
 Reference value :  4.03319e-07
 Reference value :  4.47528e-07
 Reference value :  5.12075e-07
 Reference value :  5.64387e-07
 Reference value :  6.11782e-07
 Reference value :  6.53591e-07
 Reference value :  6.98175e-07
 Reference value :  7.43847e-07
 Reference value :  8.06036e-07
 Reference value :  8.70602e-07
 Reference value :  9.30002e-07
 Reference value :  9.76253e-07
 Reference value :  1.02305e-06
 Reference value :  1.07009e-06
 Reference value :  1.12448e-06
No. of Data Rows : 6493
ta                  =  6.42243e-08
tb                  =  3.62558e-07
ta = 6.422431e-08
tb = 3.625583e-07
period = 1.491670e-08
fosc = 6.703896e+07
ngspice-46 done

Warning: m=xx on .subckt line will override multiplier m hierarchy!

Note: Starting dynamic gmin stepping
Note: Dynamic gmin stepping completed
