====================================================================
gf180-rcosc PVT corner run: fs_T+027C_V3p3_code0x80
run id      : 20260922T010039Z
process     : fs (fets=fs res=res_typical mimcap=mimcap_typical)
temperature : 27 C
supply      : 3.3 V
trim code   : 0x80 (128)
transient   : tran 200p 1200n, f = 20 periods / (t[rise=25] - t[rise=5])
wall clock  : 56.2 s
exit status : 0
====================================================================

Note: Compatibility modes selected: hs a


Circuit: ** sch_path: /users/rwalters/github/gf180-rcosc/.loom/worktrees/issue-51/design/pvt_tb.sch

Doing analysis at TEMP = 27.000000 and TNOM = 27.000000

Using SPARSE 1.3 as Direct Linear Solver

Initial Transient Solution
--------------------------

Node                                   Voltage
----                                   -------
vdd                                        3.3
xxdut.xxbias.xrba.11                   3.29907
xxdut.xxbias.xrba.21                   2.20093
xxdut.vh                                   2.2
xxdut.xxbias.xrbb.11                   2.19907
xxdut.xxbias.xrbb.21                   1.10093
xxdut.vl                                   1.1
xxdut.xxbias.xrbc.11                   1.09907
xxdut.xxbias.xrbc.21               0.000925394
xxdut.ibias                           0.887939
xxdut.xxbias.pb                        1.97697
xxdut.xxbias.n2s                      0.171667
xxdut.xxbias.xrz.11                   0.171218
xxdut.xxbias.xrz.21                  0.0004497
xxdut.xxtrim.xrfix.11                  3.29921
xxdut.xxtrim.xrfix.21                  3.13741
xxdut.xxtrim.c1                        3.13662
xxdut.xxtrim.xr0.11                    3.13583
xxdut.xxtrim.xr0.21                    3.12879
xxdut.xxtrim.c2                        3.12799
t0                                           0
xxdut.xxtrim.tb0                           3.3
xxdut.xxtrim.xr1.11                     3.1272
xxdut.xxtrim.xr1.21                    3.11312
xxdut.xxtrim.c3                        3.11233
t1                                           0
xxdut.xxtrim.tb1                           3.3
xxdut.xxtrim.xr2.11                    3.11154
xxdut.xxtrim.xr2.21                    3.08338
xxdut.xxtrim.c4                        3.08259
t2                                           0
xxdut.xxtrim.tb2                           3.3
xxdut.xxtrim.xr3.11                    3.08179
xxdut.xxtrim.xr3.21                    3.02548
xxdut.xxtrim.c5                        3.02469
t3                                           0
xxdut.xxtrim.tb3                           3.3
xxdut.xxtrim.xr4.11                     3.0239
xxdut.xxtrim.xr4.21                    2.91127
xxdut.xxtrim.c6                        2.91047
t4                                           0
xxdut.xxtrim.tb4                           3.3
xxdut.xxtrim.xr5.11                    2.90968
xxdut.xxtrim.xr5.21                    2.68442
xxdut.xxtrim.c7                        2.68363
t5                                           0
xxdut.xxtrim.tb5                           3.3
xxdut.xxtrim.xr6.11                    2.68283
xxdut.xxtrim.xr6.21                    2.23231
xxdut.xxtrim.c8                        2.23152
t6                                           0
xxdut.xxtrim.tb6                           3.3
xxdut.xxtrim.xr7.11                     2.2315
xxdut.xxtrim.xr7.21                    2.20441
xxdut.vc                               2.20438
t7                                         3.3
xxdut.xxtrim.tb7                   3.91074e-09
xxdut.xxcmph.tail                      1.01841
xxdut.xxcmph.dp                        1.36346
xxdut.xxcmph.dn                        1.46268
xxdut.cmph_out                          1.2957
xxdut.xxcmpl.tail                     0.805926
xxdut.xxcmpl.dp                            3.3
xxdut.xxcmpl.dn                        1.01929
xxdut.cmpl_out                     3.91074e-09
clk                                   0.637145
xxdut.qbar                             1.25165
xxdut.mid1                             2.72836
xxdut.mid2                             3.09618
vt7#branch                                   0
vt6#branch                                   0
vt5#branch                                   0
vt4#branch                                   0
vt3#branch                                   0
vt2#branch                                   0
vt1#branch                                   0
vt0#branch                                   0
vdd#branch                        -0.000605772

 Reference value :  0.00000e+00
 Reference value :  4.57494e-08
 Reference value :  9.17178e-08
 Reference value :  1.45812e-07
 Reference value :  1.96418e-07
 Reference value :  2.53464e-07
 Reference value :  3.43137e-07
 Reference value :  4.31568e-07
 Reference value :  4.95817e-07
 Reference value :  5.49652e-07
 Reference value :  6.03027e-07
 Reference value :  6.54540e-07
 Reference value :  7.05463e-07
 Reference value :  7.66449e-07
 Reference value :  8.22941e-07
 Reference value :  8.80336e-07
 Reference value :  9.38062e-07
 Reference value :  9.95033e-07
 Reference value :  1.06083e-06
 Reference value :  1.11300e-06
 Reference value :  1.17123e-06
No. of Data Rows : 6383
ta                  =  1.04296e-07
tb                  =  5.82721e-07
ta = 1.042961e-07
tb = 5.827212e-07
period = 2.392125e-08
fosc = 4.180383e+07
ngspice-46 done

Warning: m=xx on .subckt line will override multiplier m hierarchy!

Note: Starting dynamic gmin stepping
Note: Dynamic gmin stepping completed
