====================================================================
gf180-rcosc PVT corner run: fs_T+027C_V3p3_code0x8F
run id      : 20260922T010039Z
process     : fs (fets=fs res=res_typical mimcap=mimcap_typical)
temperature : 27 C
supply      : 3.3 V
trim code   : 0x8F (143)
transient   : tran 200p 1200n, f = 20 periods / (t[rise=25] - t[rise=5])
wall clock  : 10.4 s
exit status : 0
====================================================================

Note: Compatibility modes selected: hs a


Circuit: ** sch_path: /users/rwalters/github/gf180-rcosc/.loom/worktrees/issue-51/design/pvt_tb.sch

Doing analysis at TEMP = 27.000000 and TNOM = 27.000000

Using SPARSE 1.3 as Direct Linear Solver

Initial Transient Solution
--------------------------

Node                                   Voltage
----                                   -------
vdd                                        3.3
xxdut.xxbias.xrba.11                   3.29907
xxdut.xxbias.xrba.21                   2.20093
xxdut.vh                                   2.2
xxdut.xxbias.xrbb.11                   2.19907
xxdut.xxbias.xrbb.21                   1.10093
xxdut.vl                                   1.1
xxdut.xxbias.xrbc.11                   1.09907
xxdut.xxbias.xrbc.21               0.000925394
xxdut.ibias                           0.887939
xxdut.xxbias.pb                        1.97697
xxdut.xxbias.n2s                      0.171667
xxdut.xxbias.xrz.11                   0.171218
xxdut.xxbias.xrz.21                  0.0004497
xxdut.xxtrim.xrfix.11                  3.29914
xxdut.xxtrim.xrfix.21                  3.12311
xxdut.xxtrim.c1                        3.12224
xxdut.xxtrim.xr0.11                    3.12197
xxdut.xxtrim.xr0.21                    3.11956
xxdut.xxtrim.c2                        3.11929
t0                                         3.3
xxdut.xxtrim.tb0                   3.91074e-09
xxdut.xxtrim.xr1.11                    3.11905
xxdut.xxtrim.xr1.21                    3.11483
xxdut.xxtrim.c3                        3.11459
t1                                         3.3
xxdut.xxtrim.tb1                   3.91074e-09
xxdut.xxtrim.xr2.11                    3.11441
xxdut.xxtrim.xr2.21                    3.10793
xxdut.xxtrim.c4                        3.10775
t2                                         3.3
xxdut.xxtrim.tb2                   3.91074e-09
xxdut.xxtrim.xr3.11                     3.1076
xxdut.xxtrim.xr3.21                    3.09707
xxdut.xxtrim.c5                        3.09692
t3                                         3.3
xxdut.xxtrim.tb3                   3.91074e-09
xxdut.xxtrim.xr4.11                    3.09606
xxdut.xxtrim.xr4.21                    2.97352
xxdut.xxtrim.c6                        2.97266
t4                                           0
xxdut.xxtrim.tb4                           3.3
xxdut.xxtrim.xr5.11                    2.97179
xxdut.xxtrim.xr5.21                    2.72672
xxdut.xxtrim.c7                        2.72585
t5                                           0
xxdut.xxtrim.tb5                           3.3
xxdut.xxtrim.xr6.11                    2.72499
xxdut.xxtrim.xr6.21                    2.23484
xxdut.xxtrim.c8                        2.23397
t6                                           0
xxdut.xxtrim.tb6                           3.3
xxdut.xxtrim.xr7.11                    2.23395
xxdut.xxtrim.xr7.21                    2.20441
xxdut.vc                               2.20438
t7                                         3.3
xxdut.xxtrim.tb7                   3.91074e-09
xxdut.xxcmph.tail                      1.01841
xxdut.xxcmph.dp                        1.36348
xxdut.xxcmph.dn                        1.46268
xxdut.cmph_out                         1.29442
xxdut.xxcmpl.tail                     0.805926
xxdut.xxcmpl.dp                            3.3
xxdut.xxcmpl.dn                        1.01929
xxdut.cmpl_out                     3.91074e-09
clk                                   0.642275
xxdut.qbar                             1.25138
xxdut.mid1                              2.7314
xxdut.mid2                             3.09612
vt7#branch                                   0
vt6#branch                                   0
vt5#branch                                   0
vt4#branch                                   0
vt3#branch                                   0
vt2#branch                                   0
vt1#branch                                   0
vt0#branch                                   0
vdd#branch                        -0.000607245

 Reference value :  0.00000e+00
 Reference value :  4.62125e-08
 Reference value :  9.64900e-08
 Reference value :  1.42558e-07
 Reference value :  1.92622e-07
 Reference value :  2.43318e-07
 Reference value :  2.92809e-07
 Reference value :  3.41632e-07
 Reference value :  3.95647e-07
 Reference value :  4.54317e-07
 Reference value :  5.01534e-07
 Reference value :  5.50671e-07
 Reference value :  6.05645e-07
 Reference value :  6.53579e-07
 Reference value :  7.00772e-07
 Reference value :  7.51532e-07
 Reference value :  8.07093e-07
 Reference value :  8.56614e-07
 Reference value :  9.12020e-07
 Reference value :  9.66054e-07
 Reference value :  1.01922e-06
 Reference value :  1.07508e-06
 Reference value :  1.12391e-06
 Reference value :  1.17730e-06
No. of Data Rows : 6307
ta                  =  9.70409e-08
tb                  =  5.41628e-07
ta = 9.704094e-08
tb = 5.416285e-07
period = 2.222938e-08
fosc = 4.498551e+07
ngspice-46 done

Warning: m=xx on .subckt line will override multiplier m hierarchy!

Note: Starting dynamic gmin stepping
Note: Dynamic gmin stepping completed
