====================================================================
gf180-rcosc PVT corner run: fs_T+085C_V3p6_code0x9D
run id      : 20260922T010039Z
process     : fs (fets=fs res=res_typical mimcap=mimcap_typical)
temperature : 85 C
supply      : 3.6 V
trim code   : 0x9D (157)
transient   : tran 200p 1200n, f = 20 periods / (t[rise=25] - t[rise=5])
wall clock  : 74.1 s
exit status : 0
====================================================================

Note: Compatibility modes selected: hs a


Circuit: ** sch_path: /users/rwalters/github/gf180-rcosc/.loom/worktrees/issue-51/design/pvt_tb.sch

Doing analysis at TEMP = 85.000000 and TNOM = 27.000000

Using SPARSE 1.3 as Direct Linear Solver

Initial Transient Solution
--------------------------

Node                                   Voltage
----                                   -------
vdd                                        3.6
xxdut.xxbias.xrba.11                   3.59927
xxdut.xxbias.xrba.21                   2.40073
xxdut.vh                                   2.4
xxdut.xxbias.xrbb.11                   2.39927
xxdut.xxbias.xrbb.21                   1.20073
xxdut.vl                                   1.2
xxdut.xxbias.xrbc.11                   1.19927
xxdut.xxbias.xrbc.21                0.00072864
xxdut.ibias                           0.921021
xxdut.xxbias.pb                        2.20833
xxdut.xxbias.n2s                      0.220506
xxdut.xxbias.xrz.11                   0.220089
xxdut.xxbias.xrz.21                0.000417334
xxdut.xxtrim.xrfix.11                  3.59926
xxdut.xxtrim.xrfix.21                  3.38921
xxdut.xxtrim.c1                        3.38846
xxdut.xxtrim.xr0.11                     3.3882
xxdut.xxtrim.xr0.21                      3.385
xxdut.xxtrim.c2                        3.38474
t0                                         3.6
xxdut.xxtrim.tb0                   5.24229e-09
xxdut.xxtrim.xr1.11                      3.384
xxdut.xxtrim.xr1.21                    3.36573
xxdut.xxtrim.c3                        3.36498
t1                                           0
xxdut.xxtrim.tb1                           3.6
xxdut.xxtrim.xr2.11                    3.36481
xxdut.xxtrim.xr2.21                    3.35629
xxdut.xxtrim.c4                        3.35612
t2                                         3.6
xxdut.xxtrim.tb2                   5.24229e-09
xxdut.xxtrim.xr3.11                    3.35598
xxdut.xxtrim.xr3.21                    3.34213
xxdut.xxtrim.c5                        3.34199
t3                                         3.6
xxdut.xxtrim.tb3                   5.24229e-09
xxdut.xxtrim.xr4.11                    3.34189
xxdut.xxtrim.xr4.21                    3.32186
xxdut.xxtrim.c6                        3.32175
t4                                         3.6
xxdut.xxtrim.tb4                   5.24229e-09
xxdut.xxtrim.xr5.11                    3.32101
xxdut.xxtrim.xr5.21                    3.02857
xxdut.xxtrim.c7                        3.02783
t5                                           0
xxdut.xxtrim.tb5                           3.6
xxdut.xxtrim.xr6.11                    3.02708
xxdut.xxtrim.xr6.21                     2.4422
xxdut.xxtrim.c8                        2.44146
t6                                           0
xxdut.xxtrim.tb6                           3.6
xxdut.xxtrim.xr7.11                    2.44144
xxdut.xxtrim.xr7.21                    2.40755
xxdut.vc                               2.40753
t7                                         3.6
xxdut.xxtrim.tb7                   5.24229e-09
xxdut.xxcmph.tail                      1.14322
xxdut.xxcmph.dp                        1.49789
xxdut.xxcmph.dn                        1.54295
xxdut.cmph_out                         1.41513
xxdut.xxcmpl.tail                     0.749999
xxdut.xxcmpl.dp                        3.59999
xxdut.xxcmpl.dn                       0.973294
xxdut.cmpl_out                     5.24228e-09
clk                                   0.603426
xxdut.qbar                             1.36849
xxdut.mid1                             2.89912
xxdut.mid2                             3.34504
vt7#branch                                   0
vt6#branch                                   0
vt5#branch                                   0
vt4#branch                                   0
vt3#branch                                   0
vt2#branch                                   0
vt1#branch                                   0
vt0#branch                                   0
vdd#branch                        -0.000756101

 Reference value :  0.00000e+00
 Reference value :  4.48515e-08
 Reference value :  8.78655e-08
 Reference value :  1.34762e-07
 Reference value :  1.86571e-07
 Reference value :  2.37544e-07
 Reference value :  3.00727e-07
 Reference value :  3.61954e-07
 Reference value :  4.28257e-07
 Reference value :  4.83649e-07
 Reference value :  5.39252e-07
 Reference value :  5.92798e-07
 Reference value :  6.52687e-07
 Reference value :  7.23393e-07
 Reference value :  8.10543e-07
 Reference value :  9.07353e-07
 Reference value :  9.63291e-07
 Reference value :  1.02095e-06
 Reference value :  1.08149e-06
 Reference value :  1.14509e-06
No. of Data Rows : 6309
ta                  =  8.32205e-08
tb                  =  4.78465e-07
ta = 8.322052e-08
tb = 4.784649e-07
period = 1.976222e-08
fosc = 5.060161e+07
ngspice-46 done

Warning: m=xx on .subckt line will override multiplier m hierarchy!

Note: Starting dynamic gmin stepping
Note: Dynamic gmin stepping completed
