====================================================================
gf180-rcosc PVT corner run: rc_f_T-040C_V3p6_code0x58
run id      : 20260922T010039Z
process     : rc_f (fets=typical res=res_ff mimcap=mimcap_ff)
temperature : -40 C
supply      : 3.6 V
trim code   : 0x58 (88)
transient   : tran 200p 1200n, f = 20 periods / (t[rise=25] - t[rise=5])
wall clock  : 59.9 s
exit status : 0
====================================================================

Note: Compatibility modes selected: hs a


Circuit: ** sch_path: /users/rwalters/github/gf180-rcosc/.loom/worktrees/issue-51/design/pvt_tb.sch

Doing analysis at TEMP = -40.000000 and TNOM = 27.000000

Using SPARSE 1.3 as Direct Linear Solver

Initial Transient Solution
--------------------------

Node                                   Voltage
----                                   -------
vdd                                        3.6
xxdut.xxbias.xrba.11                   3.59798
xxdut.xxbias.xrba.21                   2.40202
xxdut.vh                                   2.4
xxdut.xxbias.xrbb.11                   2.39798
xxdut.xxbias.xrbb.21                   1.20202
xxdut.vl                                   1.2
xxdut.xxbias.xrbc.11                   1.19798
xxdut.xxbias.xrbc.21                0.00201975
xxdut.ibias                             1.0062
xxdut.xxbias.pb                        2.35586
xxdut.xxbias.n2s                      0.150076
xxdut.xxbias.xrz.11                   0.149292
xxdut.xxbias.xrz.21                0.000783756
xxdut.xxtrim.xrfix.11                  3.59864
xxdut.xxtrim.xrfix.21                  3.46026
xxdut.xxtrim.c1                        3.45891
xxdut.xxtrim.xr0.11                    3.45755
xxdut.xxtrim.xr0.21                    3.45153
xxdut.xxtrim.c2                        3.45017
t0                                           0
xxdut.xxtrim.tb0                           3.6
xxdut.xxtrim.xr1.11                    3.44881
xxdut.xxtrim.xr1.21                    3.43677
xxdut.xxtrim.c3                        3.43541
t1                                           0
xxdut.xxtrim.tb1                           3.6
xxdut.xxtrim.xr2.11                    3.43405
xxdut.xxtrim.xr2.21                    3.40997
xxdut.xxtrim.c4                        3.40861
t2                                           0
xxdut.xxtrim.tb2                           3.6
xxdut.xxtrim.xr3.11                    3.40841
xxdut.xxtrim.xr3.21                    3.40138
xxdut.xxtrim.c5                        3.40119
t3                                         3.6
xxdut.xxtrim.tb3                   3.89245e-09
xxdut.xxtrim.xr4.11                    3.40104
xxdut.xxtrim.xr4.21                     3.3909
xxdut.xxtrim.c6                        3.39076
t4                                         3.6
xxdut.xxtrim.tb4                   3.89245e-09
xxdut.xxtrim.xr5.11                     3.3894
xxdut.xxtrim.xr5.21                    3.19674
xxdut.xxtrim.c7                        3.19538
t5                                           0
xxdut.xxtrim.tb5                           3.6
xxdut.xxtrim.xr6.11                    3.19532
xxdut.xxtrim.xr6.21                    3.17746
xxdut.xxtrim.c8                        3.17739
t6                                         3.6
xxdut.xxtrim.tb6                   3.89245e-09
xxdut.xxtrim.xr7.11                    3.17604
xxdut.xxtrim.xr7.21                    2.40542
xxdut.vc                               2.40406
t7                                           0
xxdut.xxtrim.tb7                           3.6
xxdut.xxcmph.tail                      1.08666
xxdut.xxcmph.dp                        1.61212
xxdut.xxcmph.dn                        1.91096
xxdut.cmph_out                         1.54802
xxdut.xxcmpl.tail                     0.985468
xxdut.xxcmpl.dp                            3.6
xxdut.xxcmpl.dn                        1.52252
xxdut.cmpl_out                     3.89245e-09
clk                                   0.781726
xxdut.qbar                             1.48292
xxdut.mid1                             2.95553
xxdut.mid2                             3.37861
vt7#branch                                   0
vt6#branch                                   0
vt5#branch                                   0
vt4#branch                                   0
vt3#branch                                   0
vt2#branch                                   0
vt1#branch                                   0
vt0#branch                                   0
vdd#branch                        -0.000789997

 Reference value :  0.00000e+00
 Reference value :  3.86320e-08
 Reference value :  7.97762e-08
 Reference value :  1.22095e-07
 Reference value :  1.63567e-07
 Reference value :  2.06085e-07
 Reference value :  2.49476e-07
 Reference value :  2.93993e-07
 Reference value :  3.35681e-07
 Reference value :  3.80572e-07
 Reference value :  4.26130e-07
 Reference value :  4.73127e-07
 Reference value :  5.15956e-07
 Reference value :  5.58571e-07
 Reference value :  6.04408e-07
 Reference value :  6.52448e-07
 Reference value :  7.00544e-07
 Reference value :  7.45574e-07
 Reference value :  7.91878e-07
 Reference value :  8.37111e-07
 Reference value :  8.85151e-07
 Reference value :  9.34744e-07
 Reference value :  9.82623e-07
 Reference value :  1.02663e-06
 Reference value :  1.07231e-06
 Reference value :  1.11923e-06
 Reference value :  1.16518e-06
No. of Data Rows : 6412
ta                  =  9.14833e-08
tb                  =  5.15609e-07
ta = 9.148333e-08
tb = 5.156085e-07
period = 2.120626e-08
fosc = 4.715589e+07
ngspice-46 done

Warning: m=xx on .subckt line will override multiplier m hierarchy!

Note: Starting dynamic gmin stepping
Warning: Dynamic gmin stepping failed
Note: Starting true gmin stepping
Note: True gmin stepping completed
