====================================================================
gf180-rcosc PVT corner run: rc_f_T+085C_V3p3_code0x9D
run id      : 20260922T010039Z
process     : rc_f (fets=typical res=res_ff mimcap=mimcap_ff)
temperature : 85 C
supply      : 3.3 V
trim code   : 0x9D (157)
transient   : tran 200p 1200n, f = 20 periods / (t[rise=25] - t[rise=5])
wall clock  : 75.7 s
exit status : 0
====================================================================

Note: Compatibility modes selected: hs a


Circuit: ** sch_path: /users/rwalters/github/gf180-rcosc/.loom/worktrees/issue-51/design/pvt_tb.sch

Doing analysis at TEMP = 85.000000 and TNOM = 27.000000

Using SPARSE 1.3 as Direct Linear Solver

Initial Transient Solution
--------------------------

Node                                   Voltage
----                                   -------
vdd                                        3.3
xxdut.xxbias.xrba.11                   3.29917
xxdut.xxbias.xrba.21                   2.20083
xxdut.vh                                   2.2
xxdut.xxbias.xrbb.11                   2.19917
xxdut.xxbias.xrbb.21                   1.10083
xxdut.vl                                   1.1
xxdut.xxbias.xrbc.11                   1.09917
xxdut.xxbias.xrbc.21               0.000834647
xxdut.ibias                            1.06554
xxdut.xxbias.pb                        1.93549
xxdut.xxbias.n2s                      0.243968
xxdut.xxbias.xrz.11                   0.243391
xxdut.xxbias.xrz.21                0.000576626
xxdut.xxtrim.xrfix.11                  3.29914
xxdut.xxtrim.xrfix.21                  3.10469
xxdut.xxtrim.c1                        3.10383
xxdut.xxtrim.xr0.11                     3.1035
xxdut.xxtrim.xr0.21                     3.1002
xxdut.xxtrim.c2                        3.09986
t0                                         3.3
xxdut.xxtrim.tb0                   5.19822e-09
xxdut.xxtrim.xr1.11                      3.099
xxdut.xxtrim.xr1.21                    3.08209
xxdut.xxtrim.c3                        3.08123
t1                                           0
xxdut.xxtrim.tb1                           3.3
xxdut.xxtrim.xr2.11                    3.08099
xxdut.xxtrim.xr2.21                    3.07186
xxdut.xxtrim.c4                        3.07163
t2                                         3.3
xxdut.xxtrim.tb2                   5.19822e-09
xxdut.xxtrim.xr3.11                    3.07144
xxdut.xxtrim.xr3.21                     3.0564
xxdut.xxtrim.c5                        3.05621
t3                                         3.3
xxdut.xxtrim.tb3                   5.19822e-09
xxdut.xxtrim.xr4.11                    3.05607
xxdut.xxtrim.xr4.21                    3.03399
xxdut.xxtrim.c6                        3.03385
t4                                         3.3
xxdut.xxtrim.tb4                   5.19822e-09
xxdut.xxtrim.xr5.11                    3.03299
xxdut.xxtrim.xr5.21                    2.76227
xxdut.xxtrim.c7                        2.76141
t5                                           0
xxdut.xxtrim.tb5                           3.3
xxdut.xxtrim.xr6.11                    2.76055
xxdut.xxtrim.xr6.21                    2.21911
xxdut.xxtrim.c8                        2.21825
t6                                           0
xxdut.xxtrim.tb6                           3.3
xxdut.xxtrim.xr7.11                    2.21821
xxdut.xxtrim.xr7.21                    2.16965
xxdut.vc                               2.16961
t7                                         3.3
xxdut.xxtrim.tb7                   5.19822e-09
xxdut.xxcmph.tail                     0.840506
xxdut.xxcmph.dp                        1.48307
xxdut.xxcmph.dn                        1.20603
xxdut.cmph_out                         1.41057
xxdut.xxcmpl.tail                      0.38268
xxdut.xxcmpl.dp                        3.29374
xxdut.xxcmpl.dn                       0.627364
xxdut.cmpl_out                     5.23019e-09
clk                                   0.698357
xxdut.qbar                             1.36391
xxdut.mid1                             2.69099
xxdut.mid2                             3.09099
vt7#branch                                   0
vt6#branch                                   0
vt5#branch                                   0
vt4#branch                                   0
vt3#branch                                   0
vt2#branch                                   0
vt1#branch                                   0
vt0#branch                                   0
vdd#branch                        -0.000754758

 Reference value :  0.00000e+00
 Reference value :  7.01246e-08
 Reference value :  1.21232e-07
 Reference value :  1.66820e-07
 Reference value :  2.14360e-07
 Reference value :  2.61733e-07
 Reference value :  3.09918e-07
 Reference value :  3.73307e-07
 Reference value :  4.43180e-07
 Reference value :  5.01397e-07
 Reference value :  5.65612e-07
 Reference value :  6.25944e-07
 Reference value :  6.71875e-07
 Reference value :  7.32813e-07
 Reference value :  7.95541e-07
 Reference value :  8.55204e-07
 Reference value :  9.02306e-07
 Reference value :  9.48302e-07
 Reference value :  9.98049e-07
 Reference value :  1.05472e-06
 Reference value :  1.10402e-06
 Reference value :  1.15849e-06
No. of Data Rows : 6323
ta                  =  7.15571e-08
tb                  =  3.88020e-07
ta = 7.155711e-08
tb = 3.880197e-07
period = 1.582313e-08
fosc = 6.319862e+07
ngspice-46 done

Warning: m=xx on .subckt line will override multiplier m hierarchy!

Note: Starting dynamic gmin stepping
Note: Dynamic gmin stepping completed
