====================================================================
gf180-rcosc PVT corner run: rc_f_T+027C_V3p0_code0x2D
run id      : 20260922T010039Z
process     : rc_f (fets=typical res=res_ff mimcap=mimcap_ff)
temperature : 27 C
supply      : 3 V
trim code   : 0x2D (45)
transient   : tran 200p 1200n, f = 20 periods / (t[rise=25] - t[rise=5])
wall clock  : 51.5 s
exit status : 0
====================================================================

Note: Compatibility modes selected: hs a


Circuit: ** sch_path: /users/rwalters/github/gf180-rcosc/.loom/worktrees/issue-51/design/pvt_tb.sch

Doing analysis at TEMP = 27.000000 and TNOM = 27.000000

Using SPARSE 1.3 as Direct Linear Solver

Initial Transient Solution
--------------------------

Node                                   Voltage
----                                   -------
vdd                                          3
xxdut.xxbias.xrba.11                   2.99895
xxdut.xxbias.xrba.21                   2.00105
xxdut.vh                                     2
xxdut.xxbias.xrbb.11                   1.99895
xxdut.xxbias.xrbb.21                   1.00105
xxdut.vl                                     1
xxdut.xxbias.xrbc.11                  0.998949
xxdut.xxbias.xrbc.21                0.00105114
xxdut.ibias                            1.00498
xxdut.xxbias.pb                        1.73323
xxdut.xxbias.n2s                      0.181899
xxdut.xxbias.xrz.11                   0.181305
xxdut.xxbias.xrz.21                 0.00059485
xxdut.xxtrim.xrfix.11                  2.99941
xxdut.xxtrim.xrfix.21                  2.90345
xxdut.xxtrim.c1                        2.90286
xxdut.xxtrim.xr0.11                    2.90266
xxdut.xxtrim.xr0.21                    2.90122
xxdut.xxtrim.c2                        2.90101
t0                                           3
xxdut.xxtrim.tb0                   3.84915e-09
xxdut.xxtrim.xr1.11                    2.90042
xxdut.xxtrim.xr1.21                    2.89207
xxdut.xxtrim.c3                        2.89149
t1                                           0
xxdut.xxtrim.tb1                             3
xxdut.xxtrim.xr2.11                    2.89135
xxdut.xxtrim.xr2.21                    2.88732
xxdut.xxtrim.c4                        2.88718
t2                                           3
xxdut.xxtrim.tb2                   3.84915e-09
xxdut.xxtrim.xr3.11                    2.88706
xxdut.xxtrim.xr3.21                    2.88045
xxdut.xxtrim.c5                        2.88033
t3                                           3
xxdut.xxtrim.tb3                   3.84915e-09
xxdut.xxtrim.xr4.11                    2.87974
xxdut.xxtrim.xr4.21                    2.81294
xxdut.xxtrim.c6                        2.81235
t4                                           0
xxdut.xxtrim.tb4                             3
xxdut.xxtrim.xr5.11                     2.8123
xxdut.xxtrim.xr5.21                    2.79954
xxdut.xxtrim.c7                        2.79949
t5                                           3
xxdut.xxtrim.tb5                   3.84915e-09
xxdut.xxtrim.xr6.11                     2.7989
xxdut.xxtrim.xr6.21                    2.53169
xxdut.xxtrim.c8                         2.5311
t6                                           0
xxdut.xxtrim.tb6                             3
xxdut.xxtrim.xr7.11                    2.53051
xxdut.xxtrim.xr7.21                    1.99609
xxdut.vc                                1.9955
t7                                           0
xxdut.xxtrim.tb7                             3
xxdut.xxcmph.tail                     0.754691
xxdut.xxcmph.dp                          1.344
xxdut.xxcmph.dn                        1.18858
xxdut.cmph_out                         1.29274
xxdut.xxcmpl.tail                     0.496224
xxdut.xxcmpl.dp                              3
xxdut.xxcmpl.dn                       0.719339
xxdut.cmpl_out                     3.84915e-09
clk                                   0.702459
xxdut.qbar                             1.25416
xxdut.mid1                             2.50372
xxdut.mid2                             2.84322
vt7#branch                                   0
vt6#branch                                   0
vt5#branch                                   0
vt4#branch                                   0
vt3#branch                                   0
vt2#branch                                   0
vt1#branch                                   0
vt0#branch                                   0
vdd#branch                        -0.000562465

 Reference value :  0.00000e+00
 Reference value :  4.82488e-08
 Reference value :  9.50021e-08
 Reference value :  1.56350e-07
 Reference value :  2.42976e-07
 Reference value :  3.31437e-07
 Reference value :  3.99868e-07
 Reference value :  4.51514e-07
 Reference value :  5.02946e-07
 Reference value :  5.65114e-07
 Reference value :  6.56054e-07
 Reference value :  7.47251e-07
 Reference value :  8.31936e-07
 Reference value :  9.05149e-07
 Reference value :  9.55765e-07
 Reference value :  1.01161e-06
 Reference value :  1.10092e-06
 Reference value :  1.18735e-06
No. of Data Rows : 6244
ta                  =  1.03811e-07
tb                  =  6.03071e-07
ta = 1.038113e-07
tb = 6.030706e-07
period = 2.496296e-08
fosc = 4.005934e+07
ngspice-46 done

Warning: m=xx on .subckt line will override multiplier m hierarchy!

Note: Starting dynamic gmin stepping
Note: Dynamic gmin stepping completed
