====================================================================
gf180-rcosc PVT corner run: rc_f_T-040C_V3p6_code0x80
run id      : 20260922T010039Z
process     : rc_f (fets=typical res=res_ff mimcap=mimcap_ff)
temperature : -40 C
supply      : 3.6 V
trim code   : 0x80 (128)
transient   : tran 200p 1200n, f = 20 periods / (t[rise=25] - t[rise=5])
wall clock  : 54.7 s
exit status : 0
====================================================================

Note: Compatibility modes selected: hs a


Circuit: ** sch_path: /users/rwalters/github/gf180-rcosc/.loom/worktrees/issue-51/design/pvt_tb.sch

Doing analysis at TEMP = -40.000000 and TNOM = 27.000000

Using SPARSE 1.3 as Direct Linear Solver

Initial Transient Solution
--------------------------

Node                                   Voltage
----                                   -------
vdd                                        3.6
xxdut.xxbias.xrba.11                   3.59798
xxdut.xxbias.xrba.21                   2.40202
xxdut.vh                                   2.4
xxdut.xxbias.xrbb.11                   2.39798
xxdut.xxbias.xrbb.21                   1.20202
xxdut.vl                                   1.2
xxdut.xxbias.xrbc.11                   1.19798
xxdut.xxbias.xrbc.21                0.00201975
xxdut.ibias                             1.0062
xxdut.xxbias.pb                        2.35586
xxdut.xxbias.n2s                      0.150076
xxdut.xxbias.xrz.11                   0.149292
xxdut.xxbias.xrz.21                0.000783756
xxdut.xxtrim.xrfix.11                  3.59828
xxdut.xxtrim.xrfix.21                   3.4234
xxdut.xxtrim.c1                        3.42169
xxdut.xxtrim.xr0.11                    3.41997
xxdut.xxtrim.xr0.21                    3.41236
xxdut.xxtrim.c2                        3.41064
t0                                           0
xxdut.xxtrim.tb0                           3.6
xxdut.xxtrim.xr1.11                    3.40893
xxdut.xxtrim.xr1.21                    3.39371
xxdut.xxtrim.c3                        3.39199
t1                                           0
xxdut.xxtrim.tb1                           3.6
xxdut.xxtrim.xr2.11                    3.39028
xxdut.xxtrim.xr2.21                    3.35984
xxdut.xxtrim.c4                        3.35812
t2                                           0
xxdut.xxtrim.tb2                           3.6
xxdut.xxtrim.xr3.11                    3.35641
xxdut.xxtrim.xr3.21                    3.29554
xxdut.xxtrim.c5                        3.29382
t3                                           0
xxdut.xxtrim.tb3                           3.6
xxdut.xxtrim.xr4.11                     3.2921
xxdut.xxtrim.xr4.21                    3.17037
xxdut.xxtrim.c6                        3.16865
t4                                           0
xxdut.xxtrim.tb4                           3.6
xxdut.xxtrim.xr5.11                    3.16693
xxdut.xxtrim.xr5.21                    2.92346
xxdut.xxtrim.c7                        2.92174
t5                                           0
xxdut.xxtrim.tb5                           3.6
xxdut.xxtrim.xr6.11                    2.92002
xxdut.xxtrim.xr6.21                    2.43307
xxdut.xxtrim.c8                        2.43136
t6                                           0
xxdut.xxtrim.tb6                           3.6
xxdut.xxtrim.xr7.11                    2.43131
xxdut.xxtrim.xr7.21                     2.4041
xxdut.vc                               2.40406
t7                                         3.6
xxdut.xxtrim.tb7                   3.89245e-09
xxdut.xxcmph.tail                      1.08666
xxdut.xxcmph.dp                        1.61217
xxdut.xxcmph.dn                        1.91096
xxdut.cmph_out                         1.54501
xxdut.xxcmpl.tail                     0.985468
xxdut.xxcmpl.dp                            3.6
xxdut.xxcmpl.dn                        1.52252
xxdut.cmpl_out                     3.89245e-09
clk                                   0.794514
xxdut.qbar                              1.4825
xxdut.mid1                             2.96339
xxdut.mid2                             3.37854
vt7#branch                                   0
vt6#branch                                   0
vt5#branch                                   0
vt4#branch                                   0
vt3#branch                                   0
vt2#branch                                   0
vt1#branch                                   0
vt0#branch                                   0
vdd#branch                        -0.000794365

 Reference value :  0.00000e+00
 Reference value :  4.62694e-08
 Reference value :  9.94718e-08
 Reference value :  1.49164e-07
 Reference value :  1.98676e-07
 Reference value :  2.47844e-07
 Reference value :  3.03616e-07
 Reference value :  3.53594e-07
 Reference value :  4.11650e-07
 Reference value :  4.68628e-07
 Reference value :  5.26336e-07
 Reference value :  5.81409e-07
 Reference value :  6.36943e-07
 Reference value :  7.13826e-07
 Reference value :  7.79310e-07
 Reference value :  8.30766e-07
 Reference value :  9.01050e-07
 Reference value :  9.85870e-07
 Reference value :  1.04971e-06
 Reference value :  1.09687e-06
 Reference value :  1.14870e-06
No. of Data Rows : 6524
ta                  =  8.30708e-08
tb                  =  4.69570e-07
ta = 8.307077e-08
tb = 4.695701e-07
period = 1.932497e-08
fosc = 5.174653e+07
ngspice-46 done

Warning: m=xx on .subckt line will override multiplier m hierarchy!

Note: Starting dynamic gmin stepping
Note: Dynamic gmin stepping completed
