====================================================================
gf180-rcosc PVT corner run: rc_f_T+027C_V3p0_code0x9D
run id      : 20260922T010039Z
process     : rc_f (fets=typical res=res_ff mimcap=mimcap_ff)
temperature : 27 C
supply      : 3 V
trim code   : 0x9D (157)
transient   : tran 200p 1200n, f = 20 periods / (t[rise=25] - t[rise=5])
wall clock  : 77.4 s
exit status : 0
====================================================================

Note: Compatibility modes selected: hs a


Circuit: ** sch_path: /users/rwalters/github/gf180-rcosc/.loom/worktrees/issue-51/design/pvt_tb.sch

Doing analysis at TEMP = 27.000000 and TNOM = 27.000000

Using SPARSE 1.3 as Direct Linear Solver

Initial Transient Solution
--------------------------

Node                                   Voltage
----                                   -------
vdd                                          3
xxdut.xxbias.xrba.11                   2.99895
xxdut.xxbias.xrba.21                   2.00105
xxdut.vh                                     2
xxdut.xxbias.xrbb.11                   1.99895
xxdut.xxbias.xrbb.21                   1.00105
xxdut.vl                                     1
xxdut.xxbias.xrbc.11                  0.998949
xxdut.xxbias.xrbc.21                0.00105114
xxdut.ibias                            1.00498
xxdut.xxbias.pb                        1.73323
xxdut.xxbias.n2s                      0.181899
xxdut.xxbias.xrz.11                   0.181305
xxdut.xxbias.xrz.21                 0.00059485
xxdut.xxtrim.xrfix.11                  2.99895
xxdut.xxtrim.xrfix.21                  2.82756
xxdut.xxtrim.c1                        2.82651
xxdut.xxtrim.xr0.11                    2.82614
xxdut.xxtrim.xr0.21                    2.82351
xxdut.xxtrim.c2                        2.82314
t0                                           3
xxdut.xxtrim.tb0                   3.84915e-09
xxdut.xxtrim.xr1.11                    2.82209
xxdut.xxtrim.xr1.21                    2.80717
xxdut.xxtrim.c3                        2.80612
t1                                           0
xxdut.xxtrim.tb1                             3
xxdut.xxtrim.xr2.11                    2.80586
xxdut.xxtrim.xr2.21                    2.79846
xxdut.xxtrim.c4                         2.7982
t2                                           3
xxdut.xxtrim.tb2                   3.84915e-09
xxdut.xxtrim.xr3.11                    2.79798
xxdut.xxtrim.xr3.21                    2.78576
xxdut.xxtrim.c5                        2.78555
t3                                           3
xxdut.xxtrim.tb3                   3.84915e-09
xxdut.xxtrim.xr4.11                    2.78539
xxdut.xxtrim.xr4.21                    2.76749
xxdut.xxtrim.c6                        2.76733
t4                                           3
xxdut.xxtrim.tb4                   3.84915e-09
xxdut.xxtrim.xr5.11                    2.76628
xxdut.xxtrim.xr5.21                    2.52766
xxdut.xxtrim.c7                        2.52661
t5                                           0
xxdut.xxtrim.tb5                             3
xxdut.xxtrim.xr6.11                    2.52556
xxdut.xxtrim.xr6.21                    2.04833
xxdut.xxtrim.c8                        2.04728
t6                                           0
xxdut.xxtrim.tb6                             3
xxdut.xxtrim.xr7.11                    2.04722
xxdut.xxtrim.xr7.21                    1.99555
xxdut.vc                                1.9955
t7                                           3
xxdut.xxtrim.tb7                   3.84915e-09
xxdut.xxcmph.tail                     0.754691
xxdut.xxcmph.dp                        1.34415
xxdut.xxcmph.dn                        1.18858
xxdut.cmph_out                         1.28373
xxdut.xxcmpl.tail                     0.496223
xxdut.xxcmpl.dp                              3
xxdut.xxcmpl.dn                       0.719339
xxdut.cmpl_out                     3.84915e-09
clk                                   0.737981
xxdut.qbar                             1.25322
xxdut.mid1                             2.52532
xxdut.mid2                             2.84308
vt7#branch                                   0
vt6#branch                                   0
vt5#branch                                   0
vt4#branch                                   0
vt3#branch                                   0
vt2#branch                                   0
vt1#branch                                   0
vt0#branch                                   0
vdd#branch                         -0.00057229

 Reference value :  0.00000e+00
 Reference value :  5.00243e-08
 Reference value :  1.15039e-07
 Reference value :  1.79754e-07
 Reference value :  2.28506e-07
 Reference value :  2.73359e-07
 Reference value :  3.21614e-07
 Reference value :  3.72197e-07
 Reference value :  4.24663e-07
 Reference value :  4.99495e-07
 Reference value :  5.66615e-07
 Reference value :  6.27369e-07
 Reference value :  6.98560e-07
 Reference value :  7.47707e-07
 Reference value :  7.96150e-07
 Reference value :  8.68477e-07
 Reference value :  9.34514e-07
 Reference value :  9.79854e-07
 Reference value :  1.02643e-06
 Reference value :  1.07280e-06
 Reference value :  1.12267e-06
 Reference value :  1.17137e-06
No. of Data Rows : 6355
ta                  =  7.55954e-08
tb                  =  4.20207e-07
ta = 7.559545e-08
tb = 4.202070e-07
period = 1.723058e-08
fosc = 5.803636e+07
ngspice-46 done

Warning: m=xx on .subckt line will override multiplier m hierarchy!

Note: Starting dynamic gmin stepping
Note: Dynamic gmin stepping completed
