====================================================================
gf180-rcosc PVT corner run: rc_s_T+027C_V3p3_code0xA9
run id      : 20260922T010039Z
process     : rc_s (fets=typical res=res_ss mimcap=mimcap_ss)
temperature : 27 C
supply      : 3.3 V
trim code   : 0xA9 (169)
transient   : tran 200p 1200n, f = 20 periods / (t[rise=25] - t[rise=5])
wall clock  : 3.9 s
exit status : 0
====================================================================

Note: Compatibility modes selected: hs a


Circuit: ** sch_path: /users/rwalters/github/gf180-rcosc/.loom/worktrees/issue-51/design/pvt_tb.sch

Doing analysis at TEMP = 27.000000 and TNOM = 27.000000

Using SPARSE 1.3 as Direct Linear Solver

Initial Transient Solution
--------------------------

Node                                   Voltage
----                                   -------
vdd                                        3.3
xxdut.xxbias.xrba.11                   3.29923
xxdut.xxbias.xrba.21                   2.20077
xxdut.vh                                   2.2
xxdut.xxbias.xrbb.11                   2.19923
xxdut.xxbias.xrbb.21                   1.10077
xxdut.vl                                   1.1
xxdut.xxbias.xrbc.11                   1.09923
xxdut.xxbias.xrbc.21               0.000771378
xxdut.ibias                           0.929325
xxdut.xxbias.pb                        2.14298
xxdut.xxbias.n2s                      0.154761
xxdut.xxbias.xrz.11                   0.154423
xxdut.xxbias.xrz.21                0.000338137
xxdut.xxtrim.xrfix.11                  3.29912
xxdut.xxtrim.xrfix.21                  3.08416
xxdut.xxtrim.c1                        3.08328
xxdut.xxtrim.xr0.11                    3.08304
xxdut.xxtrim.xr0.21                    3.08052
xxdut.xxtrim.c2                        3.08028
t0                                         3.3
xxdut.xxtrim.tb0                   4.20669e-09
xxdut.xxtrim.xr1.11                     3.0794
xxdut.xxtrim.xr1.21                     3.0607
xxdut.xxtrim.c3                        3.05982
t1                                           0
xxdut.xxtrim.tb1                           3.3
xxdut.xxtrim.xr2.11                    3.05894
xxdut.xxtrim.xr2.21                    3.02153
xxdut.xxtrim.c4                        3.02066
t2                                           0
xxdut.xxtrim.tb2                           3.3
xxdut.xxtrim.xr3.11                    3.02053
xxdut.xxtrim.xr3.21                    3.00992
xxdut.xxtrim.c5                        3.00979
t3                                         3.3
xxdut.xxtrim.tb3                   4.20669e-09
xxdut.xxtrim.xr4.11                    3.00892
xxdut.xxtrim.xr4.21                    2.85927
xxdut.xxtrim.c6                         2.8584
t4                                           0
xxdut.xxtrim.tb4                           3.3
xxdut.xxtrim.xr5.11                    2.85834
xxdut.xxtrim.xr5.21                    2.83808
xxdut.xxtrim.c7                        2.83802
t5                                         3.3
xxdut.xxtrim.tb5                   4.20669e-09
xxdut.xxtrim.xr6.11                    2.83715
xxdut.xxtrim.xr6.21                    2.23858
xxdut.xxtrim.c8                         2.2377
t6                                           0
xxdut.xxtrim.tb6                           3.3
xxdut.xxtrim.xr7.11                    2.23767
xxdut.xxtrim.xr7.21                    2.20363
xxdut.vc                               2.20361
t7                                         3.3
xxdut.xxtrim.tb7                   4.20669e-09
xxdut.xxcmph.tail                     0.981409
xxdut.xxcmph.dp                        1.47839
xxdut.xxcmph.dn                        1.71738
xxdut.cmph_out                         1.41574
xxdut.xxcmpl.tail                     0.881257
xxdut.xxcmpl.dp                            3.3
xxdut.xxcmpl.dn                        1.35048
xxdut.cmpl_out                     4.20669e-09
clk                                   0.725363
xxdut.qbar                             1.36576
xxdut.mid1                             2.71557
xxdut.mid2                             3.10398
vt7#branch                                   0
vt6#branch                                   0
vt5#branch                                   0
vt4#branch                                   0
vt3#branch                                   0
vt2#branch                                   0
vt1#branch                                   0
vt0#branch                                   0
vdd#branch                        -0.000557361

 Reference value :  0.00000e+00
 Reference value :  1.00210e-07
 Reference value :  2.02646e-07
 Reference value :  2.98187e-07
 Reference value :  4.12023e-07
 Reference value :  5.19407e-07
 Reference value :  6.30363e-07
 Reference value :  7.40415e-07
 Reference value :  8.48591e-07
 Reference value :  9.46343e-07
 Reference value :  1.06039e-06
 Reference value :  1.17719e-06
No. of Data Rows : 6410
ta                  =  9.98436e-08
tb                  =  5.79868e-07
ta = 9.984362e-08
tb = 5.798675e-07
period = 2.400119e-08
fosc = 4.166459e+07
ngspice-46 done

Warning: m=xx on .subckt line will override multiplier m hierarchy!

Note: Starting dynamic gmin stepping
Note: Dynamic gmin stepping completed
