====================================================================
gf180-rcosc PVT corner run: rc_s_T-040C_V3p0_code0x9D
run id      : 20260922T010039Z
process     : rc_s (fets=typical res=res_ss mimcap=mimcap_ss)
temperature : -40 C
supply      : 3 V
trim code   : 0x9D (157)
transient   : tran 200p 1200n, f = 20 periods / (t[rise=25] - t[rise=5])
wall clock  : 279.9 s
exit status : 0
====================================================================

Note: Compatibility modes selected: hs a


Circuit: ** sch_path: /users/rwalters/github/gf180-rcosc/.loom/worktrees/issue-51/design/pvt_tb.sch

Doing analysis at TEMP = -40.000000 and TNOM = 27.000000

Using SPARSE 1.3 as Direct Linear Solver

Initial Transient Solution
--------------------------

Node                                   Voltage
----                                   -------
vdd                                          3
xxdut.xxbias.xrba.11                   2.99888
xxdut.xxbias.xrba.21                   2.00507
xxdut.vh                               2.00395
xxdut.xxbias.xrbb.11                   2.00283
xxdut.xxbias.xrbb.21                   1.00891
xxdut.vl                               1.00779
xxdut.xxbias.xrbc.11                   1.00666
xxdut.xxbias.xrbc.21                0.00113209
xxdut.ibias                           0.922236
xxdut.xxbias.pb                        1.88255
xxdut.xxbias.n2s                       0.11382
xxdut.xxbias.xrz.11                   0.113422
xxdut.xxbias.xrz.21                0.000397661
xxdut.xxtrim.xrfix.11                  2.99786
xxdut.xxtrim.xrfix.21                  2.67144
xxdut.xxtrim.c1                        2.66931
xxdut.xxtrim.xr0.11                    2.66883
xxdut.xxtrim.xr0.21                    2.66564
xxdut.xxtrim.c2                        2.66516
t0                                           3
xxdut.xxtrim.tb0                   0.000517065
xxdut.xxtrim.xr1.11                    2.66319
xxdut.xxtrim.xr1.21                    2.63708
xxdut.xxtrim.c3                        2.63511
t1                                           0
xxdut.xxtrim.tb1                       3.00013
xxdut.xxtrim.xr2.11                    2.63482
xxdut.xxtrim.xr2.21                    2.62691
xxdut.xxtrim.c4                        2.62661
t2                                           3
xxdut.xxtrim.tb2                   0.000288634
xxdut.xxtrim.xr3.11                    2.62637
xxdut.xxtrim.xr3.21                    2.61399
xxdut.xxtrim.c5                        2.61376
t3                                           3
xxdut.xxtrim.tb3                   0.000198873
xxdut.xxtrim.xr4.11                     2.6136
xxdut.xxtrim.xr4.21                    2.59634
xxdut.xxtrim.c6                        2.59618
t4                                           3
xxdut.xxtrim.tb4                   0.000156949
xxdut.xxtrim.xr5.11                    2.59444
xxdut.xxtrim.xr5.21                    2.22382
xxdut.xxtrim.c7                        2.22208
t5                                           0
xxdut.xxtrim.tb5                       3.00007
xxdut.xxtrim.xr6.11                    2.22039
xxdut.xxtrim.xr6.21                    1.50474
xxdut.xxtrim.c8                        1.50306
t6                                           0
xxdut.xxtrim.tb6                       3.00014
xxdut.xxtrim.xr7.11                    1.50303
xxdut.xxtrim.xr7.21                    1.48372
xxdut.vc                                1.4837
t7                                           3
xxdut.xxtrim.tb7                    0.00147227
xxdut.xxcmph.tail                     0.766047
xxdut.xxcmph.dp                        2.99973
xxdut.xxcmph.dn                        1.32312
xxdut.cmph_out                     -0.00264799
xxdut.xxcmpl.tail                     0.359137
xxdut.xxcmpl.dp                        2.99807
xxdut.xxcmpl.dn                         1.3229
xxdut.cmpl_out                      -0.0338693
clk                                 -0.0010446
xxdut.qbar                             3.00326
xxdut.mid1                             2.99139
xxdut.mid2                             3.02215
vt7#branch                          1.6966e-06
vt6#branch                        -6.51279e-07
vt5#branch                         2.83147e-08
vt4#branch                          4.4788e-08
vt3#branch                         5.74498e-08
vt2#branch                         1.37002e-07
vt1#branch                         1.32602e-07
vt0#branch                         2.46585e-07
vdd#branch                        -0.000116384

 Reference value :  0.00000e+00
 Reference value :  4.68746e-08
 Reference value :  9.58877e-08
 Reference value :  1.42102e-07
 Reference value :  2.01513e-07
 Reference value :  2.66928e-07
 Reference value :  3.27771e-07
 Reference value :  3.87869e-07
 Reference value :  4.34127e-07
 Reference value :  4.77827e-07
 Reference value :  5.22060e-07
 Reference value :  5.70110e-07
 Reference value :  6.12596e-07
 Reference value :  6.63129e-07
 Reference value :  7.35349e-07
 Reference value :  7.93806e-07
 Reference value :  8.64950e-07
 Reference value :  9.12363e-07
 Reference value :  9.55167e-07
 Reference value :  1.00154e-06
 Reference value :  1.05299e-06
 Reference value :  1.10197e-06
 Reference value :  1.14723e-06
 Reference value :  1.19869e-06
No. of Data Rows : 6483
ta                  =  1.24195e-07
tb                  =  6.87053e-07
ta = 1.241950e-07
tb = 6.870535e-07
period = 2.814293e-08
fosc = 3.553291e+07
ngspice-46 done

Warning: m=xx on .subckt line will override multiplier m hierarchy!

Note: Starting dynamic gmin stepping
Warning: Dynamic gmin stepping failed
Note: Starting true gmin stepping
Warning: True gmin stepping failed
Note: Starting source stepping
Warning: singular matrix:  check node xxdut.vh

Warning: source stepping failed
Note: Transient op started
Note: Transient op finished successfully
