====================================================================
gf180-rcosc PVT corner run: sf_T-040C_V3p0_code0x9D
run id      : 20260922T010039Z
process     : sf (fets=sf res=res_typical mimcap=mimcap_typical)
temperature : -40 C
supply      : 3 V
trim code   : 0x9D (157)
transient   : tran 200p 1200n, f = 20 periods / (t[rise=25] - t[rise=5])
wall clock  : 82.3 s
exit status : 0
====================================================================

Note: Compatibility modes selected: hs a


Circuit: ** sch_path: /users/rwalters/github/gf180-rcosc/.loom/worktrees/issue-51/design/pvt_tb.sch

Doing analysis at TEMP = -40.000000 and TNOM = 27.000000

Using SPARSE 1.3 as Direct Linear Solver

Initial Transient Solution
--------------------------

Node                                   Voltage
----                                   -------
vdd                                          3
xxdut.xxbias.xrba.11                   2.99865
xxdut.xxbias.xrba.21                   2.00135
xxdut.vh                                     2
xxdut.xxbias.xrbb.11                   1.99865
xxdut.xxbias.xrbb.21                   1.00135
xxdut.vl                                     1
xxdut.xxbias.xrbc.11                  0.998653
xxdut.xxbias.xrbc.21                 0.0013474
xxdut.ibias                            1.01707
xxdut.xxbias.pb                        1.96062
xxdut.xxbias.n2s                      0.116152
xxdut.xxbias.xrz.11                   0.115666
xxdut.xxbias.xrz.21                0.000486291
xxdut.xxtrim.xrfix.11                  2.99862
xxdut.xxtrim.xrfix.21                  2.82339
xxdut.xxtrim.c1                        2.82202
xxdut.xxtrim.xr0.11                     2.8217
xxdut.xxtrim.xr0.21                    2.81997
xxdut.xxtrim.c2                        2.81965
t0                                           3
xxdut.xxtrim.tb0                   3.24513e-09
xxdut.xxtrim.xr1.11                    2.81828
xxdut.xxtrim.xr1.21                    2.80303
xxdut.xxtrim.c3                        2.80165
t1                                           0
xxdut.xxtrim.tb1                             3
xxdut.xxtrim.xr2.11                    2.80144
xxdut.xxtrim.xr2.21                    2.79666
xxdut.xxtrim.c4                        2.79644
t2                                           3
xxdut.xxtrim.tb2                   3.24513e-09
xxdut.xxtrim.xr3.11                    2.79627
xxdut.xxtrim.xr3.21                     2.7885
xxdut.xxtrim.c5                        2.78832
t3                                           3
xxdut.xxtrim.tb3                   3.24513e-09
xxdut.xxtrim.xr4.11                     2.7882
xxdut.xxtrim.xr4.21                    2.77709
xxdut.xxtrim.c6                        2.77697
t4                                           3
xxdut.xxtrim.tb4                   3.24513e-09
xxdut.xxtrim.xr5.11                    2.77559
xxdut.xxtrim.xr5.21                    2.53163
xxdut.xxtrim.c7                        2.53025
t5                                           0
xxdut.xxtrim.tb5                             3
xxdut.xxtrim.xr6.11                    2.52888
xxdut.xxtrim.xr6.21                    2.04095
xxdut.xxtrim.c8                        2.03957
t6                                           0
xxdut.xxtrim.tb6                             3
xxdut.xxtrim.xr7.11                    2.03952
xxdut.xxtrim.xr7.21                    2.00201
xxdut.vc                               2.00196
t7                                           3
xxdut.xxtrim.tb7                   3.24513e-09
xxdut.xxcmph.tail                     0.749552
xxdut.xxcmph.dp                        1.45161
xxdut.xxcmph.dn                        1.65244
xxdut.cmph_out                         1.40474
xxdut.xxcmpl.tail                     0.678504
xxdut.xxcmpl.dp                              3
xxdut.xxcmpl.dn                        1.38676
xxdut.cmpl_out                     3.24513e-09
clk                                   0.866256
xxdut.qbar                             1.37138
xxdut.mid1                             2.54749
xxdut.mid2                             2.86602
vt7#branch                                   0
vt6#branch                                   0
vt5#branch                                   0
vt4#branch                                   0
vt3#branch                                   0
vt2#branch                                   0
vt1#branch                                   0
vt0#branch                                   0
vdd#branch                         -0.00045225

 Reference value :  0.00000e+00
 Reference value :  6.60765e-08
 Reference value :  1.15489e-07
 Reference value :  1.64083e-07
 Reference value :  2.15140e-07
 Reference value :  2.70348e-07
 Reference value :  3.29982e-07
 Reference value :  3.95070e-07
 Reference value :  4.59136e-07
 Reference value :  5.12078e-07
 Reference value :  5.57662e-07
 Reference value :  6.05477e-07
 Reference value :  6.54523e-07
 Reference value :  7.14218e-07
 Reference value :  7.82756e-07
 Reference value :  8.31916e-07
 Reference value :  8.84586e-07
 Reference value :  9.41525e-07
 Reference value :  9.95418e-07
 Reference value :  1.05180e-06
 Reference value :  1.12575e-06
 Reference value :  1.19076e-06
No. of Data Rows : 6513
ta                  =  1.00777e-07
tb                  =  5.88213e-07
ta = 1.007771e-07
tb = 5.882135e-07
period = 2.437182e-08
fosc = 4.103099e+07
ngspice-46 done

Warning: m=xx on .subckt line will override multiplier m hierarchy!

Note: Starting dynamic gmin stepping
Note: Dynamic gmin stepping completed
