====================================================================
gf180-rcosc PVT corner run: sf_T+027C_V3p6_code0xA3
run id      : 20260922T010039Z
process     : sf (fets=sf res=res_typical mimcap=mimcap_typical)
temperature : 27 C
supply      : 3.6 V
trim code   : 0xA3 (163)
transient   : tran 200p 1200n, f = 20 periods / (t[rise=25] - t[rise=5])
wall clock  : 59.3 s
exit status : 0
====================================================================

Note: Compatibility modes selected: hs a


Circuit: ** sch_path: /users/rwalters/github/gf180-rcosc/.loom/worktrees/issue-51/design/pvt_tb.sch

Doing analysis at TEMP = 27.000000 and TNOM = 27.000000

Using SPARSE 1.3 as Direct Linear Solver

Initial Transient Solution
--------------------------

Node                                   Voltage
----                                   -------
vdd                                        3.6
xxdut.xxbias.xrba.11                   3.59899
xxdut.xxbias.xrba.21                   2.40101
xxdut.vh                                   2.4
xxdut.xxbias.xrbb.11                   2.39899
xxdut.xxbias.xrbb.21                   1.20101
xxdut.vl                                   1.2
xxdut.xxbias.xrbc.11                   1.19899
xxdut.xxbias.xrbc.21                0.00100952
xxdut.ibias                            1.05846
xxdut.xxbias.pb                        2.48405
xxdut.xxbias.n2s                      0.174834
xxdut.xxbias.xrz.11                   0.174376
xxdut.xxbias.xrz.21                0.000457996
xxdut.xxtrim.xrfix.11                  3.59891
xxdut.xxtrim.xrfix.21                  3.37545
xxdut.xxtrim.c1                        3.37436
xxdut.xxtrim.xr0.11                    3.37406
xxdut.xxtrim.xr0.21                    3.37141
xxdut.xxtrim.c2                        3.37112
t0                                         3.6
xxdut.xxtrim.tb0                   5.36905e-09
xxdut.xxtrim.xr1.11                    3.37086
xxdut.xxtrim.xr1.21                    3.36627
xxdut.xxtrim.c3                        3.36601
t1                                         3.6
xxdut.xxtrim.tb1                   5.36905e-09
xxdut.xxtrim.xr2.11                    3.36492
xxdut.xxtrim.xr2.21                    3.32603
xxdut.xxtrim.c4                        3.32494
t2                                           0
xxdut.xxtrim.tb2                           3.6
xxdut.xxtrim.xr3.11                    3.32384
xxdut.xxtrim.xr3.21                    3.24607
xxdut.xxtrim.c5                        3.24497
t3                                           0
xxdut.xxtrim.tb3                           3.6
xxdut.xxtrim.xr4.11                    3.24388
xxdut.xxtrim.xr4.21                    3.08833
xxdut.xxtrim.c6                        3.08723
t4                                           0
xxdut.xxtrim.tb4                           3.6
xxdut.xxtrim.xr5.11                    3.08715
xxdut.xxtrim.xr5.21                    3.06532
xxdut.xxtrim.c7                        3.06525
t5                                         3.6
xxdut.xxtrim.tb5                   5.36905e-09
xxdut.xxtrim.xr6.11                    3.06415
xxdut.xxtrim.xr6.21                    2.44194
xxdut.xxtrim.c8                        2.44085
t6                                           0
xxdut.xxtrim.tb6                           3.6
xxdut.xxtrim.xr7.11                    2.44082
xxdut.xxtrim.xr7.21                    2.40359
xxdut.vc                               2.40356
t7                                         3.6
xxdut.xxtrim.tb7                   5.36905e-09
xxdut.xxcmph.tail                      1.03289
xxdut.xxcmph.dp                        1.73802
xxdut.xxcmph.dn                        2.00454
xxdut.cmph_out                         1.67569
xxdut.xxcmpl.tail                     0.912979
xxdut.xxcmpl.dp                            3.6
xxdut.xxcmpl.dn                        1.58737
xxdut.cmpl_out                     5.36905e-09
clk                                   0.820875
xxdut.qbar                             1.60264
xxdut.mid1                              2.8993
xxdut.mid2                             3.37347
vt7#branch                                   0
vt6#branch                                   0
vt5#branch                                   0
vt4#branch                                   0
vt3#branch                                   0
vt2#branch                                   0
vt1#branch                                   0
vt0#branch                                   0
vdd#branch                        -0.000730992

 Reference value :  0.00000e+00
 Reference value :  4.53221e-08
 Reference value :  8.58778e-08
 Reference value :  1.26234e-07
 Reference value :  1.67581e-07
 Reference value :  2.08224e-07
 Reference value :  2.51177e-07
 Reference value :  2.92288e-07
 Reference value :  3.34966e-07
 Reference value :  3.75507e-07
 Reference value :  4.17868e-07
 Reference value :  4.60883e-07
 Reference value :  5.04678e-07
 Reference value :  5.47379e-07
 Reference value :  5.92680e-07
 Reference value :  6.37188e-07
 Reference value :  6.81855e-07
 Reference value :  7.25786e-07
 Reference value :  7.67782e-07
 Reference value :  8.11742e-07
 Reference value :  8.55272e-07
 Reference value :  8.97959e-07
 Reference value :  9.42984e-07
 Reference value :  9.87826e-07
 Reference value :  1.03028e-06
 Reference value :  1.07460e-06
 Reference value :  1.12072e-06
 Reference value :  1.16653e-06
No. of Data Rows : 6509
ta                  =  8.55660e-08
tb                  =  4.86433e-07
ta = 8.556600e-08
tb = 4.864335e-07
period = 2.004337e-08
fosc = 4.989180e+07
ngspice-46 done

Warning: m=xx on .subckt line will override multiplier m hierarchy!

Note: Starting dynamic gmin stepping
Note: Dynamic gmin stepping completed
