====================================================================
gf180-rcosc PVT corner run: sf_T+085C_V3p3_code0xA3
run id      : 20260922T010039Z
process     : sf (fets=sf res=res_typical mimcap=mimcap_typical)
temperature : 85 C
supply      : 3.3 V
trim code   : 0xA3 (163)
transient   : tran 200p 1200n, f = 20 periods / (t[rise=25] - t[rise=5])
wall clock  : 55.8 s
exit status : 0
====================================================================

Note: Compatibility modes selected: hs a


Circuit: ** sch_path: /users/rwalters/github/gf180-rcosc/.loom/worktrees/issue-51/design/pvt_tb.sch

Doing analysis at TEMP = 85.000000 and TNOM = 27.000000

Using SPARSE 1.3 as Direct Linear Solver

Initial Transient Solution
--------------------------

Node                                   Voltage
----                                   -------
vdd                                        3.3
xxdut.xxbias.xrba.11                   3.29933
xxdut.xxbias.xrba.21                   2.20067
xxdut.vh                                   2.2
xxdut.xxbias.xrbb.11                   2.19933
xxdut.xxbias.xrbb.21                   1.10067
xxdut.vl                                   1.1
xxdut.xxbias.xrbc.11                   1.09933
xxdut.xxbias.xrbc.21                0.00066792
xxdut.ibias                            1.06998
xxdut.xxbias.pb                         2.1572
xxdut.xxbias.n2s                      0.209091
xxdut.xxbias.xrz.11                   0.208695
xxdut.xxbias.xrz.21                 0.00039573
xxdut.xxtrim.xrfix.11                  3.29928
xxdut.xxtrim.xrfix.21                  3.09647
xxdut.xxtrim.c1                        3.09576
xxdut.xxtrim.xr0.11                    3.09552
xxdut.xxtrim.xr0.21                    3.09263
xxdut.xxtrim.c2                        3.09239
t0                                         3.3
xxdut.xxtrim.tb0                   7.01255e-09
xxdut.xxtrim.xr1.11                    3.09219
xxdut.xxtrim.xr1.21                     3.0872
xxdut.xxtrim.c3                          3.087
t1                                         3.3
xxdut.xxtrim.tb1                   7.01255e-09
xxdut.xxtrim.xr2.11                    3.08628
xxdut.xxtrim.xr2.21                    3.05099
xxdut.xxtrim.c4                        3.05027
t2                                           0
xxdut.xxtrim.tb2                           3.3
xxdut.xxtrim.xr3.11                    3.04955
xxdut.xxtrim.xr3.21                    2.97896
xxdut.xxtrim.c5                        2.97825
t3                                           0
xxdut.xxtrim.tb3                           3.3
xxdut.xxtrim.xr4.11                    2.97753
xxdut.xxtrim.xr4.21                    2.83635
xxdut.xxtrim.c6                        2.83563
t4                                           0
xxdut.xxtrim.tb4                           3.3
xxdut.xxtrim.xr5.11                    2.83557
xxdut.xxtrim.xr5.21                    2.81119
xxdut.xxtrim.c7                        2.81113
t5                                         3.3
xxdut.xxtrim.tb5                   7.01255e-09
xxdut.xxtrim.xr6.11                    2.81042
xxdut.xxtrim.xr6.21                    2.24569
xxdut.xxtrim.c8                        2.24497
t6                                           0
xxdut.xxtrim.tb6                           3.3
xxdut.xxtrim.xr7.11                    2.24494
xxdut.xxtrim.xr7.21                    2.19959
xxdut.vc                               2.19956
t7                                         3.3
xxdut.xxtrim.tb7                   7.01255e-09
xxdut.xxcmph.tail                     0.856624
xxdut.xxcmph.dp                        1.60185
xxdut.xxcmph.dn                        1.57959
xxdut.cmph_out                         1.54157
xxdut.xxcmpl.tail                     0.672046
xxdut.xxcmpl.dp                            3.3
xxdut.xxcmpl.dn                        1.07909
xxdut.cmpl_out                     7.01256e-09
clk                                   0.767354
xxdut.qbar                             1.48347
xxdut.mid1                             2.66424
xxdut.mid2                             3.10002
vt7#branch                                   0
vt6#branch                                   0
vt5#branch                                   0
vt4#branch                                   0
vt3#branch                                   0
vt2#branch                                   0
vt1#branch                                   0
vt0#branch                                   0
vdd#branch                        -0.000642783

 Reference value :  0.00000e+00
 Reference value :  4.34451e-08
 Reference value :  8.52578e-08
 Reference value :  1.27595e-07
 Reference value :  1.75553e-07
 Reference value :  2.18038e-07
 Reference value :  2.64872e-07
 Reference value :  3.07469e-07
 Reference value :  3.51584e-07
 Reference value :  3.98916e-07
 Reference value :  4.43916e-07
 Reference value :  4.89329e-07
 Reference value :  5.34493e-07
 Reference value :  5.80952e-07
 Reference value :  6.26524e-07
 Reference value :  6.70859e-07
 Reference value :  7.18053e-07
 Reference value :  7.69647e-07
 Reference value :  8.15046e-07
 Reference value :  8.62498e-07
 Reference value :  9.09097e-07
 Reference value :  9.55176e-07
 Reference value :  1.00363e-06
 Reference value :  1.05196e-06
 Reference value :  1.09616e-06
 Reference value :  1.14237e-06
 Reference value :  1.19010e-06
No. of Data Rows : 6324
ta                  =  8.49041e-08
tb                  =  4.88732e-07
ta = 8.490410e-08
tb = 4.887316e-07
period = 2.019138e-08
fosc = 4.952610e+07
ngspice-46 done

Warning: m=xx on .subckt line will override multiplier m hierarchy!

Note: Starting dynamic gmin stepping
Note: Dynamic gmin stepping completed
