====================================================================
gf180-rcosc PVT corner run: sf_T-040C_V3p3_code0x9D
run id      : 20260922T010039Z
process     : sf (fets=sf res=res_typical mimcap=mimcap_typical)
temperature : -40 C
supply      : 3.3 V
trim code   : 0x9D (157)
transient   : tran 200p 1200n, f = 20 periods / (t[rise=25] - t[rise=5])
wall clock  : 84.8 s
exit status : 0
====================================================================

Note: Compatibility modes selected: hs a


Circuit: ** sch_path: /users/rwalters/github/gf180-rcosc/.loom/worktrees/issue-51/design/pvt_tb.sch

Doing analysis at TEMP = -40.000000 and TNOM = 27.000000

Using SPARSE 1.3 as Direct Linear Solver

Initial Transient Solution
--------------------------

Node                                   Voltage
----                                   -------
vdd                                        3.3
xxdut.xxbias.xrba.11                   3.29852
xxdut.xxbias.xrba.21                   2.20148
xxdut.vh                                   2.2
xxdut.xxbias.xrbb.11                   2.19852
xxdut.xxbias.xrbb.21                   1.10148
xxdut.vl                                   1.1
xxdut.xxbias.xrbc.11                   1.09852
xxdut.xxbias.xrbc.21                0.00148214
xxdut.ibias                            1.03026
xxdut.xxbias.pb                        2.24264
xxdut.xxbias.n2s                       0.12387
xxdut.xxbias.xrz.11                   0.123351
xxdut.xxbias.xrz.21                0.000518601
xxdut.xxtrim.xrfix.11                  3.29848
xxdut.xxtrim.xrfix.21                  3.10438
xxdut.xxtrim.c1                        3.10286
xxdut.xxtrim.xr0.11                    3.10253
xxdut.xxtrim.xr0.21                    3.10069
xxdut.xxtrim.c2                        3.10036
t0                                         3.3
xxdut.xxtrim.tb0                   3.60594e-09
xxdut.xxtrim.xr1.11                    3.09884
xxdut.xxtrim.xr1.21                    3.08195
xxdut.xxtrim.c3                        3.08042
t1                                           0
xxdut.xxtrim.tb1                           3.3
xxdut.xxtrim.xr2.11                     3.0802
xxdut.xxtrim.xr2.21                    3.07518
xxdut.xxtrim.c4                        3.07495
t2                                         3.3
xxdut.xxtrim.tb2                   3.60594e-09
xxdut.xxtrim.xr3.11                    3.07477
xxdut.xxtrim.xr3.21                    3.06663
xxdut.xxtrim.c5                        3.06644
t3                                         3.3
xxdut.xxtrim.tb3                   3.60594e-09
xxdut.xxtrim.xr4.11                    3.06631
xxdut.xxtrim.xr4.21                    3.05471
xxdut.xxtrim.c6                        3.05458
t4                                         3.3
xxdut.xxtrim.tb4                   3.60594e-09
xxdut.xxtrim.xr5.11                    3.05305
xxdut.xxtrim.xr5.21                    2.78283
xxdut.xxtrim.c7                         2.7813
t5                                           0
xxdut.xxtrim.tb5                           3.3
xxdut.xxtrim.xr6.11                    2.77978
xxdut.xxtrim.xr6.21                    2.23933
xxdut.xxtrim.c8                         2.2378
t6                                           0
xxdut.xxtrim.tb6                           3.3
xxdut.xxtrim.xr7.11                    2.23776
xxdut.xxtrim.xr7.21                    2.20317
xxdut.vc                               2.20312
t7                                         3.3
xxdut.xxtrim.tb7                   3.60594e-09
xxdut.xxcmph.tail                     0.899435
xxdut.xxcmph.dp                        1.59129
xxdut.xxcmph.dn                        1.91228
xxdut.cmph_out                         1.53849
xxdut.xxcmpl.tail                      0.82354
xxdut.xxcmpl.dp                            3.3
xxdut.xxcmpl.dn                        1.62697
xxdut.cmpl_out                     3.60594e-09
clk                                   0.870742
xxdut.qbar                             1.48691
xxdut.mid1                             2.74549
xxdut.mid2                              3.1274
vt7#branch                                   0
vt6#branch                                   0
vt5#branch                                   0
vt4#branch                                   0
vt3#branch                                   0
vt2#branch                                   0
vt1#branch                                   0
vt0#branch                                   0
vdd#branch                          -0.0005838

 Reference value :  0.00000e+00
 Reference value :  4.70607e-08
 Reference value :  9.46713e-08
 Reference value :  1.40537e-07
 Reference value :  1.90384e-07
 Reference value :  2.53016e-07
 Reference value :  3.12503e-07
 Reference value :  3.73488e-07
 Reference value :  4.24912e-07
 Reference value :  4.72879e-07
 Reference value :  5.22276e-07
 Reference value :  5.69995e-07
 Reference value :  6.36099e-07
 Reference value :  7.05725e-07
 Reference value :  7.62439e-07
 Reference value :  8.18842e-07
 Reference value :  8.76386e-07
 Reference value :  9.34273e-07
 Reference value :  9.93409e-07
 Reference value :  1.07082e-06
 Reference value :  1.13926e-06
 Reference value :  1.19241e-06
No. of Data Rows : 6395
ta                  =  9.52080e-08
tb                  =  5.46740e-07
ta = 9.520804e-08
tb = 5.467397e-07
period = 2.257658e-08
fosc = 4.429368e+07
ngspice-46 done

Warning: m=xx on .subckt line will override multiplier m hierarchy!

Note: Starting dynamic gmin stepping
Warning: Dynamic gmin stepping failed
Note: Starting true gmin stepping
Note: True gmin stepping completed
