====================================================================
gf180-rcosc PVT corner run: ss_T-040C_V3p0_code0x9D
run id      : 20260922T010039Z
process     : ss (fets=ss res=res_ss mimcap=mimcap_ss)
temperature : -40 C
supply      : 3 V
trim code   : 0x9D (157)
transient   : tran 200p 1200n, f = 20 periods / (t[rise=25] - t[rise=5])
wall clock  : 306.1 s
exit status : 0
====================================================================

Note: Compatibility modes selected: hs a


Circuit: ** sch_path: /users/rwalters/github/gf180-rcosc/.loom/worktrees/issue-51/design/pvt_tb.sch

Doing analysis at TEMP = -40.000000 and TNOM = 27.000000

Using SPARSE 1.3 as Direct Linear Solver

Initial Transient Solution
--------------------------

Node                                   Voltage
----                                   -------
vdd                                          3
xxdut.xxbias.xrba.11                   2.99887
xxdut.xxbias.xrba.21                   1.99424
xxdut.vh                               1.99311
xxdut.xxbias.xrbb.11                   1.99199
xxdut.xxbias.xrbb.21                  0.996907
xxdut.vl                              0.995787
xxdut.xxbias.xrbc.11                  0.994668
xxdut.xxbias.xrbc.21                0.00111861
xxdut.ibias                            1.00493
xxdut.xxbias.pb                        1.77295
xxdut.xxbias.n2s                     0.0972428
xxdut.xxbias.xrz.11                   0.096903
xxdut.xxbias.xrz.21                0.000339744
xxdut.xxtrim.xrfix.11                  2.99845
xxdut.xxtrim.xrfix.21                   2.7618
xxdut.xxtrim.c1                        2.76025
xxdut.xxtrim.xr0.11                    2.75975
xxdut.xxtrim.xr0.21                    2.75648
xxdut.xxtrim.c2                        2.75599
t0                                           3
xxdut.xxtrim.tb0                    -0.0033985
xxdut.xxtrim.xr1.11                    2.75339
xxdut.xxtrim.xr1.21                    2.71884
xxdut.xxtrim.c3                        2.71624
t1                                           0
xxdut.xxtrim.tb1                       2.99906
xxdut.xxtrim.xr2.11                    2.71572
xxdut.xxtrim.xr2.21                    2.70192
xxdut.xxtrim.c4                         2.7014
t2                                           3
xxdut.xxtrim.tb2                    -0.0018848
xxdut.xxtrim.xr3.11                    2.70092
xxdut.xxtrim.xr3.21                    2.67538
xxdut.xxtrim.c5                         2.6749
t3                                           3
xxdut.xxtrim.tb3                   -0.00129268
xxdut.xxtrim.xr4.11                    2.67452
xxdut.xxtrim.xr4.21                    2.63431
xxdut.xxtrim.c6                        2.63393
t4                                           3
xxdut.xxtrim.tb4                    -0.0010045
xxdut.xxtrim.xr5.11                    2.63001
xxdut.xxtrim.xr5.21                    1.79517
xxdut.xxtrim.c7                        1.79124
t5                                           0
xxdut.xxtrim.tb5                       2.99965
xxdut.xxtrim.xr6.11                    1.78713
xxdut.xxtrim.xr6.21                  0.0380043
xxdut.xxtrim.c8                      0.0338919
t6                                           0
xxdut.xxtrim.tb6                       2.99985
xxdut.xxtrim.xr7.11                  0.0338599
xxdut.xxtrim.xr7.21                 0.00657388
xxdut.vc                             0.0065418
t7                                           3
xxdut.xxtrim.tb7                   3.04394e-05
xxdut.xxcmph.tail                      0.68981
xxdut.xxcmph.dp                        2.17069
xxdut.xxcmph.dn                        1.32847
xxdut.cmph_out                      0.00905359
xxdut.xxcmpl.tail                    0.0265811
xxdut.xxcmpl.dp                        2.87155
xxdut.xxcmpl.dn                        1.73887
xxdut.cmpl_out                    -0.000112875
clk                                    2.94938
xxdut.qbar                          0.00208823
xxdut.mid1                             2.99856
xxdut.mid2                             2.97304
vt7#branch                         7.82853e-06
vt6#branch                        -8.38223e-07
vt5#branch                        -1.74916e-07
vt4#branch                        -2.97922e-07
vt3#branch                        -3.83144e-07
vt2#branch                        -8.73462e-07
vt1#branch                        -8.54907e-07
vt0#branch                        -1.58268e-06
vdd#branch                        -0.000154285

 Reference value :  0.00000e+00
 Reference value :  6.06167e-08
 Reference value :  1.34009e-07
 Reference value :  2.19032e-07
 Reference value :  2.69063e-07
 Reference value :  3.22033e-07
 Reference value :  3.78171e-07
 Reference value :  4.33815e-07
 Reference value :  4.84942e-07
 Reference value :  5.72733e-07
 Reference value :  6.48096e-07
 Reference value :  7.09616e-07
 Reference value :  7.85434e-07
 Reference value :  8.38146e-07
 Reference value :  8.88507e-07
 Reference value :  9.71996e-07
 Reference value :  1.04350e-06
 Reference value :  1.09191e-06
 Reference value :  1.14468e-06
 Reference value :  1.19911e-06
No. of Data Rows : 6302
ta                  =  1.57488e-07
tb                  =  7.91998e-07
ta = 1.574878e-07
tb = 7.919982e-07
period = 3.172552e-08
fosc = 3.152037e+07
ngspice-46 done

Warning: m=xx on .subckt line will override multiplier m hierarchy!

Note: Starting dynamic gmin stepping
Warning: Dynamic gmin stepping failed
Note: Starting true gmin stepping
Warning: True gmin stepping failed
Note: Starting source stepping
Warning: singular matrix:  check node xxdut.vl

Warning: source stepping failed
Note: Transient op started
Note: Transient op finished successfully
