====================================================================
gf180-rcosc PVT corner run: ss_T-040C_V3p6_code0xCF
run id      : 20260922T010039Z
process     : ss (fets=ss res=res_ss mimcap=mimcap_ss)
temperature : -40 C
supply      : 3.6 V
trim code   : 0xCF (207)
transient   : tran 200p 1200n, f = 20 periods / (t[rise=25] - t[rise=5])
wall clock  : 72.4 s
exit status : 0
====================================================================

Note: Compatibility modes selected: hs a


Circuit: ** sch_path: /users/rwalters/github/gf180-rcosc/.loom/worktrees/issue-51/design/pvt_tb.sch

Doing analysis at TEMP = -40.000000 and TNOM = 27.000000

Using SPARSE 1.3 as Direct Linear Solver

Initial Transient Solution
--------------------------

Node                                   Voltage
----                                   -------
vdd                                        3.6
xxdut.xxbias.xrba.11                   3.59865
xxdut.xxbias.xrba.21                   2.40135
xxdut.vh                                   2.4
xxdut.xxbias.xrbb.11                   2.39865
xxdut.xxbias.xrbb.21                   1.20135
xxdut.vl                                   1.2
xxdut.xxbias.xrbc.11                   1.19865
xxdut.xxbias.xrbc.21                0.00134801
xxdut.ibias                            1.04968
xxdut.xxbias.pb                        2.32931
xxdut.xxbias.n2s                      0.122544
xxdut.xxbias.xrz.11                   0.122116
xxdut.xxbias.xrz.21                0.000428141
xxdut.xxtrim.xrfix.11                  3.59778
xxdut.xxtrim.xrfix.21                  3.25887
xxdut.xxtrim.c1                        3.25665
xxdut.xxtrim.xr0.11                    3.25615
xxdut.xxtrim.xr0.21                    3.25282
xxdut.xxtrim.c2                        3.25232
t0                                         3.6
xxdut.xxtrim.tb0                   3.91151e-09
xxdut.xxtrim.xr1.11                    3.25188
xxdut.xxtrim.xr1.21                    3.24603
xxdut.xxtrim.c3                        3.24559
t1                                         3.6
xxdut.xxtrim.tb1                   3.91151e-09
xxdut.xxtrim.xr2.11                    3.24526
xxdut.xxtrim.xr2.21                    3.23638
xxdut.xxtrim.c4                        3.23605
t2                                         3.6
xxdut.xxtrim.tb2                   3.91151e-09
xxdut.xxtrim.xr3.11                    3.23578
xxdut.xxtrim.xr3.21                    3.22141
xxdut.xxtrim.c5                        3.22114
t3                                         3.6
xxdut.xxtrim.tb3                   3.91151e-09
xxdut.xxtrim.xr4.11                    3.21892
xxdut.xxtrim.xr4.21                    2.98299
xxdut.xxtrim.c6                        2.98078
t4                                           0
xxdut.xxtrim.tb4                           3.6
xxdut.xxtrim.xr5.11                    2.97856
xxdut.xxtrim.xr5.21                    2.50671
xxdut.xxtrim.c7                        2.50449
t5                                           0
xxdut.xxtrim.tb5                           3.6
xxdut.xxtrim.xr6.11                    2.50439
xxdut.xxtrim.xr6.21                    2.46013
xxdut.xxtrim.c8                        2.46003
t6                                         3.6
xxdut.xxtrim.tb6                   3.91151e-09
xxdut.xxtrim.xr7.11                    2.45996
xxdut.xxtrim.xr7.21                    2.40375
xxdut.vc                               2.40369
t7                                         3.6
xxdut.xxtrim.tb7                   3.91151e-09
xxdut.xxcmph.tail                      1.03821
xxdut.xxcmph.dp                        1.61931
xxdut.xxcmph.dn                        1.99258
xxdut.cmph_out                          1.5504
xxdut.xxcmpl.tail                     0.965397
xxdut.xxcmpl.dp                            3.6
xxdut.xxcmpl.dn                        1.70297
xxdut.cmpl_out                     3.91151e-09
clk                                   0.922534
xxdut.qbar                             1.50949
xxdut.mid1                             3.05943
xxdut.mid2                             3.41839
vt7#branch                                   0
vt6#branch                                   0
vt5#branch                                   0
vt4#branch                                   0
vt3#branch                                   0
vt2#branch                                   0
vt1#branch                                   0
vt0#branch                                   0
vdd#branch                        -0.000553654

 Reference value :  0.00000e+00
 Reference value :  3.64400e-08
 Reference value :  8.66250e-08
 Reference value :  1.54098e-07
 Reference value :  1.93621e-07
 Reference value :  2.34793e-07
 Reference value :  2.74005e-07
 Reference value :  3.14405e-07
 Reference value :  3.56096e-07
 Reference value :  3.98689e-07
 Reference value :  4.40454e-07
 Reference value :  4.83757e-07
 Reference value :  5.28725e-07
 Reference value :  5.71316e-07
 Reference value :  6.13257e-07
 Reference value :  6.57354e-07
 Reference value :  7.00320e-07
 Reference value :  7.41950e-07
 Reference value :  7.82766e-07
 Reference value :  8.26729e-07
 Reference value :  8.68311e-07
 Reference value :  9.10130e-07
 Reference value :  9.54583e-07
 Reference value :  9.98331e-07
 Reference value :  1.04449e-06
 Reference value :  1.08862e-06
 Reference value :  1.14072e-06
 Reference value :  1.18885e-06
No. of Data Rows : 6503
ta                  =  8.81367e-08
tb                  =  4.98769e-07
ta = 8.813669e-08
tb = 4.987692e-07
period = 2.053163e-08
fosc = 4.870535e+07
ngspice-46 done

Warning: m=xx on .subckt line will override multiplier m hierarchy!

Note: Starting dynamic gmin stepping
Warning: Dynamic gmin stepping failed
Note: Starting true gmin stepping
Note: True gmin stepping completed
