====================================================================
gf180-rcosc PVT corner run: ss_T+027C_V3p3_code0xFF
run id      : 20260922T010039Z
process     : ss (fets=ss res=res_ss mimcap=mimcap_ss)
temperature : 27 C
supply      : 3.3 V
trim code   : 0xFF (255)
transient   : tran 200p 1200n, f = 20 periods / (t[rise=25] - t[rise=5])
wall clock  : 7.6 s
exit status : 0
====================================================================

Note: Compatibility modes selected: hs a


Circuit: ** sch_path: /users/rwalters/github/gf180-rcosc/.loom/worktrees/issue-51/design/pvt_tb.sch

Doing analysis at TEMP = 27.000000 and TNOM = 27.000000

Using SPARSE 1.3 as Direct Linear Solver

Initial Transient Solution
--------------------------

Node                                   Voltage
----                                   -------
vdd                                        3.3
xxdut.xxbias.xrba.11                   3.29923
xxdut.xxbias.xrba.21                   2.20077
xxdut.vh                                   2.2
xxdut.xxbias.xrbb.11                   2.19923
xxdut.xxbias.xrbb.21                   1.10077
xxdut.vl                                   1.1
xxdut.xxbias.xrbc.11                   1.09923
xxdut.xxbias.xrbc.21               0.000771378
xxdut.ibias                            1.03445
xxdut.xxbias.pb                        2.02323
xxdut.xxbias.n2s                      0.149151
xxdut.xxbias.xrz.11                   0.148825
xxdut.xxbias.xrz.21                0.000325881
xxdut.xxtrim.xrfix.11                  3.29754
xxdut.xxtrim.xrfix.21                  2.69484
xxdut.xxtrim.c1                        2.69238
xxdut.xxtrim.xr0.11                    2.69155
xxdut.xxtrim.xr0.21                     2.6827
xxdut.xxtrim.c2                        2.68186
t0                                         3.3
xxdut.xxtrim.tb0                    4.4423e-09
xxdut.xxtrim.xr1.11                    2.68114
xxdut.xxtrim.xr1.21                    2.66565
xxdut.xxtrim.c3                        2.66493
t1                                         3.3
xxdut.xxtrim.tb1                    4.4423e-09
xxdut.xxtrim.xr2.11                    2.66436
xxdut.xxtrim.xr2.21                    2.64042
xxdut.xxtrim.c4                        2.63986
t2                                         3.3
xxdut.xxtrim.tb2                    4.4423e-09
xxdut.xxtrim.xr3.11                     2.6394
xxdut.xxtrim.xr3.21                    2.59986
xxdut.xxtrim.c5                         2.5994
t3                                         3.3
xxdut.xxtrim.tb3                    4.4423e-09
xxdut.xxtrim.xr4.11                    2.59905
xxdut.xxtrim.xr4.21                    2.54043
xxdut.xxtrim.c6                        2.54009
t4                                         3.3
xxdut.xxtrim.tb4                    4.4423e-09
xxdut.xxtrim.xr5.11                    2.53986
xxdut.xxtrim.xr5.21                    2.46146
xxdut.xxtrim.c7                        2.46123
t5                                         3.3
xxdut.xxtrim.tb5                    4.4423e-09
xxdut.xxtrim.xr6.11                    2.46107
xxdut.xxtrim.xr6.21                    2.35242
xxdut.xxtrim.c8                        2.35226
t6                                         3.3
xxdut.xxtrim.tb6                    4.4423e-09
xxdut.xxtrim.xr7.11                    2.35215
xxdut.xxtrim.xr7.21                     2.2017
xxdut.vc                               2.20159
t7                                         3.3
xxdut.xxtrim.tb7                    4.4423e-09
xxdut.xxcmph.tail                     0.883969
xxdut.xxcmph.dp                        1.48619
xxdut.xxcmph.dn                         1.6025
xxdut.cmph_out                         1.39818
xxdut.xxcmpl.tail                     0.783338
xxdut.xxcmpl.dp                            3.3
xxdut.xxcmpl.dn                        1.24055
xxdut.cmpl_out                      4.4423e-09
clk                                    0.91617
xxdut.qbar                             1.38956
xxdut.mid1                             2.84857
xxdut.mid2                             3.14112
vt7#branch                                   0
vt6#branch                                   0
vt5#branch                                   0
vt4#branch                                   0
vt3#branch                                   0
vt2#branch                                   0
vt1#branch                                   0
vt0#branch                                   0
vdd#branch                        -0.000478386

 Reference value :  0.00000e+00
 Reference value :  3.85719e-08
 Reference value :  8.20719e-08
 Reference value :  1.26185e-07
 Reference value :  1.67290e-07
 Reference value :  2.09111e-07
 Reference value :  2.55741e-07
 Reference value :  3.02395e-07
 Reference value :  3.47899e-07
 Reference value :  3.97156e-07
 Reference value :  4.48455e-07
 Reference value :  4.97085e-07
 Reference value :  5.44341e-07
 Reference value :  5.93434e-07
 Reference value :  6.46031e-07
 Reference value :  6.94394e-07
 Reference value :  7.42446e-07
 Reference value :  7.94162e-07
 Reference value :  8.45768e-07
 Reference value :  8.96467e-07
 Reference value :  9.44062e-07
 Reference value :  9.93784e-07
 Reference value :  1.04026e-06
 Reference value :  1.08754e-06
 Reference value :  1.13367e-06
 Reference value :  1.18061e-06
No. of Data Rows : 6269
ta                  =  6.66661e-08
tb                  =  3.80597e-07
ta = 6.666614e-08
tb = 3.805966e-07
period = 1.569652e-08
fosc = 6.370838e+07
ngspice-46 done

Warning: m=xx on .subckt line will override multiplier m hierarchy!

Note: Starting dynamic gmin stepping
Note: Dynamic gmin stepping completed
