====================================================================
gf180-rcosc PVT corner run: ss_T+085C_V3p3_code0xCF
run id      : 20260922T010039Z
process     : ss (fets=ss res=res_ss mimcap=mimcap_ss)
temperature : 85 C
supply      : 3.3 V
trim code   : 0xCF (207)
transient   : tran 200p 1200n, f = 20 periods / (t[rise=25] - t[rise=5])
wall clock  : 53.7 s
exit status : 0
====================================================================

Note: Compatibility modes selected: hs a


Circuit: ** sch_path: /users/rwalters/github/gf180-rcosc/.loom/worktrees/issue-51/design/pvt_tb.sch

Doing analysis at TEMP = 85.000000 and TNOM = 27.000000

Using SPARSE 1.3 as Direct Linear Solver

Initial Transient Solution
--------------------------

Node                                   Voltage
----                                   -------
vdd                                        3.3
xxdut.xxbias.xrba.11                   3.29944
xxdut.xxbias.xrba.21                   2.20056
xxdut.vh                                   2.2
xxdut.xxbias.xrbb.11                   2.19944
xxdut.xxbias.xrbb.21                   1.10056
xxdut.vl                                   1.1
xxdut.xxbias.xrbc.11                   1.09944
xxdut.xxbias.xrbc.21               0.000556713
xxdut.ibias                            1.04705
xxdut.xxbias.pb                        1.98767
xxdut.xxbias.n2s                      0.185181
xxdut.xxbias.xrz.11                   0.184889
xxdut.xxbias.xrz.21                0.000292248
xxdut.xxtrim.xrfix.11                  3.29913
xxdut.xxtrim.xrfix.21                  3.00314
xxdut.xxtrim.c1                        3.00227
xxdut.xxtrim.xr0.11                    3.00196
xxdut.xxtrim.xr0.21                    2.99748
xxdut.xxtrim.c2                        2.99717
t0                                         3.3
xxdut.xxtrim.tb0                   5.30595e-09
xxdut.xxtrim.xr1.11                    2.99691
xxdut.xxtrim.xr1.21                    2.98919
xxdut.xxtrim.c3                        2.98893
t1                                         3.3
xxdut.xxtrim.tb1                   5.30595e-09
xxdut.xxtrim.xr2.11                    2.98873
xxdut.xxtrim.xr2.21                    2.97696
xxdut.xxtrim.c4                        2.97677
t2                                         3.3
xxdut.xxtrim.tb2                   5.30595e-09
xxdut.xxtrim.xr3.11                     2.9766
xxdut.xxtrim.xr3.21                    2.95748
xxdut.xxtrim.c5                        2.95732
t3                                         3.3
xxdut.xxtrim.tb3                   5.30595e-09
xxdut.xxtrim.xr4.11                    2.95645
xxdut.xxtrim.xr4.21                     2.7504
xxdut.xxtrim.c6                        2.74953
t4                                           0
xxdut.xxtrim.tb4                           3.3
xxdut.xxtrim.xr5.11                    2.74866
xxdut.xxtrim.xr5.21                    2.33657
xxdut.xxtrim.c7                         2.3357
t5                                           0
xxdut.xxtrim.tb5                           3.3
xxdut.xxtrim.xr6.11                    2.33563
xxdut.xxtrim.xr6.21                    2.27593
xxdut.xxtrim.c8                        2.27586
t6                                         3.3
xxdut.xxtrim.tb6                   5.30595e-09
xxdut.xxtrim.xr7.11                    2.27582
xxdut.xxtrim.xr7.21                     2.1994
xxdut.vc                               2.19936
t7                                         3.3
xxdut.xxtrim.tb7                   5.30595e-09
xxdut.xxcmph.tail                     0.868122
xxdut.xxcmph.dp                        1.48955
xxdut.xxcmph.dn                        1.45856
xxdut.cmph_out                          1.4169
xxdut.xxcmpl.tail                     0.689949
xxdut.xxcmpl.dp                            3.3
xxdut.xxcmpl.dn                        1.00495
xxdut.cmpl_out                     5.30595e-09
clk                                   0.814078
xxdut.qbar                             1.38586
xxdut.mid1                             2.77905
xxdut.mid2                             3.12773
vt7#branch                                   0
vt6#branch                                   0
vt5#branch                                   0
vt4#branch                                   0
vt3#branch                                   0
vt2#branch                                   0
vt1#branch                                   0
vt0#branch                                   0
vdd#branch                        -0.000482153

 Reference value :  0.00000e+00
 Reference value :  4.91284e-08
 Reference value :  9.65816e-08
 Reference value :  1.53643e-07
 Reference value :  2.27927e-07
 Reference value :  2.70226e-07
 Reference value :  3.13626e-07
 Reference value :  3.62202e-07
 Reference value :  4.27814e-07
 Reference value :  4.73886e-07
 Reference value :  5.38898e-07
 Reference value :  5.87354e-07
 Reference value :  6.35080e-07
 Reference value :  6.80039e-07
 Reference value :  7.25663e-07
 Reference value :  7.72071e-07
 Reference value :  8.19529e-07
 Reference value :  8.66095e-07
 Reference value :  9.33778e-07
 Reference value :  9.81732e-07
 Reference value :  1.02914e-06
 Reference value :  1.07506e-06
 Reference value :  1.12431e-06
 Reference value :  1.17059e-06
No. of Data Rows : 6325
ta                  =  8.65772e-08
tb                  =  4.93425e-07
ta = 8.657720e-08
tb = 4.934255e-07
period = 2.034242e-08
fosc = 4.915837e+07
ngspice-46 done

Warning: m=xx on .subckt line will override multiplier m hierarchy!

Note: Starting dynamic gmin stepping
Note: Dynamic gmin stepping completed
