====================================================================
gf180-rcosc PVT corner run: ss_T+027C_V3p0_code0x9D
run id      : 20260922T010039Z
process     : ss (fets=ss res=res_ss mimcap=mimcap_ss)
temperature : 27 C
supply      : 3 V
trim code   : 0x9D (157)
transient   : tran 200p 1200n, f = 20 periods / (t[rise=25] - t[rise=5])
wall clock  : 78.4 s
exit status : 0
====================================================================

Note: Compatibility modes selected: hs a


Circuit: ** sch_path: /users/rwalters/github/gf180-rcosc/.loom/worktrees/issue-51/design/pvt_tb.sch

Doing analysis at TEMP = 27.000000 and TNOM = 27.000000

Using SPARSE 1.3 as Direct Linear Solver

Initial Transient Solution
--------------------------

Node                                   Voltage
----                                   -------
vdd                                          3
xxdut.xxbias.xrba.11                    2.9993
xxdut.xxbias.xrba.21                    2.0007
xxdut.vh                                     2
xxdut.xxbias.xrbb.11                    1.9993
xxdut.xxbias.xrbb.21                    1.0007
xxdut.vl                                     1
xxdut.xxbias.xrbc.11                  0.999299
xxdut.xxbias.xrbc.21               0.000701252
xxdut.ibias                            1.02176
xxdut.xxbias.pb                        1.74065
xxdut.xxbias.n2s                      0.141718
xxdut.xxbias.xrz.11                   0.141408
xxdut.xxbias.xrz.21                 0.00030964
xxdut.xxtrim.xrfix.11                   2.9993
xxdut.xxtrim.xrfix.21                  2.82681
xxdut.xxtrim.c1                        2.82611
xxdut.xxtrim.xr0.11                    2.82589
xxdut.xxtrim.xr0.21                    2.82357
xxdut.xxtrim.c2                        2.82335
t0                                           3
xxdut.xxtrim.tb0                   4.17571e-09
xxdut.xxtrim.xr1.11                    2.82265
xxdut.xxtrim.xr1.21                    2.80764
xxdut.xxtrim.c3                        2.80694
t1                                           0
xxdut.xxtrim.tb1                             3
xxdut.xxtrim.xr2.11                    2.80679
xxdut.xxtrim.xr2.21                    2.80066
xxdut.xxtrim.c4                        2.80051
t2                                           3
xxdut.xxtrim.tb2                   4.17571e-09
xxdut.xxtrim.xr3.11                     2.8004
xxdut.xxtrim.xr3.21                    2.79046
xxdut.xxtrim.c5                        2.79034
t3                                           3
xxdut.xxtrim.tb3                   4.17571e-09
xxdut.xxtrim.xr4.11                    2.79026
xxdut.xxtrim.xr4.21                    2.77597
xxdut.xxtrim.c6                        2.77588
t4                                           3
xxdut.xxtrim.tb4                   4.17571e-09
xxdut.xxtrim.xr5.11                    2.77518
xxdut.xxtrim.xr5.21                    2.53504
xxdut.xxtrim.c7                        2.53434
t5                                           0
xxdut.xxtrim.tb5                             3
xxdut.xxtrim.xr6.11                    2.53363
xxdut.xxtrim.xr6.21                    2.05336
xxdut.xxtrim.c8                        2.05266
t6                                           0
xxdut.xxtrim.tb6                             3
xxdut.xxtrim.xr7.11                    2.05262
xxdut.xxtrim.xr7.21                     1.9999
xxdut.vc                               1.99986
t7                                           3
xxdut.xxtrim.tb7                   4.17571e-09
xxdut.xxcmph.tail                     0.734859
xxdut.xxcmph.dp                        1.35211
xxdut.xxcmph.dn                        1.34191
xxdut.cmph_out                         1.30039
xxdut.xxcmpl.tail                        0.636
xxdut.xxcmpl.dp                              3
xxdut.xxcmpl.dn                       0.999422
xxdut.cmpl_out                     4.17571e-09
clk                                    0.82585
xxdut.qbar                             1.27989
xxdut.mid1                             2.59425
xxdut.mid2                             2.87831
vt7#branch                                   0
vt6#branch                                   0
vt5#branch                                   0
vt4#branch                                   0
vt3#branch                                   0
vt2#branch                                   0
vt1#branch                                   0
vt0#branch                                   0
vdd#branch                        -0.000347923

 Reference value :  0.00000e+00
 Reference value :  7.18891e-08
 Reference value :  1.25243e-07
 Reference value :  1.75703e-07
 Reference value :  2.25069e-07
 Reference value :  2.80525e-07
 Reference value :  3.31163e-07
 Reference value :  3.86381e-07
 Reference value :  4.58188e-07
 Reference value :  5.31761e-07
 Reference value :  5.88560e-07
 Reference value :  6.41627e-07
 Reference value :  6.93865e-07
 Reference value :  7.51768e-07
 Reference value :  8.20957e-07
 Reference value :  9.06665e-07
 Reference value :  9.81030e-07
 Reference value :  1.04014e-06
 Reference value :  1.10036e-06
 Reference value :  1.15868e-06
No. of Data Rows : 6248
ta                  =  1.22662e-07
tb                  =  7.07398e-07
ta = 1.226618e-07
tb = 7.073977e-07
period = 2.923679e-08
fosc = 3.420348e+07
ngspice-46 done

Warning: m=xx on .subckt line will override multiplier m hierarchy!

Note: Starting dynamic gmin stepping
Warning: Dynamic gmin stepping failed
Note: Starting true gmin stepping
Note: True gmin stepping completed
