====================================================================
gf180-rcosc PVT corner run: tt_T+027C_V3p3_code0x9E
run id      : 20260922T010039Z
process     : tt (fets=typical res=res_typical mimcap=mimcap_typical)
temperature : 27 C
supply      : 3.3 V
trim code   : 0x9E (158)
transient   : tran 200p 1200n, f = 20 periods / (t[rise=25] - t[rise=5])
wall clock  : 7.3 s
exit status : 0
====================================================================

Note: Compatibility modes selected: hs a


Circuit: ** sch_path: /users/rwalters/github/gf180-rcosc/.loom/worktrees/issue-51/design/pvt_tb.sch

Doing analysis at TEMP = 27.000000 and TNOM = 27.000000

Using SPARSE 1.3 as Direct Linear Solver

Initial Transient Solution
--------------------------

Node                                   Voltage
----                                   -------
vdd                                        3.3
xxdut.xxbias.xrba.11                   3.29907
xxdut.xxbias.xrba.21                   2.20093
xxdut.vh                                   2.2
xxdut.xxbias.xrbb.11                   2.19907
xxdut.xxbias.xrbb.21                   1.10093
xxdut.vl                                   1.1
xxdut.xxbias.xrbc.11                   1.09907
xxdut.xxbias.xrbc.21               0.000925394
xxdut.ibias                           0.964429
xxdut.xxbias.pb                        2.09264
xxdut.xxbias.n2s                      0.168067
xxdut.xxbias.xrz.11                   0.167627
xxdut.xxbias.xrz.21                0.000440269
xxdut.xxtrim.xrfix.11                  3.29905
xxdut.xxtrim.xrfix.21                  3.10479
xxdut.xxtrim.c1                        3.10384
xxdut.xxtrim.xr0.11                    3.10289
xxdut.xxtrim.xr0.21                    3.09444
xxdut.xxtrim.c2                        3.09349
t0                                           0
xxdut.xxtrim.tb0                           3.3
xxdut.xxtrim.xr1.11                    3.09324
xxdut.xxtrim.xr1.21                    3.08882
xxdut.xxtrim.c3                        3.08857
t1                                         3.3
xxdut.xxtrim.tb1                   4.20669e-09
xxdut.xxtrim.xr2.11                    3.08838
xxdut.xxtrim.xr2.21                    3.08165
xxdut.xxtrim.c4                        3.08146
t2                                         3.3
xxdut.xxtrim.tb2                   4.20669e-09
xxdut.xxtrim.xr3.11                     3.0813
xxdut.xxtrim.xr3.21                    3.07038
xxdut.xxtrim.c5                        3.07022
t3                                         3.3
xxdut.xxtrim.tb3                   4.20669e-09
xxdut.xxtrim.xr4.11                    3.07011
xxdut.xxtrim.xr4.21                    3.05441
xxdut.xxtrim.c6                         3.0543
t4                                         3.3
xxdut.xxtrim.tb4                   4.20669e-09
xxdut.xxtrim.xr5.11                    3.05335
xxdut.xxtrim.xr5.21                     2.7829
xxdut.xxtrim.c7                        2.78195
t5                                           0
xxdut.xxtrim.tb5                           3.3
xxdut.xxtrim.xr6.11                      2.781
xxdut.xxtrim.xr6.21                    2.24009
xxdut.xxtrim.c8                        2.23914
t6                                           0
xxdut.xxtrim.tb6                           3.3
xxdut.xxtrim.xr7.11                    2.23911
xxdut.xxtrim.xr7.21                    2.20241
xxdut.vc                               2.20238
t7                                         3.3
xxdut.xxtrim.tb7                   4.20669e-09
xxdut.xxcmph.tail                     0.952236
xxdut.xxcmph.dp                        1.47842
xxdut.xxcmph.dn                        1.61104
xxdut.cmph_out                         1.41444
xxdut.xxcmpl.tail                     0.826048
xxdut.xxcmpl.dp                            3.3
xxdut.xxcmpl.dn                         1.1938
xxdut.cmpl_out                     4.20669e-09
clk                                   0.730503
xxdut.qbar                             1.36557
xxdut.mid1                             2.71872
xxdut.mid2                             3.10394
vt7#branch                                   0
vt6#branch                                   0
vt5#branch                                   0
vt4#branch                                   0
vt3#branch                                   0
vt2#branch                                   0
vt1#branch                                   0
vt0#branch                                   0
vdd#branch                        -0.000605642

 Reference value :  0.00000e+00
 Reference value :  7.60543e-08
 Reference value :  1.50421e-07
 Reference value :  2.22418e-07
 Reference value :  2.96353e-07
 Reference value :  3.74103e-07
 Reference value :  4.49485e-07
 Reference value :  5.24947e-07
 Reference value :  6.03616e-07
 Reference value :  6.78894e-07
 Reference value :  7.52589e-07
 Reference value :  8.27419e-07
 Reference value :  9.03558e-07
 Reference value :  9.85878e-07
 Reference value :  1.06305e-06
 Reference value :  1.13756e-06
No. of Data Rows : 6418
ta                  =  8.68128e-08
tb                  =  5.02243e-07
ta = 8.681276e-08
tb = 5.022429e-07
period = 2.077151e-08
fosc = 4.814287e+07
ngspice-46 done

Warning: m=xx on .subckt line will override multiplier m hierarchy!

Note: Starting dynamic gmin stepping
Note: Dynamic gmin stepping completed
