====================================================================
gf180-rcosc PVT corner run: tt_T+027C_V3p3_code0xFF
run id      : 20260922T010039Z
process     : tt (fets=typical res=res_typical mimcap=mimcap_typical)
temperature : 27 C
supply      : 3.3 V
trim code   : 0xFF (255)
transient   : tran 200p 1200n, f = 20 periods / (t[rise=25] - t[rise=5])
wall clock  : 33.9 s
exit status : 0
====================================================================

Note: Compatibility modes selected: hs a


Circuit: ** sch_path: /users/rwalters/github/gf180-rcosc/.loom/worktrees/issue-51/design/pvt_tb.sch

Doing analysis at TEMP = 27.000000 and TNOM = 27.000000

Using SPARSE 1.3 as Direct Linear Solver

Initial Transient Solution
--------------------------

Node                                   Voltage
----                                   -------
vdd                                        3.3
xxdut.xxbias.xrba.11                   3.29907
xxdut.xxbias.xrba.21                   2.20093
xxdut.vh                                   2.2
xxdut.xxbias.xrbb.11                   2.19907
xxdut.xxbias.xrbb.21                   1.10093
xxdut.vl                                   1.1
xxdut.xxbias.xrbc.11                   1.09907
xxdut.xxbias.xrbc.21               0.000925394
xxdut.ibias                           0.964429
xxdut.xxbias.pb                        2.09264
xxdut.xxbias.n2s                      0.168067
xxdut.xxbias.xrz.11                   0.167627
xxdut.xxbias.xrz.21                0.000440269
xxdut.xxtrim.xrfix.11                  3.29698
xxdut.xxtrim.xrfix.21                  2.67983
xxdut.xxtrim.c1                        2.67681
xxdut.xxtrim.xr0.11                    2.67578
xxdut.xxtrim.xr0.21                    2.66664
xxdut.xxtrim.c2                        2.66561
t0                                         3.3
xxdut.xxtrim.tb0                   4.20669e-09
xxdut.xxtrim.xr1.11                     2.6647
xxdut.xxtrim.xr1.21                    2.64857
xxdut.xxtrim.c3                        2.64767
t1                                         3.3
xxdut.xxtrim.tb1                   4.20669e-09
xxdut.xxtrim.xr2.11                    2.64696
xxdut.xxtrim.xr2.21                    2.62184
xxdut.xxtrim.c4                        2.62114
t2                                         3.3
xxdut.xxtrim.tb2                   4.20669e-09
xxdut.xxtrim.xr3.11                    2.62055
xxdut.xxtrim.xr3.21                    2.57894
xxdut.xxtrim.c5                        2.57835
t3                                         3.3
xxdut.xxtrim.tb3                   4.20669e-09
xxdut.xxtrim.xr4.11                    2.57792
xxdut.xxtrim.xr4.21                    2.51619
xxdut.xxtrim.c6                        2.51575
t4                                         3.3
xxdut.xxtrim.tb4                   4.20669e-09
xxdut.xxtrim.xr5.11                    2.51546
xxdut.xxtrim.xr5.21                    2.43369
xxdut.xxtrim.c7                         2.4334
t5                                         3.3
xxdut.xxtrim.tb5                   4.20669e-09
xxdut.xxtrim.xr6.11                    2.43322
xxdut.xxtrim.xr6.21                    2.32773
xxdut.xxtrim.c8                        2.32754
t6                                         3.3
xxdut.xxtrim.tb6                   4.20669e-09
xxdut.xxtrim.xr7.11                    2.32743
xxdut.xxtrim.xr7.21                    2.20248
xxdut.vc                               2.20237
t7                                         3.3
xxdut.xxtrim.tb7                   4.20669e-09
xxdut.xxcmph.tail                     0.952236
xxdut.xxcmph.dp                        1.47895
xxdut.xxcmph.dn                        1.61104
xxdut.cmph_out                         1.38481
xxdut.xxcmpl.tail                      0.82604
xxdut.xxcmpl.dp                            3.3
xxdut.xxcmpl.dn                         1.1938
xxdut.cmpl_out                     4.20669e-09
clk                                   0.818421
xxdut.qbar                             1.36269
xxdut.mid1                             2.77277
xxdut.mid2                             3.10346
vt7#branch                                   0
vt6#branch                                   0
vt5#branch                                   0
vt4#branch                                   0
vt3#branch                                   0
vt2#branch                                   0
vt1#branch                                   0
vt0#branch                                   0
vdd#branch                        -0.000651585

 Reference value :  0.00000e+00
 Reference value :  4.12559e-08
 Reference value :  8.03157e-08
 Reference value :  1.21088e-07
 Reference value :  1.62028e-07
 Reference value :  2.03795e-07
 Reference value :  2.37926e-07
 Reference value :  2.77022e-07
 Reference value :  3.15829e-07
 Reference value :  3.55231e-07
 Reference value :  3.92682e-07
 Reference value :  4.29867e-07
 Reference value :  4.75156e-07
 Reference value :  5.12182e-07
 Reference value :  5.49857e-07
 Reference value :  5.91427e-07
 Reference value :  6.31196e-07
 Reference value :  6.75189e-07
 Reference value :  7.13253e-07
 Reference value :  7.60493e-07
 Reference value :  8.04435e-07
 Reference value :  8.42337e-07
 Reference value :  8.80556e-07
 Reference value :  9.22140e-07
 Reference value :  9.61833e-07
 Reference value :  1.00446e-06
 Reference value :  1.04655e-06
 Reference value :  1.09347e-06
 Reference value :  1.14604e-06
No. of Data Rows : 6677
ta                  =  5.09721e-08
tb                  =  2.86437e-07
ta = 5.097209e-08
tb = 2.864369e-07
period = 1.177324e-08
fosc = 8.493838e+07
ngspice-46 done

Warning: m=xx on .subckt line will override multiplier m hierarchy!

Note: Starting dynamic gmin stepping
Note: Dynamic gmin stepping completed
