====================================================================
gf180-rcosc PVT corner run: tt_T-040C_V3p6_code0x71
run id      : 20260922T010039Z
process     : tt (fets=typical res=res_typical mimcap=mimcap_typical)
temperature : -40 C
supply      : 3.6 V
trim code   : 0x71 (113)
transient   : tran 200p 1200n, f = 20 periods / (t[rise=25] - t[rise=5])
wall clock  : 74.6 s
exit status : 0
====================================================================

Note: Compatibility modes selected: hs a


Circuit: ** sch_path: /users/rwalters/github/gf180-rcosc/.loom/worktrees/issue-51/design/pvt_tb.sch

Doing analysis at TEMP = -40.000000 and TNOM = 27.000000

Using SPARSE 1.3 as Direct Linear Solver

Initial Transient Solution
--------------------------

Node                                   Voltage
----                                   -------
vdd                                        3.6
xxdut.xxbias.xrba.11                   3.59838
xxdut.xxbias.xrba.21                   2.40162
xxdut.vh                                   2.4
xxdut.xxbias.xrbb.11                   2.39838
xxdut.xxbias.xrbb.21                   1.20162
xxdut.vl                                   1.2
xxdut.xxbias.xrbc.11                   1.19838
xxdut.xxbias.xrbc.21                0.00161689
xxdut.ibias                            0.97417
xxdut.xxbias.pb                        2.40434
xxdut.xxbias.n2s                      0.138797
xxdut.xxbias.xrz.11                   0.138216
xxdut.xxbias.xrz.21                0.000581096
xxdut.xxtrim.xrfix.11                  3.59875
xxdut.xxtrim.xrfix.21                  3.43964
xxdut.xxtrim.c1                        3.43839
xxdut.xxtrim.xr0.11                    3.43812
xxdut.xxtrim.xr0.21                     3.4366
xxdut.xxtrim.c2                        3.43633
t0                                         3.6
xxdut.xxtrim.tb0                   3.89245e-09
xxdut.xxtrim.xr1.11                    3.43508
xxdut.xxtrim.xr1.21                    3.42124
xxdut.xxtrim.c3                        3.41999
t1                                           0
xxdut.xxtrim.tb1                           3.6
xxdut.xxtrim.xr2.11                    3.41874
xxdut.xxtrim.xr2.21                    3.39105
xxdut.xxtrim.c4                         3.3898
t2                                           0
xxdut.xxtrim.tb2                           3.6
xxdut.xxtrim.xr3.11                    3.38855
xxdut.xxtrim.xr3.21                    3.33317
xxdut.xxtrim.c5                        3.33192
t3                                           0
xxdut.xxtrim.tb3                           3.6
xxdut.xxtrim.xr4.11                    3.33181
xxdut.xxtrim.xr4.21                    3.32203
xxdut.xxtrim.c6                        3.32192
t4                                         3.6
xxdut.xxtrim.tb4                   3.89245e-09
xxdut.xxtrim.xr5.11                    3.32185
xxdut.xxtrim.xr5.21                     3.3095
xxdut.xxtrim.c7                        3.30943
t5                                         3.6
xxdut.xxtrim.tb5                   3.89245e-09
xxdut.xxtrim.xr6.11                    3.30938
xxdut.xxtrim.xr6.21                     3.2934
xxdut.xxtrim.c8                        3.29336
t6                                         3.6
xxdut.xxtrim.tb6                   3.89245e-09
xxdut.xxtrim.xr7.11                    3.29211
xxdut.xxtrim.xr7.21                    2.40603
xxdut.vc                               2.40478
t7                                           0
xxdut.xxtrim.tb7                           3.6
xxdut.xxcmph.tail                      1.11355
xxdut.xxcmph.dp                         1.6121
xxdut.xxcmph.dn                        2.01404
xxdut.cmph_out                           1.549
xxdut.xxcmpl.tail                      1.02828
xxdut.xxcmpl.dp                            3.6
xxdut.xxcmpl.dn                        1.67581
xxdut.cmpl_out                     3.89245e-09
clk                                    0.77732
xxdut.qbar                             1.48307
xxdut.mid1                             2.95282
xxdut.mid2                             3.37864
vt7#branch                                   0
vt6#branch                                   0
vt5#branch                                   0
vt4#branch                                   0
vt3#branch                                   0
vt2#branch                                   0
vt1#branch                                   0
vt0#branch                                   0
vdd#branch                        -0.000733239

 Reference value :  0.00000e+00
 Reference value :  5.20030e-08
 Reference value :  9.26905e-08
 Reference value :  1.37193e-07
 Reference value :  1.82365e-07
 Reference value :  2.30188e-07
 Reference value :  2.78339e-07
 Reference value :  3.29347e-07
 Reference value :  4.00925e-07
 Reference value :  4.61914e-07
 Reference value :  5.07923e-07
 Reference value :  5.53837e-07
 Reference value :  6.01900e-07
 Reference value :  6.49398e-07
 Reference value :  6.98097e-07
 Reference value :  7.48902e-07
 Reference value :  8.22569e-07
 Reference value :  8.79381e-07
 Reference value :  9.25407e-07
 Reference value :  9.72142e-07
 Reference value :  1.02043e-06
 Reference value :  1.06874e-06
 Reference value :  1.11330e-06
 Reference value :  1.15801e-06
No. of Data Rows : 6464
ta                  =  1.04884e-07
tb                  =  5.99620e-07
ta = 1.048842e-07
tb = 5.996197e-07
period = 2.473677e-08
fosc = 4.042564e+07
ngspice-46 done

Warning: m=xx on .subckt line will override multiplier m hierarchy!

Note: Starting dynamic gmin stepping
Warning: Dynamic gmin stepping failed
Note: Starting true gmin stepping
Note: True gmin stepping completed
