====================================================================
gf180-rcosc PVT corner run: tt_T-040C_V3p6_code0x80
run id      : 20260922T010039Z
process     : tt (fets=typical res=res_typical mimcap=mimcap_typical)
temperature : -40 C
supply      : 3.6 V
trim code   : 0x80 (128)
transient   : tran 200p 1200n, f = 20 periods / (t[rise=25] - t[rise=5])
wall clock  : 34.4 s
exit status : 0
====================================================================

Note: Compatibility modes selected: hs a


Circuit: ** sch_path: /users/rwalters/github/gf180-rcosc/.loom/worktrees/issue-51/design/pvt_tb.sch

Doing analysis at TEMP = -40.000000 and TNOM = 27.000000

Using SPARSE 1.3 as Direct Linear Solver

Initial Transient Solution
--------------------------

Node                                   Voltage
----                                   -------
vdd                                        3.6
xxdut.xxbias.xrba.11                   3.59838
xxdut.xxbias.xrba.21                   2.40162
xxdut.vh                                   2.4
xxdut.xxbias.xrbb.11                   2.39838
xxdut.xxbias.xrbb.21                   1.20162
xxdut.vl                                   1.2
xxdut.xxbias.xrbc.11                   1.19838
xxdut.xxbias.xrbc.21                0.00161689
xxdut.ibias                            0.97417
xxdut.xxbias.pb                        2.40434
xxdut.xxbias.n2s                      0.138797
xxdut.xxbias.xrz.11                   0.138216
xxdut.xxbias.xrz.21                0.000581096
xxdut.xxtrim.xrfix.11                  3.59861
xxdut.xxtrim.xrfix.21                  3.42223
xxdut.xxtrim.c1                        3.42084
xxdut.xxtrim.xr0.11                    3.41946
xxdut.xxtrim.xr0.21                    3.41178
xxdut.xxtrim.c2                         3.4104
t0                                           0
xxdut.xxtrim.tb0                           3.6
xxdut.xxtrim.xr1.11                    3.40901
xxdut.xxtrim.xr1.21                    3.39366
xxdut.xxtrim.c3                        3.39228
t1                                           0
xxdut.xxtrim.tb1                           3.6
xxdut.xxtrim.xr2.11                    3.39089
xxdut.xxtrim.xr2.21                     3.3602
xxdut.xxtrim.c4                        3.35881
t2                                           0
xxdut.xxtrim.tb2                           3.6
xxdut.xxtrim.xr3.11                    3.35743
xxdut.xxtrim.xr3.21                    3.29603
xxdut.xxtrim.c5                        3.29465
t3                                           0
xxdut.xxtrim.tb3                           3.6
xxdut.xxtrim.xr4.11                    3.29326
xxdut.xxtrim.xr4.21                    3.17048
xxdut.xxtrim.c6                        3.16909
t4                                           0
xxdut.xxtrim.tb4                           3.6
xxdut.xxtrim.xr5.11                    3.16771
xxdut.xxtrim.xr5.21                    2.92213
xxdut.xxtrim.c7                        2.92075
t5                                           0
xxdut.xxtrim.tb5                           3.6
xxdut.xxtrim.xr6.11                    2.91936
xxdut.xxtrim.xr6.21                    2.42822
xxdut.xxtrim.c8                        2.42683
t6                                           0
xxdut.xxtrim.tb6                           3.6
xxdut.xxtrim.xr7.11                     2.4268
xxdut.xxtrim.xr7.21                    2.40481
xxdut.vc                               2.40478
t7                                         3.6
xxdut.xxtrim.tb7                   3.89245e-09
xxdut.xxcmph.tail                      1.11355
xxdut.xxcmph.dp                        1.61212
xxdut.xxcmph.dn                        2.01404
xxdut.cmph_out                         1.54778
xxdut.xxcmpl.tail                      1.02828
xxdut.xxcmpl.dp                            3.6
xxdut.xxcmpl.dn                        1.67581
xxdut.cmpl_out                     3.89245e-09
clk                                   0.782764
xxdut.qbar                             1.48288
xxdut.mid1                             2.95617
xxdut.mid2                             3.37861
vt7#branch                                   0
vt6#branch                                   0
vt5#branch                                   0
vt4#branch                                   0
vt3#branch                                   0
vt2#branch                                   0
vt1#branch                                   0
vt0#branch                                   0
vdd#branch                        -0.000734869

 Reference value :  0.00000e+00
 Reference value :  5.07411e-08
 Reference value :  1.00337e-07
 Reference value :  1.48807e-07
 Reference value :  1.96700e-07
 Reference value :  2.42221e-07
 Reference value :  2.95111e-07
 Reference value :  3.55865e-07
 Reference value :  4.40263e-07
 Reference value :  5.06191e-07
 Reference value :  5.72212e-07
 Reference value :  6.32598e-07
 Reference value :  7.05712e-07
 Reference value :  7.54998e-07
 Reference value :  8.06003e-07
 Reference value :  8.57383e-07
 Reference value :  9.12458e-07
 Reference value :  9.66264e-07
 Reference value :  1.02036e-06
 Reference value :  1.06889e-06
 Reference value :  1.12421e-06
 Reference value :  1.18386e-06
No. of Data Rows : 6440
ta                  =  1.03846e-07
tb                  =  6.05369e-07
ta = 1.038458e-07
tb = 6.053685e-07
period = 2.507613e-08
fosc = 3.987855e+07
ngspice-46 done

Warning: m=xx on .subckt line will override multiplier m hierarchy!

Note: Starting dynamic gmin stepping
Note: Dynamic gmin stepping completed
