====================================================================
gf180-rcosc PVT corner run: tt_T+027C_V3p3_code0x73
run id      : 20260922T010039Z
process     : tt (fets=typical res=res_typical mimcap=mimcap_typical)
temperature : 27 C
supply      : 3.3 V
trim code   : 0x73 (115)
transient   : tran 200p 1200n, f = 20 periods / (t[rise=25] - t[rise=5])
wall clock  : 9.7 s
exit status : 0
====================================================================

Note: Compatibility modes selected: hs a


Circuit: ** sch_path: /users/rwalters/github/gf180-rcosc/.loom/worktrees/issue-51/design/pvt_tb.sch

Doing analysis at TEMP = 27.000000 and TNOM = 27.000000

Using SPARSE 1.3 as Direct Linear Solver

Initial Transient Solution
--------------------------

Node                                   Voltage
----                                   -------
vdd                                        3.3
xxdut.xxbias.xrba.11                   3.29907
xxdut.xxbias.xrba.21                   2.20093
xxdut.vh                                   2.2
xxdut.xxbias.xrbb.11                   2.19907
xxdut.xxbias.xrbb.21                   1.10093
xxdut.vl                                   1.1
xxdut.xxbias.xrbc.11                   1.09907
xxdut.xxbias.xrbc.21               0.000925394
xxdut.ibias                           0.964429
xxdut.xxbias.pb                        2.09264
xxdut.xxbias.n2s                      0.168067
xxdut.xxbias.xrz.11                   0.167627
xxdut.xxbias.xrz.21                0.000440269
xxdut.xxtrim.xrfix.11                  3.29928
xxdut.xxtrim.xrfix.21                  3.15277
xxdut.xxtrim.c1                        3.15205
xxdut.xxtrim.xr0.11                    3.15184
xxdut.xxtrim.xr0.21                    3.14995
xxdut.xxtrim.c2                        3.14974
t0                                         3.3
xxdut.xxtrim.tb0                   4.20669e-09
xxdut.xxtrim.xr1.11                    3.14956
xxdut.xxtrim.xr1.21                    3.14628
xxdut.xxtrim.c3                         3.1461
t1                                         3.3
xxdut.xxtrim.tb1                   4.20669e-09
xxdut.xxtrim.xr2.11                    3.14538
xxdut.xxtrim.xr2.21                    3.11988
xxdut.xxtrim.c4                        3.11916
t2                                           0
xxdut.xxtrim.tb2                           3.3
xxdut.xxtrim.xr3.11                    3.11844
xxdut.xxtrim.xr3.21                    3.06745
xxdut.xxtrim.c5                        3.06673
t3                                           0
xxdut.xxtrim.tb3                           3.3
xxdut.xxtrim.xr4.11                    3.06665
xxdut.xxtrim.xr4.21                     3.0548
xxdut.xxtrim.c6                        3.05472
t4                                         3.3
xxdut.xxtrim.tb4                   4.20669e-09
xxdut.xxtrim.xr5.11                    3.05467
xxdut.xxtrim.xr5.21                    3.03956
xxdut.xxtrim.c7                        3.03951
t5                                         3.3
xxdut.xxtrim.tb5                   4.20669e-09
xxdut.xxtrim.xr6.11                    3.03947
xxdut.xxtrim.xr6.21                     3.0198
xxdut.xxtrim.c8                        3.01976
t6                                         3.3
xxdut.xxtrim.tb6                   4.20669e-09
xxdut.xxtrim.xr7.11                    3.01905
xxdut.xxtrim.xr7.21                     2.2031
xxdut.vc                               2.20238
t7                                           0
xxdut.xxtrim.tb7                           3.3
xxdut.xxcmph.tail                     0.952236
xxdut.xxcmph.dp                        1.47834
xxdut.xxcmph.dn                        1.61104
xxdut.cmph_out                         1.41871
xxdut.xxcmpl.tail                     0.826049
xxdut.xxcmpl.dp                            3.3
xxdut.xxcmpl.dn                         1.1938
xxdut.cmpl_out                     4.20669e-09
clk                                   0.713044
xxdut.qbar                             1.36626
xxdut.mid1                             2.70801
xxdut.mid2                             3.10407
vt7#branch                                   0
vt6#branch                                   0
vt5#branch                                   0
vt4#branch                                   0
vt3#branch                                   0
vt2#branch                                   0
vt1#branch                                   0
vt0#branch                                   0
vdd#branch                        -0.000600675

 Reference value :  0.00000e+00
 Reference value :  4.32604e-08
 Reference value :  9.21567e-08
 Reference value :  1.42290e-07
 Reference value :  1.90049e-07
 Reference value :  2.38593e-07
 Reference value :  2.88977e-07
 Reference value :  3.37719e-07
 Reference value :  3.88121e-07
 Reference value :  4.35465e-07
 Reference value :  4.87437e-07
 Reference value :  5.35752e-07
 Reference value :  5.85424e-07
 Reference value :  6.33240e-07
 Reference value :  6.81221e-07
 Reference value :  7.29481e-07
 Reference value :  7.77313e-07
 Reference value :  8.31285e-07
 Reference value :  8.79830e-07
 Reference value :  9.26961e-07
 Reference value :  9.76414e-07
 Reference value :  1.02770e-06
 Reference value :  1.07607e-06
 Reference value :  1.12584e-06
 Reference value :  1.17447e-06
No. of Data Rows : 6393
ta                  =  1.05482e-07
tb                  =  5.85064e-07
ta = 1.054817e-07
tb = 5.850638e-07
period = 2.397910e-08
fosc = 4.170297e+07
ngspice-46 done

Warning: m=xx on .subckt line will override multiplier m hierarchy!

Note: Starting dynamic gmin stepping
Note: Dynamic gmin stepping completed
