====================================================================
gf180-rcosc PVT corner run: ff_T-040C_V3p6_code0xCF
run id      : 20260921T065703Z
process     : ff (fets=ff res=res_ff mimcap=mimcap_ff)
temperature : -40 C
supply      : 3.6 V
trim code   : 0xCF (207)
transient   : tran 200p 1200n, f = 20 periods / (t[rise=25] - t[rise=5])
wall clock  : 52.2 s
exit status : 0
====================================================================

Note: Compatibility modes selected: hs a


Circuit: ** sch_path: /users/rwalters/github/gf180-rcosc/.loom/worktrees/issue-39/design/pvt_tb.sch

Doing analysis at TEMP = -40.000000 and TNOM = 27.000000

Using SPARSE 1.3 as Direct Linear Solver

Initial Transient Solution
--------------------------

Node                                   Voltage
----                                   -------
vdd                                        3.6
xxdut.xxbias.xrba.11                   3.59798
xxdut.xxbias.xrba.21                   2.40202
xxdut.vh                                   2.4
xxdut.xxbias.xrbb.11                   2.39798
xxdut.xxbias.xrbb.21                   1.20202
xxdut.vl                                   1.2
xxdut.xxbias.xrbc.11                   1.19798
xxdut.xxbias.xrbc.21                0.00201975
xxdut.ibias                           0.922433
xxdut.xxbias.pb                        2.46173
xxdut.xxbias.n2s                      0.158362
xxdut.xxbias.xrz.11                   0.157263
xxdut.xxbias.xrz.21                 0.00109888
xxdut.xxbias.xseed.11                  3.59991
xxdut.xxbias.xseed.21                 0.922526
xxdut.xxtrim.xrfix.11                  3.59895
xxdut.xxtrim.xrfix.21                  3.49184
xxdut.xxtrim.c1                        3.49078
xxdut.xxtrim.xr0.11                    3.48973
xxdut.xxtrim.xr0.21                    3.48507
xxdut.xxtrim.c2                        3.48402
t0                                         3.6
xxdut.xxtrim.xr1.11                    3.48297
xxdut.xxtrim.xr1.21                    3.47365
xxdut.xxtrim.c3                         3.4726
t1                                         3.6
xxdut.xxtrim.xr2.11                    3.47155
xxdut.xxtrim.xr2.21                    3.45291
xxdut.xxtrim.c4                        3.45185
t2                                         3.6
xxdut.xxtrim.xr3.11                     3.4508
xxdut.xxtrim.xr3.21                    3.41352
xxdut.xxtrim.c5                        3.41247
t3                                         3.6
xxdut.xxtrim.xr4.11                    3.41142
xxdut.xxtrim.xr4.21                    3.33685
xxdut.xxtrim.c6                         3.3358
t4                                           0
xxdut.xxtrim.xr5.11                    3.33475
xxdut.xxtrim.xr5.21                    3.18562
xxdut.xxtrim.c7                        3.18457
t5                                           0
xxdut.xxtrim.xr6.11                    3.18352
xxdut.xxtrim.xr6.21                    2.88527
xxdut.xxtrim.c8                        2.88422
t6                                         3.6
xxdut.xxtrim.xr7.11                    2.88338
xxdut.xxtrim.xr7.21                    2.40692
xxdut.vc                               2.40608
t7                                         3.6
xxdut.xxcmph.tail                      1.17029
xxdut.xxcmph.dp                        1.60612
xxdut.xxcmph.dn                        1.95608
xxdut.cmph_out                         1.54238
xxdut.xxcmpl.tail                      1.05666
xxdut.xxcmpl.dp                            3.6
xxdut.xxcmpl.dn                        1.52589
xxdut.cmpl_out                     4.02941e-09
clk                                   0.656494
xxdut.qbar                              1.4621
xxdut.mid1                             2.85977
xxdut.mid2                             3.33811
vt7#branch                                   0
vt6#branch                                   0
vt5#branch                                   0
vt4#branch                                   0
vt3#branch                                   0
vt2#branch                                   0
vt1#branch                                   0
vt0#branch                                   0
vdd#branch                         -0.00100786

 Reference value :  0.00000e+00
 Reference value :  8.22308e-08
 Reference value :  1.70804e-07
 Reference value :  2.68682e-07
 Reference value :  3.55364e-07
 Reference value :  4.37184e-07
 Reference value :  5.17563e-07
 Reference value :  6.04459e-07
 Reference value :  6.81862e-07
 Reference value :  7.65343e-07
 Reference value :  8.45124e-07
 Reference value :  9.27335e-07
 Reference value :  1.00563e-06
 Reference value :  1.08422e-06
 Reference value :  1.16492e-06
No. of Data Rows : 6746
ta                  =  6.26274e-08
tb                  =  3.55135e-07
ta = 6.262740e-08
tb = 3.551348e-07
period = 1.462537e-08
fosc = 6.837434e+07
ngspice-46 done

Warning: m=xx on .subckt line will override multiplier m hierarchy!

Note: Starting dynamic gmin stepping
Note: Dynamic gmin stepping completed
