====================================================================
gf180-rcosc PVT corner run: ff_T+085C_V3p3_code0x80
run id      : 20260921T065703Z
process     : ff (fets=ff res=res_ff mimcap=mimcap_ff)
temperature : 85 C
supply      : 3.3 V
trim code   : 0x80 (128)
transient   : tran 200p 1200n, f = 20 periods / (t[rise=25] - t[rise=5])
wall clock  : 45.9 s
exit status : 0
====================================================================

Note: Compatibility modes selected: hs a


Circuit: ** sch_path: /users/rwalters/github/gf180-rcosc/.loom/worktrees/issue-39/design/pvt_tb.sch

Doing analysis at TEMP = 85.000000 and TNOM = 27.000000

Using SPARSE 1.3 as Direct Linear Solver

Initial Transient Solution
--------------------------

Node                                   Voltage
----                                   -------
vdd                                        3.3
xxdut.xxbias.xrba.11                   3.29917
xxdut.xxbias.xrba.21                   2.20083
xxdut.vh                                   2.2
xxdut.xxbias.xrbb.11                   2.19917
xxdut.xxbias.xrbb.21                   1.10083
xxdut.vl                                   1.1
xxdut.xxbias.xrbc.11                   1.09917
xxdut.xxbias.xrbc.21               0.000834647
xxdut.ibias                            1.06169
xxdut.xxbias.pb                        1.93135
xxdut.xxbias.n2s                      0.296072
xxdut.xxbias.xrz.11                   0.295141
xxdut.xxbias.xrz.21                0.000931571
xxdut.xxbias.xseed.11                  3.29997
xxdut.xxbias.xseed.21                  1.06172
xxdut.xxtrim.xrfix.11                  3.29922
xxdut.xxtrim.xrfix.21                  3.12362
xxdut.xxtrim.c1                        3.12285
xxdut.xxtrim.xr0.11                    3.12207
xxdut.xxtrim.xr0.21                    3.11443
xxdut.xxtrim.c2                        3.11366
t0                                           0
xxdut.xxtrim.xr1.11                    3.11288
xxdut.xxtrim.xr1.21                     3.0976
xxdut.xxtrim.c3                        3.09683
t1                                           0
xxdut.xxtrim.xr2.11                    3.09605
xxdut.xxtrim.xr2.21                    3.06549
xxdut.xxtrim.c4                        3.06472
t2                                           0
xxdut.xxtrim.xr3.11                    3.06394
xxdut.xxtrim.xr3.21                    3.00282
xxdut.xxtrim.c5                        3.00205
t3                                           0
xxdut.xxtrim.xr4.11                    3.00127
xxdut.xxtrim.xr4.21                    2.87903
xxdut.xxtrim.c6                        2.87826
t4                                           0
xxdut.xxtrim.xr5.11                    2.87748
xxdut.xxtrim.xr5.21                      2.633
xxdut.xxtrim.c7                        2.63223
t5                                           0
xxdut.xxtrim.xr6.11                    2.63145
xxdut.xxtrim.xr6.21                     2.1425
xxdut.xxtrim.c8                        2.14172
t6                                           0
xxdut.xxtrim.xr7.11                    2.14163
xxdut.xxtrim.xr7.21                    2.02196
xxdut.vc                               2.02186
t7                                         3.3
xxdut.xxcmph.tail                     0.737614
xxdut.xxcmph.dp                        1.47752
xxdut.xxcmph.dn                        1.01291
xxdut.cmph_out                         1.40591
xxdut.xxcmpl.tail                     0.312893
xxdut.xxcmpl.dp                        3.20958
xxdut.xxcmpl.dn                       0.583117
xxdut.cmpl_out                     2.65297e-08
clk                                   0.577093
xxdut.qbar                             1.35991
xxdut.mid1                             2.59899
xxdut.mid2                             3.05691
vt7#branch                                   0
vt6#branch                                   0
vt5#branch                                   0
vt4#branch                                   0
vt3#branch                                   0
vt2#branch                                   0
vt1#branch                                   0
vt0#branch                                   0
vdd#branch                         -0.00103377

 Reference value :  0.00000e+00
 Reference value :  8.25271e-08
 Reference value :  1.71958e-07
 Reference value :  2.48292e-07
 Reference value :  3.23731e-07
 Reference value :  3.91256e-07
 Reference value :  4.66447e-07
 Reference value :  5.36463e-07
 Reference value :  6.04477e-07
 Reference value :  6.71965e-07
 Reference value :  7.41080e-07
 Reference value :  8.11501e-07
 Reference value :  8.84710e-07
 Reference value :  9.59926e-07
 Reference value :  1.03859e-06
 Reference value :  1.12340e-06
 Reference value :  1.19798e-06
No. of Data Rows : 6333
ta                  =  6.55854e-08
tb                  =  3.69172e-07
ta = 6.558544e-08
tb = 3.691719e-07
period = 1.517932e-08
fosc = 6.587909e+07
ngspice-46 done

Warning: m=xx on .subckt line will override multiplier m hierarchy!

Note: Starting dynamic gmin stepping
Note: Dynamic gmin stepping completed
