====================================================================
gf180-rcosc PVT corner run: ff_T-040C_V3p3_code0x3F
run id      : 20260921T065703Z
process     : ff (fets=ff res=res_ff mimcap=mimcap_ff)
temperature : -40 C
supply      : 3.3 V
trim code   : 0x3F (63)
transient   : tran 200p 1200n, f = 20 periods / (t[rise=25] - t[rise=5])
wall clock  : 24.0 s
exit status : 0
====================================================================

Note: Compatibility modes selected: hs a


Circuit: ** sch_path: /users/rwalters/github/gf180-rcosc/.loom/worktrees/issue-39/design/pvt_tb.sch

Doing analysis at TEMP = -40.000000 and TNOM = 27.000000

Using SPARSE 1.3 as Direct Linear Solver

Initial Transient Solution
--------------------------

Node                                   Voltage
----                                   -------
vdd                                        3.3
xxdut.xxbias.xrba.11                   3.29815
xxdut.xxbias.xrba.21                   2.20185
xxdut.vh                                   2.2
xxdut.xxbias.xrbb.11                   2.19815
xxdut.xxbias.xrbb.21                   1.10185
xxdut.vl                                   1.1
xxdut.xxbias.xrbc.11                   1.09815
xxdut.xxbias.xrbc.21                0.00185143
xxdut.ibias                           0.917963
xxdut.xxbias.pb                        2.16606
xxdut.xxbias.n2s                      0.155341
xxdut.xxbias.xrz.11                   0.154263
xxdut.xxbias.xrz.21                 0.00107792
xxdut.xxbias.xseed.11                  3.29992
xxdut.xxbias.xseed.21                 0.918046
xxdut.xxtrim.xrfix.11                  3.29912
xxdut.xxtrim.xrfix.21                  3.20978
xxdut.xxtrim.c1                         3.2089
xxdut.xxtrim.xr0.11                    3.20803
xxdut.xxtrim.xr0.21                    3.20414
xxdut.xxtrim.c2                        3.20326
t0                                         3.3
xxdut.xxtrim.xr1.11                    3.20238
xxdut.xxtrim.xr1.21                    3.19461
xxdut.xxtrim.c3                        3.19373
t1                                         3.3
xxdut.xxtrim.xr2.11                    3.19286
xxdut.xxtrim.xr2.21                    3.17731
xxdut.xxtrim.c4                        3.17643
t2                                         3.3
xxdut.xxtrim.xr3.11                    3.17555
xxdut.xxtrim.xr3.21                    3.14446
xxdut.xxtrim.c5                        3.14358
t3                                         3.3
xxdut.xxtrim.xr4.11                     3.1427
xxdut.xxtrim.xr4.21                    3.08051
xxdut.xxtrim.c6                        3.07963
t4                                         3.3
xxdut.xxtrim.xr5.11                    3.07876
xxdut.xxtrim.xr5.21                    2.95437
xxdut.xxtrim.c7                        2.95349
t5                                         3.3
xxdut.xxtrim.xr6.11                    2.95262
xxdut.xxtrim.xr6.21                    2.70384
xxdut.xxtrim.c8                        2.70297
t6                                           0
xxdut.xxtrim.xr7.11                    2.70209
xxdut.xxtrim.xr7.21                    2.20455
xxdut.vc                               2.20367
t7                                           0
xxdut.xxcmph.tail                      1.00798
xxdut.xxcmph.dp                        1.46962
xxdut.xxcmph.dn                        1.67227
xxdut.cmph_out                         1.41349
xxdut.xxcmpl.tail                     0.889108
xxdut.xxcmpl.dp                            3.3
xxdut.xxcmpl.dn                        1.25155
xxdut.cmpl_out                     3.27009e-09
clk                                   0.648921
xxdut.qbar                              1.3482
xxdut.mid1                              2.6593
xxdut.mid2                             3.08081
vt7#branch                                   0
vt6#branch                                   0
vt5#branch                                   0
vt4#branch                                   0
vt3#branch                                   0
vt2#branch                                   0
vt1#branch                                   0
vt0#branch                                   0
vdd#branch                        -0.000854627

 Reference value :  0.00000e+00
 Reference value :  8.84098e-08
 Reference value :  1.56206e-07
 Reference value :  2.22031e-07
 Reference value :  3.08402e-07
 Reference value :  3.73537e-07
 Reference value :  4.42020e-07
 Reference value :  5.37306e-07
 Reference value :  6.40913e-07
 Reference value :  7.41174e-07
 Reference value :  8.49857e-07
 Reference value :  9.58243e-07
 Reference value :  1.06610e-06
 Reference value :  1.17216e-06
No. of Data Rows : 6285
ta                  =  1.16172e-07
tb                  =  6.75735e-07
ta = 1.161723e-07
tb = 6.757349e-07
period = 2.797813e-08
fosc = 3.574220e+07
ngspice-46 done

Warning: m=xx on .subckt line will override multiplier m hierarchy!

Note: Starting dynamic gmin stepping
Note: Dynamic gmin stepping completed
