====================================================================
gf180-rcosc PVT corner run: ff_T+027C_V3p0_code0x3F
run id      : 20260921T065703Z
process     : ff (fets=ff res=res_ff mimcap=mimcap_ff)
temperature : 27 C
supply      : 3 V
trim code   : 0x3F (63)
transient   : tran 200p 1200n, f = 20 periods / (t[rise=25] - t[rise=5])
wall clock  : 23.3 s
exit status : 0
====================================================================

Note: Compatibility modes selected: hs a


Circuit: ** sch_path: /users/rwalters/github/gf180-rcosc/.loom/worktrees/issue-39/design/pvt_tb.sch

Doing analysis at TEMP = 27.000000 and TNOM = 27.000000

Using SPARSE 1.3 as Direct Linear Solver

Initial Transient Solution
--------------------------

Node                                   Voltage
----                                   -------
vdd                                          3
xxdut.xxbias.xrba.11                   2.99895
xxdut.xxbias.xrba.21                   2.00105
xxdut.vh                                     2
xxdut.xxbias.xrbb.11                   1.99895
xxdut.xxbias.xrbb.21                   1.00105
xxdut.vl                                     1
xxdut.xxbias.xrbc.11                  0.998949
xxdut.xxbias.xrbc.21                0.00105114
xxdut.ibias                           0.973792
xxdut.xxbias.pb                        1.76133
xxdut.xxbias.n2s                      0.218988
xxdut.xxbias.xrz.11                   0.218036
xxdut.xxbias.xrz.21                0.000952775
xxdut.xxbias.xseed.11                  2.99996
xxdut.xxbias.xseed.21                 0.973836
xxdut.xxtrim.xrfix.11                  2.99948
xxdut.xxtrim.xrfix.21                   2.9148
xxdut.xxtrim.c1                        2.91428
xxdut.xxtrim.xr0.11                    2.91377
xxdut.xxtrim.xr0.21                    2.91008
xxdut.xxtrim.c2                        2.90956
t0                                           3
xxdut.xxtrim.xr1.11                    2.90905
xxdut.xxtrim.xr1.21                    2.90168
xxdut.xxtrim.c3                        2.90116
t1                                           3
xxdut.xxtrim.xr2.11                    2.90064
xxdut.xxtrim.xr2.21                     2.8859
xxdut.xxtrim.c4                        2.88538
t2                                           3
xxdut.xxtrim.xr3.11                    2.88487
xxdut.xxtrim.xr3.21                    2.85539
xxdut.xxtrim.c5                        2.85487
t3                                           3
xxdut.xxtrim.xr4.11                    2.85436
xxdut.xxtrim.xr4.21                    2.79541
xxdut.xxtrim.c6                        2.79489
t4                                           3
xxdut.xxtrim.xr5.11                    2.79437
xxdut.xxtrim.xr5.21                    2.67648
xxdut.xxtrim.c7                        2.67596
t5                                           3
xxdut.xxtrim.xr6.11                    2.67544
xxdut.xxtrim.xr6.21                    2.43966
xxdut.xxtrim.c8                        2.43914
t6                                           0
xxdut.xxtrim.xr7.11                    2.43862
xxdut.xxtrim.xr7.21                    1.96705
xxdut.vc                               1.96653
t7                                           0
xxdut.xxcmph.tail                     0.766079
xxdut.xxcmph.dp                        1.33703
xxdut.xxcmph.dn                        1.07171
xxdut.cmph_out                         1.28488
xxdut.xxcmpl.tail                     0.330683
xxdut.xxcmpl.dp                          2.992
xxdut.xxcmpl.dn                       0.537689
xxdut.cmpl_out                     3.61979e-09
clk                                   0.583179
xxdut.qbar                             1.23332
xxdut.mid1                             2.41376
xxdut.mid2                             2.80669
vt7#branch                                   0
vt6#branch                                   0
vt5#branch                                   0
vt4#branch                                   0
vt3#branch                                   0
vt2#branch                                   0
vt1#branch                                   0
vt0#branch                                   0
vdd#branch                        -0.000809972

 Reference value :  0.00000e+00
 Reference value :  9.87291e-08
 Reference value :  1.68948e-07
 Reference value :  2.42181e-07
 Reference value :  3.23758e-07
 Reference value :  3.99624e-07
 Reference value :  4.69180e-07
 Reference value :  5.61671e-07
 Reference value :  6.66389e-07
 Reference value :  7.67992e-07
 Reference value :  8.72118e-07
 Reference value :  9.74954e-07
 Reference value :  1.07503e-06
 Reference value :  1.17723e-06
No. of Data Rows : 6311
ta                  =  1.10528e-07
tb                  =  6.36016e-07
ta = 1.105275e-07
tb = 6.360160e-07
period = 2.627443e-08
fosc = 3.805982e+07
ngspice-46 done

Warning: m=xx on .subckt line will override multiplier m hierarchy!

Note: Starting dynamic gmin stepping
Note: Dynamic gmin stepping completed
