====================================================================
gf180-rcosc PVT corner run: ff_T+027C_V3p3_code0x9F
run id      : 20260921T065703Z
process     : ff (fets=ff res=res_ff mimcap=mimcap_ff)
temperature : 27 C
supply      : 3.3 V
trim code   : 0x9F (159)
transient   : tran 200p 1200n, f = 20 periods / (t[rise=25] - t[rise=5])
wall clock  : 17.5 s
exit status : 0
====================================================================

Note: Compatibility modes selected: hs a


Circuit: ** sch_path: /users/rwalters/github/gf180-rcosc/.loom/worktrees/issue-39/design/pvt_tb.sch

Doing analysis at TEMP = 27.000000 and TNOM = 27.000000

Using SPARSE 1.3 as Direct Linear Solver

Initial Transient Solution
--------------------------

Node                                   Voltage
----                                   -------
vdd                                        3.3
xxdut.xxbias.xrba.11                   3.29884
xxdut.xxbias.xrba.21                   2.20116
xxdut.vh                                   2.2
xxdut.xxbias.xrbb.11                   2.19884
xxdut.xxbias.xrbb.21                   1.10116
xxdut.vl                                   1.1
xxdut.xxbias.xrbc.11                   1.09884
xxdut.xxbias.xrbc.21                0.00115626
xxdut.ibias                           0.979628
xxdut.xxbias.pb                        2.05582
xxdut.xxbias.n2s                      0.222864
xxdut.xxbias.xrz.11                   0.221895
xxdut.xxbias.xrz.21                0.000969639
xxdut.xxbias.xseed.11                  3.29995
xxdut.xxbias.xseed.21                 0.979678
xxdut.xxtrim.xrfix.11                  3.29938
xxdut.xxtrim.xrfix.21                  3.19786
xxdut.xxtrim.c1                        3.19724
xxdut.xxtrim.xr0.11                    3.19661
xxdut.xxtrim.xr0.21                     3.1922
xxdut.xxtrim.c2                        3.19158
t0                                         3.3
xxdut.xxtrim.xr1.11                    3.19095
xxdut.xxtrim.xr1.21                    3.18212
xxdut.xxtrim.c3                         3.1815
t1                                         3.3
xxdut.xxtrim.xr2.11                    3.18088
xxdut.xxtrim.xr2.21                    3.16321
xxdut.xxtrim.c4                        3.16259
t2                                         3.3
xxdut.xxtrim.xr3.11                    3.16197
xxdut.xxtrim.xr3.21                    3.12663
xxdut.xxtrim.c5                        3.12601
t3                                         3.3
xxdut.xxtrim.xr4.11                    3.12539
xxdut.xxtrim.xr4.21                    3.05472
xxdut.xxtrim.c6                         3.0541
t4                                         3.3
xxdut.xxtrim.xr5.11                    3.05347
xxdut.xxtrim.xr5.21                    2.91213
xxdut.xxtrim.c7                        2.91151
t5                                           0
xxdut.xxtrim.xr6.11                    2.91089
xxdut.xxtrim.xr6.21                    2.62821
xxdut.xxtrim.c8                        2.62759
t6                                           0
xxdut.xxtrim.xr7.11                    2.62711
xxdut.xxtrim.xr7.21                    2.19198
xxdut.vc                               2.19151
t7                                         3.3
xxdut.xxcmph.tail                     0.941545
xxdut.xxcmph.dp                        1.47194
xxdut.xxcmph.dn                        1.35067
xxdut.cmph_out                         1.41193
xxdut.xxcmpl.tail                     0.517212
xxdut.xxcmpl.dp                        3.29968
xxdut.xxcmpl.dn                       0.751691
xxdut.cmpl_out                     4.10044e-09
clk                                   0.592005
xxdut.qbar                             1.35089
xxdut.mid1                             2.61594
xxdut.mid2                             3.06698
vt7#branch                                   0
vt6#branch                                   0
vt5#branch                                   0
vt4#branch                                   0
vt3#branch                                   0
vt2#branch                                   0
vt1#branch                                   0
vt0#branch                                   0
vdd#branch                        -0.000942564

 Reference value :  0.00000e+00
 Reference value :  6.20035e-08
 Reference value :  1.22960e-07
 Reference value :  1.85347e-07
 Reference value :  2.48660e-07
 Reference value :  3.10628e-07
 Reference value :  3.70431e-07
 Reference value :  4.27478e-07
 Reference value :  4.84059e-07
 Reference value :  5.51878e-07
 Reference value :  6.12262e-07
 Reference value :  6.79882e-07
 Reference value :  7.39226e-07
 Reference value :  7.97197e-07
 Reference value :  8.59061e-07
 Reference value :  9.24366e-07
 Reference value :  9.97747e-07
 Reference value :  1.06554e-06
 Reference value :  1.13523e-06
No. of Data Rows : 6506
ta                  =  7.75120e-08
tb                  =  4.45580e-07
ta = 7.751198e-08
tb = 4.455796e-07
period = 1.840338e-08
fosc = 5.433784e+07
ngspice-46 done

Warning: m=xx on .subckt line will override multiplier m hierarchy!

Note: Starting dynamic gmin stepping
Note: Dynamic gmin stepping completed
