====================================================================
gf180-rcosc PVT corner run: ff_T+085C_V3p3_code0xCF
run id      : 20260921T065703Z
process     : ff (fets=ff res=res_ff mimcap=mimcap_ff)
temperature : 85 C
supply      : 3.3 V
trim code   : 0xCF (207)
transient   : tran 200p 1200n, f = 20 periods / (t[rise=25] - t[rise=5])
wall clock  : 44.6 s
exit status : 0
====================================================================

Note: Compatibility modes selected: hs a


Circuit: ** sch_path: /users/rwalters/github/gf180-rcosc/.loom/worktrees/issue-39/design/pvt_tb.sch

Doing analysis at TEMP = 85.000000 and TNOM = 27.000000

Using SPARSE 1.3 as Direct Linear Solver

Initial Transient Solution
--------------------------

Node                                   Voltage
----                                   -------
vdd                                        3.3
xxdut.xxbias.xrba.11                   3.29917
xxdut.xxbias.xrba.21                   2.20083
xxdut.vh                                   2.2
xxdut.xxbias.xrbb.11                   2.19917
xxdut.xxbias.xrbb.21                   1.10083
xxdut.vl                                   1.1
xxdut.xxbias.xrbc.11                   1.09917
xxdut.xxbias.xrbc.21               0.000834647
xxdut.ibias                            1.06169
xxdut.xxbias.pb                        1.93135
xxdut.xxbias.n2s                      0.296072
xxdut.xxbias.xrz.11                   0.295141
xxdut.xxbias.xrz.21                0.000931571
xxdut.xxbias.xseed.11                  3.29997
xxdut.xxbias.xseed.21                  1.06172
xxdut.xxtrim.xrfix.11                  3.29912
xxdut.xxtrim.xrfix.21                    3.099
xxdut.xxtrim.c1                        3.09812
xxdut.xxtrim.xr0.11                    3.09724
xxdut.xxtrim.xr0.21                    3.08853
xxdut.xxtrim.c2                        3.08765
t0                                         3.3
xxdut.xxtrim.xr1.11                    3.08676
xxdut.xxtrim.xr1.21                    3.06935
xxdut.xxtrim.c3                        3.06847
t1                                         3.3
xxdut.xxtrim.xr2.11                    3.06758
xxdut.xxtrim.xr2.21                    3.03276
xxdut.xxtrim.c4                        3.03187
t2                                         3.3
xxdut.xxtrim.xr3.11                    3.03099
xxdut.xxtrim.xr3.21                    2.96134
xxdut.xxtrim.c5                        2.96045
t3                                         3.3
xxdut.xxtrim.xr4.11                    2.95957
xxdut.xxtrim.xr4.21                    2.82027
xxdut.xxtrim.c6                        2.81938
t4                                           0
xxdut.xxtrim.xr5.11                     2.8185
xxdut.xxtrim.xr5.21                    2.53989
xxdut.xxtrim.c7                        2.53901
t5                                           0
xxdut.xxtrim.xr6.11                    2.53842
xxdut.xxtrim.xr6.21                    2.16467
xxdut.xxtrim.c8                        2.16408
t6                                         3.3
xxdut.xxtrim.xr7.11                    2.16397
xxdut.xxtrim.xr7.21                    2.02197
xxdut.vc                               2.02186
t7                                         3.3
xxdut.xxcmph.tail                     0.737613
xxdut.xxcmph.dp                        1.47758
xxdut.xxcmph.dn                        1.01291
xxdut.cmph_out                         1.40334
xxdut.xxcmpl.tail                     0.312893
xxdut.xxcmpl.dp                        3.20958
xxdut.xxcmpl.dn                       0.583118
xxdut.cmpl_out                     2.65298e-08
clk                                   0.586679
xxdut.qbar                             1.35764
xxdut.mid1                             2.60486
xxdut.mid2                             3.05632
vt7#branch                                   0
vt6#branch                                   0
vt5#branch                                   0
vt4#branch                                   0
vt3#branch                                   0
vt2#branch                                   0
vt1#branch                                   0
vt0#branch                                   0
vdd#branch                         -0.00103741

 Reference value :  0.00000e+00
 Reference value :  7.19107e-08
 Reference value :  1.48473e-07
 Reference value :  2.30619e-07
 Reference value :  3.15431e-07
 Reference value :  4.02598e-07
 Reference value :  4.93028e-07
 Reference value :  5.65075e-07
 Reference value :  6.40446e-07
 Reference value :  7.24269e-07
 Reference value :  8.04033e-07
 Reference value :  8.79515e-07
 Reference value :  9.58700e-07
 Reference value :  1.03911e-06
 Reference value :  1.11900e-06
 Reference value :  1.19640e-06
No. of Data Rows : 6615
ta                  =  5.01180e-08
tb                  =  2.77094e-07
ta = 5.011796e-08
tb = 2.770939e-07
period = 1.134880e-08
fosc = 8.811507e+07
ngspice-46 done

Warning: m=xx on .subckt line will override multiplier m hierarchy!

Note: Starting dynamic gmin stepping
Note: Dynamic gmin stepping completed
