====================================================================
gf180-rcosc PVT corner run: fs_T+027C_V3p0_code0xCF
run id      : 20260921T065703Z
process     : fs (fets=fs res=res_typical mimcap=mimcap_typical)
temperature : 27 C
supply      : 3 V
trim code   : 0xCF (207)
transient   : tran 200p 1200n, f = 20 periods / (t[rise=25] - t[rise=5])
wall clock  : 173.5 s
exit status : 0
====================================================================

Note: Compatibility modes selected: hs a


Circuit: ** sch_path: /users/rwalters/github/gf180-rcosc/.loom/worktrees/issue-39/design/pvt_tb.sch

Doing analysis at TEMP = 27.000000 and TNOM = 27.000000

Using SPARSE 1.3 as Direct Linear Solver

Initial Transient Solution
--------------------------

Node                                   Voltage
----                                   -------
vdd                                          3
xxdut.xxbias.xrba.11                   2.99916
xxdut.xxbias.xrba.21                   2.00084
xxdut.vh                                     2
xxdut.xxbias.xrbb.11                   1.99916
xxdut.xxbias.xrbb.21                   1.00084
xxdut.vl                                     1
xxdut.xxbias.xrbc.11                  0.999159
xxdut.xxbias.xrbc.21               0.000841267
xxdut.ibias                           0.932813
xxdut.xxbias.pb                        1.62232
xxdut.xxbias.n2s                      0.185581
xxdut.xxbias.xrz.11                   0.184933
xxdut.xxbias.xrz.21                0.000647066
xxdut.xxbias.xseed.11                  2.99996
xxdut.xxbias.xseed.21                 0.932849
xxdut.xxtrim.xrfix.11                  2.99957
xxdut.xxtrim.xrfix.21                  2.91083
xxdut.xxtrim.c1                         2.9104
xxdut.xxtrim.xr0.11                    2.90996
xxdut.xxtrim.xr0.21                     2.9061
xxdut.xxtrim.c2                        2.90567
t0                                           3
xxdut.xxtrim.xr1.11                    2.90523
xxdut.xxtrim.xr1.21                    2.89751
xxdut.xxtrim.c3                        2.89708
t1                                           3
xxdut.xxtrim.xr2.11                    2.89664
xxdut.xxtrim.xr2.21                     2.8812
xxdut.xxtrim.c4                        2.88076
t2                                           3
xxdut.xxtrim.xr3.11                    2.88033
xxdut.xxtrim.xr3.21                    2.84944
xxdut.xxtrim.c5                        2.84901
t3                                           3
xxdut.xxtrim.xr4.11                    2.84857
xxdut.xxtrim.xr4.21                     2.7868
xxdut.xxtrim.c6                        2.78637
t4                                           0
xxdut.xxtrim.xr5.11                    2.78593
xxdut.xxtrim.xr5.21                    2.66239
xxdut.xxtrim.c7                        2.66196
t5                                           0
xxdut.xxtrim.xr6.11                    2.66152
xxdut.xxtrim.xr6.21                    2.41444
xxdut.xxtrim.c8                        2.41401
t6                                           3
xxdut.xxtrim.xr7.11                    2.41361
xxdut.xxtrim.xr7.21                     1.9597
xxdut.vc                                1.9593
t7                                           3
xxdut.xxcmph.tail                     0.786943
xxdut.xxcmph.dp                        1.23493
xxdut.xxcmph.dn                        1.01885
xxdut.cmph_out                          1.1821
xxdut.xxcmpl.tail                     0.367564
xxdut.xxcmpl.dp                        2.99828
xxdut.xxcmpl.dn                       0.527142
xxdut.cmpl_out                     3.60026e-09
clk                                   0.604471
xxdut.qbar                             1.14551
xxdut.mid1                             2.50824
xxdut.mid2                             2.83658
vt7#branch                                   0
vt6#branch                                   0
vt5#branch                                   0
vt4#branch                                   0
vt3#branch                                   0
vt2#branch                                   0
vt1#branch                                   0
vt0#branch                                   0
vdd#branch                        -0.000567125

 Reference value :  0.00000e+00
 Reference value :  8.58967e-08
 Reference value :  1.68402e-07
 Reference value :  2.62607e-07
 Reference value :  3.43164e-07
 Reference value :  4.24357e-07
 Reference value :  5.10419e-07
 Reference value :  6.05914e-07
 Reference value :  6.85806e-07
 Reference value :  7.66995e-07
 Reference value :  8.63679e-07
 Reference value :  9.64091e-07
 Reference value :  1.08419e-06
No. of Data Rows : 6277
ta                  =  8.45351e-08
tb                  =  4.84209e-07
ta = 8.453514e-08
tb = 4.842089e-07
period = 1.998369e-08
fosc = 5.004081e+07
ngspice-46 done

Warning: m=xx on .subckt line will override multiplier m hierarchy!

Note: Starting dynamic gmin stepping
Note: Dynamic gmin stepping completed
