====================================================================
gf180-rcosc PVT corner run: fs_T+027C_V3p3_code0x7F
run id      : 20260921T065703Z
process     : fs (fets=fs res=res_typical mimcap=mimcap_typical)
temperature : 27 C
supply      : 3.3 V
trim code   : 0x7F (127)
transient   : tran 200p 1200n, f = 20 periods / (t[rise=25] - t[rise=5])
wall clock  : 9.6 s
exit status : 0
====================================================================

Note: Compatibility modes selected: hs a


Circuit: ** sch_path: /users/rwalters/github/gf180-rcosc/.loom/worktrees/issue-39/design/pvt_tb.sch

Doing analysis at TEMP = 27.000000 and TNOM = 27.000000

Using SPARSE 1.3 as Direct Linear Solver

Initial Transient Solution
--------------------------

Node                                   Voltage
----                                   -------
vdd                                        3.3
xxdut.xxbias.xrba.11                   3.29907
xxdut.xxbias.xrba.21                   2.20093
xxdut.vh                                   2.2
xxdut.xxbias.xrbb.11                   2.19907
xxdut.xxbias.xrbb.21                   1.10093
xxdut.vl                                   1.1
xxdut.xxbias.xrbc.11                   1.09907
xxdut.xxbias.xrbc.21               0.000925394
xxdut.ibias                           0.937931
xxdut.xxbias.pb                        1.91732
xxdut.xxbias.n2s                      0.188978
xxdut.xxbias.xrz.11                   0.188319
xxdut.xxbias.xrz.21                 0.00065891
xxdut.xxbias.xseed.11                  3.29996
xxdut.xxbias.xseed.21                 0.937972
xxdut.xxtrim.xrfix.11                  3.29955
xxdut.xxtrim.xrfix.21                  3.20873
xxdut.xxtrim.c1                        3.20828
xxdut.xxtrim.xr0.11                    3.20784
xxdut.xxtrim.xr0.21                    3.20389
xxdut.xxtrim.c2                        3.20344
t0                                         3.3
xxdut.xxtrim.xr1.11                      3.203
xxdut.xxtrim.xr1.21                    3.19509
xxdut.xxtrim.c3                        3.19465
t1                                         3.3
xxdut.xxtrim.xr2.11                     3.1942
xxdut.xxtrim.xr2.21                     3.1784
xxdut.xxtrim.c4                        3.17795
t2                                         3.3
xxdut.xxtrim.xr3.11                    3.17751
xxdut.xxtrim.xr3.21                    3.14589
xxdut.xxtrim.c5                        3.14545
t3                                         3.3
xxdut.xxtrim.xr4.11                      3.145
xxdut.xxtrim.xr4.21                    3.08178
xxdut.xxtrim.c6                        3.08133
t4                                         3.3
xxdut.xxtrim.xr5.11                    3.08089
xxdut.xxtrim.xr5.21                    2.95443
xxdut.xxtrim.c7                        2.95399
t5                                         3.3
xxdut.xxtrim.xr6.11                    2.95354
xxdut.xxtrim.xr6.21                    2.70063
xxdut.xxtrim.c8                        2.70019
t6                                         3.3
xxdut.xxtrim.xr7.11                    2.69974
xxdut.xxtrim.xr7.21                    2.19393
xxdut.vc                               2.19348
t7                                           0
xxdut.xxcmph.tail                     0.968992
xxdut.xxcmph.dp                        1.36332
xxdut.xxcmph.dn                         1.2997
xxdut.cmph_out                         1.30302
xxdut.xxcmpl.tail                     0.597893
xxdut.xxcmpl.dp                        3.29999
xxdut.xxcmpl.dn                       0.782846
xxdut.cmpl_out                     3.91074e-09
clk                                   0.604385
xxdut.qbar                              1.2536
xxdut.mid1                             2.70893
xxdut.mid2                              3.0966
vt7#branch                                   0
vt6#branch                                   0
vt5#branch                                   0
vt4#branch                                   0
vt3#branch                                   0
vt2#branch                                   0
vt1#branch                                   0
vt0#branch                                   0
vdd#branch                        -0.000670689

 Reference value :  0.00000e+00
 Reference value :  9.62004e-08
 Reference value :  1.81304e-07
 Reference value :  2.75256e-07
 Reference value :  3.70301e-07
 Reference value :  4.73802e-07
 Reference value :  5.68217e-07
 Reference value :  6.74208e-07
 Reference value :  7.56363e-07
 Reference value :  8.46148e-07
 Reference value :  9.46033e-07
 Reference value :  1.04453e-06
 Reference value :  1.14232e-06
No. of Data Rows : 6250
ta                  =  1.38425e-07
tb                  =  8.09746e-07
ta = 1.384252e-07
tb = 8.097465e-07
period = 3.356607e-08
fosc = 2.979199e+07
ngspice-46 done

Warning: m=xx on .subckt line will override multiplier m hierarchy!

Note: Starting dynamic gmin stepping
Note: Dynamic gmin stepping completed
