====================================================================
gf180-rcosc PVT corner run: fs_T-040C_V3p3_code0x80
run id      : 20260921T065703Z
process     : fs (fets=fs res=res_typical mimcap=mimcap_typical)
temperature : -40 C
supply      : 3.3 V
trim code   : 0x80 (128)
transient   : tran 200p 1200n, f = 20 periods / (t[rise=25] - t[rise=5])
wall clock  : 314.3 s
exit status : 0
====================================================================

Note: Compatibility modes selected: hs a


Circuit: ** sch_path: /users/rwalters/github/gf180-rcosc/.loom/worktrees/issue-39/design/pvt_tb.sch

Doing analysis at TEMP = -40.000000 and TNOM = 27.000000

Using SPARSE 1.3 as Direct Linear Solver

Initial Transient Solution
--------------------------

Node                                   Voltage
----                                   -------
vdd                                        3.3
xxdut.xxbias.xrba.11                   3.29852
xxdut.xxbias.xrba.21                   2.20212
xxdut.vh                               2.20064
xxdut.xxbias.xrbb.11                   2.19916
xxdut.xxbias.xrbb.21                   1.10571
xxdut.vl                               1.10423
xxdut.xxbias.xrbc.11                   1.10275
xxdut.xxbias.xrbc.21                0.00148785
xxdut.ibias                           0.900727
xxdut.xxbias.pb                        2.00249
xxdut.xxbias.n2s                      0.134277
xxdut.xxbias.xrz.11                   0.133529
xxdut.xxbias.xrz.21                0.000747477
xxdut.xxbias.xseed.11                  3.29993
xxdut.xxbias.xseed.21                 0.900793
xxdut.xxtrim.xrfix.11                  3.29701
xxdut.xxtrim.xrfix.21                   2.9167
xxdut.xxtrim.c1                        2.91371
xxdut.xxtrim.xr0.11                    2.91073
xxdut.xxtrim.xr0.21                    2.89422
xxdut.xxtrim.c2                        2.89124
t0                                           0
xxdut.xxtrim.xr1.11                    2.88827
xxdut.xxtrim.xr1.21                    2.85536
xxdut.xxtrim.c3                        2.85239
t1                                           0
xxdut.xxtrim.xr2.11                    2.84943
xxdut.xxtrim.xr2.21                    2.78385
xxdut.xxtrim.c4                        2.78089
t2                                           0
xxdut.xxtrim.xr3.11                    2.77794
xxdut.xxtrim.xr3.21                    2.64739
xxdut.xxtrim.c5                        2.64444
t3                                           0
xxdut.xxtrim.xr4.11                    2.64151
xxdut.xxtrim.xr4.21                    2.38211
xxdut.xxtrim.c6                        2.37919
t4                                           0
xxdut.xxtrim.xr5.11                    2.37629
xxdut.xxtrim.xr5.21                    1.86342
xxdut.xxtrim.c7                        1.86053
t5                                           0
xxdut.xxtrim.xr6.11                     1.8577
xxdut.xxtrim.xr6.21                   0.857285
xxdut.xxtrim.c8                       0.854463
t6                                           0
xxdut.xxtrim.xr7.11                   0.854435
xxdut.xxtrim.xr7.21                   0.834624
xxdut.vc                              0.834596
t7                                         3.3
xxdut.xxcmph.tail                     0.913294
xxdut.xxcmph.dp                        3.30022
xxdut.xxcmph.dn                        1.20373
xxdut.cmph_out                      0.00131002
xxdut.xxcmpl.tail                    0.0285279
xxdut.xxcmpl.dp                      0.0378358
xxdut.xxcmpl.dn                        2.04874
xxdut.cmpl_out                         3.30017
clk                                5.19886e-06
xxdut.qbar                              3.2985
xxdut.mid1                             3.30302
xxdut.mid2                             1.98882
vt7#branch                          2.8154e-06
vt6#branch                         1.29035e-06
vt5#branch                         5.88811e-08
vt4#branch                         3.90904e-08
vt3#branch                         2.88221e-08
vt2#branch                         2.35705e-08
vt1#branch                         2.08223e-08
vt0#branch                          1.9312e-08
vdd#branch                        -0.000218836

 Reference value :  0.00000e+00
 Reference value :  1.06838e-07
 Reference value :  2.18768e-07
 Reference value :  3.23642e-07
 Reference value :  4.28851e-07
 Reference value :  5.33357e-07
 Reference value :  6.37184e-07
 Reference value :  7.45266e-07
 Reference value :  8.53445e-07
 Reference value :  9.63682e-07
 Reference value :  1.06864e-06
 Reference value :  1.17570e-06
No. of Data Rows : 6406
ta                  =  1.26053e-07
tb                  =  6.60073e-07
ta = 1.260526e-07
tb = 6.600728e-07
period = 2.670101e-08
fosc = 3.745177e+07
ngspice-46 done

Warning: m=xx on .subckt line will override multiplier m hierarchy!

Note: Starting dynamic gmin stepping
Warning: Dynamic gmin stepping failed
Note: Starting true gmin stepping
Warning: True gmin stepping failed
Note: Starting source stepping
Warning: singular matrix:  check node xxdut.vh

Warning: source stepping failed
Note: Transient op started
Note: Transient op finished successfully
