====================================================================
gf180-rcosc PVT corner run: fs_T-040C_V3p6_code0xCF
run id      : 20260921T065703Z
process     : fs (fets=fs res=res_typical mimcap=mimcap_typical)
temperature : -40 C
supply      : 3.6 V
trim code   : 0xCF (207)
transient   : tran 200p 1200n, f = 20 periods / (t[rise=25] - t[rise=5])
wall clock  : 176.6 s
exit status : 0
====================================================================

Note: Compatibility modes selected: hs a


Circuit: ** sch_path: /users/rwalters/github/gf180-rcosc/.loom/worktrees/issue-39/design/pvt_tb.sch

Doing analysis at TEMP = -40.000000 and TNOM = 27.000000

Using SPARSE 1.3 as Direct Linear Solver

Initial Transient Solution
--------------------------

Node                                   Voltage
----                                   -------
vdd                                        3.6
xxdut.xxbias.xrba.11                   3.59838
xxdut.xxbias.xrba.21                   2.40162
xxdut.vh                                   2.4
xxdut.xxbias.xrbb.11                   2.39838
xxdut.xxbias.xrbb.21                   1.20162
xxdut.vl                                   1.2
xxdut.xxbias.xrbc.11                   1.19838
xxdut.xxbias.xrbc.21                0.00161689
xxdut.ibias                           0.907937
xxdut.xxbias.pb                        2.29528
xxdut.xxbias.n2s                       0.13882
xxdut.xxbias.xrz.11                   0.138047
xxdut.xxbias.xrz.21                0.000772766
xxdut.xxbias.xseed.11                  3.59993
xxdut.xxbias.xseed.21                 0.908012
xxdut.xxtrim.xrfix.11                   3.5992
xxdut.xxtrim.xrfix.21                  3.49727
xxdut.xxtrim.c1                        3.49647
xxdut.xxtrim.xr0.11                    3.49567
xxdut.xxtrim.xr0.21                    3.49124
xxdut.xxtrim.c2                        3.49043
t0                                         3.6
xxdut.xxtrim.xr1.11                    3.48963
xxdut.xxtrim.xr1.21                    3.48076
xxdut.xxtrim.c3                        3.47996
t1                                         3.6
xxdut.xxtrim.xr2.11                    3.47916
xxdut.xxtrim.xr2.21                    3.46142
xxdut.xxtrim.c4                        3.46062
t2                                         3.6
xxdut.xxtrim.xr3.11                    3.45982
xxdut.xxtrim.xr3.21                    3.42435
xxdut.xxtrim.c5                        3.42355
t3                                         3.6
xxdut.xxtrim.xr4.11                    3.42275
xxdut.xxtrim.xr4.21                    3.35179
xxdut.xxtrim.c6                        3.35099
t4                                           0
xxdut.xxtrim.xr5.11                    3.35019
xxdut.xxtrim.xr5.21                    3.20828
xxdut.xxtrim.c7                        3.20748
t5                                           0
xxdut.xxtrim.xr6.11                    3.20668
xxdut.xxtrim.xr6.21                    2.92286
xxdut.xxtrim.c8                        2.92206
t6                                         3.6
xxdut.xxtrim.xr7.11                    2.92134
xxdut.xxtrim.xr7.21                    2.40771
xxdut.vc                               2.40698
t7                                         3.6
xxdut.xxcmph.tail                       1.1742
xxdut.xxcmph.dp                        1.49278
xxdut.xxcmph.dn                        1.84034
xxdut.cmph_out                         1.42678
xxdut.xxcmpl.tail                      1.08046
xxdut.xxcmpl.dp                            3.6
xxdut.xxcmpl.dn                        1.46103
xxdut.cmpl_out                     3.57955e-09
clk                                    0.67397
xxdut.qbar                             1.36567
xxdut.mid1                             2.95918
xxdut.mid2                             3.37059
vt7#branch                                   0
vt6#branch                                   0
vt5#branch                                   0
vt4#branch                                   0
vt3#branch                                   0
vt2#branch                                   0
vt1#branch                                   0
vt0#branch                                   0
vdd#branch                         -0.00074244

 Reference value :  0.00000e+00
 Reference value :  8.55668e-08
 Reference value :  1.67097e-07
 Reference value :  2.47390e-07
 Reference value :  3.38182e-07
 Reference value :  4.17068e-07
 Reference value :  4.96359e-07
 Reference value :  5.79744e-07
 Reference value :  6.68496e-07
 Reference value :  7.38101e-07
 Reference value :  8.09307e-07
 Reference value :  8.96550e-07
 Reference value :  9.88090e-07
 Reference value :  1.09535e-06
No. of Data Rows : 6372
ta                  =  8.27517e-08
tb                  =  4.75490e-07
ta = 8.275172e-08
tb = 4.754899e-07
period = 1.963691e-08
fosc = 5.092451e+07
ngspice-46 done

Warning: m=xx on .subckt line will override multiplier m hierarchy!

Note: Starting dynamic gmin stepping
Note: Dynamic gmin stepping completed
