====================================================================
gf180-rcosc PVT corner run: fs_T+085C_V3p0_code0x80
run id      : 20260921T065703Z
process     : fs (fets=fs res=res_typical mimcap=mimcap_typical)
temperature : 85 C
supply      : 3 V
trim code   : 0x80 (128)
transient   : tran 200p 1200n, f = 20 periods / (t[rise=25] - t[rise=5])
wall clock  : 52.5 s
exit status : 0
====================================================================

Note: Compatibility modes selected: hs a


Circuit: ** sch_path: /users/rwalters/github/gf180-rcosc/.loom/worktrees/issue-39/design/pvt_tb.sch

Doing analysis at TEMP = 85.000000 and TNOM = 27.000000

Using SPARSE 1.3 as Direct Linear Solver

Initial Transient Solution
--------------------------

Node                                   Voltage
----                                   -------
vdd                                          3
xxdut.xxbias.xrba.11                   2.99939
xxdut.xxbias.xrba.21                   2.00061
xxdut.vh                                     2
xxdut.xxbias.xrbb.11                   1.99939
xxdut.xxbias.xrbb.21                   1.00061
xxdut.vl                                     1
xxdut.xxbias.xrbc.11                  0.999393
xxdut.xxbias.xrbc.21                 0.0006072
xxdut.ibias                           0.981628
xxdut.xxbias.pb                        1.53135
xxdut.xxbias.n2s                      0.240603
xxdut.xxbias.xrz.11                   0.239996
xxdut.xxbias.xrz.21                0.000606394
xxdut.xxbias.xseed.11                  2.99997
xxdut.xxbias.xseed.21                 0.981654
xxdut.xxtrim.xrfix.11                  2.99939
xxdut.xxtrim.xrfix.21                  2.82615
xxdut.xxtrim.c1                        2.82554
xxdut.xxtrim.xr0.11                    2.82493
xxdut.xxtrim.xr0.21                    2.81739
xxdut.xxtrim.c2                        2.81678
t0                                           0
xxdut.xxtrim.xr1.11                    2.81617
xxdut.xxtrim.xr1.21                    2.80109
xxdut.xxtrim.c3                        2.80048
t1                                           0
xxdut.xxtrim.xr2.11                    2.79987
xxdut.xxtrim.xr2.21                    2.76972
xxdut.xxtrim.c4                        2.76911
t2                                           0
xxdut.xxtrim.xr3.11                     2.7685
xxdut.xxtrim.xr3.21                     2.7082
xxdut.xxtrim.c5                        2.70759
t3                                           0
xxdut.xxtrim.xr4.11                    2.70698
xxdut.xxtrim.xr4.21                    2.58639
xxdut.xxtrim.c6                        2.58577
t4                                           0
xxdut.xxtrim.xr5.11                    2.58516
xxdut.xxtrim.xr5.21                    2.34398
xxdut.xxtrim.c7                        2.34337
t5                                           0
xxdut.xxtrim.xr6.11                    2.34275
xxdut.xxtrim.xr6.21                    1.86039
xxdut.xxtrim.c8                        1.85977
t6                                           0
xxdut.xxtrim.xr7.11                    1.85971
xxdut.xxtrim.xr7.21                    1.75309
xxdut.vc                               1.75303
t7                                           3
xxdut.xxcmph.tail                      0.58519
xxdut.xxcmph.dp                          1.236
xxdut.xxcmph.dn                       0.762437
xxdut.cmph_out                         1.16886
xxdut.xxcmpl.tail                       0.2428
xxdut.xxcmpl.dp                        2.92426
xxdut.xxcmpl.dn                        0.44409
xxdut.cmpl_out                     4.50516e-09
clk                                   0.593464
xxdut.qbar                             1.13792
xxdut.mid1                             2.49418
xxdut.mid2                             2.82164
vt7#branch                                   0
vt6#branch                                   0
vt5#branch                                   0
vt4#branch                                   0
vt3#branch                                   0
vt2#branch                                   0
vt1#branch                                   0
vt0#branch                                   0
vdd#branch                        -0.000630596

 Reference value :  0.00000e+00
 Reference value :  8.82778e-08
 Reference value :  1.91256e-07
 Reference value :  2.84972e-07
 Reference value :  3.80069e-07
 Reference value :  4.72568e-07
 Reference value :  5.68904e-07
 Reference value :  6.68971e-07
 Reference value :  7.71474e-07
 Reference value :  8.78828e-07
 Reference value :  9.87700e-07
 Reference value :  1.09884e-06
No. of Data Rows : 6327
ta                  =  8.20349e-08
tb                  =  4.69594e-07
ta = 8.203493e-08
tb = 4.695936e-07
period = 1.937793e-08
fosc = 5.160509e+07
ngspice-46 done

Warning: m=xx on .subckt line will override multiplier m hierarchy!

Note: Starting dynamic gmin stepping
Note: Dynamic gmin stepping completed
