====================================================================
gf180-rcosc PVT corner run: fs_T+085C_V3p3_code0xCF
run id      : 20260921T065703Z
process     : fs (fets=fs res=res_typical mimcap=mimcap_typical)
temperature : 85 C
supply      : 3.3 V
trim code   : 0xCF (207)
transient   : tran 200p 1200n, f = 20 periods / (t[rise=25] - t[rise=5])
wall clock  : 178.2 s
exit status : 0
====================================================================

Note: Compatibility modes selected: hs a


Circuit: ** sch_path: /users/rwalters/github/gf180-rcosc/.loom/worktrees/issue-39/design/pvt_tb.sch

Doing analysis at TEMP = 85.000000 and TNOM = 27.000000

Using SPARSE 1.3 as Direct Linear Solver

Initial Transient Solution
--------------------------

Node                                   Voltage
----                                   -------
vdd                                        3.3
xxdut.xxbias.xrba.11                   3.29933
xxdut.xxbias.xrba.21                   2.20067
xxdut.vh                                   2.2
xxdut.xxbias.xrbb.11                   2.19933
xxdut.xxbias.xrbb.21                   1.10067
xxdut.vl                                   1.1
xxdut.xxbias.xrbc.11                   1.09933
xxdut.xxbias.xrbc.21                0.00066792
xxdut.ibias                           0.987855
xxdut.xxbias.pb                        1.82531
xxdut.xxbias.n2s                      0.244701
xxdut.xxbias.xrz.11                   0.244084
xxdut.xxbias.xrz.21                0.000616723
xxdut.xxbias.xseed.11                  3.29997
xxdut.xxbias.xseed.21                 0.987884
xxdut.xxtrim.xrfix.11                  3.29938
xxdut.xxtrim.xrfix.21                  3.12304
xxdut.xxtrim.c1                        3.12241
xxdut.xxtrim.xr0.11                    3.12179
xxdut.xxtrim.xr0.21                    3.11412
xxdut.xxtrim.c2                         3.1135
t0                                         3.3
xxdut.xxtrim.xr1.11                    3.11287
xxdut.xxtrim.xr1.21                    3.09753
xxdut.xxtrim.c3                        3.09691
t1                                         3.3
xxdut.xxtrim.xr2.11                    3.09628
xxdut.xxtrim.xr2.21                    3.06559
xxdut.xxtrim.c4                        3.06497
t2                                         3.3
xxdut.xxtrim.xr3.11                    3.06435
xxdut.xxtrim.xr3.21                    3.00297
xxdut.xxtrim.c5                        3.00235
t3                                         3.3
xxdut.xxtrim.xr4.11                    3.00173
xxdut.xxtrim.xr4.21                    2.87897
xxdut.xxtrim.c6                        2.87835
t4                                           0
xxdut.xxtrim.xr5.11                    2.87772
xxdut.xxtrim.xr5.21                    2.63222
xxdut.xxtrim.c7                        2.63159
t5                                           0
xxdut.xxtrim.xr6.11                    2.63105
xxdut.xxtrim.xr6.21                    2.20549
xxdut.xxtrim.c8                        2.20495
t6                                         3.3
xxdut.xxtrim.xr7.11                    2.20485
xxdut.xxtrim.xr7.21                    2.05063
xxdut.vc                               2.05053
t7                                         3.3
xxdut.xxcmph.tail                     0.812262
xxdut.xxcmph.dp                        1.36615
xxdut.xxcmph.dn                        1.03623
xxdut.cmph_out                         1.29271
xxdut.xxcmpl.tail                     0.332069
xxdut.xxcmpl.dp                        3.24106
xxdut.xxcmpl.dn                       0.540594
xxdut.cmpl_out                     4.73457e-09
clk                                   0.593034
xxdut.qbar                             1.25108
xxdut.mid1                             2.69395
xxdut.mid2                             3.08327
vt7#branch                                   0
vt6#branch                                   0
vt5#branch                                   0
vt4#branch                                   0
vt3#branch                                   0
vt2#branch                                   0
vt1#branch                                   0
vt0#branch                                   0
vdd#branch                         -0.00074481

 Reference value :  0.00000e+00
 Reference value :  7.29530e-08
 Reference value :  1.51794e-07
 Reference value :  2.33945e-07
 Reference value :  3.10132e-07
 Reference value :  3.92210e-07
 Reference value :  4.76435e-07
 Reference value :  5.60413e-07
 Reference value :  6.34554e-07
 Reference value :  7.07489e-07
 Reference value :  8.00962e-07
 Reference value :  9.03349e-07
 Reference value :  1.01284e-06
 Reference value :  1.12502e-06
No. of Data Rows : 6326
ta                  =  6.63930e-08
tb                  =  3.76792e-07
ta = 6.639299e-08
tb = 3.767917e-07
period = 1.551994e-08
fosc = 6.443326e+07
ngspice-46 done

Warning: m=xx on .subckt line will override multiplier m hierarchy!

Note: Starting dynamic gmin stepping
Note: Dynamic gmin stepping completed
