====================================================================
gf180-rcosc PVT corner run: rc_f_T+085C_V3p0_code0x40
run id      : 20260921T065703Z
process     : rc_f (fets=typical res=res_ff mimcap=mimcap_ff)
temperature : 85 C
supply      : 3 V
trim code   : 0x40 (64)
transient   : tran 200p 1200n, f = 20 periods / (t[rise=25] - t[rise=5])
wall clock  : 23.8 s
exit status : 0
====================================================================

Note: Compatibility modes selected: hs a


Circuit: ** sch_path: /users/rwalters/github/gf180-rcosc/.loom/worktrees/issue-39/design/pvt_tb.sch

Doing analysis at TEMP = 85.000000 and TNOM = 27.000000

Using SPARSE 1.3 as Direct Linear Solver

Initial Transient Solution
--------------------------

Node                                   Voltage
----                                   -------
vdd                                          3
xxdut.xxbias.xrba.11                   2.99924
xxdut.xxbias.xrba.21                   2.00076
xxdut.vh                                     2
xxdut.xxbias.xrbb.11                   1.99924
xxdut.xxbias.xrbb.21                   1.00076
xxdut.vl                                     1
xxdut.xxbias.xrbc.11                  0.999241
xxdut.xxbias.xrbc.21                0.00075877
xxdut.ibias                            1.20197
xxdut.xxbias.pb                        1.45651
xxdut.xxbias.n2s                      0.306108
xxdut.xxbias.xrz.11                   0.305145
xxdut.xxbias.xrz.21                0.000963148
xxdut.xxbias.xseed.11                  2.99997
xxdut.xxbias.xseed.21                    1.202
xxdut.xxtrim.xrfix.11                  2.99952
xxdut.xxtrim.xrfix.21                   2.8917
xxdut.xxtrim.c1                        2.89122
xxdut.xxtrim.xr0.11                    2.89074
xxdut.xxtrim.xr0.21                    2.88605
xxdut.xxtrim.c2                        2.88558
t0                                           0
xxdut.xxtrim.xr1.11                     2.8851
xxdut.xxtrim.xr1.21                    2.87572
xxdut.xxtrim.c3                        2.87524
t1                                           0
xxdut.xxtrim.xr2.11                    2.87476
xxdut.xxtrim.xr2.21                      2.856
xxdut.xxtrim.c4                        2.85552
t2                                           0
xxdut.xxtrim.xr3.11                    2.85505
xxdut.xxtrim.xr3.21                    2.81752
xxdut.xxtrim.c5                        2.81704
t3                                           0
xxdut.xxtrim.xr4.11                    2.81656
xxdut.xxtrim.xr4.21                     2.7415
xxdut.xxtrim.c6                        2.74103
t4                                           0
xxdut.xxtrim.xr5.11                    2.74055
xxdut.xxtrim.xr5.21                    2.59043
xxdut.xxtrim.c7                        2.58995
t5                                           0
xxdut.xxtrim.xr6.11                    2.58948
xxdut.xxtrim.xr6.21                    2.28923
xxdut.xxtrim.c8                        2.28876
t6                                           3
xxdut.xxtrim.xr7.11                    2.28828
xxdut.xxtrim.xr7.21                    1.68779
xxdut.vc                               1.68732
t7                                           0
xxdut.xxcmph.tail                     0.385184
xxdut.xxcmph.dp                        1.34702
xxdut.xxcmph.dn                       0.602219
xxdut.cmph_out                         1.29031
xxdut.xxcmpl.tail                     0.185152
xxdut.xxcmpl.dp                         2.9369
xxdut.xxcmpl.dn                       0.464551
xxdut.cmpl_out                     5.59405e-09
clk                                   0.659085
xxdut.qbar                             1.24957
xxdut.mid1                             2.46972
xxdut.mid2                             2.82919
vt7#branch                                   0
vt6#branch                                   0
vt5#branch                                   0
vt4#branch                                   0
vt3#branch                                   0
vt2#branch                                   0
vt1#branch                                   0
vt0#branch                                   0
vdd#branch                         -0.00074629

 Reference value :  0.00000e+00
 Reference value :  6.65868e-08
 Reference value :  1.32380e-07
 Reference value :  2.12261e-07
 Reference value :  2.86601e-07
 Reference value :  3.57925e-07
 Reference value :  4.31607e-07
 Reference value :  5.00527e-07
 Reference value :  5.71262e-07
 Reference value :  6.64827e-07
 Reference value :  7.61877e-07
 Reference value :  8.58834e-07
 Reference value :  9.52349e-07
 Reference value :  1.04905e-06
 Reference value :  1.14434e-06
No. of Data Rows : 6357
ta                  =  9.04707e-08
tb                  =  4.95918e-07
ta = 9.047069e-08
tb = 4.959176e-07
period = 2.027235e-08
fosc = 4.932828e+07
ngspice-46 done

Warning: m=xx on .subckt line will override multiplier m hierarchy!

Note: Starting dynamic gmin stepping
Note: Dynamic gmin stepping completed
