====================================================================
gf180-rcosc PVT corner run: rc_f_T-040C_V3p3_code0xCF
run id      : 20260921T065703Z
process     : rc_f (fets=typical res=res_ff mimcap=mimcap_ff)
temperature : -40 C
supply      : 3.3 V
trim code   : 0xCF (207)
transient   : tran 200p 1200n, f = 20 periods / (t[rise=25] - t[rise=5])
wall clock  : 53.7 s
exit status : 0
====================================================================

Note: Compatibility modes selected: hs a


Circuit: ** sch_path: /users/rwalters/github/gf180-rcosc/.loom/worktrees/issue-39/design/pvt_tb.sch

Doing analysis at TEMP = -40.000000 and TNOM = 27.000000

Using SPARSE 1.3 as Direct Linear Solver

Initial Transient Solution
--------------------------

Node                                   Voltage
----                                   -------
vdd                                        3.3
xxdut.xxbias.xrba.11                   3.29815
xxdut.xxbias.xrba.21                   2.20185
xxdut.vh                                   2.2
xxdut.xxbias.xrbb.11                   2.19815
xxdut.xxbias.xrbb.21                   1.10185
xxdut.vl                                   1.1
xxdut.xxbias.xrbc.11                   1.09815
xxdut.xxbias.xrbc.21                0.00185143
xxdut.ibias                            1.04096
xxdut.xxbias.pb                        2.01818
xxdut.xxbias.n2s                      0.159653
xxdut.xxbias.xrz.11                   0.158546
xxdut.xxbias.xrz.21                 0.00110784
xxdut.xxbias.xseed.11                  3.29992
xxdut.xxbias.xseed.21                  1.04104
xxdut.xxtrim.xrfix.11                  3.29912
xxdut.xxtrim.xrfix.21                  3.20948
xxdut.xxtrim.c1                         3.2086
xxdut.xxtrim.xr0.11                    3.20772
xxdut.xxtrim.xr0.21                    3.20382
xxdut.xxtrim.c2                        3.20294
t0                                         3.3
xxdut.xxtrim.xr1.11                    3.20206
xxdut.xxtrim.xr1.21                    3.19426
xxdut.xxtrim.c3                        3.19338
t1                                         3.3
xxdut.xxtrim.xr2.11                     3.1925
xxdut.xxtrim.xr2.21                    3.17691
xxdut.xxtrim.c4                        3.17603
t2                                         3.3
xxdut.xxtrim.xr3.11                    3.17514
xxdut.xxtrim.xr3.21                    3.14395
xxdut.xxtrim.c5                        3.14307
t3                                         3.3
xxdut.xxtrim.xr4.11                    3.14219
xxdut.xxtrim.xr4.21                    3.07979
xxdut.xxtrim.c6                        3.07891
t4                                           0
xxdut.xxtrim.xr5.11                    3.07803
xxdut.xxtrim.xr5.21                    2.95323
xxdut.xxtrim.c7                        2.95235
t5                                           0
xxdut.xxtrim.xr6.11                    2.95147
xxdut.xxtrim.xr6.21                    2.70189
xxdut.xxtrim.c8                        2.70101
t6                                         3.3
xxdut.xxtrim.xr7.11                    2.70013
xxdut.xxtrim.xr7.21                    2.20128
xxdut.vc                                2.2004
t7                                         3.3
xxdut.xxcmph.tail                     0.893223
xxdut.xxcmph.dp                        1.47633
xxdut.xxcmph.dn                        1.49923
xxdut.cmph_out                           1.423
xxdut.xxcmpl.tail                     0.749521
xxdut.xxcmpl.dp                            3.3
xxdut.xxcmpl.dn                        1.05719
xxdut.cmpl_out                      3.3465e-09
clk                                   0.760832
xxdut.qbar                             1.37228
xxdut.mid1                             2.74573
xxdut.mid2                             3.11997
vt7#branch                                   0
vt6#branch                                   0
vt5#branch                                   0
vt4#branch                                   0
vt3#branch                                   0
vt2#branch                                   0
vt1#branch                                   0
vt0#branch                                   0
vdd#branch                        -0.000719689

 Reference value :  0.00000e+00
 Reference value :  8.50347e-08
 Reference value :  1.71321e-07
 Reference value :  2.70029e-07
 Reference value :  3.84310e-07
 Reference value :  4.81377e-07
 Reference value :  5.72874e-07
 Reference value :  6.62743e-07
 Reference value :  7.50036e-07
 Reference value :  8.32311e-07
 Reference value :  9.08269e-07
 Reference value :  9.96294e-07
 Reference value :  1.08901e-06
 Reference value :  1.17464e-06
No. of Data Rows : 6415
ta                  =  7.50549e-08
tb                  =  4.29521e-07
ta = 7.505494e-08
tb = 4.295209e-07
period = 1.772330e-08
fosc = 5.642291e+07
ngspice-46 done

Warning: m=xx on .subckt line will override multiplier m hierarchy!

Note: Starting dynamic gmin stepping
Warning: Dynamic gmin stepping failed
Note: Starting true gmin stepping
Note: True gmin stepping completed
