====================================================================
gf180-rcosc PVT corner run: rc_f_T+085C_V3p6_code0xCF
run id      : 20260921T065703Z
process     : rc_f (fets=typical res=res_ff mimcap=mimcap_ff)
temperature : 85 C
supply      : 3.6 V
trim code   : 0xCF (207)
transient   : tran 200p 1200n, f = 20 periods / (t[rise=25] - t[rise=5])
wall clock  : 64.4 s
exit status : 0
====================================================================

Note: Compatibility modes selected: hs a


Circuit: ** sch_path: /users/rwalters/github/gf180-rcosc/.loom/worktrees/issue-39/design/pvt_tb.sch

Doing analysis at TEMP = 85.000000 and TNOM = 27.000000

Using SPARSE 1.3 as Direct Linear Solver

Initial Transient Solution
--------------------------

Node                                   Voltage
----                                   -------
vdd                                        3.6
xxdut.xxbias.xrba.11                   3.59909
xxdut.xxbias.xrba.21                   2.40091
xxdut.vh                                   2.4
xxdut.xxbias.xrbb.11                   2.39909
xxdut.xxbias.xrbb.21                   1.20091
xxdut.vl                                   1.2
xxdut.xxbias.xrbc.11                   1.19909
xxdut.xxbias.xrbc.21               0.000910524
xxdut.ibias                            1.21776
xxdut.xxbias.pb                        2.04167
xxdut.xxbias.n2s                       0.31639
xxdut.xxbias.xrz.11                   0.315394
xxdut.xxbias.xrz.21                0.000995497
xxdut.xxbias.xseed.11                  3.59996
xxdut.xxbias.xseed.21                   1.2178
xxdut.xxtrim.xrfix.11                  3.59919
xxdut.xxtrim.xrfix.21                  3.41484
xxdut.xxtrim.c1                        3.41403
xxdut.xxtrim.xr0.11                    3.41321
xxdut.xxtrim.xr0.21                    3.40519
xxdut.xxtrim.c2                        3.40438
t0                                         3.6
xxdut.xxtrim.xr1.11                    3.40356
xxdut.xxtrim.xr1.21                    3.38752
xxdut.xxtrim.c3                        3.38671
t1                                         3.6
xxdut.xxtrim.xr2.11                    3.38589
xxdut.xxtrim.xr2.21                    3.35381
xxdut.xxtrim.c4                          3.353
t2                                         3.6
xxdut.xxtrim.xr3.11                    3.35218
xxdut.xxtrim.xr3.21                    3.28802
xxdut.xxtrim.c5                        3.28721
t3                                         3.6
xxdut.xxtrim.xr4.11                    3.28639
xxdut.xxtrim.xr4.21                    3.15807
xxdut.xxtrim.c6                        3.15725
t4                                           0
xxdut.xxtrim.xr5.11                    3.15644
xxdut.xxtrim.xr5.21                    2.89979
xxdut.xxtrim.c7                        2.89897
t5                                           0
xxdut.xxtrim.xr6.11                     2.8982
xxdut.xxtrim.xr6.21                    2.41279
xxdut.xxtrim.c8                        2.41202
t6                                         3.6
xxdut.xxtrim.xr7.11                    2.41186
xxdut.xxtrim.xr7.21                    2.20867
xxdut.vc                               2.20851
t7                                         3.6
xxdut.xxcmph.tail                     0.749795
xxdut.xxcmph.dp                        1.62053
xxdut.xxcmph.dn                        1.05086
xxdut.cmph_out                         1.54458
xxdut.xxcmpl.tail                     0.312515
xxdut.xxcmpl.dp                          3.524
xxdut.xxcmpl.dn                       0.609533
xxdut.cmpl_out                     6.79912e-09
clk                                    0.69409
xxdut.qbar                             1.48425
xxdut.mid1                             2.88438
xxdut.mid2                             3.35315
vt7#branch                                   0
vt6#branch                                   0
vt5#branch                                   0
vt4#branch                                   0
vt3#branch                                   0
vt2#branch                                   0
vt1#branch                                   0
vt0#branch                                   0
vdd#branch                         -0.00104883

 Reference value :  0.00000e+00
 Reference value :  6.88916e-08
 Reference value :  1.26636e-07
 Reference value :  1.97901e-07
 Reference value :  2.66131e-07
 Reference value :  3.32549e-07
 Reference value :  4.03280e-07
 Reference value :  4.73592e-07
 Reference value :  5.31620e-07
 Reference value :  6.01884e-07
 Reference value :  6.79886e-07
 Reference value :  7.59922e-07
 Reference value :  8.23820e-07
 Reference value :  8.85920e-07
 Reference value :  9.50833e-07
 Reference value :  1.00618e-06
 Reference value :  1.06115e-06
 Reference value :  1.13147e-06
No. of Data Rows : 6618
ta                  =  5.38779e-08
tb                  =  2.94560e-07
ta = 5.387787e-08
tb = 2.945600e-07
period = 1.203411e-08
fosc = 8.309715e+07
ngspice-46 done

Warning: m=xx on .subckt line will override multiplier m hierarchy!

Note: Starting dynamic gmin stepping
Note: Dynamic gmin stepping completed
