====================================================================
gf180-rcosc PVT corner run: rc_f_T+027C_V3p3_code0x41
run id      : 20260921T065703Z
process     : rc_f (fets=typical res=res_ff mimcap=mimcap_ff)
temperature : 27 C
supply      : 3.3 V
trim code   : 0x41 (65)
transient   : tran 200p 1200n, f = 20 periods / (t[rise=25] - t[rise=5])
wall clock  : 16.1 s
exit status : 0
====================================================================

Note: Compatibility modes selected: hs a


Circuit: ** sch_path: /users/rwalters/github/gf180-rcosc/.loom/worktrees/issue-39/design/pvt_tb.sch

Doing analysis at TEMP = 27.000000 and TNOM = 27.000000

Using SPARSE 1.3 as Direct Linear Solver

Initial Transient Solution
--------------------------

Node                                   Voltage
----                                   -------
vdd                                        3.3
xxdut.xxbias.xrba.11                   3.29884
xxdut.xxbias.xrba.21                   2.20116
xxdut.vh                                   2.2
xxdut.xxbias.xrbb.11                   2.19884
xxdut.xxbias.xrbb.21                   1.10116
xxdut.vl                                   1.1
xxdut.xxbias.xrbc.11                   1.09884
xxdut.xxbias.xrbc.21                0.00115626
xxdut.ibias                             1.1143
xxdut.xxbias.pb                        1.89138
xxdut.xxbias.n2s                      0.232104
xxdut.xxbias.xrz.11                   0.231094
xxdut.xxbias.xrz.21                 0.00100984
xxdut.xxbias.xseed.11                  3.29995
xxdut.xxbias.xseed.21                  1.11435
xxdut.xxtrim.xrfix.11                  3.29943
xxdut.xxtrim.xrfix.21                  3.20666
xxdut.xxtrim.c1                        3.20609
xxdut.xxtrim.xr0.11                    3.20553
xxdut.xxtrim.xr0.21                    3.20149
xxdut.xxtrim.c2                        3.20092
t0                                         3.3
xxdut.xxtrim.xr1.11                    3.20035
xxdut.xxtrim.xr1.21                    3.19228
xxdut.xxtrim.c3                        3.19171
t1                                           0
xxdut.xxtrim.xr2.11                    3.19115
xxdut.xxtrim.xr2.21                      3.175
xxdut.xxtrim.c4                        3.17443
t2                                           0
xxdut.xxtrim.xr3.11                    3.17386
xxdut.xxtrim.xr3.21                    3.14158
xxdut.xxtrim.c5                        3.14101
t3                                           0
xxdut.xxtrim.xr4.11                    3.14044
xxdut.xxtrim.xr4.21                    3.07586
xxdut.xxtrim.c6                        3.07529
t4                                           0
xxdut.xxtrim.xr5.11                    3.07472
xxdut.xxtrim.xr5.21                    2.94557
xxdut.xxtrim.c7                          2.945
t5                                           0
xxdut.xxtrim.xr6.11                    2.94443
xxdut.xxtrim.xr6.21                    2.68611
xxdut.xxtrim.c8                        2.68554
t6                                         3.3
xxdut.xxtrim.xr7.11                    2.68498
xxdut.xxtrim.xr7.21                    2.16834
xxdut.vc                               2.16778
t7                                           0
xxdut.xxcmph.tail                     0.802937
xxdut.xxcmph.dp                        1.47829
xxdut.xxcmph.dn                        1.14652
xxdut.cmph_out                         1.42172
xxdut.xxcmpl.tail                     0.342734
xxdut.xxcmpl.dp                        3.29563
xxdut.xxcmpl.dn                       0.571203
xxdut.cmpl_out                     4.20541e-09
clk                                   0.699559
xxdut.qbar                             1.36683
xxdut.mid1                             2.69974
xxdut.mid2                             3.10418
vt7#branch                                   0
vt6#branch                                   0
vt5#branch                                   0
vt4#branch                                   0
vt3#branch                                   0
vt2#branch                                   0
vt1#branch                                   0
vt0#branch                                   0
vdd#branch                        -0.000826382

 Reference value :  0.00000e+00
 Reference value :  6.22670e-08
 Reference value :  1.25794e-07
 Reference value :  1.93350e-07
 Reference value :  2.66219e-07
 Reference value :  3.41275e-07
 Reference value :  4.10689e-07
 Reference value :  4.75770e-07
 Reference value :  5.50587e-07
 Reference value :  6.24075e-07
 Reference value :  6.93496e-07
 Reference value :  7.56590e-07
 Reference value :  8.28715e-07
 Reference value :  8.95015e-07
 Reference value :  9.62124e-07
 Reference value :  1.03462e-06
 Reference value :  1.11406e-06
 Reference value :  1.19105e-06
No. of Data Rows : 6347
ta                  =  1.09444e-07
tb                  =  6.24601e-07
ta = 1.094440e-07
tb = 6.246005e-07
period = 2.575783e-08
fosc = 3.882315e+07
ngspice-46 done

Warning: m=xx on .subckt line will override multiplier m hierarchy!

Note: Starting dynamic gmin stepping
Note: Dynamic gmin stepping completed
