====================================================================
gf180-rcosc PVT corner run: rc_s_T-040C_V3p3_code0xC0
run id      : 20260921T065703Z
process     : rc_s (fets=typical res=res_ss mimcap=mimcap_ss)
temperature : -40 C
supply      : 3.3 V
trim code   : 0xC0 (192)
transient   : tran 200p 1200n, f = 20 periods / (t[rise=25] - t[rise=5])
wall clock  : 87.8 s
exit status : 0
====================================================================

Note: Compatibility modes selected: hs a


Circuit: ** sch_path: /users/rwalters/github/gf180-rcosc/.loom/worktrees/issue-39/design/pvt_tb.sch

Doing analysis at TEMP = -40.000000 and TNOM = 27.000000

Using SPARSE 1.3 as Direct Linear Solver

Initial Transient Solution
--------------------------

Node                                   Voltage
----                                   -------
vdd                                        3.3
xxdut.xxbias.xrba.11                   3.29875
xxdut.xxbias.xrba.21                   2.19001
xxdut.vh                               2.18876
xxdut.xxbias.xrbb.11                   2.18752
xxdut.xxbias.xrbb.21                   1.08799
xxdut.vl                               1.08675
xxdut.xxbias.xrbc.11                   1.08553
xxdut.xxbias.xrbc.21                0.00122079
xxdut.ibias                            0.95153
xxdut.xxbias.pb                        2.14824
xxdut.xxbias.n2s                      0.122459
xxdut.xxbias.xrz.11                    0.12189
xxdut.xxbias.xrz.21                0.000569132
xxdut.xxbias.xseed.11                  3.29995
xxdut.xxbias.xseed.21                 0.951584
xxdut.xxtrim.xrfix.11                  3.29522
xxdut.xxtrim.xrfix.21                  2.56517
xxdut.xxtrim.c1                        2.56039
xxdut.xxtrim.xr0.11                    2.55562
xxdut.xxtrim.xr0.21                    2.52398
xxdut.xxtrim.c2                        2.51921
t0                                           0
xxdut.xxtrim.xr1.11                    2.51447
xxdut.xxtrim.xr1.21                    2.45149
xxdut.xxtrim.c3                        2.44675
t1                                           0
xxdut.xxtrim.xr2.11                    2.44204
xxdut.xxtrim.xr2.21                    2.31678
xxdut.xxtrim.c4                        2.31207
t2                                           0
xxdut.xxtrim.xr3.11                    2.30739
xxdut.xxtrim.xr3.21                    2.05867
xxdut.xxtrim.c5                        2.05399
t3                                           0
xxdut.xxtrim.xr4.11                    2.04936
xxdut.xxtrim.xr4.21                    1.55699
xxdut.xxtrim.c6                        1.55236
t4                                           0
xxdut.xxtrim.xr5.11                    1.54782
xxdut.xxtrim.xr5.21                   0.580816
xxdut.xxtrim.c7                       0.576269
t5                                           0
xxdut.xxtrim.xr6.11                   0.576195
xxdut.xxtrim.xr6.21                   0.544599
xxdut.xxtrim.c8                       0.544525
t6                                         3.3
xxdut.xxtrim.xr7.11                   0.544491
xxdut.xxtrim.xr7.21                   0.515806
xxdut.vc                              0.515772
t7                                         3.3
xxdut.xxcmph.tail                     0.880474
xxdut.xxcmph.dp                        3.30033
xxdut.xxcmph.dn                        1.48562
xxdut.cmph_out                     -0.00105012
xxdut.xxcmpl.tail                   0.00123785
xxdut.xxcmpl.dp                     0.00308008
xxdut.xxcmpl.dn                        2.39906
xxdut.cmpl_out                         3.30023
clk                                0.000535855
xxdut.qbar                             3.30167
xxdut.mid1                             3.29693
xxdut.mid2                             2.12378
vt7#branch                        -1.00939e-05
vt6#branch                        -4.03298e-05
vt5#branch                         1.61445e-06
vt4#branch                         1.04884e-07
vt3#branch                         7.49296e-08
vt2#branch                         6.15044e-08
vt1#branch                         5.45347e-08
vt0#branch                         5.09923e-08
vdd#branch                        -0.000115371

 Reference value :  0.00000e+00
 Reference value :  9.33161e-08
 Reference value :  1.89978e-07
 Reference value :  2.81163e-07
 Reference value :  3.85058e-07
 Reference value :  4.85892e-07
 Reference value :  5.82274e-07
 Reference value :  6.76487e-07
 Reference value :  7.77827e-07
 Reference value :  8.76557e-07
 Reference value :  9.92277e-07
 Reference value :  1.10016e-06
 Reference value :  1.20000e-06
No. of Data Rows : 6483
ta                  =  1.34439e-07
tb                  =  6.92061e-07
ta = 1.344392e-07
tb = 6.920606e-07
period = 2.788107e-08
fosc = 3.586663e+07
ngspice-46 done

Warning: m=xx on .subckt line will override multiplier m hierarchy!

Note: Starting dynamic gmin stepping
Warning: Dynamic gmin stepping failed
Note: Starting true gmin stepping
Warning: True gmin stepping failed
Note: Starting source stepping
Warning: singular matrix:  check node xxdut.vl

Warning: source stepping failed
Note: Transient op started
Note: Transient op finished successfully
