====================================================================
gf180-rcosc PVT corner run: rc_s_T+085C_V3p3_code0xCF
run id      : 20260921T065703Z
process     : rc_s (fets=typical res=res_ss mimcap=mimcap_ss)
temperature : 85 C
supply      : 3.3 V
trim code   : 0xCF (207)
transient   : tran 200p 1200n, f = 20 periods / (t[rise=25] - t[rise=5])
wall clock  : 20.7 s
exit status : 0
====================================================================

Note: Compatibility modes selected: hs a


Circuit: ** sch_path: /users/rwalters/github/gf180-rcosc/.loom/worktrees/issue-39/design/pvt_tb.sch

Doing analysis at TEMP = 85.000000 and TNOM = 27.000000

Using SPARSE 1.3 as Direct Linear Solver

Initial Transient Solution
--------------------------

Node                                   Voltage
----                                   -------
vdd                                        3.3
xxdut.xxbias.xrba.11                   3.29944
xxdut.xxbias.xrba.21                   2.20056
xxdut.vh                                   2.2
xxdut.xxbias.xrbb.11                   2.19944
xxdut.xxbias.xrbb.21                   1.10056
xxdut.vl                                   1.1
xxdut.xxbias.xrbc.11                   1.09944
xxdut.xxbias.xrbc.21               0.000556713
xxdut.ibias                            1.00921
xxdut.xxbias.pb                        2.02925
xxdut.xxbias.n2s                      0.217451
xxdut.xxbias.xrz.11                   0.216994
xxdut.xxbias.xrz.21                0.000457089
xxdut.xxbias.xseed.11                  3.29998
xxdut.xxbias.xseed.21                  1.00924
xxdut.xxtrim.xrfix.11                  3.29972
xxdut.xxtrim.xrfix.21                  3.20585
xxdut.xxtrim.c1                        3.20557
xxdut.xxtrim.xr0.11                     3.2053
xxdut.xxtrim.xr0.21                    3.20121
xxdut.xxtrim.c2                        3.20094
t0                                         3.3
xxdut.xxtrim.xr1.11                    3.20066
xxdut.xxtrim.xr1.21                    3.19249
xxdut.xxtrim.c3                        3.19222
t1                                         3.3
xxdut.xxtrim.xr2.11                    3.19194
xxdut.xxtrim.xr2.21                     3.1756
xxdut.xxtrim.c4                        3.17533
t2                                         3.3
xxdut.xxtrim.xr3.11                    3.17505
xxdut.xxtrim.xr3.21                    3.14238
xxdut.xxtrim.c5                         3.1421
t3                                         3.3
xxdut.xxtrim.xr4.11                    3.14182
xxdut.xxtrim.xr4.21                    3.07648
xxdut.xxtrim.c6                         3.0762
t4                                           0
xxdut.xxtrim.xr5.11                    3.07592
xxdut.xxtrim.xr5.21                    2.94523
xxdut.xxtrim.c7                        2.94495
t5                                           0
xxdut.xxtrim.xr6.11                    2.94468
xxdut.xxtrim.xr6.21                    2.68329
xxdut.xxtrim.c8                        2.68301
t6                                         3.3
xxdut.xxtrim.xr7.11                    2.68276
xxdut.xxtrim.xr7.21                    2.19547
xxdut.vc                               2.19521
t7                                         3.3
xxdut.xxcmph.tail                     0.905941
xxdut.xxcmph.dp                        1.48271
xxdut.xxcmph.dn                        1.37348
xxdut.cmph_out                         1.42896
xxdut.xxcmpl.tail                     0.567432
xxdut.xxcmpl.dp                        3.29996
xxdut.xxcmpl.dn                       0.825137
xxdut.cmpl_out                     5.19841e-09
clk                                   0.621874
xxdut.qbar                             1.37027
xxdut.mid1                             2.64383
xxdut.mid2                             3.09243
vt7#branch                                   0
vt6#branch                                   0
vt5#branch                                   0
vt4#branch                                   0
vt3#branch                                   0
vt2#branch                                   0
vt1#branch                                   0
vt0#branch                                   0
vdd#branch                        -0.000653335

 Reference value :  0.00000e+00
 Reference value :  9.13898e-08
 Reference value :  1.93726e-07
 Reference value :  2.80867e-07
 Reference value :  3.47623e-07
 Reference value :  4.18489e-07
 Reference value :  4.87930e-07
 Reference value :  5.62307e-07
 Reference value :  6.39215e-07
 Reference value :  7.25448e-07
 Reference value :  8.02931e-07
 Reference value :  8.79316e-07
 Reference value :  9.53468e-07
 Reference value :  1.02649e-06
 Reference value :  1.11797e-06
No. of Data Rows : 6294
ta                  =  1.02268e-07
tb                  =  5.88232e-07
ta = 1.022685e-07
tb = 5.882322e-07
period = 2.429818e-08
fosc = 4.115534e+07
ngspice-46 done

Warning: m=xx on .subckt line will override multiplier m hierarchy!

Note: Starting dynamic gmin stepping
Note: Dynamic gmin stepping completed
