====================================================================
gf180-rcosc PVT corner run: rc_s_T-040C_V3p3_code0x80
run id      : 20260921T065703Z
process     : rc_s (fets=typical res=res_ss mimcap=mimcap_ss)
temperature : -40 C
supply      : 3.3 V
trim code   : 0x80 (128)
transient   : tran 200p 1200n, f = 20 periods / (t[rise=25] - t[rise=5])
wall clock  : 151.5 s
exit status : 0
====================================================================

Note: Compatibility modes selected: hs a


Circuit: ** sch_path: /users/rwalters/github/gf180-rcosc/.loom/worktrees/issue-39/design/pvt_tb.sch

Doing analysis at TEMP = -40.000000 and TNOM = 27.000000

Using SPARSE 1.3 as Direct Linear Solver

Initial Transient Solution
--------------------------

Node                                   Voltage
----                                   -------
vdd                                        3.3
xxdut.xxbias.xrba.11                   3.29875
xxdut.xxbias.xrba.21                   2.18446
xxdut.vh                               2.18321
xxdut.xxbias.xrbb.11                   2.18197
xxdut.xxbias.xrbb.21                   1.07995
xxdut.vl                               1.07871
xxdut.xxbias.xrbc.11                   1.07749
xxdut.xxbias.xrbc.21                0.00121176
xxdut.ibias                           0.951593
xxdut.xxbias.pb                        2.14801
xxdut.xxbias.n2s                      0.122494
xxdut.xxbias.xrz.11                   0.121924
xxdut.xxbias.xrz.21                0.000569293
xxdut.xxbias.xseed.11                  3.29995
xxdut.xxbias.xseed.21                 0.951648
xxdut.xxtrim.xrfix.11                  3.29692
xxdut.xxtrim.xrfix.21                  2.82626
xxdut.xxtrim.c1                        2.82318
xxdut.xxtrim.xr0.11                     2.8201
xxdut.xxtrim.xr0.21                    2.79967
xxdut.xxtrim.c2                         2.7966
t0                                           0
xxdut.xxtrim.xr1.11                    2.79353
xxdut.xxtrim.xr1.21                    2.75278
xxdut.xxtrim.c3                        2.74971
t1                                           0
xxdut.xxtrim.xr2.11                    2.74666
xxdut.xxtrim.xr2.21                    2.66542
xxdut.xxtrim.c4                        2.66236
t2                                           0
xxdut.xxtrim.xr3.11                    2.65932
xxdut.xxtrim.xr3.21                    2.49751
xxdut.xxtrim.c5                        2.49447
t3                                           0
xxdut.xxtrim.xr4.11                    2.49145
xxdut.xxtrim.xr4.21                    2.16974
xxdut.xxtrim.c6                        2.16671
t4                                           0
xxdut.xxtrim.xr5.11                    2.16372
xxdut.xxtrim.xr5.21                    1.52699
xxdut.xxtrim.c7                          1.524
t5                                           0
xxdut.xxtrim.xr6.11                    1.52107
xxdut.xxtrim.xr6.21                   0.276588
xxdut.xxtrim.c8                       0.273663
t6                                           0
xxdut.xxtrim.xr7.11                   0.273642
xxdut.xxtrim.xr7.21                   0.255846
xxdut.vc                              0.255825
t7                                         3.3
xxdut.xxcmph.tail                     0.875871
xxdut.xxcmph.dp                        3.30058
xxdut.xxcmph.dn                        1.48508
xxdut.cmph_out                      0.00252246
xxdut.xxcmpl.tail                   0.00184857
xxdut.xxcmpl.dp                     0.00353361
xxdut.xxcmpl.dn                        2.38044
xxdut.cmpl_out                         3.29927
clk                                 -0.0015424
xxdut.qbar                             3.29422
xxdut.mid1                             3.30929
xxdut.mid2                             1.81696
vt7#branch                         2.74185e-05
vt6#branch                        -9.63536e-07
vt5#branch                         6.19278e-08
vt4#branch                         3.99458e-08
vt3#branch                          2.9121e-08
vt2#branch                         2.37515e-08
vt1#branch                         2.09857e-08
vt0#branch                         1.94887e-08
vdd#branch                        -0.000195462

 Reference value :  0.00000e+00
 Reference value :  1.14484e-07
 Reference value :  2.29469e-07
 Reference value :  3.46960e-07
 Reference value :  4.54360e-07
 Reference value :  5.64177e-07
 Reference value :  6.77702e-07
 Reference value :  7.99572e-07
 Reference value :  9.39723e-07
 Reference value :  1.07655e-06
 Reference value :  1.19801e-06
No. of Data Rows : 6389
ta                  =  1.70173e-07
tb                  =  8.69162e-07
ta = 1.701729e-07
tb = 8.691625e-07
period = 3.494948e-08
fosc = 2.861273e+07
ngspice-46 done

Warning: m=xx on .subckt line will override multiplier m hierarchy!

Note: Starting dynamic gmin stepping
Warning: Dynamic gmin stepping failed
Note: Starting true gmin stepping
Warning: True gmin stepping failed
Note: Starting source stepping
Warning: singular matrix:  check node xxdut.vl

Warning: source stepping failed
Note: Transient op started
Note: Transient op finished successfully
