====================================================================
gf180-rcosc PVT corner run: rc_s_T+027C_V3p3_code0xF7
run id      : 20260921T065703Z
process     : rc_s (fets=typical res=res_ss mimcap=mimcap_ss)
temperature : 27 C
supply      : 3.3 V
trim code   : 0xF7 (247)
transient   : tran 200p 1200n, f = 20 periods / (t[rise=25] - t[rise=5])
wall clock  : 18.2 s
exit status : 0
====================================================================

Note: Compatibility modes selected: hs a


Circuit: ** sch_path: /users/rwalters/github/gf180-rcosc/.loom/worktrees/issue-39/design/pvt_tb.sch

Doing analysis at TEMP = 27.000000 and TNOM = 27.000000

Using SPARSE 1.3 as Direct Linear Solver

Initial Transient Solution
--------------------------

Node                                   Voltage
----                                   -------
vdd                                        3.3
xxdut.xxbias.xrba.11                   3.29923
xxdut.xxbias.xrba.21                   2.20077
xxdut.vh                                   2.2
xxdut.xxbias.xrbb.11                   2.19923
xxdut.xxbias.xrbb.21                   1.10077
xxdut.vl                                   1.1
xxdut.xxbias.xrbc.11                   1.09923
xxdut.xxbias.xrbc.21               0.000771378
xxdut.ibias                           0.976324
xxdut.xxbias.pb                        2.09073
xxdut.xxbias.n2s                      0.170808
xxdut.xxbias.xrz.11                   0.170311
xxdut.xxbias.xrz.21                0.000496875
xxdut.xxbias.xseed.11                  3.29997
xxdut.xxbias.xseed.21                 0.976358
xxdut.xxtrim.xrfix.11                  3.29963
xxdut.xxtrim.xrfix.21                  3.20878
xxdut.xxtrim.c1                        3.20841
xxdut.xxtrim.xr0.11                    3.20804
xxdut.xxtrim.xr0.21                    3.20408
xxdut.xxtrim.c2                        3.20371
t0                                         3.3
xxdut.xxtrim.xr1.11                    3.20334
xxdut.xxtrim.xr1.21                    3.19544
xxdut.xxtrim.c3                        3.19507
t1                                         3.3
xxdut.xxtrim.xr2.11                     3.1947
xxdut.xxtrim.xr2.21                    3.17889
xxdut.xxtrim.c4                        3.17851
t2                                         3.3
xxdut.xxtrim.xr3.11                    3.17814
xxdut.xxtrim.xr3.21                    3.14652
xxdut.xxtrim.c5                        3.14615
t3                                           0
xxdut.xxtrim.xr4.11                    3.14578
xxdut.xxtrim.xr4.21                    3.08254
xxdut.xxtrim.c6                        3.08217
t4                                         3.3
xxdut.xxtrim.xr5.11                     3.0818
xxdut.xxtrim.xr5.21                    2.95531
xxdut.xxtrim.c7                        2.95494
t5                                         3.3
xxdut.xxtrim.xr6.11                    2.95457
xxdut.xxtrim.xr6.21                     2.7016
xxdut.xxtrim.c8                        2.70123
t6                                         3.3
xxdut.xxtrim.xr7.11                    2.70086
xxdut.xxtrim.xr7.21                    2.20222
xxdut.vc                               2.20185
t7                                         3.3
xxdut.xxcmph.tail                     0.942223
xxdut.xxcmph.dp                         1.4782
xxdut.xxcmph.dn                        1.57471
xxdut.cmph_out                         1.42643
xxdut.xxcmpl.tail                      0.80097
xxdut.xxcmpl.dp                            3.3
xxdut.xxcmpl.dn                        1.14027
xxdut.cmpl_out                     4.20669e-09
clk                                   0.675943
xxdut.qbar                             1.36793
xxdut.mid1                             2.68525
xxdut.mid2                             3.10439
vt7#branch                                   0
vt6#branch                                   0
vt5#branch                                   0
vt4#branch                                   0
vt3#branch                                   0
vt2#branch                                   0
vt1#branch                                   0
vt0#branch                                   0
vdd#branch                         -0.00060491

 Reference value :  0.00000e+00
 Reference value :  5.07574e-08
 Reference value :  1.17663e-07
 Reference value :  1.75451e-07
 Reference value :  2.38133e-07
 Reference value :  3.01739e-07
 Reference value :  3.57985e-07
 Reference value :  4.21439e-07
 Reference value :  4.80277e-07
 Reference value :  5.43987e-07
 Reference value :  6.03507e-07
 Reference value :  6.65430e-07
 Reference value :  7.28631e-07
 Reference value :  7.91190e-07
 Reference value :  8.53702e-07
 Reference value :  9.11791e-07
 Reference value :  9.74119e-07
 Reference value :  1.04629e-06
 Reference value :  1.11237e-06
 Reference value :  1.17656e-06
No. of Data Rows : 6298
ta                  =  8.96970e-08
tb                  =  5.16018e-07
ta = 8.969699e-08
tb = 5.160181e-07
period = 2.131606e-08
fosc = 4.691299e+07
ngspice-46 done

Warning: m=xx on .subckt line will override multiplier m hierarchy!

Note: Starting dynamic gmin stepping
Note: Dynamic gmin stepping completed
