====================================================================
gf180-rcosc PVT corner run: sf_T+027C_V3p3_code0xC7
run id      : 20260921T065703Z
process     : sf (fets=sf res=res_typical mimcap=mimcap_typical)
temperature : 27 C
supply      : 3.3 V
trim code   : 0xC7 (199)
transient   : tran 200p 1200n, f = 20 periods / (t[rise=25] - t[rise=5])
wall clock  : 11.5 s
exit status : 0
====================================================================

Note: Compatibility modes selected: hs a


Circuit: ** sch_path: /users/rwalters/github/gf180-rcosc/.loom/worktrees/issue-39/design/pvt_tb.sch

Doing analysis at TEMP = 27.000000 and TNOM = 27.000000

Using SPARSE 1.3 as Direct Linear Solver

Initial Transient Solution
--------------------------

Node                                   Voltage
----                                   -------
vdd                                        3.3
xxdut.xxbias.xrba.11                   3.29907
xxdut.xxbias.xrba.21                   2.20093
xxdut.vh                                   2.2
xxdut.xxbias.xrbb.11                   2.19907
xxdut.xxbias.xrbb.21                   1.10093
xxdut.vl                                   1.1
xxdut.xxbias.xrbc.11                   1.09907
xxdut.xxbias.xrbc.21               0.000925394
xxdut.ibias                            1.12402
xxdut.xxbias.pb                        2.10824
xxdut.xxbias.n2s                      0.199842
xxdut.xxbias.xrz.11                   0.199145
xxdut.xxbias.xrz.21                0.000696789
xxdut.xxbias.xseed.11                  3.29996
xxdut.xxbias.xseed.21                  1.12406
xxdut.xxtrim.xrfix.11                  3.29956
xxdut.xxtrim.xrfix.21                   3.2091
xxdut.xxtrim.c1                        3.20866
xxdut.xxtrim.xr0.11                    3.20822
xxdut.xxtrim.xr0.21                    3.20428
xxdut.xxtrim.c2                        3.20384
t0                                         3.3
xxdut.xxtrim.xr1.11                    3.20339
xxdut.xxtrim.xr1.21                    3.19552
xxdut.xxtrim.c3                        3.19508
t1                                         3.3
xxdut.xxtrim.xr2.11                    3.19464
xxdut.xxtrim.xr2.21                     3.1789
xxdut.xxtrim.c4                        3.17845
t2                                         3.3
xxdut.xxtrim.xr3.11                    3.17801
xxdut.xxtrim.xr3.21                    3.14653
xxdut.xxtrim.c5                        3.14608
t3                                           0
xxdut.xxtrim.xr4.11                    3.14564
xxdut.xxtrim.xr4.21                    3.08267
xxdut.xxtrim.c6                        3.08223
t4                                           0
xxdut.xxtrim.xr5.11                    3.08179
xxdut.xxtrim.xr5.21                    2.95585
xxdut.xxtrim.c7                        2.95541
t5                                           0
xxdut.xxtrim.xr6.11                    2.95496
xxdut.xxtrim.xr6.21                    2.70309
xxdut.xxtrim.c8                        2.70265
t6                                         3.3
xxdut.xxtrim.xr7.11                    2.70221
xxdut.xxtrim.xr7.21                    2.19896
xxdut.vc                               2.19852
t7                                         3.3
xxdut.xxcmph.tail                     0.815991
xxdut.xxcmph.dp                        1.59515
xxdut.xxcmph.dn                        1.51561
xxdut.cmph_out                         1.54878
xxdut.xxcmpl.tail                     0.629859
xxdut.xxcmpl.dp                            3.3
xxdut.xxcmpl.dn                        1.00941
xxdut.cmpl_out                     4.56436e-09
clk                                   0.766961
xxdut.qbar                              1.4845
xxdut.mid1                             2.67172
xxdut.mid2                             3.11252
vt7#branch                                   0
vt6#branch                                   0
vt5#branch                                   0
vt4#branch                                   0
vt3#branch                                   0
vt2#branch                                   0
vt1#branch                                   0
vt0#branch                                   0
vdd#branch                        -0.000702657

 Reference value :  0.00000e+00
 Reference value :  8.05267e-08
 Reference value :  1.62590e-07
 Reference value :  2.52412e-07
 Reference value :  3.41792e-07
 Reference value :  4.20028e-07
 Reference value :  5.11134e-07
 Reference value :  6.12104e-07
 Reference value :  7.02720e-07
 Reference value :  7.85715e-07
 Reference value :  8.74867e-07
 Reference value :  9.67504e-07
 Reference value :  1.06639e-06
 Reference value :  1.15998e-06
No. of Data Rows : 6366
ta                  =  9.43306e-08
tb                  =  5.46293e-07
ta = 9.433065e-08
tb = 5.462930e-07
period = 2.259812e-08
fosc = 4.425147e+07
ngspice-46 done

Warning: m=xx on .subckt line will override multiplier m hierarchy!

Note: Starting dynamic gmin stepping
Note: Dynamic gmin stepping completed
