====================================================================
gf180-rcosc PVT corner run: sf_T-040C_V3p3_code0xBF
run id      : 20260921T065703Z
process     : sf (fets=sf res=res_typical mimcap=mimcap_typical)
temperature : -40 C
supply      : 3.3 V
trim code   : 0xBF (191)
transient   : tran 200p 1200n, f = 20 periods / (t[rise=25] - t[rise=5])
wall clock  : 111.5 s
exit status : 0
====================================================================

Note: Compatibility modes selected: hs a


Circuit: ** sch_path: /users/rwalters/github/gf180-rcosc/.loom/worktrees/issue-39/design/pvt_tb.sch

Doing analysis at TEMP = -40.000000 and TNOM = 27.000000

Using SPARSE 1.3 as Direct Linear Solver

Initial Transient Solution
--------------------------

Node                                   Voltage
----                                   -------
vdd                                        3.3
xxdut.xxbias.xrba.11                   3.29852
xxdut.xxbias.xrba.21                   2.20539
xxdut.vh                               2.20391
xxdut.xxbias.xrbb.11                   2.20243
xxdut.xxbias.xrbb.21                   1.10419
xxdut.vl                               1.10271
xxdut.xxbias.xrbc.11                   1.10122
xxdut.xxbias.xrbc.21                0.00148579
xxdut.ibias                            1.08072
xxdut.xxbias.pb                        2.18679
xxdut.xxbias.n2s                      0.143169
xxdut.xxbias.xrz.11                   0.142372
xxdut.xxbias.xrz.21                0.000796977
xxdut.xxbias.xseed.11                  3.29994
xxdut.xxbias.xseed.21                  1.08078
xxdut.xxtrim.xrfix.11                  3.29908
xxdut.xxtrim.xrfix.21                  3.18156
xxdut.xxtrim.c1                        3.18063
xxdut.xxtrim.xr0.11                    3.17971
xxdut.xxtrim.xr0.21                    3.17462
xxdut.xxtrim.c2                         3.1737
t0                                         3.3
xxdut.xxtrim.xr1.11                    3.17278
xxdut.xxtrim.xr1.21                    3.16264
xxdut.xxtrim.c3                        3.16173
t1                                         3.3
xxdut.xxtrim.xr2.11                    3.16082
xxdut.xxtrim.xr2.21                    3.14066
xxdut.xxtrim.c4                        3.13975
t2                                         3.3
xxdut.xxtrim.xr3.11                    3.13886
xxdut.xxtrim.xr3.21                    3.09904
xxdut.xxtrim.c5                        3.09814
t3                                         3.3
xxdut.xxtrim.xr4.11                    3.09726
xxdut.xxtrim.xr4.21                    3.01887
xxdut.xxtrim.c6                        3.01799
t4                                         3.3
xxdut.xxtrim.xr5.11                    3.01712
xxdut.xxtrim.xr5.21                    2.86297
xxdut.xxtrim.c7                         2.8621
t5                                         3.3
xxdut.xxtrim.xr6.11                    2.86126
xxdut.xxtrim.xr6.21                    2.56333
xxdut.xxtrim.c8                        2.56249
t6                                           0
xxdut.xxtrim.xr7.11                    2.56175
xxdut.xxtrim.xr7.21                    2.03624
xxdut.vc                                2.0355
t7                                         3.3
xxdut.xxcmph.tail                     0.804033
xxdut.xxcmph.dp                        3.17917
xxdut.xxcmph.dn                        1.54209
xxdut.cmph_out                     -0.00507627
xxdut.xxcmpl.tail                     0.628609
xxdut.xxcmpl.dp                        3.30408
xxdut.xxcmpl.dn                        1.40365
xxdut.cmpl_out                       0.0260646
clk                                -0.00317674
xxdut.qbar                             3.30155
xxdut.mid1                             3.28953
xxdut.mid2                             3.29784
vt7#branch                        -3.46537e-06
vt6#branch                        -3.41656e-08
vt5#branch                        -7.39111e-06
vt4#branch                         4.49036e-06
vt3#branch                         -1.6976e-07
vt2#branch                         3.63539e-09
vt1#branch                         2.74399e-09
vt0#branch                         3.06275e-09
vdd#branch                        -0.000325358

 Reference value :  0.00000e+00
 Reference value :  9.49791e-08
 Reference value :  1.91028e-07
 Reference value :  2.93937e-07
 Reference value :  4.00605e-07
 Reference value :  4.95268e-07
 Reference value :  5.91841e-07
 Reference value :  6.93093e-07
 Reference value :  8.02229e-07
 Reference value :  9.04992e-07
 Reference value :  1.01488e-06
 Reference value :  1.12074e-06
No. of Data Rows : 6362
ta                  =  1.21417e-07
tb                  =  6.93166e-07
ta = 1.214174e-07
tb = 6.931657e-07
period = 2.858741e-08
fosc = 3.498043e+07
ngspice-46 done

Warning: m=xx on .subckt line will override multiplier m hierarchy!

Note: Starting dynamic gmin stepping
Warning: Dynamic gmin stepping failed
Note: Starting true gmin stepping
Warning: True gmin stepping failed
Note: Starting source stepping
Warning: singular matrix:  check node xxdut.vh

Warning: source stepping failed
Note: Transient op started
Note: Transient op finished successfully
