====================================================================
gf180-rcosc PVT corner run: sf_T+085C_V3p0_code0xBF
run id      : 20260921T065703Z
process     : sf (fets=sf res=res_typical mimcap=mimcap_typical)
temperature : 85 C
supply      : 3 V
trim code   : 0xBF (191)
transient   : tran 200p 1200n, f = 20 periods / (t[rise=25] - t[rise=5])
wall clock  : 23.0 s
exit status : 0
====================================================================

Note: Compatibility modes selected: hs a


Circuit: ** sch_path: /users/rwalters/github/gf180-rcosc/.loom/worktrees/issue-39/design/pvt_tb.sch

Doing analysis at TEMP = 85.000000 and TNOM = 27.000000

Using SPARSE 1.3 as Direct Linear Solver

Initial Transient Solution
--------------------------

Node                                   Voltage
----                                   -------
vdd                                          3
xxdut.xxbias.xrba.11                   2.99939
xxdut.xxbias.xrba.21                   2.00061
xxdut.vh                                     2
xxdut.xxbias.xrbb.11                   1.99939
xxdut.xxbias.xrbb.21                   1.00061
xxdut.vl                                     1
xxdut.xxbias.xrbc.11                  0.999393
xxdut.xxbias.xrbc.21                 0.0006072
xxdut.ibias                            1.18101
xxdut.xxbias.pb                        1.72207
xxdut.xxbias.n2s                      0.257591
xxdut.xxbias.xrz.11                   0.256941
xxdut.xxbias.xrz.21                 0.00064921
xxdut.xxbias.xseed.11                  2.99998
xxdut.xxbias.xseed.21                  1.18103
xxdut.xxtrim.xrfix.11                   2.9997
xxdut.xxtrim.xrfix.21                  2.91422
xxdut.xxtrim.c1                        2.91392
xxdut.xxtrim.xr0.11                    2.91362
xxdut.xxtrim.xr0.21                     2.9099
xxdut.xxtrim.c2                         2.9096
t0                                           3
xxdut.xxtrim.xr1.11                     2.9093
xxdut.xxtrim.xr1.21                    2.90186
xxdut.xxtrim.c3                        2.90156
t1                                           3
xxdut.xxtrim.xr2.11                    2.90125
xxdut.xxtrim.xr2.21                    2.88638
xxdut.xxtrim.c4                        2.88608
t2                                           3
xxdut.xxtrim.xr3.11                    2.88577
xxdut.xxtrim.xr3.21                    2.85602
xxdut.xxtrim.c5                        2.85572
t3                                           3
xxdut.xxtrim.xr4.11                    2.85542
xxdut.xxtrim.xr4.21                    2.79592
xxdut.xxtrim.c6                        2.79562
t4                                           3
xxdut.xxtrim.xr5.11                    2.79531
xxdut.xxtrim.xr5.21                    2.67631
xxdut.xxtrim.c7                        2.67601
t5                                           3
xxdut.xxtrim.xr6.11                    2.67571
xxdut.xxtrim.xr6.21                     2.4377
xxdut.xxtrim.c8                         2.4374
t6                                           0
xxdut.xxtrim.xr7.11                     2.4371
xxdut.xxtrim.xr7.21                    1.96331
xxdut.vc                               1.96301
t7                                           3
xxdut.xxcmph.tail                     0.584355
xxdut.xxcmph.dp                        1.45972
xxdut.xxcmph.dn                        0.97337
xxdut.cmph_out                         1.41645
xxdut.xxcmpl.tail                     0.266911
xxdut.xxcmpl.dp                        2.99658
xxdut.xxcmpl.dn                       0.549541
xxdut.cmpl_out                     6.75654e-09
clk                                   0.710285
xxdut.qbar                             1.36415
xxdut.mid1                             2.43406
xxdut.mid2                             2.83704
vt7#branch                                   0
vt6#branch                                   0
vt5#branch                                   0
vt4#branch                                   0
vt3#branch                                   0
vt2#branch                                   0
vt1#branch                                   0
vt0#branch                                   0
vdd#branch                        -0.000658864

 Reference value :  0.00000e+00
 Reference value :  7.03339e-08
 Reference value :  1.61396e-07
 Reference value :  2.63909e-07
 Reference value :  3.68843e-07
 Reference value :  4.74309e-07
 Reference value :  5.74587e-07
 Reference value :  6.66182e-07
 Reference value :  7.65144e-07
 Reference value :  8.63890e-07
 Reference value :  9.69361e-07
 Reference value :  1.07183e-06
 Reference value :  1.17642e-06
No. of Data Rows : 6172
ta                  =  1.08897e-07
tb                  =  6.27992e-07
ta = 1.088973e-07
tb = 6.279915e-07
period = 2.595471e-08
fosc = 3.852865e+07
ngspice-46 done

Warning: m=xx on .subckt line will override multiplier m hierarchy!

Note: Starting dynamic gmin stepping
Note: Dynamic gmin stepping completed
