====================================================================
gf180-rcosc PVT corner run: sf_T-040C_V3p6_code0xCF
run id      : 20260921T065703Z
process     : sf (fets=sf res=res_typical mimcap=mimcap_typical)
temperature : -40 C
supply      : 3.6 V
trim code   : 0xCF (207)
transient   : tran 200p 1200n, f = 20 periods / (t[rise=25] - t[rise=5])
wall clock  : 183.4 s
exit status : 0
====================================================================

Note: Compatibility modes selected: hs a


Circuit: ** sch_path: /users/rwalters/github/gf180-rcosc/.loom/worktrees/issue-39/design/pvt_tb.sch

Doing analysis at TEMP = -40.000000 and TNOM = 27.000000

Using SPARSE 1.3 as Direct Linear Solver

Initial Transient Solution
--------------------------

Node                                   Voltage
----                                   -------
vdd                                        3.6
xxdut.xxbias.xrba.11                   3.59838
xxdut.xxbias.xrba.21                   2.40162
xxdut.vh                                   2.4
xxdut.xxbias.xrbb.11                   2.39838
xxdut.xxbias.xrbb.21                   1.20162
xxdut.vl                                   1.2
xxdut.xxbias.xrbc.11                   1.19838
xxdut.xxbias.xrbc.21                0.00161689
xxdut.ibias                            1.08268
xxdut.xxbias.pb                         2.4846
xxdut.xxbias.n2s                      0.144705
xxdut.xxbias.xrz.11                     0.1439
xxdut.xxbias.xrz.21                0.000805531
xxdut.xxbias.xseed.11                  3.59993
xxdut.xxbias.xseed.21                  1.08275
xxdut.xxtrim.xrfix.11                  3.59923
xxdut.xxtrim.xrfix.21                  3.50144
xxdut.xxtrim.c1                        3.50067
xxdut.xxtrim.xr0.11                     3.4999
xxdut.xxtrim.xr0.21                    3.49565
xxdut.xxtrim.c2                        3.49488
t0                                         3.6
xxdut.xxtrim.xr1.11                    3.49411
xxdut.xxtrim.xr1.21                     3.4856
xxdut.xxtrim.c3                        3.48483
t1                                         3.6
xxdut.xxtrim.xr2.11                    3.48406
xxdut.xxtrim.xr2.21                    3.46705
xxdut.xxtrim.c4                        3.46628
t2                                         3.6
xxdut.xxtrim.xr3.11                    3.46551
xxdut.xxtrim.xr3.21                    3.43147
xxdut.xxtrim.c5                         3.4307
t3                                         3.6
xxdut.xxtrim.xr4.11                    3.42993
xxdut.xxtrim.xr4.21                    3.36186
xxdut.xxtrim.c6                        3.36109
t4                                           0
xxdut.xxtrim.xr5.11                    3.36032
xxdut.xxtrim.xr5.21                    3.22417
xxdut.xxtrim.c7                         3.2234
t5                                           0
xxdut.xxtrim.xr6.11                    3.22263
xxdut.xxtrim.xr6.21                    2.95032
xxdut.xxtrim.c8                        2.94956
t6                                         3.6
xxdut.xxtrim.xr7.11                    2.94879
xxdut.xxtrim.xr7.21                     2.4043
xxdut.vc                               2.40354
t7                                         3.6
xxdut.xxcmph.tail                      1.01823
xxdut.xxcmph.dp                        1.73357
xxdut.xxcmph.dn                        2.05342
xxdut.cmph_out                         1.68387
xxdut.xxcmpl.tail                     0.919549
xxdut.xxcmpl.dp                            3.6
xxdut.xxcmpl.dn                        1.69086
xxdut.cmpl_out                     4.27649e-09
clk                                   0.834258
xxdut.qbar                             1.60546
xxdut.mid1                             2.91567
xxdut.mid2                             3.38769
vt7#branch                                   0
vt6#branch                                   0
vt5#branch                                   0
vt4#branch                                   0
vt3#branch                                   0
vt2#branch                                   0
vt1#branch                                   0
vt0#branch                                   0
vdd#branch                        -0.000771889

 Reference value :  0.00000e+00
 Reference value :  7.82823e-08
 Reference value :  1.50352e-07
 Reference value :  2.31060e-07
 Reference value :  3.19639e-07
 Reference value :  3.95370e-07
 Reference value :  4.69355e-07
 Reference value :  5.41615e-07
 Reference value :  6.36753e-07
 Reference value :  7.40832e-07
 Reference value :  8.46374e-07
 Reference value :  9.56563e-07
 Reference value :  1.05930e-06
 Reference value :  1.14933e-06
No. of Data Rows : 6418
ta                  =  9.55507e-08
tb                  =  5.48692e-07
ta = 9.555067e-08
tb = 5.486923e-07
period = 2.265708e-08
fosc = 4.413631e+07
ngspice-46 done

Warning: m=xx on .subckt line will override multiplier m hierarchy!

Note: Starting dynamic gmin stepping
Note: Dynamic gmin stepping completed
