====================================================================
gf180-rcosc PVT corner run: sf_T-040C_V3p0_code0x80
run id      : 20260921T065703Z
process     : sf (fets=sf res=res_typical mimcap=mimcap_typical)
temperature : -40 C
supply      : 3 V
trim code   : 0x80 (128)
transient   : tran 200p 1200n, f = 20 periods / (t[rise=25] - t[rise=5])
wall clock  : 209.6 s
exit status : 0
====================================================================

Note: Compatibility modes selected: hs a


Circuit: ** sch_path: /users/rwalters/github/gf180-rcosc/.loom/worktrees/issue-39/design/pvt_tb.sch

Doing analysis at TEMP = -40.000000 and TNOM = 27.000000

Using SPARSE 1.3 as Direct Linear Solver

Initial Transient Solution
--------------------------

Node                                   Voltage
----                                   -------
vdd                                          3
xxdut.xxbias.xrba.11                   2.99865
xxdut.xxbias.xrba.21                   2.00223
xxdut.vh                               2.00089
xxdut.xxbias.xrbb.11                   1.99954
xxdut.xxbias.xrbb.21                    1.0049
xxdut.vl                               1.00356
xxdut.xxbias.xrbc.11                    1.0022
xxdut.xxbias.xrbc.21                 0.0013522
xxdut.ibias                            1.07189
xxdut.xxbias.pb                        1.89434
xxdut.xxbias.n2s                      0.137773
xxdut.xxbias.xrz.11                   0.137006
xxdut.xxbias.xrz.21                0.000766939
xxdut.xxbias.xseed.11                  2.99995
xxdut.xxbias.xseed.21                  1.07194
xxdut.xxtrim.xrfix.11                  2.99754
xxdut.xxtrim.xrfix.21                  2.68441
xxdut.xxtrim.c1                        2.68195
xxdut.xxtrim.xr0.11                    2.67949
xxdut.xxtrim.xr0.21                    2.66591
xxdut.xxtrim.c2                        2.66345
t0                                           0
xxdut.xxtrim.xr1.11                    2.66101
xxdut.xxtrim.xr1.21                    2.63392
xxdut.xxtrim.c3                        2.63147
t1                                           0
xxdut.xxtrim.xr2.11                    2.62904
xxdut.xxtrim.xr2.21                    2.57507
xxdut.xxtrim.c4                        2.57264
t2                                           0
xxdut.xxtrim.xr3.11                    2.57021
xxdut.xxtrim.xr3.21                     2.4628
xxdut.xxtrim.c5                        2.46038
t3                                           0
xxdut.xxtrim.xr4.11                    2.45797
xxdut.xxtrim.xr4.21                    2.24462
xxdut.xxtrim.c6                        2.24221
t4                                           0
xxdut.xxtrim.xr5.11                    2.23983
xxdut.xxtrim.xr5.21                    1.81819
xxdut.xxtrim.c7                        1.81581
t5                                           0
xxdut.xxtrim.xr6.11                     1.8135
xxdut.xxtrim.xr6.21                   0.992997
xxdut.xxtrim.c8                       0.990682
t6                                           0
xxdut.xxtrim.xr7.11                   0.990644
xxdut.xxtrim.xr7.21                   0.964005
xxdut.vc                              0.963967
t7                                           3
xxdut.xxcmph.tail                     0.610531
xxdut.xxcmph.dp                        3.00048
xxdut.xxcmph.dn                        1.14824
xxdut.cmph_out                      0.00222612
xxdut.xxcmpl.tail                    0.0194334
xxdut.xxcmpl.dp                      0.0387258
xxdut.xxcmpl.dn                        1.99232
xxdut.cmpl_out                          3.0013
clk                                 0.00411986
xxdut.qbar                             2.99896
xxdut.mid1                             3.00752
xxdut.mid2                             2.88003
vt7#branch                        -9.20339e-06
vt6#branch                         -5.0155e-07
vt5#branch                         4.78673e-08
vt4#branch                         4.84662e-08
vt3#branch                         3.59457e-08
vt2#branch                         2.87795e-08
vt1#branch                          2.4799e-08
vt0#branch                         2.23578e-08
vdd#branch                        -0.000219494

 Reference value :  0.00000e+00
 Reference value :  9.70754e-08
 Reference value :  1.92342e-07
 Reference value :  2.93009e-07
 Reference value :  3.86116e-07
 Reference value :  4.82426e-07
 Reference value :  5.85045e-07
 Reference value :  6.85133e-07
 Reference value :  7.80776e-07
 Reference value :  8.83181e-07
 Reference value :  9.97656e-07
 Reference value :  1.10432e-06
No. of Data Rows : 6425
ta                  =  1.46283e-07
tb                  =  7.77656e-07
ta = 1.462831e-07
tb = 7.776561e-07
period = 3.156865e-08
fosc = 3.167700e+07
ngspice-46 done

Warning: m=xx on .subckt line will override multiplier m hierarchy!

Note: Starting dynamic gmin stepping
Warning: Dynamic gmin stepping failed
Note: Starting true gmin stepping
Warning: True gmin stepping failed
Note: Starting source stepping
Warning: singular matrix:  check node xxdut.vh

Warning: source stepping failed
Note: Transient op started
Note: Transient op finished successfully
