====================================================================
gf180-rcosc PVT corner run: ss_T+027C_V3p0_code0xEF
run id      : 20260921T065703Z
process     : ss (fets=ss res=res_ss mimcap=mimcap_ss)
temperature : 27 C
supply      : 3 V
trim code   : 0xEF (239)
transient   : tran 200p 1200n, f = 20 periods / (t[rise=25] - t[rise=5])
wall clock  : 92.3 s
exit status : 0
====================================================================

Note: Compatibility modes selected: hs a


Circuit: ** sch_path: /users/rwalters/github/gf180-rcosc/.loom/worktrees/issue-39/design/pvt_tb.sch

Doing analysis at TEMP = 27.000000 and TNOM = 27.000000

Using SPARSE 1.3 as Direct Linear Solver

Initial Transient Solution
--------------------------

Node                                   Voltage
----                                   -------
vdd                                          3
xxdut.xxbias.xrba.11                   2.99928
xxdut.xxbias.xrba.21                    1.9743
xxdut.vh                               1.97358
xxdut.xxbias.xrbb.11                   1.97289
xxdut.xxbias.xrbb.21                  0.980887
xxdut.vl                               0.98019
xxdut.xxbias.xrbc.11                  0.979503
xxdut.xxbias.xrbc.21               0.000687361
xxdut.ibias                            1.09098
xxdut.xxbias.pb                        1.64811
xxdut.xxbias.n2s                      0.169509
xxdut.xxbias.xrz.11                   0.169016
xxdut.xxbias.xrz.21                0.000493098
xxdut.xxbias.xseed.11                  2.99997
xxdut.xxbias.xseed.21                  1.09101
xxdut.xxtrim.xrfix.11                  2.99577
xxdut.xxtrim.xrfix.21                  1.95949
xxdut.xxtrim.c1                        1.95526
xxdut.xxtrim.xr0.11                    1.95088
xxdut.xxtrim.xr0.21                    1.90429
xxdut.xxtrim.c2                        1.89991
t0                                           3
xxdut.xxtrim.xr1.11                    1.89539
xxdut.xxtrim.xr1.21                    1.79914
xxdut.xxtrim.c3                        1.79462
t1                                           3
xxdut.xxtrim.xr2.11                     1.7905
xxdut.xxtrim.xr2.21                    1.61483
xxdut.xxtrim.c4                        1.61071
t2                                           3
xxdut.xxtrim.xr3.11                    1.60826
xxdut.xxtrim.xr3.21                    1.39932
xxdut.xxtrim.c5                        1.39687
t3                                           3
xxdut.xxtrim.xr4.11                    1.39153
xxdut.xxtrim.xr4.21                    0.48125
xxdut.xxtrim.c6                        0.47591
t4                                           0
xxdut.xxtrim.xr5.11                   0.475582
xxdut.xxtrim.xr5.21                   0.363746
xxdut.xxtrim.c7                       0.363418
t5                                           3
xxdut.xxtrim.xr6.11                   0.363229
xxdut.xxtrim.xr6.21                   0.234585
xxdut.xxtrim.c8                       0.234396
t6                                           3
xxdut.xxtrim.xr7.11                   0.234288
xxdut.xxtrim.xr7.21                  0.0860646
xxdut.vc                             0.0859559
t7                                           3
xxdut.xxcmph.tail                     0.500718
xxdut.xxcmph.dp                        2.78248
xxdut.xxcmph.dn                          0.791
xxdut.cmph_out                       0.0197249
xxdut.xxcmpl.tail                    0.0330512
xxdut.xxcmpl.dp                        2.89205
xxdut.xxcmpl.dn                        1.52141
xxdut.cmpl_out                        0.065244
clk                                    2.54405
xxdut.qbar                           0.0655584
xxdut.mid1                             3.01674
xxdut.mid2                             2.79067
vt7#branch                        -1.94388e-05
vt6#branch                        -2.93436e-05
vt5#branch                        -1.70982e-05
vt4#branch                        -1.13808e-06
vt3#branch                        -3.48505e-06
vt2#branch                         1.33767e-05
vt1#branch                         1.52212e-05
vt0#branch                          1.2711e-05
vdd#branch                        -0.000240973

 Reference value :  0.00000e+00
 Reference value :  1.06392e-07
 Reference value :  2.07536e-07
 Reference value :  2.98305e-07
 Reference value :  3.92468e-07
 Reference value :  4.93296e-07
 Reference value :  5.90151e-07
 Reference value :  7.00385e-07
 Reference value :  7.97819e-07
 Reference value :  8.94297e-07
 Reference value :  9.94837e-07
 Reference value :  1.09061e-06
 Reference value :  1.19921e-06
No. of Data Rows : 6237
ta                  =  1.45397e-07
tb                  =  7.30581e-07
ta = 1.453968e-07
tb = 7.305811e-07
period = 2.925922e-08
fosc = 3.417727e+07
ngspice-46 done

Warning: m=xx on .subckt line will override multiplier m hierarchy!

Note: Starting dynamic gmin stepping
Warning: Dynamic gmin stepping failed
Note: Starting true gmin stepping
Warning: True gmin stepping failed
Note: Starting source stepping
Warning: singular matrix:  check node xxdut.vl

Warning: source stepping failed
Note: Transient op started
Note: Transient op finished successfully
