====================================================================
gf180-rcosc PVT corner run: ss_T-040C_V3p6_code0xCF
run id      : 20260921T065703Z
process     : ss (fets=ss res=res_ss mimcap=mimcap_ss)
temperature : -40 C
supply      : 3.6 V
trim code   : 0xCF (207)
transient   : tran 200p 1200n, f = 20 periods / (t[rise=25] - t[rise=5])
wall clock  : 352.9 s
exit status : 0
====================================================================

Note: Compatibility modes selected: hs a


Circuit: ** sch_path: /users/rwalters/github/gf180-rcosc/.loom/worktrees/issue-39/design/pvt_tb.sch

Doing analysis at TEMP = -40.000000 and TNOM = 27.000000

Using SPARSE 1.3 as Direct Linear Solver

Initial Transient Solution
--------------------------

Node                                   Voltage
----                                   -------
vdd                                        3.6
xxdut.xxbias.xrba.11                   3.59862
xxdut.xxbias.xrba.21                   2.37721
xxdut.vh                               2.37583
xxdut.xxbias.xrbb.11                   2.37447
xxdut.xxbias.xrbb.21                   1.16186
xxdut.vl                                1.1605
xxdut.xxbias.xrbc.11                   1.15919
xxdut.xxbias.xrbc.21                0.00130363
xxdut.ibias                            1.07437
xxdut.xxbias.pb                         2.3026
xxdut.xxbias.n2s                      0.127834
xxdut.xxbias.xrz.11                    0.12724
xxdut.xxbias.xrz.21                0.000594114
xxdut.xxbias.xseed.11                  3.59994
xxdut.xxbias.xseed.21                  1.07443
xxdut.xxtrim.xrfix.11                  3.59477
xxdut.xxtrim.xrfix.21                  2.79607
xxdut.xxtrim.c1                        2.79084
xxdut.xxtrim.xr0.11                    2.78547
xxdut.xxtrim.xr0.21                    2.74978
xxdut.xxtrim.c2                        2.74441
t0                                         3.6
xxdut.xxtrim.xr1.11                    2.73883
xxdut.xxtrim.xr1.21                    2.66465
xxdut.xxtrim.c3                        2.65907
t1                                         3.6
xxdut.xxtrim.xr2.11                    2.65326
xxdut.xxtrim.xr2.21                     2.4989
xxdut.xxtrim.c4                        2.49309
t2                                         3.6
xxdut.xxtrim.xr3.11                    2.48719
xxdut.xxtrim.xr3.21                    2.17335
xxdut.xxtrim.c5                        2.16745
t3                                         3.6
xxdut.xxtrim.xr4.11                    2.16103
xxdut.xxtrim.xr4.21                    1.47849
xxdut.xxtrim.c6                        1.47207
t4                                           0
xxdut.xxtrim.xr5.11                    1.46539
xxdut.xxtrim.xr5.21                  0.0458053
xxdut.xxtrim.c7                      0.0391302
t5                                           0
xxdut.xxtrim.xr6.11                  0.0390421
xxdut.xxtrim.xr6.21                 0.00160324
xxdut.xxtrim.c8                     0.00151522
t6                                         3.6
xxdut.xxtrim.xr7.11                 0.00148423
xxdut.xxtrim.xr7.21                 -0.0248789
xxdut.vc                            -0.0249099
t7                                         3.6
xxdut.xxcmph.tail                     0.912192
xxdut.xxcmph.dp                        3.57257
xxdut.xxcmph.dn                        1.64023
xxdut.cmph_out                      0.00113723
xxdut.xxcmpl.tail                    0.0563286
xxdut.xxcmpl.dp                        2.82531
xxdut.xxcmpl.dn                        2.25816
xxdut.cmpl_out                        0.029272
clk                                    3.39355
xxdut.qbar                          -0.0346761
xxdut.mid1                             3.60528
xxdut.mid2                             3.47465
vt7#branch                         3.70429e-06
vt6#branch                        -5.21626e-07
vt5#branch                         8.11416e-08
vt4#branch                        -3.85326e-07
vt3#branch                        -2.58413e-06
vt2#branch                        -7.14088e-07
vt1#branch                        -7.45938e-07
vt0#branch                        -7.23922e-07
vdd#branch                        -0.000251785

 Reference value :  0.00000e+00
 Reference value :  6.53495e-08
 Reference value :  1.40848e-07
 Reference value :  2.12964e-07
 Reference value :  2.94576e-07
 Reference value :  3.66400e-07
 Reference value :  4.38143e-07
 Reference value :  5.07291e-07
 Reference value :  5.80062e-07
 Reference value :  6.69358e-07
 Reference value :  7.58658e-07
 Reference value :  8.31713e-07
 Reference value :  9.00308e-07
 Reference value :  9.65025e-07
 Reference value :  1.04568e-06
 Reference value :  1.13533e-06
No. of Data Rows : 6415
ta                  =  1.45321e-07
tb                  =  7.30662e-07
ta = 1.453206e-07
tb = 7.306624e-07
period = 2.926709e-08
fosc = 3.416807e+07
ngspice-46 done

Warning: m=xx on .subckt line will override multiplier m hierarchy!

Note: Starting dynamic gmin stepping
Warning: Dynamic gmin stepping failed
Note: Starting true gmin stepping
Warning: True gmin stepping failed
Note: Starting source stepping
Warning: singular matrix:  check node xxdut.vl

Warning: source stepping failed
Note: Transient op started
Note: Transient op finished successfully
