====================================================================
gf180-rcosc PVT corner run: ss_T-040C_V3p3_code0xCF
run id      : 20260921T065703Z
process     : ss (fets=ss res=res_ss mimcap=mimcap_ss)
temperature : -40 C
supply      : 3.3 V
trim code   : 0xCF (207)
transient   : tran 200p 1200n, f = 20 periods / (t[rise=25] - t[rise=5])
wall clock  : 328.1 s
exit status : 0
====================================================================

Note: Compatibility modes selected: hs a


Circuit: ** sch_path: /users/rwalters/github/gf180-rcosc/.loom/worktrees/issue-39/design/pvt_tb.sch

Doing analysis at TEMP = -40.000000 and TNOM = 27.000000

Using SPARSE 1.3 as Direct Linear Solver

Initial Transient Solution
--------------------------

Node                                   Voltage
----                                   -------
vdd                                        3.3
xxdut.xxbias.xrba.11                   3.29877
xxdut.xxbias.xrba.21                   2.20661
xxdut.vh                               2.20538
xxdut.xxbias.xrbb.11                   2.20415
xxdut.xxbias.xrbb.21                   1.10814
xxdut.vl                                1.1069
xxdut.xxbias.xrbc.11                   1.10566
xxdut.xxbias.xrbc.21                0.00124343
xxdut.ibias                            1.07704
xxdut.xxbias.pb                        2.00365
xxdut.xxbias.n2s                      0.128844
xxdut.xxbias.xrz.11                   0.128245
xxdut.xxbias.xrz.21                0.000598808
xxdut.xxbias.xseed.11                  3.29995
xxdut.xxbias.xseed.21                  1.07709
xxdut.xxtrim.xrfix.11                  3.29767
xxdut.xxtrim.xrfix.21                  2.94101
xxdut.xxtrim.c1                        2.93867
xxdut.xxtrim.xr0.11                    2.93636
xxdut.xxtrim.xr0.21                    2.92097
xxdut.xxtrim.c2                        2.91865
t0                                         3.3
xxdut.xxtrim.xr1.11                    2.91636
xxdut.xxtrim.xr1.21                    2.88595
xxdut.xxtrim.c3                        2.88366
t1                                         3.3
xxdut.xxtrim.xr2.11                     2.8814
xxdut.xxtrim.xr2.21                    2.82136
xxdut.xxtrim.c4                         2.8191
t2                                         3.3
xxdut.xxtrim.xr3.11                     2.8169
xxdut.xxtrim.xr3.21                    2.70012
xxdut.xxtrim.c5                        2.69792
t3                                         3.3
xxdut.xxtrim.xr4.11                    2.69578
xxdut.xxtrim.xr4.21                    2.46805
xxdut.xxtrim.c6                        2.46591
t4                                           0
xxdut.xxtrim.xr5.11                    2.46388
xxdut.xxtrim.xr5.21                    2.03205
xxdut.xxtrim.c7                        2.03002
t5                                           0
xxdut.xxtrim.xr6.11                    2.02951
xxdut.xxtrim.xr6.21                    1.81563
xxdut.xxtrim.c8                        1.81513
t6                                         3.3
xxdut.xxtrim.xr7.11                    1.81504
xxdut.xxtrim.xr7.21                    1.73828
xxdut.vc                               1.73819
t7                                         3.3
xxdut.xxcmph.tail                     0.772316
xxdut.xxcmph.dp                        3.30044
xxdut.xxcmph.dn                        1.28105
xxdut.cmph_out                      0.00304189
xxdut.xxcmpl.tail                     0.410466
xxdut.xxcmpl.dp                        3.30072
xxdut.xxcmpl.dn                        1.27999
xxdut.cmpl_out                      0.00500753
clk                                 0.00676588
xxdut.qbar                             3.30067
xxdut.mid1                             3.30897
xxdut.mid2                             3.28882
vt7#branch                         1.61166e-05
vt6#branch                         1.61088e-05
vt5#branch                        -7.00645e-07
vt4#branch                         1.37772e-07
vt3#branch                         6.75416e-07
vt2#branch                         1.44602e-07
vt1#branch                           1.034e-07
vt0#branch                         9.70602e-08
vdd#branch                        -0.000166217

 Reference value :  0.00000e+00
 Reference value :  8.59949e-08
 Reference value :  1.74682e-07
 Reference value :  2.61559e-07
 Reference value :  3.49267e-07
 Reference value :  4.49491e-07
 Reference value :  5.26765e-07
 Reference value :  6.27829e-07
 Reference value :  7.36417e-07
 Reference value :  8.27740e-07
 Reference value :  9.02196e-07
 Reference value :  9.90114e-07
 Reference value :  1.05849e-06
 Reference value :  1.12478e-06
No. of Data Rows : 6350
ta                  =  1.42702e-07
tb                  =  7.74389e-07
ta = 1.427023e-07
tb = 7.743890e-07
period = 3.158433e-08
fosc = 3.166126e+07
ngspice-46 done

Warning: m=xx on .subckt line will override multiplier m hierarchy!

Note: Starting dynamic gmin stepping
Warning: Dynamic gmin stepping failed
Note: Starting true gmin stepping
Warning: True gmin stepping failed
Note: Starting source stepping
Warning: singular matrix:  check node xxdut.vl

Warning: source stepping failed
Note: Transient op started
Note: Transient op finished successfully
