====================================================================
gf180-rcosc PVT corner run: ss_T-040C_V3p3_code0xEF
run id      : 20260921T065703Z
process     : ss (fets=ss res=res_ss mimcap=mimcap_ss)
temperature : -40 C
supply      : 3.3 V
trim code   : 0xEF (239)
transient   : tran 200p 1200n, f = 20 periods / (t[rise=25] - t[rise=5])
wall clock  : 108.8 s
exit status : 0
====================================================================

Note: Compatibility modes selected: hs a


Circuit: ** sch_path: /users/rwalters/github/gf180-rcosc/.loom/worktrees/issue-39/design/pvt_tb.sch

Doing analysis at TEMP = -40.000000 and TNOM = 27.000000

Using SPARSE 1.3 as Direct Linear Solver

Initial Transient Solution
--------------------------

Node                                   Voltage
----                                   -------
vdd                                        3.3
xxdut.xxbias.xrba.11                   3.29874
xxdut.xxbias.xrba.21                   2.18228
xxdut.vh                               2.18103
xxdut.xxbias.xrbb.11                   2.17978
xxdut.xxbias.xrbb.21                   1.06969
xxdut.vl                               1.06844
xxdut.xxbias.xrbc.11                   1.06724
xxdut.xxbias.xrbc.21                0.00120022
xxdut.ibias                            1.06963
xxdut.xxbias.pb                         2.0079
xxdut.xxbias.n2s                      0.124739
xxdut.xxbias.xrz.11                    0.12416
xxdut.xxbias.xrz.21                 0.00057973
xxdut.xxbias.xseed.11                  3.29995
xxdut.xxbias.xseed.21                  1.06969
xxdut.xxtrim.xrfix.11                  3.28973
xxdut.xxtrim.xrfix.21                   1.7215
xxdut.xxtrim.c1                        1.71124
xxdut.xxtrim.xr0.11                    1.70302
xxdut.xxtrim.xr0.21                    1.64843
xxdut.xxtrim.c2                        1.64021
t0                                         3.3
xxdut.xxtrim.xr1.11                    1.63352
xxdut.xxtrim.xr1.21                    1.54459
xxdut.xxtrim.c3                        1.53789
t1                                         3.3
xxdut.xxtrim.xr2.11                    1.53335
xxdut.xxtrim.xr2.21                     1.4125
xxdut.xxtrim.c4                        1.40795
t2                                         3.3
xxdut.xxtrim.xr3.11                    1.40541
xxdut.xxtrim.xr3.21                    1.27031
xxdut.xxtrim.c5                        1.26777
t3                                         3.3
xxdut.xxtrim.xr4.11                    1.25678
xxdut.xxtrim.xr4.21                  0.0885276
xxdut.xxtrim.c6                      0.0775409
t4                                           0
xxdut.xxtrim.xr5.11                  0.0772426
xxdut.xxtrim.xr5.21                  0.0137975
xxdut.xxtrim.c7                      0.0134992
t5                                         3.3
xxdut.xxtrim.xr6.11                  0.0133903
xxdut.xxtrim.xr6.21                 -0.0329197
xxdut.xxtrim.c8                     -0.0330286
t6                                         3.3
xxdut.xxtrim.xr7.11                 -0.0330522
xxdut.xxtrim.xr7.21                 -0.0531398
xxdut.vc                            -0.0531634
t7                                         3.3
xxdut.xxcmph.tail                     0.761098
xxdut.xxcmph.dp                        3.39317
xxdut.xxcmph.dn                        1.31502
xxdut.cmph_out                     -0.00888697
xxdut.xxcmpl.tail                     0.020503
xxdut.xxcmpl.dp                        2.42505
xxdut.xxcmpl.dn                         2.1435
xxdut.cmpl_out                      -0.0280323
clk                                    3.41529
xxdut.qbar                          -0.0558074
xxdut.mid1                              3.2709
xxdut.mid2                             3.34351
vt7#branch                         1.90929e-05
vt6#branch                         1.27856e-05
vt5#branch                         1.13354e-05
vt4#branch                         1.45233e-06
vt3#branch                        -1.67722e-08
vt2#branch                        -5.28266e-06
vt1#branch                        -5.42494e-06
vt0#branch                        -6.05319e-06
vdd#branch                        -0.000237644

 Reference value :  0.00000e+00
 Reference value :  8.62833e-08
 Reference value :  1.76632e-07
 Reference value :  2.69882e-07
 Reference value :  3.64969e-07
 Reference value :  4.60040e-07
 Reference value :  5.62578e-07
 Reference value :  6.75251e-07
 Reference value :  7.85956e-07
 Reference value :  8.92651e-07
 Reference value :  9.85877e-07
 Reference value :  1.08689e-06
 Reference value :  1.19166e-06
No. of Data Rows : 6385
ta                  =  1.39149e-07
tb                  =  7.02759e-07
ta = 1.391485e-07
tb = 7.027592e-07
period = 2.818053e-08
fosc = 3.548549e+07
ngspice-46 done

Warning: m=xx on .subckt line will override multiplier m hierarchy!

Note: Starting dynamic gmin stepping
Warning: Dynamic gmin stepping failed
Note: Starting true gmin stepping
Warning: True gmin stepping failed
Note: Starting source stepping
Warning: singular matrix:  check node xxdut.vl

Warning: source stepping failed
Note: Transient op started
Note: Transient op finished successfully
