====================================================================
gf180-rcosc PVT corner run: ss_T+085C_V3p3_code0x80
run id      : 20260921T065703Z
process     : ss (fets=ss res=res_ss mimcap=mimcap_ss)
temperature : 85 C
supply      : 3.3 V
trim code   : 0x80 (128)
transient   : tran 200p 1200n, f = 20 periods / (t[rise=25] - t[rise=5])
wall clock  : 41.1 s
exit status : 0
====================================================================

Note: Compatibility modes selected: hs a


Circuit: ** sch_path: /users/rwalters/github/gf180-rcosc/.loom/worktrees/issue-39/design/pvt_tb.sch

Doing analysis at TEMP = 85.000000 and TNOM = 27.000000

Using SPARSE 1.3 as Direct Linear Solver

Initial Transient Solution
--------------------------

Node                                   Voltage
----                                   -------
vdd                                        3.3
xxdut.xxbias.xrba.11                   3.29944
xxdut.xxbias.xrba.21                   2.20056
xxdut.vh                                   2.2
xxdut.xxbias.xrbb.11                   2.19944
xxdut.xxbias.xrbb.21                   1.10056
xxdut.vl                                   1.1
xxdut.xxbias.xrbc.11                   1.09944
xxdut.xxbias.xrbc.21               0.000556713
xxdut.ibias                            1.14338
xxdut.xxbias.pb                        1.86831
xxdut.xxbias.n2s                      0.226292
xxdut.xxbias.xrz.11                   0.225816
xxdut.xxbias.xrz.21                0.000475672
xxdut.xxbias.xseed.11                  3.29998
xxdut.xxbias.xseed.21                   1.1434
xxdut.xxtrim.xrfix.11                  3.29973
xxdut.xxtrim.xrfix.21                   3.2075
xxdut.xxtrim.c1                        3.20723
xxdut.xxtrim.xr0.11                    3.20696
xxdut.xxtrim.xr0.21                    3.20294
xxdut.xxtrim.c2                        3.20267
t0                                           0
xxdut.xxtrim.xr1.11                     3.2024
xxdut.xxtrim.xr1.21                    3.19438
xxdut.xxtrim.c3                         3.1941
t1                                           0
xxdut.xxtrim.xr2.11                    3.19383
xxdut.xxtrim.xr2.21                    3.17778
xxdut.xxtrim.c4                        3.17751
t2                                           0
xxdut.xxtrim.xr3.11                    3.17724
xxdut.xxtrim.xr3.21                    3.14514
xxdut.xxtrim.c5                        3.14487
t3                                           0
xxdut.xxtrim.xr4.11                    3.14459
xxdut.xxtrim.xr4.21                    3.08039
xxdut.xxtrim.c6                        3.08012
t4                                           0
xxdut.xxtrim.xr5.11                    3.07985
xxdut.xxtrim.xr5.21                    2.95144
xxdut.xxtrim.c7                        2.95117
t5                                           0
xxdut.xxtrim.xr6.11                     2.9509
xxdut.xxtrim.xr6.21                    2.69409
xxdut.xxtrim.c8                        2.69382
t6                                           0
xxdut.xxtrim.xr7.11                    2.69355
xxdut.xxtrim.xr7.21                    2.18243
xxdut.vc                               2.18216
t7                                         3.3
xxdut.xxcmph.tail                     0.778195
xxdut.xxcmph.dp                        1.48921
xxdut.xxcmph.dn                        1.17616
xxdut.cmph_out                         1.43781
xxdut.xxcmpl.tail                     0.381055
xxdut.xxcmpl.dp                        3.29927
xxdut.xxcmpl.dn                       0.624149
xxdut.cmpl_out                      5.3065e-09
clk                                   0.733366
xxdut.qbar                             1.38833
xxdut.mid1                             2.72971
xxdut.mid2                             3.12813
vt7#branch                                   0
vt6#branch                                   0
vt5#branch                                   0
vt4#branch                                   0
vt3#branch                                   0
vt2#branch                                   0
vt1#branch                                   0
vt0#branch                                   0
vdd#branch                        -0.000569986

 Reference value :  0.00000e+00
 Reference value :  7.91084e-08
 Reference value :  1.70581e-07
 Reference value :  2.59226e-07
 Reference value :  3.39873e-07
 Reference value :  4.22758e-07
 Reference value :  5.04653e-07
 Reference value :  5.94115e-07
 Reference value :  6.80345e-07
 Reference value :  7.67276e-07
 Reference value :  8.63491e-07
 Reference value :  9.49153e-07
 Reference value :  1.05300e-06
 Reference value :  1.14807e-06
No. of Data Rows : 6203
ta                  =  1.37924e-07
tb                  =  7.99365e-07
ta = 1.379243e-07
tb = 7.993653e-07
period = 3.307205e-08
fosc = 3.023701e+07
ngspice-46 done

Warning: m=xx on .subckt line will override multiplier m hierarchy!

Note: Starting dynamic gmin stepping
Note: Dynamic gmin stepping completed
