====================================================================
gf180-rcosc PVT corner run: tt_T-040C_V3p0_code0x80
run id      : 20260921T065703Z
process     : tt (fets=typical res=res_typical mimcap=mimcap_typical)
temperature : -40 C
supply      : 3 V
trim code   : 0x80 (128)
transient   : tran 200p 1200n, f = 20 periods / (t[rise=25] - t[rise=5])
wall clock  : 41.4 s
exit status : 0
====================================================================

Note: Compatibility modes selected: hs a


Circuit: ** sch_path: /users/rwalters/github/gf180-rcosc/.loom/worktrees/issue-39/design/pvt_tb.sch

Doing analysis at TEMP = -40.000000 and TNOM = 27.000000

Using SPARSE 1.3 as Direct Linear Solver

Initial Transient Solution
--------------------------

Node                                   Voltage
----                                   -------
vdd                                          3
xxdut.xxbias.xrba.11                   2.99865
xxdut.xxbias.xrba.21                   2.00135
xxdut.vh                                     2
xxdut.xxbias.xrbb.11                   1.99865
xxdut.xxbias.xrbb.21                   1.00135
xxdut.vl                                     1
xxdut.xxbias.xrbc.11                  0.998653
xxdut.xxbias.xrbc.21                 0.0013474
xxdut.ibias                           0.986487
xxdut.xxbias.pb                        1.79805
xxdut.xxbias.n2s                       0.13595
xxdut.xxbias.xrz.11                   0.135193
xxdut.xxbias.xrz.21                0.000756792
xxdut.xxbias.xseed.11                  2.99994
xxdut.xxbias.xseed.21                 0.986543
xxdut.xxtrim.xrfix.11                  2.99936
xxdut.xxtrim.xrfix.21                  2.91767
xxdut.xxtrim.c1                        2.91703
xxdut.xxtrim.xr0.11                    2.91638
xxdut.xxtrim.xr0.21                    2.91283
xxdut.xxtrim.c2                        2.91219
t0                                           0
xxdut.xxtrim.xr1.11                    2.91155
xxdut.xxtrim.xr1.21                    2.90444
xxdut.xxtrim.c3                         2.9038
t1                                           0
xxdut.xxtrim.xr2.11                    2.90316
xxdut.xxtrim.xr2.21                    2.88894
xxdut.xxtrim.c4                         2.8883
t2                                           0
xxdut.xxtrim.xr3.11                    2.88766
xxdut.xxtrim.xr3.21                    2.85922
xxdut.xxtrim.c5                        2.85858
t3                                           0
xxdut.xxtrim.xr4.11                    2.85794
xxdut.xxtrim.xr4.21                    2.80107
xxdut.xxtrim.c6                        2.80043
t4                                           0
xxdut.xxtrim.xr5.11                    2.79979
xxdut.xxtrim.xr5.21                    2.68606
xxdut.xxtrim.c7                        2.68542
t5                                           0
xxdut.xxtrim.xr6.11                    2.68478
xxdut.xxtrim.xr6.21                    2.45731
xxdut.xxtrim.c8                        2.45667
t6                                           0
xxdut.xxtrim.xr7.11                    2.45603
xxdut.xxtrim.xr7.21                    2.00113
xxdut.vc                               2.00049
t7                                           3
xxdut.xxcmph.tail                      0.77744
xxdut.xxcmph.dp                        1.34316
xxdut.xxcmph.dn                        1.37765
xxdut.cmph_out                         1.29928
xxdut.xxcmpl.tail                     0.679521
xxdut.xxcmpl.dp                              3
xxdut.xxcmpl.dn                        1.02386
xxdut.cmpl_out                     3.03766e-09
clk                                    0.74708
xxdut.qbar                             1.26311
xxdut.mid1                             2.53888
xxdut.mid2                             2.86002
vt7#branch                                   0
vt6#branch                                   0
vt5#branch                                   0
vt4#branch                                   0
vt3#branch                                   0
vt2#branch                                   0
vt1#branch                                   0
vt0#branch                                   0
vdd#branch                        -0.000507744

 Reference value :  0.00000e+00
 Reference value :  8.32410e-08
 Reference value :  1.61830e-07
 Reference value :  2.39358e-07
 Reference value :  3.18052e-07
 Reference value :  3.98827e-07
 Reference value :  4.88518e-07
 Reference value :  5.81353e-07
 Reference value :  6.74059e-07
 Reference value :  7.67999e-07
 Reference value :  8.66908e-07
 Reference value :  9.68437e-07
 Reference value :  1.06205e-06
 Reference value :  1.15946e-06
No. of Data Rows : 6389
ta                  =  1.21178e-07
tb                  =  7.08761e-07
ta = 1.211784e-07
tb = 7.087615e-07
period = 2.937915e-08
fosc = 3.403774e+07
ngspice-46 done

Warning: m=xx on .subckt line will override multiplier m hierarchy!

Note: Starting dynamic gmin stepping
Warning: Dynamic gmin stepping failed
Note: Starting true gmin stepping
Note: True gmin stepping completed
