====================================================================
gf180-rcosc PVT corner run: tt_T-040C_V3p6_code0x9F
run id      : 20260921T065703Z
process     : tt (fets=typical res=res_typical mimcap=mimcap_typical)
temperature : -40 C
supply      : 3.6 V
trim code   : 0x9F (159)
transient   : tran 200p 1200n, f = 20 periods / (t[rise=25] - t[rise=5])
wall clock  : 24.7 s
exit status : 0
====================================================================

Note: Compatibility modes selected: hs a


Circuit: ** sch_path: /users/rwalters/github/gf180-rcosc/.loom/worktrees/issue-39/design/pvt_tb.sch

Doing analysis at TEMP = -40.000000 and TNOM = 27.000000

Using SPARSE 1.3 as Direct Linear Solver

Initial Transient Solution
--------------------------

Node                                   Voltage
----                                   -------
vdd                                        3.6
xxdut.xxbias.xrba.11                   3.59838
xxdut.xxbias.xrba.21                   2.40162
xxdut.vh                                   2.4
xxdut.xxbias.xrbb.11                   2.39838
xxdut.xxbias.xrbb.21                   1.20162
xxdut.vl                                   1.2
xxdut.xxbias.xrbc.11                   1.19838
xxdut.xxbias.xrbc.21                0.00161689
xxdut.ibias                           0.994832
xxdut.xxbias.pb                        2.39024
xxdut.xxbias.n2s                      0.141541
xxdut.xxbias.xrz.11                   0.140753
xxdut.xxbias.xrz.21                0.000787917
xxdut.xxbias.xseed.11                  3.59993
xxdut.xxbias.xseed.21                 0.994905
xxdut.xxtrim.xrfix.11                  3.59923
xxdut.xxtrim.xrfix.21                  3.50119
xxdut.xxtrim.c1                        3.50042
xxdut.xxtrim.xr0.11                    3.49965
xxdut.xxtrim.xr0.21                    3.49539
xxdut.xxtrim.c2                        3.49462
t0                                         3.6
xxdut.xxtrim.xr1.11                    3.49385
xxdut.xxtrim.xr1.21                    3.48531
xxdut.xxtrim.c3                        3.48454
t1                                         3.6
xxdut.xxtrim.xr2.11                    3.48377
xxdut.xxtrim.xr2.21                    3.46671
xxdut.xxtrim.c4                        3.46594
t2                                         3.6
xxdut.xxtrim.xr3.11                    3.46517
xxdut.xxtrim.xr3.21                    3.43105
xxdut.xxtrim.c5                        3.43028
t3                                         3.6
xxdut.xxtrim.xr4.11                    3.42951
xxdut.xxtrim.xr4.21                    3.36126
xxdut.xxtrim.c6                        3.36049
t4                                         3.6
xxdut.xxtrim.xr5.11                    3.35972
xxdut.xxtrim.xr5.21                    3.22323
xxdut.xxtrim.c7                        3.22246
t5                                           0
xxdut.xxtrim.xr6.11                    3.22169
xxdut.xxtrim.xr6.21                     2.9487
xxdut.xxtrim.c8                        2.94793
t6                                           0
xxdut.xxtrim.xr7.11                    2.94717
xxdut.xxtrim.xr7.21                    2.40511
xxdut.vc                               2.40434
t7                                         3.6
xxdut.xxcmph.tail                      1.09625
xxdut.xxcmph.dp                        1.61202
xxdut.xxcmph.dn                        1.94771
xxdut.cmph_out                         1.55391
xxdut.xxcmpl.tail                      1.00103
xxdut.xxcmpl.dp                            3.6
xxdut.xxcmpl.dn                        1.57728
xxdut.cmpl_out                     3.89245e-09
clk                                   0.753242
xxdut.qbar                             1.48393
xxdut.mid1                             2.93803
xxdut.mid2                             3.37879
vt7#branch                                   0
vt6#branch                                   0
vt5#branch                                   0
vt4#branch                                   0
vt3#branch                                   0
vt2#branch                                   0
vt1#branch                                   0
vt0#branch                                   0
vdd#branch                        -0.000758254

 Reference value :  0.00000e+00
 Reference value :  8.70530e-08
 Reference value :  1.58921e-07
 Reference value :  2.23187e-07
 Reference value :  3.06049e-07
 Reference value :  3.74379e-07
 Reference value :  4.40241e-07
 Reference value :  5.26739e-07
 Reference value :  6.27185e-07
 Reference value :  7.29454e-07
 Reference value :  8.27405e-07
 Reference value :  9.32710e-07
 Reference value :  1.02486e-06
 Reference value :  1.12211e-06
No. of Data Rows : 6402
ta                  =  1.11990e-07
tb                  =  6.48202e-07
ta = 1.119904e-07
tb = 6.482016e-07
period = 2.681056e-08
fosc = 3.729874e+07
ngspice-46 done

Warning: m=xx on .subckt line will override multiplier m hierarchy!

Note: Starting dynamic gmin stepping
Note: Dynamic gmin stepping completed
