====================================================================
gf180-rcosc PVT corner run: ff_T-040C_V3p3_code0x80
run id      : 20260921T164939Z
process     : ff (fets=ff res=res_ff mimcap=mimcap_ff)
temperature : -40 C
supply      : 3.3 V
trim code   : 0x80 (128)
transient   : tran 200p 1200n, f = 20 periods / (t[rise=25] - t[rise=5])
wall clock  : 24.2 s
exit status : 0
====================================================================

Note: Compatibility modes selected: hs a


Circuit: ** sch_path: /users/rwalters/github/gf180-rcosc/.loom/worktrees/issue-43/design/pvt_tb.sch

Doing analysis at TEMP = -40.000000 and TNOM = 27.000000

Using SPARSE 1.3 as Direct Linear Solver

Initial Transient Solution
--------------------------

Node                                   Voltage
----                                   -------
vdd                                        3.3
xxdut.xxbias.xrba.11                   3.29815
xxdut.xxbias.xrba.21                   2.20185
xxdut.vh                                   2.2
xxdut.xxbias.xrbb.11                   2.19815
xxdut.xxbias.xrbb.21                   1.10185
xxdut.vl                                   1.1
xxdut.xxbias.xrbc.11                   1.09815
xxdut.xxbias.xrbc.21                0.00185143
xxdut.ibias                           0.888304
xxdut.xxbias.pb                        2.19486
xxdut.xxbias.n2s                      0.147802
xxdut.xxbias.xrz.11                    0.14703
xxdut.xxbias.xrz.21                0.000771882
xxdut.xxtrim.xrfix.11                  3.29842
xxdut.xxtrim.xrfix.21                  3.13769
xxdut.xxtrim.c1                        3.13611
xxdut.xxtrim.xr0.11                    3.13453
xxdut.xxtrim.xr0.21                    3.12754
xxdut.xxtrim.c2                        3.12596
t0                                           0
xxdut.xxtrim.tb0                           3.3
xxdut.xxtrim.xr1.11                    3.12439
xxdut.xxtrim.xr1.21                     3.1104
xxdut.xxtrim.c3                        3.10882
t1                                           0
xxdut.xxtrim.tb1                           3.3
xxdut.xxtrim.xr2.11                    3.10724
xxdut.xxtrim.xr2.21                    3.07927
xxdut.xxtrim.c4                        3.07769
t2                                           0
xxdut.xxtrim.tb2                           3.3
xxdut.xxtrim.xr3.11                    3.07612
xxdut.xxtrim.xr3.21                    3.02017
xxdut.xxtrim.c5                        3.01859
t3                                           0
xxdut.xxtrim.tb3                           3.3
xxdut.xxtrim.xr4.11                    3.01702
xxdut.xxtrim.xr4.21                    2.90513
xxdut.xxtrim.c6                        2.90355
t4                                           0
xxdut.xxtrim.tb4                           3.3
xxdut.xxtrim.xr5.11                    2.90197
xxdut.xxtrim.xr5.21                     2.6782
xxdut.xxtrim.c7                        2.67662
t5                                           0
xxdut.xxtrim.tb5                           3.3
xxdut.xxtrim.xr6.11                    2.67504
xxdut.xxtrim.xr6.21                    2.22749
xxdut.xxtrim.c8                        2.22591
t6                                           0
xxdut.xxtrim.tb6                           3.3
xxdut.xxtrim.xr7.11                    2.22587
xxdut.xxtrim.xr7.21                    2.20465
xxdut.vc                               2.20461
t7                                         3.3
xxdut.xxtrim.tb7                   3.27009e-09
xxdut.xxcmph.tail                       1.0333
xxdut.xxcmph.dp                        1.46974
xxdut.xxcmph.dn                        1.76892
xxdut.cmph_out                         1.40726
xxdut.xxcmpl.tail                     0.936673
xxdut.xxcmpl.dp                            3.3
xxdut.xxcmpl.dn                        1.39644
xxdut.cmpl_out                     3.27009e-09
clk                                   0.678443
xxdut.qbar                             1.34668
xxdut.mid1                             2.67746
xxdut.mid2                             3.08049
vt7#branch                                   0
vt6#branch                                   0
vt5#branch                                   0
vt4#branch                                   0
vt3#branch                                   0
vt2#branch                                   0
vt1#branch                                   0
vt0#branch                                   0
vdd#branch                        -0.000809851

 Reference value :  0.00000e+00
 Reference value :  3.74781e-08
 Reference value :  7.29946e-08
 Reference value :  1.19593e-07
 Reference value :  1.59614e-07
 Reference value :  1.99172e-07
 Reference value :  2.47278e-07
 Reference value :  2.86361e-07
 Reference value :  3.26291e-07
 Reference value :  3.66129e-07
 Reference value :  4.20388e-07
 Reference value :  4.62146e-07
 Reference value :  5.05180e-07
 Reference value :  5.52086e-07
 Reference value :  5.96147e-07
 Reference value :  6.55021e-07
 Reference value :  7.01512e-07
 Reference value :  7.47755e-07
 Reference value :  7.94642e-07
 Reference value :  8.48688e-07
 Reference value :  8.93697e-07
 Reference value :  9.41709e-07
 Reference value :  9.86682e-07
 Reference value :  1.03303e-06
 Reference value :  1.08564e-06
 Reference value :  1.12918e-06
 Reference value :  1.17562e-06
No. of Data Rows : 6388
ta                  =  7.92168e-08
tb                  =  4.57314e-07
ta = 7.921678e-08
tb = 4.573142e-07
period = 1.890487e-08
fosc = 5.289642e+07
ngspice-46 done

Warning: m=xx on .subckt line will override multiplier m hierarchy!

Note: Starting dynamic gmin stepping
Note: Dynamic gmin stepping completed
