====================================================================
gf180-rcosc PVT corner run: ff_T+027C_V3p3_code0x27
run id      : 20260921T164939Z
process     : ff (fets=ff res=res_ff mimcap=mimcap_ff)
temperature : 27 C
supply      : 3.3 V
trim code   : 0x27 (39)
transient   : tran 200p 1200n, f = 20 periods / (t[rise=25] - t[rise=5])
wall clock  : 11.0 s
exit status : 0
====================================================================

Note: Compatibility modes selected: hs a


Circuit: ** sch_path: /users/rwalters/github/gf180-rcosc/.loom/worktrees/issue-43/design/pvt_tb.sch

Doing analysis at TEMP = 27.000000 and TNOM = 27.000000

Using SPARSE 1.3 as Direct Linear Solver

Initial Transient Solution
--------------------------

Node                                   Voltage
----                                   -------
vdd                                        3.3
xxdut.xxbias.xrba.11                   3.29884
xxdut.xxbias.xrba.21                   2.20116
xxdut.vh                                   2.2
xxdut.xxbias.xrbb.11                   2.19884
xxdut.xxbias.xrbb.21                   1.10116
xxdut.vl                                   1.1
xxdut.xxbias.xrbc.11                   1.09884
xxdut.xxbias.xrbc.21                0.00115626
xxdut.ibias                           0.908841
xxdut.xxbias.pb                        2.14212
xxdut.xxbias.n2s                      0.194314
xxdut.xxbias.xrz.11                   0.193679
xxdut.xxbias.xrz.21                 0.00063545
xxdut.xxtrim.xrfix.11                  3.29937
xxdut.xxtrim.xrfix.21                  3.19641
xxdut.xxtrim.c1                        3.19578
xxdut.xxtrim.xr0.11                    3.19559
xxdut.xxtrim.xr0.21                    3.19422
xxdut.xxtrim.c2                        3.19403
t0                                         3.3
xxdut.xxtrim.tb0                   4.10054e-09
xxdut.xxtrim.xr1.11                    3.19386
xxdut.xxtrim.xr1.21                    3.19145
xxdut.xxtrim.c3                        3.19128
t1                                         3.3
xxdut.xxtrim.tb1                   4.10054e-09
xxdut.xxtrim.xr2.11                    3.19114
xxdut.xxtrim.xr2.21                    3.18742
xxdut.xxtrim.c4                        3.18729
t2                                         3.3
xxdut.xxtrim.tb2                   4.10054e-09
xxdut.xxtrim.xr3.11                    3.18666
xxdut.xxtrim.xr3.21                    3.15082
xxdut.xxtrim.c5                        3.15019
t3                                           0
xxdut.xxtrim.tb3                           3.3
xxdut.xxtrim.xr4.11                    3.14956
xxdut.xxtrim.xr4.21                    3.07789
xxdut.xxtrim.c6                        3.07726
t4                                           0
xxdut.xxtrim.tb4                           3.3
xxdut.xxtrim.xr5.11                    3.07721
xxdut.xxtrim.xr5.21                     3.0657
xxdut.xxtrim.c7                        3.06565
t5                                         3.3
xxdut.xxtrim.tb5                   4.10054e-09
xxdut.xxtrim.xr6.11                    3.06502
xxdut.xxtrim.xr6.21                    2.77833
xxdut.xxtrim.c8                         2.7777
t6                                           0
xxdut.xxtrim.tb6                           3.3
xxdut.xxtrim.xr7.11                    2.77707
xxdut.xxtrim.xr7.21                    2.20369
xxdut.vc                               2.20306
t7                                           0
xxdut.xxtrim.tb7                           3.3
xxdut.xxcmph.tail                      1.00935
xxdut.xxcmph.dp                        1.47195
xxdut.xxcmph.dn                        1.57306
xxdut.cmph_out                         1.41178
xxdut.xxcmpl.tail                     0.793668
xxdut.xxcmpl.dp                            3.3
xxdut.xxcmpl.dn                        1.07497
xxdut.cmpl_out                     4.10054e-09
clk                                   0.592738
xxdut.qbar                             1.35078
xxdut.mid1                             2.61639
xxdut.mid2                             3.06696
vt7#branch                                   0
vt6#branch                                   0
vt5#branch                                   0
vt4#branch                                   0
vt3#branch                                   0
vt2#branch                                   0
vt1#branch                                   0
vt0#branch                                   0
vdd#branch                        -0.000820429

 Reference value :  0.00000e+00
 Reference value :  4.21460e-08
 Reference value :  8.83672e-08
 Reference value :  1.30044e-07
 Reference value :  1.72575e-07
 Reference value :  2.18450e-07
 Reference value :  2.66955e-07
 Reference value :  3.12557e-07
 Reference value :  3.51768e-07
 Reference value :  3.95409e-07
 Reference value :  4.38499e-07
 Reference value :  4.81774e-07
 Reference value :  5.27253e-07
 Reference value :  5.74295e-07
 Reference value :  6.20007e-07
 Reference value :  6.60232e-07
 Reference value :  7.04390e-07
 Reference value :  7.50326e-07
 Reference value :  7.91635e-07
 Reference value :  8.38305e-07
 Reference value :  8.92841e-07
 Reference value :  9.34349e-07
 Reference value :  9.80714e-07
 Reference value :  1.02826e-06
 Reference value :  1.07812e-06
 Reference value :  1.12427e-06
 Reference value :  1.17402e-06
No. of Data Rows : 6456
ta                  =  9.92218e-08
tb                  =  5.74880e-07
ta = 9.922178e-08
tb = 5.748801e-07
period = 2.378292e-08
fosc = 4.204699e+07
ngspice-46 done

Warning: m=xx on .subckt line will override multiplier m hierarchy!

Note: Starting dynamic gmin stepping
Note: Dynamic gmin stepping completed
