====================================================================
gf180-rcosc PVT corner run: ff_T+085C_V3p0_code0x21
run id      : 20260921T164939Z
process     : ff (fets=ff res=res_ff mimcap=mimcap_ff)
temperature : 85 C
supply      : 3 V
trim code   : 0x21 (33)
transient   : tran 200p 1200n, f = 20 periods / (t[rise=25] - t[rise=5])
wall clock  : 32.5 s
exit status : 0
====================================================================

Note: Compatibility modes selected: hs a


Circuit: ** sch_path: /users/rwalters/github/gf180-rcosc/.loom/worktrees/issue-43/design/pvt_tb.sch

Doing analysis at TEMP = 85.000000 and TNOM = 27.000000

Using SPARSE 1.3 as Direct Linear Solver

Initial Transient Solution
--------------------------

Node                                   Voltage
----                                   -------
vdd                                          3
xxdut.xxbias.xrba.11                   2.99924
xxdut.xxbias.xrba.21                   2.00076
xxdut.vh                                     2
xxdut.xxbias.xrbb.11                   1.99924
xxdut.xxbias.xrbb.21                   1.00076
xxdut.vl                                     1
xxdut.xxbias.xrbc.11                  0.999241
xxdut.xxbias.xrbc.21                0.00075877
xxdut.ibias                           0.929532
xxdut.xxbias.pb                        1.79894
xxdut.xxbias.n2s                       0.23383
xxdut.xxbias.xrz.11                   0.233277
xxdut.xxbias.xrz.21                0.000552666
xxdut.xxtrim.xrfix.11                  2.99958
xxdut.xxtrim.xrfix.21                  2.90424
xxdut.xxtrim.c1                        2.90382
xxdut.xxtrim.xr0.11                    2.90367
xxdut.xxtrim.xr0.21                    2.90214
xxdut.xxtrim.c2                        2.90198
t0                                           3
xxdut.xxtrim.tb0                   7.03356e-09
xxdut.xxtrim.xr1.11                    2.90156
xxdut.xxtrim.xr1.21                    2.89327
xxdut.xxtrim.c3                        2.89285
t1                                           0
xxdut.xxtrim.tb1                             3
xxdut.xxtrim.xr2.11                    2.89243
xxdut.xxtrim.xr2.21                    2.87583
xxdut.xxtrim.c4                        2.87541
t2                                           0
xxdut.xxtrim.tb2                             3
xxdut.xxtrim.xr3.11                    2.87499
xxdut.xxtrim.xr3.21                    2.84181
xxdut.xxtrim.c5                        2.84139
t3                                           0
xxdut.xxtrim.tb3                             3
xxdut.xxtrim.xr4.11                    2.84097
xxdut.xxtrim.xr4.21                     2.7746
xxdut.xxtrim.c6                        2.77418
t4                                           0
xxdut.xxtrim.tb4                             3
xxdut.xxtrim.xr5.11                    2.77414
xxdut.xxtrim.xr5.21                    2.76091
xxdut.xxtrim.c7                        2.76087
t5                                           3
xxdut.xxtrim.tb5                   7.03356e-09
xxdut.xxtrim.xr6.11                    2.76044
xxdut.xxtrim.xr6.21                    2.49498
xxdut.xxtrim.c8                        2.49456
t6                                           0
xxdut.xxtrim.tb6                             3
xxdut.xxtrim.xr7.11                    2.49414
xxdut.xxtrim.xr7.21                    1.96322
xxdut.vc                               1.96279
t7                                           0
xxdut.xxtrim.tb7                             3
xxdut.xxcmph.tail                     0.795087
xxdut.xxcmph.dp                        1.34115
xxdut.xxcmph.dn                        1.11256
xxdut.cmph_out                         1.28498
xxdut.xxcmpl.tail                     0.358591
xxdut.xxcmpl.dp                        2.98611
xxdut.xxcmpl.dn                       0.580725
xxdut.cmpl_out                     8.09276e-09
clk                                   0.536314
xxdut.qbar                              1.2397
xxdut.mid1                              2.3774
xxdut.mid2                             2.79521
vt7#branch                                   0
vt6#branch                                   0
vt5#branch                                   0
vt4#branch                                   0
vt3#branch                                   0
vt2#branch                                   0
vt1#branch                                   0
vt0#branch                                   0
vdd#branch                         -0.00073638

 Reference value :  0.00000e+00
 Reference value :  4.12222e-08
 Reference value :  8.58815e-08
 Reference value :  1.31901e-07
 Reference value :  1.79441e-07
 Reference value :  2.25750e-07
 Reference value :  2.72077e-07
 Reference value :  3.16643e-07
 Reference value :  3.65071e-07
 Reference value :  4.12418e-07
 Reference value :  4.59567e-07
 Reference value :  5.05909e-07
 Reference value :  5.53375e-07
 Reference value :  5.99985e-07
 Reference value :  6.45458e-07
 Reference value :  6.92926e-07
 Reference value :  7.38464e-07
 Reference value :  7.87559e-07
 Reference value :  8.34389e-07
 Reference value :  8.81029e-07
 Reference value :  9.27630e-07
 Reference value :  9.72228e-07
 Reference value :  1.01778e-06
 Reference value :  1.06812e-06
 Reference value :  1.11630e-06
 Reference value :  1.16419e-06
No. of Data Rows : 6248
ta                  =  1.04715e-07
tb                  =  5.70493e-07
ta = 1.047152e-07
tb = 5.704932e-07
period = 2.328890e-08
fosc = 4.293891e+07
ngspice-46 done

Warning: m=xx on .subckt line will override multiplier m hierarchy!

Note: Starting dynamic gmin stepping
Note: Dynamic gmin stepping completed
