====================================================================
gf180-rcosc PVT corner run: ff_T+085C_V3p0_code0x9D
run id      : 20260921T164939Z
process     : ff (fets=ff res=res_ff mimcap=mimcap_ff)
temperature : 85 C
supply      : 3 V
trim code   : 0x9D (157)
transient   : tran 200p 1200n, f = 20 periods / (t[rise=25] - t[rise=5])
wall clock  : 23.0 s
exit status : 0
====================================================================

Note: Compatibility modes selected: hs a


Circuit: ** sch_path: /users/rwalters/github/gf180-rcosc/.loom/worktrees/issue-43/design/pvt_tb.sch

Doing analysis at TEMP = 85.000000 and TNOM = 27.000000

Using SPARSE 1.3 as Direct Linear Solver

Initial Transient Solution
--------------------------

Node                                   Voltage
----                                   -------
vdd                                          3
xxdut.xxbias.xrba.11                   2.99924
xxdut.xxbias.xrba.21                   2.00076
xxdut.vh                                     2
xxdut.xxbias.xrbb.11                   1.99924
xxdut.xxbias.xrbb.21                   1.00076
xxdut.vl                                     1
xxdut.xxbias.xrbc.11                  0.999241
xxdut.xxbias.xrbc.21                0.00075877
xxdut.ibias                           0.929532
xxdut.xxbias.pb                        1.79894
xxdut.xxbias.n2s                       0.23383
xxdut.xxbias.xrz.11                   0.233277
xxdut.xxbias.xrz.21                0.000552666
xxdut.xxtrim.xrfix.11                   2.9992
xxdut.xxtrim.xrfix.21                  2.81923
xxdut.xxtrim.c1                        2.81844
xxdut.xxtrim.xr0.11                    2.81814
xxdut.xxtrim.xr0.21                    2.81519
xxdut.xxtrim.c2                         2.8149
t0                                           3
xxdut.xxtrim.tb0                   7.03356e-09
xxdut.xxtrim.xr1.11                     2.8141
xxdut.xxtrim.xr1.21                    2.79844
xxdut.xxtrim.c3                        2.79765
t1                                           0
xxdut.xxtrim.tb1                             3
xxdut.xxtrim.xr2.11                    2.79744
xxdut.xxtrim.xr2.21                    2.78935
xxdut.xxtrim.c4                        2.78915
t2                                           3
xxdut.xxtrim.tb2                   7.03356e-09
xxdut.xxtrim.xr3.11                    2.78898
xxdut.xxtrim.xr3.21                    2.77569
xxdut.xxtrim.c5                        2.77553
t3                                           3
xxdut.xxtrim.tb3                   7.03356e-09
xxdut.xxtrim.xr4.11                     2.7754
xxdut.xxtrim.xr4.21                    2.75599
xxdut.xxtrim.c6                        2.75587
t4                                           3
xxdut.xxtrim.tb4                   7.03356e-09
xxdut.xxtrim.xr5.11                    2.75507
xxdut.xxtrim.xr5.21                    2.50451
xxdut.xxtrim.c7                        2.50371
t5                                           0
xxdut.xxtrim.tb5                             3
xxdut.xxtrim.xr6.11                    2.50292
xxdut.xxtrim.xr6.21                    2.00179
xxdut.xxtrim.c8                        2.00099
t6                                           0
xxdut.xxtrim.tb6                             3
xxdut.xxtrim.xr7.11                    2.00096
xxdut.xxtrim.xr7.21                    1.96281
xxdut.vc                               1.96278
t7                                           3
xxdut.xxtrim.tb7                   7.03356e-09
xxdut.xxcmph.tail                     0.795087
xxdut.xxcmph.dp                        1.34138
xxdut.xxcmph.dn                        1.11256
xxdut.cmph_out                         1.27443
xxdut.xxcmpl.tail                      0.35859
xxdut.xxcmpl.dp                        2.98611
xxdut.xxcmpl.dn                       0.580726
xxdut.cmpl_out                     8.09279e-09
clk                                   0.579196
xxdut.qbar                             1.23279
xxdut.mid1                             2.40371
xxdut.mid2                             2.79349
vt7#branch                                   0
vt6#branch                                   0
vt5#branch                                   0
vt4#branch                                   0
vt3#branch                                   0
vt2#branch                                   0
vt1#branch                                   0
vt0#branch                                   0
vdd#branch                         -0.00074854

 Reference value :  0.00000e+00
 Reference value :  3.70656e-08
 Reference value :  7.70167e-08
 Reference value :  1.14862e-07
 Reference value :  1.51821e-07
 Reference value :  1.90971e-07
 Reference value :  2.33884e-07
 Reference value :  2.74003e-07
 Reference value :  3.13209e-07
 Reference value :  3.69737e-07
 Reference value :  4.19266e-07
 Reference value :  4.59868e-07
 Reference value :  5.01628e-07
 Reference value :  5.41760e-07
 Reference value :  5.85288e-07
 Reference value :  6.24877e-07
 Reference value :  6.64043e-07
 Reference value :  7.05489e-07
 Reference value :  7.45116e-07
 Reference value :  7.85715e-07
 Reference value :  8.29092e-07
 Reference value :  8.72064e-07
 Reference value :  9.22697e-07
 Reference value :  9.65293e-07
 Reference value :  1.00782e-06
 Reference value :  1.05574e-06
 Reference value :  1.09711e-06
 Reference value :  1.15149e-06
 Reference value :  1.19488e-06
No. of Data Rows : 6475
ta                  =  6.72473e-08
tb                  =  3.72162e-07
ta = 6.724725e-08
tb = 3.721622e-07
period = 1.524575e-08
fosc = 6.559206e+07
ngspice-46 done

Warning: m=xx on .subckt line will override multiplier m hierarchy!

Note: Starting dynamic gmin stepping
Note: Dynamic gmin stepping completed
