====================================================================
gf180-rcosc PVT corner run: fs_T+027C_V3p3_code0x7F
run id      : 20260921T164939Z
process     : fs (fets=fs res=res_typical mimcap=mimcap_typical)
temperature : 27 C
supply      : 3.3 V
trim code   : 0x7F (127)
transient   : tran 200p 1200n, f = 20 periods / (t[rise=25] - t[rise=5])
wall clock  : 10.5 s
exit status : 0
====================================================================

Note: Compatibility modes selected: hs a


Circuit: ** sch_path: /users/rwalters/github/gf180-rcosc/.loom/worktrees/issue-43/design/pvt_tb.sch

Doing analysis at TEMP = 27.000000 and TNOM = 27.000000

Using SPARSE 1.3 as Direct Linear Solver

Initial Transient Solution
--------------------------

Node                                   Voltage
----                                   -------
vdd                                        3.3
xxdut.xxbias.xrba.11                   3.29907
xxdut.xxbias.xrba.21                   2.20093
xxdut.vh                                   2.2
xxdut.xxbias.xrbb.11                   2.19907
xxdut.xxbias.xrbb.21                   1.10093
xxdut.vl                                   1.1
xxdut.xxbias.xrbc.11                   1.09907
xxdut.xxbias.xrbc.21               0.000925394
xxdut.ibias                           0.887939
xxdut.xxbias.pb                        1.97697
xxdut.xxbias.n2s                      0.171667
xxdut.xxbias.xrz.11                   0.171218
xxdut.xxbias.xrz.21                  0.0004497
xxdut.xxtrim.xrfix.11                  3.29924
xxdut.xxtrim.xrfix.21                  3.14431
xxdut.xxtrim.c1                        3.14355
xxdut.xxtrim.xr0.11                    3.14332
xxdut.xxtrim.xr0.21                     3.1412
xxdut.xxtrim.c2                        3.14097
t0                                         3.3
xxdut.xxtrim.tb0                   3.91074e-09
xxdut.xxtrim.xr1.11                    3.14076
xxdut.xxtrim.xr1.21                    3.13707
xxdut.xxtrim.c3                        3.13686
t1                                         3.3
xxdut.xxtrim.tb1                   3.91074e-09
xxdut.xxtrim.xr2.11                     3.1367
xxdut.xxtrim.xr2.21                    3.13104
xxdut.xxtrim.c4                        3.13088
t2                                         3.3
xxdut.xxtrim.tb2                   3.91074e-09
xxdut.xxtrim.xr3.11                    3.13075
xxdut.xxtrim.xr3.21                    3.12156
xxdut.xxtrim.c5                        3.12143
t3                                         3.3
xxdut.xxtrim.tb3                   3.91074e-09
xxdut.xxtrim.xr4.11                    3.12134
xxdut.xxtrim.xr4.21                     3.1081
xxdut.xxtrim.c6                          3.108
t4                                         3.3
xxdut.xxtrim.tb4                   3.91074e-09
xxdut.xxtrim.xr5.11                    3.10794
xxdut.xxtrim.xr5.21                    3.09099
xxdut.xxtrim.c7                        3.09093
t5                                         3.3
xxdut.xxtrim.tb5                   3.91074e-09
xxdut.xxtrim.xr6.11                    3.09089
xxdut.xxtrim.xr6.21                    3.06873
xxdut.xxtrim.c8                        3.06869
t6                                         3.3
xxdut.xxtrim.tb6                   3.91074e-09
xxdut.xxtrim.xr7.11                    3.06793
xxdut.xxtrim.xr7.21                    2.20514
xxdut.vc                               2.20438
t7                                           0
xxdut.xxtrim.tb7                           3.3
xxdut.xxcmph.tail                      1.01841
xxdut.xxcmph.dp                        1.36344
xxdut.xxcmph.dn                        1.46268
xxdut.cmph_out                         1.29634
xxdut.xxcmpl.tail                     0.805926
xxdut.xxcmpl.dp                            3.3
xxdut.xxcmpl.dn                        1.01929
xxdut.cmpl_out                     3.91074e-09
clk                                   0.634543
xxdut.qbar                             1.25179
xxdut.mid1                             2.72681
xxdut.mid2                             3.09621
vt7#branch                                   0
vt6#branch                                   0
vt5#branch                                   0
vt4#branch                                   0
vt3#branch                                   0
vt2#branch                                   0
vt1#branch                                   0
vt0#branch                                   0
vdd#branch                        -0.000605065

 Reference value :  0.00000e+00
 Reference value :  4.32930e-08
 Reference value :  8.62616e-08
 Reference value :  1.35671e-07
 Reference value :  1.83966e-07
 Reference value :  2.29024e-07
 Reference value :  2.73809e-07
 Reference value :  3.19616e-07
 Reference value :  3.65187e-07
 Reference value :  4.10753e-07
 Reference value :  4.63599e-07
 Reference value :  5.15215e-07
 Reference value :  5.68641e-07
 Reference value :  6.16913e-07
 Reference value :  6.66983e-07
 Reference value :  7.13253e-07
 Reference value :  7.69713e-07
 Reference value :  8.16003e-07
 Reference value :  8.62188e-07
 Reference value :  9.08466e-07
 Reference value :  9.57026e-07
 Reference value :  1.00568e-06
 Reference value :  1.05925e-06
 Reference value :  1.10945e-06
 Reference value :  1.16125e-06
No. of Data Rows : 6268
ta                  =  9.36870e-08
tb                  =  5.43878e-07
ta = 9.368695e-08
tb = 5.438775e-07
period = 2.250953e-08
fosc = 4.442563e+07
ngspice-46 done

Warning: m=xx on .subckt line will override multiplier m hierarchy!

Note: Starting dynamic gmin stepping
Note: Dynamic gmin stepping completed
