====================================================================
gf180-rcosc PVT corner run: fs_T+027C_V3p0_code0x9D
run id      : 20260921T164939Z
process     : fs (fets=fs res=res_typical mimcap=mimcap_typical)
temperature : 27 C
supply      : 3 V
trim code   : 0x9D (157)
transient   : tran 200p 1200n, f = 20 periods / (t[rise=25] - t[rise=5])
wall clock  : 19.1 s
exit status : 0
====================================================================

Note: Compatibility modes selected: hs a


Circuit: ** sch_path: /users/rwalters/github/gf180-rcosc/.loom/worktrees/issue-43/design/pvt_tb.sch

Doing analysis at TEMP = 27.000000 and TNOM = 27.000000

Using SPARSE 1.3 as Direct Linear Solver

Initial Transient Solution
--------------------------

Node                                   Voltage
----                                   -------
vdd                                          3
xxdut.xxbias.xrba.11                   2.99916
xxdut.xxbias.xrba.21                   2.00084
xxdut.vh                                     2
xxdut.xxbias.xrbb.11                   1.99916
xxdut.xxbias.xrbb.21                   1.00084
xxdut.vl                                     1
xxdut.xxbias.xrbc.11                  0.999159
xxdut.xxbias.xrbc.21               0.000841267
xxdut.ibias                           0.871686
xxdut.xxbias.pb                        1.70094
xxdut.xxbias.n2s                      0.161894
xxdut.xxbias.xrz.11                    0.16147
xxdut.xxbias.xrz.21                0.000424098
xxdut.xxtrim.xrfix.11                  2.99915
xxdut.xxtrim.xrfix.21                  2.82479
xxdut.xxtrim.c1                        2.82393
xxdut.xxtrim.xr0.11                    2.82365
xxdut.xxtrim.xr0.21                    2.82112
xxdut.xxtrim.c2                        2.82083
t0                                           3
xxdut.xxtrim.tb0                   3.59957e-09
xxdut.xxtrim.xr1.11                    2.81998
xxdut.xxtrim.xr1.21                    2.80481
xxdut.xxtrim.c3                        2.80395
t1                                           0
xxdut.xxtrim.tb1                             3
xxdut.xxtrim.xr2.11                    2.80376
xxdut.xxtrim.xr2.21                    2.79687
xxdut.xxtrim.c4                        2.79668
t2                                           3
xxdut.xxtrim.tb2                   3.59957e-09
xxdut.xxtrim.xr3.11                    2.79652
xxdut.xxtrim.xr3.21                    2.78526
xxdut.xxtrim.c5                         2.7851
t3                                           3
xxdut.xxtrim.tb3                   3.59957e-09
xxdut.xxtrim.xr4.11                    2.78499
xxdut.xxtrim.xr4.21                    2.76865
xxdut.xxtrim.c6                        2.76853
t4                                           3
xxdut.xxtrim.tb4                   3.59957e-09
xxdut.xxtrim.xr5.11                    2.76768
xxdut.xxtrim.xr5.21                    2.52493
xxdut.xxtrim.c7                        2.52407
t5                                           0
xxdut.xxtrim.tb5                             3
xxdut.xxtrim.xr6.11                    2.52322
xxdut.xxtrim.xr6.21                    2.03772
xxdut.xxtrim.c8                        2.03687
t6                                           0
xxdut.xxtrim.tb6                             3
xxdut.xxtrim.xr7.11                    2.03683
xxdut.xxtrim.xr7.21                    1.99915
xxdut.vc                               1.99911
t7                                           3
xxdut.xxtrim.tb7                   3.59957e-09
xxdut.xxcmph.tail                     0.867151
xxdut.xxcmph.dp                        1.23507
xxdut.xxcmph.dn                        1.21678
xxdut.cmph_out                         1.17309
xxdut.xxcmpl.tail                     0.627177
xxdut.xxcmpl.dp                              3
xxdut.xxcmpl.dn                       0.801744
xxdut.cmpl_out                     3.59957e-09
clk                                   0.642838
xxdut.qbar                             1.14419
xxdut.mid1                             2.53084
xxdut.mid2                             2.83634
vt7#branch                                   0
vt6#branch                                   0
vt5#branch                                   0
vt4#branch                                   0
vt3#branch                                   0
vt2#branch                                   0
vt1#branch                                   0
vt0#branch                                   0
vdd#branch                        -0.000491849

 Reference value :  0.00000e+00
 Reference value :  4.57426e-08
 Reference value :  8.92238e-08
 Reference value :  1.31707e-07
 Reference value :  1.75674e-07
 Reference value :  2.19327e-07
 Reference value :  2.63293e-07
 Reference value :  3.09865e-07
 Reference value :  3.54902e-07
 Reference value :  4.01158e-07
 Reference value :  4.48302e-07
 Reference value :  4.92640e-07
 Reference value :  5.44626e-07
 Reference value :  5.96899e-07
 Reference value :  6.40437e-07
 Reference value :  6.88312e-07
 Reference value :  7.34239e-07
 Reference value :  7.79451e-07
 Reference value :  8.24696e-07
 Reference value :  8.74169e-07
 Reference value :  9.18368e-07
 Reference value :  9.64016e-07
 Reference value :  1.00952e-06
 Reference value :  1.05615e-06
 Reference value :  1.10538e-06
 Reference value :  1.15182e-06
 Reference value :  1.19988e-06
No. of Data Rows : 6348
ta                  =  8.87988e-08
tb                  =  5.12650e-07
ta = 8.879879e-08
tb = 5.126498e-07
period = 2.119255e-08
fosc = 4.718639e+07
ngspice-46 done

Warning: m=xx on .subckt line will override multiplier m hierarchy!

Note: Starting dynamic gmin stepping
Note: Dynamic gmin stepping completed
