====================================================================
gf180-rcosc PVT corner run: fs_T+027C_V3p3_code0x9C
run id      : 20260921T164939Z
process     : fs (fets=fs res=res_typical mimcap=mimcap_typical)
temperature : 27 C
supply      : 3.3 V
trim code   : 0x9C (156)
transient   : tran 200p 1200n, f = 20 periods / (t[rise=25] - t[rise=5])
wall clock  : 12.3 s
exit status : 0
====================================================================

Note: Compatibility modes selected: hs a


Circuit: ** sch_path: /users/rwalters/github/gf180-rcosc/.loom/worktrees/issue-43/design/pvt_tb.sch

Doing analysis at TEMP = 27.000000 and TNOM = 27.000000

Using SPARSE 1.3 as Direct Linear Solver

Initial Transient Solution
--------------------------

Node                                   Voltage
----                                   -------
vdd                                        3.3
xxdut.xxbias.xrba.11                   3.29907
xxdut.xxbias.xrba.21                   2.20093
xxdut.vh                                   2.2
xxdut.xxbias.xrbb.11                   2.19907
xxdut.xxbias.xrbb.21                   1.10093
xxdut.vl                                   1.1
xxdut.xxbias.xrbc.11                   1.09907
xxdut.xxbias.xrbc.21               0.000925394
xxdut.ibias                           0.887939
xxdut.xxbias.pb                        1.97697
xxdut.xxbias.n2s                      0.171667
xxdut.xxbias.xrz.11                   0.171218
xxdut.xxbias.xrz.21                  0.0004497
xxdut.xxtrim.xrfix.11                  3.29906
xxdut.xxtrim.xrfix.21                  3.10736
xxdut.xxtrim.c1                        3.10642
xxdut.xxtrim.xr0.11                    3.10548
xxdut.xxtrim.xr0.21                    3.09714
xxdut.xxtrim.c2                         3.0962
t0                                           0
xxdut.xxtrim.tb0                           3.3
xxdut.xxtrim.xr1.11                    3.09526
xxdut.xxtrim.xr1.21                    3.07858
xxdut.xxtrim.c3                        3.07765
t1                                           0
xxdut.xxtrim.tb1                           3.3
xxdut.xxtrim.xr2.11                    3.07744
xxdut.xxtrim.xr2.21                    3.07031
xxdut.xxtrim.c4                         3.0701
t2                                         3.3
xxdut.xxtrim.tb2                   3.91074e-09
xxdut.xxtrim.xr3.11                    3.06994
xxdut.xxtrim.xr3.21                    3.05831
xxdut.xxtrim.c5                        3.05815
t3                                         3.3
xxdut.xxtrim.tb3                   3.91074e-09
xxdut.xxtrim.xr4.11                    3.05803
xxdut.xxtrim.xr4.21                    3.04124
xxdut.xxtrim.c6                        3.04112
t4                                         3.3
xxdut.xxtrim.tb4                   3.91074e-09
xxdut.xxtrim.xr5.11                    3.04018
xxdut.xxtrim.xr5.21                    2.77329
xxdut.xxtrim.c7                        2.77235
t5                                           0
xxdut.xxtrim.tb5                           3.3
xxdut.xxtrim.xr6.11                    2.77141
xxdut.xxtrim.xr6.21                    2.23763
xxdut.xxtrim.c8                        2.23669
t6                                           0
xxdut.xxtrim.tb6                           3.3
xxdut.xxtrim.xr7.11                    2.23666
xxdut.xxtrim.xr7.21                    2.20441
xxdut.vc                               2.20438
t7                                         3.3
xxdut.xxtrim.tb7                   3.91074e-09
xxdut.xxcmph.tail                      1.01841
xxdut.xxcmph.dp                         1.3635
xxdut.xxcmph.dn                        1.46268
xxdut.cmph_out                         1.29306
xxdut.xxcmpl.tail                     0.805925
xxdut.xxcmpl.dp                            3.3
xxdut.xxcmpl.dn                        1.01929
xxdut.cmpl_out                     3.91074e-09
clk                                   0.647566
xxdut.qbar                             1.25111
xxdut.mid1                             2.73454
xxdut.mid2                             3.09607
vt7#branch                                   0
vt6#branch                                   0
vt5#branch                                   0
vt4#branch                                   0
vt3#branch                                   0
vt2#branch                                   0
vt1#branch                                   0
vt0#branch                                   0
vdd#branch                        -0.000608877

 Reference value :  0.00000e+00
 Reference value :  4.15606e-08
 Reference value :  8.60514e-08
 Reference value :  1.28184e-07
 Reference value :  1.71325e-07
 Reference value :  2.14333e-07
 Reference value :  2.60896e-07
 Reference value :  3.04951e-07
 Reference value :  3.48921e-07
 Reference value :  3.97339e-07
 Reference value :  4.44791e-07
 Reference value :  4.92895e-07
 Reference value :  5.41917e-07
 Reference value :  5.85074e-07
 Reference value :  6.30358e-07
 Reference value :  6.79227e-07
 Reference value :  7.21941e-07
 Reference value :  7.65435e-07
 Reference value :  8.11548e-07
 Reference value :  8.52730e-07
 Reference value :  8.95799e-07
 Reference value :  9.50067e-07
 Reference value :  9.98570e-07
 Reference value :  1.04810e-06
 Reference value :  1.09273e-06
 Reference value :  1.14003e-06
 Reference value :  1.18447e-06
No. of Data Rows : 6449
ta                  =  8.64895e-08
tb                  =  5.00517e-07
ta = 8.648950e-08
tb = 5.005171e-07
period = 2.070138e-08
fosc = 4.830596e+07
ngspice-46 done

Warning: m=xx on .subckt line will override multiplier m hierarchy!

Note: Starting dynamic gmin stepping
Note: Dynamic gmin stepping completed
