====================================================================
gf180-rcosc PVT corner run: fs_T-040C_V3p3_code0x6F
run id      : 20260921T164939Z
process     : fs (fets=fs res=res_typical mimcap=mimcap_typical)
temperature : -40 C
supply      : 3.3 V
trim code   : 0x6F (111)
transient   : tran 200p 1200n, f = 20 periods / (t[rise=25] - t[rise=5])
wall clock  : 29.0 s
exit status : 0
====================================================================

Note: Compatibility modes selected: hs a


Circuit: ** sch_path: /users/rwalters/github/gf180-rcosc/.loom/worktrees/issue-43/design/pvt_tb.sch

Doing analysis at TEMP = -40.000000 and TNOM = 27.000000

Using SPARSE 1.3 as Direct Linear Solver

Initial Transient Solution
--------------------------

Node                                   Voltage
----                                   -------
vdd                                        3.3
xxdut.xxbias.xrba.11                   3.29852
xxdut.xxbias.xrba.21                   2.20148
xxdut.vh                                   2.2
xxdut.xxbias.xrbb.11                   2.19852
xxdut.xxbias.xrbb.21                   1.10148
xxdut.vl                                   1.1
xxdut.xxbias.xrbc.11                   1.09852
xxdut.xxbias.xrbc.21                0.00148214
xxdut.ibias                           0.884916
xxdut.xxbias.pb                        2.01306
xxdut.xxbias.n2s                      0.134068
xxdut.xxbias.xrz.11                   0.133507
xxdut.xxbias.xrz.21                  0.0005613
xxdut.xxtrim.xrfix.11                  3.29887
xxdut.xxtrim.xrfix.21                  3.15544
xxdut.xxtrim.c1                        3.15432
xxdut.xxtrim.xr0.11                    3.15404
xxdut.xxtrim.xr0.21                    3.15253
xxdut.xxtrim.c2                        3.15226
t0                                         3.3
xxdut.xxtrim.tb0                   3.12599e-09
xxdut.xxtrim.xr1.11                    3.15201
xxdut.xxtrim.xr1.21                     3.1493
xxdut.xxtrim.c3                        3.14906
t1                                         3.3
xxdut.xxtrim.tb1                   3.12599e-09
xxdut.xxtrim.xr2.11                    3.14887
xxdut.xxtrim.xr2.21                     3.1447
xxdut.xxtrim.c4                        3.14452
t2                                         3.3
xxdut.xxtrim.tb2                   3.12599e-09
xxdut.xxtrim.xr3.11                    3.14436
xxdut.xxtrim.xr3.21                    3.13757
xxdut.xxtrim.c5                        3.13742
t3                                         3.3
xxdut.xxtrim.tb3                   3.12599e-09
xxdut.xxtrim.xr4.11                    3.13629
xxdut.xxtrim.xr4.21                    3.03645
xxdut.xxtrim.c6                        3.03532
t4                                           0
xxdut.xxtrim.tb4                           3.3
xxdut.xxtrim.xr5.11                    3.03525
xxdut.xxtrim.xr5.21                    3.02243
xxdut.xxtrim.c7                        3.02236
t5                                         3.3
xxdut.xxtrim.tb5                   3.12599e-09
xxdut.xxtrim.xr6.11                    3.02231
xxdut.xxtrim.xr6.21                    3.00564
xxdut.xxtrim.c8                        3.00559
t6                                         3.3
xxdut.xxtrim.tb6                   3.12599e-09
xxdut.xxtrim.xr7.11                    3.00446
xxdut.xxtrim.xr7.21                    2.20571
xxdut.vc                               2.20459
t7                                           0
xxdut.xxtrim.tb7                           3.3
xxdut.xxcmph.tail                      1.02821
xxdut.xxcmph.dp                        1.36347
xxdut.xxcmph.dn                        1.61992
xxdut.cmph_out                         1.30157
xxdut.xxcmpl.tail                     0.942894
xxdut.xxcmpl.dp                            3.3
xxdut.xxcmpl.dn                        1.27997
xxdut.cmpl_out                     3.12599e-09
clk                                   0.691769
xxdut.qbar                             1.25927
xxdut.mid1                             2.76943
xxdut.mid2                             3.11283
vt7#branch                                   0
vt6#branch                                   0
vt5#branch                                   0
vt4#branch                                   0
vt3#branch                                   0
vt2#branch                                   0
vt1#branch                                   0
vt0#branch                                   0
vdd#branch                        -0.000590067

 Reference value :  0.00000e+00
 Reference value :  4.67679e-08
 Reference value :  8.98072e-08
 Reference value :  1.35507e-07
 Reference value :  1.81136e-07
 Reference value :  2.30095e-07
 Reference value :  2.77611e-07
 Reference value :  3.17522e-07
 Reference value :  3.59598e-07
 Reference value :  4.06570e-07
 Reference value :  4.55320e-07
 Reference value :  4.98535e-07
 Reference value :  5.41833e-07
 Reference value :  5.86954e-07
 Reference value :  6.33530e-07
 Reference value :  6.81580e-07
 Reference value :  7.24438e-07
 Reference value :  7.67596e-07
 Reference value :  8.11507e-07
 Reference value :  8.59845e-07
 Reference value :  9.10427e-07
 Reference value :  9.58964e-07
 Reference value :  1.00313e-06
 Reference value :  1.04828e-06
 Reference value :  1.09610e-06
 Reference value :  1.14009e-06
 Reference value :  1.18903e-06
No. of Data Rows : 6415
ta                  =  1.03870e-07
tb                  =  6.07946e-07
ta = 1.038702e-07
tb = 6.079463e-07
period = 2.520380e-08
fosc = 3.967655e+07
ngspice-46 done

Warning: m=xx on .subckt line will override multiplier m hierarchy!

Note: Starting dynamic gmin stepping
Warning: Dynamic gmin stepping failed
Note: Starting true gmin stepping
Note: True gmin stepping completed
