====================================================================
gf180-rcosc PVT corner run: rc_f_T+027C_V3p3_code0x59
run id      : 20260921T164939Z
process     : rc_f (fets=typical res=res_ff mimcap=mimcap_ff)
temperature : 27 C
supply      : 3.3 V
trim code   : 0x59 (89)
transient   : tran 200p 1200n, f = 20 periods / (t[rise=25] - t[rise=5])
wall clock  : 9.8 s
exit status : 0
====================================================================

Note: Compatibility modes selected: hs a


Circuit: ** sch_path: /users/rwalters/github/gf180-rcosc/.loom/worktrees/issue-43/design/pvt_tb.sch

Doing analysis at TEMP = 27.000000 and TNOM = 27.000000

Using SPARSE 1.3 as Direct Linear Solver

Initial Transient Solution
--------------------------

Node                                   Voltage
----                                   -------
vdd                                        3.3
xxdut.xxbias.xrba.11                   3.29884
xxdut.xxbias.xrba.21                   2.20116
xxdut.vh                                   2.2
xxdut.xxbias.xrbb.11                   2.19884
xxdut.xxbias.xrbb.21                   1.10116
xxdut.vl                                   1.1
xxdut.xxbias.xrbc.11                   1.09884
xxdut.xxbias.xrbc.21                0.00115626
xxdut.ibias                            1.01909
xxdut.xxbias.pb                        2.01373
xxdut.xxbias.n2s                        0.1904
xxdut.xxbias.xrz.11                   0.189778
xxdut.xxbias.xrz.21                 0.00062265
xxdut.xxtrim.xrfix.11                  3.29922
xxdut.xxtrim.xrfix.21                  3.17183
xxdut.xxtrim.c1                        3.17105
xxdut.xxtrim.xr0.11                    3.17079
xxdut.xxtrim.xr0.21                    3.16895
xxdut.xxtrim.c2                        3.16869
t0                                         3.3
xxdut.xxtrim.tb0                   4.20669e-09
xxdut.xxtrim.xr1.11                    3.16791
xxdut.xxtrim.xr1.21                    3.15683
xxdut.xxtrim.c3                        3.15605
t1                                           0
xxdut.xxtrim.tb1                           3.3
xxdut.xxtrim.xr2.11                    3.15527
xxdut.xxtrim.xr2.21                     3.1331
xxdut.xxtrim.c4                        3.13232
t2                                           0
xxdut.xxtrim.tb2                           3.3
xxdut.xxtrim.xr3.11                    3.13217
xxdut.xxtrim.xr3.21                    3.12375
xxdut.xxtrim.c5                         3.1236
t3                                         3.3
xxdut.xxtrim.tb3                   4.20669e-09
xxdut.xxtrim.xr4.11                    3.12349
xxdut.xxtrim.xr4.21                    3.11125
xxdut.xxtrim.c6                        3.11114
t4                                         3.3
xxdut.xxtrim.tb4                   4.20669e-09
xxdut.xxtrim.xr5.11                    3.11036
xxdut.xxtrim.xr5.21                      2.933
xxdut.xxtrim.c7                        2.93222
t5                                           0
xxdut.xxtrim.tb5                           3.3
xxdut.xxtrim.xr6.11                    2.93217
xxdut.xxtrim.xr6.21                    2.91015
xxdut.xxtrim.c8                         2.9101
t6                                         3.3
xxdut.xxtrim.tb6                   4.20669e-09
xxdut.xxtrim.xr7.11                    2.90932
xxdut.xxtrim.xr7.21                    2.19988
xxdut.vc                                2.1991
t7                                           0
xxdut.xxtrim.tb7                           3.3
xxdut.xxcmph.tail                     0.905429
xxdut.xxcmph.dp                        1.47836
xxdut.xxcmph.dn                        1.44309
xxdut.cmph_out                         1.41752
xxdut.xxcmpl.tail                     0.676724
xxdut.xxcmpl.dp                            3.3
xxdut.xxcmpl.dn                       0.947164
xxdut.cmpl_out                     4.20669e-09
clk                                   0.718099
xxdut.qbar                             1.36605
xxdut.mid1                             2.71111
xxdut.mid2                             3.10403
vt7#branch                                   0
vt6#branch                                   0
vt5#branch                                   0
vt4#branch                                   0
vt3#branch                                   0
vt2#branch                                   0
vt1#branch                                   0
vt0#branch                                   0
vdd#branch                        -0.000683645

 Reference value :  0.00000e+00
 Reference value :  4.25837e-08
 Reference value :  8.43214e-08
 Reference value :  1.30832e-07
 Reference value :  1.75402e-07
 Reference value :  2.17434e-07
 Reference value :  2.58642e-07
 Reference value :  3.00501e-07
 Reference value :  3.41821e-07
 Reference value :  3.85954e-07
 Reference value :  4.53610e-07
 Reference value :  4.96660e-07
 Reference value :  5.40677e-07
 Reference value :  5.86648e-07
 Reference value :  6.31918e-07
 Reference value :  6.77749e-07
 Reference value :  7.26704e-07
 Reference value :  7.73522e-07
 Reference value :  8.18316e-07
 Reference value :  8.61619e-07
 Reference value :  9.09497e-07
 Reference value :  9.58290e-07
 Reference value :  1.00327e-06
 Reference value :  1.04619e-06
 Reference value :  1.09044e-06
 Reference value :  1.14001e-06
 Reference value :  1.19053e-06
No. of Data Rows : 6392
ta                  =  9.06340e-08
tb                  =  5.05475e-07
ta = 9.063400e-08
tb = 5.054751e-07
period = 2.074206e-08
fosc = 4.821123e+07
ngspice-46 done

Warning: m=xx on .subckt line will override multiplier m hierarchy!

Note: Starting dynamic gmin stepping
Note: Dynamic gmin stepping completed
