====================================================================
gf180-rcosc PVT corner run: rc_f_T+085C_V3p6_code0x9D
run id      : 20260921T164939Z
process     : rc_f (fets=typical res=res_ff mimcap=mimcap_ff)
temperature : 85 C
supply      : 3.6 V
trim code   : 0x9D (157)
transient   : tran 200p 1200n, f = 20 periods / (t[rise=25] - t[rise=5])
wall clock  : 26.3 s
exit status : 0
====================================================================

Note: Compatibility modes selected: hs a


Circuit: ** sch_path: /users/rwalters/github/gf180-rcosc/.loom/worktrees/issue-43/design/pvt_tb.sch

Doing analysis at TEMP = 85.000000 and TNOM = 27.000000

Using SPARSE 1.3 as Direct Linear Solver

Initial Transient Solution
--------------------------

Node                                   Voltage
----                                   -------
vdd                                        3.6
xxdut.xxbias.xrba.11                   3.59909
xxdut.xxbias.xrba.21                   2.40091
xxdut.vh                                   2.4
xxdut.xxbias.xrbb.11                   2.39909
xxdut.xxbias.xrbb.21                   1.20091
xxdut.vl                                   1.2
xxdut.xxbias.xrbc.11                   1.19909
xxdut.xxbias.xrbc.21               0.000910524
xxdut.ibias                            1.08092
xxdut.xxbias.pb                        2.21514
xxdut.xxbias.n2s                      0.253358
xxdut.xxbias.xrz.11                   0.252759
xxdut.xxbias.xrz.21                0.000598821
xxdut.xxtrim.xrfix.11                  3.59907
xxdut.xxtrim.xrfix.21                  3.38884
xxdut.xxtrim.c1                        3.38791
xxdut.xxtrim.xr0.11                    3.38756
xxdut.xxtrim.xr0.21                    3.38413
xxdut.xxtrim.c2                        3.38378
t0                                         3.6
xxdut.xxtrim.tb0                   5.92204e-09
xxdut.xxtrim.xr1.11                    3.38285
xxdut.xxtrim.xr1.21                    3.36456
xxdut.xxtrim.c3                        3.36363
t1                                           0
xxdut.xxtrim.tb1                           3.6
xxdut.xxtrim.xr2.11                    3.36339
xxdut.xxtrim.xr2.21                    3.35395
xxdut.xxtrim.c4                        3.35372
t2                                         3.6
xxdut.xxtrim.tb2                   5.92204e-09
xxdut.xxtrim.xr3.11                    3.35352
xxdut.xxtrim.xr3.21                    3.33803
xxdut.xxtrim.c5                        3.33783
t3                                         3.6
xxdut.xxtrim.tb3                   5.92204e-09
xxdut.xxtrim.xr4.11                    3.33769
xxdut.xxtrim.xr4.21                    3.31506
xxdut.xxtrim.c6                        3.31491
t4                                         3.6
xxdut.xxtrim.tb4                   5.92204e-09
xxdut.xxtrim.xr5.11                    3.31398
xxdut.xxtrim.xr5.21                    3.02129
xxdut.xxtrim.c7                        3.02036
t5                                           0
xxdut.xxtrim.tb5                           3.6
xxdut.xxtrim.xr6.11                    3.01943
xxdut.xxtrim.xr6.21                    2.43404
xxdut.xxtrim.c8                        2.43312
t6                                           0
xxdut.xxtrim.tb6                           3.6
xxdut.xxtrim.xr7.11                    2.43308
xxdut.xxtrim.xr7.21                    2.38806
xxdut.vc                               2.38802
t7                                         3.6
xxdut.xxtrim.tb7                   5.92204e-09
xxdut.xxcmph.tail                      1.00171
xxdut.xxcmph.dp                        1.62058
xxdut.xxcmph.dn                        1.45745
xxdut.cmph_out                         1.54201
xxdut.xxcmpl.tail                     0.538457
xxdut.xxcmpl.dp                        3.59916
xxdut.xxcmpl.dn                       0.812854
xxdut.cmpl_out                     5.92467e-09
clk                                   0.703199
xxdut.qbar                             1.48321
xxdut.mid1                             2.89004
xxdut.mid2                             3.35291
vt7#branch                                   0
vt6#branch                                   0
vt5#branch                                   0
vt4#branch                                   0
vt3#branch                                   0
vt2#branch                                   0
vt1#branch                                   0
vt0#branch                                   0
vdd#branch                        -0.000878042

 Reference value :  0.00000e+00
 Reference value :  3.86895e-08
 Reference value :  8.19676e-08
 Reference value :  1.18107e-07
 Reference value :  1.60532e-07
 Reference value :  2.14665e-07
 Reference value :  2.83205e-07
 Reference value :  3.47843e-07
 Reference value :  4.11527e-07
 Reference value :  4.72544e-07
 Reference value :  5.10617e-07
 Reference value :  5.50750e-07
 Reference value :  5.86379e-07
 Reference value :  6.28735e-07
 Reference value :  6.67310e-07
 Reference value :  7.08443e-07
 Reference value :  7.53502e-07
 Reference value :  7.97663e-07
 Reference value :  8.37088e-07
 Reference value :  8.77843e-07
 Reference value :  9.19074e-07
 Reference value :  9.59571e-07
 Reference value :  1.00263e-06
 Reference value :  1.04174e-06
 Reference value :  1.08952e-06
 Reference value :  1.12734e-06
 Reference value :  1.16892e-06
No. of Data Rows : 6547
ta                  =  6.79889e-08
tb                  =  3.79156e-07
ta = 6.798890e-08
tb = 3.791564e-07
period = 1.555837e-08
fosc = 6.427406e+07
ngspice-46 done

Warning: m=xx on .subckt line will override multiplier m hierarchy!

Note: Starting dynamic gmin stepping
Note: Dynamic gmin stepping completed
