====================================================================
gf180-rcosc PVT corner run: rc_f_T+027C_V3p3_code0x9D
run id      : 20260921T164939Z
process     : rc_f (fets=typical res=res_ff mimcap=mimcap_ff)
temperature : 27 C
supply      : 3.3 V
trim code   : 0x9D (157)
transient   : tran 200p 1200n, f = 20 periods / (t[rise=25] - t[rise=5])
wall clock  : 26.5 s
exit status : 0
====================================================================

Note: Compatibility modes selected: hs a


Circuit: ** sch_path: /users/rwalters/github/gf180-rcosc/.loom/worktrees/issue-43/design/pvt_tb.sch

Doing analysis at TEMP = 27.000000 and TNOM = 27.000000

Using SPARSE 1.3 as Direct Linear Solver

Initial Transient Solution
--------------------------

Node                                   Voltage
----                                   -------
vdd                                        3.3
xxdut.xxbias.xrba.11                   3.29884
xxdut.xxbias.xrba.21                   2.20116
xxdut.vh                                   2.2
xxdut.xxbias.xrbb.11                   2.19884
xxdut.xxbias.xrbb.21                   1.10116
xxdut.vl                                   1.1
xxdut.xxbias.xrbc.11                   1.09884
xxdut.xxbias.xrbc.21                0.00115626
xxdut.ibias                            1.01909
xxdut.xxbias.pb                        2.01373
xxdut.xxbias.n2s                        0.1904
xxdut.xxbias.xrz.11                   0.189778
xxdut.xxbias.xrz.21                 0.00062265
xxdut.xxtrim.xrfix.11                  3.29883
xxdut.xxtrim.xrfix.21                  3.10836
xxdut.xxtrim.c1                        3.10719
xxdut.xxtrim.xr0.11                     3.1068
xxdut.xxtrim.xr0.21                    3.10401
xxdut.xxtrim.c2                        3.10361
t0                                         3.3
xxdut.xxtrim.tb0                   4.20669e-09
xxdut.xxtrim.xr1.11                    3.10245
xxdut.xxtrim.xr1.21                    3.08587
xxdut.xxtrim.c3                        3.08471
t1                                           0
xxdut.xxtrim.tb1                           3.3
xxdut.xxtrim.xr2.11                    3.08443
xxdut.xxtrim.xr2.21                    3.07663
xxdut.xxtrim.c4                        3.07636
t2                                         3.3
xxdut.xxtrim.tb2                   4.20669e-09
xxdut.xxtrim.xr3.11                    3.07613
xxdut.xxtrim.xr3.21                     3.0633
xxdut.xxtrim.c5                        3.06308
t3                                         3.3
xxdut.xxtrim.tb3                   4.20669e-09
xxdut.xxtrim.xr4.11                    3.06291
xxdut.xxtrim.xr4.21                    3.04421
xxdut.xxtrim.c6                        3.04404
t4                                         3.3
xxdut.xxtrim.tb4                   4.20669e-09
xxdut.xxtrim.xr5.11                    3.04288
xxdut.xxtrim.xr5.21                    2.77769
xxdut.xxtrim.c7                        2.77653
t5                                           0
xxdut.xxtrim.tb5                           3.3
xxdut.xxtrim.xr6.11                    2.77536
xxdut.xxtrim.xr6.21                    2.24499
xxdut.xxtrim.c8                        2.24383
t6                                           0
xxdut.xxtrim.tb6                           3.3
xxdut.xxtrim.xr7.11                    2.24378
xxdut.xxtrim.xr7.21                    2.19915
xxdut.vc                                2.1991
t7                                         3.3
xxdut.xxtrim.tb7                   4.20669e-09
xxdut.xxcmph.tail                     0.905429
xxdut.xxcmph.dp                        1.47848
xxdut.xxcmph.dn                        1.44309
xxdut.cmph_out                         1.41083
xxdut.xxcmpl.tail                     0.676723
xxdut.xxcmpl.dp                            3.3
xxdut.xxcmpl.dn                       0.947164
xxdut.cmpl_out                     4.20669e-09
clk                                   0.743883
xxdut.qbar                             1.36507
xxdut.mid1                             2.72693
xxdut.mid2                             3.10385
vt7#branch                                   0
vt6#branch                                   0
vt5#branch                                   0
vt4#branch                                   0
vt3#branch                                   0
vt2#branch                                   0
vt1#branch                                   0
vt0#branch                                   0
vdd#branch                        -0.000691935

 Reference value :  0.00000e+00
 Reference value :  4.05933e-08
 Reference value :  8.32807e-08
 Reference value :  1.20157e-07
 Reference value :  1.59790e-07
 Reference value :  2.02033e-07
 Reference value :  2.57530e-07
 Reference value :  3.19281e-07
 Reference value :  3.84755e-07
 Reference value :  4.54087e-07
 Reference value :  5.11397e-07
 Reference value :  5.51554e-07
 Reference value :  5.88172e-07
 Reference value :  6.28565e-07
 Reference value :  6.66119e-07
 Reference value :  7.06697e-07
 Reference value :  7.47734e-07
 Reference value :  7.93599e-07
 Reference value :  8.33539e-07
 Reference value :  8.75542e-07
 Reference value :  9.11492e-07
 Reference value :  9.53420e-07
 Reference value :  9.92120e-07
 Reference value :  1.03257e-06
 Reference value :  1.07329e-06
 Reference value :  1.11558e-06
 Reference value :  1.15578e-06
 Reference value :  1.19446e-06
No. of Data Rows : 6627
ta                  =  7.02640e-08
tb                  =  3.99247e-07
ta = 7.026400e-08
tb = 3.992472e-07
period = 1.644916e-08
fosc = 6.079338e+07
ngspice-46 done

Warning: m=xx on .subckt line will override multiplier m hierarchy!

Note: Starting dynamic gmin stepping
Note: Dynamic gmin stepping completed
