====================================================================
gf180-rcosc PVT corner run: rc_f_T+027C_V3p6_code0x80
run id      : 20260921T164939Z
process     : rc_f (fets=typical res=res_ff mimcap=mimcap_ff)
temperature : 27 C
supply      : 3.6 V
trim code   : 0x80 (128)
transient   : tran 200p 1200n, f = 20 periods / (t[rise=25] - t[rise=5])
wall clock  : 23.4 s
exit status : 0
====================================================================

Note: Compatibility modes selected: hs a


Circuit: ** sch_path: /users/rwalters/github/gf180-rcosc/.loom/worktrees/issue-43/design/pvt_tb.sch

Doing analysis at TEMP = 27.000000 and TNOM = 27.000000

Using SPARSE 1.3 as Direct Linear Solver

Initial Transient Solution
--------------------------

Node                                   Voltage
----                                   -------
vdd                                        3.6
xxdut.xxbias.xrba.11                   3.59874
xxdut.xxbias.xrba.21                   2.40126
xxdut.vh                                   2.4
xxdut.xxbias.xrbb.11                   2.39874
xxdut.xxbias.xrbb.21                   1.20126
xxdut.vl                                   1.2
xxdut.xxbias.xrbc.11                   1.19874
xxdut.xxbias.xrbc.21                0.00126137
xxdut.ibias                            1.03497
xxdut.xxbias.pb                        2.29161
xxdut.xxbias.n2s                      0.199981
xxdut.xxbias.xrz.11                   0.199327
xxdut.xxbias.xrz.21                0.000653982
xxdut.xxtrim.xrfix.11                  3.59892
xxdut.xxtrim.xrfix.21                  3.42306
xxdut.xxtrim.c1                        3.42198
xxdut.xxtrim.xr0.11                     3.4209
xxdut.xxtrim.xr0.21                    3.41325
xxdut.xxtrim.c2                        3.41217
t0                                           0
xxdut.xxtrim.tb0                           3.6
xxdut.xxtrim.xr1.11                     3.4111
xxdut.xxtrim.xr1.21                    3.39579
xxdut.xxtrim.c3                        3.39472
t1                                           0
xxdut.xxtrim.tb1                           3.6
xxdut.xxtrim.xr2.11                    3.39364
xxdut.xxtrim.xr2.21                    3.36303
xxdut.xxtrim.c4                        3.36196
t2                                           0
xxdut.xxtrim.tb2                           3.6
xxdut.xxtrim.xr3.11                    3.36088
xxdut.xxtrim.xr3.21                    3.29967
xxdut.xxtrim.c5                        3.29859
t3                                           0
xxdut.xxtrim.tb3                           3.6
xxdut.xxtrim.xr4.11                    3.29751
xxdut.xxtrim.xr4.21                    3.17509
xxdut.xxtrim.c6                        3.17401
t4                                           0
xxdut.xxtrim.tb4                           3.6
xxdut.xxtrim.xr5.11                    3.17293
xxdut.xxtrim.xr5.21                    2.92808
xxdut.xxtrim.c7                        2.92701
t5                                           0
xxdut.xxtrim.tb5                           3.6
xxdut.xxtrim.xr6.11                    2.92593
xxdut.xxtrim.xr6.21                    2.43623
xxdut.xxtrim.c8                        2.43515
t6                                           0
xxdut.xxtrim.tb6                           3.6
xxdut.xxtrim.xr7.11                    2.43512
xxdut.xxtrim.xr7.21                     2.4019
xxdut.vc                               2.40187
t7                                         3.6
xxdut.xxtrim.tb7                    4.8553e-09
xxdut.xxcmph.tail                      1.05549
xxdut.xxcmph.dp                        1.61471
xxdut.xxcmph.dn                        1.69208
xxdut.cmph_out                         1.54342
xxdut.xxcmpl.tail                     0.845932
xxdut.xxcmpl.dp                            3.6
xxdut.xxcmpl.dn                        1.16835
xxdut.cmpl_out                      4.8553e-09
clk                                   0.737438
xxdut.qbar                             1.47965
xxdut.mid1                             2.91962
xxdut.mid2                             3.36391
vt7#branch                                   0
vt6#branch                                   0
vt5#branch                                   0
vt4#branch                                   0
vt3#branch                                   0
vt2#branch                                   0
vt1#branch                                   0
vt0#branch                                   0
vdd#branch                        -0.000819418

 Reference value :  0.00000e+00
 Reference value :  3.99861e-08
 Reference value :  7.88968e-08
 Reference value :  1.20035e-07
 Reference value :  1.63582e-07
 Reference value :  2.06763e-07
 Reference value :  2.44860e-07
 Reference value :  2.88066e-07
 Reference value :  3.32144e-07
 Reference value :  3.73010e-07
 Reference value :  4.15944e-07
 Reference value :  4.58804e-07
 Reference value :  5.03056e-07
 Reference value :  5.47776e-07
 Reference value :  5.93103e-07
 Reference value :  6.32144e-07
 Reference value :  6.78821e-07
 Reference value :  7.23007e-07
 Reference value :  7.67114e-07
 Reference value :  8.16013e-07
 Reference value :  8.64695e-07
 Reference value :  9.08355e-07
 Reference value :  9.54069e-07
 Reference value :  1.00037e-06
 Reference value :  1.04529e-06
 Reference value :  1.09196e-06
 Reference value :  1.13853e-06
 Reference value :  1.18623e-06
No. of Data Rows : 6446
ta                  =  7.82331e-08
tb                  =  4.46359e-07
ta = 7.823306e-08
tb = 4.463586e-07
period = 1.840628e-08
fosc = 5.432929e+07
ngspice-46 done

Warning: m=xx on .subckt line will override multiplier m hierarchy!

Note: Starting dynamic gmin stepping
Note: Dynamic gmin stepping completed
