====================================================================
gf180-rcosc PVT corner run: rc_f_T-040C_V3p3_code0x2D
run id      : 20260921T164939Z
process     : rc_f (fets=typical res=res_ff mimcap=mimcap_ff)
temperature : -40 C
supply      : 3.3 V
trim code   : 0x2D (45)
transient   : tran 200p 1200n, f = 20 periods / (t[rise=25] - t[rise=5])
wall clock  : 100.3 s
exit status : 0
====================================================================

Note: Compatibility modes selected: hs a


Circuit: ** sch_path: /users/rwalters/github/gf180-rcosc/.loom/worktrees/issue-43/design/pvt_tb.sch

Doing analysis at TEMP = -40.000000 and TNOM = 27.000000

Using SPARSE 1.3 as Direct Linear Solver

Initial Transient Solution
--------------------------

Node                                   Voltage
----                                   -------
vdd                                        3.3
xxdut.xxbias.xrba.11                   3.29813
xxdut.xxbias.xrba.21                   2.19349
xxdut.vh                               2.19162
xxdut.xxbias.xrbb.11                   2.18975
xxdut.xxbias.xrbb.21                    1.0822
xxdut.vl                               1.08033
xxdut.xxbias.xrbc.11                   1.07851
xxdut.xxbias.xrbc.21                0.00181832
xxdut.ibias                           0.974968
xxdut.xxbias.pb                        2.09054
xxdut.xxbias.n2s                        0.1318
xxdut.xxbias.xrz.11                   0.131112
xxdut.xxbias.xrz.21                0.000688315
xxdut.xxtrim.xrfix.11                  3.29785
xxdut.xxtrim.xrfix.21                  3.07914
xxdut.xxtrim.c1                        3.07699
xxdut.xxtrim.xr0.11                    3.07641
xxdut.xxtrim.xr0.21                    3.07381
xxdut.xxtrim.c2                        3.07322
t0                                         3.3
xxdut.xxtrim.tb0                  -0.000599777
xxdut.xxtrim.xr1.11                    3.07087
xxdut.xxtrim.xr1.21                    3.05004
xxdut.xxtrim.c3                        3.04769
t1                                           0
xxdut.xxtrim.tb1                       3.29986
xxdut.xxtrim.xr2.11                    3.04723
xxdut.xxtrim.xr2.21                    3.03904
xxdut.xxtrim.c4                        3.03857
t2                                         3.3
xxdut.xxtrim.tb2                   -0.00028702
xxdut.xxtrim.xr3.11                    3.03818
xxdut.xxtrim.xr3.21                    3.02425
xxdut.xxtrim.c5                        3.02386
t3                                         3.3
xxdut.xxtrim.tb3                  -0.000183005
xxdut.xxtrim.xr4.11                    3.02133
xxdut.xxtrim.xr4.21                    2.84207
xxdut.xxtrim.c6                        2.83954
t4                                           0
xxdut.xxtrim.tb4                       3.29998
xxdut.xxtrim.xr5.11                    2.83934
xxdut.xxtrim.xr5.21                    2.81102
xxdut.xxtrim.c7                        2.81082
t5                                         3.3
xxdut.xxtrim.tb5                   1.53754e-07
xxdut.xxtrim.xr6.11                     2.8083
xxdut.xxtrim.xr6.21                    2.09114
xxdut.xxtrim.c8                        2.08861
t6                                           0
xxdut.xxtrim.tb6                       3.30005
xxdut.xxtrim.xr7.11                    2.08618
xxdut.xxtrim.xr7.21                   0.710177
xxdut.vc                              0.707751
t7                                           0
xxdut.xxtrim.tb7                       3.30009
xxdut.xxcmph.tail                     0.855597
xxdut.xxcmph.dp                         3.3034
xxdut.xxcmph.dn                        1.38188
xxdut.cmph_out                       0.0100986
xxdut.xxcmpl.tail                   0.00678156
xxdut.xxcmpl.dp                     0.00132164
xxdut.xxcmpl.dn                        2.34731
xxdut.cmpl_out                         3.29655
clk                                  0.0447066
xxdut.qbar                             3.31382
xxdut.mid1                             3.33111
xxdut.mid2                             2.78855
vt7#branch                         2.78008e-07
vt6#branch                         3.97763e-08
vt5#branch                         2.98347e-09
vt4#branch                         -1.2762e-08
vt3#branch                        -5.31196e-08
vt2#branch                        -1.37666e-07
vt1#branch                        -1.43839e-07
vt0#branch                        -2.81889e-07
vdd#branch                        -0.000174692

 Reference value :  0.00000e+00
 Reference value :  5.82806e-08
 Reference value :  1.06470e-07
 Reference value :  1.54787e-07
 Reference value :  2.03303e-07
 Reference value :  2.52268e-07
 Reference value :  3.00312e-07
 Reference value :  3.49723e-07
 Reference value :  3.99581e-07
 Reference value :  4.48446e-07
 Reference value :  4.93768e-07
 Reference value :  5.42842e-07
 Reference value :  5.98718e-07
 Reference value :  6.54723e-07
 Reference value :  7.03945e-07
 Reference value :  7.53619e-07
 Reference value :  8.06505e-07
 Reference value :  8.55209e-07
 Reference value :  8.99364e-07
 Reference value :  9.48416e-07
 Reference value :  1.00042e-06
 Reference value :  1.05091e-06
 Reference value :  1.11032e-06
 Reference value :  1.16350e-06
No. of Data Rows : 6394
ta                  =  1.20369e-07
tb                  =  6.28552e-07
ta = 1.203688e-07
tb = 6.285516e-07
period = 2.540914e-08
fosc = 3.935592e+07
ngspice-46 done

Warning: m=xx on .subckt line will override multiplier m hierarchy!

Note: Starting dynamic gmin stepping
Warning: Dynamic gmin stepping failed
Note: Starting true gmin stepping
Warning: True gmin stepping failed
Note: Starting source stepping
Warning: singular matrix:  check node xxdut.vl

Warning: source stepping failed
Note: Transient op started
Note: Transient op finished successfully
