====================================================================
gf180-rcosc PVT corner run: rc_f_T+085C_V3p0_code0x80
run id      : 20260921T164939Z
process     : rc_f (fets=typical res=res_ff mimcap=mimcap_ff)
temperature : 85 C
supply      : 3 V
trim code   : 0x80 (128)
transient   : tran 200p 1200n, f = 20 periods / (t[rise=25] - t[rise=5])
wall clock  : 23.2 s
exit status : 0
====================================================================

Note: Compatibility modes selected: hs a


Circuit: ** sch_path: /users/rwalters/github/gf180-rcosc/.loom/worktrees/issue-43/design/pvt_tb.sch

Doing analysis at TEMP = 85.000000 and TNOM = 27.000000

Using SPARSE 1.3 as Direct Linear Solver

Initial Transient Solution
--------------------------

Node                                   Voltage
----                                   -------
vdd                                          3
xxdut.xxbias.xrba.11                   2.99924
xxdut.xxbias.xrba.21                   2.00076
xxdut.vh                                     2
xxdut.xxbias.xrbb.11                   1.99924
xxdut.xxbias.xrbb.21                   1.00076
xxdut.vl                                     1
xxdut.xxbias.xrbc.11                  0.999241
xxdut.xxbias.xrbc.21                0.00075877
xxdut.ibias                            1.05156
xxdut.xxbias.pb                        1.65382
xxdut.xxbias.n2s                      0.235428
xxdut.xxbias.xrz.11                   0.234871
xxdut.xxbias.xrz.21                0.000556442
xxdut.xxtrim.xrfix.11                  2.99932
xxdut.xxtrim.xrfix.21                  2.84441
xxdut.xxtrim.c1                        2.84372
xxdut.xxtrim.xr0.11                    2.84304
xxdut.xxtrim.xr0.21                     2.8363
xxdut.xxtrim.c2                        2.83562
t0                                           0
xxdut.xxtrim.tb0                             3
xxdut.xxtrim.xr1.11                    2.83493
xxdut.xxtrim.xr1.21                    2.82145
xxdut.xxtrim.c3                        2.82077
t1                                           0
xxdut.xxtrim.tb1                             3
xxdut.xxtrim.xr2.11                    2.82008
xxdut.xxtrim.xr2.21                    2.79312
xxdut.xxtrim.c4                        2.79244
t2                                           0
xxdut.xxtrim.tb2                             3
xxdut.xxtrim.xr3.11                    2.79176
xxdut.xxtrim.xr3.21                    2.73784
xxdut.xxtrim.c5                        2.73715
t3                                           0
xxdut.xxtrim.tb3                             3
xxdut.xxtrim.xr4.11                    2.73647
xxdut.xxtrim.xr4.21                    2.62864
xxdut.xxtrim.c6                        2.62795
t4                                           0
xxdut.xxtrim.tb4                             3
xxdut.xxtrim.xr5.11                    2.62727
xxdut.xxtrim.xr5.21                     2.4116
xxdut.xxtrim.c7                        2.41091
t5                                           0
xxdut.xxtrim.tb5                             3
xxdut.xxtrim.xr6.11                    2.41023
xxdut.xxtrim.xr6.21                    1.97889
xxdut.xxtrim.c8                         1.9782
t6                                           0
xxdut.xxtrim.tb6                             3
xxdut.xxtrim.xr7.11                    1.97817
xxdut.xxtrim.xr7.21                    1.93304
xxdut.vc                                 1.933
t7                                           3
xxdut.xxtrim.tb7                   4.81375e-09
xxdut.xxcmph.tail                     0.665923
xxdut.xxcmph.dp                        1.34713
xxdut.xxcmph.dn                       0.951431
xxdut.cmph_out                         1.28398
xxdut.xxcmpl.tail                     0.278892
xxdut.xxcmpl.dp                        2.98793
xxdut.xxcmpl.dn                       0.501951
xxdut.cmpl_out                     4.89343e-09
clk                                   0.682763
xxdut.qbar                             1.24856
xxdut.mid1                             2.48422
xxdut.mid2                               2.829
vt7#branch                                   0
vt6#branch                                   0
vt5#branch                                   0
vt4#branch                                   0
vt3#branch                                   0
vt2#branch                                   0
vt1#branch                                   0
vt0#branch                                   0
vdd#branch                        -0.000629397

 Reference value :  0.00000e+00
 Reference value :  4.11896e-08
 Reference value :  8.57484e-08
 Reference value :  1.30567e-07
 Reference value :  1.73303e-07
 Reference value :  2.18639e-07
 Reference value :  2.60822e-07
 Reference value :  3.05615e-07
 Reference value :  3.48581e-07
 Reference value :  3.93770e-07
 Reference value :  4.38881e-07
 Reference value :  4.84285e-07
 Reference value :  5.31212e-07
 Reference value :  5.75066e-07
 Reference value :  6.19215e-07
 Reference value :  6.64600e-07
 Reference value :  7.10086e-07
 Reference value :  7.55888e-07
 Reference value :  8.04092e-07
 Reference value :  8.53958e-07
 Reference value :  9.00230e-07
 Reference value :  9.46518e-07
 Reference value :  9.96578e-07
 Reference value :  1.04149e-06
 Reference value :  1.08951e-06
 Reference value :  1.13850e-06
 Reference value :  1.18695e-06
No. of Data Rows : 6305
ta                  =  7.66297e-08
tb                  =  4.38374e-07
ta = 7.662971e-08
tb = 4.383740e-07
period = 1.808721e-08
fosc = 5.528767e+07
ngspice-46 done

Warning: m=xx on .subckt line will override multiplier m hierarchy!

Note: Starting dynamic gmin stepping
Note: Dynamic gmin stepping completed
