====================================================================
gf180-rcosc PVT corner run: rc_s_T+027C_V3p0_code0xA7
run id      : 20260921T164939Z
process     : rc_s (fets=typical res=res_ss mimcap=mimcap_ss)
temperature : 27 C
supply      : 3 V
trim code   : 0xA7 (167)
transient   : tran 200p 1200n, f = 20 periods / (t[rise=25] - t[rise=5])
wall clock  : 23.5 s
exit status : 0
====================================================================

Note: Compatibility modes selected: hs a


Circuit: ** sch_path: /users/rwalters/github/gf180-rcosc/.loom/worktrees/issue-43/design/pvt_tb.sch

Doing analysis at TEMP = 27.000000 and TNOM = 27.000000

Using SPARSE 1.3 as Direct Linear Solver

Initial Transient Solution
--------------------------

Node                                   Voltage
----                                   -------
vdd                                          3
xxdut.xxbias.xrba.11                    2.9993
xxdut.xxbias.xrba.21                    2.0007
xxdut.vh                                     2
xxdut.xxbias.xrbb.11                    1.9993
xxdut.xxbias.xrbb.21                    1.0007
xxdut.vl                                     1
xxdut.xxbias.xrbc.11                  0.999299
xxdut.xxbias.xrbc.21               0.000701252
xxdut.ibias                           0.913975
xxdut.xxbias.pb                        1.86421
xxdut.xxbias.n2s                      0.145663
xxdut.xxbias.xrz.11                   0.145345
xxdut.xxbias.xrz.21                 0.00031826
xxdut.xxtrim.xrfix.11                  2.99922
xxdut.xxtrim.xrfix.21                  2.80875
xxdut.xxtrim.c1                        2.80797
xxdut.xxtrim.xr0.11                    2.80775
xxdut.xxtrim.xr0.21                     2.8054
xxdut.xxtrim.c2                        2.80518
t0                                           3
xxdut.xxtrim.tb0                   3.84915e-09
xxdut.xxtrim.xr1.11                    2.80499
xxdut.xxtrim.xr1.21                    2.80095
xxdut.xxtrim.c3                        2.80076
t1                                           3
xxdut.xxtrim.tb1                   3.84915e-09
xxdut.xxtrim.xr2.11                    2.80061
xxdut.xxtrim.xr2.21                    2.79452
xxdut.xxtrim.c4                        2.79437
t2                                           3
xxdut.xxtrim.tb2                   3.84915e-09
xxdut.xxtrim.xr3.11                     2.7936
xxdut.xxtrim.xr3.21                     2.7273
xxdut.xxtrim.c5                        2.72652
t3                                           0
xxdut.xxtrim.tb3                             3
xxdut.xxtrim.xr4.11                    2.72575
xxdut.xxtrim.xr4.21                    2.59316
xxdut.xxtrim.c6                        2.59238
t4                                           0
xxdut.xxtrim.tb4                             3
xxdut.xxtrim.xr5.11                    2.59232
xxdut.xxtrim.xr5.21                    2.57292
xxdut.xxtrim.c7                        2.57287
t5                                           3
xxdut.xxtrim.tb5                   3.84915e-09
xxdut.xxtrim.xr6.11                    2.57209
xxdut.xxtrim.xr6.21                    2.04173
xxdut.xxtrim.c8                        2.04095
t6                                           0
xxdut.xxtrim.tb6                             3
xxdut.xxtrim.xr7.11                    2.04092
xxdut.xxtrim.xr7.21                    2.00186
xxdut.vc                               2.00183
t7                                           3
xxdut.xxtrim.tb7                   3.84915e-09
xxdut.xxcmph.tail                      0.83192
xxdut.xxcmph.dp                        1.34407
xxdut.xxcmph.dn                        1.46483
xxdut.cmph_out                         1.28881
xxdut.xxcmpl.tail                     0.735426
xxdut.xxcmpl.dp                              3
xxdut.xxcmpl.dn                        1.12128
xxdut.cmpl_out                     3.84915e-09
clk                                   0.718993
xxdut.qbar                             1.25371
xxdut.mid1                             2.51378
xxdut.mid2                             2.84316
vt7#branch                                   0
vt6#branch                                   0
vt5#branch                                   0
vt4#branch                                   0
vt3#branch                                   0
vt2#branch                                   0
vt1#branch                                   0
vt0#branch                                   0
vdd#branch                        -0.000443362

 Reference value :  0.00000e+00
 Reference value :  4.30591e-08
 Reference value :  8.92373e-08
 Reference value :  1.34281e-07
 Reference value :  1.81327e-07
 Reference value :  2.29320e-07
 Reference value :  2.74106e-07
 Reference value :  3.20459e-07
 Reference value :  3.66807e-07
 Reference value :  4.11199e-07
 Reference value :  4.58141e-07
 Reference value :  5.05028e-07
 Reference value :  5.48795e-07
 Reference value :  5.95484e-07
 Reference value :  6.42556e-07
 Reference value :  6.89339e-07
 Reference value :  7.63122e-07
 Reference value :  8.33193e-07
 Reference value :  8.89769e-07
 Reference value :  9.61531e-07
 Reference value :  1.03880e-06
 Reference value :  1.12518e-06
No. of Data Rows : 6394
ta                  =  1.05216e-07
tb                  =  6.09164e-07
ta = 1.052160e-07
tb = 6.091637e-07
period = 2.519739e-08
fosc = 3.968666e+07
ngspice-46 done

Warning: m=xx on .subckt line will override multiplier m hierarchy!

Note: Starting dynamic gmin stepping
Note: Dynamic gmin stepping completed
