====================================================================
gf180-rcosc PVT corner run: sf_T+027C_V3p3_code0x80
run id      : 20260921T164939Z
process     : sf (fets=sf res=res_typical mimcap=mimcap_typical)
temperature : 27 C
supply      : 3.3 V
trim code   : 0x80 (128)
transient   : tran 200p 1200n, f = 20 periods / (t[rise=25] - t[rise=5])
wall clock  : 21.2 s
exit status : 0
====================================================================

Note: Compatibility modes selected: hs a


Circuit: ** sch_path: /users/rwalters/github/gf180-rcosc/.loom/worktrees/issue-43/design/pvt_tb.sch

Doing analysis at TEMP = 27.000000 and TNOM = 27.000000

Using SPARSE 1.3 as Direct Linear Solver

Initial Transient Solution
--------------------------

Node                                   Voltage
----                                   -------
vdd                                        3.3
xxdut.xxbias.xrba.11                   3.29907
xxdut.xxbias.xrba.21                   2.20093
xxdut.vh                                   2.2
xxdut.xxbias.xrbb.11                   2.19907
xxdut.xxbias.xrbb.21                   1.10093
xxdut.vl                                   1.1
xxdut.xxbias.xrbc.11                   1.09907
xxdut.xxbias.xrbc.21               0.000925394
xxdut.ibias                             1.0433
xxdut.xxbias.pb                        2.20391
xxdut.xxbias.n2s                      0.165831
xxdut.xxbias.xrz.11                   0.165397
xxdut.xxbias.xrz.21                0.000434411
xxdut.xxtrim.xrfix.11                  3.29921
xxdut.xxtrim.xrfix.21                  3.13794
xxdut.xxtrim.c1                        3.13715
xxdut.xxtrim.xr0.11                    3.13636
xxdut.xxtrim.xr0.21                    3.12934
xxdut.xxtrim.c2                        3.12855
t0                                           0
xxdut.xxtrim.tb0                           3.3
xxdut.xxtrim.xr1.11                    3.12776
xxdut.xxtrim.xr1.21                    3.11373
xxdut.xxtrim.c3                        3.11294
t1                                           0
xxdut.xxtrim.tb1                           3.3
xxdut.xxtrim.xr2.11                    3.11215
xxdut.xxtrim.xr2.21                    3.08408
xxdut.xxtrim.c4                        3.08329
t2                                           0
xxdut.xxtrim.tb2                           3.3
xxdut.xxtrim.xr3.11                     3.0825
xxdut.xxtrim.xr3.21                    3.02637
xxdut.xxtrim.c5                        3.02558
t3                                           0
xxdut.xxtrim.tb3                           3.3
xxdut.xxtrim.xr4.11                    3.02479
xxdut.xxtrim.xr4.21                    2.91252
xxdut.xxtrim.c6                        2.91173
t4                                           0
xxdut.xxtrim.tb4                           3.3
xxdut.xxtrim.xr5.11                    2.91094
xxdut.xxtrim.xr5.21                    2.68641
xxdut.xxtrim.c7                        2.68562
t5                                           0
xxdut.xxtrim.tb5                           3.3
xxdut.xxtrim.xr6.11                    2.68483
xxdut.xxtrim.xr6.21                    2.23577
xxdut.xxtrim.c8                        2.23498
t6                                           0
xxdut.xxtrim.tb6                           3.3
xxdut.xxtrim.xr7.11                    2.23495
xxdut.xxtrim.xr7.21                     2.2021
xxdut.vc                               2.20207
t7                                         3.3
xxdut.xxtrim.tb7                   4.56436e-09
xxdut.xxcmph.tail                      0.88371
xxdut.xxcmph.dp                        1.59528
xxdut.xxcmph.dn                        1.74967
xxdut.cmph_out                         1.54174
xxdut.xxcmpl.tail                     0.769691
xxdut.xxcmpl.dp                            3.3
xxdut.xxcmpl.dn                         1.3554
xxdut.cmpl_out                     4.56436e-09
clk                                   0.800826
xxdut.qbar                             1.48334
xxdut.mid1                             2.69324
xxdut.mid2                             3.11233
vt7#branch                                   0
vt6#branch                                   0
vt5#branch                                   0
vt4#branch                                   0
vt3#branch                                   0
vt2#branch                                   0
vt1#branch                                   0
vt0#branch                                   0
vdd#branch                        -0.000600281

 Reference value :  0.00000e+00
 Reference value :  4.69773e-08
 Reference value :  9.06766e-08
 Reference value :  1.38857e-07
 Reference value :  1.82747e-07
 Reference value :  2.30443e-07
 Reference value :  2.78401e-07
 Reference value :  3.26250e-07
 Reference value :  3.77683e-07
 Reference value :  4.25715e-07
 Reference value :  4.73137e-07
 Reference value :  5.25497e-07
 Reference value :  5.70448e-07
 Reference value :  6.13643e-07
 Reference value :  6.63490e-07
 Reference value :  7.09527e-07
 Reference value :  7.62341e-07
 Reference value :  8.13815e-07
 Reference value :  8.64489e-07
 Reference value :  9.08730e-07
 Reference value :  9.53607e-07
 Reference value :  1.00319e-06
 Reference value :  1.05157e-06
 Reference value :  1.10007e-06
 Reference value :  1.14760e-06
 Reference value :  1.19648e-06
No. of Data Rows : 6356
ta                  =  1.03318e-07
tb                  =  6.01565e-07
ta = 1.033179e-07
tb = 6.015650e-07
period = 2.491235e-08
fosc = 4.014073e+07
ngspice-46 done

Warning: m=xx on .subckt line will override multiplier m hierarchy!

Note: Starting dynamic gmin stepping
Note: Dynamic gmin stepping completed
