====================================================================
gf180-rcosc PVT corner run: sf_T+027C_V3p3_code0x75
run id      : 20260921T164939Z
process     : sf (fets=sf res=res_typical mimcap=mimcap_typical)
temperature : 27 C
supply      : 3.3 V
trim code   : 0x75 (117)
transient   : tran 200p 1200n, f = 20 periods / (t[rise=25] - t[rise=5])
wall clock  : 10.8 s
exit status : 0
====================================================================

Note: Compatibility modes selected: hs a


Circuit: ** sch_path: /users/rwalters/github/gf180-rcosc/.loom/worktrees/issue-43/design/pvt_tb.sch

Doing analysis at TEMP = 27.000000 and TNOM = 27.000000

Using SPARSE 1.3 as Direct Linear Solver

Initial Transient Solution
--------------------------

Node                                   Voltage
----                                   -------
vdd                                        3.3
xxdut.xxbias.xrba.11                   3.29907
xxdut.xxbias.xrba.21                   2.20093
xxdut.vh                                   2.2
xxdut.xxbias.xrbb.11                   2.19907
xxdut.xxbias.xrbb.21                   1.10093
xxdut.vl                                   1.1
xxdut.xxbias.xrbc.11                   1.09907
xxdut.xxbias.xrbc.21               0.000925394
xxdut.ibias                             1.0433
xxdut.xxbias.pb                        2.20391
xxdut.xxbias.n2s                      0.165831
xxdut.xxbias.xrz.11                   0.165397
xxdut.xxbias.xrz.21                0.000434411
xxdut.xxtrim.xrfix.11                  3.29927
xxdut.xxtrim.xrfix.21                  3.15064
xxdut.xxtrim.c1                        3.14991
xxdut.xxtrim.xr0.11                    3.14971
xxdut.xxtrim.xr0.21                    3.14791
xxdut.xxtrim.c2                         3.1477
t0                                         3.3
xxdut.xxtrim.tb0                   4.56436e-09
xxdut.xxtrim.xr1.11                    3.14698
xxdut.xxtrim.xr1.21                    3.13404
xxdut.xxtrim.c3                        3.13331
t1                                           0
xxdut.xxtrim.tb1                           3.3
xxdut.xxtrim.xr2.11                    3.13318
xxdut.xxtrim.xr2.21                    3.12843
xxdut.xxtrim.c4                        3.12829
t2                                         3.3
xxdut.xxtrim.tb2                   4.56436e-09
xxdut.xxtrim.xr3.11                    3.12756
xxdut.xxtrim.xr3.21                    3.07583
xxdut.xxtrim.c5                         3.0751
t3                                           0
xxdut.xxtrim.tb3                           3.3
xxdut.xxtrim.xr4.11                    3.07503
xxdut.xxtrim.xr4.21                    3.06392
xxdut.xxtrim.c6                        3.06384
t4                                         3.3
xxdut.xxtrim.tb4                   4.56436e-09
xxdut.xxtrim.xr5.11                    3.06379
xxdut.xxtrim.xr5.21                    3.04969
xxdut.xxtrim.c7                        3.04964
t5                                         3.3
xxdut.xxtrim.tb5                   4.56436e-09
xxdut.xxtrim.xr6.11                     3.0496
xxdut.xxtrim.xr6.21                    3.03129
xxdut.xxtrim.c8                        3.03126
t6                                         3.3
xxdut.xxtrim.tb6                   4.56436e-09
xxdut.xxtrim.xr7.11                    3.03053
xxdut.xxtrim.xr7.21                     2.2028
xxdut.vc                               2.20207
t7                                           0
xxdut.xxtrim.tb7                           3.3
xxdut.xxcmph.tail                      0.88371
xxdut.xxcmph.dp                        1.59526
xxdut.xxcmph.dn                        1.74967
xxdut.cmph_out                         1.54289
xxdut.xxcmpl.tail                     0.769691
xxdut.xxcmpl.dp                            3.3
xxdut.xxcmpl.dn                         1.3554
xxdut.cmpl_out                     4.56436e-09
clk                                   0.795789
xxdut.qbar                              1.4835
xxdut.mid1                             2.69004
xxdut.mid2                             3.11235
vt7#branch                                   0
vt6#branch                                   0
vt5#branch                                   0
vt4#branch                                   0
vt3#branch                                   0
vt2#branch                                   0
vt1#branch                                   0
vt0#branch                                   0
vdd#branch                        -0.000598959

 Reference value :  0.00000e+00
 Reference value :  3.83995e-08
 Reference value :  8.32979e-08
 Reference value :  1.28227e-07
 Reference value :  1.67611e-07
 Reference value :  2.19133e-07
 Reference value :  2.64164e-07
 Reference value :  3.06223e-07
 Reference value :  3.50350e-07
 Reference value :  3.95892e-07
 Reference value :  4.41361e-07
 Reference value :  4.84985e-07
 Reference value :  5.30381e-07
 Reference value :  5.73888e-07
 Reference value :  6.16974e-07
 Reference value :  6.60696e-07
 Reference value :  7.02831e-07
 Reference value :  7.45151e-07
 Reference value :  7.92337e-07
 Reference value :  8.36291e-07
 Reference value :  8.83582e-07
 Reference value :  9.29864e-07
 Reference value :  9.68934e-07
 Reference value :  1.01449e-06
 Reference value :  1.06058e-06
 Reference value :  1.10726e-06
 Reference value :  1.15154e-06
 Reference value :  1.19903e-06
No. of Data Rows : 6443
ta                  =  1.07041e-07
tb                  =  5.92263e-07
ta = 1.070406e-07
tb = 5.922633e-07
period = 2.426114e-08
fosc = 4.121819e+07
ngspice-46 done

Warning: m=xx on .subckt line will override multiplier m hierarchy!

Note: Starting dynamic gmin stepping
Note: Dynamic gmin stepping completed
