====================================================================
gf180-rcosc PVT corner run: sf_T+027C_V3p0_code0x75
run id      : 20260921T164939Z
process     : sf (fets=sf res=res_typical mimcap=mimcap_typical)
temperature : 27 C
supply      : 3 V
trim code   : 0x75 (117)
transient   : tran 200p 1200n, f = 20 periods / (t[rise=25] - t[rise=5])
wall clock  : 29.3 s
exit status : 0
====================================================================

Note: Compatibility modes selected: hs a


Circuit: ** sch_path: /users/rwalters/github/gf180-rcosc/.loom/worktrees/issue-43/design/pvt_tb.sch

Doing analysis at TEMP = 27.000000 and TNOM = 27.000000

Using SPARSE 1.3 as Direct Linear Solver

Initial Transient Solution
--------------------------

Node                                   Voltage
----                                   -------
vdd                                          3
xxdut.xxbias.xrba.11                   2.99916
xxdut.xxbias.xrba.21                   2.00084
xxdut.vh                                     2
xxdut.xxbias.xrbb.11                   1.99916
xxdut.xxbias.xrbb.21                   1.00084
xxdut.vl                                     1
xxdut.xxbias.xrbc.11                  0.999159
xxdut.xxbias.xrbc.21               0.000841267
xxdut.ibias                            1.03038
xxdut.xxbias.pb                        1.92068
xxdut.xxbias.n2s                      0.158151
xxdut.xxbias.xrz.11                   0.157737
xxdut.xxbias.xrz.21                0.000414293
xxdut.xxtrim.xrfix.11                  2.99934
xxdut.xxtrim.xrfix.21                  2.86442
xxdut.xxtrim.c1                        2.86375
xxdut.xxtrim.xr0.11                    2.86356
xxdut.xxtrim.xr0.21                    2.86185
xxdut.xxtrim.c2                        2.86166
t0                                           3
xxdut.xxtrim.tb0                   4.14189e-09
xxdut.xxtrim.xr1.11                      2.861
xxdut.xxtrim.xr1.21                    2.84926
xxdut.xxtrim.c3                         2.8486
t1                                           0
xxdut.xxtrim.tb1                             3
xxdut.xxtrim.xr2.11                    2.84847
xxdut.xxtrim.xr2.21                    2.84392
xxdut.xxtrim.c4                         2.8438
t2                                           3
xxdut.xxtrim.tb2                   4.14189e-09
xxdut.xxtrim.xr3.11                    2.84314
xxdut.xxtrim.xr3.21                    2.79617
xxdut.xxtrim.c5                        2.79551
t3                                           0
xxdut.xxtrim.tb3                             3
xxdut.xxtrim.xr4.11                    2.79544
xxdut.xxtrim.xr4.21                    2.78475
xxdut.xxtrim.c6                        2.78467
t4                                           3
xxdut.xxtrim.tb4                   4.14189e-09
xxdut.xxtrim.xr5.11                    2.78463
xxdut.xxtrim.xr5.21                    2.77101
xxdut.xxtrim.c7                        2.77096
t5                                           3
xxdut.xxtrim.tb5                   4.14189e-09
xxdut.xxtrim.xr6.11                    2.77093
xxdut.xxtrim.xr6.21                     2.7532
xxdut.xxtrim.c8                        2.75317
t6                                           3
xxdut.xxtrim.tb6                   4.14189e-09
xxdut.xxtrim.xr7.11                    2.75251
xxdut.xxtrim.xr7.21                    2.00112
xxdut.vc                               2.00046
t7                                           0
xxdut.xxtrim.tb7                             3
xxdut.xxcmph.tail                     0.734165
xxdut.xxcmph.dp                         1.4547
xxdut.xxcmph.dn                        1.48829
xxdut.cmph_out                         1.40772
xxdut.xxcmpl.tail                     0.624307
xxdut.xxcmpl.dp                              3
xxdut.xxcmpl.dn                        1.11381
xxdut.cmpl_out                     4.14189e-09
clk                                   0.791039
xxdut.qbar                             1.36545
xxdut.mid1                             2.49249
xxdut.mid2                             2.85016
vt7#branch                                   0
vt6#branch                                   0
vt5#branch                                   0
vt4#branch                                   0
vt3#branch                                   0
vt2#branch                                   0
vt1#branch                                   0
vt0#branch                                   0
vdd#branch                        -0.000485674

 Reference value :  0.00000e+00
 Reference value :  4.30430e-08
 Reference value :  8.55819e-08
 Reference value :  1.31503e-07
 Reference value :  1.71078e-07
 Reference value :  2.13593e-07
 Reference value :  2.61085e-07
 Reference value :  3.07644e-07
 Reference value :  3.50808e-07
 Reference value :  3.93908e-07
 Reference value :  4.39365e-07
 Reference value :  4.87484e-07
 Reference value :  5.29134e-07
 Reference value :  5.74647e-07
 Reference value :  6.19910e-07
 Reference value :  6.66321e-07
 Reference value :  7.13709e-07
 Reference value :  7.59175e-07
 Reference value :  8.03631e-07
 Reference value :  8.48556e-07
 Reference value :  8.96744e-07
 Reference value :  9.46570e-07
 Reference value :  9.91601e-07
 Reference value :  1.04094e-06
 Reference value :  1.08810e-06
 Reference value :  1.13262e-06
 Reference value :  1.17984e-06
No. of Data Rows : 6321
ta                  =  1.06078e-07
tb                  =  6.15455e-07
ta = 1.060776e-07
tb = 6.154550e-07
period = 2.546887e-08
fosc = 3.926362e+07
ngspice-46 done

Warning: m=xx on .subckt line will override multiplier m hierarchy!

Note: Starting dynamic gmin stepping
Note: Dynamic gmin stepping completed
