====================================================================
gf180-rcosc PVT corner run: sf_T+085C_V3p3_code0x9D
run id      : 20260921T164939Z
process     : sf (fets=sf res=res_typical mimcap=mimcap_typical)
temperature : 85 C
supply      : 3.3 V
trim code   : 0x9D (157)
transient   : tran 200p 1200n, f = 20 periods / (t[rise=25] - t[rise=5])
wall clock  : 26.8 s
exit status : 0
====================================================================

Note: Compatibility modes selected: hs a


Circuit: ** sch_path: /users/rwalters/github/gf180-rcosc/.loom/worktrees/issue-43/design/pvt_tb.sch

Doing analysis at TEMP = 85.000000 and TNOM = 27.000000

Using SPARSE 1.3 as Direct Linear Solver

Initial Transient Solution
--------------------------

Node                                   Voltage
----                                   -------
vdd                                        3.3
xxdut.xxbias.xrba.11                   3.29933
xxdut.xxbias.xrba.21                   2.20067
xxdut.vh                                   2.2
xxdut.xxbias.xrbb.11                   2.19933
xxdut.xxbias.xrbb.21                   1.10067
xxdut.vl                                   1.1
xxdut.xxbias.xrbc.11                   1.09933
xxdut.xxbias.xrbc.21                0.00066792
xxdut.ibias                            1.06998
xxdut.xxbias.pb                         2.1572
xxdut.xxbias.n2s                      0.209091
xxdut.xxbias.xrz.11                   0.208695
xxdut.xxbias.xrz.21                 0.00039573
xxdut.xxtrim.xrfix.11                  3.29932
xxdut.xxtrim.xrfix.21                  3.10696
xxdut.xxtrim.c1                        3.10628
xxdut.xxtrim.xr0.11                    3.10606
xxdut.xxtrim.xr0.21                    3.10332
xxdut.xxtrim.c2                         3.1031
t0                                         3.3
xxdut.xxtrim.tb0                   7.01255e-09
xxdut.xxtrim.xr1.11                    3.10242
xxdut.xxtrim.xr1.21                    3.08568
xxdut.xxtrim.c3                          3.085
t1                                           0
xxdut.xxtrim.tb1                           3.3
xxdut.xxtrim.xr2.11                    3.08485
xxdut.xxtrim.xr2.21                    3.07766
xxdut.xxtrim.c4                        3.07751
t2                                         3.3
xxdut.xxtrim.tb2                   7.01255e-09
xxdut.xxtrim.xr3.11                    3.07739
xxdut.xxtrim.xr3.21                    3.06576
xxdut.xxtrim.c5                        3.06564
t3                                         3.3
xxdut.xxtrim.tb3                   7.01255e-09
xxdut.xxtrim.xr4.11                    3.06555
xxdut.xxtrim.xr4.21                    3.04883
xxdut.xxtrim.c6                        3.04874
t4                                         3.3
xxdut.xxtrim.tb4                   7.01255e-09
xxdut.xxtrim.xr5.11                    3.04806
xxdut.xxtrim.xr5.21                    2.78025
xxdut.xxtrim.c7                        2.77957
t5                                           0
xxdut.xxtrim.tb5                           3.3
xxdut.xxtrim.xr6.11                    2.77889
xxdut.xxtrim.xr6.21                    2.24326
xxdut.xxtrim.c8                        2.24258
t6                                           0
xxdut.xxtrim.tb6                           3.3
xxdut.xxtrim.xr7.11                    2.24255
xxdut.xxtrim.xr7.21                    2.19959
xxdut.vc                               2.19957
t7                                         3.3
xxdut.xxtrim.tb7                   7.01255e-09
xxdut.xxcmph.tail                     0.856624
xxdut.xxcmph.dp                        1.60183
xxdut.xxcmph.dn                        1.57959
xxdut.cmph_out                         1.54259
xxdut.xxcmpl.tail                     0.672046
xxdut.xxcmpl.dp                            3.3
xxdut.xxcmpl.dn                        1.07909
xxdut.cmpl_out                     7.01256e-09
clk                                   0.763447
xxdut.qbar                             1.48367
xxdut.mid1                             2.66175
xxdut.mid2                             3.10006
vt7#branch                                   0
vt6#branch                                   0
vt5#branch                                   0
vt4#branch                                   0
vt3#branch                                   0
vt2#branch                                   0
vt1#branch                                   0
vt0#branch                                   0
vdd#branch                        -0.000641603

 Reference value :  0.00000e+00
 Reference value :  4.39138e-08
 Reference value :  8.28442e-08
 Reference value :  1.28749e-07
 Reference value :  1.70824e-07
 Reference value :  2.13072e-07
 Reference value :  2.56073e-07
 Reference value :  2.99753e-07
 Reference value :  3.47134e-07
 Reference value :  3.91525e-07
 Reference value :  4.34053e-07
 Reference value :  4.74918e-07
 Reference value :  5.16183e-07
 Reference value :  5.57901e-07
 Reference value :  5.98571e-07
 Reference value :  6.41731e-07
 Reference value :  6.84455e-07
 Reference value :  7.29692e-07
 Reference value :  7.74110e-07
 Reference value :  8.16796e-07
 Reference value :  8.59161e-07
 Reference value :  9.00899e-07
 Reference value :  9.42817e-07
 Reference value :  9.85408e-07
 Reference value :  1.03087e-06
 Reference value :  1.07724e-06
 Reference value :  1.12068e-06
 Reference value :  1.16438e-06
No. of Data Rows : 6485
ta                  =  8.75335e-08
tb                  =  5.04772e-07
ta = 8.753355e-08
tb = 5.047721e-07
period = 2.086193e-08
fosc = 4.793421e+07
ngspice-46 done

Warning: m=xx on .subckt line will override multiplier m hierarchy!

Note: Starting dynamic gmin stepping
Note: Dynamic gmin stepping completed
