====================================================================
gf180-rcosc PVT corner run: ss_T+027C_V3p3_code0xCB
run id      : 20260921T164939Z
process     : ss (fets=ss res=res_ss mimcap=mimcap_ss)
temperature : 27 C
supply      : 3.3 V
trim code   : 0xCB (203)
transient   : tran 200p 1200n, f = 20 periods / (t[rise=25] - t[rise=5])
wall clock  : 10.0 s
exit status : 0
====================================================================

Note: Compatibility modes selected: hs a


Circuit: ** sch_path: /users/rwalters/github/gf180-rcosc/.loom/worktrees/issue-43/design/pvt_tb.sch

Doing analysis at TEMP = 27.000000 and TNOM = 27.000000

Using SPARSE 1.3 as Direct Linear Solver

Initial Transient Solution
--------------------------

Node                                   Voltage
----                                   -------
vdd                                        3.3
xxdut.xxbias.xrba.11                   3.29923
xxdut.xxbias.xrba.21                   2.20077
xxdut.vh                                   2.2
xxdut.xxbias.xrbb.11                   2.19923
xxdut.xxbias.xrbb.21                   1.10077
xxdut.vl                                   1.1
xxdut.xxbias.xrbc.11                   1.09923
xxdut.xxbias.xrbc.21               0.000771378
xxdut.ibias                            1.03445
xxdut.xxbias.pb                        2.02323
xxdut.xxbias.n2s                      0.149151
xxdut.xxbias.xrz.11                   0.148825
xxdut.xxbias.xrz.21                0.000325881
xxdut.xxtrim.xrfix.11                  3.29883
xxdut.xxtrim.xrfix.21                  3.01142
xxdut.xxtrim.c1                        3.01024
xxdut.xxtrim.xr0.11                    3.00989
xxdut.xxtrim.xr0.21                    3.00612
xxdut.xxtrim.c2                        3.00576
t0                                         3.3
xxdut.xxtrim.tb0                    4.4423e-09
xxdut.xxtrim.xr1.11                    3.00546
xxdut.xxtrim.xr1.21                    2.99893
xxdut.xxtrim.c3                        2.99863
t1                                         3.3
xxdut.xxtrim.tb1                    4.4423e-09
xxdut.xxtrim.xr2.11                    2.99745
xxdut.xxtrim.xr2.21                    2.94744
xxdut.xxtrim.c4                        2.94626
t2                                           0
xxdut.xxtrim.tb2                           3.3
xxdut.xxtrim.xr3.11                    2.94607
xxdut.xxtrim.xr3.21                    2.92976
xxdut.xxtrim.c5                        2.92957
t3                                         3.3
xxdut.xxtrim.tb3                    4.4423e-09
xxdut.xxtrim.xr4.11                    2.92839
xxdut.xxtrim.xr4.21                    2.72832
xxdut.xxtrim.c6                        2.72715
t4                                           0
xxdut.xxtrim.tb4                           3.3
xxdut.xxtrim.xr5.11                    2.72598
xxdut.xxtrim.xr5.21                    2.32583
xxdut.xxtrim.c7                        2.32466
t5                                           0
xxdut.xxtrim.tb5                           3.3
xxdut.xxtrim.xr6.11                    2.32458
xxdut.xxtrim.xr6.21                    2.27143
xxdut.xxtrim.c8                        2.27136
t6                                         3.3
xxdut.xxtrim.tb6                    4.4423e-09
xxdut.xxtrim.xr7.11                    2.27131
xxdut.xxtrim.xr7.21                    2.20164
xxdut.vc                               2.20159
t7                                         3.3
xxdut.xxtrim.tb7                    4.4423e-09
xxdut.xxcmph.tail                     0.883969
xxdut.xxcmph.dp                        1.48588
xxdut.xxcmph.dn                        1.60251
xxdut.cmph_out                         1.41935
xxdut.xxcmpl.tail                     0.783342
xxdut.xxcmpl.dp                            3.3
xxdut.xxcmpl.dn                        1.24055
xxdut.cmpl_out                      4.4423e-09
clk                                    0.85811
xxdut.qbar                             1.39067
xxdut.mid1                             2.81339
xxdut.mid2                             3.14124
vt7#branch                                   0
vt6#branch                                   0
vt5#branch                                   0
vt4#branch                                   0
vt3#branch                                   0
vt2#branch                                   0
vt1#branch                                   0
vt0#branch                                   0
vdd#branch                        -0.000449725

 Reference value :  0.00000e+00
 Reference value :  4.02375e-08
 Reference value :  8.16907e-08
 Reference value :  1.26186e-07
 Reference value :  1.69416e-07
 Reference value :  2.11839e-07
 Reference value :  2.72019e-07
 Reference value :  3.22666e-07
 Reference value :  3.64832e-07
 Reference value :  4.07380e-07
 Reference value :  4.53030e-07
 Reference value :  4.98419e-07
 Reference value :  5.43013e-07
 Reference value :  5.87951e-07
 Reference value :  6.31833e-07
 Reference value :  6.86868e-07
 Reference value :  7.41486e-07
 Reference value :  7.85539e-07
 Reference value :  8.34548e-07
 Reference value :  8.82909e-07
 Reference value :  9.26125e-07
 Reference value :  9.70017e-07
 Reference value :  1.01451e-06
 Reference value :  1.05819e-06
 Reference value :  1.10066e-06
 Reference value :  1.14496e-06
 Reference value :  1.19281e-06
No. of Data Rows : 6454
ta                  =  9.21707e-08
tb                  =  5.21145e-07
ta = 9.217074e-08
tb = 5.211453e-07
period = 2.144873e-08
fosc = 4.662281e+07
ngspice-46 done

Warning: m=xx on .subckt line will override multiplier m hierarchy!

Note: Starting dynamic gmin stepping
Warning: Dynamic gmin stepping failed
Note: Starting true gmin stepping
Note: True gmin stepping completed
