====================================================================
gf180-rcosc PVT corner run: ss_T+027C_V3p6_code0x9D
run id      : 20260921T164939Z
process     : ss (fets=ss res=res_ss mimcap=mimcap_ss)
temperature : 27 C
supply      : 3.6 V
trim code   : 0x9D (157)
transient   : tran 200p 1200n, f = 20 periods / (t[rise=25] - t[rise=5])
wall clock  : 20.9 s
exit status : 0
====================================================================

Note: Compatibility modes selected: hs a


Circuit: ** sch_path: /users/rwalters/github/gf180-rcosc/.loom/worktrees/issue-43/design/pvt_tb.sch

Doing analysis at TEMP = 27.000000 and TNOM = 27.000000

Using SPARSE 1.3 as Direct Linear Solver

Initial Transient Solution
--------------------------

Node                                   Voltage
----                                   -------
vdd                                        3.6
xxdut.xxbias.xrba.11                   3.59916
xxdut.xxbias.xrba.21                   2.40084
xxdut.vh                                   2.4
xxdut.xxbias.xrbb.11                   2.39916
xxdut.xxbias.xrbb.21                   1.20084
xxdut.vl                                   1.2
xxdut.xxbias.xrbc.11                   1.19916
xxdut.xxbias.xrbc.21               0.000841503
xxdut.ibias                            1.04949
xxdut.xxbias.pb                        2.30236
xxdut.xxbias.n2s                      0.157962
xxdut.xxbias.xrz.11                   0.157616
xxdut.xxbias.xrz.21                0.000345131
xxdut.xxtrim.xrfix.11                  3.59914
xxdut.xxtrim.xrfix.21                   3.3875
xxdut.xxtrim.c1                        3.38663
xxdut.xxtrim.xr0.11                    3.38639
xxdut.xxtrim.xr0.21                    3.38382
xxdut.xxtrim.c2                        3.38358
t0                                         3.6
xxdut.xxtrim.tb0                   4.91633e-09
xxdut.xxtrim.xr1.11                    3.38272
xxdut.xxtrim.xr1.21                     3.3643
xxdut.xxtrim.c3                        3.36344
t1                                           0
xxdut.xxtrim.tb1                           3.6
xxdut.xxtrim.xr2.11                    3.36328
xxdut.xxtrim.xr2.21                    3.35659
xxdut.xxtrim.c4                        3.35644
t2                                         3.6
xxdut.xxtrim.tb2                   4.91633e-09
xxdut.xxtrim.xr3.11                    3.35631
xxdut.xxtrim.xr3.21                    3.34555
xxdut.xxtrim.c5                        3.34542
t3                                         3.6
xxdut.xxtrim.tb3                   4.91633e-09
xxdut.xxtrim.xr4.11                    3.34533
xxdut.xxtrim.xr4.21                    3.32998
xxdut.xxtrim.c6                        3.32989
t4                                         3.6
xxdut.xxtrim.tb4                   4.91633e-09
xxdut.xxtrim.xr5.11                    3.32902
xxdut.xxtrim.xr5.21                    3.03437
xxdut.xxtrim.c7                        3.03351
t5                                           0
xxdut.xxtrim.tb5                           3.6
xxdut.xxtrim.xr6.11                    3.03264
xxdut.xxtrim.xr6.21                    2.44334
xxdut.xxtrim.c8                        2.44248
t6                                           0
xxdut.xxtrim.tb6                           3.6
xxdut.xxtrim.xr7.11                    2.44245
xxdut.xxtrim.xr7.21                    2.40321
xxdut.vc                               2.40318
t7                                         3.6
xxdut.xxtrim.tb7                   4.91633e-09
xxdut.xxcmph.tail                      1.03261
xxdut.xxcmph.dp                        1.62163
xxdut.xxcmph.dn                        1.85586
xxdut.cmph_out                         1.55589
xxdut.xxcmpl.tail                      0.92726
xxdut.xxcmpl.dp                            3.6
xxdut.xxcmpl.dn                        1.47105
xxdut.cmpl_out                     4.91633e-09
clk                                   0.836493
xxdut.qbar                             1.50408
xxdut.mid1                             2.99839
xxdut.mid2                             3.40313
vt7#branch                                   0
vt6#branch                                   0
vt5#branch                                   0
vt4#branch                                   0
vt3#branch                                   0
vt2#branch                                   0
vt1#branch                                   0
vt0#branch                                   0
vdd#branch                        -0.000547226

 Reference value :  0.00000e+00
 Reference value :  4.29625e-08
 Reference value :  8.73873e-08
 Reference value :  1.36794e-07
 Reference value :  2.07806e-07
 Reference value :  2.52553e-07
 Reference value :  2.97870e-07
 Reference value :  3.48699e-07
 Reference value :  3.98078e-07
 Reference value :  4.41404e-07
 Reference value :  4.86665e-07
 Reference value :  5.34222e-07
 Reference value :  5.83529e-07
 Reference value :  6.28863e-07
 Reference value :  6.77134e-07
 Reference value :  7.21972e-07
 Reference value :  7.73342e-07
 Reference value :  8.27383e-07
 Reference value :  8.77943e-07
 Reference value :  9.30254e-07
 Reference value :  9.77388e-07
 Reference value :  1.02830e-06
 Reference value :  1.08914e-06
 Reference value :  1.13635e-06
 Reference value :  1.18113e-06
No. of Data Rows : 6427
ta                  =  1.10227e-07
tb                  =  6.39262e-07
ta = 1.102273e-07
tb = 6.392618e-07
period = 2.645172e-08
fosc = 3.780472e+07
ngspice-46 done

Warning: m=xx on .subckt line will override multiplier m hierarchy!

Note: Starting dynamic gmin stepping
Warning: Dynamic gmin stepping failed
Note: Starting true gmin stepping
Note: True gmin stepping completed
