====================================================================
gf180-rcosc PVT corner run: ss_T-040C_V3p0_code0xB3
run id      : 20260921T164939Z
process     : ss (fets=ss res=res_ss mimcap=mimcap_ss)
temperature : -40 C
supply      : 3 V
trim code   : 0xB3 (179)
transient   : tran 200p 1200n, f = 20 periods / (t[rise=25] - t[rise=5])
wall clock  : 128.7 s
exit status : 0
====================================================================

Note: Compatibility modes selected: hs a


Circuit: ** sch_path: /users/rwalters/github/gf180-rcosc/.loom/worktrees/issue-43/design/pvt_tb.sch

Doing analysis at TEMP = -40.000000 and TNOM = 27.000000

Using SPARSE 1.3 as Direct Linear Solver

Initial Transient Solution
--------------------------

Node                                   Voltage
----                                   -------
vdd                                          3
xxdut.xxbias.xrba.11                   2.99887
xxdut.xxbias.xrba.21                   1.99675
xxdut.vh                               1.99562
xxdut.xxbias.xrbb.11                   1.99449
xxdut.xxbias.xrbb.21                  0.993568
xxdut.vl                              0.992441
xxdut.xxbias.xrbc.11                  0.991326
xxdut.xxbias.xrbc.21                0.00111485
xxdut.ibias                            1.01633
xxdut.xxbias.pb                        1.77627
xxdut.xxbias.n2s                      0.103416
xxdut.xxbias.xrz.11                   0.103055
xxdut.xxbias.xrz.21                0.000361313
xxdut.xxtrim.xrfix.11                  2.99641
xxdut.xxtrim.xrfix.21                  2.44755
xxdut.xxtrim.c1                        2.44395
xxdut.xxtrim.xr0.11                    2.44295
xxdut.xxtrim.xr0.21                    2.43625
xxdut.xxtrim.c2                        2.43525
t0                                           3
xxdut.xxtrim.tb0                    0.00080717
xxdut.xxtrim.xr1.11                    2.43439
xxdut.xxtrim.xr1.21                    2.42302
xxdut.xxtrim.c3                        2.42216
t1                                           3
xxdut.xxtrim.tb1                   0.000555224
xxdut.xxtrim.xr2.11                    2.41894
xxdut.xxtrim.xr2.21                    2.33339
xxdut.xxtrim.c4                        2.33017
t2                                           0
xxdut.xxtrim.tb2                       3.00018
xxdut.xxtrim.xr3.11                    2.32702
xxdut.xxtrim.xr3.21                    2.15958
xxdut.xxtrim.c5                        2.15643
t3                                           0
xxdut.xxtrim.tb3                       3.00015
xxdut.xxtrim.xr4.11                    2.15599
xxdut.xxtrim.xr4.21                    2.10834
xxdut.xxtrim.c6                        2.10789
t4                                           3
xxdut.xxtrim.tb4                   0.000362789
xxdut.xxtrim.xr5.11                    2.10759
xxdut.xxtrim.xr5.21                    2.04488
xxdut.xxtrim.c7                        2.04459
t5                                           3
xxdut.xxtrim.tb5                   0.000371223
xxdut.xxtrim.xr6.11                    2.04172
xxdut.xxtrim.xr6.21                    0.82201
xxdut.xxtrim.c8                       0.819142
t6                                           0
xxdut.xxtrim.tb6                       3.00025
xxdut.xxtrim.xr7.11                   0.819111
xxdut.xxtrim.xr7.21                      0.793
xxdut.vc                               0.79297
t7                                           3
xxdut.xxtrim.tb7                   0.000628294
xxdut.xxcmph.tail                     0.678789
xxdut.xxcmph.dp                        3.00105
xxdut.xxcmph.dn                        1.26049
xxdut.cmph_out                      0.00381156
xxdut.xxcmpl.tail                     0.001554
xxdut.xxcmpl.dp                     0.00301291
xxdut.xxcmpl.dn                        2.02731
xxdut.cmpl_out                         3.00484
clk                                  0.0216587
xxdut.qbar                             3.00126
xxdut.mid1                             3.02381
xxdut.mid2                             2.16708
vt7#branch                        -1.34856e-05
vt6#branch                         1.93528e-06
vt5#branch                         1.49092e-07
vt4#branch                         1.14671e-07
vt3#branch                         8.66952e-08
vt2#branch                          1.6967e-07
vt1#branch                           2.573e-07
vt0#branch                         3.74995e-07
vdd#branch                        -3.01785e-06

 Reference value :  0.00000e+00
 Reference value :  5.03828e-08
 Reference value :  9.65958e-08
 Reference value :  1.39975e-07
 Reference value :  1.87594e-07
 Reference value :  2.34846e-07
 Reference value :  2.77944e-07
 Reference value :  3.27853e-07
 Reference value :  3.71285e-07
 Reference value :  4.19011e-07
 Reference value :  4.68212e-07
 Reference value :  5.11198e-07
 Reference value :  5.55736e-07
 Reference value :  6.06503e-07
 Reference value :  6.57770e-07
 Reference value :  7.13056e-07
 Reference value :  7.83598e-07
 Reference value :  8.39247e-07
 Reference value :  8.82885e-07
 Reference value :  9.27620e-07
 Reference value :  9.78780e-07
 Reference value :  1.02278e-06
 Reference value :  1.06704e-06
 Reference value :  1.11506e-06
 Reference value :  1.16249e-06
No. of Data Rows : 6363
ta                  =  1.30584e-07
tb                  =  6.96990e-07
ta = 1.305838e-07
tb = 6.969904e-07
period = 2.832033e-08
fosc = 3.531032e+07
ngspice-46 done

Warning: m=xx on .subckt line will override multiplier m hierarchy!

Note: Starting dynamic gmin stepping
Warning: Dynamic gmin stepping failed
Note: Starting true gmin stepping
Warning: True gmin stepping failed
Note: Starting source stepping
Warning: singular matrix:  check node xxdut.vl

Warning: source stepping failed
Note: Transient op started
Note: Transient op finished successfully
