====================================================================
gf180-rcosc PVT corner run: ss_T+027C_V3p3_code0xB3
run id      : 20260921T164939Z
process     : ss (fets=ss res=res_ss mimcap=mimcap_ss)
temperature : 27 C
supply      : 3.3 V
trim code   : 0xB3 (179)
transient   : tran 200p 1200n, f = 20 periods / (t[rise=25] - t[rise=5])
wall clock  : 11.6 s
exit status : 0
====================================================================

Note: Compatibility modes selected: hs a


Circuit: ** sch_path: /users/rwalters/github/gf180-rcosc/.loom/worktrees/issue-43/design/pvt_tb.sch

Doing analysis at TEMP = 27.000000 and TNOM = 27.000000

Using SPARSE 1.3 as Direct Linear Solver

Initial Transient Solution
--------------------------

Node                                   Voltage
----                                   -------
vdd                                        3.3
xxdut.xxbias.xrba.11                   3.29923
xxdut.xxbias.xrba.21                   2.20077
xxdut.vh                                   2.2
xxdut.xxbias.xrbb.11                   2.19923
xxdut.xxbias.xrbb.21                   1.10077
xxdut.vl                                   1.1
xxdut.xxbias.xrbc.11                   1.09923
xxdut.xxbias.xrbc.21               0.000771378
xxdut.ibias                            1.03445
xxdut.xxbias.pb                        2.02323
xxdut.xxbias.n2s                      0.149151
xxdut.xxbias.xrz.11                   0.148825
xxdut.xxbias.xrz.21                0.000325881
xxdut.xxtrim.xrfix.11                  3.29907
xxdut.xxtrim.xrfix.21                  3.07056
xxdut.xxtrim.c1                        3.06963
xxdut.xxtrim.xr0.11                    3.06935
xxdut.xxtrim.xr0.21                    3.06641
xxdut.xxtrim.c2                        3.06613
t0                                         3.3
xxdut.xxtrim.tb0                    4.4423e-09
xxdut.xxtrim.xr1.11                    3.06589
xxdut.xxtrim.xr1.21                    3.06081
xxdut.xxtrim.c3                        3.06057
t1                                         3.3
xxdut.xxtrim.tb1                    4.4423e-09
xxdut.xxtrim.xr2.11                    3.05964
xxdut.xxtrim.xr2.21                    3.01987
xxdut.xxtrim.c4                        3.01894
t2                                           0
xxdut.xxtrim.tb2                           3.3
xxdut.xxtrim.xr3.11                    3.01801
xxdut.xxtrim.xr3.21                    2.93848
xxdut.xxtrim.c5                        2.93754
t3                                           0
xxdut.xxtrim.tb3                           3.3
xxdut.xxtrim.xr4.11                    2.93743
xxdut.xxtrim.xr4.21                    2.91883
xxdut.xxtrim.c6                        2.91872
t4                                         3.3
xxdut.xxtrim.tb4                    4.4423e-09
xxdut.xxtrim.xr5.11                    2.91865
xxdut.xxtrim.xr5.21                    2.89482
xxdut.xxtrim.c7                        2.89475
t5                                         3.3
xxdut.xxtrim.tb5                    4.4423e-09
xxdut.xxtrim.xr6.11                    2.89381
xxdut.xxtrim.xr6.21                    2.25754
xxdut.xxtrim.c8                        2.25661
t6                                           0
xxdut.xxtrim.tb6                           3.3
xxdut.xxtrim.xr7.11                    2.25657
xxdut.xxtrim.xr7.21                    2.20163
xxdut.vc                               2.20159
t7                                         3.3
xxdut.xxtrim.tb7                    4.4423e-09
xxdut.xxcmph.tail                     0.883969
xxdut.xxcmph.dp                        1.48581
xxdut.xxcmph.dn                        1.60251
xxdut.cmph_out                         1.42386
xxdut.xxcmpl.tail                     0.783342
xxdut.xxcmpl.dp                            3.3
xxdut.xxcmpl.dn                        1.24055
xxdut.cmpl_out                      4.4423e-09
clk                                    0.84259
xxdut.qbar                             1.39099
xxdut.mid1                             2.80399
xxdut.mid2                             3.14128
vt7#branch                                   0
vt6#branch                                   0
vt5#branch                                   0
vt4#branch                                   0
vt3#branch                                   0
vt2#branch                                   0
vt1#branch                                   0
vt0#branch                                   0
vdd#branch                        -0.000444494

 Reference value :  0.00000e+00
 Reference value :  4.43119e-08
 Reference value :  8.80816e-08
 Reference value :  1.28573e-07
 Reference value :  1.75179e-07
 Reference value :  2.21915e-07
 Reference value :  2.63885e-07
 Reference value :  3.02265e-07
 Reference value :  3.45671e-07
 Reference value :  3.92319e-07
 Reference value :  4.38408e-07
 Reference value :  4.87500e-07
 Reference value :  5.30990e-07
 Reference value :  5.73537e-07
 Reference value :  6.21003e-07
 Reference value :  6.63063e-07
 Reference value :  7.15265e-07
 Reference value :  7.62157e-07
 Reference value :  8.09212e-07
 Reference value :  8.57828e-07
 Reference value :  9.12767e-07
 Reference value :  9.59733e-07
 Reference value :  1.01059e-06
 Reference value :  1.05717e-06
 Reference value :  1.10490e-06
 Reference value :  1.14871e-06
 Reference value :  1.19830e-06
No. of Data Rows : 6302
ta                  =  1.01209e-07
tb                  =  5.85497e-07
ta = 1.012087e-07
tb = 5.854967e-07
period = 2.421440e-08
fosc = 4.129774e+07
ngspice-46 done

Warning: m=xx on .subckt line will override multiplier m hierarchy!

Note: Starting dynamic gmin stepping
Note: Dynamic gmin stepping completed
