====================================================================
gf180-rcosc PVT corner run: tt_T+027C_V3p3_code0x8F
run id      : 20260921T164939Z
process     : tt (fets=typical res=res_typical mimcap=mimcap_typical)
temperature : 27 C
supply      : 3.3 V
trim code   : 0x8F (143)
transient   : tran 200p 1200n, f = 20 periods / (t[rise=25] - t[rise=5])
wall clock  : 10.4 s
exit status : 0
====================================================================

Note: Compatibility modes selected: hs a


Circuit: ** sch_path: /users/rwalters/github/gf180-rcosc/.loom/worktrees/issue-43/design/pvt_tb.sch

Doing analysis at TEMP = 27.000000 and TNOM = 27.000000

Using SPARSE 1.3 as Direct Linear Solver

Initial Transient Solution
--------------------------

Node                                   Voltage
----                                   -------
vdd                                        3.3
xxdut.xxbias.xrba.11                   3.29907
xxdut.xxbias.xrba.21                   2.20093
xxdut.vh                                   2.2
xxdut.xxbias.xrbb.11                   2.19907
xxdut.xxbias.xrbb.21                   1.10093
xxdut.vl                                   1.1
xxdut.xxbias.xrbc.11                   1.09907
xxdut.xxbias.xrbc.21               0.000925394
xxdut.ibias                           0.964429
xxdut.xxbias.pb                        2.09264
xxdut.xxbias.n2s                      0.168067
xxdut.xxbias.xrz.11                   0.167627
xxdut.xxbias.xrz.21                0.000440269
xxdut.xxtrim.xrfix.11                  3.29914
xxdut.xxtrim.xrfix.21                  3.12311
xxdut.xxtrim.c1                        3.12224
xxdut.xxtrim.xr0.11                    3.12199
xxdut.xxtrim.xr0.21                    3.11971
xxdut.xxtrim.c2                        3.11945
t0                                         3.3
xxdut.xxtrim.tb0                   4.20669e-09
xxdut.xxtrim.xr1.11                    3.11923
xxdut.xxtrim.xr1.21                    3.11526
xxdut.xxtrim.c3                        3.11503
t1                                         3.3
xxdut.xxtrim.tb1                   4.20669e-09
xxdut.xxtrim.xr2.11                    3.11486
xxdut.xxtrim.xr2.21                    3.10881
xxdut.xxtrim.c4                        3.10864
t2                                         3.3
xxdut.xxtrim.tb2                   4.20669e-09
xxdut.xxtrim.xr3.11                     3.1085
xxdut.xxtrim.xr3.21                    3.09869
xxdut.xxtrim.c5                        3.09855
t3                                         3.3
xxdut.xxtrim.tb3                   4.20669e-09
xxdut.xxtrim.xr4.11                    3.09769
xxdut.xxtrim.xr4.21                    2.97515
xxdut.xxtrim.c6                        2.97428
t4                                           0
xxdut.xxtrim.tb4                           3.3
xxdut.xxtrim.xr5.11                    2.97342
xxdut.xxtrim.xr5.21                    2.72834
xxdut.xxtrim.c7                        2.72748
t5                                           0
xxdut.xxtrim.tb5                           3.3
xxdut.xxtrim.xr6.11                    2.72662
xxdut.xxtrim.xr6.21                    2.23646
xxdut.xxtrim.c8                         2.2356
t6                                           0
xxdut.xxtrim.tb6                           3.3
xxdut.xxtrim.xr7.11                    2.23557
xxdut.xxtrim.xr7.21                    2.20241
xxdut.vc                               2.20238
t7                                         3.3
xxdut.xxtrim.tb7                   4.20669e-09
xxdut.xxcmph.tail                     0.952236
xxdut.xxcmph.dp                        1.47839
xxdut.xxcmph.dn                        1.61104
xxdut.cmph_out                         1.41601
xxdut.xxcmpl.tail                     0.826048
xxdut.xxcmpl.dp                            3.3
xxdut.xxcmpl.dn                         1.1938
xxdut.cmpl_out                     4.20669e-09
clk                                   0.724274
xxdut.qbar                             1.36581
xxdut.mid1                              2.7149
xxdut.mid2                             3.10399
vt7#branch                                   0
vt6#branch                                   0
vt5#branch                                   0
vt4#branch                                   0
vt3#branch                                   0
vt2#branch                                   0
vt1#branch                                   0
vt0#branch                                   0
vdd#branch                        -0.000603733

 Reference value :  0.00000e+00
 Reference value :  4.28850e-08
 Reference value :  8.19286e-08
 Reference value :  1.24592e-07
 Reference value :  1.69663e-07
 Reference value :  2.14165e-07
 Reference value :  2.58447e-07
 Reference value :  3.04159e-07
 Reference value :  3.49497e-07
 Reference value :  3.94320e-07
 Reference value :  4.40024e-07
 Reference value :  4.84657e-07
 Reference value :  5.29667e-07
 Reference value :  5.72645e-07
 Reference value :  6.14749e-07
 Reference value :  6.60452e-07
 Reference value :  7.03489e-07
 Reference value :  7.49826e-07
 Reference value :  7.91616e-07
 Reference value :  8.35243e-07
 Reference value :  8.80679e-07
 Reference value :  9.27100e-07
 Reference value :  9.71210e-07
 Reference value :  1.02024e-06
 Reference value :  1.06275e-06
 Reference value :  1.11031e-06
 Reference value :  1.15421e-06
 Reference value :  1.19912e-06
No. of Data Rows : 6460
ta                  =  1.01571e-07
tb                  =  5.52633e-07
ta = 1.015706e-07
tb = 5.526330e-07
period = 2.255312e-08
fosc = 4.433976e+07
ngspice-46 done

Warning: m=xx on .subckt line will override multiplier m hierarchy!

Note: Starting dynamic gmin stepping
Note: Dynamic gmin stepping completed
