====================================================================
gf180-rcosc PVT corner run: tt_T-040C_V3p6_code0x9D
run id      : 20260921T164939Z
process     : tt (fets=typical res=res_typical mimcap=mimcap_typical)
temperature : -40 C
supply      : 3.6 V
trim code   : 0x9D (157)
transient   : tran 200p 1200n, f = 20 periods / (t[rise=25] - t[rise=5])
wall clock  : 23.4 s
exit status : 0
====================================================================

Note: Compatibility modes selected: hs a


Circuit: ** sch_path: /users/rwalters/github/gf180-rcosc/.loom/worktrees/issue-43/design/pvt_tb.sch

Doing analysis at TEMP = -40.000000 and TNOM = 27.000000

Using SPARSE 1.3 as Direct Linear Solver

Initial Transient Solution
--------------------------

Node                                   Voltage
----                                   -------
vdd                                        3.6
xxdut.xxbias.xrba.11                   3.59838
xxdut.xxbias.xrba.21                   2.40162
xxdut.vh                                   2.4
xxdut.xxbias.xrbb.11                   2.39838
xxdut.xxbias.xrbb.21                   1.20162
xxdut.vl                                   1.2
xxdut.xxbias.xrbc.11                   1.19838
xxdut.xxbias.xrbc.21                0.00161689
xxdut.ibias                            0.97417
xxdut.xxbias.pb                        2.40434
xxdut.xxbias.n2s                      0.138797
xxdut.xxbias.xrz.11                   0.138216
xxdut.xxbias.xrz.21                0.000581096
xxdut.xxtrim.xrfix.11                  3.59832
xxdut.xxtrim.xrfix.21                  3.38496
xxdut.xxtrim.c1                        3.38328
xxdut.xxtrim.xr0.11                    3.38291
xxdut.xxtrim.xr0.21                    3.38085
xxdut.xxtrim.c2                        3.38048
t0                                         3.6
xxdut.xxtrim.tb0                   3.89245e-09
xxdut.xxtrim.xr1.11                    3.37881
xxdut.xxtrim.xr1.21                    3.36024
xxdut.xxtrim.c3                        3.35857
t1                                           0
xxdut.xxtrim.tb1                           3.6
xxdut.xxtrim.xr2.11                    3.35831
xxdut.xxtrim.xr2.21                    3.35267
xxdut.xxtrim.c4                        3.35241
t2                                         3.6
xxdut.xxtrim.tb2                   3.89245e-09
xxdut.xxtrim.xr3.11                    3.35221
xxdut.xxtrim.xr3.21                    3.34304
xxdut.xxtrim.c5                        3.34284
t3                                         3.6
xxdut.xxtrim.tb3                   3.89245e-09
xxdut.xxtrim.xr4.11                    3.34269
xxdut.xxtrim.xr4.21                    3.32961
xxdut.xxtrim.c6                        3.32946
t4                                         3.6
xxdut.xxtrim.tb4                   3.89245e-09
xxdut.xxtrim.xr5.11                    3.32779
xxdut.xxtrim.xr5.21                    3.03073
xxdut.xxtrim.c7                        3.02906
t5                                           0
xxdut.xxtrim.tb5                           3.6
xxdut.xxtrim.xr6.11                    3.02738
xxdut.xxtrim.xr6.21                    2.43327
xxdut.xxtrim.c8                        2.43159
t6                                           0
xxdut.xxtrim.tb6                           3.6
xxdut.xxtrim.xr7.11                    2.43155
xxdut.xxtrim.xr7.21                    2.40481
xxdut.vc                               2.40477
t7                                         3.6
xxdut.xxtrim.tb7                   3.89245e-09
xxdut.xxcmph.tail                      1.11355
xxdut.xxcmph.dp                        1.61217
xxdut.xxcmph.dn                        2.01404
xxdut.cmph_out                         1.54534
xxdut.xxcmpl.tail                      1.02828
xxdut.xxcmpl.dp                            3.6
xxdut.xxcmpl.dn                        1.67581
xxdut.cmpl_out                     3.89245e-09
clk                                   0.793154
xxdut.qbar                             1.48254
xxdut.mid1                             2.96255
xxdut.mid2                             3.37855
vt7#branch                                   0
vt6#branch                                   0
vt5#branch                                   0
vt4#branch                                   0
vt3#branch                                   0
vt2#branch                                   0
vt1#branch                                   0
vt0#branch                                   0
vdd#branch                        -0.000738408

 Reference value :  0.00000e+00
 Reference value :  4.00026e-08
 Reference value :  8.06898e-08
 Reference value :  1.21138e-07
 Reference value :  1.59612e-07
 Reference value :  1.98711e-07
 Reference value :  2.39941e-07
 Reference value :  2.82620e-07
 Reference value :  3.24581e-07
 Reference value :  3.68307e-07
 Reference value :  4.10827e-07
 Reference value :  4.53238e-07
 Reference value :  4.95655e-07
 Reference value :  5.38350e-07
 Reference value :  5.80898e-07
 Reference value :  6.22993e-07
 Reference value :  6.65625e-07
 Reference value :  7.07818e-07
 Reference value :  7.47188e-07
 Reference value :  7.85872e-07
 Reference value :  8.23243e-07
 Reference value :  8.61346e-07
 Reference value :  9.01611e-07
 Reference value :  9.42839e-07
 Reference value :  9.83913e-07
 Reference value :  1.02619e-06
 Reference value :  1.06848e-06
 Reference value :  1.10976e-06
 Reference value :  1.15105e-06
 Reference value :  1.18985e-06
No. of Data Rows : 6686
ta                  =  9.17967e-08
tb                  =  5.16678e-07
ta = 9.179668e-08
tb = 5.166778e-07
period = 2.124406e-08
fosc = 4.707199e+07
ngspice-46 done

Warning: m=xx on .subckt line will override multiplier m hierarchy!

Note: Starting dynamic gmin stepping
Note: Dynamic gmin stepping completed
