====================================================================
gf180-rcosc delay-probe run: codesweep_ss_T+027C_V3p6_code0x9D
run id      : 20260922T004823Z
basis       : codesweep
process     : ss (fets=ss res=res_ss mimcap=mimcap_ss)
temperature : 27 C
supply      : 3.6 V
trim code   : 0x9D (157)
transient   : tran 100p 1200n, wrdata + Python crossing/cycle-alignment analysis (see driver docstring)
wall clock  : 45.9 s
exit status : 0
====================================================================
vdd=3.6000 vmid=1.8000 vh=2.399882 vl=1.199926
crossing counts: clk_r=46 clk_f=46 vh_r=45 vl_f=46 cmph=45 cmpl=46
cycles decomposed: 3 / 3 candidates
cross-cycle spread (max-min): period=0.0125ns t_cmp_h=0.0001ns t_lat_h=0.0056ns t_fall=0.0017ns t_cmp_l=0.0035ns t_lat_l=0.0020ns charge=0.0195ns dsum=0.0061ns overshoot_v=1216370.0000ns vh_dc=0.0000ns vl_dc=0.0000ns fosc=17898728454150.2578ns
median decomposition: period=26.4165ns t_cmp_h=2.5790ns t_lat_h=0.5629ns t_fall=0.1194ns t_cmp_l=1.8973ns t_lat_l=0.2939ns charge=20.9646ns dsum=5.3323ns overshoot_v=0.166442V vh_dc=2.399882V vl_dc=1.199926V fosc=37855101790880.2969MHz
                  2.99839
xxdut.mid2                             3.40313
vt7#branch                                   0
vt6#branch                                   0
vt5#branch                                   0
vt4#branch                                   0
vt3#branch                                   0
vt2#branch                                   0
vt1#branch                                   0
vt0#branch                                   0
vdd#branch                        -0.000547226

 Reference value :  0.00000e+00
 Reference value :  3.10589e-08
 Reference value :  6.04765e-08
 Reference value :  9.17821e-08
 Reference value :  1.22721e-07
 Reference value :  1.54637e-07
 Reference value :  1.86350e-07
 Reference value :  2.15967e-07
 Reference value :  2.45684e-07
 Reference value :  2.78264e-07
 Reference value :  3.10288e-07
 Reference value :  3.43137e-07
 Reference value :  3.74302e-07
 Reference value :  4.04150e-07
 Reference value :  4.39446e-07
 Reference value :  4.71178e-07
 Reference value :  5.03587e-07
 Reference value :  5.34730e-07
 Reference value :  5.67347e-07
 Reference value :  5.97855e-07
 Reference value :  6.29571e-07
 Reference value :  6.61617e-07
 Reference value :  6.91846e-07
 Reference value :  7.24157e-07
 Reference value :  7.55408e-07
 Reference value :  7.85835e-07
 Reference value :  8.19254e-07
 Reference value :  8.50181e-07
 Reference value :  8.81005e-07
 Reference value :  9.13953e-07
 Reference value :  9.46463e-07
 Reference value :  9.80371e-07
 Reference value :  1.01010e-06
 Reference value :  1.04066e-06
 Reference value :  1.07277e-06
 Reference value :  1.10438e-06
 Reference value :  1.13659e-06
 Reference value :  1.16708e-06
 Reference value :  1.19696e-06
No. of Data Rows : 12102
ngspice-46 done

Warning: m=xx on .subckt line will override multiplier m hierarchy!

Note: Starting dynamic gmin stepping
Warning: Dynamic gmin stepping failed
Note: Starting true gmin stepping
Note: True gmin stepping completed
