====================================================================
gf180-rcosc delay-probe run: ratified_rc_f_T+027C_V3p6_code0x58
run id      : 20260922T004823Z
basis       : ratified
process     : rc_f (fets=typical res=res_ff mimcap=mimcap_ff)
temperature : 27 C
supply      : 3.6 V
trim code   : 0x58 (88)
transient   : tran 100p 1200n, wrdata + Python crossing/cycle-alignment analysis (see driver docstring)
wall clock  : 39.0 s
exit status : 0
====================================================================
vdd=3.6000 vmid=1.8000 vh=2.399767 vl=1.200005
crossing counts: clk_r=59 clk_f=59 vh_r=60 vl_f=59 cmph=59 cmpl=59
cycles decomposed: 3 / 3 candidates
cross-cycle spread (max-min): period=0.0258ns t_cmp_h=0.0012ns t_lat_h=0.0020ns t_fall=0.0013ns t_cmp_l=0.0032ns t_lat_l=0.0049ns charge=0.0224ns dsum=0.0054ns overshoot_v=3275390.0000ns vh_dc=0.0000ns vl_dc=0.0000ns fosc=62775191894225.7734ns
median decomposition: period=20.2809ns t_cmp_h=1.8099ns t_lat_h=0.4793ns t_fall=0.0529ns t_cmp_l=1.2168ns t_lat_l=0.2369ns charge=16.4865ns dsum=3.7419ns overshoot_v=0.152030V vh_dc=2.399767V vl_dc=1.200005V fosc=49307370341782.6953MHz
xdut.mid2                             3.36411
vt7#branch                                   0
vt6#branch                                   0
vt5#branch                                   0
vt4#branch                                   0
vt3#branch                                   0
vt2#branch                                   0
vt1#branch                                   0
vt0#branch                                   0
vdd#branch                        -0.000814472

 Reference value :  0.00000e+00
 Reference value :  2.80284e-08
 Reference value :  5.90500e-08
 Reference value :  8.82775e-08
 Reference value :  1.19500e-07
 Reference value :  1.51705e-07
 Reference value :  1.83502e-07
 Reference value :  2.12211e-07
 Reference value :  2.44323e-07
 Reference value :  2.76798e-07
 Reference value :  3.11234e-07
 Reference value :  3.46973e-07
 Reference value :  3.80932e-07
 Reference value :  4.11130e-07
 Reference value :  4.41943e-07
 Reference value :  4.71219e-07
 Reference value :  5.00721e-07
 Reference value :  5.27731e-07
 Reference value :  5.54590e-07
 Reference value :  5.82290e-07
 Reference value :  6.12002e-07
 Reference value :  6.39715e-07
 Reference value :  6.70712e-07
 Reference value :  6.97492e-07
 Reference value :  7.27031e-07
 Reference value :  7.55661e-07
 Reference value :  7.85778e-07
 Reference value :  8.16138e-07
 Reference value :  8.43887e-07
 Reference value :  8.70771e-07
 Reference value :  8.98003e-07
 Reference value :  9.24710e-07
 Reference value :  9.50401e-07
 Reference value :  9.77348e-07
 Reference value :  1.00241e-06
 Reference value :  1.02774e-06
 Reference value :  1.05511e-06
 Reference value :  1.08115e-06
 Reference value :  1.10743e-06
 Reference value :  1.13440e-06
 Reference value :  1.16230e-06
 Reference value :  1.19049e-06
No. of Data Rows : 12202
ngspice-46 done

Warning: m=xx on .subckt line will override multiplier m hierarchy!

Note: Starting dynamic gmin stepping
Note: Dynamic gmin stepping completed
