====================================================================
gf180-rcosc delay-probe run: ratified_rc_f_T+027C_V3p0_code0x58
run id      : 20260922T004823Z
basis       : ratified
process     : rc_f (fets=typical res=res_ff mimcap=mimcap_ff)
temperature : 27 C
supply      : 3 V
trim code   : 0x58 (88)
transient   : tran 100p 1200n, wrdata + Python crossing/cycle-alignment analysis (see driver docstring)
wall clock  : 38.7 s
exit status : 0
====================================================================
vdd=3.0000 vmid=1.5000 vh=1.999586 vl=0.999885
crossing counts: clk_r=56 clk_f=56 vh_r=56 vl_f=56 cmph=56 cmpl=56
cycles decomposed: 3 / 3 candidates
cross-cycle spread (max-min): period=0.0061ns t_cmp_h=0.0005ns t_lat_h=0.0026ns t_fall=0.0010ns t_cmp_l=0.0057ns t_lat_l=0.0011ns charge=0.0118ns dsum=0.0093ns overshoot_v=2717900.0000ns vh_dc=0.0000ns vl_dc=0.0000ns fosc=13133153552308.6777ns
median decomposition: period=21.5713ns t_cmp_h=1.7920ns t_lat_h=0.5567ns t_fall=0.0895ns t_cmp_l=2.0322ns t_lat_l=0.2859ns charge=16.8166ns dsum=4.6668ns overshoot_v=0.132481V vh_dc=1.999586V vl_dc=0.999885V fosc=46357814841750.7188MHz
                   2.5103
xxdut.mid2                             2.84318
vt7#branch                                   0
vt6#branch                                   0
vt5#branch                                   0
vt4#branch                                   0
vt3#branch                                   0
vt2#branch                                   0
vt1#branch                                   0
vt0#branch                                   0
vdd#branch                        -0.000564954

 Reference value :  0.00000e+00
 Reference value :  3.29157e-08
 Reference value :  6.38436e-08
 Reference value :  9.23640e-08
 Reference value :  1.23699e-07
 Reference value :  1.56247e-07
 Reference value :  1.86316e-07
 Reference value :  2.17784e-07
 Reference value :  2.45831e-07
 Reference value :  2.80446e-07
 Reference value :  3.09922e-07
 Reference value :  3.41212e-07
 Reference value :  3.72510e-07
 Reference value :  4.09416e-07
 Reference value :  4.42465e-07
 Reference value :  4.78334e-07
 Reference value :  5.06678e-07
 Reference value :  5.37963e-07
 Reference value :  5.67335e-07
 Reference value :  6.00291e-07
 Reference value :  6.31222e-07
 Reference value :  6.62914e-07
 Reference value :  6.95599e-07
 Reference value :  7.25044e-07
 Reference value :  7.57415e-07
 Reference value :  7.85835e-07
 Reference value :  8.17572e-07
 Reference value :  8.47124e-07
 Reference value :  8.77720e-07
 Reference value :  9.07699e-07
 Reference value :  9.36108e-07
 Reference value :  9.68076e-07
 Reference value :  9.98159e-07
 Reference value :  1.02929e-06
 Reference value :  1.06076e-06
 Reference value :  1.08940e-06
 Reference value :  1.11868e-06
 Reference value :  1.15045e-06
 Reference value :  1.18016e-06
No. of Data Rows : 12225
ngspice-46 done

Warning: m=xx on .subckt line will override multiplier m hierarchy!

Note: Starting dynamic gmin stepping
Warning: Dynamic gmin stepping failed
Note: Starting true gmin stepping
Note: True gmin stepping completed
