====================================================================
gf180-rcosc delay-probe run: ratified_rc_f_T+085C_V3p6_code0x58
run id      : 20260922T004823Z
basis       : ratified
process     : rc_f (fets=typical res=res_ff mimcap=mimcap_ff)
temperature : 85 C
supply      : 3.6 V
trim code   : 0x58 (88)
transient   : tran 100p 1200n, wrdata + Python crossing/cycle-alignment analysis (see driver docstring)
wall clock  : 37.4 s
exit status : 0
====================================================================
vdd=3.6000 vmid=1.8000 vh=2.399557 vl=1.199915
crossing counts: clk_r=61 clk_f=61 vh_r=61 vl_f=61 cmph=61 cmpl=61
cycles decomposed: 3 / 3 candidates
cross-cycle spread (max-min): period=0.0186ns t_cmp_h=0.0006ns t_lat_h=0.0008ns t_fall=0.0031ns t_cmp_l=0.0037ns t_lat_l=0.0043ns charge=0.0124ns dsum=0.0079ns overshoot_v=5330180.0000ns vh_dc=0.0000ns vl_dc=0.0000ns fosc=48040411881610.7500ns
median decomposition: period=19.6815ns t_cmp_h=1.5394ns t_lat_h=0.5440ns t_fall=0.0620ns t_cmp_l=1.2734ns t_lat_l=0.2611ns charge=15.9982ns dsum=3.6176ns overshoot_v=0.138451V vh_dc=2.399557V vl_dc=1.199915V fosc=50809099747321.6484MHz
                        0.672788
xxdut.qbar                             1.48696
xxdut.mid1                             2.87117
xxdut.mid2                             3.35381
vt7#branch                                   0
vt6#branch                                   0
vt5#branch                                   0
vt4#branch                                   0
vt3#branch                                   0
vt2#branch                                   0
vt1#branch                                   0
vt0#branch                                   0
vdd#branch                        -0.000867906

 Reference value :  0.00000e+00
 Reference value :  2.81279e-08
 Reference value :  6.36128e-08
 Reference value :  1.00673e-07
 Reference value :  1.35668e-07
 Reference value :  1.69335e-07
 Reference value :  2.02010e-07
 Reference value :  2.32163e-07
 Reference value :  2.62604e-07
 Reference value :  2.99466e-07
 Reference value :  3.28740e-07
 Reference value :  3.59535e-07
 Reference value :  3.90718e-07
 Reference value :  4.21658e-07
 Reference value :  4.53501e-07
 Reference value :  4.84064e-07
 Reference value :  5.15594e-07
 Reference value :  5.46971e-07
 Reference value :  5.77382e-07
 Reference value :  6.10620e-07
 Reference value :  6.41622e-07
 Reference value :  6.73044e-07
 Reference value :  7.02792e-07
 Reference value :  7.33959e-07
 Reference value :  7.65945e-07
 Reference value :  7.94849e-07
 Reference value :  8.26797e-07
 Reference value :  8.56973e-07
 Reference value :  8.89591e-07
 Reference value :  9.20301e-07
 Reference value :  9.50953e-07
 Reference value :  9.81912e-07
 Reference value :  1.01259e-06
 Reference value :  1.04670e-06
 Reference value :  1.07623e-06
 Reference value :  1.10721e-06
 Reference value :  1.13868e-06
 Reference value :  1.17318e-06
No. of Data Rows : 12159
ngspice-46 done

Warning: m=xx on .subckt line will override multiplier m hierarchy!

Note: Starting dynamic gmin stepping
Note: Dynamic gmin stepping completed
