====================================================================
gf180-rcosc delay-probe run: ratified_rc_s_T+085C_V3p6_code0xBE
run id      : 20260922T004823Z
basis       : ratified
process     : rc_s (fets=typical res=res_ss mimcap=mimcap_ss)
temperature : 85 C
supply      : 3.6 V
trim code   : 0xBE (190)
transient   : tran 100p 1200n, wrdata + Python crossing/cycle-alignment analysis (see driver docstring)
wall clock  : 38.1 s
exit status : 0
====================================================================
vdd=3.6000 vmid=1.8000 vh=2.399509 vl=1.199656
crossing counts: clk_r=61 clk_f=61 vh_r=61 vl_f=61 cmph=61 cmpl=61
cycles decomposed: 3 / 3 candidates
cross-cycle spread (max-min): period=0.0042ns t_cmp_h=0.0003ns t_lat_h=0.0020ns t_fall=0.0012ns t_cmp_l=0.0007ns t_lat_l=0.0028ns charge=0.0013ns dsum=0.0007ns overshoot_v=2284490.0000ns vh_dc=0.0000ns vl_dc=0.0000ns fosc=10802941769517.9590ns
median decomposition: period=19.8221ns t_cmp_h=2.1948ns t_lat_h=0.5432ns t_fall=0.0985ns t_cmp_l=1.3509ns t_lat_l=0.2656ns charge=15.3696ns dsum=4.3553ns overshoot_v=0.186352V vh_dc=2.399509V vl_dc=1.199656V fosc=50448761072043.6484MHz
         1.4843
xxdut.mid1                             2.88412
xxdut.mid2                             3.35317
vt7#branch                                   0
vt6#branch                                   0
vt5#branch                                   0
vt4#branch                                   0
vt3#branch                                   0
vt2#branch                                   0
vt1#branch                                   0
vt0#branch                                   0
vdd#branch                        -0.000691836

 Reference value :  0.00000e+00
 Reference value :  3.16978e-08
 Reference value :  6.30876e-08
 Reference value :  9.33439e-08
 Reference value :  1.24849e-07
 Reference value :  1.56053e-07
 Reference value :  1.85826e-07
 Reference value :  2.16572e-07
 Reference value :  2.45528e-07
 Reference value :  2.77208e-07
 Reference value :  3.05649e-07
 Reference value :  3.37332e-07
 Reference value :  3.66565e-07
 Reference value :  3.96922e-07
 Reference value :  4.25266e-07
 Reference value :  4.56453e-07
 Reference value :  4.85298e-07
 Reference value :  5.17356e-07
 Reference value :  5.46504e-07
 Reference value :  5.79181e-07
 Reference value :  6.08035e-07
 Reference value :  6.39589e-07
 Reference value :  6.67740e-07
 Reference value :  6.98724e-07
 Reference value :  7.27966e-07
 Reference value :  7.59139e-07
 Reference value :  7.87076e-07
 Reference value :  8.18586e-07
 Reference value :  8.48704e-07
 Reference value :  8.78534e-07
 Reference value :  9.09219e-07
 Reference value :  9.39184e-07
 Reference value :  9.70547e-07
 Reference value :  9.99895e-07
 Reference value :  1.03166e-06
 Reference value :  1.06081e-06
 Reference value :  1.09279e-06
 Reference value :  1.12073e-06
 Reference value :  1.15491e-06
 Reference value :  1.18427e-06
No. of Data Rows : 12207
ngspice-46 done

Warning: m=xx on .subckt line will override multiplier m hierarchy!

Note: Starting dynamic gmin stepping
Note: Dynamic gmin stepping completed
