====================================================================
gf180-rcosc delay-probe run: ratified_tt_T-040C_V3p3_code0x9D
run id      : 20260922T004823Z
basis       : ratified
process     : tt (fets=typical res=res_typical mimcap=mimcap_typical)
temperature : -40 C
supply      : 3.3 V
trim code   : 0x9D (157)
transient   : tran 100p 1200n, wrdata + Python crossing/cycle-alignment analysis (see driver docstring)
wall clock  : 34.4 s
exit status : 0
====================================================================
vdd=3.3000 vmid=1.6500 vh=2.199745 vl=1.099976
crossing counts: clk_r=55 clk_f=55 vh_r=55 vl_f=55 cmph=55 cmpl=55
cycles decomposed: 3 / 3 candidates
cross-cycle spread (max-min): period=0.0191ns t_cmp_h=0.0018ns t_lat_h=0.0023ns t_fall=0.0054ns t_cmp_l=0.0035ns t_lat_l=0.0017ns charge=0.0174ns dsum=0.0014ns overshoot_v=4571270.0000ns vh_dc=0.0000ns vl_dc=0.0000ns fosc=40223435430303.2188ns
median decomposition: period=21.7869ns t_cmp_h=2.1607ns t_lat_h=0.4325ns t_fall=0.0825ns t_cmp_l=1.6053ns t_lat_l=0.2277ns charge=17.2749ns dsum=4.4273ns overshoot_v=0.152153V vh_dc=2.199745V vl_dc=1.099976V fosc=45899194288562.5312MHz
dut.cmpl_out                      3.3465e-09
clk                                   0.789084
xxdut.qbar                             1.37158
xxdut.mid1                             2.76293
xxdut.mid2                             3.11987
vt7#branch                                   0
vt6#branch                                   0
vt5#branch                                   0
vt4#branch                                   0
vt3#branch                                   0
vt2#branch                                   0
vt1#branch                                   0
vt0#branch                                   0
vdd#branch                        -0.000588254

 Reference value :  0.00000e+00
 Reference value :  4.73620e-08
 Reference value :  7.99500e-08
 Reference value :  1.13694e-07
 Reference value :  1.49234e-07
 Reference value :  1.83755e-07
 Reference value :  2.16381e-07
 Reference value :  2.45898e-07
 Reference value :  2.78144e-07
 Reference value :  3.10971e-07
 Reference value :  3.43008e-07
 Reference value :  3.74902e-07
 Reference value :  4.04652e-07
 Reference value :  4.39975e-07
 Reference value :  4.69199e-07
 Reference value :  5.04232e-07
 Reference value :  5.37987e-07
 Reference value :  5.73537e-07
 Reference value :  6.10746e-07
 Reference value :  6.46032e-07
 Reference value :  6.81158e-07
 Reference value :  7.14097e-07
 Reference value :  7.49992e-07
 Reference value :  7.83762e-07
 Reference value :  8.21687e-07
 Reference value :  8.64830e-07
 Reference value :  9.03763e-07
 Reference value :  9.43816e-07
 Reference value :  9.76605e-07
 Reference value :  1.01396e-06
 Reference value :  1.04722e-06
 Reference value :  1.08298e-06
 Reference value :  1.11897e-06
 Reference value :  1.16052e-06
No. of Data Rows : 12259
ngspice-46 done

Warning: m=xx on .subckt line will override multiplier m hierarchy!

Note: Starting dynamic gmin stepping
Warning: Dynamic gmin stepping failed
Note: Starting true gmin stepping
Note: True gmin stepping completed
