====================================================================
gf180-rcosc delay-probe run: surrogate_ss_T-040C_V3p3_code0xB3
run id      : 20260922T004823Z
basis       : surrogate
process     : ss (fets=ss res=res_ss mimcap=mimcap_ss)
temperature : -40 C
supply      : 3.3 V
trim code   : 0xB3 (179)
transient   : tran 100p 1200n, wrdata + Python crossing/cycle-alignment analysis (see driver docstring)
wall clock  : 36.2 s
exit status : 0
====================================================================
vdd=3.3000 vmid=1.6500 vh=2.199954 vl=1.100100
crossing counts: clk_r=47 clk_f=47 vh_r=48 vl_f=47 cmph=47 cmpl=47
cycles decomposed: 3 / 3 candidates
cross-cycle spread (max-min): period=0.0289ns t_cmp_h=0.0004ns t_lat_h=0.0064ns t_fall=0.0024ns t_cmp_l=0.0038ns t_lat_l=0.0017ns charge=0.0289ns dsum=0.0101ns overshoot_v=2667170.0000ns vh_dc=0.0000ns vl_dc=0.0000ns fosc=44521002924717.9609ns
median decomposition: period=25.4748ns t_cmp_h=2.6007ns t_lat_h=0.5096ns t_fall=0.1228ns t_cmp_l=2.8510ns t_lat_l=0.2910ns charge=19.1045ns dsum=6.2539ns overshoot_v=0.169822V vh_dc=2.199954V vl_dc=1.100100V fosc=39254418382308.0781MHz
                   2.8474
xxdut.mid2                             3.15736
vt7#branch                                   0
vt6#branch                                   0
vt5#branch                                   0
vt4#branch                                   0
vt3#branch                                   0
vt2#branch                                   0
vt1#branch                                   0
vt0#branch                                   0
vdd#branch                         -0.00042305

 Reference value :  0.00000e+00
 Reference value :  3.08802e-08
 Reference value :  6.04298e-08
 Reference value :  9.19999e-08
 Reference value :  1.27902e-07
 Reference value :  1.59558e-07
 Reference value :  1.89808e-07
 Reference value :  2.21071e-07
 Reference value :  2.53362e-07
 Reference value :  2.84970e-07
 Reference value :  3.13959e-07
 Reference value :  3.46095e-07
 Reference value :  3.80477e-07
 Reference value :  4.13253e-07
 Reference value :  4.43182e-07
 Reference value :  4.74375e-07
 Reference value :  5.08748e-07
 Reference value :  5.39770e-07
 Reference value :  5.69845e-07
 Reference value :  6.02708e-07
 Reference value :  6.36081e-07
 Reference value :  6.67364e-07
 Reference value :  6.97097e-07
 Reference value :  7.28569e-07
 Reference value :  7.60435e-07
 Reference value :  7.94110e-07
 Reference value :  8.24680e-07
 Reference value :  8.55134e-07
 Reference value :  8.86236e-07
 Reference value :  9.16751e-07
 Reference value :  9.47561e-07
 Reference value :  9.77316e-07
 Reference value :  1.00857e-06
 Reference value :  1.03953e-06
 Reference value :  1.07168e-06
 Reference value :  1.10165e-06
 Reference value :  1.13228e-06
 Reference value :  1.16416e-06
 Reference value :  1.19712e-06
No. of Data Rows : 12142
ngspice-46 done

Warning: m=xx on .subckt line will override multiplier m hierarchy!

Note: Starting dynamic gmin stepping
Warning: Dynamic gmin stepping failed
Note: Starting true gmin stepping
Note: True gmin stepping completed
