====================================================================
gf180-rcosc delay-probe run: surrogate_ss_T-040C_V3p6_code0xB3
run id      : 20260922T004823Z
basis       : surrogate
process     : ss (fets=ss res=res_ss mimcap=mimcap_ss)
temperature : -40 C
supply      : 3.6 V
trim code   : 0xB3 (179)
transient   : tran 100p 1200n, wrdata + Python crossing/cycle-alignment analysis (see driver docstring)
wall clock  : 35.2 s
exit status : 0
====================================================================
vdd=3.6000 vmid=1.8000 vh=2.399739 vl=1.199858
crossing counts: clk_r=50 clk_f=50 vh_r=50 vl_f=50 cmph=50 cmpl=50
cycles decomposed: 3 / 3 candidates
cross-cycle spread (max-min): period=0.0243ns t_cmp_h=0.0019ns t_lat_h=0.0049ns t_fall=0.0050ns t_cmp_l=0.0021ns t_lat_l=0.0031ns charge=0.0128ns dsum=0.0058ns overshoot_v=3739180.0000ns vh_dc=0.0000ns vl_dc=0.0000ns fosc=41548459736794.2344ns
median decomposition: period=24.1659ns t_cmp_h=2.5036ns t_lat_h=0.4704ns t_fall=0.1053ns t_cmp_l=2.0147ns t_lat_l=0.2584ns charge=18.8131ns dsum=5.2473ns overshoot_v=0.174821V vh_dc=2.399739V vl_dc=1.199858V fosc=41380617254127.0781MHz
        1.50982
xxdut.mid1                              3.0491
xxdut.mid2                             3.41843
vt7#branch                                   0
vt6#branch                                   0
vt5#branch                                   0
vt4#branch                                   0
vt3#branch                                   0
vt2#branch                                   0
vt1#branch                                   0
vt0#branch                                   0
vdd#branch                        -0.000546751

 Reference value :  0.00000e+00
 Reference value :  2.97298e-08
 Reference value :  5.97702e-08
 Reference value :  9.11468e-08
 Reference value :  1.22273e-07
 Reference value :  1.54154e-07
 Reference value :  1.87423e-07
 Reference value :  2.20833e-07
 Reference value :  2.49496e-07
 Reference value :  2.78643e-07
 Reference value :  3.11064e-07
 Reference value :  3.42413e-07
 Reference value :  3.70801e-07
 Reference value :  4.01836e-07
 Reference value :  4.33503e-07
 Reference value :  4.64917e-07
 Reference value :  4.94022e-07
 Reference value :  5.24983e-07
 Reference value :  5.57848e-07
 Reference value :  5.87148e-07
 Reference value :  6.18587e-07
 Reference value :  6.48941e-07
 Reference value :  6.80827e-07
 Reference value :  7.08555e-07
 Reference value :  7.40542e-07
 Reference value :  7.71507e-07
 Reference value :  8.02925e-07
 Reference value :  8.30874e-07
 Reference value :  8.62367e-07
 Reference value :  8.93365e-07
 Reference value :  9.24106e-07
 Reference value :  9.52763e-07
 Reference value :  9.84935e-07
 Reference value :  1.01800e-06
 Reference value :  1.04639e-06
 Reference value :  1.07640e-06
 Reference value :  1.10716e-06
 Reference value :  1.13977e-06
 Reference value :  1.16766e-06
 Reference value :  1.19959e-06
No. of Data Rows : 12209
ngspice-46 done

Warning: m=xx on .subckt line will override multiplier m hierarchy!

Note: Starting dynamic gmin stepping
Note: Dynamic gmin stepping completed
