====================================================================
gf180-rcosc delay-probe run: surrogate_sf_T-040C_V3p3_code0x75
run id      : 20260922T004823Z
basis       : surrogate
process     : sf (fets=sf res=res_typical mimcap=mimcap_typical)
temperature : -40 C
supply      : 3.3 V
trim code   : 0x75 (117)
transient   : tran 100p 1200n, wrdata + Python crossing/cycle-alignment analysis (see driver docstring)
wall clock  : 36.9 s
exit status : 0
====================================================================
vdd=3.3000 vmid=1.6500 vh=2.199668 vl=1.099843
crossing counts: clk_r=47 clk_f=47 vh_r=47 vl_f=47 cmph=47 cmpl=47
cycles decomposed: 3 / 3 candidates
cross-cycle spread (max-min): period=0.0323ns t_cmp_h=0.0006ns t_lat_h=0.0033ns t_fall=0.0016ns t_cmp_l=0.0065ns t_lat_l=0.0030ns charge=0.0225ns dsum=0.0016ns overshoot_v=8657360.0000ns vh_dc=0.0000ns vl_dc=0.0000ns fosc=49395897025018.9297ns
median decomposition: period=25.5447ns t_cmp_h=2.3071ns t_lat_h=0.4208ns t_fall=0.0980ns t_cmp_l=2.1786ns t_lat_l=0.2696ns charge=20.2671ns dsum=5.1768ns overshoot_v=0.140315V vh_dc=2.199668V vl_dc=1.099843V fosc=39147067221978.8281MHz

xxdut.qbar                             1.48722
xxdut.mid1                             2.73657
xxdut.mid2                             3.12744
vt7#branch                                   0
vt6#branch                                   0
vt5#branch                                   0
vt4#branch                                   0
vt3#branch                                   0
vt2#branch                                   0
vt1#branch                                   0
vt0#branch                                   0
vdd#branch                        -0.000579491

 Reference value :  0.00000e+00
 Reference value :  3.04584e-08
 Reference value :  6.14725e-08
 Reference value :  9.23259e-08
 Reference value :  1.25381e-07
 Reference value :  1.60163e-07
 Reference value :  1.89817e-07
 Reference value :  2.19467e-07
 Reference value :  2.52566e-07
 Reference value :  2.86187e-07
 Reference value :  3.16702e-07
 Reference value :  3.50747e-07
 Reference value :  3.82433e-07
 Reference value :  4.15458e-07
 Reference value :  4.45750e-07
 Reference value :  4.75945e-07
 Reference value :  5.08471e-07
 Reference value :  5.40567e-07
 Reference value :  5.71571e-07
 Reference value :  5.99966e-07
 Reference value :  6.31908e-07
 Reference value :  6.63098e-07
 Reference value :  6.94415e-07
 Reference value :  7.24896e-07
 Reference value :  7.54197e-07
 Reference value :  7.86804e-07
 Reference value :  8.16868e-07
 Reference value :  8.50145e-07
 Reference value :  8.79118e-07
 Reference value :  9.08363e-07
 Reference value :  9.39237e-07
 Reference value :  9.73192e-07
 Reference value :  1.00477e-06
 Reference value :  1.03311e-06
 Reference value :  1.06235e-06
 Reference value :  1.09313e-06
 Reference value :  1.12218e-06
 Reference value :  1.15486e-06
 Reference value :  1.18469e-06
No. of Data Rows : 12231
ngspice-46 done

Warning: m=xx on .subckt line will override multiplier m hierarchy!

Note: Starting dynamic gmin stepping
Note: Dynamic gmin stepping completed
