====================================================================
gf180-rcosc delay-probe run: surrogate_ff_T+085C_V3p6_code0x21
run id      : 20260922T004823Z
basis       : surrogate
process     : ff (fets=ff res=res_ff mimcap=mimcap_ff)
temperature : 85 C
supply      : 3.6 V
trim code   : 0x21 (33)
transient   : tran 100p 1200n, wrdata + Python crossing/cycle-alignment analysis (see driver docstring)
wall clock  : 35.4 s
exit status : 0
====================================================================
vdd=3.6000 vmid=1.8000 vh=2.399226 vl=1.199704
crossing counts: clk_r=52 clk_f=52 vh_r=52 vl_f=52 cmph=52 cmpl=52
cycles decomposed: 3 / 3 candidates
cross-cycle spread (max-min): period=0.0187ns t_cmp_h=0.0003ns t_lat_h=0.0020ns t_fall=0.0020ns t_cmp_l=0.0044ns t_lat_l=0.0017ns charge=0.0213ns dsum=0.0038ns overshoot_v=3835680.0000ns vh_dc=0.0000ns vl_dc=0.0000ns fosc=34948881314195.6914ns
median decomposition: period=23.1461ns t_cmp_h=1.6859ns t_lat_h=0.4789ns t_fall=0.0310ns t_cmp_l=0.9563ns t_lat_l=0.2212ns charge=19.7769ns dsum=3.3423ns overshoot_v=0.119290V vh_dc=2.399226V vl_dc=1.199704V fosc=43203758068710.2656MHz
                        0.543333
xxdut.qbar                             1.50957
xxdut.mid1                             2.77538
xxdut.mid2                             3.32555
vt7#branch                                   0
vt6#branch                                   0
vt5#branch                                   0
vt4#branch                                   0
vt3#branch                                   0
vt2#branch                                   0
vt1#branch                                   0
vt0#branch                                   0
vdd#branch                        -0.000998522

 Reference value :  0.00000e+00
 Reference value :  4.45631e-08
 Reference value :  7.52898e-08
 Reference value :  1.07008e-07
 Reference value :  1.38371e-07
 Reference value :  1.67574e-07
 Reference value :  1.99116e-07
 Reference value :  2.30209e-07
 Reference value :  2.59947e-07
 Reference value :  2.89052e-07
 Reference value :  3.20714e-07
 Reference value :  3.51755e-07
 Reference value :  3.81532e-07
 Reference value :  4.14398e-07
 Reference value :  4.44526e-07
 Reference value :  4.77650e-07
 Reference value :  5.12133e-07
 Reference value :  5.39971e-07
 Reference value :  5.70789e-07
 Reference value :  6.02624e-07
 Reference value :  6.33357e-07
 Reference value :  6.66260e-07
 Reference value :  6.98897e-07
 Reference value :  7.28319e-07
 Reference value :  7.60454e-07
 Reference value :  7.91837e-07
 Reference value :  8.20241e-07
 Reference value :  8.54196e-07
 Reference value :  8.86209e-07
 Reference value :  9.17745e-07
 Reference value :  9.49781e-07
 Reference value :  9.78981e-07
 Reference value :  1.01649e-06
 Reference value :  1.04715e-06
 Reference value :  1.07905e-06
 Reference value :  1.11221e-06
 Reference value :  1.14266e-06
 Reference value :  1.17419e-06
No. of Data Rows : 12224
ngspice-46 done

Warning: m=xx on .subckt line will override multiplier m hierarchy!

Note: Starting dynamic gmin stepping
Note: Dynamic gmin stepping completed
