====================================================================
gf180-rcosc delay-probe run: surrogate_tt_T+027C_V3p0_code0x71
run id      : 20260922T004823Z
basis       : surrogate
process     : tt (fets=typical res=res_typical mimcap=mimcap_typical)
temperature : 27 C
supply      : 3 V
trim code   : 0x71 (113)
transient   : tran 100p 1200n, wrdata + Python crossing/cycle-alignment analysis (see driver docstring)
wall clock  : 36.1 s
exit status : 0
====================================================================
vdd=3.0000 vmid=1.5000 vh=1.999837 vl=0.999959
crossing counts: clk_r=48 clk_f=48 vh_r=47 vl_f=48 cmph=47 cmpl=48
cycles decomposed: 3 / 3 candidates
cross-cycle spread (max-min): period=0.0201ns t_cmp_h=0.0003ns t_lat_h=0.0081ns t_fall=0.0036ns t_cmp_l=0.0040ns t_lat_l=0.0009ns charge=0.0250ns dsum=0.0107ns overshoot_v=3402330.0000ns vh_dc=0.0000ns vl_dc=0.0000ns fosc=32178742931991.8164ns
median decomposition: period=24.9958ns t_cmp_h=2.2218ns t_lat_h=0.5635ns t_fall=0.1004ns t_cmp_l=2.0778ns t_lat_l=0.2875ns charge=19.7424ns dsum=5.1526ns overshoot_v=0.130610V vh_dc=1.999837V vl_dc=0.999959V fosc=40006774070585.0703MHz
                        0.707876
xxdut.qbar                             1.25401
xxdut.mid1                             2.50702
xxdut.mid2                              2.8432
vt7#branch                                   0
vt6#branch                                   0
vt5#branch                                   0
vt4#branch                                   0
vt3#branch                                   0
vt2#branch                                   0
vt1#branch                                   0
vt0#branch                                   0
vdd#branch                        -0.000485331

 Reference value :  0.00000e+00
 Reference value :  3.21706e-08
 Reference value :  6.38205e-08
 Reference value :  9.59427e-08
 Reference value :  1.28182e-07
 Reference value :  1.56510e-07
 Reference value :  1.87230e-07
 Reference value :  2.19642e-07
 Reference value :  2.51085e-07
 Reference value :  2.82218e-07
 Reference value :  3.16109e-07
 Reference value :  3.49292e-07
 Reference value :  3.79766e-07
 Reference value :  4.11516e-07
 Reference value :  4.42549e-07
 Reference value :  4.74194e-07
 Reference value :  5.05710e-07
 Reference value :  5.36850e-07
 Reference value :  5.67984e-07
 Reference value :  6.00134e-07
 Reference value :  6.30438e-07
 Reference value :  6.62190e-07
 Reference value :  6.94239e-07
 Reference value :  7.27093e-07
 Reference value :  7.57052e-07
 Reference value :  7.90233e-07
 Reference value :  8.24628e-07
 Reference value :  8.54738e-07
 Reference value :  8.86715e-07
 Reference value :  9.19556e-07
 Reference value :  9.53143e-07
 Reference value :  9.85383e-07
 Reference value :  1.01813e-06
 Reference value :  1.05208e-06
 Reference value :  1.08307e-06
 Reference value :  1.11690e-06
 Reference value :  1.15134e-06
 Reference value :  1.18066e-06
No. of Data Rows : 12156
ngspice-46 done

Warning: m=xx on .subckt line will override multiplier m hierarchy!

Note: Starting dynamic gmin stepping
Note: Dynamic gmin stepping completed
