====================================================================
gf180-rcosc PVT corner run: ff_T-040C_V3p3_code0x3F
run id      : 20260907T090653Z
process     : ff (fets=ff res=res_ff mimcap=mimcap_ff)
temperature : -40 C
supply      : 3.3 V
trim code   : 0x3F (63)
transient   : tran 200p 1200n, f = 20 periods / (t[rise=25] - t[rise=5])
wall clock  : 2.9 s
exit status : 0
====================================================================

Note: No compatibility mode selected!


Circuit: ** sch_path: /home/ubuntu/github/gf180-rcosc/.loom/worktrees/issue-24/design/pvt_tb.sch

Doing analysis at TEMP = -40.000000 and TNOM = 27.000000

Using SPARSE 1.3 as Direct Linear Solver

Initial Transient Solution
--------------------------

Node                                   Voltage
----                                   -------
vdd                                        3.3
xxdut.xxbias.xrba.11                   3.29815
xxdut.xxbias.xrba.21                   2.20185
xxdut.vh                                   2.2
xxdut.xxbias.xrbb.11                   2.19815
xxdut.xxbias.xrbb.21                   1.10185
xxdut.vl                                   1.1
xxdut.xxbias.xrbc.11                   1.09815
xxdut.xxbias.xrbc.21                0.00185143
xxdut.xxbias.xrbias.11                 3.29815
xxdut.xxbias.xrbias.21                0.995852
xxdut.ibias                              0.994
xxdut.xxtrim.xrfix.11                  3.29912
xxdut.xxtrim.xrfix.21                  3.20908
xxdut.xxtrim.c1                         3.2082
xxdut.xxtrim.xr0.11                    3.20731
xxdut.xxtrim.xr0.21                     3.2034
xxdut.xxtrim.c2                        3.20251
t0                                         3.3
xxdut.xxtrim.xr1.11                    3.20163
xxdut.xxtrim.xr1.21                    3.19379
xxdut.xxtrim.c3                        3.19291
t1                                         3.3
xxdut.xxtrim.xr2.11                    3.19203
xxdut.xxtrim.xr2.21                    3.17636
xxdut.xxtrim.c4                        3.17547
t2                                         3.3
xxdut.xxtrim.xr3.11                    3.17459
xxdut.xxtrim.xr3.21                    3.14325
xxdut.xxtrim.c5                        3.14237
t3                                         3.3
xxdut.xxtrim.xr4.11                    3.14148
xxdut.xxtrim.xr4.21                    3.07881
xxdut.xxtrim.c6                        3.07792
t4                                         3.3
xxdut.xxtrim.xr5.11                    3.07704
xxdut.xxtrim.xr5.21                    2.95169
xxdut.xxtrim.c7                        2.95081
t5                                         3.3
xxdut.xxtrim.xr6.11                    2.94992
xxdut.xxtrim.xr6.21                    2.69922
xxdut.xxtrim.c8                        2.69834
t6                                           0
xxdut.xxtrim.xr7.11                    2.69745
xxdut.xxtrim.xr7.21                    2.19605
xxdut.vc                               2.19517
t7                                           0
xxdut.xxcmph.tail                     0.919663
xxdut.xxcmph.dp                        1.46963
xxdut.xxcmph.dn                        1.35118
xxdut.cmph_out                         1.41341
xxdut.xxcmpl.tail                     0.548215
xxdut.xxcmpl.dp                            3.3
xxdut.xxcmpl.dn                       0.769561
xxdut.cmpl_out                     3.27009e-09
clk                                   0.649336
xxdut.qbar                             1.34818
xxdut.mid1                             2.65955
xxdut.mid2                              3.0808
vt7#branch                                   0
vt6#branch                                   0
vt5#branch                                   0
vt4#branch                                   0
vt3#branch                                   0
vt2#branch                                   0
vt1#branch                                   0
vt0#branch                                   0
vdd#branch                         -0.00103583

 Reference value :  0.00000e+00
 Reference value :  1.56902e-07
 Reference value :  3.21127e-07
 Reference value :  4.87336e-07
 Reference value :  6.48905e-07
 Reference value :  8.10626e-07
 Reference value :  9.74481e-07
 Reference value :  1.14068e-06
No. of Data Rows : 6409
ta                  =  1.15645e-07
tb                  =  6.69562e-07
ta = 1.156455e-07
tb = 6.695622e-07
period = 2.769584e-08
fosc = 3.610651e+07
ngspice-46 done

Note: Starting dynamic gmin stepping
Warning: Dynamic gmin stepping failed
Note: Starting true gmin stepping
Note: True gmin stepping completed
