====================================================================
gf180-rcosc PVT corner run: ff_T+085C_V3p6_code0xC0
run id      : 20260907T090653Z
process     : ff (fets=ff res=res_ff mimcap=mimcap_ff)
temperature : 85 C
supply      : 3.6 V
trim code   : 0xC0 (192)
transient   : tran 200p 1200n, f = 20 periods / (t[rise=25] - t[rise=5])
wall clock  : 3.5 s
exit status : 0
====================================================================

Note: No compatibility mode selected!


Circuit: ** sch_path: /home/ubuntu/github/gf180-rcosc/.loom/worktrees/issue-24/design/pvt_tb.sch

Doing analysis at TEMP = 85.000000 and TNOM = 27.000000

Using SPARSE 1.3 as Direct Linear Solver

Initial Transient Solution
--------------------------

Node                                   Voltage
----                                   -------
vdd                                        3.6
xxdut.xxbias.xrba.11                   3.59909
xxdut.xxbias.xrba.21                   2.40091
xxdut.vh                                   2.4
xxdut.xxbias.xrbb.11                   2.39909
xxdut.xxbias.xrbb.21                   1.20091
xxdut.vl                                   1.2
xxdut.xxbias.xrbc.11                   1.19909
xxdut.xxbias.xrbc.21               0.000910524
xxdut.xxbias.xrbias.11                 3.59908
xxdut.xxbias.xrbias.21                 1.04538
xxdut.ibias                            1.04445
xxdut.xxtrim.xrfix.11                   3.5992
xxdut.xxtrim.xrfix.21                  3.41899
xxdut.xxtrim.c1                        3.41819
xxdut.xxtrim.xr0.11                     3.4174
xxdut.xxtrim.xr0.21                    3.40956
xxdut.xxtrim.c2                        3.40876
t0                                           0
xxdut.xxtrim.xr1.11                    3.40796
xxdut.xxtrim.xr1.21                    3.39228
xxdut.xxtrim.c3                        3.39149
t1                                           0
xxdut.xxtrim.xr2.11                    3.39069
xxdut.xxtrim.xr2.21                    3.35933
xxdut.xxtrim.c4                        3.35853
t2                                           0
xxdut.xxtrim.xr3.11                    3.35773
xxdut.xxtrim.xr3.21                    3.29501
xxdut.xxtrim.c5                        3.29421
t3                                           0
xxdut.xxtrim.xr4.11                    3.29342
xxdut.xxtrim.xr4.21                    3.16797
xxdut.xxtrim.c6                        3.16717
t4                                           0
xxdut.xxtrim.xr5.11                    3.16637
xxdut.xxtrim.xr5.21                    2.91547
xxdut.xxtrim.c7                        2.91467
t5                                           0
xxdut.xxtrim.xr6.11                    2.91399
xxdut.xxtrim.xr6.21                    2.48403
xxdut.xxtrim.c8                        2.48335
t6                                         3.6
xxdut.xxtrim.xr7.11                    2.48322
xxdut.xxtrim.xr7.21                    2.31916
xxdut.vc                               2.31903
t7                                         3.6
xxdut.xxcmph.tail                     0.978386
xxdut.xxcmph.dp                        1.61511
xxdut.xxcmph.dn                        1.32783
xxdut.cmph_out                         1.53786
xxdut.xxcmpl.tail                     0.416155
xxdut.xxcmpl.dp                        3.53689
xxdut.xxcmpl.dn                       0.695923
xxdut.cmpl_out                     1.69982e-08
clk                                   0.577338
xxdut.qbar                             1.49565
xxdut.mid1                             2.79551
xxdut.mid2                             3.32181
vt7#branch                                   0
vt6#branch                                   0
vt5#branch                                   0
vt4#branch                                   0
vt3#branch                                   0
vt2#branch                                   0
vt1#branch                                   0
vt0#branch                                   0
vdd#branch                         -0.00112704

 Reference value :  4.60779e-08
 Reference value :  1.73465e-07
 Reference value :  3.02266e-07
 Reference value :  4.28887e-07
 Reference value :  5.58273e-07
 Reference value :  6.91163e-07
 Reference value :  8.27143e-07
 Reference value :  9.59952e-07
 Reference value :  1.09754e-06
No. of Data Rows : 6611
ta                  =  5.59798e-08
tb                  =  3.00790e-07
ta = 5.597978e-08
tb = 3.007902e-07
period = 1.224052e-08
fosc = 8.169587e+07
ngspice-46 done

Note: Starting dynamic gmin stepping
Note: Dynamic gmin stepping completed
