====================================================================
gf180-rcosc PVT corner run: ff_T+027C_V3p6_code0x80
run id      : 20260907T090653Z
process     : ff (fets=ff res=res_ff mimcap=mimcap_ff)
temperature : 27 C
supply      : 3.6 V
trim code   : 0x80 (128)
transient   : tran 200p 1200n, f = 20 periods / (t[rise=25] - t[rise=5])
wall clock  : 2.9 s
exit status : 0
====================================================================

Note: No compatibility mode selected!


Circuit: ** sch_path: /home/ubuntu/github/gf180-rcosc/.loom/worktrees/issue-24/design/pvt_tb.sch

Doing analysis at TEMP = 27.000000 and TNOM = 27.000000

Using SPARSE 1.3 as Direct Linear Solver

Initial Transient Solution
--------------------------

Node                                   Voltage
----                                   -------
vdd                                        3.6
xxdut.xxbias.xrba.11                   3.59874
xxdut.xxbias.xrba.21                   2.40126
xxdut.vh                                   2.4
xxdut.xxbias.xrbb.11                   2.39874
xxdut.xxbias.xrbb.21                   1.20126
xxdut.vl                                   1.2
xxdut.xxbias.xrbc.11                   1.19874
xxdut.xxbias.xrbc.21                0.00126137
xxdut.xxbias.xrbias.11                 3.59871
xxdut.xxbias.xrbias.21                 1.03316
xxdut.ibias                            1.03187
xxdut.xxtrim.xrfix.11                  3.59917
xxdut.xxtrim.xrfix.21                  3.46303
xxdut.xxtrim.c1                        3.46219
xxdut.xxtrim.xr0.11                    3.46136
xxdut.xxtrim.xr0.21                    3.45544
xxdut.xxtrim.c2                         3.4546
t0                                           0
xxdut.xxtrim.xr1.11                    3.45377
xxdut.xxtrim.xr1.21                    3.44192
xxdut.xxtrim.c3                        3.44109
t1                                           0
xxdut.xxtrim.xr2.11                    3.44025
xxdut.xxtrim.xr2.21                    3.41656
xxdut.xxtrim.c4                        3.41573
t2                                           0
xxdut.xxtrim.xr3.11                    3.41489
xxdut.xxtrim.xr3.21                    3.36751
xxdut.xxtrim.c5                        3.36668
t3                                           0
xxdut.xxtrim.xr4.11                    3.36584
xxdut.xxtrim.xr4.21                    3.27107
xxdut.xxtrim.c6                        3.27024
t4                                           0
xxdut.xxtrim.xr5.11                    3.26941
xxdut.xxtrim.xr5.21                    3.07987
xxdut.xxtrim.c7                        3.07903
t5                                           0
xxdut.xxtrim.xr6.11                     3.0782
xxdut.xxtrim.xr6.21                    2.69912
xxdut.xxtrim.c8                        2.69828
t6                                           0
xxdut.xxtrim.xr7.11                    2.69793
xxdut.xxtrim.xr7.21                    2.37807
xxdut.vc                               2.37772
t7                                         3.6
xxdut.xxcmph.tail                      1.03524
xxdut.xxcmph.dp                        1.60862
xxdut.xxcmph.dn                         1.4322
xxdut.cmph_out                         1.53917
xxdut.xxcmpl.tail                     0.480821
xxdut.xxcmpl.dp                        3.59139
xxdut.xxcmpl.dn                       0.737074
xxdut.cmpl_out                     4.99071e-09
clk                                   0.608089
xxdut.qbar                             1.47248
xxdut.mid1                             2.82184
xxdut.mid2                              3.3272
vt7#branch                                   0
vt6#branch                                   0
vt5#branch                                   0
vt4#branch                                   0
vt3#branch                                   0
vt2#branch                                   0
vt1#branch                                   0
vt0#branch                                   0
vdd#branch                         -0.00117126

 Reference value :  5.95095e-08
 Reference value :  1.99443e-07
 Reference value :  3.43357e-07
 Reference value :  4.95607e-07
 Reference value :  6.47928e-07
 Reference value :  7.94658e-07
 Reference value :  9.43812e-07
 Reference value :  1.09152e-06
No. of Data Rows : 6376
ta                  =  7.71102e-08
tb                  =  4.27174e-07
ta = 7.711017e-08
tb = 4.271743e-07
period = 1.750321e-08
fosc = 5.713239e+07
ngspice-46 done

Note: Starting dynamic gmin stepping
Note: Dynamic gmin stepping completed
