====================================================================
gf180-rcosc PVT corner run: ff_T-040C_V3p6_code0x3F
run id      : 20260907T090653Z
process     : ff (fets=ff res=res_ff mimcap=mimcap_ff)
temperature : -40 C
supply      : 3.6 V
trim code   : 0x3F (63)
transient   : tran 200p 1200n, f = 20 periods / (t[rise=25] - t[rise=5])
wall clock  : 2.8 s
exit status : 0
====================================================================

Note: No compatibility mode selected!


Circuit: ** sch_path: /home/ubuntu/github/gf180-rcosc/.loom/worktrees/issue-24/design/pvt_tb.sch

Doing analysis at TEMP = -40.000000 and TNOM = 27.000000

Using SPARSE 1.3 as Direct Linear Solver

Initial Transient Solution
--------------------------

Node                                   Voltage
----                                   -------
vdd                                        3.6
xxdut.xxbias.xrba.11                   3.59798
xxdut.xxbias.xrba.21                   2.40202
xxdut.vh                                   2.4
xxdut.xxbias.xrbb.11                   2.39798
xxdut.xxbias.xrbb.21                   1.20202
xxdut.vl                                   1.2
xxdut.xxbias.xrbc.11                   1.19798
xxdut.xxbias.xrbc.21                0.00201975
xxdut.xxbias.xrbias.11                 3.59793
xxdut.xxbias.xrbias.21                 1.01845
xxdut.ibias                            1.01638
xxdut.xxtrim.xrfix.11                  3.59904
xxdut.xxtrim.xrfix.21                  3.50114
xxdut.xxtrim.c1                        3.50018
xxdut.xxtrim.xr0.11                    3.49921
xxdut.xxtrim.xr0.21                    3.49496
xxdut.xxtrim.c2                        3.49399
t0                                         3.6
xxdut.xxtrim.xr1.11                    3.49303
xxdut.xxtrim.xr1.21                    3.48451
xxdut.xxtrim.c3                        3.48355
t1                                         3.6
xxdut.xxtrim.xr2.11                    3.48259
xxdut.xxtrim.xr2.21                    3.46555
xxdut.xxtrim.c4                        3.46459
t2                                         3.6
xxdut.xxtrim.xr3.11                    3.46363
xxdut.xxtrim.xr3.21                    3.42956
xxdut.xxtrim.c5                        3.42859
t3                                         3.6
xxdut.xxtrim.xr4.11                    3.42763
xxdut.xxtrim.xr4.21                    3.35948
xxdut.xxtrim.c6                        3.35852
t4                                         3.6
xxdut.xxtrim.xr5.11                    3.35756
xxdut.xxtrim.xr5.21                    3.22126
xxdut.xxtrim.c7                         3.2203
t5                                         3.6
xxdut.xxtrim.xr6.11                    3.21933
xxdut.xxtrim.xr6.21                    2.94673
xxdut.xxtrim.c8                        2.94577
t6                                           0
xxdut.xxtrim.xr7.11                    2.94481
xxdut.xxtrim.xr7.21                    2.39959
xxdut.vc                               2.39863
t7                                           0
xxdut.xxcmph.tail                       1.0653
xxdut.xxcmph.dp                         1.6061
xxdut.xxcmph.dn                        1.57091
xxdut.cmph_out                         1.54323
xxdut.xxcmpl.tail                     0.691189
xxdut.xxcmpl.dp                            3.6
xxdut.xxcmpl.dn                       0.941865
xxdut.cmpl_out                     4.02941e-09
clk                                   0.652161
xxdut.qbar                              1.4625
xxdut.mid1                              2.8571
xxdut.mid2                             3.33821
vt7#branch                                   0
vt6#branch                                   0
vt5#branch                                   0
vt4#branch                                   0
vt3#branch                                   0
vt2#branch                                   0
vt1#branch                                   0
vt0#branch                                   0
vdd#branch                         -0.00123548

 Reference value :  3.61045e-08
 Reference value :  1.96797e-07
 Reference value :  3.59436e-07
 Reference value :  5.16353e-07
 Reference value :  6.75301e-07
 Reference value :  8.37011e-07
 Reference value :  9.96015e-07
 Reference value :  1.15575e-06
No. of Data Rows : 6407
ta                  =  1.13387e-07
tb                  =  6.61423e-07
ta = 1.133873e-07
tb = 6.614230e-07
period = 2.740179e-08
fosc = 3.649397e+07
ngspice-46 done

Note: Starting dynamic gmin stepping
Note: Dynamic gmin stepping completed
