====================================================================
gf180-rcosc PVT corner run: ff_T+085C_V3p3_code0x3F
run id      : 20260907T090653Z
process     : ff (fets=ff res=res_ff mimcap=mimcap_ff)
temperature : 85 C
supply      : 3.3 V
trim code   : 0x3F (63)
transient   : tran 200p 1200n, f = 20 periods / (t[rise=25] - t[rise=5])
wall clock  : 2.7 s
exit status : 0
====================================================================

Note: No compatibility mode selected!


Circuit: ** sch_path: /home/ubuntu/github/gf180-rcosc/.loom/worktrees/issue-24/design/pvt_tb.sch

Doing analysis at TEMP = 85.000000 and TNOM = 27.000000

Using SPARSE 1.3 as Direct Linear Solver

Initial Transient Solution
--------------------------

Node                                   Voltage
----                                   -------
vdd                                        3.3
xxdut.xxbias.xrba.11                   3.29917
xxdut.xxbias.xrba.21                   2.20083
xxdut.vh                                   2.2
xxdut.xxbias.xrbb.11                   2.19917
xxdut.xxbias.xrbb.21                   1.10083
xxdut.vl                                   1.1
xxdut.xxbias.xrbc.11                   1.09917
xxdut.xxbias.xrbc.21               0.000834647
xxdut.xxbias.xrbias.11                 3.29917
xxdut.xxbias.xrbias.21                 1.01321
xxdut.ibias                            1.01238
xxdut.xxtrim.xrfix.11                  3.29956
xxdut.xxtrim.xrfix.21                  3.20079
xxdut.xxtrim.c1                        3.20035
xxdut.xxtrim.xr0.11                    3.19992
xxdut.xxtrim.xr0.21                    3.19562
xxdut.xxtrim.c2                        3.19518
t0                                         3.3
xxdut.xxtrim.xr1.11                    3.19475
xxdut.xxtrim.xr1.21                    3.18615
xxdut.xxtrim.c3                        3.18572
t1                                         3.3
xxdut.xxtrim.xr2.11                    3.18528
xxdut.xxtrim.xr2.21                    3.16809
xxdut.xxtrim.c4                        3.16765
t2                                         3.3
xxdut.xxtrim.xr3.11                    3.16722
xxdut.xxtrim.xr3.21                    3.13284
xxdut.xxtrim.c5                         3.1324
t3                                         3.3
xxdut.xxtrim.xr4.11                    3.13197
xxdut.xxtrim.xr4.21                    3.06321
xxdut.xxtrim.c6                        3.06277
t4                                         3.3
xxdut.xxtrim.xr5.11                    3.06233
xxdut.xxtrim.xr5.21                    2.92482
xxdut.xxtrim.c7                        2.92438
t5                                         3.3
xxdut.xxtrim.xr6.11                    2.92394
xxdut.xxtrim.xr6.21                    2.64891
xxdut.xxtrim.c8                        2.64847
t6                                           0
xxdut.xxtrim.xr7.11                    2.64804
xxdut.xxtrim.xr7.21                    2.09797
xxdut.vc                               2.09753
t7                                           0
xxdut.xxcmph.tail                     0.828613
xxdut.xxcmph.dp                         1.4773
xxdut.xxcmph.dn                        1.13118
xxdut.cmph_out                         1.41506
xxdut.xxcmpl.tail                     0.345261
xxdut.xxcmpl.dp                        3.23958
xxdut.xxcmpl.dn                       0.601923
xxdut.cmpl_out                     1.56396e-08
clk                                   0.537808
xxdut.qbar                             1.37091
xxdut.mid1                             2.57512
xxdut.mid2                             3.05979
vt7#branch                                   0
vt6#branch                                   0
vt5#branch                                   0
vt4#branch                                   0
vt3#branch                                   0
vt2#branch                                   0
vt1#branch                                   0
vt0#branch                                   0
vdd#branch                        -0.000943908

 Reference value :  1.03226e-07
 Reference value :  2.70551e-07
 Reference value :  4.36412e-07
 Reference value :  6.01317e-07
 Reference value :  7.64752e-07
 Reference value :  9.30002e-07
 Reference value :  1.09717e-06
No. of Data Rows : 6380
ta                  =  1.01378e-07
tb                  =  5.80386e-07
ta = 1.013785e-07
tb = 5.803863e-07
period = 2.395039e-08
fosc = 4.175297e+07
ngspice-46 done

