====================================================================
gf180-rcosc PVT corner run: ff_T+027C_V3p0_code0x80
run id      : 20260907T090653Z
process     : ff (fets=ff res=res_ff mimcap=mimcap_ff)
temperature : 27 C
supply      : 3 V
trim code   : 0x80 (128)
transient   : tran 200p 1200n, f = 20 periods / (t[rise=25] - t[rise=5])
wall clock  : 2.7 s
exit status : 0
====================================================================

Note: No compatibility mode selected!


Circuit: ** sch_path: /home/ubuntu/github/gf180-rcosc/.loom/worktrees/issue-24/design/pvt_tb.sch

Doing analysis at TEMP = 27.000000 and TNOM = 27.000000

Using SPARSE 1.3 as Direct Linear Solver

Initial Transient Solution
--------------------------

Node                                   Voltage
----                                   -------
vdd                                          3
xxdut.xxbias.xrba.11                   2.99895
xxdut.xxbias.xrba.21                   2.00105
xxdut.vh                                     2
xxdut.xxbias.xrbb.11                   1.99895
xxdut.xxbias.xrbb.21                   1.00105
xxdut.vl                                     1
xxdut.xxbias.xrbc.11                  0.998949
xxdut.xxbias.xrbc.21                0.00105114
xxdut.xxbias.xrbias.11                 2.99899
xxdut.xxbias.xrbias.21                0.976219
xxdut.ibias                           0.975204
xxdut.xxtrim.xrfix.11                  2.99942
xxdut.xxtrim.xrfix.21                  2.90513
xxdut.xxtrim.c1                        2.90455
xxdut.xxtrim.xr0.11                    2.90398
xxdut.xxtrim.xr0.21                    2.89987
xxdut.xxtrim.c2                         2.8993
t0                                           0
xxdut.xxtrim.xr1.11                    2.89872
xxdut.xxtrim.xr1.21                    2.89051
xxdut.xxtrim.c3                        2.88994
t1                                           0
xxdut.xxtrim.xr2.11                    2.88936
xxdut.xxtrim.xr2.21                    2.87295
xxdut.xxtrim.c4                        2.87237
t2                                           0
xxdut.xxtrim.xr3.11                    2.87179
xxdut.xxtrim.xr3.21                    2.83898
xxdut.xxtrim.c5                         2.8384
t3                                           0
xxdut.xxtrim.xr4.11                    2.83782
xxdut.xxtrim.xr4.21                    2.77218
xxdut.xxtrim.c6                         2.7716
t4                                           0
xxdut.xxtrim.xr5.11                    2.77103
xxdut.xxtrim.xr5.21                    2.63975
xxdut.xxtrim.c7                        2.63917
t5                                           0
xxdut.xxtrim.xr6.11                    2.63859
xxdut.xxtrim.xr6.21                    2.37604
xxdut.xxtrim.c8                        2.37546
t6                                           0
xxdut.xxtrim.xr7.11                    2.37499
xxdut.xxtrim.xr7.21                    1.94863
xxdut.vc                               1.94816
t7                                           3
xxdut.xxcmph.tail                     0.739038
xxdut.xxcmph.dp                        1.33705
xxdut.xxcmph.dn                        1.02318
xxdut.cmph_out                         1.28364
xxdut.xxcmpl.tail                     0.299287
xxdut.xxcmpl.dp                        2.98357
xxdut.xxcmpl.dn                       0.507996
xxdut.cmpl_out                     3.62855e-09
clk                                   0.589222
xxdut.qbar                             1.23284
xxdut.mid1                             2.41747
xxdut.mid2                             2.80658
vt7#branch                                   0
vt6#branch                                   0
vt5#branch                                   0
vt4#branch                                   0
vt3#branch                                   0
vt2#branch                                   0
vt1#branch                                   0
vt0#branch                                   0
vdd#branch                        -0.000809167

 Reference value :  5.03183e-08
 Reference value :  1.96841e-07
 Reference value :  3.51642e-07
 Reference value :  5.04786e-07
 Reference value :  6.60450e-07
 Reference value :  8.13511e-07
 Reference value :  9.68136e-07
 Reference value :  1.12618e-06
No. of Data Rows : 6369
ta                  =  7.86830e-08
tb                  =  4.47063e-07
ta = 7.868303e-08
tb = 4.470630e-07
period = 1.841900e-08
fosc = 5.429177e+07
ngspice-46 done

Note: Starting dynamic gmin stepping
Note: Dynamic gmin stepping completed
