====================================================================
gf180-rcosc PVT corner run: ff_T-040C_V3p6_code0xC0
run id      : 20260907T090653Z
process     : ff (fets=ff res=res_ff mimcap=mimcap_ff)
temperature : -40 C
supply      : 3.6 V
trim code   : 0xC0 (192)
transient   : tran 200p 1200n, f = 20 periods / (t[rise=25] - t[rise=5])
wall clock  : 3.1 s
exit status : 0
====================================================================

Note: No compatibility mode selected!


Circuit: ** sch_path: /home/ubuntu/github/gf180-rcosc/.loom/worktrees/issue-24/design/pvt_tb.sch

Doing analysis at TEMP = -40.000000 and TNOM = 27.000000

Using SPARSE 1.3 as Direct Linear Solver

Initial Transient Solution
--------------------------

Node                                   Voltage
----                                   -------
vdd                                        3.6
xxdut.xxbias.xrba.11                   3.59798
xxdut.xxbias.xrba.21                   2.40202
xxdut.vh                                   2.4
xxdut.xxbias.xrbb.11                   2.39798
xxdut.xxbias.xrbb.21                   1.20202
xxdut.vl                                   1.2
xxdut.xxbias.xrbc.11                   1.19798
xxdut.xxbias.xrbc.21                0.00201975
xxdut.xxbias.xrbias.11                 3.59793
xxdut.xxbias.xrbias.21                 1.01845
xxdut.ibias                            1.01638
xxdut.xxtrim.xrfix.11                  3.59892
xxdut.xxtrim.xrfix.21                  3.48933
xxdut.xxtrim.c1                        3.48826
xxdut.xxtrim.xr0.11                    3.48718
xxdut.xxtrim.xr0.21                    3.48241
xxdut.xxtrim.c2                        3.48134
t0                                           0
xxdut.xxtrim.xr1.11                    3.48026
xxdut.xxtrim.xr1.21                    3.47072
xxdut.xxtrim.c3                        3.46965
t1                                           0
xxdut.xxtrim.xr2.11                    3.46857
xxdut.xxtrim.xr2.21                     3.4495
xxdut.xxtrim.c4                        3.44842
t2                                           0
xxdut.xxtrim.xr3.11                    3.44735
xxdut.xxtrim.xr3.21                     3.4092
xxdut.xxtrim.c5                        3.40813
t3                                           0
xxdut.xxtrim.xr4.11                    3.40705
xxdut.xxtrim.xr4.21                    3.33076
xxdut.xxtrim.c6                        3.32968
t4                                           0
xxdut.xxtrim.xr5.11                    3.32861
xxdut.xxtrim.xr5.21                    3.17603
xxdut.xxtrim.c7                        3.17495
t5                                           0
xxdut.xxtrim.xr6.11                    3.17388
xxdut.xxtrim.xr6.21                    2.86872
xxdut.xxtrim.c8                        2.86764
t6                                         3.6
xxdut.xxtrim.xr7.11                    2.86682
xxdut.xxtrim.xr7.21                    2.39946
xxdut.vc                               2.39863
t7                                         3.6
xxdut.xxcmph.tail                       1.0653
xxdut.xxcmph.dp                        1.60612
xxdut.xxcmph.dn                        1.57091
xxdut.cmph_out                         1.54215
xxdut.xxcmpl.tail                     0.691189
xxdut.xxcmpl.dp                            3.6
xxdut.xxcmpl.dn                       0.941865
xxdut.cmpl_out                     4.02941e-09
clk                                   0.657664
xxdut.qbar                               1.462
xxdut.mid1                             2.86049
xxdut.mid2                             3.33809
vt7#branch                                   0
vt6#branch                                   0
vt5#branch                                   0
vt4#branch                                   0
vt3#branch                                   0
vt2#branch                                   0
vt1#branch                                   0
vt0#branch                                   0
vdd#branch                         -0.00123685

 Reference value :  4.60599e-08
 Reference value :  1.67938e-07
 Reference value :  2.97824e-07
 Reference value :  4.31395e-07
 Reference value :  5.67656e-07
 Reference value :  7.03088e-07
 Reference value :  8.40815e-07
 Reference value :  9.77905e-07
 Reference value :  1.12179e-06
No. of Data Rows : 6552
ta                  =  6.08598e-08
tb                  =  3.46051e-07
ta = 6.085983e-08
tb = 3.460514e-07
period = 1.425958e-08
fosc = 7.012830e+07
ngspice-46 done

Note: Starting dynamic gmin stepping
Note: Dynamic gmin stepping completed
