====================================================================
gf180-rcosc PVT corner run: ff_T+027C_V3p0_code0x3F
run id      : 20260907T090653Z
process     : ff (fets=ff res=res_ff mimcap=mimcap_ff)
temperature : 27 C
supply      : 3 V
trim code   : 0x3F (63)
transient   : tran 200p 1200n, f = 20 periods / (t[rise=25] - t[rise=5])
wall clock  : 2.8 s
exit status : 0
====================================================================

Note: No compatibility mode selected!


Circuit: ** sch_path: /home/ubuntu/github/gf180-rcosc/.loom/worktrees/issue-24/design/pvt_tb.sch

Doing analysis at TEMP = 27.000000 and TNOM = 27.000000

Using SPARSE 1.3 as Direct Linear Solver

Initial Transient Solution
--------------------------

Node                                   Voltage
----                                   -------
vdd                                          3
xxdut.xxbias.xrba.11                   2.99895
xxdut.xxbias.xrba.21                   2.00105
xxdut.vh                                     2
xxdut.xxbias.xrbb.11                   1.99895
xxdut.xxbias.xrbb.21                   1.00105
xxdut.vl                                     1
xxdut.xxbias.xrbc.11                  0.998949
xxdut.xxbias.xrbc.21                0.00105114
xxdut.xxbias.xrbias.11                 2.99899
xxdut.xxbias.xrbias.21                0.976219
xxdut.ibias                           0.975204
xxdut.xxtrim.xrfix.11                  2.99947
xxdut.xxtrim.xrfix.21                  2.91329
xxdut.xxtrim.c1                        2.91276
xxdut.xxtrim.xr0.11                    2.91223
xxdut.xxtrim.xr0.21                    2.90848
xxdut.xxtrim.c2                        2.90796
t0                                           3
xxdut.xxtrim.xr1.11                    2.90743
xxdut.xxtrim.xr1.21                    2.89993
xxdut.xxtrim.c3                         2.8994
t1                                           3
xxdut.xxtrim.xr2.11                    2.89887
xxdut.xxtrim.xr2.21                    2.88388
xxdut.xxtrim.c4                        2.88335
t2                                           3
xxdut.xxtrim.xr3.11                    2.88282
xxdut.xxtrim.xr3.21                    2.85282
xxdut.xxtrim.c5                         2.8523
t3                                           3
xxdut.xxtrim.xr4.11                    2.85177
xxdut.xxtrim.xr4.21                    2.79177
xxdut.xxtrim.c6                        2.79125
t4                                           3
xxdut.xxtrim.xr5.11                    2.79072
xxdut.xxtrim.xr5.21                    2.67073
xxdut.xxtrim.c7                         2.6702
t5                                           3
xxdut.xxtrim.xr6.11                    2.66967
xxdut.xxtrim.xr6.21                     2.4297
xxdut.xxtrim.c8                        2.42917
t6                                           0
xxdut.xxtrim.xr7.11                    2.42864
xxdut.xxtrim.xr7.21                    1.94869
xxdut.vc                               1.94816
t7                                           0
xxdut.xxcmph.tail                     0.739038
xxdut.xxcmph.dp                        1.33703
xxdut.xxcmph.dn                        1.02318
xxdut.cmph_out                         1.28467
xxdut.xxcmpl.tail                     0.299287
xxdut.xxcmpl.dp                        2.98357
xxdut.xxcmpl.dn                       0.507996
xxdut.cmpl_out                     3.62855e-09
clk                                   0.584248
xxdut.qbar                             1.23324
xxdut.mid1                             2.41442
xxdut.mid2                             2.80667
vt7#branch                                   0
vt6#branch                                   0
vt5#branch                                   0
vt4#branch                                   0
vt3#branch                                   0
vt2#branch                                   0
vt1#branch                                   0
vt0#branch                                   0
vdd#branch                        -0.000808137

 Reference value :  5.18436e-08
 Reference value :  2.14124e-07
 Reference value :  3.85403e-07
 Reference value :  5.51610e-07
 Reference value :  7.18199e-07
 Reference value :  8.88387e-07
 Reference value :  1.06605e-06
No. of Data Rows : 6328
ta                  =  1.08585e-07
tb                  =  6.27408e-07
ta = 1.085849e-07
tb = 6.274080e-07
period = 2.594115e-08
fosc = 3.854878e+07
ngspice-46 done

Note: Starting dynamic gmin stepping
Note: Dynamic gmin stepping completed
