====================================================================
gf180-rcosc PVT corner run: fs_T+085C_V3p6_code0x80
run id      : 20260907T090653Z
process     : fs (fets=fs res=res_typical mimcap=mimcap_typical)
temperature : 85 C
supply      : 3.6 V
trim code   : 0x80 (128)
transient   : tran 200p 1200n, f = 20 periods / (t[rise=25] - t[rise=5])
wall clock  : 3.0 s
exit status : 0
====================================================================

Note: No compatibility mode selected!


Circuit: ** sch_path: /home/ubuntu/github/gf180-rcosc/.loom/worktrees/issue-24/design/pvt_tb.sch

Doing analysis at TEMP = 85.000000 and TNOM = 27.000000

Using SPARSE 1.3 as Direct Linear Solver

Initial Transient Solution
--------------------------

Node                                   Voltage
----                                   -------
vdd                                        3.6
xxdut.xxbias.xrba.11                   3.59927
xxdut.xxbias.xrba.21                   2.40073
xxdut.vh                                   2.4
xxdut.xxbias.xrbb.11                   2.39927
xxdut.xxbias.xrbb.21                   1.20073
xxdut.vl                                   1.2
xxdut.xxbias.xrbc.11                   1.19927
xxdut.xxbias.xrbc.21                0.00072864
xxdut.xxbias.xrbias.11                 3.59925
xxdut.xxbias.xrbias.21                 1.02344
xxdut.ibias                            1.02269
xxdut.xxtrim.xrfix.11                  3.59934
xxdut.xxtrim.xrfix.21                  3.41242
xxdut.xxtrim.c1                        3.41176
xxdut.xxtrim.xr0.11                     3.4111
xxdut.xxtrim.xr0.21                    3.40297
xxdut.xxtrim.c2                        3.40231
t0                                           0
xxdut.xxtrim.xr1.11                    3.40165
xxdut.xxtrim.xr1.21                    3.38539
xxdut.xxtrim.c3                        3.38473
t1                                           0
xxdut.xxtrim.xr2.11                    3.38407
xxdut.xxtrim.xr2.21                    3.35154
xxdut.xxtrim.c4                        3.35088
t2                                           0
xxdut.xxtrim.xr3.11                    3.35022
xxdut.xxtrim.xr3.21                    3.28516
xxdut.xxtrim.c5                         3.2845
t3                                           0
xxdut.xxtrim.xr4.11                    3.28384
xxdut.xxtrim.xr4.21                    3.15372
xxdut.xxtrim.c6                        3.15306
t4                                           0
xxdut.xxtrim.xr5.11                     3.1524
xxdut.xxtrim.xr5.21                    2.89217
xxdut.xxtrim.c7                        2.89151
t5                                           0
xxdut.xxtrim.xr6.11                    2.89085
xxdut.xxtrim.xr6.21                    2.37039
xxdut.xxtrim.c8                        2.36973
t6                                           0
xxdut.xxtrim.xr7.11                    2.36965
xxdut.xxtrim.xr7.21                    2.25537
xxdut.vc                                2.2553
t7                                         3.6
xxdut.xxcmph.tail                     0.939033
xxdut.xxcmph.dp                        1.49785
xxdut.xxcmph.dn                        1.19459
xxdut.cmph_out                         1.41711
xxdut.xxcmpl.tail                     0.387606
xxdut.xxcmpl.dp                        3.52552
xxdut.xxcmpl.dn                       0.619817
xxdut.cmpl_out                     5.29492e-09
clk                                   0.595963
xxdut.qbar                             1.36997
xxdut.mid1                             2.89465
xxdut.mid2                             3.34542
vt7#branch                                   0
vt6#branch                                   0
vt5#branch                                   0
vt4#branch                                   0
vt3#branch                                   0
vt2#branch                                   0
vt1#branch                                   0
vt0#branch                                   0
vdd#branch                        -0.000885682

 Reference value :  5.16827e-08
 Reference value :  2.10749e-07
 Reference value :  3.65325e-07
 Reference value :  5.27038e-07
 Reference value :  6.86739e-07
 Reference value :  8.49227e-07
 Reference value :  1.01260e-06
 Reference value :  1.17604e-06
No. of Data Rows : 6372
ta                  =  8.86462e-08
tb                  =  4.99803e-07
ta = 8.864616e-08
tb = 4.998026e-07
period = 2.055782e-08
fosc = 4.864329e+07
ngspice-46 done

Note: Starting dynamic gmin stepping
Note: Dynamic gmin stepping completed
