====================================================================
gf180-rcosc PVT corner run: fs_T+085C_V3p0_code0x80
run id      : 20260907T090653Z
process     : fs (fets=fs res=res_typical mimcap=mimcap_typical)
temperature : 85 C
supply      : 3 V
trim code   : 0x80 (128)
transient   : tran 200p 1200n, f = 20 periods / (t[rise=25] - t[rise=5])
wall clock  : 2.5 s
exit status : 0
====================================================================

Note: No compatibility mode selected!


Circuit: ** sch_path: /home/ubuntu/github/gf180-rcosc/.loom/worktrees/issue-24/design/pvt_tb.sch

Doing analysis at TEMP = 85.000000 and TNOM = 27.000000

Using SPARSE 1.3 as Direct Linear Solver

Initial Transient Solution
--------------------------

Node                                   Voltage
----                                   -------
vdd                                          3
xxdut.xxbias.xrba.11                   2.99939
xxdut.xxbias.xrba.21                   2.00061
xxdut.vh                                     2
xxdut.xxbias.xrbb.11                   1.99939
xxdut.xxbias.xrbb.21                   1.00061
xxdut.vl                                     1
xxdut.xxbias.xrbc.11                  0.999393
xxdut.xxbias.xrbc.21                 0.0006072
xxdut.xxbias.xrbias.11                 2.99941
xxdut.xxbias.xrbias.21                0.963605
xxdut.ibias                           0.963015
xxdut.xxtrim.xrfix.11                  2.99941
xxdut.xxtrim.xrfix.21                  2.83278
xxdut.xxtrim.c1                        2.83219
xxdut.xxtrim.xr0.11                    2.83161
xxdut.xxtrim.xr0.21                    2.82436
xxdut.xxtrim.c2                        2.82377
t0                                           0
xxdut.xxtrim.xr1.11                    2.82318
xxdut.xxtrim.xr1.21                    2.80868
xxdut.xxtrim.c3                        2.80809
t1                                           0
xxdut.xxtrim.xr2.11                     2.8075
xxdut.xxtrim.xr2.21                     2.7785
xxdut.xxtrim.c4                        2.77792
t2                                           0
xxdut.xxtrim.xr3.11                    2.77733
xxdut.xxtrim.xr3.21                    2.71933
xxdut.xxtrim.c5                        2.71874
t3                                           0
xxdut.xxtrim.xr4.11                    2.71815
xxdut.xxtrim.xr4.21                    2.60216
xxdut.xxtrim.c6                        2.60157
t4                                           0
xxdut.xxtrim.xr5.11                    2.60098
xxdut.xxtrim.xr5.21                      2.369
xxdut.xxtrim.c7                        2.36841
t5                                           0
xxdut.xxtrim.xr6.11                    2.36782
xxdut.xxtrim.xr6.21                    1.90385
xxdut.xxtrim.c8                        1.90326
t6                                           0
xxdut.xxtrim.xr7.11                    1.90318
xxdut.xxtrim.xr7.21                    1.78073
xxdut.vc                               1.78065
t7                                           3
xxdut.xxcmph.tail                      0.61492
xxdut.xxcmph.dp                        1.23598
xxdut.xxcmph.dn                       0.795771
xxdut.cmph_out                         1.16964
xxdut.xxcmpl.tail                     0.249114
xxdut.xxcmpl.dp                         2.9307
xxdut.xxcmpl.dn                       0.445243
xxdut.cmpl_out                     4.47641e-09
clk                                   0.590639
xxdut.qbar                             1.13808
xxdut.mid1                             2.49251
xxdut.mid2                             2.82167
vt7#branch                                   0
vt6#branch                                   0
vt5#branch                                   0
vt4#branch                                   0
vt3#branch                                   0
vt2#branch                                   0
vt1#branch                                   0
vt0#branch                                   0
vdd#branch                        -0.000599281

 Reference value :  4.52987e-08
 Reference value :  2.06528e-07
 Reference value :  3.68808e-07
 Reference value :  5.45359e-07
 Reference value :  7.11024e-07
 Reference value :  8.84178e-07
 Reference value :  1.05113e-06
No. of Data Rows : 6264
ta                  =  8.81085e-08
tb                  =  4.88471e-07
ta = 8.810851e-08
tb = 4.884705e-07
period = 2.001810e-08
fosc = 4.995479e+07
ngspice-46 done

Note: Starting dynamic gmin stepping
Note: Dynamic gmin stepping completed
