====================================================================
gf180-rcosc PVT corner run: fs_T+027C_V3p6_code0x80
run id      : 20260907T090653Z
process     : fs (fets=fs res=res_typical mimcap=mimcap_typical)
temperature : 27 C
supply      : 3.6 V
trim code   : 0x80 (128)
transient   : tran 200p 1200n, f = 20 periods / (t[rise=25] - t[rise=5])
wall clock  : 2.7 s
exit status : 0
====================================================================

Note: No compatibility mode selected!


Circuit: ** sch_path: /home/ubuntu/github/gf180-rcosc/.loom/worktrees/issue-24/design/pvt_tb.sch

Doing analysis at TEMP = 27.000000 and TNOM = 27.000000

Using SPARSE 1.3 as Direct Linear Solver

Initial Transient Solution
--------------------------

Node                                   Voltage
----                                   -------
vdd                                        3.6
xxdut.xxbias.xrba.11                   3.59899
xxdut.xxbias.xrba.21                   2.40101
xxdut.vh                                   2.4
xxdut.xxbias.xrbb.11                   2.39899
xxdut.xxbias.xrbb.21                   1.20101
xxdut.vl                                   1.2
xxdut.xxbias.xrbc.11                   1.19899
xxdut.xxbias.xrbc.21                0.00100952
xxdut.xxbias.xrbias.11                 3.59896
xxdut.xxbias.xrbias.21                 1.01794
xxdut.ibias                             1.0169
xxdut.xxtrim.xrfix.11                  3.59928
xxdut.xxtrim.xrfix.21                  3.45257
xxdut.xxtrim.c1                        3.45185
xxdut.xxtrim.xr0.11                    3.45113
xxdut.xxtrim.xr0.21                    3.44475
xxdut.xxtrim.c2                        3.44403
t0                                           0
xxdut.xxtrim.xr1.11                    3.44331
xxdut.xxtrim.xr1.21                    3.43055
xxdut.xxtrim.c3                        3.42983
t1                                           0
xxdut.xxtrim.xr2.11                    3.42911
xxdut.xxtrim.xr2.21                    3.40358
xxdut.xxtrim.c4                        3.40286
t2                                           0
xxdut.xxtrim.xr3.11                    3.40214
xxdut.xxtrim.xr3.21                    3.35107
xxdut.xxtrim.c5                        3.35035
t3                                           0
xxdut.xxtrim.xr4.11                    3.34964
xxdut.xxtrim.xr4.21                    3.24751
xxdut.xxtrim.c6                        3.24679
t4                                           0
xxdut.xxtrim.xr5.11                    3.24607
xxdut.xxtrim.xr5.21                    3.04181
xxdut.xxtrim.c7                        3.04109
t5                                           0
xxdut.xxtrim.xr6.11                    3.04037
xxdut.xxtrim.xr6.21                    2.63185
xxdut.xxtrim.c8                        2.63113
t6                                           0
xxdut.xxtrim.xr7.11                    2.63088
xxdut.xxtrim.xr7.21                    2.34069
xxdut.vc                               2.34043
t7                                         3.6
xxdut.xxcmph.tail                      1.01094
xxdut.xxcmph.dp                        1.49365
xxdut.xxcmph.dn                        1.28961
xxdut.cmph_out                         1.42028
xxdut.xxcmpl.tail                     0.442587
xxdut.xxcmpl.dp                        3.58697
xxdut.xxcmpl.dn                        0.64945
xxdut.cmpl_out                     4.42928e-09
clk                                    0.63054
xxdut.qbar                             1.36275
xxdut.mid1                             2.92405
xxdut.mid2                             3.35565
vt7#branch                                   0
vt6#branch                                   0
vt5#branch                                   0
vt4#branch                                   0
vt3#branch                                   0
vt2#branch                                   0
vt1#branch                                   0
vt0#branch                                   0
vdd#branch                         -0.00091339

 Reference value :  4.79733e-08
 Reference value :  2.08043e-07
 Reference value :  3.67207e-07
 Reference value :  5.27527e-07
 Reference value :  6.91188e-07
 Reference value :  8.58757e-07
 Reference value :  1.02013e-06
 Reference value :  1.18103e-06
No. of Data Rows : 6370
ta                  =  9.60389e-08
tb                  =  5.48272e-07
ta = 9.603891e-08
tb = 5.482719e-07
period = 2.261165e-08
fosc = 4.422499e+07
ngspice-46 done

Note: Starting dynamic gmin stepping
Note: Dynamic gmin stepping completed
