====================================================================
gf180-rcosc PVT corner run: fs_T+027C_V3p3_code0x87
run id      : 20260907T090653Z
process     : fs (fets=fs res=res_typical mimcap=mimcap_typical)
temperature : 27 C
supply      : 3.3 V
trim code   : 0x87 (135)
transient   : tran 200p 1200n, f = 20 periods / (t[rise=25] - t[rise=5])
wall clock  : 1.3 s
exit status : 0
====================================================================

Note: No compatibility mode selected!


Circuit: ** sch_path: /home/ubuntu/github/gf180-rcosc/.loom/worktrees/issue-24/design/pvt_tb.sch

Doing analysis at TEMP = 27.000000 and TNOM = 27.000000

Using SPARSE 1.3 as Direct Linear Solver

Initial Transient Solution
--------------------------

Node                                   Voltage
----                                   -------
vdd                                        3.3
xxdut.xxbias.xrba.11                   3.29907
xxdut.xxbias.xrba.21                   2.20093
xxdut.vh                                   2.2
xxdut.xxbias.xrbb.11                   2.19907
xxdut.xxbias.xrbb.21                   1.10093
xxdut.vl                                   1.1
xxdut.xxbias.xrbc.11                   1.09907
xxdut.xxbias.xrbc.21               0.000925394
xxdut.xxbias.xrbias.11                 3.29907
xxdut.xxbias.xrbias.21                0.992716
xxdut.ibias                           0.991791
xxdut.xxtrim.xrfix.11                  3.29938
xxdut.xxtrim.xrfix.21                  3.17237
xxdut.xxtrim.c1                        3.17175
xxdut.xxtrim.xr0.11                    3.17112
xxdut.xxtrim.xr0.21                     3.1656
xxdut.xxtrim.c2                        3.16498
t0                                         3.3
xxdut.xxtrim.xr1.11                    3.16435
xxdut.xxtrim.xr1.21                     3.1533
xxdut.xxtrim.c3                        3.15268
t1                                         3.3
xxdut.xxtrim.xr2.11                    3.15206
xxdut.xxtrim.xr2.21                    3.12996
xxdut.xxtrim.c4                        3.12933
t2                                         3.3
xxdut.xxtrim.xr3.11                    3.12871
xxdut.xxtrim.xr3.21                     3.0845
xxdut.xxtrim.c5                        3.08388
t3                                           0
xxdut.xxtrim.xr4.11                    3.08326
xxdut.xxtrim.xr4.21                    2.99485
xxdut.xxtrim.c6                        2.99422
t4                                           0
xxdut.xxtrim.xr5.11                     2.9936
xxdut.xxtrim.xr5.21                    2.81677
xxdut.xxtrim.c7                        2.81615
t5                                           0
xxdut.xxtrim.xr6.11                    2.81553
xxdut.xxtrim.xr6.21                    2.46188
xxdut.xxtrim.c8                        2.46125
t6                                           0
xxdut.xxtrim.xr7.11                    2.46094
xxdut.xxtrim.xr7.21                    2.11022
xxdut.vc                               2.10991
t7                                         3.3
xxdut.xxcmph.tail                       0.8487
xxdut.xxcmph.dp                         1.3634
xxdut.xxcmph.dn                        1.07838
xxdut.cmph_out                         1.29893
xxdut.xxcmpl.tail                     0.337975
xxdut.xxcmpl.dp                        3.27606
xxdut.xxcmpl.dn                       0.524676
xxdut.cmpl_out                      3.9076e-09
clk                                   0.623462
xxdut.qbar                             1.25242
xxdut.mid1                             2.72025
xxdut.mid2                             3.09634
vt7#branch                                   0
vt6#branch                                   0
vt5#branch                                   0
vt4#branch                                   0
vt3#branch                                   0
vt2#branch                                   0
vt1#branch                                   0
vt0#branch                                   0
vdd#branch                        -0.000758646

 Reference value :  1.36276e-07
 Reference value :  3.78710e-07
 Reference value :  6.30446e-07
 Reference value :  8.84787e-07
 Reference value :  1.14225e-06
No. of Data Rows : 6460
ta                  =  9.95508e-08
tb                  =  5.53752e-07
ta = 9.955083e-08
tb = 5.537516e-07
period = 2.271004e-08
fosc = 4.403339e+07
ngspice-46 done

Note: Starting dynamic gmin stepping
Note: Dynamic gmin stepping completed
