====================================================================
gf180-rcosc PVT corner run: rc_f_T-040C_V3p0_code0xC0
run id      : 20260907T090653Z
process     : rc_f (fets=typical res=res_ff mimcap=mimcap_ff)
temperature : -40 C
supply      : 3 V
trim code   : 0xC0 (192)
transient   : tran 200p 1200n, f = 20 periods / (t[rise=25] - t[rise=5])
wall clock  : 14.2 s
exit status : 0
====================================================================

Note: No compatibility mode selected!


Circuit: ** sch_path: /home/ubuntu/github/gf180-rcosc/.loom/worktrees/issue-24/design/pvt_tb.sch

Doing analysis at TEMP = -40.000000 and TNOM = 27.000000

Using SPARSE 1.3 as Direct Linear Solver

Initial Transient Solution
--------------------------

Node                                   Voltage
----                                   -------
vdd                                          3
xxdut.xxbias.xrba.11                   2.99834
xxdut.xxbias.xrba.21                   2.01265
xxdut.vh                               2.01099
xxdut.xxbias.xrbb.11                    2.0093
xxdut.xxbias.xrbb.21                   1.00854
xxdut.vl                               1.00685
xxdut.xxbias.xrbc.11                   1.00516
xxdut.xxbias.xrbc.21                0.00169466
xxdut.xxbias.xrbias.11                 2.99846
xxdut.xxbias.xrbias.21                 1.08651
xxdut.ibias                            1.08497
xxdut.xxtrim.xrfix.11                  2.99861
xxdut.xxtrim.xrfix.21                  2.85655
xxdut.xxtrim.c1                        2.85516
xxdut.xxtrim.xr0.11                    2.85378
xxdut.xxtrim.xr0.21                    2.84765
xxdut.xxtrim.c2                        2.84626
t0                                           0
xxdut.xxtrim.xr1.11                     2.8449
xxdut.xxtrim.xr1.21                    2.83277
xxdut.xxtrim.c3                         2.8314
t1                                           0
xxdut.xxtrim.xr2.11                    2.83005
xxdut.xxtrim.xr2.21                     2.8061
xxdut.xxtrim.c4                        2.80474
t2                                           0
xxdut.xxtrim.xr3.11                    2.80341
xxdut.xxtrim.xr3.21                    2.75627
xxdut.xxtrim.c5                        2.75494
t3                                           0
xxdut.xxtrim.xr4.11                    2.75364
xxdut.xxtrim.xr4.21                    2.66153
xxdut.xxtrim.c6                        2.66023
t4                                           0
xxdut.xxtrim.xr5.11                    2.65899
xxdut.xxtrim.xr5.21                    2.48242
xxdut.xxtrim.c7                        2.48118
t5                                           0
xxdut.xxtrim.xr6.11                    2.48004
xxdut.xxtrim.xr6.21                    2.15846
xxdut.xxtrim.c8                        2.15732
t6                                           3
xxdut.xxtrim.xr7.11                    2.15665
xxdut.xxtrim.xr7.21                    1.77452
xxdut.vc                               1.77384
t7                                           3
xxdut.xxcmph.tail                     0.565394
xxdut.xxcmph.dp                        2.67985
xxdut.xxcmph.dn                       0.790129
xxdut.cmph_out                     -0.00346288
xxdut.xxcmpl.tail                     0.262829
xxdut.xxcmpl.dp                        3.00141
xxdut.xxcmpl.dn                       0.506562
xxdut.cmpl_out                       0.0149245
clk                                -0.00867164
xxdut.qbar                             2.99654
xxdut.mid1                             2.99133
xxdut.mid2                             2.99239
vt7#branch                         1.17547e-05
vt6#branch                         5.61941e-05
vt5#branch                        -7.94362e-07
vt4#branch                         3.72813e-08
vt3#branch                         8.83248e-09
vt2#branch                         8.41626e-09
vt1#branch                         8.85139e-09
vt0#branch                         1.85474e-08
vdd#branch                        -0.000475138

 Reference value :  0.00000e+00
 Reference value :  1.88550e-07
 Reference value :  3.89979e-07
 Reference value :  6.02579e-07
 Reference value :  7.68377e-07
 Reference value :  9.71805e-07
 Reference value :  1.19009e-06
No. of Data Rows : 6479
ta                  =  8.24238e-08
tb                  =  4.61888e-07
ta = 8.242381e-08
tb = 4.618884e-07
period = 1.897323e-08
fosc = 5.270584e+07
ngspice-46 done

Note: Starting dynamic gmin stepping
Warning: Dynamic gmin stepping failed
Note: Starting true gmin stepping
Warning: True gmin stepping failed
Note: Starting source stepping
Warning: singular matrix:  check node xxdut.vh

Warning: source stepping failed
Note: Transient op started
Note: Transient op finished successfully
