====================================================================
gf180-rcosc PVT corner run: rc_f_T+027C_V3p6_code0x80
run id      : 20260907T090653Z
process     : rc_f (fets=typical res=res_ff mimcap=mimcap_ff)
temperature : 27 C
supply      : 3.6 V
trim code   : 0x80 (128)
transient   : tran 200p 1200n, f = 20 periods / (t[rise=25] - t[rise=5])
wall clock  : 3.0 s
exit status : 0
====================================================================

Note: No compatibility mode selected!


Circuit: ** sch_path: /home/ubuntu/github/gf180-rcosc/.loom/worktrees/issue-24/design/pvt_tb.sch

Doing analysis at TEMP = 27.000000 and TNOM = 27.000000

Using SPARSE 1.3 as Direct Linear Solver

Initial Transient Solution
--------------------------

Node                                   Voltage
----                                   -------
vdd                                        3.6
xxdut.xxbias.xrba.11                   3.59874
xxdut.xxbias.xrba.21                   2.40126
xxdut.vh                                   2.4
xxdut.xxbias.xrbb.11                   2.39874
xxdut.xxbias.xrbb.21                   1.20126
xxdut.vl                                   1.2
xxdut.xxbias.xrbc.11                   1.19874
xxdut.xxbias.xrbc.21                0.00126137
xxdut.xxbias.xrbias.11                 3.59877
xxdut.xxbias.xrbias.21                 1.15051
xxdut.ibias                            1.14928
xxdut.xxtrim.xrfix.11                  3.59934
xxdut.xxtrim.xrfix.21                  3.49231
xxdut.xxtrim.c1                        3.49165
xxdut.xxtrim.xr0.11                      3.491
xxdut.xxtrim.xr0.21                    3.48634
xxdut.xxtrim.c2                        3.48568
t0                                           0
xxdut.xxtrim.xr1.11                    3.48503
xxdut.xxtrim.xr1.21                    3.47571
xxdut.xxtrim.c3                        3.47506
t1                                           0
xxdut.xxtrim.xr2.11                     3.4744
xxdut.xxtrim.xr2.21                    3.45578
xxdut.xxtrim.c4                        3.45512
t2                                           0
xxdut.xxtrim.xr3.11                    3.45446
xxdut.xxtrim.xr3.21                    3.41721
xxdut.xxtrim.c5                        3.41655
t3                                           0
xxdut.xxtrim.xr4.11                     3.4159
xxdut.xxtrim.xr4.21                    3.34139
xxdut.xxtrim.c6                        3.34073
t4                                           0
xxdut.xxtrim.xr5.11                    3.34008
xxdut.xxtrim.xr5.21                    3.19105
xxdut.xxtrim.c7                         3.1904
t5                                           0
xxdut.xxtrim.xr6.11                    3.18974
xxdut.xxtrim.xr6.21                     2.8917
xxdut.xxtrim.c8                        2.89104
t6                                           0
xxdut.xxtrim.xr7.11                    2.89046
xxdut.xxtrim.xr7.21                    2.36147
xxdut.vc                               2.36088
t7                                         3.6
xxdut.xxcmph.tail                      0.91461
xxdut.xxcmph.dp                        1.61457
xxdut.xxcmph.dn                         1.2844
xxdut.cmph_out                         1.55071
xxdut.xxcmpl.tail                     0.377752
xxdut.xxcmpl.dp                        3.58821
xxdut.xxcmpl.dn                       0.632026
xxdut.cmpl_out                     4.83699e-09
clk                                   0.706767
xxdut.qbar                              1.4816
xxdut.mid1                             2.90067
xxdut.mid2                             3.36433
vt7#branch                                   0
vt6#branch                                   0
vt5#branch                                   0
vt4#branch                                   0
vt3#branch                                   0
vt2#branch                                   0
vt1#branch                                   0
vt0#branch                                   0
vdd#branch                         -0.00099962

 Reference value :  4.42321e-08
 Reference value :  1.91702e-07
 Reference value :  3.41502e-07
 Reference value :  4.93640e-07
 Reference value :  6.47514e-07
 Reference value :  7.99941e-07
 Reference value :  9.56081e-07
 Reference value :  1.10967e-06
No. of Data Rows : 6385
ta                  =  7.88915e-08
tb                  =  4.53528e-07
ta = 7.889150e-08
tb = 4.535280e-07
period = 1.873183e-08
fosc = 5.338508e+07
ngspice-46 done

Note: Starting dynamic gmin stepping
Note: Dynamic gmin stepping completed
