====================================================================
gf180-rcosc PVT corner run: rc_f_T+085C_V3p6_code0xC0
run id      : 20260907T090653Z
process     : rc_f (fets=typical res=res_ff mimcap=mimcap_ff)
temperature : 85 C
supply      : 3.6 V
trim code   : 0xC0 (192)
transient   : tran 200p 1200n, f = 20 periods / (t[rise=25] - t[rise=5])
wall clock  : 3.2 s
exit status : 0
====================================================================

Note: No compatibility mode selected!


Circuit: ** sch_path: /home/ubuntu/github/gf180-rcosc/.loom/worktrees/issue-24/design/pvt_tb.sch

Doing analysis at TEMP = 85.000000 and TNOM = 27.000000

Using SPARSE 1.3 as Direct Linear Solver

Initial Transient Solution
--------------------------

Node                                   Voltage
----                                   -------
vdd                                        3.6
xxdut.xxbias.xrba.11                   3.59909
xxdut.xxbias.xrba.21                   2.40091
xxdut.vh                                   2.4
xxdut.xxbias.xrbb.11                   2.39909
xxdut.xxbias.xrbb.21                   1.20091
xxdut.vl                                   1.2
xxdut.xxbias.xrbc.11                   1.19909
xxdut.xxbias.xrbc.21               0.000910524
xxdut.xxbias.xrbias.11                 3.59912
xxdut.xxbias.xrbias.21                 1.16436
xxdut.ibias                            1.16348
xxdut.xxtrim.xrfix.11                  3.59938
xxdut.xxtrim.xrfix.21                   3.4581
xxdut.xxtrim.c1                        3.45747
xxdut.xxtrim.xr0.11                    3.45685
xxdut.xxtrim.xr0.21                     3.4507
xxdut.xxtrim.c2                        3.45008
t0                                           0
xxdut.xxtrim.xr1.11                    3.44945
xxdut.xxtrim.xr1.21                    3.43716
xxdut.xxtrim.c3                        3.43654
t1                                           0
xxdut.xxtrim.xr2.11                    3.43591
xxdut.xxtrim.xr2.21                    3.41133
xxdut.xxtrim.c4                         3.4107
t2                                           0
xxdut.xxtrim.xr3.11                    3.41008
xxdut.xxtrim.xr3.21                     3.3609
xxdut.xxtrim.c5                        3.36028
t3                                           0
xxdut.xxtrim.xr4.11                    3.35966
xxdut.xxtrim.xr4.21                    3.26131
xxdut.xxtrim.c6                        3.26068
t4                                           0
xxdut.xxtrim.xr5.11                    3.26006
xxdut.xxtrim.xr5.21                    3.06336
xxdut.xxtrim.c7                        3.06274
t5                                           0
xxdut.xxtrim.xr6.11                    3.06212
xxdut.xxtrim.xr6.21                    2.66875
xxdut.xxtrim.c8                        2.66813
t6                                         3.6
xxdut.xxtrim.xr7.11                    2.66783
xxdut.xxtrim.xr7.21                    2.29008
xxdut.vc                               2.28978
t7                                         3.6
xxdut.xxcmph.tail                     0.848359
xxdut.xxcmph.dp                        1.62042
xxdut.xxcmph.dn                        1.17927
xxdut.cmph_out                         1.54977
xxdut.xxcmpl.tail                     0.345048
xxdut.xxcmpl.dp                        3.55032
xxdut.xxcmpl.dn                        0.62693
xxdut.cmpl_out                     6.29061e-09
clk                                   0.674246
xxdut.qbar                             1.48676
xxdut.mid1                             2.87208
xxdut.mid2                             3.35376
vt7#branch                                   0
vt6#branch                                   0
vt5#branch                                   0
vt4#branch                                   0
vt3#branch                                   0
vt2#branch                                   0
vt1#branch                                   0
vt0#branch                                   0
vdd#branch                        -0.000960767

 Reference value :  3.85369e-08
 Reference value :  1.74392e-07
 Reference value :  3.14097e-07
 Reference value :  4.46661e-07
 Reference value :  5.82178e-07
 Reference value :  7.16525e-07
 Reference value :  8.51562e-07
 Reference value :  9.91188e-07
 Reference value :  1.12619e-06
No. of Data Rows : 6528
ta                  =  6.09756e-08
tb                  =  3.28769e-07
ta = 6.097564e-08
tb = 3.287686e-07
period = 1.338965e-08
fosc = 7.468456e+07
ngspice-46 done

Note: Starting dynamic gmin stepping
Note: Dynamic gmin stepping completed
