====================================================================
gf180-rcosc PVT corner run: rc_f_T+027C_V3p0_code0xC0
run id      : 20260907T090653Z
process     : rc_f (fets=typical res=res_ff mimcap=mimcap_ff)
temperature : 27 C
supply      : 3 V
trim code   : 0xC0 (192)
transient   : tran 200p 1200n, f = 20 periods / (t[rise=25] - t[rise=5])
wall clock  : 3.1 s
exit status : 0
====================================================================

Note: No compatibility mode selected!


Circuit: ** sch_path: /home/ubuntu/github/gf180-rcosc/.loom/worktrees/issue-24/design/pvt_tb.sch

Doing analysis at TEMP = 27.000000 and TNOM = 27.000000

Using SPARSE 1.3 as Direct Linear Solver

Initial Transient Solution
--------------------------

Node                                   Voltage
----                                   -------
vdd                                          3
xxdut.xxbias.xrba.11                   2.99895
xxdut.xxbias.xrba.21                   2.00105
xxdut.vh                                     2
xxdut.xxbias.xrbb.11                   1.99895
xxdut.xxbias.xrbb.21                   1.00105
xxdut.vl                                     1
xxdut.xxbias.xrbc.11                  0.998949
xxdut.xxbias.xrbc.21                0.00105114
xxdut.xxbias.xrbias.11                 2.99904
xxdut.xxbias.xrbias.21                 1.08972
xxdut.ibias                            1.08876
xxdut.xxtrim.xrfix.11                  2.99946
xxdut.xxtrim.xrfix.21                   2.9108
xxdut.xxtrim.c1                        2.91025
xxdut.xxtrim.xr0.11                    2.90971
xxdut.xxtrim.xr0.21                    2.90585
xxdut.xxtrim.c2                        2.90531
t0                                           0
xxdut.xxtrim.xr1.11                    2.90477
xxdut.xxtrim.xr1.21                    2.89705
xxdut.xxtrim.c3                        2.89651
t1                                           0
xxdut.xxtrim.xr2.11                    2.89597
xxdut.xxtrim.xr2.21                    2.88054
xxdut.xxtrim.c4                        2.87999
t2                                           0
xxdut.xxtrim.xr3.11                    2.87945
xxdut.xxtrim.xr3.21                    2.84859
xxdut.xxtrim.c5                        2.84805
t3                                           0
xxdut.xxtrim.xr4.11                    2.84751
xxdut.xxtrim.xr4.21                    2.78579
xxdut.xxtrim.c6                        2.78524
t4                                           0
xxdut.xxtrim.xr5.11                     2.7847
xxdut.xxtrim.xr5.21                    2.66126
xxdut.xxtrim.c7                        2.66072
t5                                           0
xxdut.xxtrim.xr6.11                    2.66018
xxdut.xxtrim.xr6.21                     2.4133
xxdut.xxtrim.c8                        2.41276
t6                                           3
xxdut.xxtrim.xr7.11                    2.41223
xxdut.xxtrim.xr7.21                    1.92752
xxdut.vc                               1.92699
t7                                           3
xxdut.xxcmph.tail                     0.623139
xxdut.xxcmph.dp                        1.34399
xxdut.xxcmph.dn                       0.886618
xxdut.cmph_out                         1.29366
xxdut.xxcmpl.tail                     0.243274
xxdut.xxcmpl.dp                         2.9917
xxdut.xxcmpl.dn                       0.452115
xxdut.cmpl_out                     3.85288e-09
clk                                    0.69833
xxdut.qbar                             1.25428
xxdut.mid1                             2.50121
xxdut.mid2                             2.84324
vt7#branch                                   0
vt6#branch                                   0
vt5#branch                                   0
vt4#branch                                   0
vt3#branch                                   0
vt2#branch                                   0
vt1#branch                                   0
vt0#branch                                   0
vdd#branch                         -0.00066575

 Reference value :  4.64409e-08
 Reference value :  1.89570e-07
 Reference value :  3.30940e-07
 Reference value :  4.73501e-07
 Reference value :  6.19577e-07
 Reference value :  7.66561e-07
 Reference value :  9.12718e-07
 Reference value :  1.05963e-06
No. of Data Rows : 6450
ta                  =  7.21004e-08
tb                  =  4.06832e-07
ta = 7.210041e-08
tb = 4.068316e-07
period = 1.673656e-08
fosc = 5.974944e+07
ngspice-46 done

Note: Starting dynamic gmin stepping
Note: Dynamic gmin stepping completed
