====================================================================
gf180-rcosc PVT corner run: rc_f_T+027C_V3p0_code0x40
run id      : 20260907T090653Z
process     : rc_f (fets=typical res=res_ff mimcap=mimcap_ff)
temperature : 27 C
supply      : 3 V
trim code   : 0x40 (64)
transient   : tran 200p 1200n, f = 20 periods / (t[rise=25] - t[rise=5])
wall clock  : 2.7 s
exit status : 0
====================================================================

Note: No compatibility mode selected!


Circuit: ** sch_path: /home/ubuntu/github/gf180-rcosc/.loom/worktrees/issue-24/design/pvt_tb.sch

Doing analysis at TEMP = 27.000000 and TNOM = 27.000000

Using SPARSE 1.3 as Direct Linear Solver

Initial Transient Solution
--------------------------

Node                                   Voltage
----                                   -------
vdd                                          3
xxdut.xxbias.xrba.11                   2.99895
xxdut.xxbias.xrba.21                   2.00105
xxdut.vh                                     2
xxdut.xxbias.xrbb.11                   1.99895
xxdut.xxbias.xrbb.21                   1.00105
xxdut.vl                                     1
xxdut.xxbias.xrbc.11                  0.998949
xxdut.xxbias.xrbc.21                0.00105114
xxdut.xxbias.xrbias.11                 2.99904
xxdut.xxbias.xrbias.21                 1.08972
xxdut.ibias                            1.08876
xxdut.xxtrim.xrfix.11                  2.99946
xxdut.xxtrim.xrfix.21                  2.91154
xxdut.xxtrim.c1                          2.911
xxdut.xxtrim.xr0.11                    2.91047
xxdut.xxtrim.xr0.21                    2.90664
xxdut.xxtrim.c2                         2.9061
t0                                           0
xxdut.xxtrim.xr1.11                    2.90556
xxdut.xxtrim.xr1.21                    2.89791
xxdut.xxtrim.c3                        2.89738
t1                                           0
xxdut.xxtrim.xr2.11                    2.89684
xxdut.xxtrim.xr2.21                    2.88154
xxdut.xxtrim.c4                          2.881
t2                                           0
xxdut.xxtrim.xr3.11                    2.88046
xxdut.xxtrim.xr3.21                    2.84986
xxdut.xxtrim.c5                        2.84932
t3                                           0
xxdut.xxtrim.xr4.11                    2.84878
xxdut.xxtrim.xr4.21                    2.78758
xxdut.xxtrim.c6                        2.78704
t4                                           0
xxdut.xxtrim.xr5.11                    2.78651
xxdut.xxtrim.xr5.21                     2.6641
xxdut.xxtrim.c7                        2.66356
t5                                           0
xxdut.xxtrim.xr6.11                    2.66302
xxdut.xxtrim.xr6.21                    2.41822
xxdut.xxtrim.c8                        2.41768
t6                                           3
xxdut.xxtrim.xr7.11                    2.41714
xxdut.xxtrim.xr7.21                    1.92753
xxdut.vc                               1.92699
t7                                           0
xxdut.xxcmph.tail                     0.623139
xxdut.xxcmph.dp                        1.34399
xxdut.xxcmph.dn                       0.886618
xxdut.cmph_out                         1.29376
xxdut.xxcmpl.tail                     0.243274
xxdut.xxcmpl.dp                         2.9917
xxdut.xxcmpl.dn                       0.452115
xxdut.cmpl_out                     3.85288e-09
clk                                   0.697855
xxdut.qbar                             1.25429
xxdut.mid1                             2.50092
xxdut.mid2                             2.84324
vt7#branch                                   0
vt6#branch                                   0
vt5#branch                                   0
vt4#branch                                   0
vt3#branch                                   0
vt2#branch                                   0
vt1#branch                                   0
vt0#branch                                   0
vdd#branch                        -0.000665657

 Reference value :  6.04191e-08
 Reference value :  2.27050e-07
 Reference value :  3.95254e-07
 Reference value :  5.63043e-07
 Reference value :  7.36456e-07
 Reference value :  9.13922e-07
 Reference value :  1.08701e-06
No. of Data Rows : 6330
ta                  =  1.09919e-07
tb                  =  6.28272e-07
ta = 1.099190e-07
tb = 6.282716e-07
period = 2.591763e-08
fosc = 3.858377e+07
ngspice-46 done

Note: Starting dynamic gmin stepping
Note: Dynamic gmin stepping completed
