====================================================================
gf180-rcosc PVT corner run: rc_f_T+085C_V3p0_code0xC0
run id      : 20260907T090653Z
process     : rc_f (fets=typical res=res_ff mimcap=mimcap_ff)
temperature : 85 C
supply      : 3 V
trim code   : 0xC0 (192)
transient   : tran 200p 1200n, f = 20 periods / (t[rise=25] - t[rise=5])
wall clock  : 2.9 s
exit status : 0
====================================================================

Note: No compatibility mode selected!


Circuit: ** sch_path: /home/ubuntu/github/gf180-rcosc/.loom/worktrees/issue-24/design/pvt_tb.sch

Doing analysis at TEMP = 85.000000 and TNOM = 27.000000

Using SPARSE 1.3 as Direct Linear Solver

Initial Transient Solution
--------------------------

Node                                   Voltage
----                                   -------
vdd                                          3
xxdut.xxbias.xrba.11                   2.99924
xxdut.xxbias.xrba.21                   2.00076
xxdut.vh                                     2
xxdut.xxbias.xrbb.11                   1.99924
xxdut.xxbias.xrbb.21                   1.00076
xxdut.vl                                     1
xxdut.xxbias.xrbc.11                  0.999241
xxdut.xxbias.xrbc.21                0.00075877
xxdut.xxbias.xrbias.11                 2.99931
xxdut.xxbias.xrbias.21                 1.09412
xxdut.ibias                            1.09343
xxdut.xxtrim.xrfix.11                  2.99952
xxdut.xxtrim.xrfix.21                   2.8912
xxdut.xxtrim.c1                        2.89072
xxdut.xxtrim.xr0.11                    2.89024
xxdut.xxtrim.xr0.21                    2.88553
xxdut.xxtrim.c2                        2.88505
t0                                           0
xxdut.xxtrim.xr1.11                    2.88457
xxdut.xxtrim.xr1.21                    2.87514
xxdut.xxtrim.c3                        2.87467
t1                                           0
xxdut.xxtrim.xr2.11                    2.87419
xxdut.xxtrim.xr2.21                    2.85533
xxdut.xxtrim.c4                        2.85486
t2                                           0
xxdut.xxtrim.xr3.11                    2.85438
xxdut.xxtrim.xr3.21                    2.81667
xxdut.xxtrim.c5                         2.8162
t3                                           0
xxdut.xxtrim.xr4.11                    2.81572
xxdut.xxtrim.xr4.21                    2.74031
xxdut.xxtrim.c6                        2.73983
t4                                           0
xxdut.xxtrim.xr5.11                    2.73935
xxdut.xxtrim.xr5.21                    2.58854
xxdut.xxtrim.c7                        2.58806
t5                                           0
xxdut.xxtrim.xr6.11                    2.58758
xxdut.xxtrim.xr6.21                    2.28595
xxdut.xxtrim.c8                        2.28547
t6                                           3
xxdut.xxtrim.xr7.11                    2.28512
xxdut.xxtrim.xr7.21                    1.84615
xxdut.vc                                1.8458
t7                                           3
xxdut.xxcmph.tail                     0.559415
xxdut.xxcmph.dp                        1.34701
xxdut.xxcmph.dn                       0.804108
xxdut.cmph_out                         1.29046
xxdut.xxcmpl.tail                     0.232377
xxdut.xxcmpl.dp                        2.97024
xxdut.xxcmpl.dn                       0.471457
xxdut.cmpl_out                     5.05465e-09
clk                                   0.658506
xxdut.qbar                             1.24959
xxdut.mid1                             2.46936
xxdut.mid2                             2.82919
vt7#branch                                   0
vt6#branch                                   0
vt5#branch                                   0
vt4#branch                                   0
vt3#branch                                   0
vt2#branch                                   0
vt1#branch                                   0
vt0#branch                                   0
vdd#branch                        -0.000647101

 Reference value :  4.43567e-08
 Reference value :  1.84573e-07
 Reference value :  3.34293e-07
 Reference value :  4.85735e-07
 Reference value :  6.30552e-07
 Reference value :  7.77604e-07
 Reference value :  9.23553e-07
 Reference value :  1.07403e-06
No. of Data Rows : 6341
ta                  =  6.42536e-08
tb                  =  3.54559e-07
ta = 6.425358e-08
tb = 3.545585e-07
period = 1.451525e-08
fosc = 6.889308e+07
ngspice-46 done

Note: Starting dynamic gmin stepping
Note: Dynamic gmin stepping completed
