====================================================================
gf180-rcosc PVT corner run: rc_s_T+027C_V3p0_code0xC0
run id      : 20260907T090653Z
process     : rc_s (fets=typical res=res_ss mimcap=mimcap_ss)
temperature : 27 C
supply      : 3 V
trim code   : 0xC0 (192)
transient   : tran 200p 1200n, f = 20 periods / (t[rise=25] - t[rise=5])
wall clock  : 2.7 s
exit status : 0
====================================================================

Note: No compatibility mode selected!


Circuit: ** sch_path: /home/ubuntu/github/gf180-rcosc/.loom/worktrees/issue-24/design/pvt_tb.sch

Doing analysis at TEMP = 27.000000 and TNOM = 27.000000

Using SPARSE 1.3 as Direct Linear Solver

Initial Transient Solution
--------------------------

Node                                   Voltage
----                                   -------
vdd                                          3
xxdut.xxbias.xrba.11                    2.9993
xxdut.xxbias.xrba.21                    2.0007
xxdut.vh                                     2
xxdut.xxbias.xrbb.11                    1.9993
xxdut.xxbias.xrbb.21                    1.0007
xxdut.vl                                     1
xxdut.xxbias.xrbc.11                  0.999299
xxdut.xxbias.xrbc.21               0.000701252
xxdut.xxbias.xrbias.11                 2.99934
xxdut.xxbias.xrbias.21                   1.014
xxdut.ibias                            1.01334
xxdut.xxtrim.xrfix.11                  2.99966
xxdut.xxtrim.xrfix.21                  2.91668
xxdut.xxtrim.c1                        2.91634
xxdut.xxtrim.xr0.11                      2.916
xxdut.xxtrim.xr0.21                    2.91239
xxdut.xxtrim.c2                        2.91205
t0                                           0
xxdut.xxtrim.xr1.11                    2.91171
xxdut.xxtrim.xr1.21                    2.90449
xxdut.xxtrim.c3                        2.90415
t1                                           0
xxdut.xxtrim.xr2.11                    2.90382
xxdut.xxtrim.xr2.21                    2.88937
xxdut.xxtrim.c4                        2.88904
t2                                           0
xxdut.xxtrim.xr3.11                     2.8887
xxdut.xxtrim.xr3.21                    2.85981
xxdut.xxtrim.c5                        2.85948
t3                                           0
xxdut.xxtrim.xr4.11                    2.85914
xxdut.xxtrim.xr4.21                    2.80137
xxdut.xxtrim.c6                        2.80103
t4                                           0
xxdut.xxtrim.xr5.11                    2.80069
xxdut.xxtrim.xr5.21                    2.68516
xxdut.xxtrim.c7                        2.68482
t5                                           0
xxdut.xxtrim.xr6.11                    2.68449
xxdut.xxtrim.xr6.21                    2.45342
xxdut.xxtrim.c8                        2.45308
t6                                           3
xxdut.xxtrim.xr7.11                    2.45275
xxdut.xxtrim.xr7.21                    1.99232
xxdut.vc                               1.99198
t7                                           3
xxdut.xxcmph.tail                     0.736323
xxdut.xxcmph.dp                        1.34391
xxdut.xxcmph.dn                        1.12837
xxdut.cmph_out                          1.2989
xxdut.xxcmpl.tail                     0.421229
xxdut.xxcmpl.dp                        2.99997
xxdut.xxcmpl.dn                       0.632769
xxdut.cmpl_out                     3.84916e-09
clk                                   0.672372
xxdut.qbar                             1.25505
xxdut.mid1                             2.48537
xxdut.mid2                             2.84337
vt7#branch                                   0
vt6#branch                                   0
vt5#branch                                   0
vt4#branch                                   0
vt3#branch                                   0
vt2#branch                                   0
vt1#branch                                   0
vt0#branch                                   0
vdd#branch                        -0.000560452

 Reference value :  4.45159e-08
 Reference value :  2.07168e-07
 Reference value :  3.72979e-07
 Reference value :  5.39221e-07
 Reference value :  7.06250e-07
 Reference value :  8.71523e-07
 Reference value :  1.03494e-06
No. of Data Rows : 6344
ta                  =  1.13724e-07
tb                  =  6.59080e-07
ta = 1.137240e-07
tb = 6.590796e-07
period = 2.726778e-08
fosc = 3.667332e+07
ngspice-46 done

Note: Starting dynamic gmin stepping
Note: Dynamic gmin stepping completed
