====================================================================
gf180-rcosc PVT corner run: rc_s_T-040C_V3p0_code0x80
run id      : 20260907T090653Z
process     : rc_s (fets=typical res=res_ss mimcap=mimcap_ss)
temperature : -40 C
supply      : 3 V
trim code   : 0x80 (128)
transient   : tran 200p 1200n, f = 20 periods / (t[rise=25] - t[rise=5])
wall clock  : 8.7 s
exit status : 0
====================================================================

Note: No compatibility mode selected!


Circuit: ** sch_path: /home/ubuntu/github/gf180-rcosc/.loom/worktrees/issue-24/design/pvt_tb.sch

Doing analysis at TEMP = -40.000000 and TNOM = 27.000000

Using SPARSE 1.3 as Direct Linear Solver

Initial Transient Solution
--------------------------

Node                                   Voltage
----                                   -------
vdd                                          3
xxdut.xxbias.xrba.11                   2.99887
xxdut.xxbias.xrba.21                     1.993
xxdut.vh                               1.99186
xxdut.xxbias.xrbb.11                   1.99075
xxdut.xxbias.xrbb.21                   1.00449
xxdut.vl                               1.00338
xxdut.xxbias.xrbc.11                   1.00225
xxdut.xxbias.xrbc.21                0.00112714
xxdut.xxbias.xrbias.11                 2.99894
xxdut.xxbias.xrbias.21                 1.02575
xxdut.ibias                             1.0247
xxdut.xxtrim.xrfix.11                  2.99796
xxdut.xxtrim.xrfix.21                  2.68701
xxdut.xxtrim.c1                        2.68497
xxdut.xxtrim.xr0.11                    2.68294
xxdut.xxtrim.xr0.21                    2.66944
xxdut.xxtrim.c2                        2.66741
t0                                           0
xxdut.xxtrim.xr1.11                    2.66539
xxdut.xxtrim.xr1.21                    2.63847
xxdut.xxtrim.c3                        2.63645
t1                                           0
xxdut.xxtrim.xr2.11                    2.63443
xxdut.xxtrim.xr2.21                    2.58079
xxdut.xxtrim.c4                        2.57877
t2                                           0
xxdut.xxtrim.xr3.11                    2.57676
xxdut.xxtrim.xr3.21                    2.46996
xxdut.xxtrim.c5                        2.46795
t3                                           0
xxdut.xxtrim.xr4.11                    2.46595
xxdut.xxtrim.xr4.21                    2.25372
xxdut.xxtrim.c6                        2.25172
t4                                           0
xxdut.xxtrim.xr5.11                    2.24975
xxdut.xxtrim.xr5.21                    1.82999
xxdut.xxtrim.c7                        1.82802
t5                                           0
xxdut.xxtrim.xr6.11                    1.82609
xxdut.xxtrim.xr6.21                    1.00295
xxdut.xxtrim.c8                        1.00102
t6                                           0
xxdut.xxtrim.xr7.11                      1.001
xxdut.xxtrim.xr7.21                   0.984439
xxdut.vc                               0.98442
t7                                           3
xxdut.xxcmph.tail                     0.534122
xxdut.xxcmph.dp                        2.99906
xxdut.xxcmph.dn                       0.763068
xxdut.cmph_out                     -0.00609934
xxdut.xxcmpl.tail                     0.042541
xxdut.xxcmpl.dp                       0.133415
xxdut.xxcmpl.dn                         1.6513
xxdut.cmpl_out                         3.01772
clk                                  -0.045335
xxdut.qbar                             2.98363
xxdut.mid1                             2.97459
xxdut.mid2                             2.51069
vt7#branch                        -3.50034e-07
vt6#branch                         4.37685e-08
vt5#branch                         3.26994e-08
vt4#branch                         3.09024e-08
vt3#branch                         2.28762e-08
vt2#branch                         1.81857e-08
vt1#branch                         1.57497e-08
vt0#branch                          1.4468e-08
vdd#branch                        -0.000239487

 Reference value :  0.00000e+00
 Reference value :  2.85275e-07
 Reference value :  5.75959e-07
 Reference value :  8.67802e-07
 Reference value :  1.16184e-06
No. of Data Rows : 6213
ta                  =  1.67252e-07
tb                  =  8.86639e-07
ta = 1.672525e-07
tb = 8.866390e-07
period = 3.596932e-08
fosc = 2.780147e+07
ngspice-46 done

Note: Starting dynamic gmin stepping
Warning: Dynamic gmin stepping failed
Note: Starting true gmin stepping
Warning: True gmin stepping failed
Note: Starting source stepping
Warning: singular matrix:  check node xxdut.vh

Warning: source stepping failed
Note: Transient op started
Note: Transient op finished successfully
