====================================================================
gf180-rcosc PVT corner run: rc_s_T+085C_V3p0_code0x80
run id      : 20260907T090653Z
process     : rc_s (fets=typical res=res_ss mimcap=mimcap_ss)
temperature : 85 C
supply      : 3 V
trim code   : 0x80 (128)
transient   : tran 200p 1200n, f = 20 periods / (t[rise=25] - t[rise=5])
wall clock  : 2.3 s
exit status : 0
====================================================================

Note: No compatibility mode selected!


Circuit: ** sch_path: /home/ubuntu/github/gf180-rcosc/.loom/worktrees/issue-24/design/pvt_tb.sch

Doing analysis at TEMP = 85.000000 and TNOM = 27.000000

Using SPARSE 1.3 as Direct Linear Solver

Initial Transient Solution
--------------------------

Node                                   Voltage
----                                   -------
vdd                                          3
xxdut.xxbias.xrba.11                   2.99949
xxdut.xxbias.xrba.21                   2.00051
xxdut.vh                                     2
xxdut.xxbias.xrbb.11                   1.99949
xxdut.xxbias.xrbb.21                   1.00051
xxdut.vl                                     1
xxdut.xxbias.xrbc.11                  0.999494
xxdut.xxbias.xrbc.21               0.000506103
xxdut.xxbias.xrbias.11                 2.99952
xxdut.xxbias.xrbias.21                 1.00669
xxdut.ibias                            1.00621
xxdut.xxtrim.xrfix.11                  2.99975
xxdut.xxtrim.xrfix.21                  2.91413
xxdut.xxtrim.c1                        2.91388
xxdut.xxtrim.xr0.11                    2.91362
xxdut.xxtrim.xr0.21                     2.9099
xxdut.xxtrim.c2                        2.90965
t0                                           0
xxdut.xxtrim.xr1.11                     2.9094
xxdut.xxtrim.xr1.21                    2.90195
xxdut.xxtrim.c3                        2.90169
t1                                           0
xxdut.xxtrim.xr2.11                    2.90144
xxdut.xxtrim.xr2.21                    2.88654
xxdut.xxtrim.c4                        2.88629
t2                                           0
xxdut.xxtrim.xr3.11                    2.88604
xxdut.xxtrim.xr3.21                    2.85624
xxdut.xxtrim.c5                        2.85599
t3                                           0
xxdut.xxtrim.xr4.11                    2.85573
xxdut.xxtrim.xr4.21                    2.79613
xxdut.xxtrim.c6                        2.79588
t4                                           0
xxdut.xxtrim.xr5.11                    2.79563
xxdut.xxtrim.xr5.21                    2.67643
xxdut.xxtrim.c7                        2.67617
t5                                           0
xxdut.xxtrim.xr6.11                    2.67592
xxdut.xxtrim.xr6.21                    2.43752
xxdut.xxtrim.c8                        2.43727
t6                                           0
xxdut.xxtrim.xr7.11                    2.43702
xxdut.xxtrim.xr7.21                    1.97562
xxdut.vc                               1.97538
t7                                           3
xxdut.xxcmph.tail                     0.729797
xxdut.xxcmph.dp                        1.34685
xxdut.xxcmph.dn                        1.06738
xxdut.cmph_out                         1.29942
xxdut.xxcmpl.tail                     0.337386
xxdut.xxcmpl.dp                        2.99689
xxdut.xxcmpl.dn                       0.555874
xxdut.cmpl_out                     4.83237e-09
clk                                   0.617594
xxdut.qbar                             1.25168
xxdut.mid1                             2.44427
xxdut.mid2                             2.82961
vt7#branch                                   0
vt6#branch                                   0
vt5#branch                                   0
vt4#branch                                   0
vt3#branch                                   0
vt2#branch                                   0
vt1#branch                                   0
vt0#branch                                   0
vdd#branch                        -0.000551356

 Reference value :  4.92817e-08
 Reference value :  2.29303e-07
 Reference value :  4.16457e-07
 Reference value :  6.05844e-07
 Reference value :  7.95394e-07
 Reference value :  9.86945e-07
 Reference value :  1.17578e-06
No. of Data Rows : 6211
ta                  =  1.31637e-07
tb                  =  7.63378e-07
ta = 1.316367e-07
tb = 7.633779e-07
period = 3.158706e-08
fosc = 3.165853e+07
ngspice-46 done

Note: Starting dynamic gmin stepping
Note: Dynamic gmin stepping completed
