====================================================================
gf180-rcosc PVT corner run: sf_T-040C_V3p3_code0x80
run id      : 20260907T090653Z
process     : sf (fets=sf res=res_typical mimcap=mimcap_typical)
temperature : -40 C
supply      : 3.3 V
trim code   : 0x80 (128)
transient   : tran 200p 1200n, f = 20 periods / (t[rise=25] - t[rise=5])
wall clock  : 12.9 s
exit status : 0
====================================================================

Note: No compatibility mode selected!


Circuit: ** sch_path: /home/ubuntu/github/gf180-rcosc/.loom/worktrees/issue-24/design/pvt_tb.sch

Doing analysis at TEMP = -40.000000 and TNOM = 27.000000

Using SPARSE 1.3 as Direct Linear Solver

Initial Transient Solution
--------------------------

Node                                   Voltage
----                                   -------
vdd                                        3.3
xxdut.xxbias.xrba.11                   3.29848
xxdut.xxbias.xrba.21                   2.17691
xxdut.vh                                2.1754
xxdut.xxbias.xrbb.11                   2.17392
xxdut.xxbias.xrbb.21                   1.07618
xxdut.vl                               1.07469
xxdut.xxbias.xrbc.11                   1.07325
xxdut.xxbias.xrbc.21                0.00144805
xxdut.xxbias.xrbias.11                 3.29861
xxdut.xxbias.xrbias.21                 1.13149
xxdut.ibias                            1.13009
xxdut.xxtrim.xrfix.11                   3.2975
xxdut.xxtrim.xrfix.21                  2.97968
xxdut.xxtrim.c1                        2.97718
xxdut.xxtrim.xr0.11                    2.97461
xxdut.xxtrim.xr0.21                    2.96038
xxdut.xxtrim.c2                        2.95781
t0                                           0
xxdut.xxtrim.xr1.11                    2.95513
xxdut.xxtrim.xr1.21                     2.9255
xxdut.xxtrim.c3                        2.92283
t1                                           0
xxdut.xxtrim.xr2.11                    2.92003
xxdut.xxtrim.xr2.21                    2.85811
xxdut.xxtrim.c4                        2.85532
t2                                           0
xxdut.xxtrim.xr3.11                    2.85237
xxdut.xxtrim.xr3.21                    2.72183
xxdut.xxtrim.c5                        2.71888
t3                                           0
xxdut.xxtrim.xr4.11                    2.71571
xxdut.xxtrim.xr4.21                    2.43465
xxdut.xxtrim.c6                        2.43148
t4                                           0
xxdut.xxtrim.xr5.11                    2.42788
xxdut.xxtrim.xr5.21                    1.79134
xxdut.xxtrim.c7                        1.78774
t5                                           0
xxdut.xxtrim.xr6.11                    1.78313
xxdut.xxtrim.xr6.21                   0.148219
xxdut.xxtrim.c8                       0.143606
t6                                           0
xxdut.xxtrim.xr7.11                   0.143519
xxdut.xxtrim.xr7.21                  0.0814307
xxdut.vc                             0.0813431
t7                                         3.3
xxdut.xxcmph.tail                     0.650039
xxdut.xxcmph.dp                         3.2056
xxdut.xxcmph.dn                        1.18729
xxdut.cmph_out                       0.0091316
xxdut.xxcmpl.tail                     0.043945
xxdut.xxcmpl.dp                        3.16108
xxdut.xxcmpl.dn                        1.88678
xxdut.cmpl_out                       0.0318569
clk                                    2.72828
xxdut.qbar                           0.0790476
xxdut.mid1                             3.35376
xxdut.mid2                             3.02111
vt7#branch                        -1.12511e-05
vt6#branch                        -1.45769e-06
vt5#branch                        -9.57523e-07
vt4#branch                        -5.84244e-07
vt3#branch                        -4.05003e-07
vt2#branch                        -3.19807e-07
vt1#branch                        -2.77584e-07
vt0#branch                        -2.54618e-07
vdd#branch                        -0.000326898

 Reference value :  0.00000e+00
 Reference value :  1.53966e-07
 Reference value :  3.16769e-07
 Reference value :  4.79276e-07
 Reference value :  6.44087e-07
 Reference value :  8.06869e-07
 Reference value :  9.65018e-07
 Reference value :  1.12936e-06
No. of Data Rows : 6392
ta                  =  1.43390e-07
tb                  =  7.19936e-07
ta = 1.433896e-07
tb = 7.199365e-07
period = 2.882734e-08
fosc = 3.468929e+07
ngspice-46 done

Note: Starting dynamic gmin stepping
Warning: Dynamic gmin stepping failed
Note: Starting true gmin stepping
Warning: True gmin stepping failed
Note: Starting source stepping
Warning: singular matrix:  check node xxdut.vh

Warning: source stepping failed
Note: Transient op started
Note: Transient op finished successfully
