====================================================================
gf180-rcosc PVT corner run: sf_T-040C_V3p3_code0xC0
run id      : 20260907T090653Z
process     : sf (fets=sf res=res_typical mimcap=mimcap_typical)
temperature : -40 C
supply      : 3.3 V
trim code   : 0xC0 (192)
transient   : tran 200p 1200n, f = 20 periods / (t[rise=25] - t[rise=5])
wall clock  : 13.9 s
exit status : 0
====================================================================

Note: No compatibility mode selected!


Circuit: ** sch_path: /home/ubuntu/github/gf180-rcosc/.loom/worktrees/issue-24/design/pvt_tb.sch

Doing analysis at TEMP = -40.000000 and TNOM = 27.000000

Using SPARSE 1.3 as Direct Linear Solver

Initial Transient Solution
--------------------------

Node                                   Voltage
----                                   -------
vdd                                        3.3
xxdut.xxbias.xrba.11                   3.29852
xxdut.xxbias.xrba.21                   2.20595
xxdut.vh                               2.20447
xxdut.xxbias.xrbb.11                   2.20299
xxdut.xxbias.xrbb.21                   1.10418
xxdut.vl                                1.1027
xxdut.xxbias.xrbc.11                   1.10121
xxdut.xxbias.xrbc.21                0.00148578
xxdut.xxbias.xrbias.11                 3.29862
xxdut.xxbias.xrbias.21                 1.15343
xxdut.ibias                            1.15205
xxdut.xxtrim.xrfix.11                  3.29929
xxdut.xxtrim.xrfix.21                  3.20932
xxdut.xxtrim.c1                        3.20861
xxdut.xxtrim.xr0.11                    3.20791
xxdut.xxtrim.xr0.21                      3.204
xxdut.xxtrim.c2                         3.2033
t0                                           0
xxdut.xxtrim.xr1.11                    3.20259
xxdut.xxtrim.xr1.21                    3.19482
xxdut.xxtrim.c3                        3.19412
t1                                           0
xxdut.xxtrim.xr2.11                    3.19343
xxdut.xxtrim.xr2.21                    3.17798
xxdut.xxtrim.c4                        3.17728
t2                                           0
xxdut.xxtrim.xr3.11                    3.17658
xxdut.xxtrim.xr3.21                    3.14587
xxdut.xxtrim.c5                        3.14518
t3                                           0
xxdut.xxtrim.xr4.11                    3.14449
xxdut.xxtrim.xr4.21                    3.08349
xxdut.xxtrim.c6                        3.08281
t4                                           0
xxdut.xxtrim.xr5.11                    3.08212
xxdut.xxtrim.xr5.21                    2.96101
xxdut.xxtrim.c7                        2.96033
t5                                           0
xxdut.xxtrim.xr6.11                    2.95965
xxdut.xxtrim.xr6.21                    2.71858
xxdut.xxtrim.c8                         2.7179
t6                                         3.3
xxdut.xxtrim.xr7.11                    2.71724
xxdut.xxtrim.xr7.21                    2.25494
xxdut.vc                               2.25428
t7                                         3.3
xxdut.xxcmph.tail                     0.806043
xxdut.xxcmph.dp                        1.61487
xxdut.xxcmph.dn                        1.54894
xxdut.cmph_out                        0.446859
xxdut.xxcmpl.tail                      0.64514
xxdut.xxcmpl.dp                        3.29585
xxdut.xxcmpl.dn                       0.985518
xxdut.cmpl_out                      -0.0246439
clk                                 0.00321818
xxdut.qbar                             3.30475
xxdut.mid1                             3.31583
xxdut.mid2                             3.29849
vt7#branch                         5.19665e-06
vt6#branch                          8.2826e-06
vt5#branch                         3.22012e-07
vt4#branch                        -2.37959e-08
vt3#branch                        -2.34049e-08
vt2#branch                        -1.50989e-08
vt1#branch                         -9.8543e-09
vt0#branch                         -5.0522e-09
vdd#branch                        -0.000518833

 Reference value :  0.00000e+00
 Reference value :  1.46100e-07
 Reference value :  2.97913e-07
 Reference value :  4.75992e-07
 Reference value :  6.85403e-07
 Reference value :  8.94742e-07
 Reference value :  1.12076e-06
No. of Data Rows : 6423
ta                  =  9.61922e-08
tb                  =  5.73541e-07
ta = 9.619224e-08
tb = 5.735415e-07
period = 2.386746e-08
fosc = 4.189804e+07
ngspice-46 done

Note: Starting dynamic gmin stepping
Warning: Dynamic gmin stepping failed
Note: Starting true gmin stepping
Warning: True gmin stepping failed
Note: Starting source stepping
Warning: singular matrix:  check node xxdut.vh

Warning: source stepping failed
Note: Transient op started
Note: Transient op finished successfully
