====================================================================
gf180-rcosc PVT corner run: sf_T-040C_V3p6_code0xBF
run id      : 20260907T090653Z
process     : sf (fets=sf res=res_typical mimcap=mimcap_typical)
temperature : -40 C
supply      : 3.6 V
trim code   : 0xBF (191)
transient   : tran 200p 1200n, f = 20 periods / (t[rise=25] - t[rise=5])
wall clock  : 3.0 s
exit status : 0
====================================================================

Note: No compatibility mode selected!


Circuit: ** sch_path: /home/ubuntu/github/gf180-rcosc/.loom/worktrees/issue-24/design/pvt_tb.sch

Doing analysis at TEMP = -40.000000 and TNOM = 27.000000

Using SPARSE 1.3 as Direct Linear Solver

Initial Transient Solution
--------------------------

Node                                   Voltage
----                                   -------
vdd                                        3.6
xxdut.xxbias.xrba.11                   3.59838
xxdut.xxbias.xrba.21                   2.40162
xxdut.vh                                   2.4
xxdut.xxbias.xrbb.11                   2.39838
xxdut.xxbias.xrbb.21                   1.20162
xxdut.vl                                   1.2
xxdut.xxbias.xrbc.11                   1.19838
xxdut.xxbias.xrbc.21                0.00161689
xxdut.xxbias.xrbias.11                 3.59844
xxdut.xxbias.xrbias.21                 1.17473
xxdut.ibias                            1.17317
xxdut.xxtrim.xrfix.11                  3.59923
xxdut.xxtrim.xrfix.21                  3.50112
xxdut.xxtrim.c1                        3.50035
xxdut.xxtrim.xr0.11                    3.49958
xxdut.xxtrim.xr0.21                    3.49531
xxdut.xxtrim.c2                        3.49454
t0                                         3.6
xxdut.xxtrim.xr1.11                    3.49377
xxdut.xxtrim.xr1.21                    3.48523
xxdut.xxtrim.c3                        3.48446
t1                                         3.6
xxdut.xxtrim.xr2.11                    3.48369
xxdut.xxtrim.xr2.21                    3.46661
xxdut.xxtrim.c4                        3.46584
t2                                         3.6
xxdut.xxtrim.xr3.11                    3.46507
xxdut.xxtrim.xr3.21                    3.43093
xxdut.xxtrim.c5                        3.43015
t3                                         3.6
xxdut.xxtrim.xr4.11                    3.42938
xxdut.xxtrim.xr4.21                    3.36109
xxdut.xxtrim.c6                        3.36032
t4                                         3.6
xxdut.xxtrim.xr5.11                    3.35955
xxdut.xxtrim.xr5.21                    3.22295
xxdut.xxtrim.c7                        3.22218
t5                                         3.6
xxdut.xxtrim.xr6.11                    3.22141
xxdut.xxtrim.xr6.21                    2.94822
xxdut.xxtrim.c8                        2.94745
t6                                           0
xxdut.xxtrim.xr7.11                    2.94668
xxdut.xxtrim.xr7.21                    2.40046
xxdut.vc                               2.39969
t7                                         3.6
xxdut.xxcmph.tail                     0.923528
xxdut.xxcmph.dp                        1.73357
xxdut.xxcmph.dn                        1.71462
xxdut.cmph_out                         1.68384
xxdut.xxcmpl.tail                     0.749652
xxdut.xxcmpl.dp                            3.6
xxdut.xxcmpl.dn                        1.18069
xxdut.cmpl_out                     4.27649e-09
clk                                   0.834436
xxdut.qbar                             1.60545
xxdut.mid1                             2.91578
xxdut.mid2                             3.38769
vt7#branch                                   0
vt6#branch                                   0
vt5#branch                                   0
vt4#branch                                   0
vt3#branch                                   0
vt2#branch                                   0
vt1#branch                                   0
vt0#branch                                   0
vdd#branch                         -0.00094807

 Reference value :  4.40143e-08
 Reference value :  2.00048e-07
 Reference value :  3.58779e-07
 Reference value :  5.18541e-07
 Reference value :  6.82005e-07
 Reference value :  8.37660e-07
 Reference value :  9.98511e-07
 Reference value :  1.15714e-06
No. of Data Rows : 6444
ta                  =  1.09879e-07
tb                  =  6.39127e-07
ta = 1.098787e-07
tb = 6.391266e-07
period = 2.646239e-08
fosc = 3.778947e+07
ngspice-46 done

Note: Starting dynamic gmin stepping
Note: Dynamic gmin stepping completed
