====================================================================
gf180-rcosc PVT corner run: sf_T+085C_V3p6_code0xC0
run id      : 20260907T090653Z
process     : sf (fets=sf res=res_typical mimcap=mimcap_typical)
temperature : 85 C
supply      : 3.6 V
trim code   : 0xC0 (192)
transient   : tran 200p 1200n, f = 20 periods / (t[rise=25] - t[rise=5])
wall clock  : 2.9 s
exit status : 0
====================================================================

Note: No compatibility mode selected!


Circuit: ** sch_path: /home/ubuntu/github/gf180-rcosc/.loom/worktrees/issue-24/design/pvt_tb.sch

Doing analysis at TEMP = 85.000000 and TNOM = 27.000000

Using SPARSE 1.3 as Direct Linear Solver

Initial Transient Solution
--------------------------

Node                                   Voltage
----                                   -------
vdd                                        3.6
xxdut.xxbias.xrba.11                   3.59927
xxdut.xxbias.xrba.21                   2.40073
xxdut.vh                                   2.4
xxdut.xxbias.xrbb.11                   2.39927
xxdut.xxbias.xrbb.21                   1.20073
xxdut.vl                                   1.2
xxdut.xxbias.xrbc.11                   1.19927
xxdut.xxbias.xrbc.21                0.00072864
xxdut.xxbias.xrbias.11                  3.5993
xxdut.xxbias.xrbias.21                  1.1897
xxdut.ibias                              1.189
xxdut.xxtrim.xrfix.11                  3.59964
xxdut.xxtrim.xrfix.21                  3.49887
xxdut.xxtrim.c1                        3.49851
xxdut.xxtrim.xr0.11                    3.49815
xxdut.xxtrim.xr0.21                    3.49377
xxdut.xxtrim.c2                        3.49341
t0                                           0
xxdut.xxtrim.xr1.11                    3.49306
xxdut.xxtrim.xr1.21                    3.48429
xxdut.xxtrim.c3                        3.48393
t1                                           0
xxdut.xxtrim.xr2.11                    3.48358
xxdut.xxtrim.xr2.21                    3.46604
xxdut.xxtrim.c4                        3.46568
t2                                           0
xxdut.xxtrim.xr3.11                    3.46532
xxdut.xxtrim.xr3.21                    3.43025
xxdut.xxtrim.c5                        3.42989
t3                                           0
xxdut.xxtrim.xr4.11                    3.42954
xxdut.xxtrim.xr4.21                    3.35938
xxdut.xxtrim.c6                        3.35903
t4                                           0
xxdut.xxtrim.xr5.11                    3.35867
xxdut.xxtrim.xr5.21                    3.21836
xxdut.xxtrim.c7                        3.21801
t5                                           0
xxdut.xxtrim.xr6.11                    3.21765
xxdut.xxtrim.xr6.21                    2.93703
xxdut.xxtrim.c8                        2.93668
t6                                         3.6
xxdut.xxtrim.xr7.11                    2.93633
xxdut.xxtrim.xr7.21                    2.39261
xxdut.vc                               2.39227
t7                                         3.6
xxdut.xxcmph.tail                     0.906419
xxdut.xxcmph.dp                        1.74526
xxdut.xxcmph.dn                        1.51848
xxdut.cmph_out                         1.69266
xxdut.xxcmpl.tail                      0.50768
xxdut.xxcmpl.dp                         3.5997
xxdut.xxcmpl.dn                       0.855781
xxdut.cmpl_out                     7.88925e-09
clk                                   0.718279
xxdut.qbar                             1.61284
xxdut.mid1                              2.8259
xxdut.mid2                             3.36417
vt7#branch                                   0
vt6#branch                                   0
vt5#branch                                   0
vt4#branch                                   0
vt3#branch                                   0
vt2#branch                                   0
vt1#branch                                   0
vt0#branch                                   0
vdd#branch                        -0.000872712

 Reference value :  4.87420e-08
 Reference value :  1.98515e-07
 Reference value :  3.53665e-07
 Reference value :  5.09112e-07
 Reference value :  6.67708e-07
 Reference value :  8.31411e-07
 Reference value :  9.93377e-07
 Reference value :  1.15424e-06
No. of Data Rows : 6308
ta                  =  8.45980e-08
tb                  =  4.86483e-07
ta = 8.459804e-08
tb = 4.864833e-07
period = 2.009426e-08
fosc = 4.976545e+07
ngspice-46 done

Note: Starting dynamic gmin stepping
Note: Dynamic gmin stepping completed
