====================================================================
gf180-rcosc PVT corner run: ss_T+085C_V3p6_code0xEF
run id      : 20260907T090653Z
process     : ss (fets=ss res=res_ss mimcap=mimcap_ss)
temperature : 85 C
supply      : 3.6 V
trim code   : 0xEF (239)
transient   : tran 200p 1200n, f = 20 periods / (t[rise=25] - t[rise=5])
wall clock  : 2.8 s
exit status : 0
====================================================================

Note: No compatibility mode selected!


Circuit: ** sch_path: /home/ubuntu/github/gf180-rcosc/.loom/worktrees/issue-24/design/pvt_tb.sch

Doing analysis at TEMP = 85.000000 and TNOM = 27.000000

Using SPARSE 1.3 as Direct Linear Solver

Initial Transient Solution
--------------------------

Node                                   Voltage
----                                   -------
vdd                                        3.6
xxdut.xxbias.xrba.11                   3.59939
xxdut.xxbias.xrba.21                   2.40061
xxdut.vh                                   2.4
xxdut.xxbias.xrbb.11                   2.39939
xxdut.xxbias.xrbb.21                   1.20061
xxdut.vl                                   1.2
xxdut.xxbias.xrbc.11                   1.19939
xxdut.xxbias.xrbc.21               0.000607323
xxdut.xxbias.xrbias.11                 3.59942
xxdut.xxbias.xrbias.21                 1.18052
xxdut.ibias                            1.17994
xxdut.xxtrim.xrfix.11                   3.5997
xxdut.xxtrim.xrfix.21                  3.49866
xxdut.xxtrim.c1                        3.49836
xxdut.xxtrim.xr0.11                    3.49806
xxdut.xxtrim.xr0.21                    3.49367
xxdut.xxtrim.c2                        3.49337
t0                                         3.6
xxdut.xxtrim.xr1.11                    3.49307
xxdut.xxtrim.xr1.21                    3.48428
xxdut.xxtrim.c3                        3.48398
t1                                         3.6
xxdut.xxtrim.xr2.11                    3.48369
xxdut.xxtrim.xr2.21                     3.4661
xxdut.xxtrim.c4                         3.4658
t2                                         3.6
xxdut.xxtrim.xr3.11                    3.46551
xxdut.xxtrim.xr3.21                    3.43034
xxdut.xxtrim.c5                        3.43004
t3                                         3.6
xxdut.xxtrim.xr4.11                    3.42974
xxdut.xxtrim.xr4.21                     3.3594
xxdut.xxtrim.c6                        3.35911
t4                                           0
xxdut.xxtrim.xr5.11                    3.35881
xxdut.xxtrim.xr5.21                    3.21813
xxdut.xxtrim.c7                        3.21783
t5                                         3.6
xxdut.xxtrim.xr6.11                    3.21754
xxdut.xxtrim.xr6.21                    2.93618
xxdut.xxtrim.c8                        2.93589
t6                                         3.6
xxdut.xxtrim.xr7.11                    2.93559
xxdut.xxtrim.xr7.21                    2.38329
xxdut.vc                               2.38299
t7                                         3.6
xxdut.xxcmph.tail                     0.900578
xxdut.xxcmph.dp                        1.62658
xxdut.xxcmph.dn                         1.3438
xxdut.cmph_out                         1.56911
xxdut.xxcmpl.tail                     0.446075
xxdut.xxcmpl.dp                        3.59905
xxdut.xxcmpl.dn                         0.7162
xxdut.cmpl_out                     5.83167e-09
clk                                   0.737912
xxdut.qbar                             1.50524
xxdut.mid1                             2.92936
xxdut.mid2                             3.39128
vt7#branch                                   0
vt6#branch                                   0
vt5#branch                                   0
vt4#branch                                   0
vt3#branch                                   0
vt2#branch                                   0
vt1#branch                                   0
vt0#branch                                   0
vdd#branch                        -0.000689356

 Reference value :  4.99485e-08
 Reference value :  2.09987e-07
 Reference value :  3.69187e-07
 Reference value :  5.32376e-07
 Reference value :  7.01620e-07
 Reference value :  8.65817e-07
 Reference value :  1.03264e-06
No. of Data Rows : 6237
ta                  =  9.48944e-08
tb                  =  5.44616e-07
ta = 9.489435e-08
tb = 5.446160e-07
period = 2.248608e-08
fosc = 4.447195e+07
ngspice-46 done

Note: Starting dynamic gmin stepping
Note: Dynamic gmin stepping completed
