====================================================================
gf180-rcosc PVT corner run: ss_T+027C_V3p3_code0xEF
run id      : 20260907T090653Z
process     : ss (fets=ss res=res_ss mimcap=mimcap_ss)
temperature : 27 C
supply      : 3.3 V
trim code   : 0xEF (239)
transient   : tran 200p 1200n, f = 20 periods / (t[rise=25] - t[rise=5])
wall clock  : 1.3 s
exit status : 0
====================================================================

Note: No compatibility mode selected!


Circuit: ** sch_path: /home/ubuntu/github/gf180-rcosc/.loom/worktrees/issue-24/design/pvt_tb.sch

Doing analysis at TEMP = 27.000000 and TNOM = 27.000000

Using SPARSE 1.3 as Direct Linear Solver

Initial Transient Solution
--------------------------

Node                                   Voltage
----                                   -------
vdd                                        3.3
xxdut.xxbias.xrba.11                   3.29923
xxdut.xxbias.xrba.21                   2.20077
xxdut.vh                                   2.2
xxdut.xxbias.xrbb.11                   2.19923
xxdut.xxbias.xrbb.21                   1.10077
xxdut.vl                                   1.1
xxdut.xxbias.xrbc.11                   1.09923
xxdut.xxbias.xrbc.21               0.000771378
xxdut.xxbias.xrbias.11                 3.29928
xxdut.xxbias.xrbias.21                 1.15328
xxdut.ibias                            1.15256
xxdut.xxtrim.xrfix.11                  3.29963
xxdut.xxtrim.xrfix.21                  3.20845
xxdut.xxtrim.c1                        3.20808
xxdut.xxtrim.xr0.11                    3.20771
xxdut.xxtrim.xr0.21                    3.20374
xxdut.xxtrim.c2                        3.20337
t0                                         3.3
xxdut.xxtrim.xr1.11                      3.203
xxdut.xxtrim.xr1.21                    3.19507
xxdut.xxtrim.c3                        3.19469
t1                                         3.3
xxdut.xxtrim.xr2.11                    3.19432
xxdut.xxtrim.xr2.21                    3.17845
xxdut.xxtrim.c4                        3.17808
t2                                         3.3
xxdut.xxtrim.xr3.11                    3.17771
xxdut.xxtrim.xr3.21                    3.14598
xxdut.xxtrim.c5                         3.1456
t3                                         3.3
xxdut.xxtrim.xr4.11                    3.14523
xxdut.xxtrim.xr4.21                    3.08176
xxdut.xxtrim.c6                        3.08139
t4                                           0
xxdut.xxtrim.xr5.11                    3.08102
xxdut.xxtrim.xr5.21                    2.95408
xxdut.xxtrim.c7                        2.95371
t5                                         3.3
xxdut.xxtrim.xr6.11                    2.95334
xxdut.xxtrim.xr6.21                    2.69946
xxdut.xxtrim.c8                        2.69909
t6                                         3.3
xxdut.xxtrim.xr7.11                    2.69872
xxdut.xxtrim.xr7.21                     2.1912
xxdut.vc                               2.19082
t7                                         3.3
xxdut.xxcmph.tail                     0.771568
xxdut.xxcmph.dp                        1.48562
xxdut.xxcmph.dn                        1.20644
xxdut.cmph_out                         1.43656
xxdut.xxcmpl.tail                     0.432292
xxdut.xxcmpl.dp                        3.29999
xxdut.xxcmpl.dn                       0.666222
xxdut.cmpl_out                      4.4423e-09
clk                                     0.7881
xxdut.qbar                             1.39219
xxdut.mid1                             2.77094
xxdut.mid2                             3.14143
vt7#branch                                   0
vt6#branch                                   0
vt5#branch                                   0
vt4#branch                                   0
vt3#branch                                   0
vt2#branch                                   0
vt1#branch                                   0
vt0#branch                                   0
vdd#branch                        -0.000578458

 Reference value :  1.34331e-07
 Reference value :  3.88395e-07
 Reference value :  6.48160e-07
 Reference value :  8.97945e-07
 Reference value :  1.16352e-06
No. of Data Rows : 6315
ta                  =  1.08089e-07
tb                  =  6.22972e-07
ta = 1.080886e-07
tb = 6.229725e-07
period = 2.574419e-08
fosc = 3.884371e+07
ngspice-46 done

Note: Starting dynamic gmin stepping
Note: Dynamic gmin stepping completed
