====================================================================
gf180-rcosc PVT corner run: ss_T+085C_V3p3_code0xEF
run id      : 20260907T090653Z
process     : ss (fets=ss res=res_ss mimcap=mimcap_ss)
temperature : 85 C
supply      : 3.3 V
trim code   : 0xEF (239)
transient   : tran 200p 1200n, f = 20 periods / (t[rise=25] - t[rise=5])
wall clock  : 2.7 s
exit status : 0
====================================================================

Note: No compatibility mode selected!


Circuit: ** sch_path: /home/ubuntu/github/gf180-rcosc/.loom/worktrees/issue-24/design/pvt_tb.sch

Doing analysis at TEMP = 85.000000 and TNOM = 27.000000

Using SPARSE 1.3 as Direct Linear Solver

Initial Transient Solution
--------------------------

Node                                   Voltage
----                                   -------
vdd                                        3.3
xxdut.xxbias.xrba.11                   3.29944
xxdut.xxbias.xrba.21                   2.20056
xxdut.vh                                   2.2
xxdut.xxbias.xrbb.11                   2.19944
xxdut.xxbias.xrbb.21                   1.10056
xxdut.vl                                   1.1
xxdut.xxbias.xrbc.11                   1.09944
xxdut.xxbias.xrbc.21               0.000556713
xxdut.xxbias.xrbias.11                 3.29948
xxdut.xxbias.xrbias.21                 1.15108
xxdut.ibias                            1.15056
xxdut.xxtrim.xrfix.11                  3.29973
xxdut.xxtrim.xrfix.21                  3.20679
xxdut.xxtrim.c1                        3.20652
xxdut.xxtrim.xr0.11                    3.20624
xxdut.xxtrim.xr0.21                     3.2022
xxdut.xxtrim.c2                        3.20193
t0                                         3.3
xxdut.xxtrim.xr1.11                    3.20165
xxdut.xxtrim.xr1.21                    3.19357
xxdut.xxtrim.c3                        3.19329
t1                                         3.3
xxdut.xxtrim.xr2.11                    3.19302
xxdut.xxtrim.xr2.21                    3.17685
xxdut.xxtrim.c4                        3.17657
t2                                         3.3
xxdut.xxtrim.xr3.11                     3.1763
xxdut.xxtrim.xr3.21                    3.14395
xxdut.xxtrim.c5                        3.14368
t3                                         3.3
xxdut.xxtrim.xr4.11                     3.1434
xxdut.xxtrim.xr4.21                    3.07871
xxdut.xxtrim.c6                        3.07844
t4                                           0
xxdut.xxtrim.xr5.11                    3.07816
xxdut.xxtrim.xr5.21                    2.94877
xxdut.xxtrim.c7                         2.9485
t5                                         3.3
xxdut.xxtrim.xr6.11                    2.94823
xxdut.xxtrim.xr6.21                    2.68945
xxdut.xxtrim.c8                        2.68918
t6                                         3.3
xxdut.xxtrim.xr7.11                     2.6889
xxdut.xxtrim.xr7.21                    2.17447
xxdut.vc                                2.1742
t7                                         3.3
xxdut.xxcmph.tail                     0.760982
xxdut.xxcmph.dp                        1.48921
xxdut.xxcmph.dn                        1.13538
xxdut.cmph_out                         1.43771
xxdut.xxcmpl.tail                     0.345398
xxdut.xxcmpl.dp                        3.29809
xxdut.xxcmpl.dn                       0.586952
xxdut.cmpl_out                     5.30739e-09
clk                                   0.733881
xxdut.qbar                             1.38831
xxdut.mid1                             2.73002
xxdut.mid2                             3.12812
vt7#branch                                   0
vt6#branch                                   0
vt5#branch                                   0
vt4#branch                                   0
vt3#branch                                   0
vt2#branch                                   0
vt1#branch                                   0
vt0#branch                                   0
vdd#branch                        -0.000567369

 Reference value :  4.75636e-08
 Reference value :  2.08813e-07
 Reference value :  3.74505e-07
 Reference value :  5.42587e-07
 Reference value :  7.08922e-07
 Reference value :  8.69445e-07
 Reference value :  1.03457e-06
No. of Data Rows : 6294
ta                  =  1.04186e-07
tb                  =  5.92203e-07
ta = 1.041857e-07
tb = 5.922028e-07
period = 2.440086e-08
fosc = 4.098217e+07
ngspice-46 done

Note: Starting dynamic gmin stepping
Note: Dynamic gmin stepping completed
