====================================================================
gf180-rcosc PVT corner run: ss_T-040C_V3p3_code0xEF
run id      : 20260907T090653Z
process     : ss (fets=ss res=res_ss mimcap=mimcap_ss)
temperature : -40 C
supply      : 3.3 V
trim code   : 0xEF (239)
transient   : tran 200p 1200n, f = 20 periods / (t[rise=25] - t[rise=5])
wall clock  : 12.9 s
exit status : 0
====================================================================

Note: No compatibility mode selected!


Circuit: ** sch_path: /home/ubuntu/github/gf180-rcosc/.loom/worktrees/issue-24/design/pvt_tb.sch

Doing analysis at TEMP = -40.000000 and TNOM = 27.000000

Using SPARSE 1.3 as Direct Linear Solver

Initial Transient Solution
--------------------------

Node                                   Voltage
----                                   -------
vdd                                        3.3
xxdut.xxbias.xrba.11                   3.29877
xxdut.xxbias.xrba.21                   2.20648
xxdut.vh                               2.20525
xxdut.xxbias.xrbb.11                   2.20401
xxdut.xxbias.xrbb.21                    1.1045
xxdut.vl                               1.10326
xxdut.xxbias.xrbc.11                   1.10202
xxdut.xxbias.xrbc.21                0.00123934
xxdut.xxbias.xrbias.11                 3.29885
xxdut.xxbias.xrbias.21                 1.15704
xxdut.ibias                            1.15589
xxdut.xxtrim.xrfix.11                  3.29932
xxdut.xxtrim.xrfix.21                  3.19513
xxdut.xxtrim.c1                        3.19445
xxdut.xxtrim.xr0.11                    3.19376
xxdut.xxtrim.xr0.21                    3.18922
xxdut.xxtrim.c2                        3.18854
t0                                         3.3
xxdut.xxtrim.xr1.11                    3.18787
xxdut.xxtrim.xr1.21                     3.1789
xxdut.xxtrim.c3                        3.17822
t1                                         3.3
xxdut.xxtrim.xr2.11                    3.17756
xxdut.xxtrim.xr2.21                    3.15994
xxdut.xxtrim.c4                        3.15928
t2                                         3.3
xxdut.xxtrim.xr3.11                    3.15863
xxdut.xxtrim.xr3.21                    3.12422
xxdut.xxtrim.c5                        3.12357
t3                                         3.3
xxdut.xxtrim.xr4.11                    3.12289
xxdut.xxtrim.xr4.21                     3.0503
xxdut.xxtrim.c6                        3.04962
t4                                           0
xxdut.xxtrim.xr5.11                    3.04896
xxdut.xxtrim.xr5.21                    2.90854
xxdut.xxtrim.c7                        2.90788
t5                                         3.3
xxdut.xxtrim.xr6.11                    2.90723
xxdut.xxtrim.xr6.21                       2.63
xxdut.xxtrim.c8                        2.62935
t6                                         3.3
xxdut.xxtrim.xr7.11                    2.62872
xxdut.xxtrim.xr7.21                    2.09511
xxdut.vc                               2.09448
t7                                         3.3
xxdut.xxcmph.tail                      0.73854
xxdut.xxcmph.dp                        2.97377
xxdut.xxcmph.dn                         1.1501
xxdut.cmph_out                      -0.0032968
xxdut.xxcmpl.tail                     0.523134
xxdut.xxcmpl.dp                        3.30221
xxdut.xxcmpl.dn                       0.819793
xxdut.cmpl_out                      0.00190622
clk                                 -0.0162926
xxdut.qbar                             3.29631
xxdut.mid1                             3.28076
xxdut.mid2                              3.2918
vt7#branch                         3.46221e-06
vt6#branch                         1.06258e-06
vt5#branch                         1.32986e-06
vt4#branch                        -6.92401e-08
vt3#branch                          1.3519e-06
vt2#branch                         1.15955e-06
vt1#branch                         1.25225e-06
vt0#branch                        -5.63743e-07
vdd#branch                        -0.000388623

 Reference value :  0.00000e+00
 Reference value :  1.53540e-07
 Reference value :  3.12600e-07
 Reference value :  4.76267e-07
 Reference value :  6.43450e-07
 Reference value :  8.11521e-07
 Reference value :  9.80614e-07
 Reference value :  1.15123e-06
No. of Data Rows : 6354
ta                  =  1.16178e-07
tb                  =  6.64875e-07
ta = 1.161777e-07
tb = 6.648752e-07
period = 2.743487e-08
fosc = 3.644996e+07
ngspice-46 done

Note: Starting dynamic gmin stepping
Warning: Dynamic gmin stepping failed
Note: Starting true gmin stepping
Warning: True gmin stepping failed
Note: Starting source stepping
Warning: singular matrix:  check node xxdut.vh

Warning: source stepping failed
Note: Transient op started
Note: Transient op finished successfully
