====================================================================
gf180-rcosc PVT corner run: ss_T+027C_V3p3_code0x7F
run id      : 20260907T090653Z
process     : ss (fets=ss res=res_ss mimcap=mimcap_ss)
temperature : 27 C
supply      : 3.3 V
trim code   : 0x7F (127)
transient   : tran 200p 1200n, f = 20 periods / (t[rise=25] - t[rise=5])
wall clock  : 1.2 s
exit status : 0
====================================================================

Note: No compatibility mode selected!


Circuit: ** sch_path: /home/ubuntu/github/gf180-rcosc/.loom/worktrees/issue-24/design/pvt_tb.sch

Doing analysis at TEMP = 27.000000 and TNOM = 27.000000

Using SPARSE 1.3 as Direct Linear Solver

Initial Transient Solution
--------------------------

Node                                   Voltage
----                                   -------
vdd                                        3.3
xxdut.xxbias.xrba.11                   3.29923
xxdut.xxbias.xrba.21                   2.20077
xxdut.vh                                   2.2
xxdut.xxbias.xrbb.11                   2.19923
xxdut.xxbias.xrbb.21                   1.10077
xxdut.vl                                   1.1
xxdut.xxbias.xrbc.11                   1.09923
xxdut.xxbias.xrbc.21               0.000771378
xxdut.xxbias.xrbias.11                 3.29928
xxdut.xxbias.xrbias.21                 1.15328
xxdut.ibias                            1.15256
xxdut.xxtrim.xrfix.11                  3.29963
xxdut.xxtrim.xrfix.21                  3.20847
xxdut.xxtrim.c1                         3.2081
xxdut.xxtrim.xr0.11                    3.20773
xxdut.xxtrim.xr0.21                    3.20376
xxdut.xxtrim.c2                        3.20339
t0                                         3.3
xxdut.xxtrim.xr1.11                    3.20302
xxdut.xxtrim.xr1.21                    3.19509
xxdut.xxtrim.c3                        3.19471
t1                                         3.3
xxdut.xxtrim.xr2.11                    3.19434
xxdut.xxtrim.xr2.21                    3.17848
xxdut.xxtrim.c4                        3.17811
t2                                         3.3
xxdut.xxtrim.xr3.11                    3.17773
xxdut.xxtrim.xr3.21                    3.14601
xxdut.xxtrim.c5                        3.14563
t3                                         3.3
xxdut.xxtrim.xr4.11                    3.14526
xxdut.xxtrim.xr4.21                    3.08181
xxdut.xxtrim.c6                        3.08143
t4                                         3.3
xxdut.xxtrim.xr5.11                    3.08106
xxdut.xxtrim.xr5.21                    2.95415
xxdut.xxtrim.c7                        2.95378
t5                                         3.3
xxdut.xxtrim.xr6.11                    2.95341
xxdut.xxtrim.xr6.21                    2.69958
xxdut.xxtrim.c8                        2.69921
t6                                         3.3
xxdut.xxtrim.xr7.11                    2.69884
xxdut.xxtrim.xr7.21                     2.1912
xxdut.vc                               2.19082
t7                                           0
xxdut.xxcmph.tail                     0.771568
xxdut.xxcmph.dp                        1.48562
xxdut.xxcmph.dn                        1.20644
xxdut.cmph_out                         1.43657
xxdut.xxcmpl.tail                     0.432292
xxdut.xxcmpl.dp                        3.29999
xxdut.xxcmpl.dn                       0.666222
xxdut.cmpl_out                      4.4423e-09
clk                                   0.788089
xxdut.qbar                             1.39219
xxdut.mid1                             2.77093
xxdut.mid2                             3.14143
vt7#branch                                   0
vt6#branch                                   0
vt5#branch                                   0
vt4#branch                                   0
vt3#branch                                   0
vt2#branch                                   0
vt1#branch                                   0
vt0#branch                                   0
vdd#branch                        -0.000578457

 Reference value :  7.18055e-08
 Reference value :  3.76533e-07
 Reference value :  6.87420e-07
 Reference value :  9.99444e-07
No. of Data Rows : 6216
ta                  =  1.86579e-07
tb                  =  1.09701e-06
ta = 1.865789e-07
tb = 1.097005e-06
period = 4.552131e-08
fosc = 2.196774e+07
ngspice-46 done

Note: Starting dynamic gmin stepping
Warning: Dynamic gmin stepping failed
Note: Starting true gmin stepping
Note: True gmin stepping completed
