====================================================================
gf180-rcosc PVT corner run: tt_T-040C_V3p0_code0x9F
run id      : 20260907T090653Z
process     : tt (fets=typical res=res_typical mimcap=mimcap_typical)
temperature : -40 C
supply      : 3 V
trim code   : 0x9F (159)
transient   : tran 200p 1200n, f = 20 periods / (t[rise=25] - t[rise=5])
wall clock  : 12.5 s
exit status : 0
====================================================================

Note: No compatibility mode selected!


Circuit: ** sch_path: /home/ubuntu/github/gf180-rcosc/.loom/worktrees/issue-24/design/pvt_tb.sch

Doing analysis at TEMP = -40.000000 and TNOM = 27.000000

Using SPARSE 1.3 as Direct Linear Solver

Initial Transient Solution
--------------------------

Node                                   Voltage
----                                   -------
vdd                                          3
xxdut.xxbias.xrba.11                   2.99864
xxdut.xxbias.xrba.21                   1.99231
xxdut.vh                               1.99095
xxdut.xxbias.xrbb.11                    1.9896
xxdut.xxbias.xrbb.21                  0.993406
xxdut.vl                               0.99206
xxdut.xxbias.xrbc.11                  0.990723
xxdut.xxbias.xrbc.21                0.00133671
xxdut.xxbias.xrbias.11                 2.99874
xxdut.xxbias.xrbias.21                 1.04736
xxdut.ibias                            1.04611
xxdut.xxtrim.xrfix.11                  2.99703
xxdut.xxtrim.xrfix.21                  2.61871
xxdut.xxtrim.c1                        2.61574
xxdut.xxtrim.xr0.11                    2.61277
xxdut.xxtrim.xr0.21                    2.59636
xxdut.xxtrim.c2                        2.59339
t0                                           3
xxdut.xxtrim.xr1.11                    2.59044
xxdut.xxtrim.xr1.21                    2.55772
xxdut.xxtrim.c3                        2.55477
t1                                           3
xxdut.xxtrim.xr2.11                    2.55183
xxdut.xxtrim.xr2.21                    2.48666
xxdut.xxtrim.c4                        2.48372
t2                                           3
xxdut.xxtrim.xr3.11                     2.4808
xxdut.xxtrim.xr3.21                    2.35115
xxdut.xxtrim.c5                        2.34822
t3                                           3
xxdut.xxtrim.xr4.11                    2.34532
xxdut.xxtrim.xr4.21                    2.08792
xxdut.xxtrim.c6                        2.08501
t4                                           3
xxdut.xxtrim.xr5.11                    2.08214
xxdut.xxtrim.xr5.21                    1.57359
xxdut.xxtrim.c7                        1.57072
t5                                           0
xxdut.xxtrim.xr6.11                    1.56792
xxdut.xxtrim.xr6.21                   0.575236
xxdut.xxtrim.c8                       0.572436
t6                                           0
xxdut.xxtrim.xr7.11                   0.572409
xxdut.xxtrim.xr7.21                   0.553113
xxdut.vc                              0.553085
t7                                           3
xxdut.xxcmph.tail                     0.450861
xxdut.xxcmph.dp                              3
xxdut.xxcmph.dn                        0.65525
xxdut.cmph_out                       0.0012786
xxdut.xxcmpl.tail                  0.000498601
xxdut.xxcmpl.dp                     0.00250604
xxdut.xxcmpl.dn                        2.10967
xxdut.cmpl_out                         3.00046
clk                                -0.00382098
xxdut.qbar                             2.99388
xxdut.mid1                             3.00686
xxdut.mid2                            0.553955
vt7#branch                        -2.62932e-07
vt6#branch                         1.52111e-06
vt5#branch                         7.00861e-08
vt4#branch                         3.74779e-08
vt3#branch                         4.96765e-08
vt2#branch                         4.22745e-08
vt1#branch                          3.8091e-08
vt0#branch                         3.57091e-08
vdd#branch                        -0.000214791

 Reference value :  0.00000e+00
 Reference value :  1.66416e-07
 Reference value :  3.29242e-07
 Reference value :  4.95058e-07
 Reference value :  6.66245e-07
 Reference value :  8.38996e-07
 Reference value :  1.00972e-06
 Reference value :  1.18039e-06
No. of Data Rows : 6308
ta                  =  1.38204e-07
tb                  =  7.17257e-07
ta = 1.382041e-07
tb = 7.172568e-07
period = 2.895264e-08
fosc = 3.453917e+07
ngspice-46 done

Note: Starting dynamic gmin stepping
Warning: Dynamic gmin stepping failed
Note: Starting true gmin stepping
Warning: True gmin stepping failed
Note: Starting source stepping
Warning: singular matrix:  check node xxdut.vh

Warning: source stepping failed
Note: Transient op started
Note: Transient op finished successfully
