====================================================================
gf180-rcosc PVT corner run: tt_T+085C_V3p3_code0x80
run id      : 20260907T090653Z
process     : tt (fets=typical res=res_typical mimcap=mimcap_typical)
temperature : 85 C
supply      : 3.3 V
trim code   : 0x80 (128)
transient   : tran 200p 1200n, f = 20 periods / (t[rise=25] - t[rise=5])
wall clock  : 2.6 s
exit status : 0
====================================================================

Note: No compatibility mode selected!


Circuit: ** sch_path: /home/ubuntu/github/gf180-rcosc/.loom/worktrees/issue-24/design/pvt_tb.sch

Doing analysis at TEMP = 85.000000 and TNOM = 27.000000

Using SPARSE 1.3 as Direct Linear Solver

Initial Transient Solution
--------------------------

Node                                   Voltage
----                                   -------
vdd                                        3.3
xxdut.xxbias.xrba.11                   3.29933
xxdut.xxbias.xrba.21                   2.20067
xxdut.vh                                   2.2
xxdut.xxbias.xrbb.11                   2.19933
xxdut.xxbias.xrbb.21                   1.10067
xxdut.vl                                   1.1
xxdut.xxbias.xrbc.11                   1.09933
xxdut.xxbias.xrbc.21                0.00066792
xxdut.xxbias.xrbias.11                 3.29936
xxdut.xxbias.xrbias.21                 1.07609
xxdut.ibias                            1.07545
xxdut.xxtrim.xrfix.11                  3.29964
xxdut.xxtrim.xrfix.21                   3.1989
xxdut.xxtrim.c1                        3.19854
xxdut.xxtrim.xr0.11                    3.19819
xxdut.xxtrim.xr0.21                     3.1938
xxdut.xxtrim.c2                        3.19345
t0                                           0
xxdut.xxtrim.xr1.11                    3.19309
xxdut.xxtrim.xr1.21                    3.18433
xxdut.xxtrim.c3                        3.18397
t1                                           0
xxdut.xxtrim.xr2.11                    3.18361
xxdut.xxtrim.xr2.21                    3.16608
xxdut.xxtrim.c4                        3.16573
t2                                           0
xxdut.xxtrim.xr3.11                    3.16537
xxdut.xxtrim.xr3.21                     3.1303
xxdut.xxtrim.c5                        3.12995
t3                                           0
xxdut.xxtrim.xr4.11                    3.12959
xxdut.xxtrim.xr4.21                    3.05946
xxdut.xxtrim.c6                        3.05911
t4                                           0
xxdut.xxtrim.xr5.11                    3.05875
xxdut.xxtrim.xr5.21                    2.91849
xxdut.xxtrim.c7                        2.91813
t5                                           0
xxdut.xxtrim.xr6.11                    2.91778
xxdut.xxtrim.xr6.21                    2.63725
xxdut.xxtrim.c8                         2.6369
t6                                           0
xxdut.xxtrim.xr7.11                    2.63659
xxdut.xxtrim.xr7.21                     2.1523
xxdut.vc                               2.15199
t7                                         3.3
xxdut.xxcmph.tail                     0.812346
xxdut.xxcmph.dp                        1.48277
xxdut.xxcmph.dn                        1.15288
xxdut.cmph_out                         1.42578
xxdut.xxcmpl.tail                     0.346275
xxdut.xxcmpl.dp                        3.28625
xxdut.xxcmpl.dn                       0.592177
xxdut.cmpl_out                     5.27548e-09
clk                                   0.637701
xxdut.qbar                             1.36864
xxdut.mid1                             2.65358
xxdut.mid2                             3.09205
vt7#branch                                   0
vt6#branch                                   0
vt5#branch                                   0
vt4#branch                                   0
vt3#branch                                   0
vt2#branch                                   0
vt1#branch                                   0
vt0#branch                                   0
vdd#branch                        -0.000731784

 Reference value :  5.45965e-08
 Reference value :  2.19676e-07
 Reference value :  3.86302e-07
 Reference value :  5.52172e-07
 Reference value :  7.20236e-07
 Reference value :  8.86202e-07
 Reference value :  1.05062e-06
No. of Data Rows : 6376
ta                  =  1.00172e-07
tb                  =  5.77505e-07
ta = 1.001719e-07
tb = 5.775046e-07
period = 2.386663e-08
fosc = 4.189950e+07
ngspice-46 done

Note: Starting dynamic gmin stepping
Note: Dynamic gmin stepping completed
