====================================================================
gf180-rcosc PVT corner run: tt_T+085C_V3p0_code0x9F
run id      : 20260907T090653Z
process     : tt (fets=typical res=res_typical mimcap=mimcap_typical)
temperature : 85 C
supply      : 3 V
trim code   : 0x9F (159)
transient   : tran 200p 1200n, f = 20 periods / (t[rise=25] - t[rise=5])
wall clock  : 2.6 s
exit status : 0
====================================================================

Note: No compatibility mode selected!


Circuit: ** sch_path: /home/ubuntu/github/gf180-rcosc/.loom/worktrees/issue-24/design/pvt_tb.sch

Doing analysis at TEMP = 85.000000 and TNOM = 27.000000

Using SPARSE 1.3 as Direct Linear Solver

Initial Transient Solution
--------------------------

Node                                   Voltage
----                                   -------
vdd                                          3
xxdut.xxbias.xrba.11                   2.99939
xxdut.xxbias.xrba.21                   2.00061
xxdut.vh                                     2
xxdut.xxbias.xrbb.11                   1.99939
xxdut.xxbias.xrbb.21                   1.00061
xxdut.vl                                     1
xxdut.xxbias.xrbc.11                  0.999393
xxdut.xxbias.xrbc.21                 0.0006072
xxdut.xxbias.xrbias.11                 2.99943
xxdut.xxbias.xrbias.21                 1.04417
xxdut.ibias                            1.04361
xxdut.xxtrim.xrfix.11                  2.99968
xxdut.xxtrim.xrfix.21                   2.9091
xxdut.xxtrim.c1                        2.90878
xxdut.xxtrim.xr0.11                    2.90846
xxdut.xxtrim.xr0.21                    2.90452
xxdut.xxtrim.c2                         2.9042
t0                                           3
xxdut.xxtrim.xr1.11                    2.90388
xxdut.xxtrim.xr1.21                      2.896
xxdut.xxtrim.c3                        2.89568
t1                                           3
xxdut.xxtrim.xr2.11                    2.89536
xxdut.xxtrim.xr2.21                     2.8796
xxdut.xxtrim.c4                        2.87928
t2                                           3
xxdut.xxtrim.xr3.11                    2.87896
xxdut.xxtrim.xr3.21                    2.84743
xxdut.xxtrim.c5                        2.84711
t3                                           3
xxdut.xxtrim.xr4.11                    2.84679
xxdut.xxtrim.xr4.21                    2.78374
xxdut.xxtrim.c6                        2.78342
t4                                           3
xxdut.xxtrim.xr5.11                     2.7831
xxdut.xxtrim.xr5.21                    2.65699
xxdut.xxtrim.c7                        2.65667
t5                                           0
xxdut.xxtrim.xr6.11                    2.65635
xxdut.xxtrim.xr6.21                    2.40414
xxdut.xxtrim.c8                        2.40382
t6                                           0
xxdut.xxtrim.xr7.11                    2.40352
xxdut.xxtrim.xr7.21                     1.9343
xxdut.vc                                 1.934
t7                                           3
xxdut.xxcmph.tail                     0.667252
xxdut.xxcmph.dp                        1.34691
xxdut.xxcmph.dn                       0.953523
xxdut.cmph_out                         1.29645
xxdut.xxcmpl.tail                     0.276958
xxdut.xxcmpl.dp                        2.98743
xxdut.xxcmpl.dn                        0.49964
xxdut.cmpl_out                     4.89719e-09
clk                                   0.632289
xxdut.qbar                             1.25087
xxdut.mid1                             2.45329
xxdut.mid2                             2.82945
vt7#branch                                   0
vt6#branch                                   0
vt5#branch                                   0
vt4#branch                                   0
vt3#branch                                   0
vt2#branch                                   0
vt1#branch                                   0
vt0#branch                                   0
vdd#branch                        -0.000592556

 Reference value :  5.48251e-08
 Reference value :  2.21987e-07
 Reference value :  3.89606e-07
 Reference value :  5.58714e-07
 Reference value :  7.32282e-07
 Reference value :  9.06224e-07
 Reference value :  1.08057e-06
No. of Data Rows : 6308
ta                  =  1.03674e-07
tb                  =  5.95574e-07
ta = 1.036736e-07
tb = 5.955743e-07
period = 2.459504e-08
fosc = 4.065861e+07
ngspice-46 done

Note: Starting dynamic gmin stepping
Note: Dynamic gmin stepping completed
