====================================================================
gf180-rcosc PVT corner run: tt_T-040C_V3p6_code0x80
run id      : 20260907T090653Z
process     : tt (fets=typical res=res_typical mimcap=mimcap_typical)
temperature : -40 C
supply      : 3.6 V
trim code   : 0x80 (128)
transient   : tran 200p 1200n, f = 20 periods / (t[rise=25] - t[rise=5])
wall clock  : 2.7 s
exit status : 0
====================================================================

Note: No compatibility mode selected!


Circuit: ** sch_path: /home/ubuntu/github/gf180-rcosc/.loom/worktrees/issue-24/design/pvt_tb.sch

Doing analysis at TEMP = -40.000000 and TNOM = 27.000000

Using SPARSE 1.3 as Direct Linear Solver

Initial Transient Solution
--------------------------

Node                                   Voltage
----                                   -------
vdd                                        3.6
xxdut.xxbias.xrba.11                   3.59838
xxdut.xxbias.xrba.21                   2.40162
xxdut.vh                                   2.4
xxdut.xxbias.xrbb.11                   2.39838
xxdut.xxbias.xrbb.21                   1.20162
xxdut.vl                                   1.2
xxdut.xxbias.xrbc.11                   1.19838
xxdut.xxbias.xrbc.21                0.00161689
xxdut.xxbias.xrbias.11                 3.59839
xxdut.xxbias.xrbias.21                 1.09289
xxdut.ibias                            1.09128
xxdut.xxtrim.xrfix.11                  3.59923
xxdut.xxtrim.xrfix.21                  3.50067
xxdut.xxtrim.c1                        3.49989
xxdut.xxtrim.xr0.11                    3.49912
xxdut.xxtrim.xr0.21                    3.49483
xxdut.xxtrim.c2                        3.49406
t0                                           0
xxdut.xxtrim.xr1.11                    3.49328
xxdut.xxtrim.xr1.21                    3.48471
xxdut.xxtrim.c3                        3.48393
t1                                           0
xxdut.xxtrim.xr2.11                    3.48316
xxdut.xxtrim.xr2.21                    3.46601
xxdut.xxtrim.c4                        3.46523
t2                                           0
xxdut.xxtrim.xr3.11                    3.46446
xxdut.xxtrim.xr3.21                    3.43015
xxdut.xxtrim.c5                        3.42938
t3                                           0
xxdut.xxtrim.xr4.11                    3.42861
xxdut.xxtrim.xr4.21                       3.36
xxdut.xxtrim.c6                        3.35922
t4                                           0
xxdut.xxtrim.xr5.11                    3.35845
xxdut.xxtrim.xr5.21                    3.22123
xxdut.xxtrim.c7                        3.22046
t5                                           0
xxdut.xxtrim.xr6.11                    3.21968
xxdut.xxtrim.xr6.21                    2.94525
xxdut.xxtrim.c8                        2.94448
t6                                           0
xxdut.xxtrim.xr7.11                    2.94371
xxdut.xxtrim.xr7.21                    2.39967
xxdut.vc                               2.39891
t7                                         3.6
xxdut.xxcmph.tail                     0.994616
xxdut.xxcmph.dp                        1.61202
xxdut.xxcmph.dn                        1.56668
xxdut.cmph_out                         1.55386
xxdut.xxcmpl.tail                     0.733202
xxdut.xxcmpl.dp                            3.6
xxdut.xxcmpl.dn                        1.00578
xxdut.cmpl_out                     3.89245e-09
clk                                   0.753525
xxdut.qbar                             1.48392
xxdut.mid1                              2.9382
xxdut.mid2                             3.37879
vt7#branch                                   0
vt6#branch                                   0
vt5#branch                                   0
vt4#branch                                   0
vt3#branch                                   0
vt2#branch                                   0
vt1#branch                                   0
vt0#branch                                   0
vdd#branch                        -0.000953013

 Reference value :  5.30178e-08
 Reference value :  2.13915e-07
 Reference value :  3.76499e-07
 Reference value :  5.37989e-07
 Reference value :  7.06082e-07
 Reference value :  8.71012e-07
 Reference value :  1.03199e-06
 Reference value :  1.19486e-06
No. of Data Rows : 6339
ta                  =  1.08902e-07
tb                  =  6.33752e-07
ta = 1.089023e-07
tb = 6.337516e-07
period = 2.624246e-08
fosc = 3.810618e+07
ngspice-46 done

Note: Starting dynamic gmin stepping
Note: Dynamic gmin stepping completed
