====================================================================
gf180-rcosc PVT corner run: tt_T+027C_V3p6_code0xC0
run id      : 20260907T090653Z
process     : tt (fets=typical res=res_typical mimcap=mimcap_typical)
temperature : 27 C
supply      : 3.6 V
trim code   : 0xC0 (192)
transient   : tran 200p 1200n, f = 20 periods / (t[rise=25] - t[rise=5])
wall clock  : 2.9 s
exit status : 0
====================================================================

Note: No compatibility mode selected!


Circuit: ** sch_path: /home/ubuntu/github/gf180-rcosc/.loom/worktrees/issue-24/design/pvt_tb.sch

Doing analysis at TEMP = 27.000000 and TNOM = 27.000000

Using SPARSE 1.3 as Direct Linear Solver

Initial Transient Solution
--------------------------

Node                                   Voltage
----                                   -------
vdd                                        3.6
xxdut.xxbias.xrba.11                   3.59899
xxdut.xxbias.xrba.21                   2.40101
xxdut.vh                                   2.4
xxdut.xxbias.xrbb.11                   2.39899
xxdut.xxbias.xrbb.21                   1.20101
xxdut.vl                                   1.2
xxdut.xxbias.xrbc.11                   1.19899
xxdut.xxbias.xrbc.21                0.00100952
xxdut.xxbias.xrbias.11                   3.599
xxdut.xxbias.xrbias.21                 1.10031
xxdut.ibias                            1.09931
xxdut.xxtrim.xrfix.11                   3.5995
xxdut.xxtrim.xrfix.21                  3.49702
xxdut.xxtrim.c1                        3.49652
xxdut.xxtrim.xr0.11                    3.49602
xxdut.xxtrim.xr0.21                    3.49156
xxdut.xxtrim.c2                        3.49106
t0                                           0
xxdut.xxtrim.xr1.11                    3.49055
xxdut.xxtrim.xr1.21                    3.48164
xxdut.xxtrim.c3                        3.48113
t1                                           0
xxdut.xxtrim.xr2.11                    3.48063
xxdut.xxtrim.xr2.21                     3.4628
xxdut.xxtrim.c4                         3.4623
t2                                           0
xxdut.xxtrim.xr3.11                    3.46179
xxdut.xxtrim.xr3.21                    3.42613
xxdut.xxtrim.c5                        3.42562
t3                                           0
xxdut.xxtrim.xr4.11                    3.42512
xxdut.xxtrim.xr4.21                    3.35379
xxdut.xxtrim.c6                        3.35328
t4                                           0
xxdut.xxtrim.xr5.11                    3.35278
xxdut.xxtrim.xr5.21                    3.21011
xxdut.xxtrim.c7                        3.20961
t5                                           0
xxdut.xxtrim.xr6.11                     3.2091
xxdut.xxtrim.xr6.21                    2.92376
xxdut.xxtrim.c8                        2.92325
t6                                         3.6
xxdut.xxtrim.xr7.11                    2.92279
xxdut.xxtrim.xr7.21                    2.39214
xxdut.vc                               2.39167
t7                                         3.6
xxdut.xxcmph.tail                     0.982311
xxdut.xxcmph.dp                        1.61451
xxdut.xxcmph.dn                        1.44724
xxdut.cmph_out                         1.55392
xxdut.xxcmpl.tail                       0.5496
xxdut.xxcmpl.dp                        3.59993
xxdut.xxcmpl.dn                       0.809197
xxdut.cmpl_out                     4.85519e-09
clk                                    0.69132
xxdut.qbar                             1.48274
xxdut.mid1                             2.89114
xxdut.mid2                             3.36459
vt7#branch                                   0
vt6#branch                                   0
vt5#branch                                   0
vt4#branch                                   0
vt3#branch                                   0
vt2#branch                                   0
vt1#branch                                   0
vt0#branch                                   0
vdd#branch                        -0.000907188

 Reference value :  5.89872e-08
 Reference value :  2.07495e-07
 Reference value :  3.54528e-07
 Reference value :  5.05513e-07
 Reference value :  6.61402e-07
 Reference value :  8.16428e-07
 Reference value :  9.72069e-07
 Reference value :  1.12075e-06
No. of Data Rows : 6405
ta                  =  8.36173e-08
tb                  =  4.69705e-07
ta = 8.361728e-08
tb = 4.697051e-07
period = 1.930439e-08
fosc = 5.180169e+07
ngspice-46 done

Note: Starting dynamic gmin stepping
Note: Dynamic gmin stepping completed
