====================================================================
gf180-rcosc PVT corner run: tt_T-040C_V3p0_code0x80
run id      : 20260907T090653Z
process     : tt (fets=typical res=res_typical mimcap=mimcap_typical)
temperature : -40 C
supply      : 3 V
trim code   : 0x80 (128)
transient   : tran 200p 1200n, f = 20 periods / (t[rise=25] - t[rise=5])
wall clock  : 2.8 s
exit status : 0
====================================================================

Note: No compatibility mode selected!


Circuit: ** sch_path: /home/ubuntu/github/gf180-rcosc/.loom/worktrees/issue-24/design/pvt_tb.sch

Doing analysis at TEMP = -40.000000 and TNOM = 27.000000

Using SPARSE 1.3 as Direct Linear Solver

Initial Transient Solution
--------------------------

Node                                   Voltage
----                                   -------
vdd                                          3
xxdut.xxbias.xrba.11                   2.99865
xxdut.xxbias.xrba.21                   2.00135
xxdut.vh                                     2
xxdut.xxbias.xrbb.11                   1.99865
xxdut.xxbias.xrbb.21                   1.00135
xxdut.vl                                     1
xxdut.xxbias.xrbc.11                  0.998653
xxdut.xxbias.xrbc.21                 0.0013474
xxdut.xxbias.xrbias.11                 2.99875
xxdut.xxbias.xrbias.21                 1.04905
xxdut.ibias                            1.04779
xxdut.xxtrim.xrfix.11                  2.99935
xxdut.xxtrim.xrfix.21                  2.91715
xxdut.xxtrim.c1                        2.91651
xxdut.xxtrim.xr0.11                    2.91586
xxdut.xxtrim.xr0.21                    2.91229
xxdut.xxtrim.c2                        2.91164
t0                                           0
xxdut.xxtrim.xr1.11                      2.911
xxdut.xxtrim.xr1.21                    2.90384
xxdut.xxtrim.c3                         2.9032
t1                                           0
xxdut.xxtrim.xr2.11                    2.90255
xxdut.xxtrim.xr2.21                    2.88825
xxdut.xxtrim.c4                         2.8876
t2                                           0
xxdut.xxtrim.xr3.11                    2.88695
xxdut.xxtrim.xr3.21                    2.85834
xxdut.xxtrim.c5                         2.8577
t3                                           0
xxdut.xxtrim.xr4.11                    2.85705
xxdut.xxtrim.xr4.21                    2.79983
xxdut.xxtrim.c6                        2.79919
t4                                           0
xxdut.xxtrim.xr5.11                    2.79854
xxdut.xxtrim.xr5.21                     2.6841
xxdut.xxtrim.c7                        2.68345
t5                                           0
xxdut.xxtrim.xr6.11                    2.68281
xxdut.xxtrim.xr6.21                    2.45392
xxdut.xxtrim.c8                        2.45328
t6                                           0
xxdut.xxtrim.xr7.11                    2.45263
xxdut.xxtrim.xr7.21                    1.99491
xxdut.vc                               1.99426
t7                                           3
xxdut.xxcmph.tail                      0.70836
xxdut.xxcmph.dp                        1.34316
xxdut.xxcmph.dn                        1.11982
xxdut.cmph_out                         1.29922
xxdut.xxcmpl.tail                     0.442327
xxdut.xxcmpl.dp                              3
xxdut.xxcmpl.dn                       0.644144
xxdut.cmpl_out                     3.03766e-09
clk                                   0.747402
xxdut.qbar                              1.2631
xxdut.mid1                             2.53908
xxdut.mid2                             2.86002
vt7#branch                                   0
vt6#branch                                   0
vt5#branch                                   0
vt4#branch                                   0
vt3#branch                                   0
vt2#branch                                   0
vt1#branch                                   0
vt0#branch                                   0
vdd#branch                        -0.000625318

 Reference value :  0.00000e+00
 Reference value :  1.61284e-07
 Reference value :  3.28776e-07
 Reference value :  4.99833e-07
 Reference value :  6.69199e-07
 Reference value :  8.36257e-07
 Reference value :  1.00482e-06
 Reference value :  1.17441e-06
No. of Data Rows : 6380
ta                  =  1.22796e-07
tb                  =  7.02345e-07
ta = 1.227964e-07
tb = 7.023453e-07
period = 2.897744e-08
fosc = 3.450960e+07
ngspice-46 done

Note: Starting dynamic gmin stepping
Warning: Dynamic gmin stepping failed
Note: Starting true gmin stepping
Note: True gmin stepping completed
