====================================================================
gf180-rcosc Iq sweep grid point: ff_T+085C_V3p3_code0x00
process     : ff (fets=ff res=res_ff mimcap=mimcap_ff)
temperature : 85 C
supply      : 3.3 V
trim code   : 0x00 (0)
attempt     : 1 (tran 200p 1200n)
wall clock  : 24.1 s
exit status : 0
====================================================================

Note: Compatibility modes selected: hs a


Circuit: ** sch_path: /users/rwalters/github/gf180-rcosc/.loom/worktrees/issue-39/design/smoke_test.sch

Doing analysis at TEMP = 85.000000 and TNOM = 27.000000

Using SPARSE 1.3 as Direct Linear Solver
 Reference value :  0.00000e+00
No. of Data Rows : 1
iq_ua = 8.632553e+02
v(xxdut.xxcmph.dp) = 1.477276e+00
v(xxdut.xxcmph.dn) = 1.362863e+00
v(xxdut.cmph_out) = 1.416162e+00
v(xxdut.xxcmpl.dp) = 3.297323e+00
v(xxdut.xxcmpl.dn) = 7.551030e-01
v(xxdut.cmpl_out) = 7.657617e-09
Doing analysis at TEMP = 85.000000 and TNOM = 27.000000

Using SPARSE 1.3 as Direct Linear Solver

Initial Transient Solution
--------------------------

Node                                   Voltage
----                                   -------
vdd                                        3.3
xxdut.xxbias.xrba.11                   3.29917
xxdut.xxbias.xrba.21                   2.20083
xxdut.vh                                   2.2
xxdut.xxbias.xrbb.11                   2.19917
xxdut.xxbias.xrbb.21                   1.10083
xxdut.vl                                   1.1
xxdut.xxbias.xrbc.11                   1.09917
xxdut.xxbias.xrbc.21               0.000834647
xxdut.ibias                           0.945178
xxdut.xxbias.pb                        2.07822
xxdut.xxbias.n2s                      0.243483
xxdut.xxbias.xrz.11                   0.242907
xxdut.xxbias.xrz.21                0.000575481
xxdut.xxtrim.xrfix.11                   3.2996
xxdut.xxtrim.xrfix.21                  3.20818
xxdut.xxtrim.c1                        3.20778
xxdut.xxtrim.xr0.11                    3.20737
xxdut.xxtrim.xr0.21                     3.2034
xxdut.xxtrim.c2                        3.20299
t0                                           0
xxdut.xxtrim.xr1.11                    3.20259
xxdut.xxtrim.xr1.21                    3.19463
xxdut.xxtrim.c3                        3.19423
t1                                           0
xxdut.xxtrim.xr2.11                    3.19383
xxdut.xxtrim.xr2.21                    3.17792
xxdut.xxtrim.c4                        3.17751
t2                                           0
xxdut.xxtrim.xr3.11                    3.17711
xxdut.xxtrim.xr3.21                    3.14529
xxdut.xxtrim.c5                        3.14489
t3                                           0
xxdut.xxtrim.xr4.11                    3.14448
xxdut.xxtrim.xr4.21                    3.08085
xxdut.xxtrim.c6                        3.08044
t4                                           0
xxdut.xxtrim.xr5.11                    3.08004
xxdut.xxtrim.xr5.21                    2.95277
xxdut.xxtrim.c7                        2.95237
t5                                           0
xxdut.xxtrim.xr6.11                    2.95196
xxdut.xxtrim.xr6.21                    2.69742
xxdut.xxtrim.c8                        2.69701
t6                                           0
xxdut.xxtrim.xr7.11                    2.69661
xxdut.xxtrim.xr7.21                    2.18752
xxdut.vc                               2.18712
t7                                           0
xxdut.xxcmph.tail                      0.96133
xxdut.xxcmph.dp                        1.47728
xxdut.xxcmph.dn                        1.36286
xxdut.cmph_out                         1.41616
xxdut.xxcmpl.tail                     0.506745
xxdut.xxcmpl.dp                        3.29732
xxdut.xxcmpl.dn                       0.755103
xxdut.cmpl_out                     7.65762e-09
clk                                   0.532418
xxdut.qbar                             1.37265
xxdut.mid1                             2.57187
xxdut.mid2                             3.06025
vt7#branch                                   0
vt6#branch                                   0
vt5#branch                                   0
vt4#branch                                   0
vt3#branch                                   0
vt2#branch                                   0
vt1#branch                                   0
vt0#branch                                   0
vdd#branch                        -0.000863255

 Reference value :  8.34841e-08
 Reference value :  2.09942e-07
 Reference value :  3.23743e-07
 Reference value :  4.40038e-07
 Reference value :  5.58560e-07
 Reference value :  6.88507e-07
 Reference value :  8.09032e-07
 Reference value :  9.35445e-07
 Reference value :  1.05306e-06
 Reference value :  1.17601e-06
No. of Data Rows : 6281
t_avg_start         =  1.08323e-07
t_avg_end           =  6.17285e-07
iq_run_ua           =  4.17286e+02 from=  1.08323e-07 to=  6.17370e-07
ngspice-46 done
Warning: m=xx on .subckt line will override multiplier m hierarchy!

Note: Starting dynamic gmin stepping
Note: Dynamic gmin stepping completed
Warning from checkvalid: vector xxdut.clk is not available or has zero length.
Note: Starting dynamic gmin stepping
Note: Dynamic gmin stepping completed
