====================================================================
gf180-rcosc Iq sweep grid point: ff_T+085C_V3p6_code0xFF
process     : ff (fets=ff res=res_ff mimcap=mimcap_ff)
temperature : 85 C
supply      : 3.6 V
trim code   : 0xFF (255)
attempt     : 1 (tran 200p 1200n)
wall clock  : 29.5 s
exit status : 0
====================================================================

Note: Compatibility modes selected: hs a


Circuit: ** sch_path: /users/rwalters/github/gf180-rcosc/.loom/worktrees/issue-39/design/smoke_test.sch

Doing analysis at TEMP = 85.000000 and TNOM = 27.000000

Using SPARSE 1.3 as Direct Linear Solver

No. of Data Rows : 1
iq_ua = 1.002958e+03
v(xxdut.xxcmph.dp) = 1.614994e+00
v(xxdut.xxcmph.dn) = 1.609862e+00
v(xxdut.cmph_out) = 1.542377e+00
v(xxdut.xxcmpl.dp) = 3.599818e+00
v(xxdut.xxcmpl.dn) = 9.630920e-01
v(xxdut.cmpl_out) = 8.476461e-09
Doing analysis at TEMP = 85.000000 and TNOM = 27.000000

Using SPARSE 1.3 as Direct Linear Solver

Initial Transient Solution
--------------------------

Node                                   Voltage
----                                   -------
vdd                                        3.6
xxdut.xxbias.xrba.11                   3.59909
xxdut.xxbias.xrba.21                   2.40091
xxdut.vh                                   2.4
xxdut.xxbias.xrbb.11                   2.39909
xxdut.xxbias.xrbb.21                   1.20091
xxdut.vl                                   1.2
xxdut.xxbias.xrbc.11                   1.19909
xxdut.xxbias.xrbc.21               0.000910524
xxdut.ibias                            0.96203
xxdut.xxbias.pb                        2.35579
xxdut.xxbias.n2s                      0.253898
xxdut.xxbias.xrz.11                   0.253298
xxdut.xxbias.xrz.21                0.000600098
xxdut.xxtrim.xrfix.11                  3.59939
xxdut.xxtrim.xrfix.21                  3.46159
xxdut.xxtrim.c1                        3.46098
xxdut.xxtrim.xr0.11                    3.46038
xxdut.xxtrim.xr0.21                    3.45438
xxdut.xxtrim.c2                        3.45377
t0                                         3.6
xxdut.xxtrim.xr1.11                    3.45316
xxdut.xxtrim.xr1.21                    3.44117
xxdut.xxtrim.c3                        3.44056
t1                                         3.6
xxdut.xxtrim.xr2.11                    3.43996
xxdut.xxtrim.xr2.21                    3.41598
xxdut.xxtrim.c4                        3.41537
t2                                         3.6
xxdut.xxtrim.xr3.11                    3.41476
xxdut.xxtrim.xr3.21                     3.3668
xxdut.xxtrim.c5                        3.36619
t3                                         3.6
xxdut.xxtrim.xr4.11                    3.36558
xxdut.xxtrim.xr4.21                    3.26965
xxdut.xxtrim.c6                        3.26905
t4                                         3.6
xxdut.xxtrim.xr5.11                    3.26844
xxdut.xxtrim.xr5.21                    3.07659
xxdut.xxtrim.c7                        3.07598
t5                                         3.6
xxdut.xxtrim.xr6.11                    3.07537
xxdut.xxtrim.xr6.21                    2.69215
xxdut.xxtrim.c8                        2.69154
t6                                         3.6
xxdut.xxtrim.xr7.11                    2.69131
xxdut.xxtrim.xr7.21                    2.39979
xxdut.vc                               2.39955
t7                                         3.6
xxdut.xxcmph.tail                      1.11834
xxdut.xxcmph.dp                        1.61499
xxdut.xxcmph.dn                        1.60986
xxdut.cmph_out                         1.54238
xxdut.xxcmpl.tail                     0.682798
xxdut.xxcmpl.dp                        3.59982
xxdut.xxcmpl.dn                       0.963092
xxdut.cmpl_out                     8.47646e-09
clk                                   0.558021
xxdut.qbar                             1.50325
xxdut.mid1                             2.78401
xxdut.mid2                             3.32385
vt7#branch                                   0
vt6#branch                                   0
vt5#branch                                   0
vt4#branch                                   0
vt3#branch                                   0
vt2#branch                                   0
vt1#branch                                   0
vt0#branch                                   0
vdd#branch                         -0.00100296

 Reference value :  2.73830e-08
 Reference value :  1.17179e-07
 Reference value :  2.14579e-07
 Reference value :  3.14943e-07
 Reference value :  4.16514e-07
 Reference value :  5.01646e-07
 Reference value :  5.92118e-07
 Reference value :  6.80663e-07
 Reference value :  7.72655e-07
 Reference value :  8.57712e-07
 Reference value :  9.52851e-07
 Reference value :  1.04448e-06
 Reference value :  1.14262e-06
No. of Data Rows : 6426
t_avg_start         =  5.21422e-08
t_avg_end           =  2.63751e-07
iq_run_ua           =  6.14874e+02 from=  5.21422e-08 to=  2.63857e-07
ngspice-46 done
Warning: m=xx on .subckt line will override multiplier m hierarchy!

Warning from checkvalid: vector xxdut.clk is not available or has zero length.
