====================================================================
gf180-rcosc Iq sweep grid point: ff_T+085C_V3p0_code0x80
process     : ff (fets=ff res=res_ff mimcap=mimcap_ff)
temperature : 85 C
supply      : 3 V
trim code   : 0x80 (128)
attempt     : 1 (tran 200p 1200n)
wall clock  : 29.6 s
exit status : 0
====================================================================

Note: Compatibility modes selected: hs a


Circuit: ** sch_path: /users/rwalters/github/gf180-rcosc/.loom/worktrees/issue-39/design/smoke_test.sch

Doing analysis at TEMP = 85.000000 and TNOM = 27.000000

Using SPARSE 1.3 as Direct Linear Solver
 Reference value :  0.00000e+00
No. of Data Rows : 1
iq_ua = 7.368245e+02
v(xxdut.xxcmph.dp) = 1.341156e+00
v(xxdut.xxcmph.dn) = 1.112562e+00
v(xxdut.cmph_out) = 1.284541e+00
v(xxdut.xxcmpl.dp) = 2.986107e+00
v(xxdut.xxcmpl.dn) = 5.807247e-01
v(xxdut.cmpl_out) = 8.092763e-09
Doing analysis at TEMP = 85.000000 and TNOM = 27.000000

Using SPARSE 1.3 as Direct Linear Solver

Initial Transient Solution
--------------------------

Node                                   Voltage
----                                   -------
vdd                                          3
xxdut.xxbias.xrba.11                   2.99924
xxdut.xxbias.xrba.21                   2.00076
xxdut.vh                                     2
xxdut.xxbias.xrbb.11                   1.99924
xxdut.xxbias.xrbb.21                   1.00076
xxdut.vl                                     1
xxdut.xxbias.xrbc.11                  0.999241
xxdut.xxbias.xrbc.21                0.00075877
xxdut.ibias                           0.929532
xxdut.xxbias.pb                        1.79894
xxdut.xxbias.n2s                       0.23383
xxdut.xxbias.xrz.11                   0.233277
xxdut.xxbias.xrz.21                0.000552666
xxdut.xxtrim.xrfix.11                  2.99957
xxdut.xxtrim.xrfix.21                  2.90114
xxdut.xxtrim.c1                         2.9007
xxdut.xxtrim.xr0.11                    2.90027
xxdut.xxtrim.xr0.21                    2.89598
xxdut.xxtrim.c2                        2.89555
t0                                           0
xxdut.xxtrim.xr1.11                    2.89511
xxdut.xxtrim.xr1.21                    2.88655
xxdut.xxtrim.c3                        2.88611
t1                                           0
xxdut.xxtrim.xr2.11                    2.88568
xxdut.xxtrim.xr2.21                    2.86855
xxdut.xxtrim.c4                        2.86812
t2                                           0
xxdut.xxtrim.xr3.11                    2.86768
xxdut.xxtrim.xr3.21                    2.83342
xxdut.xxtrim.c5                        2.83299
t3                                           0
xxdut.xxtrim.xr4.11                    2.83255
xxdut.xxtrim.xr4.21                    2.76403
xxdut.xxtrim.c6                         2.7636
t4                                           0
xxdut.xxtrim.xr5.11                    2.76316
xxdut.xxtrim.xr5.21                    2.62613
xxdut.xxtrim.c7                        2.62569
t5                                           0
xxdut.xxtrim.xr6.11                    2.62526
xxdut.xxtrim.xr6.21                    2.35118
xxdut.xxtrim.c8                        2.35075
t6                                           0
xxdut.xxtrim.xr7.11                    2.35044
xxdut.xxtrim.xr7.21                     1.9631
xxdut.vc                               1.96279
t7                                           3
xxdut.xxcmph.tail                     0.795087
xxdut.xxcmph.dp                        1.34116
xxdut.xxcmph.dn                        1.11256
xxdut.cmph_out                         1.28454
xxdut.xxcmpl.tail                     0.358591
xxdut.xxcmpl.dp                        2.98611
xxdut.xxcmpl.dn                       0.580725
xxdut.cmpl_out                     8.09276e-09
clk                                   0.538336
xxdut.qbar                             1.23931
xxdut.mid1                             2.37864
xxdut.mid2                             2.79511
vt7#branch                                   0
vt6#branch                                   0
vt5#branch                                   0
vt4#branch                                   0
vt3#branch                                   0
vt2#branch                                   0
vt1#branch                                   0
vt0#branch                                   0
vdd#branch                        -0.000736824

 Reference value :  6.17174e-08
 Reference value :  1.70567e-07
 Reference value :  2.78579e-07
 Reference value :  3.92430e-07
 Reference value :  5.01993e-07
 Reference value :  6.11461e-07
 Reference value :  7.11673e-07
 Reference value :  8.17761e-07
 Reference value :  9.27369e-07
 Reference value :  1.03927e-06
 Reference value :  1.14906e-06
No. of Data Rows : 6461
t_avg_start         =  8.30212e-08
t_avg_end           =  4.42084e-07
iq_run_ua           =  4.04981e+02 from=  8.30212e-08 to=  4.42152e-07
ngspice-46 done
Warning: m=xx on .subckt line will override multiplier m hierarchy!

Note: Starting dynamic gmin stepping
Note: Dynamic gmin stepping completed
Warning from checkvalid: vector xxdut.clk is not available or has zero length.
Note: Starting dynamic gmin stepping
Note: Dynamic gmin stepping completed
