====================================================================
gf180-rcosc Iq sweep grid point: ff_T+085C_V3p3_code0xC0
process     : ff (fets=ff res=res_ff mimcap=mimcap_ff)
temperature : 85 C
supply      : 3.3 V
trim code   : 0xC0 (192)
attempt     : 1 (tran 200p 1200n)
wall clock  : 30.9 s
exit status : 0
====================================================================

Note: Compatibility modes selected: hs a


Circuit: ** sch_path: /users/rwalters/github/gf180-rcosc/.loom/worktrees/issue-39/design/smoke_test.sch

Doing analysis at TEMP = 85.000000 and TNOM = 27.000000

Using SPARSE 1.3 as Direct Linear Solver
 Reference value :  0.00000e+00
No. of Data Rows : 1
iq_ua = 8.666078e+02
v(xxdut.xxcmph.dp) = 1.477344e+00
v(xxdut.xxcmph.dn) = 1.362863e+00
v(xxdut.cmph_out) = 1.413302e+00
v(xxdut.xxcmpl.dp) = 3.297323e+00
v(xxdut.xxcmpl.dn) = 7.551032e-01
v(xxdut.cmpl_out) = 7.657620e-09
Doing analysis at TEMP = 85.000000 and TNOM = 27.000000

Using SPARSE 1.3 as Direct Linear Solver

Initial Transient Solution
--------------------------

Node                                   Voltage
----                                   -------
vdd                                        3.3
xxdut.xxbias.xrba.11                   3.29917
xxdut.xxbias.xrba.21                   2.20083
xxdut.vh                                   2.2
xxdut.xxbias.xrbb.11                   2.19917
xxdut.xxbias.xrbb.21                   1.10083
xxdut.vl                                   1.1
xxdut.xxbias.xrbc.11                   1.09917
xxdut.xxbias.xrbc.21               0.000834647
xxdut.ibias                           0.945178
xxdut.xxbias.pb                        2.07822
xxdut.xxbias.n2s                      0.243483
xxdut.xxbias.xrz.11                   0.242907
xxdut.xxbias.xrz.21                0.000575481
xxdut.xxtrim.xrfix.11                   3.2995
xxdut.xxtrim.xrfix.21                  3.18627
xxdut.xxtrim.c1                        3.18577
xxdut.xxtrim.xr0.11                    3.18527
xxdut.xxtrim.xr0.21                    3.18035
xxdut.xxtrim.c2                        3.17985
t0                                           0
xxdut.xxtrim.xr1.11                    3.17935
xxdut.xxtrim.xr1.21                    3.16949
xxdut.xxtrim.c3                        3.16899
t1                                           0
xxdut.xxtrim.xr2.11                    3.16849
xxdut.xxtrim.xr2.21                    3.14879
xxdut.xxtrim.c4                        3.14829
t2                                           0
xxdut.xxtrim.xr3.11                    3.14779
xxdut.xxtrim.xr3.21                    3.10838
xxdut.xxtrim.c5                        3.10788
t3                                           0
xxdut.xxtrim.xr4.11                    3.10738
xxdut.xxtrim.xr4.21                    3.02856
xxdut.xxtrim.c6                        3.02806
t4                                           0
xxdut.xxtrim.xr5.11                    3.02756
xxdut.xxtrim.xr5.21                    2.86992
xxdut.xxtrim.c7                        2.86942
t5                                           0
xxdut.xxtrim.xr6.11                    2.86892
xxdut.xxtrim.xr6.21                    2.55365
xxdut.xxtrim.c8                        2.55315
t6                                         3.3
xxdut.xxtrim.xr7.11                    2.55286
xxdut.xxtrim.xr7.21                     2.1874
xxdut.vc                               2.18711
t7                                         3.3
xxdut.xxcmph.tail                      0.96133
xxdut.xxcmph.dp                        1.47734
xxdut.xxcmph.dn                        1.36286
xxdut.cmph_out                          1.4133
xxdut.xxcmpl.tail                     0.506744
xxdut.xxcmpl.dp                        3.29732
xxdut.xxcmpl.dn                       0.755103
xxdut.cmpl_out                     7.65762e-09
clk                                    0.54611
xxdut.qbar                             1.36835
xxdut.mid1                             2.58014
xxdut.mid2                             3.05912
vt7#branch                                   0
vt6#branch                                   0
vt5#branch                                   0
vt4#branch                                   0
vt3#branch                                   0
vt2#branch                                   0
vt1#branch                                   0
vt0#branch                                   0
vdd#branch                        -0.000866608

 Reference value :  6.42202e-08
 Reference value :  1.62772e-07
 Reference value :  2.60578e-07
 Reference value :  3.55279e-07
 Reference value :  4.53226e-07
 Reference value :  5.59907e-07
 Reference value :  6.75786e-07
 Reference value :  7.85470e-07
 Reference value :  8.97742e-07
 Reference value :  9.96740e-07
 Reference value :  1.08250e-06
 Reference value :  1.16650e-06
No. of Data Rows : 6477
t_avg_start         =  6.26358e-08
t_avg_end           =  3.41499e-07
iq_run_ua           =  4.90146e+02 from=  6.26358e-08 to=  3.41613e-07
ngspice-46 done
Warning: m=xx on .subckt line will override multiplier m hierarchy!

Note: Starting dynamic gmin stepping
Note: Dynamic gmin stepping completed
Warning from checkvalid: vector xxdut.clk is not available or has zero length.
Note: Starting dynamic gmin stepping
Note: Dynamic gmin stepping completed
