====================================================================
gf180-rcosc Iq sweep grid point: fs_T-040C_V3p0_code0x00
process     : fs (fets=fs res=res_typical mimcap=mimcap_typical)
temperature : -40 C
supply      : 3 V
trim code   : 0x00 (0)
attempt     : 1 (tran 200p 1200n)
wall clock  : 331.1 s
exit status : 0
====================================================================

Note: Compatibility modes selected: hs a


Circuit: ** sch_path: /users/rwalters/github/gf180-rcosc/.loom/worktrees/issue-39/design/smoke_test.sch

Doing analysis at TEMP = -40.000000 and TNOM = 27.000000

Using SPARSE 1.3 as Direct Linear Solver
 Reference value :  0.00000e+00
No. of Data Rows : 1
iq_ua = 2.467160e+02
v(xxdut.xxcmph.dp) = 2.999427e+00
v(xxdut.xxcmph.dn) = 1.055054e+00
v(xxdut.cmph_out) = -4.97140e-03
v(xxdut.xxcmpl.dp) = 3.000175e+00
v(xxdut.xxcmpl.dn) = 1.059445e+00
v(xxdut.cmpl_out) = 1.017114e-02
Doing analysis at TEMP = -40.000000 and TNOM = 27.000000

Using SPARSE 1.3 as Direct Linear Solver

Initial Transient Solution
--------------------------

Node                                   Voltage
----                                   -------
vdd                                          3
xxdut.xxbias.xrba.11                   2.99864
xxdut.xxbias.xrba.21                   1.99253
xxdut.vh                               1.99117
xxdut.xxbias.xrbb.11                   1.98981
xxdut.xxbias.xrbb.21                  0.984639
xxdut.vl                              0.983281
xxdut.xxbias.xrbc.11                  0.981956
xxdut.xxbias.xrbc.21                0.00132488
xxdut.ibias                           0.855336
xxdut.xxbias.pb                        1.75082
xxdut.xxbias.n2s                      0.116821
xxdut.xxbias.xrz.11                   0.116332
xxdut.xxbias.xrz.21                0.000489093
xxdut.xxtrim.xrfix.11                  2.99813
xxdut.xxtrim.xrfix.21                  2.76055
xxdut.xxtrim.c1                        2.75868
xxdut.xxtrim.xr0.11                    2.75681
xxdut.xxtrim.xr0.21                    2.74648
xxdut.xxtrim.c2                        2.74461
t0                                           0
xxdut.xxtrim.xr1.11                    2.74274
xxdut.xxtrim.xr1.21                    2.72206
xxdut.xxtrim.c3                        2.72019
t1                                           0
xxdut.xxtrim.xr2.11                    2.71833
xxdut.xxtrim.xr2.21                    2.67695
xxdut.xxtrim.c4                        2.67508
t2                                           0
xxdut.xxtrim.xr3.11                    2.67321
xxdut.xxtrim.xr3.21                    2.59045
xxdut.xxtrim.c5                        2.58858
t3                                           0
xxdut.xxtrim.xr4.11                    2.58671
xxdut.xxtrim.xr4.21                    2.42116
xxdut.xxtrim.c6                        2.41929
t4                                           0
xxdut.xxtrim.xr5.11                    2.41742
xxdut.xxtrim.xr5.21                     2.0865
xxdut.xxtrim.c7                        2.08463
t5                                           0
xxdut.xxtrim.xr6.11                    2.08277
xxdut.xxtrim.xr6.21                    1.42338
xxdut.xxtrim.c8                        1.42152
t6                                           0
xxdut.xxtrim.xr7.11                     1.4197
xxdut.xxtrim.xr7.21                   0.128848
xxdut.vc                              0.127027
t7                                           0
xxdut.xxcmph.tail                     0.807242
xxdut.xxcmph.dp                        2.99944
xxdut.xxcmph.dn                         1.1335
xxdut.cmph_out                     -0.00178619
xxdut.xxcmpl.tail                   0.00244571
xxdut.xxcmpl.dp                     0.00504472
xxdut.xxcmpl.dn                        1.96813
xxdut.cmpl_out                         3.00008
clk                                0.000509592
xxdut.qbar                             3.00263
xxdut.mid1                             2.99495
xxdut.mid2                             1.51148
vt7#branch                        -7.43781e-07
vt6#branch                           1.661e-08
vt5#branch                         4.21259e-09
vt4#branch                         5.58596e-10
vt3#branch                        -5.38041e-10
vt2#branch                        -8.49872e-10
vt1#branch                        -9.13778e-10
vt0#branch                        -9.02441e-10
vdd#branch                        -0.000116244

 Reference value :  0.00000e+00
 Reference value :  1.24692e-07
 Reference value :  2.47225e-07
 Reference value :  3.66854e-07
 Reference value :  4.81501e-07
 Reference value :  5.96014e-07
 Reference value :  7.24363e-07
 Reference value :  8.43641e-07
 Reference value :  9.68869e-07
 Reference value :  1.08990e-06
No. of Data Rows : 6357
t_avg_start         =  1.88710e-07
t_avg_end           =  9.58725e-07
iq_run_ua           =  1.80025e+02 from=  1.88710e-07 to=  9.58727e-07
ngspice-46 done
Warning: m=xx on .subckt line will override multiplier m hierarchy!

Note: Starting dynamic gmin stepping
Warning: Dynamic gmin stepping failed
Note: Starting true gmin stepping
Warning: True gmin stepping failed
Note: Starting source stepping
Warning: source stepping failed
Note: Transient op started
Note: Transient op finished successfully
Warning from checkvalid: vector xxdut.clk is not available or has zero length.
Note: Starting dynamic gmin stepping
Warning: Dynamic gmin stepping failed
Note: Starting true gmin stepping
Warning: True gmin stepping failed
Note: Starting source stepping
Warning: singular matrix:  check node xxdut.vl

Warning: source stepping failed
Note: Transient op started
Note: Transient op finished successfully
