====================================================================
gf180-rcosc Iq sweep grid point: fs_T+085C_V3p6_code0xC0
process     : fs (fets=fs res=res_typical mimcap=mimcap_typical)
temperature : 85 C
supply      : 3.6 V
trim code   : 0xC0 (192)
attempt     : 1 (tran 200p 1200n)
wall clock  : 36.7 s
exit status : 0
====================================================================

Note: Compatibility modes selected: hs a


Circuit: ** sch_path: /users/rwalters/github/gf180-rcosc/.loom/worktrees/issue-39/design/smoke_test.sch

Doing analysis at TEMP = 85.000000 and TNOM = 27.000000

Using SPARSE 1.3 as Direct Linear Solver
 Reference value :  0.00000e+00
No. of Data Rows : 1
iq_ua = 7.461766e+02
v(xxdut.xxcmph.dp) = 1.497700e+00
v(xxdut.xxcmph.dn) = 1.542948e+00
v(xxdut.cmph_out) = 1.423886e+00
v(xxdut.xxcmpl.dp) = 3.599988e+00
v(xxdut.xxcmpl.dn) = 9.732936e-01
v(xxdut.cmpl_out) = 5.242283e-09
Doing analysis at TEMP = 85.000000 and TNOM = 27.000000

Using SPARSE 1.3 as Direct Linear Solver

Initial Transient Solution
--------------------------

Node                                   Voltage
----                                   -------
vdd                                        3.6
xxdut.xxbias.xrba.11                   3.59927
xxdut.xxbias.xrba.21                   2.40073
xxdut.vh                                   2.4
xxdut.xxbias.xrbb.11                   2.39927
xxdut.xxbias.xrbb.21                   1.20073
xxdut.vl                                   1.2
xxdut.xxbias.xrbc.11                   1.19927
xxdut.xxbias.xrbc.21                0.00072864
xxdut.ibias                           0.921021
xxdut.xxbias.pb                        2.20833
xxdut.xxbias.n2s                      0.220506
xxdut.xxbias.xrz.11                   0.220089
xxdut.xxbias.xrz.21                0.000417334
xxdut.xxtrim.xrfix.11                  3.59956
xxdut.xxtrim.xrfix.21                  3.47513
xxdut.xxtrim.c1                        3.47469
xxdut.xxtrim.xr0.11                    3.47425
xxdut.xxtrim.xr0.21                    3.46883
xxdut.xxtrim.c2                        3.46839
t0                                           0
xxdut.xxtrim.xr1.11                    3.46795
xxdut.xxtrim.xr1.21                    3.45713
xxdut.xxtrim.c3                        3.45669
t1                                           0
xxdut.xxtrim.xr2.11                    3.45625
xxdut.xxtrim.xr2.21                    3.43459
xxdut.xxtrim.c4                        3.43415
t2                                           0
xxdut.xxtrim.xr3.11                    3.43371
xxdut.xxtrim.xr3.21                     3.3904
xxdut.xxtrim.c5                        3.38996
t3                                           0
xxdut.xxtrim.xr4.11                    3.38952
xxdut.xxtrim.xr4.21                     3.3029
xxdut.xxtrim.c6                        3.30246
t4                                           0
xxdut.xxtrim.xr5.11                    3.30202
xxdut.xxtrim.xr5.21                    3.12878
xxdut.xxtrim.c7                        3.12834
t5                                           0
xxdut.xxtrim.xr6.11                     3.1279
xxdut.xxtrim.xr6.21                    2.78143
xxdut.xxtrim.c8                        2.78099
t6                                         3.6
xxdut.xxtrim.xr7.11                    2.78075
xxdut.xxtrim.xr7.21                    2.40781
xxdut.vc                               2.40758
t7                                         3.6
xxdut.xxcmph.tail                      1.14322
xxdut.xxcmph.dp                         1.4977
xxdut.xxcmph.dn                        1.54295
xxdut.cmph_out                         1.42389
xxdut.xxcmpl.tail                     0.750008
xxdut.xxcmpl.dp                        3.59999
xxdut.xxcmpl.dn                       0.973294
xxdut.cmpl_out                     5.24228e-09
clk                                   0.567758
xxdut.qbar                             1.37634
xxdut.mid1                              2.8778
xxdut.mid2                             3.34706
vt7#branch                                   0
vt6#branch                                   0
vt5#branch                                   0
vt4#branch                                   0
vt3#branch                                   0
vt2#branch                                   0
vt1#branch                                   0
vt0#branch                                   0
vdd#branch                        -0.000746177

 Reference value :  6.90270e-08
 Reference value :  1.77551e-07
 Reference value :  2.88644e-07
 Reference value :  4.01203e-07
 Reference value :  5.08206e-07
 Reference value :  6.24323e-07
 Reference value :  7.31644e-07
 Reference value :  8.39631e-07
 Reference value :  9.48698e-07
 Reference value :  1.06397e-06
 Reference value :  1.16738e-06
No. of Data Rows : 6411
t_avg_start         =  7.56479e-08
t_avg_end           =  4.30700e-07
iq_run_ua           =  3.99194e+02 from=  7.56479e-08 to=  4.30755e-07
ngspice-46 done
Warning: m=xx on .subckt line will override multiplier m hierarchy!

Note: Starting dynamic gmin stepping
Note: Dynamic gmin stepping completed
Warning from checkvalid: vector xxdut.clk is not available or has zero length.
Note: Starting dynamic gmin stepping
Note: Dynamic gmin stepping completed
