====================================================================
gf180-rcosc Iq sweep grid point: fs_T-040C_V3p3_code0x00
process     : fs (fets=fs res=res_typical mimcap=mimcap_typical)
temperature : -40 C
supply      : 3.3 V
trim code   : 0x00 (0)
attempt     : 1 (tran 200p 1200n)
wall clock  : 180.4 s
exit status : 0
====================================================================

Note: Compatibility modes selected: hs a


Circuit: ** sch_path: /users/rwalters/github/gf180-rcosc/.loom/worktrees/issue-39/design/smoke_test.sch

Doing analysis at TEMP = -40.000000 and TNOM = 27.000000

Using SPARSE 1.3 as Direct Linear Solver
 Reference value :  0.00000e+00
No. of Data Rows : 1
iq_ua = 1.947556e+02
v(xxdut.xxcmph.dp) = 3.300007e+00
v(xxdut.xxcmph.dn) = 1.257321e+00
v(xxdut.cmph_out) = 8.157348e-04
v(xxdut.xxcmpl.dp) = 3.306438e+00
v(xxdut.xxcmpl.dn) = 1.261686e+00
v(xxdut.cmpl_out) = -1.71950e-02
Doing analysis at TEMP = -40.000000 and TNOM = 27.000000

Using SPARSE 1.3 as Direct Linear Solver

Initial Transient Solution
--------------------------

Node                                   Voltage
----                                   -------
vdd                                        3.3
xxdut.xxbias.xrba.11                   3.29852
xxdut.xxbias.xrba.21                   2.20148
xxdut.vh                                   2.2
xxdut.xxbias.xrbb.11                   2.19852
xxdut.xxbias.xrbb.21                   1.10148
xxdut.vl                                   1.1
xxdut.xxbias.xrbc.11                   1.09852
xxdut.xxbias.xrbc.21                0.00148214
xxdut.ibias                           0.884916
xxdut.xxbias.pb                        2.01306
xxdut.xxbias.n2s                      0.134067
xxdut.xxbias.xrz.11                   0.133506
xxdut.xxbias.xrz.21                0.000561294
xxdut.xxtrim.xrfix.11                   3.2993
xxdut.xxtrim.xrfix.21                  3.20977
xxdut.xxtrim.c1                        3.20907
xxdut.xxtrim.xr0.11                    3.20836
xxdut.xxtrim.xr0.21                    3.20447
xxdut.xxtrim.c2                        3.20377
t0                                           0
xxdut.xxtrim.xr1.11                    3.20306
xxdut.xxtrim.xr1.21                    3.19527
xxdut.xxtrim.c3                        3.19457
t1                                           0
xxdut.xxtrim.xr2.11                    3.19387
xxdut.xxtrim.xr2.21                    3.17829
xxdut.xxtrim.c4                        3.17758
t2                                           0
xxdut.xxtrim.xr3.11                    3.17688
xxdut.xxtrim.xr3.21                    3.14572
xxdut.xxtrim.c5                        3.14502
t3                                           0
xxdut.xxtrim.xr4.11                    3.14431
xxdut.xxtrim.xr4.21                    3.08199
xxdut.xxtrim.c6                        3.08129
t4                                           0
xxdut.xxtrim.xr5.11                    3.08059
xxdut.xxtrim.xr5.21                    2.95595
xxdut.xxtrim.c7                        2.95524
t5                                           0
xxdut.xxtrim.xr6.11                    2.95454
xxdut.xxtrim.xr6.21                    2.70526
xxdut.xxtrim.c8                        2.70456
t6                                           0
xxdut.xxtrim.xr7.11                    2.70385
xxdut.xxtrim.xr7.21                    2.20529
xxdut.vc                               2.20459
t7                                           0
xxdut.xxcmph.tail                      1.02821
xxdut.xxcmph.dp                         1.3634
xxdut.xxcmph.dn                        1.61993
xxdut.cmph_out                         1.30627
xxdut.xxcmpl.tail                     0.942896
xxdut.xxcmpl.dp                            3.3
xxdut.xxcmpl.dn                        1.27997
xxdut.cmpl_out                     3.12599e-09
clk                                   0.669125
xxdut.qbar                             1.25996
xxdut.mid1                             2.75611
xxdut.mid2                             3.11295
vt7#branch                                   0
vt6#branch                                   0
vt5#branch                                   0
vt4#branch                                   0
vt3#branch                                   0
vt2#branch                                   0
vt1#branch                                   0
vt0#branch                                   0
vdd#branch                        -0.000585247

 Reference value :  0.00000e+00
 Reference value :  1.19057e-07
 Reference value :  2.44471e-07
 Reference value :  3.78385e-07
 Reference value :  5.00860e-07
 Reference value :  6.34026e-07
 Reference value :  7.67048e-07
 Reference value :  9.12361e-07
 Reference value :  1.03835e-06
 Reference value :  1.16401e-06
No. of Data Rows : 6376
t_avg_start         =  1.55359e-07
t_avg_end           =  9.12577e-07
iq_run_ua           =  2.11341e+02 from=  1.55359e-07 to=  9.12604e-07
ngspice-46 done
Warning: m=xx on .subckt line will override multiplier m hierarchy!

Note: Starting dynamic gmin stepping
Warning: Dynamic gmin stepping failed
Note: Starting true gmin stepping
Warning: True gmin stepping failed
Note: Starting source stepping
Warning: source stepping failed
Note: Transient op started
Note: Transient op finished successfully
Warning from checkvalid: vector xxdut.clk is not available or has zero length.
Note: Starting dynamic gmin stepping
Warning: Dynamic gmin stepping failed
Note: Starting true gmin stepping
Warning: True gmin stepping failed
Note: Starting source stepping
Warning: singular matrix:  check node xxdut.vl

Note: Source stepping completed
