====================================================================
gf180-rcosc Iq sweep grid point: fs_T+027C_V3p3_code0xC0
process     : fs (fets=fs res=res_typical mimcap=mimcap_typical)
temperature : 27 C
supply      : 3.3 V
trim code   : 0xC0 (192)
attempt     : 1 (tran 200p 1200n)
wall clock  : 32.0 s
exit status : 0
====================================================================

Note: Compatibility modes selected: hs a


Circuit: ** sch_path: /users/rwalters/github/gf180-rcosc/.loom/worktrees/issue-39/design/smoke_test.sch

Doing analysis at TEMP = 27.000000 and TNOM = 27.000000

Using SPARSE 1.3 as Direct Linear Solver
 Reference value :  0.00000e+00
No. of Data Rows : 1
iq_ua = 5.989672e+02
v(xxdut.xxcmph.dp) = 1.363329e+00
v(xxdut.xxcmph.dn) = 1.462677e+00
v(xxdut.cmph_out) = 1.302624e+00
v(xxdut.xxcmpl.dp) = 3.300000e+00
v(xxdut.xxcmpl.dn) = 1.019286e+00
v(xxdut.cmpl_out) = 3.910741e-09
Doing analysis at TEMP = 27.000000 and TNOM = 27.000000

Using SPARSE 1.3 as Direct Linear Solver

Initial Transient Solution
--------------------------

Node                                   Voltage
----                                   -------
vdd                                        3.3
xxdut.xxbias.xrba.11                   3.29907
xxdut.xxbias.xrba.21                   2.20093
xxdut.vh                                   2.2
xxdut.xxbias.xrbb.11                   2.19907
xxdut.xxbias.xrbb.21                   1.10093
xxdut.vl                                   1.1
xxdut.xxbias.xrbc.11                   1.09907
xxdut.xxbias.xrbc.21               0.000925394
xxdut.ibias                           0.887939
xxdut.xxbias.pb                        1.97697
xxdut.xxbias.n2s                      0.171667
xxdut.xxbias.xrz.11                   0.171218
xxdut.xxbias.xrz.21                  0.0004497
xxdut.xxtrim.xrfix.11                  3.29954
xxdut.xxtrim.xrfix.21                  3.20527
xxdut.xxtrim.c1                        3.20481
xxdut.xxtrim.xr0.11                    3.20435
xxdut.xxtrim.xr0.21                    3.20025
xxdut.xxtrim.c2                        3.19979
t0                                           0
xxdut.xxtrim.xr1.11                    3.19933
xxdut.xxtrim.xr1.21                    3.19112
xxdut.xxtrim.c3                        3.19066
t1                                           0
xxdut.xxtrim.xr2.11                     3.1902
xxdut.xxtrim.xr2.21                     3.1738
xxdut.xxtrim.c4                        3.17333
t2                                           0
xxdut.xxtrim.xr3.11                    3.17287
xxdut.xxtrim.xr3.21                    3.14006
xxdut.xxtrim.c5                         3.1396
t3                                           0
xxdut.xxtrim.xr4.11                    3.13914
xxdut.xxtrim.xr4.21                    3.07352
xxdut.xxtrim.c6                        3.07306
t4                                           0
xxdut.xxtrim.xr5.11                     3.0726
xxdut.xxtrim.xr5.21                    2.94136
xxdut.xxtrim.c7                         2.9409
t5                                           0
xxdut.xxtrim.xr6.11                    2.94043
xxdut.xxtrim.xr6.21                    2.67796
xxdut.xxtrim.c8                         2.6775
t6                                         3.3
xxdut.xxtrim.xr7.11                    2.67708
xxdut.xxtrim.xr7.21                    2.20481
xxdut.vc                               2.20439
t7                                         3.3
xxdut.xxcmph.tail                      1.01841
xxdut.xxcmph.dp                        1.36333
xxdut.xxcmph.dn                        1.46268
xxdut.cmph_out                         1.30262
xxdut.xxcmpl.tail                     0.805929
xxdut.xxcmpl.dp                            3.3
xxdut.xxcmpl.dn                        1.01929
xxdut.cmpl_out                     3.91074e-09
clk                                   0.606328
xxdut.qbar                             1.25347
xxdut.mid1                             2.71009
xxdut.mid2                             3.09657
vt7#branch                                   0
vt6#branch                                   0
vt5#branch                                   0
vt4#branch                                   0
vt3#branch                                   0
vt2#branch                                   0
vt1#branch                                   0
vt0#branch                                   0
vdd#branch                        -0.000598967

 Reference value :  7.38361e-08
 Reference value :  1.74784e-07
 Reference value :  2.81668e-07
 Reference value :  3.99471e-07
 Reference value :  5.07995e-07
 Reference value :  6.21714e-07
 Reference value :  7.41801e-07
 Reference value :  8.63886e-07
 Reference value :  9.72714e-07
 Reference value :  1.08243e-06
 Reference value :  1.18826e-06
No. of Data Rows : 6464
t_avg_start         =  8.31560e-08
t_avg_end           =  4.77846e-07
iq_run_ua           =  3.06447e+02 from=  8.31560e-08 to=  4.77967e-07
ngspice-46 done
Warning: m=xx on .subckt line will override multiplier m hierarchy!

Note: Starting dynamic gmin stepping
Note: Dynamic gmin stepping completed
Warning from checkvalid: vector xxdut.clk is not available or has zero length.
Note: Starting dynamic gmin stepping
Note: Dynamic gmin stepping completed
