====================================================================
gf180-rcosc Iq sweep grid point: rc_f_T-040C_V3p0_code0x80
process     : rc_f (fets=typical res=res_ff mimcap=mimcap_ff)
temperature : -40 C
supply      : 3 V
trim code   : 0x80 (128)
attempt     : 1 (tran 200p 1200n)
wall clock  : 43.8 s
exit status : 0
====================================================================

Note: Compatibility modes selected: hs a


Circuit: ** sch_path: /users/rwalters/github/gf180-rcosc/.loom/worktrees/issue-39/design/smoke_test.sch

Doing analysis at TEMP = -40.000000 and TNOM = 27.000000

Using SPARSE 1.3 as Direct Linear Solver
 Reference value :  0.00000e+00
No. of Data Rows : 1
iq_ua = 4.969442e+02
v(xxdut.xxcmph.dp) = 1.343184e+00
v(xxdut.xxcmph.dn) = 1.416026e+00
v(xxdut.cmph_out) = 1.297291e+00
v(xxdut.xxcmpl.dp) = 3.000000e+00
v(xxdut.xxcmpl.dn) = 1.080582e+00
v(xxdut.cmpl_out) = 3.037657e-09
Doing analysis at TEMP = -40.000000 and TNOM = 27.000000

Using SPARSE 1.3 as Direct Linear Solver

Initial Transient Solution
--------------------------

Node                                   Voltage
----                                   -------
vdd                                          3
xxdut.xxbias.xrba.11                   2.99832
xxdut.xxbias.xrba.21                   2.00168
xxdut.vh                                     2
xxdut.xxbias.xrbb.11                   1.99832
xxdut.xxbias.xrbb.21                   1.00168
xxdut.vl                                     1
xxdut.xxbias.xrbc.11                  0.998317
xxdut.xxbias.xrbc.21                0.00168312
xxdut.ibias                           0.974479
xxdut.xxbias.pb                        1.80261
xxdut.xxbias.n2s                      0.131231
xxdut.xxbias.xrz.11                   0.130545
xxdut.xxbias.xrz.21                0.000685339
xxdut.xxtrim.xrfix.11                   2.9992
xxdut.xxtrim.xrfix.21                  2.91779
xxdut.xxtrim.c1                        2.91699
xxdut.xxtrim.xr0.11                    2.91619
xxdut.xxtrim.xr0.21                    2.91265
xxdut.xxtrim.c2                        2.91185
t0                                           0
xxdut.xxtrim.xr1.11                    2.91105
xxdut.xxtrim.xr1.21                    2.90396
xxdut.xxtrim.c3                        2.90316
t1                                           0
xxdut.xxtrim.xr2.11                    2.90236
xxdut.xxtrim.xr2.21                    2.88819
xxdut.xxtrim.c4                         2.8874
t2                                           0
xxdut.xxtrim.xr3.11                     2.8866
xxdut.xxtrim.xr3.21                    2.85826
xxdut.xxtrim.c5                        2.85746
t3                                           0
xxdut.xxtrim.xr4.11                    2.85666
xxdut.xxtrim.xr4.21                    2.79999
xxdut.xxtrim.c6                        2.79919
t4                                           0
xxdut.xxtrim.xr5.11                    2.79839
xxdut.xxtrim.xr5.21                    2.68504
xxdut.xxtrim.c7                        2.68424
t5                                           0
xxdut.xxtrim.xr6.11                    2.68344
xxdut.xxtrim.xr6.21                    2.45674
xxdut.xxtrim.c8                        2.45594
t6                                           0
xxdut.xxtrim.xr7.11                    2.45514
xxdut.xxtrim.xr7.21                    2.00177
xxdut.vc                               2.00097
t7                                           3
xxdut.xxcmph.tail                     0.787423
xxdut.xxcmph.dp                        1.34318
xxdut.xxcmph.dn                        1.41603
xxdut.cmph_out                         1.29729
xxdut.xxcmpl.tail                     0.697707
xxdut.xxcmpl.dp                              3
xxdut.xxcmpl.dn                        1.08058
xxdut.cmpl_out                     3.03766e-09
clk                                   0.757349
xxdut.qbar                             1.26291
xxdut.mid1                              2.5451
xxdut.mid2                             2.85999
vt7#branch                                   0
vt6#branch                                   0
vt5#branch                                   0
vt4#branch                                   0
vt3#branch                                   0
vt2#branch                                   0
vt1#branch                                   0
vt0#branch                                   0
vdd#branch                        -0.000496944

 Reference value :  4.37935e-08
 Reference value :  1.46522e-07
 Reference value :  2.43592e-07
 Reference value :  3.54569e-07
 Reference value :  4.56856e-07
 Reference value :  5.56683e-07
 Reference value :  6.66751e-07
 Reference value :  7.77966e-07
 Reference value :  8.86734e-07
 Reference value :  1.00035e-06
 Reference value :  1.11048e-06
No. of Data Rows : 6402
t_avg_start         =  1.00920e-07
t_avg_end           =  5.60773e-07
iq_run_ua           =  2.36912e+02 from=  1.00920e-07 to=  5.60861e-07
ngspice-46 done
Warning: m=xx on .subckt line will override multiplier m hierarchy!

Note: Starting dynamic gmin stepping
Note: Dynamic gmin stepping completed
Warning from checkvalid: vector xxdut.clk is not available or has zero length.
Note: Starting dynamic gmin stepping
Note: Dynamic gmin stepping completed
