====================================================================
gf180-rcosc Iq sweep grid point: rc_f_T-040C_V3p6_code0xFF
process     : rc_f (fets=typical res=res_ff mimcap=mimcap_ff)
temperature : -40 C
supply      : 3.6 V
trim code   : 0xFF (255)
attempt     : 1 (tran 200p 1200n)
wall clock  : 44.1 s
exit status : 0
====================================================================

Note: Compatibility modes selected: hs a


Circuit: ** sch_path: /users/rwalters/github/gf180-rcosc/.loom/worktrees/issue-39/design/smoke_test.sch

Doing analysis at TEMP = -40.000000 and TNOM = 27.000000

Using SPARSE 1.3 as Direct Linear Solver
 Reference value :  0.00000e+00
No. of Data Rows : 1
iq_ua = 7.852744e+02
v(xxdut.xxcmph.dp) = 1.612053e+00
v(xxdut.xxcmph.dn) = 1.910962e+00
v(xxdut.cmph_out) = 1.551827e+00
v(xxdut.xxcmpl.dp) = 3.600000e+00
v(xxdut.xxcmpl.dn) = 1.522523e+00
v(xxdut.cmpl_out) = 3.892449e-09
Doing analysis at TEMP = -40.000000 and TNOM = 27.000000

Using SPARSE 1.3 as Direct Linear Solver

Initial Transient Solution
--------------------------

Node                                   Voltage
----                                   -------
vdd                                        3.6
xxdut.xxbias.xrba.11                   3.59798
xxdut.xxbias.xrba.21                   2.40202
xxdut.vh                                   2.4
xxdut.xxbias.xrbb.11                   2.39798
xxdut.xxbias.xrbb.21                   1.20202
xxdut.vl                                   1.2
xxdut.xxbias.xrbc.11                   1.19798
xxdut.xxbias.xrbc.21                0.00201975
xxdut.ibias                             1.0062
xxdut.xxbias.pb                        2.35586
xxdut.xxbias.n2s                      0.150076
xxdut.xxbias.xrz.11                   0.149292
xxdut.xxbias.xrz.21                0.000783756
xxdut.xxtrim.xrfix.11                  3.59904
xxdut.xxtrim.xrfix.21                  3.50132
xxdut.xxtrim.c1                        3.50036
xxdut.xxtrim.xr0.11                     3.4994
xxdut.xxtrim.xr0.21                    3.49515
xxdut.xxtrim.c2                        3.49419
t0                                         3.6
xxdut.xxtrim.xr1.11                    3.49323
xxdut.xxtrim.xr1.21                    3.48473
xxdut.xxtrim.c3                        3.48377
t1                                         3.6
xxdut.xxtrim.xr2.11                    3.48281
xxdut.xxtrim.xr2.21                    3.46581
xxdut.xxtrim.c4                        3.46485
t2                                         3.6
xxdut.xxtrim.xr3.11                    3.46389
xxdut.xxtrim.xr3.21                    3.42987
xxdut.xxtrim.c5                        3.42892
t3                                         3.6
xxdut.xxtrim.xr4.11                    3.42796
xxdut.xxtrim.xr4.21                    3.35993
xxdut.xxtrim.c6                        3.35897
t4                                         3.6
xxdut.xxtrim.xr5.11                    3.35801
xxdut.xxtrim.xr5.21                    3.22197
xxdut.xxtrim.c7                        3.22101
t5                                         3.6
xxdut.xxtrim.xr6.11                    3.22005
xxdut.xxtrim.xr6.21                    2.94795
xxdut.xxtrim.c8                        2.94699
t6                                         3.6
xxdut.xxtrim.xr7.11                    2.94604
xxdut.xxtrim.xr7.21                    2.40501
xxdut.vc                               2.40406
t7                                         3.6
xxdut.xxcmph.tail                      1.08666
xxdut.xxcmph.dp                        1.61205
xxdut.xxcmph.dn                        1.91096
xxdut.cmph_out                         1.55183
xxdut.xxcmpl.tail                     0.985469
xxdut.xxcmpl.dp                            3.6
xxdut.xxcmpl.dn                        1.52252
xxdut.cmpl_out                     3.89245e-09
clk                                    0.76389
xxdut.qbar                             1.48354
xxdut.mid1                             2.94457
xxdut.mid2                             3.37872
vt7#branch                                   0
vt6#branch                                   0
vt5#branch                                   0
vt4#branch                                   0
vt3#branch                                   0
vt2#branch                                   0
vt1#branch                                   0
vt0#branch                                   0
vdd#branch                        -0.000785274

 Reference value :  3.60472e-08
 Reference value :  1.12008e-07
 Reference value :  1.93203e-07
 Reference value :  2.75216e-07
 Reference value :  3.61829e-07
 Reference value :  4.45665e-07
 Reference value :  5.32250e-07
 Reference value :  6.22748e-07
 Reference value :  7.08290e-07
 Reference value :  7.98454e-07
 Reference value :  8.92754e-07
 Reference value :  9.83894e-07
 Reference value :  1.07477e-06
 Reference value :  1.15836e-06
No. of Data Rows : 6733
t_avg_start         =  5.77848e-08
t_avg_end           =  3.28899e-07
iq_run_ua           =  4.01695e+02 from=  5.77848e-08 to=  3.28938e-07
ngspice-46 done
Warning: m=xx on .subckt line will override multiplier m hierarchy!

Note: Starting dynamic gmin stepping
Note: Dynamic gmin stepping completed
Warning from checkvalid: vector xxdut.clk is not available or has zero length.
Note: Starting dynamic gmin stepping
Note: Dynamic gmin stepping completed
