====================================================================
gf180-rcosc Iq sweep grid point: rc_s_T+027C_V3p6_code0x80
process     : rc_s (fets=typical res=res_ss mimcap=mimcap_ss)
temperature : 27 C
supply      : 3.6 V
trim code   : 0x80 (128)
attempt     : 1 (tran 200p 1200n)
wall clock  : 28.0 s
exit status : 0
====================================================================

Note: Compatibility modes selected: hs a


Circuit: ** sch_path: /users/rwalters/github/gf180-rcosc/.loom/worktrees/issue-39/design/smoke_test.sch

Doing analysis at TEMP = 27.000000 and TNOM = 27.000000

Using SPARSE 1.3 as Direct Linear Solver
 Reference value :  0.00000e+00
No. of Data Rows : 1
iq_ua = 6.716531e+02
v(xxdut.xxcmph.dp) = 1.614466e+00
v(xxdut.xxcmph.dn) = 1.964384e+00
v(xxdut.cmph_out) = 1.556019e+00
v(xxdut.xxcmpl.dp) = 3.600000e+00
v(xxdut.xxcmpl.dn) = 1.571338e+00
v(xxdut.cmpl_out) = 4.855300e-09
Doing analysis at TEMP = 27.000000 and TNOM = 27.000000

Using SPARSE 1.3 as Direct Linear Solver

Initial Transient Solution
--------------------------

Node                                   Voltage
----                                   -------
vdd                                        3.6
xxdut.xxbias.xrba.11                   3.59916
xxdut.xxbias.xrba.21                   2.40084
xxdut.vh                                   2.4
xxdut.xxbias.xrbb.11                   2.39916
xxdut.xxbias.xrbb.21                   1.20084
xxdut.vl                                   1.2
xxdut.xxbias.xrbc.11                   1.19916
xxdut.xxbias.xrbc.21               0.000841503
xxdut.ibias                           0.946408
xxdut.xxbias.pb                        2.41919
xxdut.xxbias.n2s                       0.16494
xxdut.xxbias.xrz.11                    0.16458
xxdut.xxbias.xrz.21                0.000360379
xxdut.xxtrim.xrfix.11                  3.59959
xxdut.xxtrim.xrfix.21                  3.49864
xxdut.xxtrim.c1                        3.49823
xxdut.xxtrim.xr0.11                    3.49781
xxdut.xxtrim.xr0.21                    3.49342
xxdut.xxtrim.c2                        3.49301
t0                                           0
xxdut.xxtrim.xr1.11                     3.4926
xxdut.xxtrim.xr1.21                    3.48382
xxdut.xxtrim.c3                         3.4834
t1                                           0
xxdut.xxtrim.xr2.11                    3.48299
xxdut.xxtrim.xr2.21                    3.46542
xxdut.xxtrim.c4                        3.46501
t2                                           0
xxdut.xxtrim.xr3.11                     3.4646
xxdut.xxtrim.xr3.21                    3.42946
xxdut.xxtrim.c5                        3.42905
t3                                           0
xxdut.xxtrim.xr4.11                    3.42864
xxdut.xxtrim.xr4.21                    3.35837
xxdut.xxtrim.c6                        3.35795
t4                                           0
xxdut.xxtrim.xr5.11                    3.35754
xxdut.xxtrim.xr5.21                      3.217
xxdut.xxtrim.c7                        3.21658
t5                                           0
xxdut.xxtrim.xr6.11                    3.21617
xxdut.xxtrim.xr6.21                    2.93508
xxdut.xxtrim.c8                        2.93467
t6                                           0
xxdut.xxtrim.xr7.11                    2.93428
xxdut.xxtrim.xr7.21                    2.40575
xxdut.vc                               2.40536
t7                                         3.6
xxdut.xxcmph.tail                       1.1308
xxdut.xxcmph.dp                        1.61447
xxdut.xxcmph.dn                        1.96438
xxdut.cmph_out                         1.55602
xxdut.xxcmpl.tail                      1.02506
xxdut.xxcmpl.dp                            3.6
xxdut.xxcmpl.dn                        1.57134
xxdut.cmpl_out                      4.8553e-09
clk                                   0.680417
xxdut.qbar                             1.48361
xxdut.mid1                             2.88442
xxdut.mid2                             3.36479
vt7#branch                                   0
vt6#branch                                   0
vt5#branch                                   0
vt4#branch                                   0
vt3#branch                                   0
vt2#branch                                   0
vt1#branch                                   0
vt0#branch                                   0
vdd#branch                        -0.000671653

 Reference value :  7.56907e-08
 Reference value :  2.09874e-07
 Reference value :  3.49997e-07
 Reference value :  4.87882e-07
 Reference value :  6.29635e-07
 Reference value :  7.58498e-07
 Reference value :  8.86076e-07
 Reference value :  1.01646e-06
 Reference value :  1.14663e-06
No. of Data Rows : 6281
t_avg_start         =  1.29764e-07
t_avg_end           =  7.58214e-07
iq_run_ua           =  2.45937e+02 from=  1.29764e-07 to=  7.58219e-07
ngspice-46 done
Warning: m=xx on .subckt line will override multiplier m hierarchy!

Note: Starting dynamic gmin stepping
Note: Dynamic gmin stepping completed
Warning from checkvalid: vector xxdut.clk is not available or has zero length.
Note: Starting dynamic gmin stepping
Note: Dynamic gmin stepping completed
