====================================================================
gf180-rcosc Iq sweep grid point: rc_s_T-040C_V3p3_code0xFF
process     : rc_s (fets=typical res=res_ss mimcap=mimcap_ss)
temperature : -40 C
supply      : 3.3 V
trim code   : 0xFF (255)
attempt     : 1 (tran 200p 1200n)
wall clock  : 403.5 s
exit status : 0
====================================================================

Note: Compatibility modes selected: hs a


Circuit: ** sch_path: /users/rwalters/github/gf180-rcosc/.loom/worktrees/issue-39/design/smoke_test.sch

Doing analysis at TEMP = -40.000000 and TNOM = 27.000000

Using SPARSE 1.3 as Direct Linear Solver
 Reference value :  0.00000e+00
No. of Data Rows : 1
iq_ua = 3.377959e+02
v(xxdut.xxcmph.dp) = 3.299708e+00
v(xxdut.xxcmph.dn) = 1.556852e+00
v(xxdut.cmph_out) = 5.179866e-03
v(xxdut.xxcmpl.dp) = 1.219254e+00
v(xxdut.xxcmpl.dn) = 1.631492e+00
v(xxdut.cmpl_out) = 3.158309e+00
Doing analysis at TEMP = -40.000000 and TNOM = 27.000000

Using SPARSE 1.3 as Direct Linear Solver

Initial Transient Solution
--------------------------

Node                                   Voltage
----                                   -------
vdd                                        3.3
xxdut.xxbias.xrba.11                   3.29877
xxdut.xxbias.xrba.21                   2.20523
xxdut.vh                                 2.204
xxdut.xxbias.xrbb.11                   2.20276
xxdut.xxbias.xrbb.21                   1.10456
xxdut.vl                               1.10332
xxdut.xxbias.xrbc.11                   1.10208
xxdut.xxbias.xrbc.21                0.00123941
xxdut.ibias                           0.938259
xxdut.xxbias.pb                        2.15989
xxdut.xxbias.n2s                      0.123275
xxdut.xxbias.xrz.11                   0.122844
xxdut.xxbias.xrz.21                0.000430694
xxdut.xxtrim.xrfix.11                  3.29918
xxdut.xxtrim.xrfix.21                  3.17366
xxdut.xxtrim.c1                        3.17284
xxdut.xxtrim.xr0.11                    3.17206
xxdut.xxtrim.xr0.21                     3.1669
xxdut.xxtrim.c2                        3.16613
t0                                         3.3
xxdut.xxtrim.xr1.11                    3.16531
xxdut.xxtrim.xr1.21                    3.15439
xxdut.xxtrim.c3                        3.15356
t1                                         3.3
xxdut.xxtrim.xr2.11                    3.15275
xxdut.xxtrim.xr2.21                    3.13113
xxdut.xxtrim.c4                        3.13032
t2                                         3.3
xxdut.xxtrim.xr3.11                    3.12952
xxdut.xxtrim.xr3.21                    3.08704
xxdut.xxtrim.c5                        3.08624
t3                                         3.3
xxdut.xxtrim.xr4.11                    3.08546
xxdut.xxtrim.xr4.21                    3.00183
xxdut.xxtrim.c6                        3.00105
t4                                         3.3
xxdut.xxtrim.xr5.11                     3.0003
xxdut.xxtrim.xr5.21                    2.84208
xxdut.xxtrim.c7                        2.84133
t5                                         3.3
xxdut.xxtrim.xr6.11                    2.84062
xxdut.xxtrim.xr6.21                    2.53867
xxdut.xxtrim.c8                        2.53796
t6                                         3.3
xxdut.xxtrim.xr7.11                    2.53742
xxdut.xxtrim.xr7.21                    2.07886
xxdut.vc                               2.07832
t7                                         3.3
xxdut.xxcmph.tail                     0.940921
xxdut.xxcmph.dp                        3.20136
xxdut.xxcmph.dn                          1.657
xxdut.cmph_out                     -0.00308872
xxdut.xxcmpl.tail                     0.807752
xxdut.xxcmpl.dp                        3.30193
xxdut.xxcmpl.dn                        1.54472
xxdut.cmpl_out                       0.0132478
clk                               -0.000544791
xxdut.qbar                             3.30213
xxdut.mid1                             3.29429
xxdut.mid2                              3.3037
vt7#branch                        -5.34467e-07
vt6#branch                        -4.08101e-06
vt5#branch                        -3.79083e-06
vt4#branch                        -3.55982e-06
vt3#branch                        -3.24173e-06
vt2#branch                        -3.54496e-06
vt1#branch                        -3.80529e-06
vt0#branch                        -4.42307e-06
vdd#branch                         -0.00022312

 Reference value :  0.00000e+00
 Reference value :  1.12382e-07
 Reference value :  2.31947e-07
 Reference value :  3.44605e-07
 Reference value :  4.72405e-07
 Reference value :  5.93614e-07
 Reference value :  7.24489e-07
 Reference value :  8.41546e-07
 Reference value :  9.71041e-07
 Reference value :  1.08939e-06
No. of Data Rows : 6448
t_avg_start         =  9.74099e-08
t_avg_end           =  5.45572e-07
iq_run_ua           =  2.33456e+02 from=  9.74099e-08 to=  5.45644e-07
ngspice-46 done
Warning: m=xx on .subckt line will override multiplier m hierarchy!

Note: Starting dynamic gmin stepping
Warning: Dynamic gmin stepping failed
Note: Starting true gmin stepping
Warning: True gmin stepping failed
Note: Starting source stepping
Warning: source stepping failed
Note: Transient op started
Note: Transient op finished successfully
Warning from checkvalid: vector xxdut.clk is not available or has zero length.
Note: Starting dynamic gmin stepping
Warning: Dynamic gmin stepping failed
Note: Starting true gmin stepping
Warning: True gmin stepping failed
Note: Starting source stepping
Warning: singular matrix:  check node xxdut.vl

Warning: source stepping failed
Note: Transient op started
Note: Transient op finished successfully
