====================================================================
gf180-rcosc Iq sweep grid point: sf_T-040C_V3p3_code0x00
process     : sf (fets=sf res=res_typical mimcap=mimcap_typical)
temperature : -40 C
supply      : 3.3 V
trim code   : 0x00 (0)
attempt     : 1 (tran 200p 1200n)
wall clock  : 330.0 s
exit status : 0
====================================================================

Note: Compatibility modes selected: hs a


Circuit: ** sch_path: /users/rwalters/github/gf180-rcosc/.loom/worktrees/issue-39/design/smoke_test.sch

Doing analysis at TEMP = -40.000000 and TNOM = 27.000000

Using SPARSE 1.3 as Direct Linear Solver
 Reference value :  0.00000e+00
No. of Data Rows : 1
iq_ua = 1.134070e+02
v(xxdut.xxcmph.dp) = 3.300537e+00
v(xxdut.xxcmph.dn) = 1.608116e+00
v(xxdut.cmph_out) = 3.852175e-03
v(xxdut.xxcmpl.dp) = 5.991229e-01
v(xxdut.xxcmpl.dn) = 1.933867e+00
v(xxdut.cmpl_out) = 3.307631e+00
Doing analysis at TEMP = -40.000000 and TNOM = 27.000000

Using SPARSE 1.3 as Direct Linear Solver

Initial Transient Solution
--------------------------

Node                                   Voltage
----                                   -------
vdd                                        3.3
xxdut.xxbias.xrba.11                   3.29852
xxdut.xxbias.xrba.21                   2.20412
xxdut.vh                               2.20264
xxdut.xxbias.xrbb.11                   2.20116
xxdut.xxbias.xrbb.21                   1.10446
xxdut.vl                               1.10298
xxdut.xxbias.xrbc.11                   1.10149
xxdut.xxbias.xrbc.21                0.00148616
xxdut.ibias                            1.03534
xxdut.xxbias.pb                        2.23872
xxdut.xxbias.n2s                      0.126702
xxdut.xxbias.xrz.11                   0.126172
xxdut.xxbias.xrz.21                0.000530461
xxdut.xxtrim.xrfix.11                  3.29909
xxdut.xxtrim.xrfix.21                  3.18364
xxdut.xxtrim.c1                        3.18273
xxdut.xxtrim.xr0.11                    3.18183
xxdut.xxtrim.xr0.21                    3.17681
xxdut.xxtrim.c2                         3.1759
t0                                           0
xxdut.xxtrim.xr1.11                      3.175
xxdut.xxtrim.xr1.21                    3.16499
xxdut.xxtrim.c3                        3.16409
t1                                           0
xxdut.xxtrim.xr2.11                    3.16318
xxdut.xxtrim.xr2.21                    3.14321
xxdut.xxtrim.c4                         3.1423
t2                                           0
xxdut.xxtrim.xr3.11                     3.1414
xxdut.xxtrim.xr3.21                    3.10156
xxdut.xxtrim.c5                        3.10066
t3                                           0
xxdut.xxtrim.xr4.11                    3.09977
xxdut.xxtrim.xr4.21                     3.0204
xxdut.xxtrim.c6                         3.0195
t4                                           0
xxdut.xxtrim.xr5.11                    3.01861
xxdut.xxtrim.xr5.21                    2.86098
xxdut.xxtrim.c7                        2.86009
t5                                           0
xxdut.xxtrim.xr6.11                    2.85921
xxdut.xxtrim.xr6.21                    2.54862
xxdut.xxtrim.c8                        2.54774
t6                                           0
xxdut.xxtrim.xr7.11                     2.5469
xxdut.xxtrim.xr7.21                    1.95011
xxdut.vc                               1.94927
t7                                           0
xxdut.xxcmph.tail                     0.826493
xxdut.xxcmph.dp                        3.27699
xxdut.xxcmph.dn                        1.63247
xxdut.cmph_out                     -0.00247006
xxdut.xxcmpl.tail                      0.61641
xxdut.xxcmpl.dp                        3.30057
xxdut.xxcmpl.dn                        1.60351
xxdut.cmpl_out                       0.0230084
clk                               -0.000551389
xxdut.qbar                             3.30327
xxdut.mid1                             3.29221
xxdut.mid2                              3.2916
vt7#branch                        -6.80601e-07
vt6#branch                          2.1713e-08
vt5#branch                         1.31416e-08
vt4#branch                         8.73406e-09
vt3#branch                         6.48965e-09
vt2#branch                         5.33175e-09
vt1#branch                         4.71811e-09
vt0#branch                         4.37669e-09
vdd#branch                        -0.000183103

 Reference value :  0.00000e+00
 Reference value :  1.30347e-07
 Reference value :  2.62240e-07
 Reference value :  3.80634e-07
 Reference value :  5.15246e-07
 Reference value :  6.40346e-07
 Reference value :  7.67926e-07
 Reference value :  8.94833e-07
 Reference value :  1.02483e-06
 Reference value :  1.14733e-06
No. of Data Rows : 6336
t_avg_start         =  1.66441e-07
t_avg_end           =  9.51038e-07
iq_run_ua           =  1.80617e+02 from=  1.66441e-07 to=  9.51181e-07
ngspice-46 done
Warning: m=xx on .subckt line will override multiplier m hierarchy!

Note: Starting dynamic gmin stepping
Warning: Dynamic gmin stepping failed
Note: Starting true gmin stepping
Warning: True gmin stepping failed
Note: Starting source stepping
Warning: source stepping failed
Note: Transient op started
Note: Transient op finished successfully
Warning from checkvalid: vector xxdut.clk is not available or has zero length.
Note: Starting dynamic gmin stepping
Warning: Dynamic gmin stepping failed
Note: Starting true gmin stepping
Warning: True gmin stepping failed
Note: Starting source stepping
Warning: singular matrix:  check node xxdut.vl

Warning: source stepping failed
Note: Transient op started
Note: Transient op finished successfully
