====================================================================
gf180-rcosc Iq sweep grid point: sf_T-040C_V3p0_code0x00
process     : sf (fets=sf res=res_typical mimcap=mimcap_typical)
temperature : -40 C
supply      : 3 V
trim code   : 0x00 (0)
attempt     : 1 (tran 200p 1200n)
wall clock  : 255.9 s
exit status : 0
====================================================================

Note: Compatibility modes selected: hs a


Circuit: ** sch_path: /users/rwalters/github/gf180-rcosc/.loom/worktrees/issue-39/design/smoke_test.sch

Doing analysis at TEMP = -40.000000 and TNOM = 27.000000

Using SPARSE 1.3 as Direct Linear Solver
 Reference value :  0.00000e+00
No. of Data Rows : 1
iq_ua = 1.394689e+02
v(xxdut.xxcmph.dp) = 3.000014e+00
v(xxdut.xxcmph.dn) = 1.362985e+00
v(xxdut.cmph_out) = -1.47202e-03
v(xxdut.xxcmpl.dp) = 3.042293e+00
v(xxdut.xxcmpl.dn) = 1.373013e+00
v(xxdut.cmpl_out) = -2.15067e-02
Doing analysis at TEMP = -40.000000 and TNOM = 27.000000

Using SPARSE 1.3 as Direct Linear Solver

Initial Transient Solution
--------------------------

Node                                   Voltage
----                                   -------
vdd                                          3
xxdut.xxbias.xrba.11                   2.99866
xxdut.xxbias.xrba.21                   2.00362
xxdut.vh                               2.00228
xxdut.xxbias.xrbb.11                   2.00093
xxdut.xxbias.xrbb.21                   1.00445
xxdut.vl                               1.00311
xxdut.xxbias.xrbc.11                   1.00176
xxdut.xxbias.xrbc.21                0.00135159
xxdut.ibias                            1.02238
xxdut.xxbias.pb                        1.95635
xxdut.xxbias.n2s                      0.119076
xxdut.xxbias.xrz.11                   0.118577
xxdut.xxbias.xrz.21                0.000498531
xxdut.xxtrim.xrfix.11                  2.99914
xxdut.xxtrim.xrfix.21                  2.88989
xxdut.xxtrim.c1                        2.88903
xxdut.xxtrim.xr0.11                    2.88817
xxdut.xxtrim.xr0.21                    2.88343
xxdut.xxtrim.c2                        2.88257
t0                                           0
xxdut.xxtrim.xr1.11                    2.88172
xxdut.xxtrim.xr1.21                    2.87224
xxdut.xxtrim.c3                        2.87139
t1                                           0
xxdut.xxtrim.xr2.11                    2.87053
xxdut.xxtrim.xr2.21                    2.85163
xxdut.xxtrim.c4                        2.85078
t2                                           0
xxdut.xxtrim.xr3.11                    2.84993
xxdut.xxtrim.xr3.21                    2.81223
xxdut.xxtrim.c5                        2.81138
t3                                           0
xxdut.xxtrim.xr4.11                    2.81053
xxdut.xxtrim.xr4.21                    2.73544
xxdut.xxtrim.c6                        2.73459
t4                                           0
xxdut.xxtrim.xr5.11                    2.73375
xxdut.xxtrim.xr5.21                    2.58462
xxdut.xxtrim.c7                        2.58378
t5                                           0
xxdut.xxtrim.xr6.11                    2.58295
xxdut.xxtrim.xr6.21                    2.28916
xxdut.xxtrim.c8                        2.28833
t6                                           0
xxdut.xxtrim.xr7.11                    2.28754
xxdut.xxtrim.xr7.21                    1.72299
xxdut.vc                                1.7222
t7                                           0
xxdut.xxcmph.tail                     0.677024
xxdut.xxcmph.dp                        2.98931
xxdut.xxcmph.dn                        1.37672
xxdut.cmph_out                      -0.0023377
xxdut.xxcmpl.tail                     0.454811
xxdut.xxcmpl.dp                        2.99515
xxdut.xxcmpl.dn                        1.36049
xxdut.cmpl_out                       0.0257387
clk                                 -0.0147889
xxdut.qbar                              2.9967
xxdut.mid1                             2.98557
xxdut.mid2                             2.99538
vt7#branch                         8.93894e-07
vt6#branch                         2.22045e-08
vt5#branch                         1.24695e-08
vt4#branch                         8.15167e-09
vt3#branch                         6.06213e-09
vt2#branch                         4.99717e-09
vt1#branch                         4.43496e-09
vt0#branch                         4.12389e-09
vdd#branch                        -0.000231848

 Reference value :  0.00000e+00
 Reference value :  1.21670e-07
 Reference value :  2.38514e-07
 Reference value :  3.47970e-07
 Reference value :  4.69466e-07
 Reference value :  5.92728e-07
 Reference value :  7.18793e-07
 Reference value :  8.46646e-07
 Reference value :  9.81001e-07
 Reference value :  1.12801e-06
No. of Data Rows : 6239
t_avg_start         =  1.73865e-07
t_avg_end           =  9.92394e-07
iq_run_ua           =  1.56202e+02 from=  1.73865e-07 to=  9.92505e-07
ngspice-46 done
Warning: m=xx on .subckt line will override multiplier m hierarchy!

Note: Starting dynamic gmin stepping
Warning: Dynamic gmin stepping failed
Note: Starting true gmin stepping
Warning: True gmin stepping failed
Note: Starting source stepping
Warning: source stepping failed
Note: Transient op started
Note: Transient op finished successfully
Warning from checkvalid: vector xxdut.clk is not available or has zero length.
Note: Starting dynamic gmin stepping
Warning: Dynamic gmin stepping failed
Note: Starting true gmin stepping
Warning: True gmin stepping failed
Note: Starting source stepping
Warning: singular matrix:  check node xxdut.vl

Warning: source stepping failed
Note: Transient op started
Note: Transient op finished successfully
