====================================================================
gf180-rcosc Iq sweep grid point: sf_T-040C_V3p6_code0xFF
process     : sf (fets=sf res=res_typical mimcap=mimcap_typical)
temperature : -40 C
supply      : 3.6 V
trim code   : 0xFF (255)
attempt     : 1 (tran 200p 1200n)
wall clock  : 49.1 s
exit status : 0
====================================================================

Note: Compatibility modes selected: hs a


Circuit: ** sch_path: /users/rwalters/github/gf180-rcosc/.loom/worktrees/issue-39/design/smoke_test.sch

Doing analysis at TEMP = -40.000000 and TNOM = 27.000000

Using SPARSE 1.3 as Direct Linear Solver
 Reference value :  0.00000e+00
No. of Data Rows : 1
iq_ua = 7.199813e+02
v(xxdut.xxcmph.dp) = 1.733570e+00
v(xxdut.xxcmph.dn) = 2.163166e+00
v(xxdut.cmph_out) = 1.683876e+00
v(xxdut.xxcmpl.dp) = 3.600000e+00
v(xxdut.xxcmpl.dn) = 1.853764e+00
v(xxdut.cmpl_out) = 4.276492e-09
Doing analysis at TEMP = -40.000000 and TNOM = 27.000000

Using SPARSE 1.3 as Direct Linear Solver

Initial Transient Solution
--------------------------

Node                                   Voltage
----                                   -------
vdd                                        3.6
xxdut.xxbias.xrba.11                   3.59838
xxdut.xxbias.xrba.21                   2.40162
xxdut.vh                                   2.4
xxdut.xxbias.xrbb.11                   2.39838
xxdut.xxbias.xrbb.21                   1.20162
xxdut.vl                                   1.2
xxdut.xxbias.xrbc.11                   1.19838
xxdut.xxbias.xrbc.21                0.00161689
xxdut.ibias                            1.04632
xxdut.xxbias.pb                        2.52048
xxdut.xxbias.n2s                      0.133287
xxdut.xxbias.xrz.11                   0.132729
xxdut.xxbias.xrz.21                 0.00055803
xxdut.xxtrim.xrfix.11                  3.59923
xxdut.xxtrim.xrfix.21                  3.50149
xxdut.xxtrim.c1                        3.50073
xxdut.xxtrim.xr0.11                    3.49996
xxdut.xxtrim.xr0.21                    3.49571
xxdut.xxtrim.c2                        3.49494
t0                                         3.6
xxdut.xxtrim.xr1.11                    3.49417
xxdut.xxtrim.xr1.21                    3.48567
xxdut.xxtrim.c3                         3.4849
t1                                         3.6
xxdut.xxtrim.xr2.11                    3.48413
xxdut.xxtrim.xr2.21                    3.46712
xxdut.xxtrim.c4                        3.46636
t2                                         3.6
xxdut.xxtrim.xr3.11                    3.46559
xxdut.xxtrim.xr3.21                    3.43157
xxdut.xxtrim.c5                         3.4308
t3                                         3.6
xxdut.xxtrim.xr4.11                    3.43003
xxdut.xxtrim.xr4.21                      3.362
xxdut.xxtrim.c6                        3.36123
t4                                         3.6
xxdut.xxtrim.xr5.11                    3.36046
xxdut.xxtrim.xr5.21                    3.22439
xxdut.xxtrim.c7                        3.22362
t5                                         3.6
xxdut.xxtrim.xr6.11                    3.22285
xxdut.xxtrim.xr6.21                     2.9507
xxdut.xxtrim.c8                        2.94994
t6                                         3.6
xxdut.xxtrim.xr7.11                    2.94917
xxdut.xxtrim.xr7.21                      2.405
xxdut.vc                               2.40423
t7                                         3.6
xxdut.xxcmph.tail                      1.04845
xxdut.xxcmph.dp                        1.73357
xxdut.xxcmph.dn                        2.16317
xxdut.cmph_out                         1.68388
xxdut.xxcmpl.tail                     0.966248
xxdut.xxcmpl.dp                            3.6
xxdut.xxcmpl.dn                        1.85376
xxdut.cmpl_out                     4.27649e-09
clk                                   0.834226
xxdut.qbar                             1.60546
xxdut.mid1                             2.91565
xxdut.mid2                             3.38769
vt7#branch                                   0
vt6#branch                                   0
vt5#branch                                   0
vt4#branch                                   0
vt3#branch                                   0
vt2#branch                                   0
vt1#branch                                   0
vt0#branch                                   0
vdd#branch                        -0.000719981

 Reference value :  0.00000e+00
 Reference value :  8.79465e-08
 Reference value :  1.80063e-07
 Reference value :  2.76079e-07
 Reference value :  3.70991e-07
 Reference value :  4.76980e-07
 Reference value :  5.75410e-07
 Reference value :  6.83078e-07
 Reference value :  7.77068e-07
 Reference value :  8.78503e-07
 Reference value :  9.86419e-07
 Reference value :  1.09548e-06
No. of Data Rows : 6653
t_avg_start         =  8.44521e-08
t_avg_end           =  4.58701e-07
iq_run_ua           =  3.01232e+02 from=  8.44521e-08 to=  4.58753e-07
ngspice-46 done
Warning: m=xx on .subckt line will override multiplier m hierarchy!

Note: Starting dynamic gmin stepping
Warning: Dynamic gmin stepping failed
Note: Starting true gmin stepping
Note: True gmin stepping completed
Warning from checkvalid: vector xxdut.clk is not available or has zero length.
Note: Starting dynamic gmin stepping
Warning: Dynamic gmin stepping failed
Note: Starting true gmin stepping
Note: True gmin stepping completed
