====================================================================
gf180-rcosc Iq sweep grid point: sf_T+027C_V3p0_code0x00
process     : sf (fets=sf res=res_typical mimcap=mimcap_typical)
temperature : 27 C
supply      : 3 V
trim code   : 0x00 (0)
attempt     : 1 (tran 200p 1200n)
wall clock  : 36.7 s
exit status : 0
====================================================================

Note: Compatibility modes selected: hs a


Circuit: ** sch_path: /users/rwalters/github/gf180-rcosc/.loom/worktrees/issue-39/design/smoke_test.sch

Doing analysis at TEMP = 27.000000 and TNOM = 27.000000

Using SPARSE 1.3 as Direct Linear Solver
 Reference value :  0.00000e+00
No. of Data Rows : 1
iq_ua = 4.803000e+02
v(xxdut.xxcmph.dp) = 1.454606e+00
v(xxdut.xxcmph.dn) = 1.488294e+00
v(xxdut.cmph_out) = 1.413584e+00
v(xxdut.xxcmpl.dp) = 3.000000e+00
v(xxdut.xxcmpl.dn) = 1.113807e+00
v(xxdut.cmpl_out) = 4.141892e-09
Doing analysis at TEMP = 27.000000 and TNOM = 27.000000

Using SPARSE 1.3 as Direct Linear Solver

Initial Transient Solution
--------------------------

Node                                   Voltage
----                                   -------
vdd                                          3
xxdut.xxbias.xrba.11                   2.99916
xxdut.xxbias.xrba.21                   2.00084
xxdut.vh                                     2
xxdut.xxbias.xrbb.11                   1.99916
xxdut.xxbias.xrbb.21                   1.00084
xxdut.vl                                     1
xxdut.xxbias.xrbc.11                  0.999159
xxdut.xxbias.xrbc.21               0.000841267
xxdut.ibias                            1.03038
xxdut.xxbias.pb                        1.92068
xxdut.xxbias.n2s                      0.158151
xxdut.xxbias.xrz.11                   0.157737
xxdut.xxbias.xrz.21                0.000414293
xxdut.xxtrim.xrfix.11                   2.9996
xxdut.xxtrim.xrfix.21                  2.91755
xxdut.xxtrim.c1                        2.91715
xxdut.xxtrim.xr0.11                    2.91675
xxdut.xxtrim.xr0.21                    2.91318
xxdut.xxtrim.c2                        2.91278
t0                                           0
xxdut.xxtrim.xr1.11                    2.91237
xxdut.xxtrim.xr1.21                    2.90524
xxdut.xxtrim.c3                        2.90483
t1                                           0
xxdut.xxtrim.xr2.11                    2.90443
xxdut.xxtrim.xr2.21                    2.89015
xxdut.xxtrim.c4                        2.88975
t2                                           0
xxdut.xxtrim.xr3.11                    2.88935
xxdut.xxtrim.xr3.21                    2.86079
xxdut.xxtrim.c5                        2.86039
t3                                           0
xxdut.xxtrim.xr4.11                    2.85999
xxdut.xxtrim.xr4.21                    2.80287
xxdut.xxtrim.c6                        2.80247
t4                                           0
xxdut.xxtrim.xr5.11                    2.80207
xxdut.xxtrim.xr5.21                    2.68784
xxdut.xxtrim.c7                        2.68744
t5                                           0
xxdut.xxtrim.xr6.11                    2.68704
xxdut.xxtrim.xr6.21                    2.45858
xxdut.xxtrim.c8                        2.45818
t6                                           0
xxdut.xxtrim.xr7.11                    2.45778
xxdut.xxtrim.xr7.21                    2.00086
xxdut.vc                               2.00046
t7                                           0
xxdut.xxcmph.tail                     0.734165
xxdut.xxcmph.dp                        1.45461
xxdut.xxcmph.dn                        1.48829
xxdut.cmph_out                         1.41358
xxdut.xxcmpl.tail                     0.624308
xxdut.xxcmpl.dp                              3
xxdut.xxcmpl.dn                        1.11381
xxdut.cmpl_out                     4.14189e-09
clk                                   0.762711
xxdut.qbar                             1.36614
xxdut.mid1                             2.47462
xxdut.mid2                             2.85026
vt7#branch                                   0
vt6#branch                                   0
vt5#branch                                   0
vt4#branch                                   0
vt3#branch                                   0
vt2#branch                                   0
vt1#branch                                   0
vt0#branch                                   0
vdd#branch                          -0.0004803

 Reference value :  6.93957e-08
 Reference value :  1.99589e-07
 Reference value :  3.26866e-07
 Reference value :  4.59218e-07
 Reference value :  5.85393e-07
 Reference value :  7.18874e-07
 Reference value :  8.49468e-07
 Reference value :  9.77072e-07
 Reference value :  1.10434e-06
No. of Data Rows : 6273
t_avg_start         =  1.56741e-07
t_avg_end           =  9.14375e-07
iq_run_ua           =  2.04758e+02 from=  1.56741e-07 to=  9.14446e-07
ngspice-46 done
Warning: m=xx on .subckt line will override multiplier m hierarchy!

Note: Starting dynamic gmin stepping
Note: Dynamic gmin stepping completed
Warning from checkvalid: vector xxdut.clk is not available or has zero length.
Note: Starting dynamic gmin stepping
Note: Dynamic gmin stepping completed
