====================================================================
gf180-rcosc Iq sweep grid point: ss_T+085C_V3p6_code0xFF
process     : ss (fets=ss res=res_ss mimcap=mimcap_ss)
temperature : 85 C
supply      : 3.6 V
trim code   : 0xFF (255)
attempt     : 1 (tran 200p 1200n)
wall clock  : 33.8 s
exit status : 0
====================================================================

Note: Compatibility modes selected: hs a


Circuit: ** sch_path: /users/rwalters/github/gf180-rcosc/.loom/worktrees/issue-39/design/smoke_test.sch

Doing analysis at TEMP = 85.000000 and TNOM = 27.000000

Using SPARSE 1.3 as Direct Linear Solver
 Reference value :  0.00000e+00
No. of Data Rows : 1
iq_ua = 5.577765e+02
v(xxdut.xxcmph.dp) = 1.626573e+00
v(xxdut.xxcmph.dn) = 1.714238e+00
v(xxdut.cmph_out) = 1.569364e+00
v(xxdut.xxcmpl.dp) = 3.600000e+00
v(xxdut.xxcmpl.dn) = 1.237851e+00
v(xxdut.cmpl_out) = 5.832017e-09
Doing analysis at TEMP = 85.000000 and TNOM = 27.000000

Using SPARSE 1.3 as Direct Linear Solver

Initial Transient Solution
--------------------------

Node                                   Voltage
----                                   -------
vdd                                        3.6
xxdut.xxbias.xrba.11                   3.59939
xxdut.xxbias.xrba.21                   2.40061
xxdut.vh                                   2.4
xxdut.xxbias.xrbb.11                   2.39939
xxdut.xxbias.xrbb.21                   1.20061
xxdut.vl                                   1.2
xxdut.xxbias.xrbc.11                   1.19939
xxdut.xxbias.xrbc.21               0.000607323
xxdut.ibias                            1.06164
xxdut.xxbias.pb                         2.2682
xxdut.xxbias.n2s                      0.193813
xxdut.xxbias.xrz.11                   0.193507
xxdut.xxbias.xrz.21                0.000305872
xxdut.xxtrim.xrfix.11                  3.59971
xxdut.xxtrim.xrfix.21                  3.50054
xxdut.xxtrim.c1                        3.50025
xxdut.xxtrim.xr0.11                    3.49996
xxdut.xxtrim.xr0.21                    3.49564
xxdut.xxtrim.c2                        3.49535
t0                                         3.6
xxdut.xxtrim.xr1.11                    3.49506
xxdut.xxtrim.xr1.21                    3.48643
xxdut.xxtrim.c3                        3.48614
t1                                         3.6
xxdut.xxtrim.xr2.11                    3.48585
xxdut.xxtrim.xr2.21                    3.46859
xxdut.xxtrim.c4                         3.4683
t2                                         3.6
xxdut.xxtrim.xr3.11                      3.468
xxdut.xxtrim.xr3.21                    3.43349
xxdut.xxtrim.c5                         3.4332
t3                                         3.6
xxdut.xxtrim.xr4.11                     3.4329
xxdut.xxtrim.xr4.21                    3.36387
xxdut.xxtrim.c6                        3.36358
t4                                         3.6
xxdut.xxtrim.xr5.11                    3.36329
xxdut.xxtrim.xr5.21                    3.22523
xxdut.xxtrim.c7                        3.22493
t5                                         3.6
xxdut.xxtrim.xr6.11                    3.22464
xxdut.xxtrim.xr6.21                    2.94851
xxdut.xxtrim.c8                        2.94822
t6                                         3.6
xxdut.xxtrim.xr7.11                    2.94793
xxdut.xxtrim.xr7.21                    2.40202
xxdut.vc                               2.40173
t7                                         3.6
xxdut.xxcmph.tail                      1.01692
xxdut.xxcmph.dp                        1.62657
xxdut.xxcmph.dn                        1.71424
xxdut.cmph_out                         1.56936
xxdut.xxcmpl.tail                     0.853253
xxdut.xxcmpl.dp                            3.6
xxdut.xxcmpl.dn                        1.23785
xxdut.cmpl_out                     5.83202e-09
clk                                   0.736634
xxdut.qbar                             1.50532
xxdut.mid1                             2.92857
xxdut.mid2                             3.39129
vt7#branch                                   0
vt6#branch                                   0
vt5#branch                                   0
vt4#branch                                   0
vt3#branch                                   0
vt2#branch                                   0
vt1#branch                                   0
vt0#branch                                   0
vdd#branch                        -0.000557776

 Reference value :  5.64564e-08
 Reference value :  1.65786e-07
 Reference value :  2.74596e-07
 Reference value :  3.83039e-07
 Reference value :  4.86380e-07
 Reference value :  5.99242e-07
 Reference value :  6.95500e-07
 Reference value :  8.00397e-07
 Reference value :  9.08875e-07
 Reference value :  1.01739e-06
 Reference value :  1.13229e-06
No. of Data Rows : 6355
t_avg_start         =  9.48786e-08
t_avg_end           =  5.35807e-07
iq_run_ua           =  3.16630e+02 from=  9.48786e-08 to=  5.35994e-07
ngspice-46 done
Warning: m=xx on .subckt line will override multiplier m hierarchy!

Note: Starting dynamic gmin stepping
Note: Dynamic gmin stepping completed
Warning from checkvalid: vector xxdut.clk is not available or has zero length.
Note: Starting dynamic gmin stepping
Note: Dynamic gmin stepping completed
