====================================================================
gf180-rcosc Iq sweep grid point: ss_T+027C_V3p0_code0x80
process     : ss (fets=ss res=res_ss mimcap=mimcap_ss)
temperature : 27 C
supply      : 3 V
trim code   : 0x80 (128)
attempt     : 1 (tran 200p 1200n)
wall clock  : 182.4 s
exit status : 0
====================================================================

Note: Compatibility modes selected: hs a


Circuit: ** sch_path: /users/rwalters/github/gf180-rcosc/.loom/worktrees/issue-39/design/smoke_test.sch

Doing analysis at TEMP = 27.000000 and TNOM = 27.000000

Using SPARSE 1.3 as Direct Linear Solver
 Reference value :  0.00000e+00
No. of Data Rows : 1
iq_ua = 2.032426e+02
v(xxdut.xxcmph.dp) = 2.980515e+00
v(xxdut.xxcmph.dn) = 9.902903e-01
v(xxdut.cmph_out) = 1.608498e-03
v(xxdut.xxcmpl.dp) = 3.037921e+00
v(xxdut.xxcmpl.dn) = 9.856240e-01
v(xxdut.cmpl_out) = -3.90381e-02
Doing analysis at TEMP = 27.000000 and TNOM = 27.000000

Using SPARSE 1.3 as Direct Linear Solver

Initial Transient Solution
--------------------------

Node                                   Voltage
----                                   -------
vdd                                          3
xxdut.xxbias.xrba.11                   2.99929
xxdut.xxbias.xrba.21                   1.99425
xxdut.vh                               1.99354
xxdut.xxbias.xrbb.11                   1.99284
xxdut.xxbias.xrbb.21                  0.985968
xxdut.vl                              0.985261
xxdut.xxbias.xrbc.11                   0.98457
xxdut.xxbias.xrbc.21               0.000690916
xxdut.ibias                            1.01136
xxdut.xxbias.pb                        1.74719
xxdut.xxbias.n2s                      0.136017
xxdut.xxbias.xrz.11                    0.13572
xxdut.xxbias.xrz.21                0.000297185
xxdut.xxtrim.xrfix.11                   2.9986
xxdut.xxtrim.xrfix.21                  2.65466
xxdut.xxtrim.c1                        2.65326
xxdut.xxtrim.xr0.11                    2.65185
xxdut.xxtrim.xr0.21                    2.63693
xxdut.xxtrim.c2                        2.63553
t0                                           0
xxdut.xxtrim.xr1.11                    2.63413
xxdut.xxtrim.xr1.21                    2.60438
xxdut.xxtrim.c3                        2.60298
t1                                           0
xxdut.xxtrim.xr2.11                    2.60159
xxdut.xxtrim.xr2.21                    2.54232
xxdut.xxtrim.c4                        2.54093
t2                                           0
xxdut.xxtrim.xr3.11                    2.53955
xxdut.xxtrim.xr3.21                    2.42159
xxdut.xxtrim.c5                        2.42021
t3                                           0
xxdut.xxtrim.xr4.11                    2.41883
xxdut.xxtrim.xr4.21                    2.18452
xxdut.xxtrim.c6                        2.18315
t4                                           0
xxdut.xxtrim.xr5.11                    2.18179
xxdut.xxtrim.xr5.21                    1.71879
xxdut.xxtrim.c7                        1.71743
t5                                           0
xxdut.xxtrim.xr6.11                    1.71611
xxdut.xxtrim.xr6.21                   0.815608
xxdut.xxtrim.c8                       0.814288
t6                                           0
xxdut.xxtrim.xr7.11                   0.814265
xxdut.xxtrim.xr7.21                   0.782996
xxdut.vc                              0.782973
t7                                           3
xxdut.xxcmph.tail                     0.646681
xxdut.xxcmph.dp                        3.00091
xxdut.xxcmph.dn                        1.04277
xxdut.cmph_out                     0.000441974
xxdut.xxcmpl.tail                   0.00386871
xxdut.xxcmpl.dp                    0.000881099
xxdut.xxcmpl.dn                        2.05762
xxdut.cmpl_out                         2.98051
clk                                  0.0355915
xxdut.qbar                             3.01176
xxdut.mid1                             3.01804
xxdut.mid2                             3.36847
vt7#branch                         9.02223e-06
vt6#branch                         1.74964e-07
vt5#branch                         6.74025e-08
vt4#branch                         2.78218e-08
vt3#branch                         2.05259e-08
vt2#branch                         1.79064e-08
vt1#branch                         1.67946e-08
vt0#branch                         1.67563e-08
vdd#branch                        -0.000167078

 Reference value :  0.00000e+00
 Reference value :  1.34767e-07
 Reference value :  2.55814e-07
 Reference value :  3.80224e-07
 Reference value :  5.12416e-07
 Reference value :  6.41238e-07
 Reference value :  7.63431e-07
 Reference value :  8.95562e-07
 Reference value :  1.02511e-06
 Reference value :  1.15966e-06
No. of Data Rows : 6265
t_avg_start         =  1.77606e-07
t_avg_end           =  9.33834e-07
iq_run_ua           =  1.70975e+02 from=  1.77606e-07 to=  9.34011e-07
ngspice-46 done
Warning: m=xx on .subckt line will override multiplier m hierarchy!

Note: Starting dynamic gmin stepping
Warning: Dynamic gmin stepping failed
Note: Starting true gmin stepping
Warning: True gmin stepping failed
Note: Starting source stepping
Warning: source stepping failed
Note: Transient op started
Note: Transient op finished successfully
Warning from checkvalid: vector xxdut.clk is not available or has zero length.
Note: Starting dynamic gmin stepping
Warning: Dynamic gmin stepping failed
Note: Starting true gmin stepping
Warning: True gmin stepping failed
Note: Starting source stepping
Warning: singular matrix:  check node xxdut.vl

Warning: source stepping failed
Note: Transient op started
Note: Transient op finished successfully
