====================================================================
gf180-rcosc Iq sweep grid point: ss_T+027C_V3p0_code0xC0
process     : ss (fets=ss res=res_ss mimcap=mimcap_ss)
temperature : 27 C
supply      : 3 V
trim code   : 0xC0 (192)
attempt     : 1 (tran 200p 1200n)
wall clock  : 200.8 s
exit status : 0
====================================================================

Note: Compatibility modes selected: hs a


Circuit: ** sch_path: /users/rwalters/github/gf180-rcosc/.loom/worktrees/issue-39/design/smoke_test.sch

Doing analysis at TEMP = 27.000000 and TNOM = 27.000000

Using SPARSE 1.3 as Direct Linear Solver
 Reference value :  0.00000e+00
No. of Data Rows : 1
iq_ua = 3.119025e+02
v(xxdut.xxcmph.dp) = 2.999625e+00
v(xxdut.xxcmph.dn) = 9.807867e-01
v(xxdut.cmph_out) = 3.066782e-03
v(xxdut.xxcmpl.dp) = 1.961949e+00
v(xxdut.xxcmpl.dn) = 1.251404e+00
v(xxdut.cmpl_out) = 4.256592e-02
Doing analysis at TEMP = 27.000000 and TNOM = 27.000000

Using SPARSE 1.3 as Direct Linear Solver

Initial Transient Solution
--------------------------

Node                                   Voltage
----                                   -------
vdd                                          3
xxdut.xxbias.xrba.11                   2.99929
xxdut.xxbias.xrba.21                    1.9947
xxdut.vh                                 1.994
xxdut.xxbias.xrbb.11                   1.99329
xxdut.xxbias.xrbb.21                  0.990001
xxdut.vl                              0.989297
xxdut.xxbias.xrbc.11                  0.988603
xxdut.xxbias.xrbc.21               0.000693747
xxdut.ibias                            1.01306
xxdut.xxbias.pb                        1.74975
xxdut.xxbias.n2s                        0.1369
xxdut.xxbias.xrz.11                   0.136601
xxdut.xxbias.xrz.21                0.000299113
xxdut.xxtrim.xrfix.11                  2.99688
xxdut.xxtrim.xrfix.21                  2.23264
xxdut.xxtrim.c1                        2.22952
xxdut.xxtrim.xr0.11                    2.22642
xxdut.xxtrim.xr0.21                    2.19342
xxdut.xxtrim.c2                        2.19032
t0                                           0
xxdut.xxtrim.xr1.11                    2.18726
xxdut.xxtrim.xr1.21                    2.12202
xxdut.xxtrim.c3                        2.11896
t1                                           0
xxdut.xxtrim.xr2.11                    2.11594
xxdut.xxtrim.xr2.21                    1.98711
xxdut.xxtrim.c4                        1.98409
t2                                           0
xxdut.xxtrim.xr3.11                    1.98111
xxdut.xxtrim.xr3.21                     1.7269
xxdut.xxtrim.c5                        1.72392
t3                                           0
xxdut.xxtrim.xr4.11                    1.72097
xxdut.xxtrim.xr4.21                    1.21853
xxdut.xxtrim.c6                        1.21558
t4                                           0
xxdut.xxtrim.xr5.11                     1.2126
xxdut.xxtrim.xr5.21                   0.198116
xxdut.xxtrim.c7                       0.195141
t5                                           0
xxdut.xxtrim.xr6.11                   0.195053
xxdut.xxtrim.xr6.21                   0.135125
xxdut.xxtrim.c8                       0.135037
t6                                           3
xxdut.xxtrim.xr7.11                   0.134981
xxdut.xxtrim.xr7.21                  0.0577911
xxdut.vc                             0.0577345
t7                                           3
xxdut.xxcmph.tail                     0.645748
xxdut.xxcmph.dp                        2.95288
xxdut.xxcmph.dn                         1.0358
xxdut.cmph_out                      0.00965529
xxdut.xxcmpl.tail                    0.0434528
xxdut.xxcmpl.dp                        1.18584
xxdut.xxcmpl.dn                        2.09594
xxdut.cmpl_out                         1.00508
clk                                    2.97833
xxdut.qbar                           0.0387304
xxdut.mid1                             3.03426
xxdut.mid2                             3.01628
vt7#branch                         -1.4539e-05
vt6#branch                         -2.7873e-06
vt5#branch                        -7.65874e-07
vt4#branch                        -2.75574e-08
vt3#branch                         7.39007e-08
vt2#branch                         9.92342e-08
vt1#branch                         1.04249e-07
vt0#branch                          1.1209e-07
vdd#branch                        -9.59586e-05

 Reference value :  0.00000e+00
 Reference value :  1.24402e-07
 Reference value :  2.39163e-07
 Reference value :  3.56068e-07
 Reference value :  4.81532e-07
 Reference value :  6.06268e-07
 Reference value :  7.23868e-07
 Reference value :  8.47173e-07
 Reference value :  9.68247e-07
 Reference value :  1.09609e-06
No. of Data Rows : 6308
t_avg_start         =  1.57758e-07
t_avg_end           =  8.04431e-07
iq_run_ua           =  1.86073e+02 from=  1.57758e-07 to=  8.04442e-07
ngspice-46 done
Warning: m=xx on .subckt line will override multiplier m hierarchy!

Note: Starting dynamic gmin stepping
Warning: Dynamic gmin stepping failed
Note: Starting true gmin stepping
Warning: True gmin stepping failed
Note: Starting source stepping
Warning: source stepping failed
Note: Transient op started
Note: Transient op finished successfully
Warning from checkvalid: vector xxdut.clk is not available or has zero length.
Note: Starting dynamic gmin stepping
Warning: Dynamic gmin stepping failed
Note: Starting true gmin stepping
Warning: True gmin stepping failed
Note: Starting source stepping
Warning: singular matrix:  check node xxdut.vl

Warning: source stepping failed
Note: Transient op started
Note: Transient op finished successfully
