====================================================================
gf180-rcosc Iq sweep grid point: ss_T-040C_V3p0_code0x00
process     : ss (fets=ss res=res_ss mimcap=mimcap_ss)
temperature : -40 C
supply      : 3 V
trim code   : 0x00 (0)
attempt     : 2 (tran 200p 4000n)
wall clock  : 198.1 s
exit status : 0
====================================================================

Note: Compatibility modes selected: hs a


Circuit: ** sch_path: /users/rwalters/github/gf180-rcosc/.loom/worktrees/issue-39/design/smoke_test.sch

Doing analysis at TEMP = -40.000000 and TNOM = 27.000000

Using SPARSE 1.3 as Direct Linear Solver
 Reference value :  0.00000e+00
No. of Data Rows : 1
iq_ua = 8.026703e+01
v(xxdut.xxcmph.dp) = 2.994463e+00
v(xxdut.xxcmph.dn) = 1.222376e+00
v(xxdut.cmph_out) = -1.09618e-03
v(xxdut.xxcmpl.dp) = 3.060876e+00
v(xxdut.xxcmpl.dn) = 1.224600e+00
v(xxdut.cmpl_out) = -1.78884e-02
Doing analysis at TEMP = -40.000000 and TNOM = 27.000000

Using SPARSE 1.3 as Direct Linear Solver

Initial Transient Solution
--------------------------

Node                                   Voltage
----                                   -------
vdd                                          3
xxdut.xxbias.xrba.11                   2.99888
xxdut.xxbias.xrba.21                   2.00447
xxdut.vh                               2.00335
xxdut.xxbias.xrbb.11                   2.00223
xxdut.xxbias.xrbb.21                    1.0071
xxdut.vl                               1.00598
xxdut.xxbias.xrbc.11                   1.00485
xxdut.xxbias.xrbc.21                0.00113006
xxdut.ibias                            1.02634
xxdut.xxbias.pb                         1.7654
xxdut.xxbias.n2s                      0.108834
xxdut.xxbias.xrz.11                   0.108453
xxdut.xxbias.xrz.21                 0.00038024
xxdut.xxtrim.xrfix.11                  2.99914
xxdut.xxtrim.xrfix.21                  2.86808
xxdut.xxtrim.c1                        2.86722
xxdut.xxtrim.xr0.11                    2.86636
xxdut.xxtrim.xr0.21                    2.86067
xxdut.xxtrim.c2                        2.85981
t0                                           0
xxdut.xxtrim.xr1.11                    2.85896
xxdut.xxtrim.xr1.21                    2.84759
xxdut.xxtrim.c3                        2.84674
t1                                           0
xxdut.xxtrim.xr2.11                    2.84588
xxdut.xxtrim.xr2.21                     2.8232
xxdut.xxtrim.c4                        2.82234
t2                                           0
xxdut.xxtrim.xr3.11                    2.82149
xxdut.xxtrim.xr3.21                    2.77624
xxdut.xxtrim.c5                        2.77539
t3                                           0
xxdut.xxtrim.xr4.11                    2.77454
xxdut.xxtrim.xr4.21                    2.68438
xxdut.xxtrim.c6                        2.68353
t4                                           0
xxdut.xxtrim.xr5.11                    2.68269
xxdut.xxtrim.xr5.21                    2.50354
xxdut.xxtrim.c7                         2.5027
t5                                           0
xxdut.xxtrim.xr6.11                    2.50186
xxdut.xxtrim.xr6.21                    2.14852
xxdut.xxtrim.c8                        2.14769
t6                                           0
xxdut.xxtrim.xr7.11                    2.14689
xxdut.xxtrim.xr7.21                    1.46624
xxdut.vc                               1.46544
t7                                           0
xxdut.xxcmph.tail                     0.672896
xxdut.xxcmph.dp                        3.00018
xxdut.xxcmph.dn                        1.21463
xxdut.cmph_out                     0.000918528
xxdut.xxcmpl.tail                     0.261997
xxdut.xxcmpl.dp                        2.96373
xxdut.xxcmpl.dn                        1.21077
xxdut.cmpl_out                       0.0233858
clk                                  0.0140652
xxdut.qbar                             3.00227
xxdut.mid1                             3.00862
xxdut.mid2                             2.99432
vt7#branch                        -5.15871e-07
vt6#branch                         3.63816e-08
vt5#branch                         1.25656e-08
vt4#branch                         8.29666e-09
vt3#branch                         6.16313e-09
vt2#branch                         5.06224e-09
vt1#branch                         4.48613e-09
vt0#branch                         4.17508e-09
vdd#branch                        -0.000176348

 Reference value :  0.00000e+00
 Reference value :  1.52244e-07
 Reference value :  2.98971e-07
 Reference value :  4.51683e-07
 Reference value :  6.02919e-07
 Reference value :  7.47318e-07
 Reference value :  8.99096e-07
 Reference value :  1.03567e-06
 Reference value :  1.18292e-06
 Reference value :  1.32835e-06
 Reference value :  1.46663e-06
 Reference value :  1.60811e-06
 Reference value :  1.74843e-06
 Reference value :  1.89034e-06
 Reference value :  2.04016e-06
 Reference value :  2.18213e-06
 Reference value :  2.31196e-06
 Reference value :  2.45383e-06
 Reference value :  2.59605e-06
 Reference value :  2.73744e-06
 Reference value :  2.87035e-06
 Reference value :  3.00791e-06
 Reference value :  3.15359e-06
 Reference value :  3.29539e-06
 Reference value :  3.43327e-06
 Reference value :  3.57336e-06
 Reference value :  3.70765e-06
 Reference value :  3.84455e-06
 Reference value :  3.98803e-06
No. of Data Rows : 20462
t_avg_start         =  2.33669e-07
t_avg_end           =  1.29865e-06
iq_run_ua           =  1.19308e+02 from=  2.33669e-07 to=  1.29874e-06
ngspice-46 done
Warning: m=xx on .subckt line will override multiplier m hierarchy!

Note: Starting dynamic gmin stepping
Warning: Dynamic gmin stepping failed
Note: Starting true gmin stepping
Warning: True gmin stepping failed
Note: Starting source stepping
Warning: source stepping failed
Note: Transient op started
Note: Transient op finished successfully
Warning from checkvalid: vector xxdut.clk is not available or has zero length.
Note: Starting dynamic gmin stepping
Warning: Dynamic gmin stepping failed
Note: Starting true gmin stepping
Warning: True gmin stepping failed
Note: Starting source stepping
Warning: singular matrix:  check node xxdut.vl

Warning: source stepping failed
Note: Transient op started
Note: Transient op finished successfully
