====================================================================
gf180-rcosc Iq sweep grid point: ss_T-040C_V3p0_code0xFF
process     : ss (fets=ss res=res_ss mimcap=mimcap_ss)
temperature : -40 C
supply      : 3 V
trim code   : 0xFF (255)
attempt     : 1 (tran 200p 1200n)
wall clock  : 222.8 s
exit status : 0
====================================================================

Note: Compatibility modes selected: hs a


Circuit: ** sch_path: /users/rwalters/github/gf180-rcosc/.loom/worktrees/issue-39/design/smoke_test.sch

Doing analysis at TEMP = -40.000000 and TNOM = 27.000000

Using SPARSE 1.3 as Direct Linear Solver
 Reference value :  0.00000e+00
No. of Data Rows : 1
iq_ua = 9.154118e+01
v(xxdut.xxcmph.dp) = 3.000376e+00
v(xxdut.xxcmph.dn) = 1.222822e+00
v(xxdut.cmph_out) = 1.723447e-03
v(xxdut.xxcmpl.dp) = 3.008346e+00
v(xxdut.xxcmpl.dn) = 1.225129e+00
v(xxdut.cmpl_out) = 3.521055e-02
Doing analysis at TEMP = -40.000000 and TNOM = 27.000000

Using SPARSE 1.3 as Direct Linear Solver

Initial Transient Solution
--------------------------

Node                                   Voltage
----                                   -------
vdd                                          3
xxdut.xxbias.xrba.11                   2.99888
xxdut.xxbias.xrba.21                   2.00376
xxdut.vh                               2.00264
xxdut.xxbias.xrbb.11                   2.00152
xxdut.xxbias.xrbb.21                   1.00595
xxdut.vl                               1.00483
xxdut.xxbias.xrbc.11                    1.0037
xxdut.xxbias.xrbc.21                0.00112876
xxdut.ibias                            1.02468
xxdut.xxbias.pb                        1.76732
xxdut.xxbias.n2s                      0.107936
xxdut.xxbias.xrz.11                   0.107559
xxdut.xxbias.xrz.21                0.000377104
xxdut.xxtrim.xrfix.11                  2.99884
xxdut.xxtrim.xrfix.21                  2.82109
xxdut.xxtrim.c1                        2.81993
xxdut.xxtrim.xr0.11                    2.81874
xxdut.xxtrim.xr0.21                    2.81086
xxdut.xxtrim.c2                        2.80967
t0                                           3
xxdut.xxtrim.xr1.11                    2.80854
xxdut.xxtrim.xr1.21                    2.79345
xxdut.xxtrim.c3                        2.79231
t1                                           3
xxdut.xxtrim.xr2.11                    2.79122
xxdut.xxtrim.xr2.21                    2.76212
xxdut.xxtrim.c4                        2.76103
t2                                           3
xxdut.xxtrim.xr3.11                    2.75991
xxdut.xxtrim.xr3.21                    2.70043
xxdut.xxtrim.c5                        2.69931
t3                                           3
xxdut.xxtrim.xr4.11                    2.69825
xxdut.xxtrim.xr4.21                    2.58527
xxdut.xxtrim.c6                        2.58421
t4                                           3
xxdut.xxtrim.xr5.11                    2.58318
xxdut.xxtrim.xr5.21                    2.36517
xxdut.xxtrim.c7                        2.36414
t5                                           3
xxdut.xxtrim.xr6.11                    2.36322
xxdut.xxtrim.xr6.21                    1.97192
xxdut.xxtrim.c8                          1.971
t6                                           3
xxdut.xxtrim.xr7.11                    1.97062
xxdut.xxtrim.xr7.21                    1.64762
xxdut.vc                               1.64724
t7                                           3
xxdut.xxcmph.tail                     0.674562
xxdut.xxcmph.dp                        2.99961
xxdut.xxcmph.dn                        1.22266
xxdut.cmph_out                      0.00182205
xxdut.xxcmpl.tail                     0.399982
xxdut.xxcmpl.dp                        2.99471
xxdut.xxcmpl.dn                        1.22107
xxdut.cmpl_out                      -0.0341581
clk                                 0.00168006
xxdut.qbar                             2.99975
xxdut.mid1                             3.00472
xxdut.mid2                             3.01126
vt7#branch                        -4.10998e-06
vt6#branch                        -4.85851e-06
vt5#branch                        -4.52471e-06
vt4#branch                        -4.81493e-06
vt3#branch                        -4.80581e-06
vt2#branch                        -3.45108e-06
vt1#branch                        -1.73938e-06
vt0#branch                        -1.82519e-06
vdd#branch                        -0.000112692

 Reference value :  0.00000e+00
 Reference value :  1.18040e-07
 Reference value :  2.35516e-07
 Reference value :  3.57666e-07
 Reference value :  4.83456e-07
 Reference value :  5.93240e-07
 Reference value :  7.13016e-07
 Reference value :  8.34129e-07
 Reference value :  9.55885e-07
 Reference value :  1.07643e-06
 Reference value :  1.19753e-06
No. of Data Rows : 6314
t_avg_start         =  1.41595e-07
t_avg_end           =  7.69084e-07
iq_run_ua           =  1.79383e+02 from=  1.41595e-07 to=  7.69222e-07
ngspice-46 done
Warning: m=xx on .subckt line will override multiplier m hierarchy!

Note: Starting dynamic gmin stepping
Warning: Dynamic gmin stepping failed
Note: Starting true gmin stepping
Warning: True gmin stepping failed
Note: Starting source stepping
Warning: source stepping failed
Note: Transient op started
Note: Transient op finished successfully
Warning from checkvalid: vector xxdut.clk is not available or has zero length.
Note: Starting dynamic gmin stepping
Warning: Dynamic gmin stepping failed
Note: Starting true gmin stepping
Warning: True gmin stepping failed
Note: Starting source stepping
Warning: singular matrix:  check node xxdut.vl

Warning: source stepping failed
Note: Transient op started
Note: Transient op finished successfully
