====================================================================
gf180-rcosc Iq sweep grid point: ss_T+027C_V3p3_code0xFF
process     : ss (fets=ss res=res_ss mimcap=mimcap_ss)
temperature : 27 C
supply      : 3.3 V
trim code   : 0xFF (255)
attempt     : 1 (tran 200p 1200n)
wall clock  : 28.1 s
exit status : 0
====================================================================

Note: Compatibility modes selected: hs a


Circuit: ** sch_path: /users/rwalters/github/gf180-rcosc/.loom/worktrees/issue-39/design/smoke_test.sch

Doing analysis at TEMP = 27.000000 and TNOM = 27.000000

Using SPARSE 1.3 as Direct Linear Solver
 Reference value :  0.00000e+00
No. of Data Rows : 1
iq_ua = 4.327019e+02
v(xxdut.xxcmph.dp) = 1.485616e+00
v(xxdut.xxcmph.dn) = 1.602506e+00
v(xxdut.cmph_out) = 1.436680e+00
v(xxdut.xxcmpl.dp) = 3.300000e+00
v(xxdut.xxcmpl.dn) = 1.240551e+00
v(xxdut.cmpl_out) = 4.442301e-09
Doing analysis at TEMP = 27.000000 and TNOM = 27.000000

Using SPARSE 1.3 as Direct Linear Solver

Initial Transient Solution
--------------------------

Node                                   Voltage
----                                   -------
vdd                                        3.3
xxdut.xxbias.xrba.11                   3.29923
xxdut.xxbias.xrba.21                   2.20077
xxdut.vh                                   2.2
xxdut.xxbias.xrbb.11                   2.19923
xxdut.xxbias.xrbb.21                   1.10077
xxdut.vl                                   1.1
xxdut.xxbias.xrbc.11                   1.09923
xxdut.xxbias.xrbc.21               0.000771378
xxdut.ibias                            1.03445
xxdut.xxbias.pb                        2.02323
xxdut.xxbias.n2s                      0.149151
xxdut.xxbias.xrz.11                   0.148825
xxdut.xxbias.xrz.21                0.000325881
xxdut.xxtrim.xrfix.11                  3.29963
xxdut.xxtrim.xrfix.21                  3.20935
xxdut.xxtrim.c1                        3.20898
xxdut.xxtrim.xr0.11                    3.20861
xxdut.xxtrim.xr0.21                    3.20468
xxdut.xxtrim.c2                        3.20432
t0                                         3.3
xxdut.xxtrim.xr1.11                    3.20395
xxdut.xxtrim.xr1.21                    3.19609
xxdut.xxtrim.c3                        3.19572
t1                                         3.3
xxdut.xxtrim.xr2.11                    3.19535
xxdut.xxtrim.xr2.21                    3.17964
xxdut.xxtrim.c4                        3.17927
t2                                         3.3
xxdut.xxtrim.xr3.11                     3.1789
xxdut.xxtrim.xr3.21                    3.14748
xxdut.xxtrim.c5                        3.14711
t3                                         3.3
xxdut.xxtrim.xr4.11                    3.14674
xxdut.xxtrim.xr4.21                     3.0839
xxdut.xxtrim.c6                        3.08353
t4                                         3.3
xxdut.xxtrim.xr5.11                    3.08316
xxdut.xxtrim.xr5.21                    2.95746
xxdut.xxtrim.c7                        2.95709
t5                                         3.3
xxdut.xxtrim.xr6.11                    2.95673
xxdut.xxtrim.xr6.21                    2.70533
xxdut.xxtrim.c8                        2.70497
t6                                         3.3
xxdut.xxtrim.xr7.11                     2.7046
xxdut.xxtrim.xr7.21                    2.20197
xxdut.vc                                2.2016
t7                                         3.3
xxdut.xxcmph.tail                     0.883969
xxdut.xxcmph.dp                        1.48562
xxdut.xxcmph.dn                        1.60251
xxdut.cmph_out                         1.43668
xxdut.xxcmpl.tail                     0.783345
xxdut.xxcmpl.dp                            3.3
xxdut.xxcmpl.dn                        1.24055
xxdut.cmpl_out                      4.4423e-09
clk                                   0.787507
xxdut.qbar                             1.39221
xxdut.mid1                             2.77058
xxdut.mid2                             3.14143
vt7#branch                                   0
vt6#branch                                   0
vt5#branch                                   0
vt4#branch                                   0
vt3#branch                                   0
vt2#branch                                   0
vt1#branch                                   0
vt0#branch                                   0
vdd#branch                        -0.000432702

 Reference value :  5.82004e-08
 Reference value :  1.82982e-07
 Reference value :  3.07643e-07
 Reference value :  4.24550e-07
 Reference value :  5.44946e-07
 Reference value :  6.71521e-07
 Reference value :  7.88236e-07
 Reference value :  9.08806e-07
 Reference value :  1.03407e-06
 Reference value :  1.14965e-06
No. of Data Rows : 6368
t_avg_start         =  1.07089e-07
t_avg_end           =  6.11535e-07
iq_run_ua           =  2.43170e+02 from=  1.07088e-07 to=  6.11588e-07
ngspice-46 done
Warning: m=xx on .subckt line will override multiplier m hierarchy!

Note: Starting dynamic gmin stepping
Note: Dynamic gmin stepping completed
Warning from checkvalid: vector xxdut.clk is not available or has zero length.
Note: Starting dynamic gmin stepping
Note: Dynamic gmin stepping completed
