====================================================================
gf180-rcosc Iq sweep grid point: ss_T+085C_V3p3_code0xFF
process     : ss (fets=ss res=res_ss mimcap=mimcap_ss)
temperature : 85 C
supply      : 3.3 V
trim code   : 0xFF (255)
attempt     : 1 (tran 200p 1200n)
wall clock  : 28.8 s
exit status : 0
====================================================================

Note: Compatibility modes selected: hs a


Circuit: ** sch_path: /users/rwalters/github/gf180-rcosc/.loom/worktrees/issue-39/design/smoke_test.sch

Doing analysis at TEMP = 85.000000 and TNOM = 27.000000

Using SPARSE 1.3 as Direct Linear Solver
 Reference value :  0.00000e+00
No. of Data Rows : 1
iq_ua = 4.633378e+02
v(xxdut.xxcmph.dp) = 1.489203e+00
v(xxdut.xxcmph.dn) = 1.458564e+00
v(xxdut.cmph_out) = 1.438036e+00
v(xxdut.xxcmpl.dp) = 3.300000e+00
v(xxdut.xxcmpl.dn) = 1.004945e+00
v(xxdut.cmpl_out) = 5.305949e-09
Doing analysis at TEMP = 85.000000 and TNOM = 27.000000

Using SPARSE 1.3 as Direct Linear Solver

Initial Transient Solution
--------------------------

Node                                   Voltage
----                                   -------
vdd                                        3.3
xxdut.xxbias.xrba.11                   3.29944
xxdut.xxbias.xrba.21                   2.20056
xxdut.vh                                   2.2
xxdut.xxbias.xrbb.11                   2.19944
xxdut.xxbias.xrbb.21                   1.10056
xxdut.vl                                   1.1
xxdut.xxbias.xrbc.11                   1.09944
xxdut.xxbias.xrbc.21               0.000556713
xxdut.ibias                            1.04705
xxdut.xxbias.pb                        1.98767
xxdut.xxbias.n2s                      0.185181
xxdut.xxbias.xrz.11                   0.184889
xxdut.xxbias.xrz.21                0.000292248
xxdut.xxtrim.xrfix.11                  3.29973
xxdut.xxtrim.xrfix.21                    3.209
xxdut.xxtrim.c1                        3.20873
xxdut.xxtrim.xr0.11                    3.20847
xxdut.xxtrim.xr0.21                    3.20452
xxdut.xxtrim.c2                        3.20425
t0                                         3.3
xxdut.xxtrim.xr1.11                    3.20398
xxdut.xxtrim.xr1.21                    3.19609
xxdut.xxtrim.c3                        3.19582
t1                                         3.3
xxdut.xxtrim.xr2.11                    3.19556
xxdut.xxtrim.xr2.21                    3.17977
xxdut.xxtrim.c4                         3.1795
t2                                         3.3
xxdut.xxtrim.xr3.11                    3.17923
xxdut.xxtrim.xr3.21                    3.14765
xxdut.xxtrim.c5                        3.14738
t3                                         3.3
xxdut.xxtrim.xr4.11                    3.14712
xxdut.xxtrim.xr4.21                    3.08396
xxdut.xxtrim.c6                        3.08369
t4                                         3.3
xxdut.xxtrim.xr5.11                    3.08342
xxdut.xxtrim.xr5.21                     2.9571
xxdut.xxtrim.c7                        2.95683
t5                                         3.3
xxdut.xxtrim.xr6.11                    2.95657
xxdut.xxtrim.xr6.21                    2.70392
xxdut.xxtrim.c8                        2.70366
t6                                         3.3
xxdut.xxtrim.xr7.11                    2.70339
xxdut.xxtrim.xr7.21                    2.19963
xxdut.vc                               2.19936
t7                                         3.3
xxdut.xxcmph.tail                     0.868122
xxdut.xxcmph.dp                         1.4892
xxdut.xxcmph.dn                        1.45856
xxdut.cmph_out                         1.43804
xxdut.xxcmpl.tail                     0.689953
xxdut.xxcmpl.dp                            3.3
xxdut.xxcmpl.dn                        1.00495
xxdut.cmpl_out                     5.30595e-09
clk                                   0.732263
xxdut.qbar                             1.38837
xxdut.mid1                             2.72903
xxdut.mid2                             3.12813
vt7#branch                                   0
vt6#branch                                   0
vt5#branch                                   0
vt4#branch                                   0
vt3#branch                                   0
vt2#branch                                   0
vt1#branch                                   0
vt0#branch                                   0
vdd#branch                        -0.000463338

 Reference value :  3.72882e-08
 Reference value :  1.55464e-07
 Reference value :  2.77494e-07
 Reference value :  4.03859e-07
 Reference value :  5.23901e-07
 Reference value :  6.39592e-07
 Reference value :  7.63423e-07
 Reference value :  8.77722e-07
 Reference value :  9.89261e-07
 Reference value :  1.09633e-06
No. of Data Rows : 6332
t_avg_start         =  1.03925e-07
t_avg_end           =  5.88061e-07
iq_run_ua           =  2.82318e+02 from=  1.03925e-07 to=  5.88167e-07
ngspice-46 done
Warning: m=xx on .subckt line will override multiplier m hierarchy!

Note: Starting dynamic gmin stepping
Note: Dynamic gmin stepping completed
Warning from checkvalid: vector xxdut.clk is not available or has zero length.
Note: Starting dynamic gmin stepping
Note: Dynamic gmin stepping completed
