====================================================================
gf180-rcosc Iq sweep grid point: ss_T+027C_V3p3_code0x80
process     : ss (fets=ss res=res_ss mimcap=mimcap_ss)
temperature : 27 C
supply      : 3.3 V
trim code   : 0x80 (128)
attempt     : 1 (tran 200p 1200n)
wall clock  : 219.2 s
exit status : 0
====================================================================

Note: Compatibility modes selected: hs a


Circuit: ** sch_path: /users/rwalters/github/gf180-rcosc/.loom/worktrees/issue-39/design/smoke_test.sch

Doing analysis at TEMP = 27.000000 and TNOM = 27.000000

Using SPARSE 1.3 as Direct Linear Solver
 Reference value :  0.00000e+00
No. of Data Rows : 1
iq_ua = 1.571621e+02
v(xxdut.xxcmph.dp) = 3.299757e+00
v(xxdut.xxcmph.dn) = 1.284958e+00
v(xxdut.cmph_out) = -2.94589e-03
v(xxdut.xxcmpl.dp) = 3.545372e-03
v(xxdut.xxcmpl.dn) = 2.363591e+00
v(xxdut.cmpl_out) = 3.298856e+00
Doing analysis at TEMP = 27.000000 and TNOM = 27.000000

Using SPARSE 1.3 as Direct Linear Solver

Initial Transient Solution
--------------------------

Node                                   Voltage
----                                   -------
vdd                                        3.3
xxdut.xxbias.xrba.11                   3.29923
xxdut.xxbias.xrba.21                   2.20549
xxdut.vh                               2.20472
xxdut.xxbias.xrbb.11                   2.20395
xxdut.xxbias.xrbb.21                   1.10414
xxdut.vl                               1.10336
xxdut.xxbias.xrbc.11                   1.10259
xxdut.xxbias.xrbc.21               0.000773736
xxdut.ibias                            1.03973
xxdut.xxbias.pb                         2.0191
xxdut.xxbias.n2s                      0.152091
xxdut.xxbias.xrz.11                   0.151758
xxdut.xxbias.xrz.21                0.000332304
xxdut.xxtrim.xrfix.11                  3.29958
xxdut.xxtrim.xrfix.21                   3.1972
xxdut.xxtrim.c1                        3.19678
xxdut.xxtrim.xr0.11                    3.19636
xxdut.xxtrim.xr0.21                    3.19191
xxdut.xxtrim.c2                         3.1915
t0                                           0
xxdut.xxtrim.xr1.11                    3.19108
xxdut.xxtrim.xr1.21                    3.18219
xxdut.xxtrim.c3                        3.18178
t1                                           0
xxdut.xxtrim.xr2.11                    3.18136
xxdut.xxtrim.xr2.21                    3.16361
xxdut.xxtrim.c4                         3.1632
t2                                           0
xxdut.xxtrim.xr3.11                    3.16278
xxdut.xxtrim.xr3.21                    3.12735
xxdut.xxtrim.c5                        3.12694
t3                                           0
xxdut.xxtrim.xr4.11                    3.12652
xxdut.xxtrim.xr4.21                    3.05586
xxdut.xxtrim.c6                        3.05544
t4                                           0
xxdut.xxtrim.xr5.11                    3.05503
xxdut.xxtrim.xr5.21                    2.91439
xxdut.xxtrim.c7                        2.91398
t5                                           0
xxdut.xxtrim.xr6.11                    2.91357
xxdut.xxtrim.xr6.21                    2.63487
xxdut.xxtrim.c8                        2.63447
t6                                           0
xxdut.xxtrim.xr7.11                    2.63408
xxdut.xxtrim.xr7.21                    2.11422
xxdut.vc                               2.11384
t7                                         3.3
xxdut.xxcmph.tail                     0.852237
xxdut.xxcmph.dp                        3.06364
xxdut.xxcmph.dn                        1.45489
xxdut.cmph_out                     -0.00387184
xxdut.xxcmpl.tail                     0.708183
xxdut.xxcmpl.dp                        3.29651
xxdut.xxcmpl.dn                        1.21367
xxdut.cmpl_out                      -0.0235129
clk                                -0.00263117
xxdut.qbar                               3.301
xxdut.mid1                             3.29291
xxdut.mid2                             3.29666
vt7#branch                        -1.89476e-06
vt6#branch                        -9.64417e-08
vt5#branch                         8.17482e-09
vt4#branch                         1.00422e-08
vt3#branch                         6.81276e-09
vt2#branch                         5.12249e-09
vt1#branch                         4.24973e-09
vt0#branch                         3.75002e-09
vdd#branch                        -0.000214246

 Reference value :  0.00000e+00
 Reference value :  1.18035e-07
 Reference value :  2.54345e-07
 Reference value :  3.71200e-07
 Reference value :  5.02616e-07
 Reference value :  6.11834e-07
 Reference value :  7.38906e-07
 Reference value :  8.57297e-07
 Reference value :  9.73124e-07
 Reference value :  1.10231e-06
No. of Data Rows : 6329
t_avg_start         =  1.48390e-07
t_avg_end           =  8.57262e-07
iq_run_ua           =  1.93772e+02 from=  1.48390e-07 to=  8.57297e-07
ngspice-46 done
Warning: m=xx on .subckt line will override multiplier m hierarchy!

Note: Starting dynamic gmin stepping
Warning: Dynamic gmin stepping failed
Note: Starting true gmin stepping
Warning: True gmin stepping failed
Note: Starting source stepping
Warning: source stepping failed
Note: Transient op started
Note: Transient op finished successfully
Warning from checkvalid: vector xxdut.clk is not available or has zero length.
Note: Starting dynamic gmin stepping
Warning: Dynamic gmin stepping failed
Note: Starting true gmin stepping
Warning: True gmin stepping failed
Note: Starting source stepping
Warning: singular matrix:  check node xxdut.vl

Warning: source stepping failed
Note: Transient op started
Note: Transient op finished successfully
