====================================================================
gf180-rcosc Iq sweep grid point: tt_T+085C_V3p0_code0x00
process     : tt (fets=typical res=res_typical mimcap=mimcap_typical)
temperature : 85 C
supply      : 3 V
trim code   : 0x00 (0)
attempt     : 1 (tran 200p 1200n)
wall clock  : 26.5 s
exit status : 0
====================================================================

Note: Compatibility modes selected: hs a


Circuit: ** sch_path: /users/rwalters/github/gf180-rcosc/.loom/worktrees/issue-39/design/smoke_test.sch

Doing analysis at TEMP = 85.000000 and TNOM = 27.000000

Using SPARSE 1.3 as Direct Linear Solver
 Reference value :  0.00000e+00
No. of Data Rows : 1
iq_ua = 5.254396e+02
v(xxdut.xxcmph.dp) = 1.346886e+00
v(xxdut.xxcmph.dn) = 1.187811e+00
v(xxdut.cmph_out) = 1.297658e+00
v(xxdut.xxcmpl.dp) = 2.999918e+00
v(xxdut.xxcmpl.dn) = 6.966941e-01
v(xxdut.cmpl_out) = 4.814225e-09
Doing analysis at TEMP = 85.000000 and TNOM = 27.000000

Using SPARSE 1.3 as Direct Linear Solver

Initial Transient Solution
--------------------------

Node                                   Voltage
----                                   -------
vdd                                          3
xxdut.xxbias.xrba.11                   2.99939
xxdut.xxbias.xrba.21                   2.00061
xxdut.vh                                     2
xxdut.xxbias.xrbb.11                   1.99939
xxdut.xxbias.xrbb.21                   1.00061
xxdut.vl                                     1
xxdut.xxbias.xrbc.11                  0.999393
xxdut.xxbias.xrbc.21                 0.0006072
xxdut.ibias                           0.971282
xxdut.xxbias.pb                        1.76594
xxdut.xxbias.n2s                      0.200208
xxdut.xxbias.xrz.11                   0.199829
xxdut.xxbias.xrz.21                0.000378918
xxdut.xxtrim.xrfix.11                  2.99971
xxdut.xxtrim.xrfix.21                  2.91691
xxdut.xxtrim.c1                        2.91661
xxdut.xxtrim.xr0.11                    2.91632
xxdut.xxtrim.xr0.21                    2.91272
xxdut.xxtrim.c2                        2.91243
t0                                           0
xxdut.xxtrim.xr1.11                    2.91213
xxdut.xxtrim.xr1.21                    2.90493
xxdut.xxtrim.c3                        2.90464
t1                                           0
xxdut.xxtrim.xr2.11                    2.90434
xxdut.xxtrim.xr2.21                    2.88993
xxdut.xxtrim.c4                        2.88964
t2                                           0
xxdut.xxtrim.xr3.11                    2.88935
xxdut.xxtrim.xr3.21                    2.86053
xxdut.xxtrim.c5                        2.86024
t3                                           0
xxdut.xxtrim.xr4.11                    2.85994
xxdut.xxtrim.xr4.21                     2.8023
xxdut.xxtrim.c6                        2.80201
t4                                           0
xxdut.xxtrim.xr5.11                    2.80172
xxdut.xxtrim.xr5.21                    2.68644
xxdut.xxtrim.c7                        2.68615
t5                                           0
xxdut.xxtrim.xr6.11                    2.68585
xxdut.xxtrim.xr6.21                    2.45529
xxdut.xxtrim.c8                          2.455
t6                                           0
xxdut.xxtrim.xr7.11                    2.45471
xxdut.xxtrim.xr7.21                    1.99359
xxdut.vc                                1.9933
t7                                           0
xxdut.xxcmph.tail                     0.776039
xxdut.xxcmph.dp                        1.34689
xxdut.xxcmph.dn                        1.18781
xxdut.cmph_out                         1.29766
xxdut.xxcmpl.tail                     0.467834
xxdut.xxcmpl.dp                        2.99992
xxdut.xxcmpl.dn                       0.696694
xxdut.cmpl_out                     4.81422e-09
clk                                   0.626454
xxdut.qbar                             1.25119
xxdut.mid1                             2.44971
xxdut.mid2                             2.82951
vt7#branch                                   0
vt6#branch                                   0
vt5#branch                                   0
vt4#branch                                   0
vt3#branch                                   0
vt2#branch                                   0
vt1#branch                                   0
vt0#branch                                   0
vdd#branch                         -0.00052544

 Reference value :  6.36562e-08
 Reference value :  1.88431e-07
 Reference value :  3.24284e-07
 Reference value :  4.56234e-07
 Reference value :  5.91923e-07
 Reference value :  7.21941e-07
 Reference value :  8.57325e-07
 Reference value :  9.95907e-07
 Reference value :  1.12912e-06
No. of Data Rows : 6137
t_avg_start         =  1.47209e-07
t_avg_end           =  8.54695e-07
iq_run_ua           =  2.60408e+02 from=  1.47209e-07 to=  8.54767e-07
ngspice-46 done
Warning: m=xx on .subckt line will override multiplier m hierarchy!

Note: Starting dynamic gmin stepping
Note: Dynamic gmin stepping completed
Warning from checkvalid: vector xxdut.clk is not available or has zero length.
Note: Starting dynamic gmin stepping
Note: Dynamic gmin stepping completed
