====================================================================
gf180-rcosc Iq sweep grid point: tt_T-040C_V3p6_code0x00
process     : tt (fets=typical res=res_typical mimcap=mimcap_typical)
temperature : -40 C
supply      : 3.6 V
trim code   : 0x00 (0)
attempt     : 1 (tran 200p 1200n)
wall clock  : 25.0 s
exit status : 0
====================================================================

Note: Compatibility modes selected: hs a


Circuit: ** sch_path: /users/rwalters/github/gf180-rcosc/.loom/worktrees/issue-39/design/smoke_test.sch

Doing analysis at TEMP = -40.000000 and TNOM = 27.000000

Using SPARSE 1.3 as Direct Linear Solver
 Reference value :  0.00000e+00
No. of Data Rows : 1
iq_ua = 7.276365e+02
v(xxdut.xxcmph.dp) = 1.612015e+00
v(xxdut.xxcmph.dn) = 2.014045e+00
v(xxdut.cmph_out) = 1.553944e+00
v(xxdut.xxcmpl.dp) = 3.600000e+00
v(xxdut.xxcmpl.dn) = 1.675807e+00
v(xxdut.cmpl_out) = 3.892449e-09
Doing analysis at TEMP = -40.000000 and TNOM = 27.000000

Using SPARSE 1.3 as Direct Linear Solver

Initial Transient Solution
--------------------------

Node                                   Voltage
----                                   -------
vdd                                        3.6
xxdut.xxbias.xrba.11                   3.59838
xxdut.xxbias.xrba.21                   2.40162
xxdut.vh                                   2.4
xxdut.xxbias.xrbb.11                   2.39838
xxdut.xxbias.xrbb.21                   1.20162
xxdut.vl                                   1.2
xxdut.xxbias.xrbc.11                   1.19838
xxdut.xxbias.xrbc.21                0.00161689
xxdut.ibias                            0.97417
xxdut.xxbias.pb                        2.40434
xxdut.xxbias.n2s                      0.138797
xxdut.xxbias.xrz.11                   0.138216
xxdut.xxbias.xrz.21                0.000581096
xxdut.xxtrim.xrfix.11                  3.59923
xxdut.xxtrim.xrfix.21                  3.50155
xxdut.xxtrim.c1                        3.50078
xxdut.xxtrim.xr0.11                    3.50002
xxdut.xxtrim.xr0.21                    3.49577
xxdut.xxtrim.c2                          3.495
t0                                           0
xxdut.xxtrim.xr1.11                    3.49423
xxdut.xxtrim.xr1.21                    3.48573
xxdut.xxtrim.c3                        3.48496
t1                                           0
xxdut.xxtrim.xr2.11                     3.4842
xxdut.xxtrim.xr2.21                     3.4672
xxdut.xxtrim.c4                        3.46643
t2                                           0
xxdut.xxtrim.xr3.11                    3.46566
xxdut.xxtrim.xr3.21                    3.43166
xxdut.xxtrim.c5                         3.4309
t3                                           0
xxdut.xxtrim.xr4.11                    3.43013
xxdut.xxtrim.xr4.21                    3.36213
xxdut.xxtrim.c6                        3.36136
t4                                           0
xxdut.xxtrim.xr5.11                     3.3606
xxdut.xxtrim.xr5.21                     3.2246
xxdut.xxtrim.c7                        3.22383
t5                                           0
xxdut.xxtrim.xr6.11                    3.22306
xxdut.xxtrim.xr6.21                    2.95107
xxdut.xxtrim.c8                         2.9503
t6                                           0
xxdut.xxtrim.xr7.11                    2.94953
xxdut.xxtrim.xr7.21                    2.40554
xxdut.vc                               2.40478
t7                                           0
xxdut.xxcmph.tail                      1.11355
xxdut.xxcmph.dp                        1.61202
xxdut.xxcmph.dn                        2.01405
xxdut.cmph_out                         1.55394
xxdut.xxcmpl.tail                      1.02828
xxdut.xxcmpl.dp                            3.6
xxdut.xxcmpl.dn                        1.67581
xxdut.cmpl_out                     3.89245e-09
clk                                   0.753067
xxdut.qbar                             1.48393
xxdut.mid1                             2.93792
xxdut.mid2                             3.37879
vt7#branch                                   0
vt6#branch                                   0
vt5#branch                                   0
vt4#branch                                   0
vt3#branch                                   0
vt2#branch                                   0
vt1#branch                                   0
vt0#branch                                   0
vdd#branch                        -0.000727636

 Reference value :  5.18305e-08
 Reference value :  1.77813e-07
 Reference value :  3.08919e-07
 Reference value :  4.22425e-07
 Reference value :  5.60747e-07
 Reference value :  6.87386e-07
 Reference value :  8.21574e-07
 Reference value :  9.47797e-07
 Reference value :  1.06720e-06
No. of Data Rows : 6369
t_avg_start         =  1.55701e-07
t_avg_end           =  9.12224e-07
iq_run_ua           =  2.25884e+02 from=  1.55701e-07 to=  9.12275e-07
ngspice-46 done
Warning: m=xx on .subckt line will override multiplier m hierarchy!

Note: Starting dynamic gmin stepping
Note: Dynamic gmin stepping completed
Warning from checkvalid: vector xxdut.clk is not available or has zero length.
Note: Starting dynamic gmin stepping
Note: Dynamic gmin stepping completed
