====================================================================
gf180-rcosc Iq sweep grid point: tt_T+085C_V3p3_code0xFF
process     : tt (fets=typical res=res_typical mimcap=mimcap_typical)
temperature : 85 C
supply      : 3.3 V
trim code   : 0xFF (255)
attempt     : 1 (tran 200p 1200n)
wall clock  : 26.2 s
exit status : 0
====================================================================

Note: Compatibility modes selected: hs a


Circuit: ** sch_path: /users/rwalters/github/gf180-rcosc/.loom/worktrees/issue-39/design/smoke_test.sch

Doing analysis at TEMP = 85.000000 and TNOM = 27.000000

Using SPARSE 1.3 as Direct Linear Solver
 Reference value :  0.00000e+00
No. of Data Rows : 1
iq_ua = 6.294051e+02
v(xxdut.xxcmph.dp) = 1.482750e+00
v(xxdut.xxcmph.dn) = 1.443295e+00
v(xxdut.cmph_out) = 1.426891e+00
v(xxdut.xxcmpl.dp) = 3.299997e+00
v(xxdut.xxcmpl.dn) = 9.245661e-01
v(xxdut.cmpl_out) = 5.198236e-09
Doing analysis at TEMP = 85.000000 and TNOM = 27.000000

Using SPARSE 1.3 as Direct Linear Solver

Initial Transient Solution
--------------------------

Node                                   Voltage
----                                   -------
vdd                                        3.3
xxdut.xxbias.xrba.11                   3.29933
xxdut.xxbias.xrba.21                   2.20067
xxdut.vh                                   2.2
xxdut.xxbias.xrbb.11                   2.19933
xxdut.xxbias.xrbb.21                   1.10067
xxdut.vl                                   1.1
xxdut.xxbias.xrbc.11                   1.09933
xxdut.xxbias.xrbc.21                0.00066792
xxdut.ibias                           0.985666
xxdut.xxbias.pb                        2.04684
xxdut.xxbias.n2s                      0.208885
xxdut.xxbias.xrz.11                    0.20849
xxdut.xxbias.xrz.21                 0.00039534
xxdut.xxtrim.xrfix.11                  3.29967
xxdut.xxtrim.xrfix.21                  3.20684
xxdut.xxtrim.c1                        3.20651
xxdut.xxtrim.xr0.11                    3.20618
xxdut.xxtrim.xr0.21                    3.20215
xxdut.xxtrim.c2                        3.20182
t0                                         3.3
xxdut.xxtrim.xr1.11                    3.20149
xxdut.xxtrim.xr1.21                    3.19341
xxdut.xxtrim.c3                        3.19308
t1                                         3.3
xxdut.xxtrim.xr2.11                    3.19276
xxdut.xxtrim.xr2.21                     3.1766
xxdut.xxtrim.c4                        3.17627
t2                                         3.3
xxdut.xxtrim.xr3.11                    3.17594
xxdut.xxtrim.xr3.21                    3.14363
xxdut.xxtrim.c5                        3.14331
t3                                         3.3
xxdut.xxtrim.xr4.11                    3.14298
xxdut.xxtrim.xr4.21                    3.07836
xxdut.xxtrim.c6                        3.07803
t4                                         3.3
xxdut.xxtrim.xr5.11                     3.0777
xxdut.xxtrim.xr5.21                    2.94846
xxdut.xxtrim.c7                        2.94813
t5                                         3.3
xxdut.xxtrim.xr6.11                     2.9478
xxdut.xxtrim.xr6.21                    2.68931
xxdut.xxtrim.c8                        2.68898
t6                                         3.3
xxdut.xxtrim.xr7.11                    2.68867
xxdut.xxtrim.xr7.21                    2.19898
xxdut.vc                               2.19866
t7                                         3.3
xxdut.xxcmph.tail                     0.927611
xxdut.xxcmph.dp                        1.48275
xxdut.xxcmph.dn                         1.4433
xxdut.cmph_out                         1.42689
xxdut.xxcmpl.tail                     0.651872
xxdut.xxcmpl.dp                            3.3
xxdut.xxcmpl.dn                       0.924566
xxdut.cmpl_out                     5.19824e-09
clk                                    0.63233
xxdut.qbar                             1.36917
xxdut.mid1                             2.65028
xxdut.mid2                             3.09217
vt7#branch                                   0
vt6#branch                                   0
vt5#branch                                   0
vt4#branch                                   0
vt3#branch                                   0
vt2#branch                                   0
vt1#branch                                   0
vt0#branch                                   0
vdd#branch                        -0.000629405

 Reference value :  5.75716e-08
 Reference value :  1.55433e-07
 Reference value :  2.54643e-07
 Reference value :  3.52207e-07
 Reference value :  4.63665e-07
 Reference value :  5.67778e-07
 Reference value :  6.69205e-07
 Reference value :  7.72715e-07
 Reference value :  8.90634e-07
 Reference value :  9.93820e-07
 Reference value :  1.09919e-06
 Reference value :  1.19590e-06
No. of Data Rows : 6336
t_avg_start         =  7.27031e-08
t_avg_end           =  4.13585e-07
iq_run_ua           =  3.82917e+02 from=  7.27031e-08 to=  4.13648e-07
ngspice-46 done
Warning: m=xx on .subckt line will override multiplier m hierarchy!

Note: Starting dynamic gmin stepping
Note: Dynamic gmin stepping completed
Warning from checkvalid: vector xxdut.clk is not available or has zero length.
Note: Starting dynamic gmin stepping
Note: Dynamic gmin stepping completed
