====================================================================
gf180-rcosc delay-probe run: codesweep_ss_T+027C_V3p3_code0xCF
run id      : 20260923T030905Z
basis       : codesweep
process     : ss (fets=ss res=res_ss mimcap=mimcap_ss)
temperature : 27 C
supply      : 3.3 V
trim code   : 0xCF (207)
transient   : tran 100p 1200n, wrdata + Python crossing/cycle-alignment analysis (see driver docstring)
wall clock  : 6.2 s
exit status : 0
====================================================================
vdd=3.3000 vmid=1.6500 vh=2.199703 vl=1.099716
crossing counts: clk_r=59 clk_f=59 vh_r=58 vl_f=59 cmph=58 cmpl=59
cycles decomposed: 3 / 3 candidates
cross-cycle spread (max-min): period=0.0062ns t_cmp_h=0.0005ns t_lat_h=0.0037ns t_fall=0.0035ns t_cmp_l=0.0023ns t_lat_l=0.0032ns charge=0.0007ns dsum=0.0045ns overshoot_v=5816000.0000ns vh_dc=0.0000ns vl_dc=0.0000ns fosc=14714864508867.2637ns
median decomposition: period=20.5565ns t_cmp_h=2.3958ns t_lat_h=0.6013ns t_fall=0.1560ns t_cmp_l=1.9576ns t_lat_l=0.2899ns charge=15.1574ns dsum=5.2442ns overshoot_v=0.188684V vh_dc=2.199703V vl_dc=1.099716V fosc=48646355454307.2500MHz
                  3.3
xxdut.xxtrim.tb6                    4.4423e-09
xxdut.xxtrim.xr7.11                    2.27418
xxdut.xxtrim.xr7.21                    2.20165
xxdut.vc                               2.20159
t7                                         3.3
xxdut.xxtrim.tb7                    4.4423e-09
xxdut.xxcmph.tail                     0.883969
xxdut.xxcmph.dp                        1.48589
xxdut.xxcmph.dn                        1.60251
xxdut.cmph_out                         1.41851
xxdut.xxcmpl.tailp                     2.61357
xxdut.xxcmpl.dp                    1.70823e-08
xxdut.xxcmpl.dn                        1.13893
xxdut.xxcmpl.outb                          3.3
xxdut.cmpl_out                      4.4423e-09
clk                                   0.860841
xxdut.qbar                             1.39062
xxdut.mid1                             2.81505
xxdut.mid2                             3.14123
vt7#branch                                   0
vt6#branch                                   0
vt5#branch                                   0
vt4#branch                                   0
vt3#branch                                   0
vt2#branch                                   0
vt1#branch                                   0
vt0#branch                                   0
vdd#branch                        -0.000416553

 Reference value :  1.60593e-08
 Reference value :  8.61758e-08
 Reference value :  1.55065e-07
 Reference value :  2.26354e-07
 Reference value :  2.95433e-07
 Reference value :  3.66667e-07
 Reference value :  4.37618e-07
 Reference value :  5.11168e-07
 Reference value :  5.80593e-07
 Reference value :  6.54467e-07
 Reference value :  7.26592e-07
 Reference value :  8.02971e-07
 Reference value :  8.76766e-07
 Reference value :  9.52081e-07
 Reference value :  1.02823e-06
 Reference value :  1.10056e-06
 Reference value :  1.17652e-06
No. of Data Rows : 12151
ngspice-46 done

Note: Starting dynamic gmin stepping
Note: Dynamic gmin stepping completed
