====================================================================
gf180-rcosc delay-probe run: codesweep_ss_T+027C_V3p6_code0x80
run id      : 20260923T030905Z
basis       : codesweep
process     : ss (fets=ss res=res_ss mimcap=mimcap_ss)
temperature : 27 C
supply      : 3.6 V
trim code   : 0x80 (128)
transient   : tran 100p 1200n, wrdata + Python crossing/cycle-alignment analysis (see driver docstring)
wall clock  : 6.8 s
exit status : 0
====================================================================
vdd=3.6000 vmid=1.8000 vh=2.399695 vl=1.199702
crossing counts: clk_r=38 clk_f=38 vh_r=37 vl_f=38 cmph=38 cmpl=38
cycles decomposed: 3 / 3 candidates
cross-cycle spread (max-min): period=0.0201ns t_cmp_h=0.0000ns t_lat_h=0.0005ns t_fall=0.0009ns t_cmp_l=0.0066ns t_lat_l=0.0004ns charge=0.0109ns dsum=0.0063ns overshoot_v=1709280.0000ns vh_dc=0.0000ns vl_dc=0.0000ns fosc=19979752512041.4805ns
median decomposition: period=31.7313ns t_cmp_h=2.7680ns t_lat_h=0.5610ns t_fall=0.1174ns t_cmp_l=2.0029ns t_lat_l=0.2730ns charge=26.0123ns dsum=5.6051ns overshoot_v=0.147625V vh_dc=2.399695V vl_dc=1.199702V fosc=31514648932315.4609MHz
6                           3.6
xxdut.xxtrim.xr7.11                    2.43578
xxdut.xxtrim.xr7.21                    2.40321
xxdut.vc                               2.40318
t7                                         3.6
xxdut.xxtrim.tb7                   4.91633e-09
xxdut.xxcmph.tail                      1.03261
xxdut.xxcmph.dp                        1.62158
xxdut.xxcmph.dn                        1.85586
xxdut.cmph_out                         1.55869
xxdut.xxcmpl.tailp                     2.77799
xxdut.xxcmpl.dp                    1.76383e-08
xxdut.xxcmpl.dn                        1.15989
xxdut.xxcmpl.outb                          3.6
xxdut.cmpl_out                     4.91633e-09
clk                                   0.825093
xxdut.qbar                             1.50441
xxdut.mid1                              2.9914
xxdut.mid2                             3.40318
vt7#branch                                   0
vt6#branch                                   0
vt5#branch                                   0
vt4#branch                                   0
vt3#branch                                   0
vt2#branch                                   0
vt1#branch                                   0
vt0#branch                                   0
vdd#branch                        -0.000506052

 Reference value :  0.00000e+00
 Reference value :  7.99078e-08
 Reference value :  1.61450e-07
 Reference value :  2.41030e-07
 Reference value :  3.22216e-07
 Reference value :  4.00717e-07
 Reference value :  4.80923e-07
 Reference value :  5.57999e-07
 Reference value :  6.35384e-07
 Reference value :  7.08075e-07
 Reference value :  7.85641e-07
 Reference value :  8.62163e-07
 Reference value :  9.40308e-07
 Reference value :  1.02029e-06
 Reference value :  1.09882e-06
 Reference value :  1.17890e-06
No. of Data Rows : 12171
ngspice-46 done

Note: Starting dynamic gmin stepping
Warning: Dynamic gmin stepping failed
Note: Starting true gmin stepping
Note: True gmin stepping completed
