====================================================================
gf180-rcosc delay-probe run: ratified_ff_T+027C_V3p6_code0x59
run id      : 20260923T030905Z
basis       : ratified
process     : ff (fets=ff res=res_ff mimcap=mimcap_ff)
temperature : 27 C
supply      : 3.6 V
trim code   : 0x59 (89)
transient   : tran 100p 1200n, wrdata + Python crossing/cycle-alignment analysis (see driver docstring)
wall clock  : 6.2 s
exit status : 0
====================================================================
vdd=3.6000 vmid=1.8000 vh=2.399636 vl=1.199640
crossing counts: clk_r=58 clk_f=58 vh_r=57 vl_f=58 cmph=58 cmpl=58
cycles decomposed: 3 / 3 candidates
cross-cycle spread (max-min): period=0.0147ns t_cmp_h=0.0001ns t_lat_h=0.0063ns t_fall=0.0019ns t_cmp_l=0.0080ns t_lat_l=0.0034ns charge=0.0093ns dsum=0.0086ns overshoot_v=4458140.0000ns vh_dc=0.0000ns vl_dc=0.0000ns fosc=34448791837796.5703ns
median decomposition: period=20.6870ns t_cmp_h=1.7433ns t_lat_h=0.4153ns t_fall=0.0410ns t_cmp_l=1.3629ns t_lat_l=0.1986ns charge=16.9230ns dsum=3.7214ns overshoot_v=0.145458V vh_dc=2.399636V vl_dc=1.199640V fosc=48339489136239.4062MHz
                  3.6
xxdut.xxtrim.tb6                   5.00811e-09
xxdut.xxtrim.xr7.11                    3.18115
xxdut.xxtrim.xr7.21                    2.40714
xxdut.vc                               2.40629
t7                                           0
xxdut.xxtrim.tb7                           3.6
xxdut.xxcmph.tail                      1.16031
xxdut.xxcmph.dp                        1.60862
xxdut.xxcmph.dn                        1.81658
xxdut.cmph_out                         1.53893
xxdut.xxcmpl.tailp                     2.65608
xxdut.xxcmpl.dp                    1.14698e-08
xxdut.xxcmpl.dn                        1.07348
xxdut.xxcmpl.outb                          3.6
xxdut.cmpl_out                     5.00811e-09
clk                                   0.609177
xxdut.qbar                             1.47224
xxdut.mid1                             2.82251
xxdut.mid2                             3.32713
vt7#branch                                   0
vt6#branch                                   0
vt5#branch                                   0
vt4#branch                                   0
vt3#branch                                   0
vt2#branch                                   0
vt1#branch                                   0
vt0#branch                                   0
vdd#branch                         -0.00089686

 Reference value :  2.43054e-08
 Reference value :  9.51693e-08
 Reference value :  1.68258e-07
 Reference value :  2.39792e-07
 Reference value :  3.13268e-07
 Reference value :  3.85616e-07
 Reference value :  4.58625e-07
 Reference value :  5.30734e-07
 Reference value :  6.04771e-07
 Reference value :  6.78969e-07
 Reference value :  7.53948e-07
 Reference value :  8.28179e-07
 Reference value :  8.95988e-07
 Reference value :  9.58474e-07
 Reference value :  1.02467e-06
 Reference value :  1.09015e-06
 Reference value :  1.15193e-06
No. of Data Rows : 12228
ngspice-46 done

Note: Starting dynamic gmin stepping
Note: Dynamic gmin stepping completed
