====================================================================
gf180-rcosc delay-probe run: ratified_sf_T-040C_V3p3_code0xA6
run id      : 20260923T030905Z
basis       : ratified
process     : sf (fets=sf res=res_typical mimcap=mimcap_typical)
temperature : -40 C
supply      : 3.3 V
trim code   : 0xA6 (166)
transient   : tran 100p 1200n, wrdata + Python crossing/cycle-alignment analysis (see driver docstring)
wall clock  : 7.7 s
exit status : 0
====================================================================
vdd=3.3000 vmid=1.6500 vh=2.199687 vl=1.099717
crossing counts: clk_r=55 clk_f=54 vh_r=54 vl_f=55 cmph=55 cmpl=55
cycles decomposed: 3 / 3 candidates
cross-cycle spread (max-min): period=0.0110ns t_cmp_h=0.0002ns t_lat_h=0.0051ns t_fall=0.0014ns t_cmp_l=0.0062ns t_lat_l=0.0008ns charge=0.0066ns dsum=0.0036ns overshoot_v=4796770.0000ns vh_dc=0.0000ns vl_dc=0.0000ns fosc=22541099776856.6016ns
median decomposition: period=22.1182ns t_cmp_h=2.1700ns t_lat_h=0.4203ns t_fall=0.1108ns t_cmp_l=2.2413ns t_lat_l=0.2372ns charge=16.9387ns dsum=5.0690ns overshoot_v=0.163224V vh_dc=2.199687V vl_dc=1.099717V fosc=45211543040421.0938MHz
       2.24038
xxdut.xxtrim.xr7.21                    2.20318
xxdut.vc                               2.20312
t7                                         3.3
xxdut.xxtrim.tb7                   3.60594e-09
xxdut.xxcmph.tail                     0.899435
xxdut.xxcmph.dp                         1.5913
xxdut.xxcmph.dn                        1.91228
xxdut.cmph_out                         1.53754
xxdut.xxcmpl.tailp                      2.4353
xxdut.xxcmpl.dp                    1.40735e-08
xxdut.xxcmpl.dn                        1.10903
xxdut.xxcmpl.outb                          3.3
xxdut.cmpl_out                     3.60594e-09
clk                                   0.874753
xxdut.qbar                             1.48683
xxdut.mid1                             2.74803
xxdut.mid2                             3.12739
vt7#branch                                   0
vt6#branch                                   0
vt5#branch                                   0
vt4#branch                                   0
vt3#branch                                   0
vt2#branch                                   0
vt1#branch                                   0
vt0#branch                                   0
vdd#branch                        -0.000552841

 Reference value :  0.00000e+00
 Reference value :  7.02867e-08
 Reference value :  1.37336e-07
 Reference value :  2.07580e-07
 Reference value :  2.78732e-07
 Reference value :  3.47690e-07
 Reference value :  4.14385e-07
 Reference value :  4.80600e-07
 Reference value :  5.46371e-07
 Reference value :  6.11948e-07
 Reference value :  6.87065e-07
 Reference value :  7.58237e-07
 Reference value :  8.33210e-07
 Reference value :  9.08735e-07
 Reference value :  9.79498e-07
 Reference value :  1.05272e-06
 Reference value :  1.12008e-06
 Reference value :  1.19357e-06
No. of Data Rows : 12243
ngspice-46 done

Note: Starting dynamic gmin stepping
Warning: Dynamic gmin stepping failed
Note: Starting true gmin stepping
Note: True gmin stepping completed
