====================================================================
gf180-rcosc delay-probe run: ratified_fs_T-040C_V3p3_code0xA0
run id      : 20260923T030905Z
basis       : ratified
process     : fs (fets=fs res=res_typical mimcap=mimcap_typical)
temperature : -40 C
supply      : 3.3 V
trim code   : 0xA0 (160)
transient   : tran 100p 1200n, wrdata + Python crossing/cycle-alignment analysis (see driver docstring)
wall clock  : 7.4 s
exit status : 0
====================================================================
vdd=3.3000 vmid=1.6500 vh=2.199607 vl=1.099561
crossing counts: clk_r=55 clk_f=55 vh_r=56 vl_f=55 cmph=55 cmpl=55
cycles decomposed: 3 / 3 candidates
cross-cycle spread (max-min): period=0.0464ns t_cmp_h=0.0014ns t_lat_h=0.0053ns t_fall=0.0019ns t_cmp_l=0.0062ns t_lat_l=0.0024ns charge=0.0365ns dsum=0.0126ns overshoot_v=7649350.0000ns vh_dc=0.0000ns vl_dc=0.0000ns fosc=97918156433217.2344ns
median decomposition: period=21.7923ns t_cmp_h=2.1440ns t_lat_h=0.4499ns t_fall=0.0589ns t_cmp_l=1.4282ns t_lat_l=0.1892ns charge=17.5187ns dsum=4.2113ns overshoot_v=0.144520V vh_dc=2.199607V vl_dc=1.099561V fosc=45887665144804.5312MHz
                    0
xxdut.xxtrim.tb6                           3.3
xxdut.xxtrim.xr7.11                    2.23275
xxdut.xxtrim.xr7.21                    2.20462
xxdut.vc                               2.20458
t7                                         3.3
xxdut.xxtrim.tb7                   3.12599e-09
xxdut.xxcmph.tail                      1.02821
xxdut.xxcmph.dp                        1.36354
xxdut.xxcmph.dn                        1.61992
xxdut.cmph_out                         1.29751
xxdut.xxcmpl.tailp                     2.62001
xxdut.xxcmpl.dp                    1.22426e-08
xxdut.xxcmpl.dn                       0.966047
xxdut.xxcmpl.outb                          3.3
xxdut.cmpl_out                     3.12599e-09
clk                                    0.70902
xxdut.qbar                             1.25878
xxdut.mid1                             2.77956
xxdut.mid2                             3.11275
vt7#branch                                   0
vt6#branch                                   0
vt5#branch                                   0
vt4#branch                                   0
vt3#branch                                   0
vt2#branch                                   0
vt1#branch                                   0
vt0#branch                                   0
vdd#branch                        -0.000555061

 Reference value :  1.56686e-08
 Reference value :  8.88828e-08
 Reference value :  1.59113e-07
 Reference value :  2.33280e-07
 Reference value :  3.08292e-07
 Reference value :  3.74662e-07
 Reference value :  4.41637e-07
 Reference value :  5.10830e-07
 Reference value :  5.79894e-07
 Reference value :  6.53186e-07
 Reference value :  7.23002e-07
 Reference value :  7.90011e-07
 Reference value :  8.62187e-07
 Reference value :  9.28864e-07
 Reference value :  1.00137e-06
 Reference value :  1.07222e-06
 Reference value :  1.14113e-06
No. of Data Rows : 12305
ngspice-46 done

Note: Starting dynamic gmin stepping
Note: Dynamic gmin stepping completed
