====================================================================
gf180-rcosc delay-probe run: ratified_tt_T+085C_V3p0_code0xA3
run id      : 20260923T030905Z
basis       : ratified
process     : tt (fets=typical res=res_typical mimcap=mimcap_typical)
temperature : 85 C
supply      : 3 V
trim code   : 0xA3 (163)
transient   : tran 100p 1200n, wrdata + Python crossing/cycle-alignment analysis (see driver docstring)
wall clock  : 6.4 s
exit status : 0
====================================================================
vdd=3.0000 vmid=1.5000 vh=1.999757 vl=0.999795
crossing counts: clk_r=59 clk_f=59 vh_r=59 vl_f=59 cmph=59 cmpl=59
cycles decomposed: 3 / 3 candidates
cross-cycle spread (max-min): period=0.0009ns t_cmp_h=0.0001ns t_lat_h=0.0017ns t_fall=0.0008ns t_cmp_l=0.0023ns t_lat_l=0.0018ns charge=0.0022ns dsum=0.0013ns overshoot_v=1725990.0000ns vh_dc=0.0000ns vl_dc=0.0000ns fosc=2283550900839.2690ns
median decomposition: period=20.2857ns t_cmp_h=1.9162ns t_lat_h=0.6373ns t_fall=0.1316ns t_cmp_l=1.4968ns t_lat_l=0.2915ns charge=15.8136ns dsum=4.3418ns overshoot_v=0.142678V vh_dc=1.999757V vl_dc=0.999795V fosc=49295923085746.2656MHz
.04071
t6                                           0
xxdut.xxtrim.tb6                             3
xxdut.xxtrim.xr7.11                    2.04068
xxdut.xxtrim.xr7.21                    1.99332
xxdut.vc                               1.99329
t7                                           3
xxdut.xxtrim.tb7                   4.81375e-09
xxdut.xxcmph.tail                     0.776039
xxdut.xxcmph.dp                        1.34711
xxdut.xxcmph.dn                        1.18781
xxdut.cmph_out                         1.28517
xxdut.xxcmpl.tailp                     2.41153
xxdut.xxcmpl.dp                    7.01174e-08
xxdut.xxcmpl.dn                        1.12368
xxdut.xxcmpl.outb                            3
xxdut.cmpl_out                     4.81375e-09
clk                                   0.678584
xxdut.qbar                             1.24873
xxdut.mid1                             2.48166
xxdut.mid2                             2.82903
vt7#branch                                   0
vt6#branch                                   0
vt5#branch                                   0
vt4#branch                                   0
vt3#branch                                   0
vt2#branch                                   0
vt1#branch                                   0
vt0#branch                                   0
vdd#branch                        -0.000481556

 Reference value :  1.70339e-08
 Reference value :  8.76388e-08
 Reference value :  1.56194e-07
 Reference value :  2.27039e-07
 Reference value :  3.01801e-07
 Reference value :  3.79676e-07
 Reference value :  4.55820e-07
 Reference value :  5.34628e-07
 Reference value :  6.11105e-07
 Reference value :  6.84188e-07
 Reference value :  7.60332e-07
 Reference value :  8.38155e-07
 Reference value :  9.13132e-07
 Reference value :  9.88418e-07
 Reference value :  1.06391e-06
 Reference value :  1.13935e-06
No. of Data Rows : 12125
ngspice-46 done

Note: Starting dynamic gmin stepping
Note: Dynamic gmin stepping completed
