====================================================================
gf180-rcosc delay-probe run: ratified_fs_T-040C_V3p6_code0xA0
run id      : 20260923T030905Z
basis       : ratified
process     : fs (fets=fs res=res_typical mimcap=mimcap_typical)
temperature : -40 C
supply      : 3.6 V
trim code   : 0xA0 (160)
transient   : tran 100p 1200n, wrdata + Python crossing/cycle-alignment analysis (see driver docstring)
wall clock  : 6.0 s
exit status : 0
====================================================================
vdd=3.6000 vmid=1.8000 vh=2.399397 vl=1.199384
crossing counts: clk_r=56 clk_f=56 vh_r=56 vl_f=56 cmph=56 cmpl=56
cycles decomposed: 3 / 3 candidates
cross-cycle spread (max-min): period=0.0325ns t_cmp_h=0.0004ns t_lat_h=0.0033ns t_fall=0.0047ns t_cmp_l=0.0069ns t_lat_l=0.0009ns charge=0.0365ns dsum=0.0049ns overshoot_v=3176000.0000ns vh_dc=0.0000ns vl_dc=0.0000ns fosc=69832132857702.6719ns
median decomposition: period=21.5484ns t_cmp_h=2.0788ns t_lat_h=0.4142ns t_fall=0.0421ns t_cmp_l=1.4222ns t_lat_l=0.1791ns charge=17.4141ns dsum=4.0942ns overshoot_v=0.156617V vh_dc=2.399397V vl_dc=1.199384V fosc=46407094516634.2891MHz
xxdut.xxtrim.xr7.11                    2.43113
xxdut.xxtrim.xr7.21                     2.4071
xxdut.vc                               2.40707
t7                                         3.6
xxdut.xxtrim.tb7                   3.57955e-09
xxdut.xxcmph.tail                      1.17774
xxdut.xxcmph.dp                        1.49294
xxdut.xxcmph.dn                        1.85459
xxdut.cmph_out                         1.41812
xxdut.xxcmpl.tailp                     2.78969
xxdut.xxcmpl.dp                    1.23058e-08
xxdut.xxcmpl.dn                       0.992099
xxdut.xxcmpl.outb                          3.6
xxdut.cmpl_out                     3.57955e-09
clk                                   0.712889
xxdut.qbar                               1.364
xxdut.mid1                             2.98223
xxdut.mid2                             3.37027
vt7#branch                                   0
vt6#branch                                   0
vt5#branch                                   0
vt4#branch                                   0
vt3#branch                                   0
vt2#branch                                   0
vt1#branch                                   0
vt0#branch                                   0
vdd#branch                        -0.000700309

 Reference value :  0.00000e+00
 Reference value :  6.96397e-08
 Reference value :  1.40648e-07
 Reference value :  2.12423e-07
 Reference value :  2.84881e-07
 Reference value :  3.58896e-07
 Reference value :  4.33962e-07
 Reference value :  5.05869e-07
 Reference value :  5.81647e-07
 Reference value :  6.54320e-07
 Reference value :  7.28947e-07
 Reference value :  8.02503e-07
 Reference value :  8.76301e-07
 Reference value :  9.51723e-07
 Reference value :  1.02262e-06
 Reference value :  1.09334e-06
 Reference value :  1.16841e-06
No. of Data Rows : 12338
ngspice-46 done

Note: Starting dynamic gmin stepping
Warning: Dynamic gmin stepping failed
Note: Starting true gmin stepping
Note: True gmin stepping completed
