====================================================================
gf180-rcosc delay-probe run: ratified_tt_T+027C_V3p3_code0xA3
run id      : 20260923T030905Z
basis       : ratified
process     : tt (fets=typical res=res_typical mimcap=mimcap_typical)
temperature : 27 C
supply      : 3.3 V
trim code   : 0xA3 (163)
transient   : tran 100p 1200n, wrdata + Python crossing/cycle-alignment analysis (see driver docstring)
wall clock  : 6.0 s
exit status : 0
====================================================================
vdd=3.3000 vmid=1.6500 vh=2.199663 vl=1.099662
crossing counts: clk_r=58 clk_f=58 vh_r=58 vl_f=58 cmph=58 cmpl=58
cycles decomposed: 3 / 3 candidates
cross-cycle spread (max-min): period=0.0132ns t_cmp_h=0.0002ns t_lat_h=0.0025ns t_fall=0.0011ns t_cmp_l=0.0069ns t_lat_l=0.0033ns charge=0.0149ns dsum=0.0037ns overshoot_v=2402840.0000ns vh_dc=0.0000ns vl_dc=0.0000ns fosc=30551059429898.8594ns
median decomposition: period=20.8025ns t_cmp_h=2.0744ns t_lat_h=0.5151ns t_fall=0.0983ns t_cmp_l=1.6325ns t_lat_l=0.2418ns charge=16.2425ns dsum=4.4631ns overshoot_v=0.162009V vh_dc=2.199663V vl_dc=1.099662V fosc=48071149017081.7500MHz
.24093
t6                                           0
xxdut.xxtrim.tb6                           3.3
xxdut.xxtrim.xr7.11                     2.2409
xxdut.xxtrim.xr7.21                    2.20241
xxdut.vc                               2.20238
t7                                         3.3
xxdut.xxtrim.tb7                   4.20669e-09
xxdut.xxcmph.tail                     0.952236
xxdut.xxcmph.dp                        1.47843
xxdut.xxcmph.dn                        1.61104
xxdut.cmph_out                         1.41366
xxdut.xxcmpl.tailp                     2.54751
xxdut.xxcmpl.dp                    1.38973e-08
xxdut.xxcmpl.dn                         1.0832
xxdut.xxcmpl.outb                          3.3
xxdut.cmpl_out                     4.20669e-09
clk                                   0.733467
xxdut.qbar                             1.36545
xxdut.mid1                             2.72054
xxdut.mid2                             3.10392
vt7#branch                                   0
vt6#branch                                   0
vt5#branch                                   0
vt4#branch                                   0
vt3#branch                                   0
vt2#branch                                   0
vt1#branch                                   0
vt0#branch                                   0
vdd#branch                        -0.000558815

 Reference value :  1.64326e-08
 Reference value :  9.03441e-08
 Reference value :  1.65818e-07
 Reference value :  2.38360e-07
 Reference value :  3.12456e-07
 Reference value :  3.86353e-07
 Reference value :  4.62443e-07
 Reference value :  5.35088e-07
 Reference value :  6.09690e-07
 Reference value :  6.85042e-07
 Reference value :  7.58939e-07
 Reference value :  8.36360e-07
 Reference value :  9.09451e-07
 Reference value :  9.85638e-07
 Reference value :  1.06425e-06
 Reference value :  1.13498e-06
No. of Data Rows : 12208
ngspice-46 done

Note: Starting dynamic gmin stepping
Note: Dynamic gmin stepping completed
