====================================================================
gf180-rcosc delay-probe run: ratified_ff_T-040C_V3p3_code0x59
run id      : 20260923T030905Z
basis       : ratified
process     : ff (fets=ff res=res_ff mimcap=mimcap_ff)
temperature : -40 C
supply      : 3.3 V
trim code   : 0x59 (89)
transient   : tran 100p 1200n, wrdata + Python crossing/cycle-alignment analysis (see driver docstring)
wall clock  : 6.8 s
exit status : 0
====================================================================
vdd=3.3000 vmid=1.6500 vh=2.199480 vl=1.099488
crossing counts: clk_r=55 clk_f=55 vh_r=54 vl_f=55 cmph=55 cmpl=55
cycles decomposed: 3 / 3 candidates
cross-cycle spread (max-min): period=0.0352ns t_cmp_h=0.0012ns t_lat_h=0.0110ns t_fall=0.0028ns t_cmp_l=0.0051ns t_lat_l=0.0027ns charge=0.0191ns dsum=0.0065ns overshoot_v=1672470.0000ns vh_dc=0.0000ns vl_dc=0.0000ns fosc=73465295705117.2812ns
median decomposition: period=21.8954ns t_cmp_h=1.8377ns t_lat_h=0.3730ns t_fall=0.0374ns t_cmp_l=1.4285ns t_lat_l=0.1832ns charge=18.0411ns dsum=3.8215ns overshoot_v=0.125030V vh_dc=2.199480V vl_dc=1.099488V fosc=45671613286946.5312MHz
                  3.3
xxdut.xxtrim.tb6                   3.27009e-09
xxdut.xxtrim.xr7.11                    2.91693
xxdut.xxtrim.xr7.21                    2.20587
xxdut.vc                               2.20461
t7                                           0
xxdut.xxtrim.tb7                           3.3
xxdut.xxcmph.tail                       1.0333
xxdut.xxcmph.dp                        1.46969
xxdut.xxcmph.dn                        1.76892
xxdut.cmph_out                         1.40993
xxdut.xxcmpl.tailp                     2.46172
xxdut.xxcmpl.dp                    1.03153e-08
xxdut.xxcmpl.dn                       0.982602
xxdut.xxcmpl.outb                          3.3
xxdut.cmpl_out                     3.27009e-09
clk                                   0.666441
xxdut.qbar                             1.34727
xxdut.mid1                             2.67007
xxdut.mid2                             3.08061
vt7#branch                                   0
vt6#branch                                   0
vt5#branch                                   0
vt4#branch                                   0
vt3#branch                                   0
vt2#branch                                   0
vt1#branch                                   0
vt0#branch                                   0
vdd#branch                        -0.000752322

 Reference value :  1.30231e-08
 Reference value :  8.68706e-08
 Reference value :  1.54872e-07
 Reference value :  2.24685e-07
 Reference value :  2.96902e-07
 Reference value :  3.73697e-07
 Reference value :  4.45119e-07
 Reference value :  5.17636e-07
 Reference value :  5.92709e-07
 Reference value :  6.62803e-07
 Reference value :  7.36101e-07
 Reference value :  8.05929e-07
 Reference value :  8.70776e-07
 Reference value :  9.44560e-07
 Reference value :  1.01416e-06
 Reference value :  1.08874e-06
 Reference value :  1.15844e-06
No. of Data Rows : 12314
ngspice-46 done

Note: Starting dynamic gmin stepping
Note: Dynamic gmin stepping completed
