====================================================================
gf180-rcosc delay-probe run: ratified_rc_s_T+085C_V3p3_code0xC9
run id      : 20260923T030905Z
basis       : ratified
process     : rc_s (fets=typical res=res_ss mimcap=mimcap_ss)
temperature : 85 C
supply      : 3.3 V
trim code   : 0xC9 (201)
transient   : tran 100p 1200n, wrdata + Python crossing/cycle-alignment analysis (see driver docstring)
wall clock  : 6.8 s
exit status : 0
====================================================================
vdd=3.3000 vmid=1.6500 vh=2.199836 vl=1.099841
crossing counts: clk_r=60 clk_f=59 vh_r=60 vl_f=60 cmph=60 cmpl=60
cycles decomposed: 3 / 3 candidates
cross-cycle spread (max-min): period=0.0081ns t_cmp_h=0.0007ns t_lat_h=0.0079ns t_fall=0.0057ns t_cmp_l=0.0039ns t_lat_l=0.0036ns charge=0.0006ns dsum=0.0076ns overshoot_v=5142280.0000ns vh_dc=0.0000ns vl_dc=0.0000ns fosc=19836697526931.7617ns
median decomposition: period=20.1999ns t_cmp_h=2.2068ns t_lat_h=0.5807ns t_fall=0.1251ns t_cmp_l=1.8205ns t_lat_l=0.2732ns charge=15.1944ns dsum=4.8811ns overshoot_v=0.175424V vh_dc=2.199836V vl_dc=1.099841V fosc=49505231969138.3984MHz
                  3.3
xxdut.xxtrim.tb6                   5.19822e-09
xxdut.xxtrim.xr7.11                    2.25406
xxdut.xxtrim.xr7.21                    2.20253
xxdut.vc                                2.2025
t7                                         3.3
xxdut.xxtrim.tb7                   5.19822e-09
xxdut.xxcmph.tail                     0.970953
xxdut.xxcmph.dp                        1.48307
xxdut.xxcmph.dn                        1.59126
xxdut.cmph_out                         1.41067
xxdut.xxcmpl.tailp                     2.52498
xxdut.xxcmpl.dp                    1.74468e-08
xxdut.xxcmpl.dn                        1.07477
xxdut.xxcmpl.outb                          3.3
xxdut.cmpl_out                     5.19822e-09
clk                                   0.698023
xxdut.qbar                             1.36393
xxdut.mid1                             2.69079
xxdut.mid2                               3.091
vt7#branch                                   0
vt6#branch                                   0
vt5#branch                                   0
vt4#branch                                   0
vt3#branch                                   0
vt2#branch                                   0
vt1#branch                                   0
vt0#branch                                   0
vdd#branch                        -0.000535926

 Reference value :  2.43766e-08
 Reference value :  1.00346e-07
 Reference value :  1.75485e-07
 Reference value :  2.52260e-07
 Reference value :  3.20994e-07
 Reference value :  3.91126e-07
 Reference value :  4.60007e-07
 Reference value :  5.29576e-07
 Reference value :  5.98393e-07
 Reference value :  6.68242e-07
 Reference value :  7.39668e-07
 Reference value :  8.13058e-07
 Reference value :  8.85426e-07
 Reference value :  9.58619e-07
 Reference value :  1.03614e-06
 Reference value :  1.11232e-06
 Reference value :  1.18796e-06
No. of Data Rows : 12100
ngspice-46 done

Note: Starting dynamic gmin stepping
Note: Dynamic gmin stepping completed
