====================================================================
gf180-rcosc delay-probe run: ratified_rc_f_T+085C_V3p0_code0x5E
run id      : 20260923T030905Z
basis       : ratified
process     : rc_f (fets=typical res=res_ff mimcap=mimcap_ff)
temperature : 85 C
supply      : 3 V
trim code   : 0x5E (94)
transient   : tran 100p 1200n, wrdata + Python crossing/cycle-alignment analysis (see driver docstring)
wall clock  : 6.8 s
exit status : 0
====================================================================
vdd=3.0000 vmid=1.5000 vh=1.999294 vl=0.999592
crossing counts: clk_r=62 clk_f=62 vh_r=62 vl_f=62 cmph=62 cmpl=62
cycles decomposed: 3 / 3 candidates
cross-cycle spread (max-min): period=0.0040ns t_cmp_h=0.0004ns t_lat_h=0.0005ns t_fall=0.0007ns t_cmp_l=0.0031ns t_lat_l=0.0034ns charge=0.0047ns dsum=0.0009ns overshoot_v=298520.0000ns vh_dc=0.0000ns vl_dc=0.0000ns fosc=10564594156309.9629ns
median decomposition: period=19.4997ns t_cmp_h=0.8373ns t_lat_h=0.6348ns t_fall=0.0964ns t_cmp_l=1.2247ns t_lat_l=0.2830ns charge=16.4237ns dsum=2.9801ns overshoot_v=0.086162V vh_dc=1.999294V vl_dc=0.999592V fosc=51282907720604.0000MHz
.62954
t6                                           3
xxdut.xxtrim.tb6                   4.81375e-09
xxdut.xxtrim.xr7.11                    2.62899
xxdut.xxtrim.xr7.21                    1.93356
xxdut.vc                                 1.933
t7                                           0
xxdut.xxtrim.tb7                             3
xxdut.xxcmph.tail                     0.665924
xxdut.xxcmph.dp                        1.34706
xxdut.xxcmph.dn                       0.951431
xxdut.cmph_out                         1.28814
xxdut.xxcmpl.tailp                     2.48719
xxdut.xxcmpl.dp                    2.47024e-06
xxdut.xxcmpl.dn                        1.23161
xxdut.xxcmpl.outb                            3
xxdut.cmpl_out                     4.81375e-09
clk                                    0.66762
xxdut.qbar                             1.24919
xxdut.mid1                             2.47494
xxdut.mid2                             2.82912
vt7#branch                                   0
vt6#branch                                   0
vt5#branch                                   0
vt4#branch                                   0
vt3#branch                                   0
vt2#branch                                   0
vt1#branch                                   0
vt0#branch                                   0
vdd#branch                        -0.000565219

 Reference value :  1.71729e-08
 Reference value :  9.23795e-08
 Reference value :  1.67019e-07
 Reference value :  2.44024e-07
 Reference value :  3.19920e-07
 Reference value :  3.94751e-07
 Reference value :  4.67423e-07
 Reference value :  5.39400e-07
 Reference value :  6.13756e-07
 Reference value :  6.88598e-07
 Reference value :  7.61325e-07
 Reference value :  8.34004e-07
 Reference value :  9.06071e-07
 Reference value :  9.82063e-07
 Reference value :  1.05906e-06
 Reference value :  1.13519e-06
No. of Data Rows : 12168
ngspice-46 done

Note: Starting dynamic gmin stepping
Note: Dynamic gmin stepping completed
