====================================================================
gf180-rcosc delay-probe run: ratified_ss_T+085C_V3p3_code0xCD
run id      : 20260923T030905Z
basis       : ratified
process     : ss (fets=ss res=res_ss mimcap=mimcap_ss)
temperature : 85 C
supply      : 3.3 V
trim code   : 0xCD (205)
transient   : tran 100p 1200n, wrdata + Python crossing/cycle-alignment analysis (see driver docstring)
wall clock  : 6.8 s
exit status : 0
====================================================================
vdd=3.3000 vmid=1.6500 vh=2.199821 vl=1.099851
crossing counts: clk_r=59 clk_f=59 vh_r=59 vl_f=59 cmph=59 cmpl=59
cycles decomposed: 3 / 3 candidates
cross-cycle spread (max-min): period=0.0040ns t_cmp_h=0.0005ns t_lat_h=0.0051ns t_fall=0.0005ns t_cmp_l=0.0005ns t_lat_l=0.0020ns charge=0.0006ns dsum=0.0062ns overshoot_v=5404920.0000ns vh_dc=0.0000ns vl_dc=0.0000ns fosc=9692194883249.6992ns
median decomposition: period=20.3123ns t_cmp_h=2.3064ns t_lat_h=0.6850ns t_fall=0.1719ns t_cmp_l=1.8460ns t_lat_l=0.3233ns charge=14.9842ns dsum=5.1608ns overshoot_v=0.193078V vh_dc=2.199821V vl_dc=1.099851V fosc=49231261751307.2188MHz
.27449
t6                                         3.3
xxdut.xxtrim.tb6                   5.30595e-09
xxdut.xxtrim.xr7.11                    2.27445
xxdut.xxtrim.xr7.21                     2.1994
xxdut.vc                               2.19936
t7                                         3.3
xxdut.xxtrim.tb7                   5.30595e-09
xxdut.xxcmph.tail                     0.868122
xxdut.xxcmph.dp                        1.48954
xxdut.xxcmph.dn                        1.45856
xxdut.cmph_out                         1.41734
xxdut.xxcmpl.tailp                     2.63311
xxdut.xxcmpl.dp                    1.95103e-08
xxdut.xxcmpl.dn                        1.18741
xxdut.xxcmpl.outb                          3.3
xxdut.cmpl_out                     5.30595e-09
clk                                   0.812702
xxdut.qbar                              1.3859
xxdut.mid1                             2.77821
xxdut.mid2                             3.12773
vt7#branch                                   0
vt6#branch                                   0
vt5#branch                                   0
vt4#branch                                   0
vt3#branch                                   0
vt2#branch                                   0
vt1#branch                                   0
vt0#branch                                   0
vdd#branch                        -0.000438147

 Reference value :  1.26438e-08
 Reference value :  8.94277e-08
 Reference value :  1.65616e-07
 Reference value :  2.37682e-07
 Reference value :  3.13489e-07
 Reference value :  3.90593e-07
 Reference value :  4.64928e-07
 Reference value :  5.40124e-07
 Reference value :  6.16208e-07
 Reference value :  6.85709e-07
 Reference value :  7.56705e-07
 Reference value :  8.29112e-07
 Reference value :  9.04072e-07
 Reference value :  9.80876e-07
 Reference value :  1.05504e-06
 Reference value :  1.13335e-06
No. of Data Rows : 12118
ngspice-46 done

Note: Starting dynamic gmin stepping
Note: Dynamic gmin stepping completed
