====================================================================
gf180-rcosc delay-probe run: ratified_rc_f_T+085C_V3p6_code0x5E
run id      : 20260923T030905Z
basis       : ratified
process     : rc_f (fets=typical res=res_ff mimcap=mimcap_ff)
temperature : 85 C
supply      : 3.6 V
trim code   : 0x5E (94)
transient   : tran 100p 1200n, wrdata + Python crossing/cycle-alignment analysis (see driver docstring)
wall clock  : 6.6 s
exit status : 0
====================================================================
vdd=3.6000 vmid=1.8000 vh=2.398892 vl=1.199305
crossing counts: clk_r=61 clk_f=61 vh_r=61 vl_f=61 cmph=61 cmpl=61
cycles decomposed: 3 / 3 candidates
cross-cycle spread (max-min): period=0.0068ns t_cmp_h=0.0001ns t_lat_h=0.0010ns t_fall=0.0017ns t_cmp_l=0.0009ns t_lat_l=0.0002ns charge=0.0052ns dsum=0.0019ns overshoot_v=2777120.0000ns vh_dc=0.0000ns vl_dc=0.0000ns fosc=17149249359875.9180ns
median decomposition: period=19.8639ns t_cmp_h=1.5643ns t_lat_h=0.5472ns t_fall=0.0631ns t_cmp_l=1.2840ns t_lat_l=0.2508ns charge=16.1544ns dsum=3.6464ns overshoot_v=0.148701V vh_dc=2.398892V vl_dc=1.199305V fosc=50342665957636.1406MHz
                  3.6
xxdut.xxtrim.tb6                   5.92204e-09
xxdut.xxtrim.xr7.11                    3.18394
xxdut.xxtrim.xr7.21                    2.38866
xxdut.vc                               2.38803
t7                                           0
xxdut.xxtrim.tb7                           3.6
xxdut.xxcmph.tail                      1.00171
xxdut.xxcmph.dp                        1.62042
xxdut.xxcmph.dn                        1.45745
xxdut.cmph_out                         1.54972
xxdut.xxcmpl.tailp                     2.81728
xxdut.xxcmpl.dp                    2.34599e-08
xxdut.xxcmpl.dn                        1.27937
xxdut.xxcmpl.outb                          3.6
xxdut.cmpl_out                     5.92204e-09
clk                                   0.674461
xxdut.qbar                             1.48673
xxdut.mid1                             2.87221
xxdut.mid2                             3.35376
vt7#branch                                   0
vt6#branch                                   0
vt5#branch                                   0
vt4#branch                                   0
vt3#branch                                   0
vt2#branch                                   0
vt1#branch                                   0
vt0#branch                                   0
vdd#branch                         -0.00077998

 Reference value :  2.26245e-08
 Reference value :  9.33466e-08
 Reference value :  1.68095e-07
 Reference value :  2.43969e-07
 Reference value :  3.16634e-07
 Reference value :  3.89625e-07
 Reference value :  4.62584e-07
 Reference value :  5.35966e-07
 Reference value :  6.05986e-07
 Reference value :  6.76871e-07
 Reference value :  7.45041e-07
 Reference value :  8.16420e-07
 Reference value :  8.91613e-07
 Reference value :  9.64616e-07
 Reference value :  1.03987e-06
 Reference value :  1.11499e-06
 Reference value :  1.18882e-06
No. of Data Rows : 12241
ngspice-46 done

Note: Starting dynamic gmin stepping
Note: Dynamic gmin stepping completed
