====================================================================
gf180-rcosc delay-probe run: surrogate_ss_T+085C_V3p6_code0xAD
run id      : 20260923T030905Z
basis       : surrogate
process     : ss (fets=ss res=res_ss mimcap=mimcap_ss)
temperature : 85 C
supply      : 3.6 V
trim code   : 0xAD (173)
transient   : tran 100p 1200n, wrdata + Python crossing/cycle-alignment analysis (see driver docstring)
wall clock  : 6.6 s
exit status : 0
====================================================================
vdd=3.6000 vmid=1.8000 vh=2.399614 vl=1.199623
crossing counts: clk_r=50 clk_f=50 vh_r=50 vl_f=50 cmph=50 cmpl=50
cycles decomposed: 3 / 3 candidates
cross-cycle spread (max-min): period=0.0038ns t_cmp_h=0.0003ns t_lat_h=0.0057ns t_fall=0.0038ns t_cmp_l=0.0027ns t_lat_l=0.0046ns charge=0.0012ns dsum=0.0042ns overshoot_v=4490750.0000ns vh_dc=0.0000ns vl_dc=0.0000ns fosc=6540439974859.3564ns
median decomposition: period=24.0075ns t_cmp_h=2.4218ns t_lat_h=0.6290ns t_fall=0.1378ns t_cmp_l=1.8879ns t_lat_l=0.3042ns charge=18.6252ns dsum=5.2429ns overshoot_v=0.182225V vh_dc=2.399614V vl_dc=1.199623V fosc=41653691178375.0391MHz
.45054
t6                                           0
xxdut.xxtrim.tb6                           3.6
xxdut.xxtrim.xr7.11                    2.45051
xxdut.xxtrim.xr7.21                    2.40175
xxdut.vc                               2.40173
t7                                         3.6
xxdut.xxtrim.tb7                   5.83202e-09
xxdut.xxcmph.tail                      1.01692
xxdut.xxcmph.dp                        1.62683
xxdut.xxcmph.dn                        1.71424
xxdut.cmph_out                         1.55525
xxdut.xxcmpl.tailp                     2.79709
xxdut.xxcmpl.dp                    1.84234e-08
xxdut.xxcmpl.dn                        1.20824
xxdut.xxcmpl.outb                          3.6
xxdut.cmpl_out                     5.83202e-09
clk                                   0.796284
xxdut.qbar                             1.50243
xxdut.mid1                             2.96541
xxdut.mid2                             3.39073
vt7#branch                                   0
vt6#branch                                   0
vt5#branch                                   0
vt4#branch                                   0
vt3#branch                                   0
vt2#branch                                   0
vt1#branch                                   0
vt0#branch                                   0
vdd#branch                        -0.000523036

 Reference value :  9.41699e-09
 Reference value :  8.76410e-08
 Reference value :  1.64260e-07
 Reference value :  2.38757e-07
 Reference value :  3.11282e-07
 Reference value :  3.87988e-07
 Reference value :  4.62359e-07
 Reference value :  5.36949e-07
 Reference value :  6.09863e-07
 Reference value :  6.88286e-07
 Reference value :  7.61791e-07
 Reference value :  8.37611e-07
 Reference value :  9.13528e-07
 Reference value :  9.89317e-07
 Reference value :  1.06269e-06
 Reference value :  1.13645e-06
No. of Data Rows : 12159
ngspice-46 done

Note: Starting dynamic gmin stepping
Note: Dynamic gmin stepping completed
