====================================================================
gf180-rcosc delay-probe run: surrogate_rc_f_T+027C_V3p0_code0x2B
run id      : 20260923T030905Z
basis       : surrogate
process     : rc_f (fets=typical res=res_ff mimcap=mimcap_ff)
temperature : 27 C
supply      : 3 V
trim code   : 0x2B (43)
transient   : tran 100p 1200n, wrdata + Python crossing/cycle-alignment analysis (see driver docstring)
wall clock  : 9.8 s
exit status : 0
====================================================================
vdd=3.0000 vmid=1.5000 vh=1.999382 vl=0.999496
crossing counts: clk_r=48 clk_f=48 vh_r=48 vl_f=48 cmph=48 cmpl=48
cycles decomposed: 3 / 3 candidates
cross-cycle spread (max-min): period=0.0078ns t_cmp_h=0.0005ns t_lat_h=0.0054ns t_fall=0.0006ns t_cmp_l=0.0059ns t_lat_l=0.0024ns charge=0.0063ns dsum=0.0033ns overshoot_v=6465730.0000ns vh_dc=0.0000ns vl_dc=0.0000ns fosc=12370744196034.9688ns
median decomposition: period=25.1157ns t_cmp_h=1.9107ns t_lat_h=0.5612ns t_fall=0.0899ns t_cmp_l=1.3054ns t_lat_l=0.2556ns charge=20.9953ns dsum=4.0320ns overshoot_v=0.114646V vh_dc=1.999382V vl_dc=0.999496V fosc=39815659154359.0391MHz
                    0
xxdut.xxtrim.tb6                             3
xxdut.xxtrim.xr7.11                     2.5268
xxdut.xxtrim.xr7.21                    1.99608
xxdut.vc                                1.9955
t7                                           0
xxdut.xxtrim.tb7                             3
xxdut.xxcmph.tail                     0.754691
xxdut.xxcmph.dp                          1.344
xxdut.xxcmph.dn                        1.18858
xxdut.cmph_out                         1.29283
xxdut.xxcmpl.tailp                     2.44019
xxdut.xxcmpl.dp                    1.28943e-08
xxdut.xxcmpl.dn                        1.13853
xxdut.xxcmpl.outb                            3
xxdut.cmpl_out                     3.84915e-09
clk                                    0.70206
xxdut.qbar                             1.25417
xxdut.mid1                             2.50348
xxdut.mid2                             2.84323
vt7#branch                                   0
vt6#branch                                   0
vt5#branch                                   0
vt4#branch                                   0
vt3#branch                                   0
vt2#branch                                   0
vt1#branch                                   0
vt0#branch                                   0
vdd#branch                        -0.000503178

 Reference value :  1.21919e-08
 Reference value :  8.24224e-08
 Reference value :  1.55319e-07
 Reference value :  2.30632e-07
 Reference value :  3.06027e-07
 Reference value :  3.81231e-07
 Reference value :  4.55871e-07
 Reference value :  5.28998e-07
 Reference value :  5.98335e-07
 Reference value :  6.66512e-07
 Reference value :  7.37155e-07
 Reference value :  8.12261e-07
 Reference value :  8.86569e-07
 Reference value :  9.61047e-07
 Reference value :  1.03588e-06
 Reference value :  1.10746e-06
 Reference value :  1.17294e-06
No. of Data Rows : 12226
ngspice-46 done

Note: Starting dynamic gmin stepping
Note: Dynamic gmin stepping completed
