====================================================================
gf180-rcosc delay-probe run: surrogate_ff_T+085C_V3p6_code0x26
run id      : 20260923T030905Z
basis       : surrogate
process     : ff (fets=ff res=res_ff mimcap=mimcap_ff)
temperature : 85 C
supply      : 3.6 V
trim code   : 0x26 (38)
transient   : tran 100p 1200n, wrdata + Python crossing/cycle-alignment analysis (see driver docstring)
wall clock  : 6.0 s
exit status : 0
====================================================================
vdd=3.6000 vmid=1.8000 vh=2.399472 vl=1.199626
crossing counts: clk_r=50 clk_f=50 vh_r=51 vl_f=50 cmph=50 cmpl=50
cycles decomposed: 3 / 3 candidates
cross-cycle spread (max-min): period=0.0287ns t_cmp_h=0.0004ns t_lat_h=0.0040ns t_fall=0.0080ns t_cmp_l=0.0085ns t_lat_l=0.0063ns charge=0.0169ns dsum=0.0037ns overshoot_v=6092270.0000ns vh_dc=0.0000ns vl_dc=0.0000ns fosc=50161136680640.2812ns
median decomposition: period=23.9314ns t_cmp_h=1.6811ns t_lat_h=0.4772ns t_fall=0.0412ns t_cmp_l=1.3067ns t_lat_l=0.2262ns charge=20.1965ns dsum=3.6919ns overshoot_v=0.121041V vh_dc=2.399472V vl_dc=1.199626V fosc=41786171755371.6719MHz
.02596
t6                                           0
xxdut.xxtrim.tb6                           3.6
xxdut.xxtrim.xr7.11                    3.02547
xxdut.xxtrim.xr7.21                    2.40006
xxdut.vc                               2.39956
t7                                           0
xxdut.xxtrim.tb7                           3.6
xxdut.xxcmph.tail                      1.11834
xxdut.xxcmph.dp                        1.61492
xxdut.xxcmph.dn                        1.60986
xxdut.cmph_out                         1.54526
xxdut.xxcmpl.tailp                     2.69629
xxdut.xxcmpl.dp                    1.56637e-08
xxdut.xxcmpl.dn                        1.15682
xxdut.xxcmpl.outb                          3.6
xxdut.cmpl_out                     8.46589e-09
clk                                   0.544385
xxdut.qbar                             1.50911
xxdut.mid1                             2.77599
xxdut.mid2                             3.32543
vt7#branch                                   0
vt6#branch                                   0
vt5#branch                                   0
vt4#branch                                   0
vt3#branch                                   0
vt2#branch                                   0
vt1#branch                                   0
vt0#branch                                   0
vdd#branch                        -0.000904851

 Reference value :  2.73133e-08
 Reference value :  1.01475e-07
 Reference value :  1.78050e-07
 Reference value :  2.53916e-07
 Reference value :  3.32182e-07
 Reference value :  4.10397e-07
 Reference value :  4.85820e-07
 Reference value :  5.63562e-07
 Reference value :  6.38990e-07
 Reference value :  7.17614e-07
 Reference value :  7.94457e-07
 Reference value :  8.72630e-07
 Reference value :  9.49745e-07
 Reference value :  1.02786e-06
 Reference value :  1.10668e-06
 Reference value :  1.18613e-06
No. of Data Rows : 12165
ngspice-46 done

Note: Starting dynamic gmin stepping
Note: Dynamic gmin stepping completed
