====================================================================
gf180-rcosc delay-probe run: surrogate_rc_f_T-040C_V3p3_code0x2B
run id      : 20260923T030905Z
basis       : surrogate
process     : rc_f (fets=typical res=res_ff mimcap=mimcap_ff)
temperature : -40 C
supply      : 3.3 V
trim code   : 0x2B (43)
transient   : tran 100p 1200n, wrdata + Python crossing/cycle-alignment analysis (see driver docstring)
wall clock  : 8.8 s
exit status : 0
====================================================================
vdd=3.3000 vmid=1.6500 vh=2.199497 vl=1.099470
crossing counts: clk_r=46 clk_f=46 vh_r=46 vl_f=46 cmph=46 cmpl=46
cycles decomposed: 3 / 3 candidates
cross-cycle spread (max-min): period=0.0240ns t_cmp_h=0.0002ns t_lat_h=0.0003ns t_fall=0.0022ns t_cmp_l=0.0013ns t_lat_l=0.0003ns charge=0.0244ns dsum=0.0013ns overshoot_v=1734890.0000ns vh_dc=0.0000ns vl_dc=0.0000ns fosc=34189746665634.2148ns
median decomposition: period=26.5076ns t_cmp_h=2.1043ns t_lat_h=0.4313ns t_fall=0.0630ns t_cmp_l=1.4854ns t_lat_l=0.2082ns charge=22.2118ns dsum=4.2291ns overshoot_v=0.120240V vh_dc=2.199497V vl_dc=1.099470V fosc=37725077999938.8594MHz
xxdut.xxtrim.xr7.11                     2.7846
xxdut.xxtrim.xr7.21                    2.20357
xxdut.vc                               2.20255
t7                                           0
xxdut.xxtrim.tb7                           3.3
xxdut.xxcmph.tail                     0.937284
xxdut.xxcmph.dp                        1.47636
xxdut.xxcmph.dn                        1.66722
xxdut.cmph_out                         1.42146
xxdut.xxcmpl.tailp                     2.56226
xxdut.xxcmpl.dp                    1.14261e-08
xxdut.xxcmpl.dn                        1.08091
xxdut.xxcmpl.outb                          3.3
xxdut.cmpl_out                      3.3465e-09
clk                                   0.768309
xxdut.qbar                             1.37209
xxdut.mid1                             2.75028
xxdut.mid2                             3.11994
vt7#branch                                   0
vt6#branch                                   0
vt5#branch                                   0
vt4#branch                                   0
vt3#branch                                   0
vt2#branch                                   0
vt1#branch                                   0
vt0#branch                                   0
vdd#branch                        -0.000588252

 Reference value :  0.00000e+00
 Reference value :  6.66339e-08
 Reference value :  1.38175e-07
 Reference value :  2.13297e-07
 Reference value :  2.83534e-07
 Reference value :  3.52965e-07
 Reference value :  4.28669e-07
 Reference value :  5.00786e-07
 Reference value :  5.76380e-07
 Reference value :  6.44464e-07
 Reference value :  7.14490e-07
 Reference value :  7.85675e-07
 Reference value :  8.57890e-07
 Reference value :  9.33562e-07
 Reference value :  1.01135e-06
 Reference value :  1.08568e-06
 Reference value :  1.16002e-06
No. of Data Rows : 12303
ngspice-46 done

Note: Starting dynamic gmin stepping
Warning: Dynamic gmin stepping failed
Note: Starting true gmin stepping
Note: True gmin stepping completed
