====================================================================
gf180-rcosc delay-probe run: surrogate_rc_s_T+085C_V3p3_code0xA8
run id      : 20260923T030905Z
basis       : surrogate
process     : rc_s (fets=typical res=res_ss mimcap=mimcap_ss)
temperature : 85 C
supply      : 3.3 V
trim code   : 0xA8 (168)
transient   : tran 100p 1200n, wrdata + Python crossing/cycle-alignment analysis (see driver docstring)
wall clock  : 6.6 s
exit status : 0
====================================================================
vdd=3.3000 vmid=1.6500 vh=2.199793 vl=1.099787
crossing counts: clk_r=49 clk_f=49 vh_r=50 vl_f=49 cmph=49 cmpl=49
cycles decomposed: 3 / 3 candidates
cross-cycle spread (max-min): period=0.0074ns t_cmp_h=0.0007ns t_lat_h=0.0065ns t_fall=0.0051ns t_cmp_l=0.0035ns t_lat_l=0.0008ns charge=0.0031ns dsum=0.0087ns overshoot_v=4275850.0000ns vh_dc=0.0000ns vl_dc=0.0000ns fosc=12612490171402.6934ns
median decomposition: period=24.2780ns t_cmp_h=2.3478ns t_lat_h=0.5806ns t_fall=0.1156ns t_cmp_l=1.8220ns t_lat_l=0.2724ns charge=19.1369ns dsum=5.0230ns overshoot_v=0.154574V vh_dc=2.199793V vl_dc=1.099787V fosc=41189512378968.2734MHz
.23982
t6                                           0
xxdut.xxtrim.tb6                           3.3
xxdut.xxtrim.xr7.11                     2.2398
xxdut.xxtrim.xr7.21                    2.20253
xxdut.vc                               2.20251
t7                                         3.3
xxdut.xxtrim.tb7                   5.19822e-09
xxdut.xxcmph.tail                     0.970953
xxdut.xxcmph.dp                        1.48294
xxdut.xxcmph.dn                        1.59126
xxdut.cmph_out                         1.41708
xxdut.xxcmpl.tailp                     2.52498
xxdut.xxcmpl.dp                    1.74467e-08
xxdut.xxcmpl.dn                        1.07477
xxdut.xxcmpl.outb                          3.3
xxdut.cmpl_out                     5.19822e-09
clk                                   0.674921
xxdut.qbar                              1.3655
xxdut.mid1                             2.67652
xxdut.mid2                             3.09134
vt7#branch                                   0
vt6#branch                                   0
vt5#branch                                   0
vt4#branch                                   0
vt3#branch                                   0
vt2#branch                                   0
vt1#branch                                   0
vt0#branch                                   0
vdd#branch                        -0.000528555

 Reference value :  1.45701e-08
 Reference value :  8.59885e-08
 Reference value :  1.60171e-07
 Reference value :  2.34716e-07
 Reference value :  3.09993e-07
 Reference value :  3.87280e-07
 Reference value :  4.64097e-07
 Reference value :  5.40144e-07
 Reference value :  6.16560e-07
 Reference value :  6.92521e-07
 Reference value :  7.68250e-07
 Reference value :  8.42704e-07
 Reference value :  9.14783e-07
 Reference value :  9.86415e-07
 Reference value :  1.05763e-06
 Reference value :  1.13412e-06
No. of Data Rows : 12148
ngspice-46 done

Note: Starting dynamic gmin stepping
Note: Dynamic gmin stepping completed
