====================================================================
gf180-rcosc delay-probe run: surrogate_rc_s_T+027C_V3p3_code0xA8
run id      : 20260923T030905Z
basis       : surrogate
process     : rc_s (fets=typical res=res_ss mimcap=mimcap_ss)
temperature : 27 C
supply      : 3.3 V
trim code   : 0xA8 (168)
transient   : tran 100p 1200n, wrdata + Python crossing/cycle-alignment analysis (see driver docstring)
wall clock  : 6.5 s
exit status : 0
====================================================================
vdd=3.3000 vmid=1.6500 vh=2.199604 vl=1.099619
crossing counts: clk_r=48 clk_f=48 vh_r=48 vl_f=48 cmph=48 cmpl=48
cycles decomposed: 3 / 3 candidates
cross-cycle spread (max-min): period=0.0117ns t_cmp_h=0.0002ns t_lat_h=0.0050ns t_fall=0.0022ns t_cmp_l=0.0040ns t_lat_l=0.0013ns charge=0.0067ns dsum=0.0027ns overshoot_v=1052280.0000ns vh_dc=0.0000ns vl_dc=0.0000ns fosc=18619487228430.8086ns
median decomposition: period=25.0476ns t_cmp_h=2.4312ns t_lat_h=0.5117ns t_fall=0.1034ns t_cmp_l=1.9172ns t_lat_l=0.2447ns charge=19.8378ns dsum=5.1067ns overshoot_v=0.154457V vh_dc=2.199604V vl_dc=1.099619V fosc=39924018438022.0391MHz
.23744
t6                                           0
xxdut.xxtrim.tb6                           3.3
xxdut.xxtrim.xr7.11                    2.23741
xxdut.xxtrim.xr7.21                    2.20363
xxdut.vc                               2.20361
t7                                         3.3
xxdut.xxtrim.tb7                   4.20669e-09
xxdut.xxcmph.tail                     0.981409
xxdut.xxcmph.dp                        1.47839
xxdut.xxcmph.dn                        1.71738
xxdut.cmph_out                         1.41586
xxdut.xxcmpl.tailp                     2.51151
xxdut.xxcmpl.dp                    1.57116e-08
xxdut.xxcmpl.dn                        1.03485
xxdut.xxcmpl.outb                          3.3
xxdut.cmpl_out                     4.20669e-09
clk                                   0.724897
xxdut.qbar                             1.36578
xxdut.mid1                             2.71528
xxdut.mid2                             3.10398
vt7#branch                                   0
vt6#branch                                   0
vt5#branch                                   0
vt4#branch                                   0
vt3#branch                                   0
vt2#branch                                   0
vt1#branch                                   0
vt0#branch                                   0
vdd#branch                        -0.000519133

 Reference value :  1.18023e-08
 Reference value :  8.45195e-08
 Reference value :  1.55055e-07
 Reference value :  2.24264e-07
 Reference value :  3.00660e-07
 Reference value :  3.77564e-07
 Reference value :  4.50515e-07
 Reference value :  5.27522e-07
 Reference value :  6.05957e-07
 Reference value :  6.79095e-07
 Reference value :  7.53416e-07
 Reference value :  8.29882e-07
 Reference value :  9.03947e-07
 Reference value :  9.79572e-07
 Reference value :  1.05402e-06
 Reference value :  1.13006e-06
No. of Data Rows : 12226
ngspice-46 done

Note: Starting dynamic gmin stepping
Note: Dynamic gmin stepping completed
