====================================================================
gf180-rcosc delay-probe run: surrogate_rc_s_T+085C_V3p6_code0xA8
run id      : 20260923T030905Z
basis       : surrogate
process     : rc_s (fets=typical res=res_ss mimcap=mimcap_ss)
temperature : 85 C
supply      : 3.6 V
trim code   : 0xA8 (168)
transient   : tran 100p 1200n, wrdata + Python crossing/cycle-alignment analysis (see driver docstring)
wall clock  : 6.2 s
exit status : 0
====================================================================
vdd=3.6000 vmid=1.8000 vh=2.399677 vl=1.199693
crossing counts: clk_r=50 clk_f=50 vh_r=50 vl_f=50 cmph=50 cmpl=50
cycles decomposed: 3 / 3 candidates
cross-cycle spread (max-min): period=0.0035ns t_cmp_h=0.0001ns t_lat_h=0.0034ns t_fall=0.0012ns t_cmp_l=0.0045ns t_lat_l=0.0015ns charge=0.0020ns dsum=0.0055ns overshoot_v=4654890.0000ns vh_dc=0.0000ns vl_dc=0.0000ns fosc=6041939612291.7529ns
median decomposition: period=24.0953ns t_cmp_h=2.3210ns t_lat_h=0.5458ns t_fall=0.0991ns t_cmp_l=1.8715ns t_lat_l=0.2569ns charge=19.0032ns dsum=4.9959ns overshoot_v=0.167526V vh_dc=2.399677V vl_dc=1.199693V fosc=41501929105334.0547MHz
.43922
t6                                           0
xxdut.xxtrim.tb6                           3.6
xxdut.xxtrim.xr7.11                     2.4392
xxdut.xxtrim.xr7.21                    2.40504
xxdut.vc                               2.40503
t7                                         3.6
xxdut.xxtrim.tb7                   5.92204e-09
xxdut.xxcmph.tail                      1.12067
xxdut.xxcmph.dp                        1.62045
xxdut.xxcmph.dn                         1.8416
xxdut.cmph_out                         1.54822
xxdut.xxcmpl.tailp                     2.68761
xxdut.xxcmpl.dp                    1.71234e-08
xxdut.xxcmpl.dn                        1.09792
xxdut.xxcmpl.outb                          3.6
xxdut.cmpl_out                     5.92204e-09
clk                                   0.680413
xxdut.qbar                             1.48594
xxdut.mid1                             2.87589
xxdut.mid2                             3.35356
vt7#branch                                   0
vt6#branch                                   0
vt5#branch                                   0
vt4#branch                                   0
vt3#branch                                   0
vt2#branch                                   0
vt1#branch                                   0
vt0#branch                                   0
vdd#branch                        -0.000636052

 Reference value :  2.20232e-08
 Reference value :  1.00449e-07
 Reference value :  1.75030e-07
 Reference value :  2.48539e-07
 Reference value :  3.23857e-07
 Reference value :  4.01772e-07
 Reference value :  4.77101e-07
 Reference value :  5.55610e-07
 Reference value :  6.32653e-07
 Reference value :  7.08675e-07
 Reference value :  7.82660e-07
 Reference value :  8.59838e-07
 Reference value :  9.36987e-07
 Reference value :  1.01627e-06
 Reference value :  1.09200e-06
 Reference value :  1.16901e-06
No. of Data Rows : 12147
ngspice-46 done

Note: Starting dynamic gmin stepping
Note: Dynamic gmin stepping completed
