====================================================================
gf180-rcosc delay-probe run: surrogate_sf_T-040C_V3p3_code0x75
run id      : 20260923T030905Z
basis       : surrogate
process     : sf (fets=sf res=res_typical mimcap=mimcap_typical)
temperature : -40 C
supply      : 3.3 V
trim code   : 0x75 (117)
transient   : tran 100p 1200n, wrdata + Python crossing/cycle-alignment analysis (see driver docstring)
wall clock  : 7.6 s
exit status : 0
====================================================================
vdd=3.3000 vmid=1.6500 vh=2.199612 vl=1.099628
crossing counts: clk_r=46 clk_f=46 vh_r=46 vl_f=46 cmph=46 cmpl=46
cycles decomposed: 3 / 3 candidates
cross-cycle spread (max-min): period=0.0216ns t_cmp_h=0.0017ns t_lat_h=0.0031ns t_fall=0.0066ns t_cmp_l=0.0200ns t_lat_l=0.0003ns charge=0.0125ns dsum=0.0191ns overshoot_v=6387210.0000ns vh_dc=0.0000ns vl_dc=0.0000ns fosc=30982875401265.9180ns
median decomposition: period=26.3786ns t_cmp_h=2.3316ns t_lat_h=0.4234ns t_fall=0.0984ns t_cmp_l=2.2398ns t_lat_l=0.2381ns charge=21.0526ns dsum=5.2308ns overshoot_v=0.142865V vh_dc=2.199612V vl_dc=1.099628V fosc=37909530105543.1328MHz
                  3.3
xxdut.xxtrim.tb6                   3.60594e-09
xxdut.xxtrim.xr7.11                    3.03626
xxdut.xxtrim.xr7.21                     2.2043
xxdut.vc                               2.20312
t7                                           0
xxdut.xxtrim.tb7                           3.3
xxdut.xxcmph.tail                     0.899435
xxdut.xxcmph.dp                        1.59124
xxdut.xxcmph.dn                        1.91228
xxdut.cmph_out                         1.54164
xxdut.xxcmpl.tailp                      2.4353
xxdut.xxcmpl.dp                    1.40735e-08
xxdut.xxcmpl.dn                        1.10903
xxdut.xxcmpl.outb                          3.3
xxdut.cmpl_out                     3.60594e-09
clk                                    0.85664
xxdut.qbar                             1.48722
xxdut.mid1                             2.73657
xxdut.mid2                             3.12744
vt7#branch                                   0
vt6#branch                                   0
vt5#branch                                   0
vt4#branch                                   0
vt3#branch                                   0
vt2#branch                                   0
vt1#branch                                   0
vt0#branch                                   0
vdd#branch                        -0.000547124

 Reference value :  1.19138e-08
 Reference value :  8.63644e-08
 Reference value :  1.61239e-07
 Reference value :  2.34244e-07
 Reference value :  3.08052e-07
 Reference value :  3.77202e-07
 Reference value :  4.48050e-07
 Reference value :  5.20317e-07
 Reference value :  5.93155e-07
 Reference value :  6.69153e-07
 Reference value :  7.45242e-07
 Reference value :  8.18941e-07
 Reference value :  8.91784e-07
 Reference value :  9.64548e-07
 Reference value :  1.03967e-06
 Reference value :  1.11524e-06
 Reference value :  1.19193e-06
No. of Data Rows : 12220
ngspice-46 done

Note: Starting dynamic gmin stepping
Note: Dynamic gmin stepping completed
