====================================================================
gf180-rcosc PVT corner run: ff_T+085C_V3p0_code0x80
run id      : 20260905T211140Z
process     : ff (fets=ff res=res_ff mimcap=mimcap_ff)
temperature : 85 C
supply      : 3 V
trim code   : 0x80 (128)
transient   : tran 200p 4000n, f = 20 periods / (t[rise=25] - t[rise=5])
wall clock  : 94.0 s
exit status : 0
====================================================================

Note: Compatibility modes selected: hs a


Circuit: ** sch_path: /users/rwalters/github/gf180-rcosc/.loom/worktrees/issue-12/design/pvt_tb.sch

Doing analysis at TEMP = 85.000000 and TNOM = 27.000000

Using SPARSE 1.3 as Direct Linear Solver

Initial Transient Solution
--------------------------

Node                                   Voltage
----                                   -------
vdd                                          3
xxdut.xxbias.xrba.11                   2.99924
xxdut.xxbias.xrba.21                   2.00076
xxdut.vh                                     2
xxdut.xxbias.xrbb.11                   1.99924
xxdut.xxbias.xrbb.21                   1.00076
xxdut.vl                                     1
xxdut.xxbias.xrbc.11                  0.999241
xxdut.xxbias.xrbc.21                0.00075877
xxdut.xxbias.xrbias.11                 2.99924
xxdut.xxbias.xrbias.21                0.990985
xxdut.ibias                           0.990221
xxdut.xxtrim.xrfix.11                  2.99975
xxdut.xxtrim.xrfix.21                    2.548
xxdut.xxtrim.c1                        2.54774
xxdut.xxtrim.xr0.11                    2.54749
xxdut.xxtrim.xr0.21                    2.54513
xxdut.xxtrim.c2                        2.54487
t0                                           0
xxdut.xxtrim.xr1.11                    2.54462
xxdut.xxtrim.xr1.21                     2.5399
xxdut.xxtrim.c3                        2.53965
t1                                           0
xxdut.xxtrim.xr2.11                    2.53939
xxdut.xxtrim.xr2.21                    2.52995
xxdut.xxtrim.c4                        2.52969
t2                                           0
xxdut.xxtrim.xr3.11                    2.52944
xxdut.xxtrim.xr3.21                    2.51055
xxdut.xxtrim.c5                         2.5103
t3                                           0
xxdut.xxtrim.xr4.11                    2.51005
xxdut.xxtrim.xr4.21                    2.47227
xxdut.xxtrim.c6                        2.47201
t4                                           0
xxdut.xxtrim.xr5.11                    2.47176
xxdut.xxtrim.xr5.21                     2.3962
xxdut.xxtrim.c7                        2.39595
t5                                           0
xxdut.xxtrim.xr6.11                     2.3957
xxdut.xxtrim.xr6.21                    2.24459
xxdut.xxtrim.c8                        2.24433
t6                                           0
xxdut.xxtrim.xr7.11                    2.24413
xxdut.xxtrim.xr7.21                    2.00676
xxdut.vc                               2.00656
t7                                           3
xxdut.xxcmph.tail                     0.990556
xxdut.xxcmph.dp                        1.34101
xxdut.xxcmph.dn                        1.70244
xxdut.cmph_out                         1.29108
xxdut.xxcmpl.tail                     0.903445
xxdut.xxcmpl.dp                              3
xxdut.xxcmpl.dn                         1.3825
xxdut.cmpl_out                     7.03357e-09
clk                                   0.505298
xxdut.qbar                              1.2464
xxdut.mid1                             2.35846
xxdut.mid2                             2.79691
vt7#branch                                   0
vt6#branch                                   0
vt5#branch                                   0
vt4#branch                                   0
vt3#branch                                   0
vt2#branch                                   0
vt1#branch                                   0
vt0#branch                                   0
vdd#branch                        -0.000505913

 Reference value :  0.00000e+00
 Reference value :  7.89984e-08
 Reference value :  1.58799e-07
 Reference value :  2.40304e-07
 Reference value :  3.21002e-07
 Reference value :  4.07485e-07
 Reference value :  4.94702e-07
 Reference value :  5.79817e-07
 Reference value :  6.61948e-07
 Reference value :  7.42354e-07
 Reference value :  8.26128e-07
 Reference value :  9.13348e-07
 Reference value :  9.92480e-07
 Reference value :  1.07700e-06
 Reference value :  1.16459e-06
 Reference value :  1.24362e-06
 Reference value :  1.32684e-06
 Reference value :  1.41281e-06
 Reference value :  1.49240e-06
 Reference value :  1.57670e-06
 Reference value :  1.66276e-06
 Reference value :  1.74270e-06
 Reference value :  1.82599e-06
 Reference value :  1.91076e-06
 Reference value :  1.99343e-06
 Reference value :  2.07560e-06
 Reference value :  2.16047e-06
 Reference value :  2.25031e-06
 Reference value :  2.33650e-06
 Reference value :  2.42195e-06
 Reference value :  2.50090e-06
 Reference value :  2.58473e-06
 Reference value :  2.67294e-06
 Reference value :  2.75420e-06
 Reference value :  2.84153e-06
 Reference value :  2.92639e-06
 Reference value :  3.00702e-06
 Reference value :  3.09467e-06
 Reference value :  3.17754e-06
 Reference value :  3.25581e-06
 Reference value :  3.33831e-06
 Reference value :  3.42156e-06
 Reference value :  3.50164e-06
 Reference value :  3.58041e-06
 Reference value :  3.66025e-06
 Reference value :  3.74105e-06
 Reference value :  3.82303e-06
 Reference value :  3.89890e-06
 Reference value :  3.97812e-06
No. of Data Rows : 20599
ta                  =  1.58376e-07
tb                  =  8.77374e-07
ta = 1.583755e-07
tb = 8.773740e-07
period = 3.594993e-08
fosc = 2.781647e+07
ngspice-46 done

Warning: m=xx on .subckt line will override multiplier m hierarchy!

Note: Starting dynamic gmin stepping
Note: Dynamic gmin stepping completed
