====================================================================
gf180-rcosc PVT corner run: ff_T+027C_V3p0_code0x80
run id      : 20260905T211140Z
process     : ff (fets=ff res=res_ff mimcap=mimcap_ff)
temperature : 27 C
supply      : 3 V
trim code   : 0x80 (128)
transient   : tran 200p 4000n, f = 20 periods / (t[rise=25] - t[rise=5])
wall clock  : 95.6 s
exit status : 0
====================================================================

Note: Compatibility modes selected: hs a


Circuit: ** sch_path: /users/rwalters/github/gf180-rcosc/.loom/worktrees/issue-12/design/pvt_tb.sch

Doing analysis at TEMP = 27.000000 and TNOM = 27.000000

Using SPARSE 1.3 as Direct Linear Solver

Initial Transient Solution
--------------------------

Node                                   Voltage
----                                   -------
vdd                                          3
xxdut.xxbias.xrba.11                   2.99895
xxdut.xxbias.xrba.21                   2.00105
xxdut.vh                                     2
xxdut.xxbias.xrbb.11                   1.99895
xxdut.xxbias.xrbb.21                   1.00105
xxdut.vl                                     1
xxdut.xxbias.xrbc.11                  0.998949
xxdut.xxbias.xrbc.21                0.00105114
xxdut.xxbias.xrbias.11                 2.99894
xxdut.xxbias.xrbias.21                0.986161
xxdut.ibias                           0.985101
xxdut.xxtrim.xrfix.11                  2.99966
xxdut.xxtrim.xrfix.21                  2.56615
xxdut.xxtrim.c1                        2.56581
xxdut.xxtrim.xr0.11                    2.56547
xxdut.xxtrim.xr0.21                    2.56321
xxdut.xxtrim.c2                        2.56287
t0                                           0
xxdut.xxtrim.xr1.11                    2.56253
xxdut.xxtrim.xr1.21                      2.558
xxdut.xxtrim.c3                        2.55766
t1                                           0
xxdut.xxtrim.xr2.11                    2.55733
xxdut.xxtrim.xr2.21                    2.54826
xxdut.xxtrim.c4                        2.54793
t2                                           0
xxdut.xxtrim.xr3.11                    2.54759
xxdut.xxtrim.xr3.21                    2.52946
xxdut.xxtrim.c5                        2.52912
t3                                           0
xxdut.xxtrim.xr4.11                    2.52879
xxdut.xxtrim.xr4.21                    2.49253
xxdut.xxtrim.c6                         2.4922
t4                                           0
xxdut.xxtrim.xr5.11                    2.49186
xxdut.xxtrim.xr5.21                    2.41935
xxdut.xxtrim.c7                        2.41902
t5                                           0
xxdut.xxtrim.xr6.11                    2.41868
xxdut.xxtrim.xr6.21                    2.27367
xxdut.xxtrim.c8                        2.27333
t6                                           0
xxdut.xxtrim.xr7.11                    2.27302
xxdut.xxtrim.xr7.21                    2.00564
xxdut.vc                               2.00533
t7                                           3
xxdut.xxcmph.tail                     0.966429
xxdut.xxcmph.dp                        1.33694
xxdut.xxcmph.dn                        1.71448
xxdut.cmph_out                         1.28921
xxdut.xxcmpl.tail                     0.891616
xxdut.xxcmpl.dp                              3
xxdut.xxcmpl.dn                        1.42848
xxdut.cmpl_out                     3.61327e-09
clk                                   0.560236
xxdut.qbar                             1.23536
xxdut.mid1                             2.39966
xxdut.mid2                             2.80716
vt7#branch                                   0
vt6#branch                                   0
vt5#branch                                   0
vt4#branch                                   0
vt3#branch                                   0
vt2#branch                                   0
vt1#branch                                   0
vt0#branch                                   0
vdd#branch                        -0.000523217

 Reference value :  0.00000e+00
 Reference value :  7.96406e-08
 Reference value :  1.57482e-07
 Reference value :  2.39686e-07
 Reference value :  3.18555e-07
 Reference value :  3.99330e-07
 Reference value :  4.87205e-07
 Reference value :  5.64298e-07
 Reference value :  6.43557e-07
 Reference value :  7.25235e-07
 Reference value :  8.03675e-07
 Reference value :  8.86731e-07
 Reference value :  9.69370e-07
 Reference value :  1.04716e-06
 Reference value :  1.12892e-06
 Reference value :  1.21384e-06
 Reference value :  1.29990e-06
 Reference value :  1.37975e-06
 Reference value :  1.46127e-06
 Reference value :  1.54675e-06
 Reference value :  1.63149e-06
 Reference value :  1.71371e-06
 Reference value :  1.79518e-06
 Reference value :  1.87932e-06
 Reference value :  1.96586e-06
 Reference value :  2.04867e-06
 Reference value :  2.13257e-06
 Reference value :  2.22541e-06
 Reference value :  2.30903e-06
 Reference value :  2.39069e-06
 Reference value :  2.47835e-06
 Reference value :  2.56724e-06
 Reference value :  2.64576e-06
 Reference value :  2.72949e-06
 Reference value :  2.81577e-06
 Reference value :  2.90149e-06
 Reference value :  2.97913e-06
 Reference value :  3.05746e-06
 Reference value :  3.13830e-06
 Reference value :  3.22282e-06
 Reference value :  3.30677e-06
 Reference value :  3.38781e-06
 Reference value :  3.46863e-06
 Reference value :  3.55053e-06
 Reference value :  3.63082e-06
 Reference value :  3.71338e-06
 Reference value :  3.79432e-06
 Reference value :  3.87173e-06
 Reference value :  3.95378e-06
No. of Data Rows : 20660
ta                  =  1.52591e-07
tb                  =  8.95855e-07
ta = 1.525911e-07
tb = 8.958546e-07
period = 3.716317e-08
fosc = 2.690836e+07
ngspice-46 done

Warning: m=xx on .subckt line will override multiplier m hierarchy!

Note: Starting dynamic gmin stepping
Note: Dynamic gmin stepping completed
