====================================================================
gf180-rcosc PVT corner run: ff_T+027C_V3p0_code0x00
run id      : 20260905T211140Z
process     : ff (fets=ff res=res_ff mimcap=mimcap_ff)
temperature : 27 C
supply      : 3 V
trim code   : 0x00 (0)
transient   : tran 200p 4000n, f = 20 periods / (t[rise=25] - t[rise=5])
wall clock  : 70.6 s
exit status : 0
====================================================================

Note: Compatibility modes selected: hs a


Circuit: ** sch_path: /users/rwalters/github/gf180-rcosc/.loom/worktrees/issue-12/design/pvt_tb.sch

Doing analysis at TEMP = 27.000000 and TNOM = 27.000000

Using SPARSE 1.3 as Direct Linear Solver

Initial Transient Solution
--------------------------

Node                                   Voltage
----                                   -------
vdd                                          3
xxdut.xxbias.xrba.11                   2.99895
xxdut.xxbias.xrba.21                   2.00105
xxdut.vh                                     2
xxdut.xxbias.xrbb.11                   1.99895
xxdut.xxbias.xrbb.21                   1.00105
xxdut.vl                                     1
xxdut.xxbias.xrbc.11                  0.998949
xxdut.xxbias.xrbc.21                0.00105114
xxdut.xxbias.xrbias.11                 2.99894
xxdut.xxbias.xrbias.21                0.986161
xxdut.ibias                           0.985101
xxdut.xxtrim.xrfix.11                  2.99967
xxdut.xxtrim.xrfix.21                  2.57583
xxdut.xxtrim.c1                         2.5755
xxdut.xxtrim.xr0.11                    2.57517
xxdut.xxtrim.xr0.21                    2.57295
xxdut.xxtrim.c2                        2.57262
t0                                           0
xxdut.xxtrim.xr1.11                    2.57229
xxdut.xxtrim.xr1.21                    2.56786
xxdut.xxtrim.c3                        2.56753
t1                                           0
xxdut.xxtrim.xr2.11                     2.5672
xxdut.xxtrim.xr2.21                    2.55834
xxdut.xxtrim.c4                        2.55801
t2                                           0
xxdut.xxtrim.xr3.11                    2.55768
xxdut.xxtrim.xr3.21                    2.53996
xxdut.xxtrim.c5                        2.53963
t3                                           0
xxdut.xxtrim.xr4.11                     2.5393
xxdut.xxtrim.xr4.21                    2.50386
xxdut.xxtrim.c6                        2.50353
t4                                           0
xxdut.xxtrim.xr5.11                     2.5032
xxdut.xxtrim.xr5.21                    2.43231
xxdut.xxtrim.c7                        2.43198
t5                                           0
xxdut.xxtrim.xr6.11                    2.43165
xxdut.xxtrim.xr6.21                    2.28987
xxdut.xxtrim.c8                        2.28954
t6                                           0
xxdut.xxtrim.xr7.11                    2.28922
xxdut.xxtrim.xr7.21                    2.00566
xxdut.vc                               2.00533
t7                                           0
xxdut.xxcmph.tail                     0.966429
xxdut.xxcmph.dp                        1.33694
xxdut.xxcmph.dn                        1.71448
xxdut.cmph_out                         1.28941
xxdut.xxcmpl.tail                     0.891616
xxdut.xxcmpl.dp                              3
xxdut.xxcmpl.dn                        1.42848
xxdut.cmpl_out                     3.61327e-09
clk                                   0.559088
xxdut.qbar                             1.23547
xxdut.mid1                             2.39896
xxdut.mid2                             2.80719
vt7#branch                                   0
vt6#branch                                   0
vt5#branch                                   0
vt4#branch                                   0
vt3#branch                                   0
vt2#branch                                   0
vt1#branch                                   0
vt0#branch                                   0
vdd#branch                        -0.000523068

 Reference value :  0.00000e+00
 Reference value :  8.43465e-08
 Reference value :  1.65973e-07
 Reference value :  2.48161e-07
 Reference value :  3.28185e-07
 Reference value :  4.10049e-07
 Reference value :  4.93045e-07
 Reference value :  5.80168e-07
 Reference value :  6.63422e-07
 Reference value :  7.54345e-07
 Reference value :  8.36553e-07
 Reference value :  9.22477e-07
 Reference value :  1.00485e-06
 Reference value :  1.08918e-06
 Reference value :  1.17264e-06
 Reference value :  1.25662e-06
 Reference value :  1.34278e-06
 Reference value :  1.43029e-06
 Reference value :  1.51962e-06
 Reference value :  1.60449e-06
 Reference value :  1.68902e-06
 Reference value :  1.77552e-06
 Reference value :  1.86193e-06
 Reference value :  1.94737e-06
 Reference value :  2.03238e-06
 Reference value :  2.11806e-06
 Reference value :  2.20463e-06
 Reference value :  2.29343e-06
 Reference value :  2.38109e-06
 Reference value :  2.46471e-06
 Reference value :  2.55146e-06
 Reference value :  2.63612e-06
 Reference value :  2.72273e-06
 Reference value :  2.81445e-06
 Reference value :  2.90028e-06
 Reference value :  2.98890e-06
 Reference value :  3.07866e-06
 Reference value :  3.16537e-06
 Reference value :  3.25078e-06
 Reference value :  3.33534e-06
 Reference value :  3.42271e-06
 Reference value :  3.50969e-06
 Reference value :  3.59849e-06
 Reference value :  3.68379e-06
 Reference value :  3.76929e-06
 Reference value :  3.85599e-06
 Reference value :  3.94395e-06
No. of Data Rows : 20502
ta                  =  1.72551e-07
tb                  =  1.01564e-06
ta = 1.725506e-07
tb = 1.015641e-06
period = 4.215452e-08
fosc = 2.372225e+07
ngspice-46 done

Warning: m=xx on .subckt line will override multiplier m hierarchy!

Note: Starting dynamic gmin stepping
Note: Dynamic gmin stepping completed
