====================================================================
gf180-rcosc PVT corner run: ff_T-040C_V3p0_code0xFF
run id      : 20260905T211140Z
process     : ff (fets=ff res=res_ff mimcap=mimcap_ff)
temperature : -40 C
supply      : 3 V
trim code   : 0xFF (255)
transient   : tran 200p 4000n, f = 20 periods / (t[rise=25] - t[rise=5])
wall clock  : 88.4 s
exit status : 0
====================================================================

Note: Compatibility modes selected: hs a


Circuit: ** sch_path: /users/rwalters/github/gf180-rcosc/.loom/worktrees/issue-12/design/pvt_tb.sch

Doing analysis at TEMP = -40.000000 and TNOM = 27.000000

Using SPARSE 1.3 as Direct Linear Solver

Initial Transient Solution
--------------------------

Node                                   Voltage
----                                   -------
vdd                                          3
xxdut.xxbias.xrba.11                   2.99832
xxdut.xxbias.xrba.21                   2.00168
xxdut.vh                                     2
xxdut.xxbias.xrbb.11                   1.99832
xxdut.xxbias.xrbb.21                   1.00168
xxdut.vl                                     1
xxdut.xxbias.xrbc.11                  0.998317
xxdut.xxbias.xrbc.21                0.00168312
xxdut.xxbias.xrbias.11                  2.9983
xxdut.xxbias.xrbias.21                0.980244
xxdut.ibias                            0.97854
xxdut.xxtrim.xrfix.11                  2.99947
xxdut.xxtrim.xrfix.21                   2.5755
xxdut.xxtrim.c1                        2.57497
xxdut.xxtrim.xr0.11                    2.57444
xxdut.xxtrim.xr0.21                    2.57223
xxdut.xxtrim.c2                         2.5717
t0                                           3
xxdut.xxtrim.xr1.11                    2.57117
xxdut.xxtrim.xr1.21                    2.56674
xxdut.xxtrim.c3                        2.56621
t1                                           3
xxdut.xxtrim.xr2.11                    2.56568
xxdut.xxtrim.xr2.21                    2.55682
xxdut.xxtrim.c4                        2.55629
t2                                           3
xxdut.xxtrim.xr3.11                    2.55576
xxdut.xxtrim.xr3.21                    2.53803
xxdut.xxtrim.c5                        2.53751
t3                                           3
xxdut.xxtrim.xr4.11                    2.53698
xxdut.xxtrim.xr4.21                    2.50152
xxdut.xxtrim.c6                        2.50099
t4                                           3
xxdut.xxtrim.xr5.11                    2.50047
xxdut.xxtrim.xr5.21                    2.42956
xxdut.xxtrim.c7                        2.42903
t5                                           3
xxdut.xxtrim.xr6.11                     2.4285
xxdut.xxtrim.xr6.21                    2.28668
xxdut.xxtrim.c8                        2.28615
t6                                           3
xxdut.xxtrim.xr7.11                    2.28563
xxdut.xxtrim.xr7.21                    2.00494
xxdut.vc                               2.00442
t7                                           3
xxdut.xxcmph.tail                      0.93799
xxdut.xxcmph.dp                        1.33533
xxdut.xxcmph.dn                        1.73512
xxdut.cmph_out                         1.28968
xxdut.xxcmpl.tail                     0.877522
xxdut.xxcmpl.dp                              3
xxdut.xxcmpl.dn                        1.49122
xxdut.cmpl_out                     2.85549e-09
clk                                   0.627135
xxdut.qbar                             1.23761
xxdut.mid1                             2.44896
xxdut.mid2                             2.82282
vt7#branch                                   0
vt6#branch                                   0
vt5#branch                                   0
vt4#branch                                   0
vt3#branch                                   0
vt2#branch                                   0
vt1#branch                                   0
vt0#branch                                   0
vdd#branch                        -0.000553382

 Reference value :  0.00000e+00
 Reference value :  8.02178e-08
 Reference value :  1.59074e-07
 Reference value :  2.40406e-07
 Reference value :  3.17647e-07
 Reference value :  4.01266e-07
 Reference value :  4.86701e-07
 Reference value :  5.64224e-07
 Reference value :  6.41903e-07
 Reference value :  7.27479e-07
 Reference value :  8.09943e-07
 Reference value :  8.98590e-07
 Reference value :  9.80869e-07
 Reference value :  1.06468e-06
 Reference value :  1.15099e-06
 Reference value :  1.23617e-06
 Reference value :  1.31762e-06
 Reference value :  1.40667e-06
 Reference value :  1.49139e-06
 Reference value :  1.57253e-06
 Reference value :  1.65691e-06
 Reference value :  1.73786e-06
 Reference value :  1.82931e-06
 Reference value :  1.91664e-06
 Reference value :  2.00888e-06
 Reference value :  2.09153e-06
 Reference value :  2.17180e-06
 Reference value :  2.25890e-06
 Reference value :  2.34459e-06
 Reference value :  2.43326e-06
 Reference value :  2.51874e-06
 Reference value :  2.61029e-06
 Reference value :  2.69445e-06
 Reference value :  2.77920e-06
 Reference value :  2.86080e-06
 Reference value :  2.94922e-06
 Reference value :  3.03104e-06
 Reference value :  3.11460e-06
 Reference value :  3.19897e-06
 Reference value :  3.28306e-06
 Reference value :  3.36609e-06
 Reference value :  3.45018e-06
 Reference value :  3.53561e-06
 Reference value :  3.62130e-06
 Reference value :  3.70381e-06
 Reference value :  3.79020e-06
 Reference value :  3.87582e-06
 Reference value :  3.96241e-06
No. of Data Rows : 20436
ta                  =  1.52751e-07
tb                  =  8.99808e-07
ta = 1.527512e-07
tb = 8.998077e-07
period = 3.735282e-08
fosc = 2.677174e+07
ngspice-46 done

Warning: m=xx on .subckt line will override multiplier m hierarchy!

Note: Starting dynamic gmin stepping
Note: Dynamic gmin stepping completed
