====================================================================
gf180-rcosc PVT corner run: ff_T-040C_V3p0_code0x80
run id      : 20260905T211140Z
process     : ff (fets=ff res=res_ff mimcap=mimcap_ff)
temperature : -40 C
supply      : 3 V
trim code   : 0x80 (128)
transient   : tran 200p 4000n, f = 20 periods / (t[rise=25] - t[rise=5])
wall clock  : 95.7 s
exit status : 0
====================================================================

Note: Compatibility modes selected: hs a


Circuit: ** sch_path: /users/rwalters/github/gf180-rcosc/.loom/worktrees/issue-12/design/pvt_tb.sch

Doing analysis at TEMP = -40.000000 and TNOM = 27.000000

Using SPARSE 1.3 as Direct Linear Solver

Initial Transient Solution
--------------------------

Node                                   Voltage
----                                   -------
vdd                                          3
xxdut.xxbias.xrba.11                   2.99832
xxdut.xxbias.xrba.21                   2.00168
xxdut.vh                                     2
xxdut.xxbias.xrbb.11                   1.99832
xxdut.xxbias.xrbb.21                   1.00168
xxdut.vl                                     1
xxdut.xxbias.xrbc.11                  0.998317
xxdut.xxbias.xrbc.21                0.00168312
xxdut.xxbias.xrbias.11                  2.9983
xxdut.xxbias.xrbias.21                0.980244
xxdut.ibias                            0.97854
xxdut.xxtrim.xrfix.11                  2.99947
xxdut.xxtrim.xrfix.21                   2.5755
xxdut.xxtrim.c1                        2.57497
xxdut.xxtrim.xr0.11                    2.57444
xxdut.xxtrim.xr0.21                    2.57223
xxdut.xxtrim.c2                         2.5717
t0                                           0
xxdut.xxtrim.xr1.11                    2.57117
xxdut.xxtrim.xr1.21                    2.56674
xxdut.xxtrim.c3                        2.56621
t1                                           0
xxdut.xxtrim.xr2.11                    2.56568
xxdut.xxtrim.xr2.21                    2.55682
xxdut.xxtrim.c4                        2.55629
t2                                           0
xxdut.xxtrim.xr3.11                    2.55576
xxdut.xxtrim.xr3.21                    2.53803
xxdut.xxtrim.c5                        2.53751
t3                                           0
xxdut.xxtrim.xr4.11                    2.53698
xxdut.xxtrim.xr4.21                    2.50152
xxdut.xxtrim.c6                        2.50099
t4                                           0
xxdut.xxtrim.xr5.11                    2.50047
xxdut.xxtrim.xr5.21                    2.42956
xxdut.xxtrim.c7                        2.42903
t5                                           0
xxdut.xxtrim.xr6.11                     2.4285
xxdut.xxtrim.xr6.21                    2.28668
xxdut.xxtrim.c8                        2.28615
t6                                           0
xxdut.xxtrim.xr7.11                    2.28563
xxdut.xxtrim.xr7.21                    2.00494
xxdut.vc                               2.00442
t7                                           3
xxdut.xxcmph.tail                      0.93799
xxdut.xxcmph.dp                        1.33533
xxdut.xxcmph.dn                        1.73512
xxdut.cmph_out                         1.28968
xxdut.xxcmpl.tail                     0.877522
xxdut.xxcmpl.dp                              3
xxdut.xxcmpl.dn                        1.49122
xxdut.cmpl_out                     2.85549e-09
clk                                   0.627135
xxdut.qbar                             1.23761
xxdut.mid1                             2.44896
xxdut.mid2                             2.82282
vt7#branch                                   0
vt6#branch                                   0
vt5#branch                                   0
vt4#branch                                   0
vt3#branch                                   0
vt2#branch                                   0
vt1#branch                                   0
vt0#branch                                   0
vdd#branch                        -0.000553382

 Reference value :  0.00000e+00
 Reference value :  8.07664e-08
 Reference value :  1.60268e-07
 Reference value :  2.38575e-07
 Reference value :  3.17631e-07
 Reference value :  3.95693e-07
 Reference value :  4.76870e-07
 Reference value :  5.62475e-07
 Reference value :  6.43907e-07
 Reference value :  7.25550e-07
 Reference value :  8.07022e-07
 Reference value :  8.92737e-07
 Reference value :  9.76867e-07
 Reference value :  1.06372e-06
 Reference value :  1.14456e-06
 Reference value :  1.22614e-06
 Reference value :  1.30957e-06
 Reference value :  1.39218e-06
 Reference value :  1.47458e-06
 Reference value :  1.55635e-06
 Reference value :  1.63836e-06
 Reference value :  1.71879e-06
 Reference value :  1.79993e-06
 Reference value :  1.88098e-06
 Reference value :  1.96135e-06
 Reference value :  2.04096e-06
 Reference value :  2.12414e-06
 Reference value :  2.20389e-06
 Reference value :  2.28468e-06
 Reference value :  2.36426e-06
 Reference value :  2.44491e-06
 Reference value :  2.52610e-06
 Reference value :  2.60888e-06
 Reference value :  2.69183e-06
 Reference value :  2.77603e-06
 Reference value :  2.86570e-06
 Reference value :  2.94540e-06
 Reference value :  3.02577e-06
 Reference value :  3.10562e-06
 Reference value :  3.18521e-06
 Reference value :  3.26562e-06
 Reference value :  3.34708e-06
 Reference value :  3.43062e-06
 Reference value :  3.51406e-06
 Reference value :  3.59446e-06
 Reference value :  3.67737e-06
 Reference value :  3.76187e-06
 Reference value :  3.84726e-06
 Reference value :  3.92593e-06
No. of Data Rows : 20740
ta                  =  1.60103e-07
tb                  =  9.44920e-07
ta = 1.601026e-07
tb = 9.449199e-07
period = 3.924087e-08
fosc = 2.548364e+07
ngspice-46 done

Warning: m=xx on .subckt line will override multiplier m hierarchy!

Note: Starting dynamic gmin stepping
Note: Dynamic gmin stepping completed
