====================================================================
gf180-rcosc PVT corner run: fs_T+027C_V3p3_code0x7F
run id      : 20260905T211140Z
process     : fs (fets=fs res=res_typical mimcap=mimcap_typical)
temperature : 27 C
supply      : 3.3 V
trim code   : 0x7F (127)
transient   : tran 200p 4000n, f = 20 periods / (t[rise=25] - t[rise=5])
wall clock  : 45.0 s
exit status : 0
====================================================================

Note: Compatibility modes selected: hs a


Circuit: ** sch_path: /users/rwalters/github/gf180-rcosc/.loom/worktrees/issue-12/design/pvt_tb.sch

Doing analysis at TEMP = 27.000000 and TNOM = 27.000000

Using SPARSE 1.3 as Direct Linear Solver

Initial Transient Solution
--------------------------

Node                                   Voltage
----                                   -------
vdd                                        3.3
xxdut.xxbias.xrba.11                   3.29907
xxdut.xxbias.xrba.21                   2.20093
xxdut.vh                                   2.2
xxdut.xxbias.xrbb.11                   2.19907
xxdut.xxbias.xrbb.21                   1.10093
xxdut.vl                                   1.1
xxdut.xxbias.xrbc.11                   1.09907
xxdut.xxbias.xrbc.21               0.000925394
xxdut.xxbias.xrbias.11                 3.29903
xxdut.xxbias.xrbias.21                 1.00251
xxdut.ibias                            1.00154
xxdut.xxtrim.xrfix.11                  3.29971
xxdut.xxtrim.xrfix.21                  2.83395
xxdut.xxtrim.c1                        2.83366
xxdut.xxtrim.xr0.11                    2.83337
xxdut.xxtrim.xr0.21                    2.83094
xxdut.xxtrim.c2                        2.83065
t0                                         3.3
xxdut.xxtrim.xr1.11                    2.83036
xxdut.xxtrim.xr1.21                    2.82549
xxdut.xxtrim.c3                         2.8252
t1                                         3.3
xxdut.xxtrim.xr2.11                    2.82491
xxdut.xxtrim.xr2.21                    2.81518
xxdut.xxtrim.c4                        2.81489
t2                                         3.3
xxdut.xxtrim.xr3.11                     2.8146
xxdut.xxtrim.xr3.21                    2.79512
xxdut.xxtrim.c5                        2.79483
t3                                         3.3
xxdut.xxtrim.xr4.11                    2.79454
xxdut.xxtrim.xr4.21                    2.75559
xxdut.xxtrim.c6                         2.7553
t4                                         3.3
xxdut.xxtrim.xr5.11                    2.75501
xxdut.xxtrim.xr5.21                    2.67712
xxdut.xxtrim.c7                        2.67683
t5                                         3.3
xxdut.xxtrim.xr6.11                    2.67654
xxdut.xxtrim.xr6.21                    2.52074
xxdut.xxtrim.c8                        2.52045
t6                                         3.3
xxdut.xxtrim.xr7.11                    2.52016
xxdut.xxtrim.xr7.21                    2.20857
xxdut.vc                               2.20828
t7                                           0
xxdut.xxcmph.tail                      1.10421
xxdut.xxcmph.dp                        1.36324
xxdut.xxcmph.dn                        1.78498
xxdut.cmph_out                         1.30729
xxdut.xxcmpl.tail                      1.03269
xxdut.xxcmpl.dp                            3.3
xxdut.xxcmpl.dn                        1.49075
xxdut.cmpl_out                     3.91074e-09
clk                                   0.581966
xxdut.qbar                             1.25522
xxdut.mid1                             2.69562
xxdut.mid2                             3.09696
vt7#branch                                   0
vt6#branch                                   0
vt5#branch                                   0
vt4#branch                                   0
vt3#branch                                   0
vt2#branch                                   0
vt1#branch                                   0
vt0#branch                                   0
vdd#branch                         -0.00048889

 Reference value :  0.00000e+00
 Reference value :  7.83009e-08
 Reference value :  1.65052e-07
 Reference value :  2.55300e-07
 Reference value :  3.39196e-07
 Reference value :  4.22990e-07
 Reference value :  5.08641e-07
 Reference value :  6.00475e-07
 Reference value :  6.79460e-07
 Reference value :  7.61545e-07
 Reference value :  8.53021e-07
 Reference value :  9.42460e-07
 Reference value :  1.02858e-06
 Reference value :  1.11189e-06
 Reference value :  1.20312e-06
 Reference value :  1.29435e-06
 Reference value :  1.37780e-06
 Reference value :  1.46034e-06
 Reference value :  1.54956e-06
 Reference value :  1.63554e-06
 Reference value :  1.71996e-06
 Reference value :  1.81175e-06
 Reference value :  1.90066e-06
 Reference value :  1.98890e-06
 Reference value :  2.07197e-06
 Reference value :  2.16089e-06
 Reference value :  2.29209e-06
 Reference value :  2.37656e-06
 Reference value :  2.46256e-06
 Reference value :  2.55244e-06
 Reference value :  2.64440e-06
 Reference value :  2.73192e-06
 Reference value :  2.81678e-06
 Reference value :  2.90397e-06
 Reference value :  2.99359e-06
 Reference value :  3.08015e-06
 Reference value :  3.16205e-06
 Reference value :  3.24662e-06
 Reference value :  3.33887e-06
 Reference value :  3.42175e-06
 Reference value :  3.50753e-06
 Reference value :  3.59370e-06
 Reference value :  3.68450e-06
 Reference value :  3.76900e-06
 Reference value :  3.85175e-06
 Reference value :  3.94279e-06
No. of Data Rows : 20633
ta                  =  2.05492e-07
tb                  =  1.20105e-06
ta = 2.054918e-07
tb = 1.201053e-06
period = 4.977806e-08
fosc = 2.008917e+07
ngspice-46 done

Warning: m=xx on .subckt line will override multiplier m hierarchy!

Note: Starting dynamic gmin stepping
Note: Dynamic gmin stepping completed
