====================================================================
gf180-rcosc PVT corner run: fs_T+027C_V3p6_code0x7F
run id      : 20260905T211140Z
process     : fs (fets=fs res=res_typical mimcap=mimcap_typical)
temperature : 27 C
supply      : 3.6 V
trim code   : 0x7F (127)
transient   : tran 200p 4000n, f = 20 periods / (t[rise=25] - t[rise=5])
wall clock  : 74.9 s
exit status : 0
====================================================================

Note: Compatibility modes selected: hs a


Circuit: ** sch_path: /users/rwalters/github/gf180-rcosc/.loom/worktrees/issue-12/design/pvt_tb.sch

Doing analysis at TEMP = 27.000000 and TNOM = 27.000000

Using SPARSE 1.3 as Direct Linear Solver

Initial Transient Solution
--------------------------

Node                                   Voltage
----                                   -------
vdd                                        3.6
xxdut.xxbias.xrba.11                   3.59899
xxdut.xxbias.xrba.21                   2.40101
xxdut.vh                                   2.4
xxdut.xxbias.xrbb.11                   2.39899
xxdut.xxbias.xrbb.21                   1.20101
xxdut.vl                                   1.2
xxdut.xxbias.xrbc.11                   1.19899
xxdut.xxbias.xrbc.21                0.00100952
xxdut.xxbias.xrbias.11                 3.59892
xxdut.xxbias.xrbias.21                  1.0284
xxdut.ibias                            1.02732
xxdut.xxtrim.xrfix.11                  3.59968
xxdut.xxtrim.xrfix.21                  3.09312
xxdut.xxtrim.c1                         3.0928
xxdut.xxtrim.xr0.11                    3.09249
xxdut.xxtrim.xr0.21                    3.08984
xxdut.xxtrim.c2                        3.08953
t0                                         3.6
xxdut.xxtrim.xr1.11                    3.08921
xxdut.xxtrim.xr1.21                    3.08392
xxdut.xxtrim.c3                         3.0836
t1                                         3.6
xxdut.xxtrim.xr2.11                    3.08329
xxdut.xxtrim.xr2.21                     3.0727
xxdut.xxtrim.c4                        3.07238
t2                                         3.6
xxdut.xxtrim.xr3.11                    3.07206
xxdut.xxtrim.xr3.21                    3.05088
xxdut.xxtrim.c5                        3.05057
t3                                         3.6
xxdut.xxtrim.xr4.11                    3.05025
xxdut.xxtrim.xr4.21                    3.00789
xxdut.xxtrim.c6                        3.00758
t4                                         3.6
xxdut.xxtrim.xr5.11                    3.00726
xxdut.xxtrim.xr5.21                    2.92254
xxdut.xxtrim.c7                        2.92222
t5                                         3.6
xxdut.xxtrim.xr6.11                    2.92191
xxdut.xxtrim.xr6.21                    2.75246
xxdut.xxtrim.c8                        2.75215
t6                                         3.6
xxdut.xxtrim.xr7.11                    2.75183
xxdut.xxtrim.xr7.21                    2.41294
xxdut.vc                               2.41262
t7                                           0
xxdut.xxcmph.tail                      1.25886
xxdut.xxcmph.dp                        1.49346
xxdut.xxcmph.dn                        2.04396
xxdut.cmph_out                         1.42955
xxdut.xxcmpl.tail                      1.18627
xxdut.xxcmpl.dp                            3.6
xxdut.xxcmpl.dn                        1.73006
xxdut.cmpl_out                     4.44401e-09
clk                                   0.585038
xxdut.qbar                             1.36826
xxdut.mid1                             2.89696
xxdut.mid2                               3.357
vt7#branch                                   0
vt6#branch                                   0
vt5#branch                                   0
vt4#branch                                   0
vt3#branch                                   0
vt2#branch                                   0
vt1#branch                                   0
vt0#branch                                   0
vdd#branch                         -0.00060487

 Reference value :  0.00000e+00
 Reference value :  8.08957e-08
 Reference value :  1.68863e-07
 Reference value :  2.53230e-07
 Reference value :  3.43583e-07
 Reference value :  4.26077e-07
 Reference value :  5.13375e-07
 Reference value :  5.98389e-07
 Reference value :  6.87724e-07
 Reference value :  7.76017e-07
 Reference value :  8.60018e-07
 Reference value :  9.46260e-07
 Reference value :  1.03273e-06
 Reference value :  1.12446e-06
 Reference value :  1.20773e-06
 Reference value :  1.29285e-06
 Reference value :  1.38009e-06
 Reference value :  1.46704e-06
 Reference value :  1.55528e-06
 Reference value :  1.63754e-06
 Reference value :  1.72646e-06
 Reference value :  1.81112e-06
 Reference value :  1.90369e-06
 Reference value :  1.98902e-06
 Reference value :  2.07293e-06
 Reference value :  2.15670e-06
 Reference value :  2.24425e-06
 Reference value :  2.33174e-06
 Reference value :  2.41903e-06
 Reference value :  2.50688e-06
 Reference value :  2.59321e-06
 Reference value :  2.68151e-06
 Reference value :  2.76645e-06
 Reference value :  2.85109e-06
 Reference value :  2.94093e-06
 Reference value :  3.02677e-06
 Reference value :  3.11882e-06
 Reference value :  3.20463e-06
 Reference value :  3.29324e-06
 Reference value :  3.38285e-06
 Reference value :  3.47136e-06
 Reference value :  3.55915e-06
 Reference value :  3.64983e-06
 Reference value :  3.73183e-06
 Reference value :  3.81703e-06
 Reference value :  3.90110e-06
 Reference value :  3.99253e-06
No. of Data Rows : 20613
ta                  =  2.00400e-07
tb                  =  1.17319e-06
ta = 2.003997e-07
tb = 1.173190e-06
period = 4.863951e-08
fosc = 2.055942e+07
ngspice-46 done

Warning: m=xx on .subckt line will override multiplier m hierarchy!

Note: Starting dynamic gmin stepping
Note: Dynamic gmin stepping completed
