====================================================================
gf180-rcosc PVT corner run: fs_T-040C_V3p6_code0x7F
run id      : 20260905T211140Z
process     : fs (fets=fs res=res_typical mimcap=mimcap_typical)
temperature : -40 C
supply      : 3.6 V
trim code   : 0x7F (127)
transient   : tran 200p 4000n, f = 20 periods / (t[rise=25] - t[rise=5])
wall clock  : 75.7 s
exit status : 0
====================================================================

Note: Compatibility modes selected: hs a


Circuit: ** sch_path: /users/rwalters/github/gf180-rcosc/.loom/worktrees/issue-12/design/pvt_tb.sch

Doing analysis at TEMP = -40.000000 and TNOM = 27.000000

Using SPARSE 1.3 as Direct Linear Solver

Initial Transient Solution
--------------------------

Node                                   Voltage
----                                   -------
vdd                                        3.6
xxdut.xxbias.xrba.11                   3.59838
xxdut.xxbias.xrba.21                   2.40162
xxdut.vh                                   2.4
xxdut.xxbias.xrbb.11                   2.39838
xxdut.xxbias.xrbb.21                   1.20162
xxdut.vl                                   1.2
xxdut.xxbias.xrbc.11                   1.19838
xxdut.xxbias.xrbc.21                0.00161689
xxdut.xxbias.xrbias.11                 3.59826
xxdut.xxbias.xrbias.21                 1.01979
xxdut.ibias                            1.01805
xxdut.xxtrim.xrfix.11                  3.59949
xxdut.xxtrim.xrfix.21                  3.09238
xxdut.xxtrim.c1                        3.09187
xxdut.xxtrim.xr0.11                    3.09137
xxdut.xxtrim.xr0.21                    3.08872
xxdut.xxtrim.c2                        3.08821
t0                                         3.6
xxdut.xxtrim.xr1.11                     3.0877
xxdut.xxtrim.xr1.21                     3.0824
xxdut.xxtrim.c3                         3.0819
t1                                         3.6
xxdut.xxtrim.xr2.11                    3.08139
xxdut.xxtrim.xr2.21                    3.07079
xxdut.xxtrim.c4                        3.07029
t2                                         3.6
xxdut.xxtrim.xr3.11                    3.06978
xxdut.xxtrim.xr3.21                    3.04858
xxdut.xxtrim.c5                        3.04807
t3                                         3.6
xxdut.xxtrim.xr4.11                    3.04756
xxdut.xxtrim.xr4.21                    3.00516
xxdut.xxtrim.c6                        3.00465
t4                                         3.6
xxdut.xxtrim.xr5.11                    3.00414
xxdut.xxtrim.xr5.21                    2.91933
xxdut.xxtrim.c7                        2.91882
t5                                         3.6
xxdut.xxtrim.xr6.11                    2.91832
xxdut.xxtrim.xr6.21                    2.74869
xxdut.xxtrim.c8                        2.74818
t6                                         3.6
xxdut.xxtrim.xr7.11                    2.74767
xxdut.xxtrim.xr7.21                    2.40841
xxdut.vc                               2.40791
t7                                           0
xxdut.xxcmph.tail                      1.23234
xxdut.xxcmph.dp                        1.49271
xxdut.xxcmph.dn                        2.07326
xxdut.cmph_out                         1.43067
xxdut.xxcmpl.tail                      1.17183
xxdut.xxcmpl.dp                            3.6
xxdut.xxcmpl.dn                        1.80486
xxdut.cmpl_out                     3.57955e-09
clk                                   0.653191
xxdut.qbar                              1.3667
xxdut.mid1                             2.94686
xxdut.mid2                             3.37081
vt7#branch                                   0
vt6#branch                                   0
vt5#branch                                   0
vt4#branch                                   0
vt3#branch                                   0
vt2#branch                                   0
vt1#branch                                   0
vt0#branch                                   0
vdd#branch                        -0.000653923

 Reference value :  0.00000e+00
 Reference value :  8.23432e-08
 Reference value :  1.65457e-07
 Reference value :  2.55192e-07
 Reference value :  3.31864e-07
 Reference value :  4.17789e-07
 Reference value :  5.09675e-07
 Reference value :  5.96248e-07
 Reference value :  6.81943e-07
 Reference value :  7.68197e-07
 Reference value :  8.57462e-07
 Reference value :  9.40783e-07
 Reference value :  1.02800e-06
 Reference value :  1.12187e-06
 Reference value :  1.20605e-06
 Reference value :  1.29307e-06
 Reference value :  1.38225e-06
 Reference value :  1.47332e-06
 Reference value :  1.55871e-06
 Reference value :  1.64564e-06
 Reference value :  1.73467e-06
 Reference value :  1.81854e-06
 Reference value :  1.90636e-06
 Reference value :  1.99241e-06
 Reference value :  2.08369e-06
 Reference value :  2.16789e-06
 Reference value :  2.25205e-06
 Reference value :  2.34423e-06
 Reference value :  2.43071e-06
 Reference value :  2.51783e-06
 Reference value :  2.60440e-06
 Reference value :  2.69936e-06
 Reference value :  2.78151e-06
 Reference value :  2.86892e-06
 Reference value :  2.95678e-06
 Reference value :  3.04511e-06
 Reference value :  3.13122e-06
 Reference value :  3.21966e-06
 Reference value :  3.31283e-06
 Reference value :  3.40272e-06
 Reference value :  3.48705e-06
 Reference value :  3.57511e-06
 Reference value :  3.66719e-06
 Reference value :  3.74869e-06
 Reference value :  3.83662e-06
 Reference value :  3.92480e-06
No. of Data Rows : 20490
ta                  =  2.07347e-07
tb                  =  1.22566e-06
ta = 2.073469e-07
tb = 1.225664e-06
period = 5.091586e-08
fosc = 1.964025e+07
ngspice-46 done

Warning: m=xx on .subckt line will override multiplier m hierarchy!

Note: Starting dynamic gmin stepping
Warning: Dynamic gmin stepping failed
Note: Starting true gmin stepping
Note: True gmin stepping completed
