====================================================================
gf180-rcosc PVT corner run: fs_T+085C_V3p6_code0xFF
run id      : 20260905T211140Z
process     : fs (fets=fs res=res_typical mimcap=mimcap_typical)
temperature : 85 C
supply      : 3.6 V
trim code   : 0xFF (255)
transient   : tran 200p 4000n, f = 20 periods / (t[rise=25] - t[rise=5])
wall clock  : 83.2 s
exit status : 0
====================================================================

Note: Compatibility modes selected: hs a


Circuit: ** sch_path: /users/rwalters/github/gf180-rcosc/.loom/worktrees/issue-12/design/pvt_tb.sch

Doing analysis at TEMP = 85.000000 and TNOM = 27.000000

Using SPARSE 1.3 as Direct Linear Solver

Initial Transient Solution
--------------------------

Node                                   Voltage
----                                   -------
vdd                                        3.6
xxdut.xxbias.xrba.11                   3.59927
xxdut.xxbias.xrba.21                   2.40073
xxdut.vh                                   2.4
xxdut.xxbias.xrbb.11                   2.39927
xxdut.xxbias.xrbb.21                   1.20073
xxdut.vl                                   1.2
xxdut.xxbias.xrbc.11                   1.19927
xxdut.xxbias.xrbc.21                0.00072864
xxdut.xxbias.xrbias.11                 3.59922
xxdut.xxbias.xrbias.21                 1.03554
xxdut.ibias                            1.03476
xxdut.xxtrim.xrfix.11                  3.59973
xxdut.xxtrim.xrfix.21                   3.0005
xxdut.xxtrim.c1                        3.00023
xxdut.xxtrim.xr0.11                    2.99996
xxdut.xxtrim.xr0.21                    2.99683
xxdut.xxtrim.c2                        2.99656
t0                                         3.6
xxdut.xxtrim.xr1.11                    2.99629
xxdut.xxtrim.xr1.21                    2.99003
xxdut.xxtrim.c3                        2.98976
t1                                         3.6
xxdut.xxtrim.xr2.11                    2.98949
xxdut.xxtrim.xr2.21                    2.97697
xxdut.xxtrim.c4                         2.9767
t2                                         3.6
xxdut.xxtrim.xr3.11                    2.97643
xxdut.xxtrim.xr3.21                    2.95137
xxdut.xxtrim.c5                         2.9511
t3                                         3.6
xxdut.xxtrim.xr4.11                    2.95083
xxdut.xxtrim.xr4.21                    2.90072
xxdut.xxtrim.c6                        2.90046
t4                                         3.6
xxdut.xxtrim.xr5.11                    2.90019
xxdut.xxtrim.xr5.21                    2.79997
xxdut.xxtrim.c7                         2.7997
t5                                         3.6
xxdut.xxtrim.xr6.11                    2.79943
xxdut.xxtrim.xr6.21                     2.6013
xxdut.xxtrim.c8                        2.60104
t6                                         3.6
xxdut.xxtrim.xr7.11                    2.60092
xxdut.xxtrim.xr7.21                     2.4237
xxdut.vc                               2.42359
t7                                         3.6
xxdut.xxcmph.tail                      1.28136
xxdut.xxcmph.dp                        1.49756
xxdut.xxcmph.dn                        2.02495
xxdut.cmph_out                         1.43014
xxdut.xxcmpl.tail                      1.20325
xxdut.xxcmpl.dp                            3.6
xxdut.xxcmpl.dn                        1.67466
xxdut.cmpl_out                     5.24229e-09
clk                                   0.537264
xxdut.qbar                             1.38481
xxdut.mid1                             2.85965
xxdut.mid2                             3.34927
vt7#branch                                   0
vt6#branch                                   0
vt5#branch                                   0
vt4#branch                                   0
vt3#branch                                   0
vt2#branch                                   0
vt1#branch                                   0
vt0#branch                                   0
vdd#branch                        -0.000576639

 Reference value :  0.00000e+00
 Reference value :  8.56751e-08
 Reference value :  1.74508e-07
 Reference value :  2.59233e-07
 Reference value :  3.46357e-07
 Reference value :  4.31849e-07
 Reference value :  5.13879e-07
 Reference value :  6.00504e-07
 Reference value :  6.87535e-07
 Reference value :  7.75071e-07
 Reference value :  8.62979e-07
 Reference value :  9.51309e-07
 Reference value :  1.04350e-06
 Reference value :  1.13639e-06
 Reference value :  1.22206e-06
 Reference value :  1.30875e-06
 Reference value :  1.39509e-06
 Reference value :  1.47958e-06
 Reference value :  1.56670e-06
 Reference value :  1.65478e-06
 Reference value :  1.74469e-06
 Reference value :  1.83206e-06
 Reference value :  1.92279e-06
 Reference value :  2.01320e-06
 Reference value :  2.10496e-06
 Reference value :  2.19275e-06
 Reference value :  2.28035e-06
 Reference value :  2.36554e-06
 Reference value :  2.45390e-06
 Reference value :  2.54010e-06
 Reference value :  2.62829e-06
 Reference value :  2.71150e-06
 Reference value :  2.80002e-06
 Reference value :  2.88459e-06
 Reference value :  2.97221e-06
 Reference value :  3.06020e-06
 Reference value :  3.15246e-06
 Reference value :  3.24034e-06
 Reference value :  3.32665e-06
 Reference value :  3.41554e-06
 Reference value :  3.50175e-06
 Reference value :  3.59080e-06
 Reference value :  3.67614e-06
 Reference value :  3.76537e-06
 Reference value :  3.85312e-06
 Reference value :  3.94277e-06
No. of Data Rows : 20459
ta                  =  1.74342e-07
tb                  =  1.01598e-06
ta = 1.743416e-07
tb = 1.015977e-06
period = 4.208177e-08
fosc = 2.376326e+07
ngspice-46 done

Warning: m=xx on .subckt line will override multiplier m hierarchy!

Note: Starting dynamic gmin stepping
Note: Dynamic gmin stepping completed
