====================================================================
gf180-rcosc PVT corner run: rc_f_T+027C_V3p0_code0x80
run id      : 20260905T211140Z
process     : rc_f (fets=typical res=res_ff mimcap=mimcap_ff)
temperature : 27 C
supply      : 3 V
trim code   : 0x80 (128)
transient   : tran 200p 4000n, f = 20 periods / (t[rise=25] - t[rise=5])
wall clock  : 92.4 s
exit status : 0
====================================================================

Note: Compatibility modes selected: hs a


Circuit: ** sch_path: /users/rwalters/github/gf180-rcosc/.loom/worktrees/issue-12/design/pvt_tb.sch

Doing analysis at TEMP = 27.000000 and TNOM = 27.000000

Using SPARSE 1.3 as Direct Linear Solver

Initial Transient Solution
--------------------------

Node                                   Voltage
----                                   -------
vdd                                          3
xxdut.xxbias.xrba.11                   2.99895
xxdut.xxbias.xrba.21                   2.00105
xxdut.vh                                     2
xxdut.xxbias.xrbb.11                   1.99895
xxdut.xxbias.xrbb.21                   1.00105
xxdut.vl                                     1
xxdut.xxbias.xrbc.11                  0.998949
xxdut.xxbias.xrbc.21                0.00105114
xxdut.xxbias.xrbias.11                   2.999
xxdut.xxbias.xrbias.21                 1.09976
xxdut.ibias                            1.09875
xxdut.xxtrim.xrfix.11                  2.99967
xxdut.xxtrim.xrfix.21                  2.57454
xxdut.xxtrim.c1                        2.57421
xxdut.xxtrim.xr0.11                    2.57388
xxdut.xxtrim.xr0.21                    2.57166
xxdut.xxtrim.c2                        2.57133
t0                                           0
xxdut.xxtrim.xr1.11                      2.571
xxdut.xxtrim.xr1.21                    2.56655
xxdut.xxtrim.c3                        2.56622
t1                                           0
xxdut.xxtrim.xr2.11                    2.56589
xxdut.xxtrim.xr2.21                      2.557
xxdut.xxtrim.c4                        2.55667
t2                                           0
xxdut.xxtrim.xr3.11                    2.55634
xxdut.xxtrim.xr3.21                    2.53857
xxdut.xxtrim.c5                        2.53824
t3                                           0
xxdut.xxtrim.xr4.11                    2.53791
xxdut.xxtrim.xr4.21                    2.50235
xxdut.xxtrim.c6                        2.50202
t4                                           0
xxdut.xxtrim.xr5.11                    2.50169
xxdut.xxtrim.xr5.21                    2.43059
xxdut.xxtrim.c7                        2.43026
t5                                           0
xxdut.xxtrim.xr6.11                    2.42993
xxdut.xxtrim.xr6.21                    2.28772
xxdut.xxtrim.c8                        2.28739
t6                                           0
xxdut.xxtrim.xr7.11                    2.28706
xxdut.xxtrim.xr7.21                    2.00335
xxdut.vc                               2.00302
t7                                           3
xxdut.xxcmph.tail                     0.864412
xxdut.xxcmph.dp                         1.3439
xxdut.xxcmph.dn                        1.58263
xxdut.cmph_out                         1.29915
xxdut.xxcmpl.tail                     0.787012
xxdut.xxcmpl.dp                              3
xxdut.xxcmpl.dn                        1.29341
xxdut.cmpl_out                     3.84915e-09
clk                                   0.671025
xxdut.qbar                             1.25509
xxdut.mid1                             2.48455
xxdut.mid2                             2.84337
vt7#branch                                   0
vt6#branch                                   0
vt5#branch                                   0
vt4#branch                                   0
vt3#branch                                   0
vt2#branch                                   0
vt1#branch                                   0
vt0#branch                                   0
vdd#branch                        -0.000413518

 Reference value :  0.00000e+00
 Reference value :  8.44101e-08
 Reference value :  1.64725e-07
 Reference value :  2.44385e-07
 Reference value :  3.26180e-07
 Reference value :  4.07490e-07
 Reference value :  4.91377e-07
 Reference value :  5.78486e-07
 Reference value :  6.61477e-07
 Reference value :  7.44429e-07
 Reference value :  8.30159e-07
 Reference value :  9.13606e-07
 Reference value :  9.95941e-07
 Reference value :  1.07946e-06
 Reference value :  1.16498e-06
 Reference value :  1.25184e-06
 Reference value :  1.34276e-06
 Reference value :  1.42818e-06
 Reference value :  1.51090e-06
 Reference value :  1.59704e-06
 Reference value :  1.68524e-06
 Reference value :  1.77243e-06
 Reference value :  1.86135e-06
 Reference value :  1.94826e-06
 Reference value :  2.03186e-06
 Reference value :  2.11716e-06
 Reference value :  2.20267e-06
 Reference value :  2.28999e-06
 Reference value :  2.37879e-06
 Reference value :  2.46456e-06
 Reference value :  2.55358e-06
 Reference value :  2.64572e-06
 Reference value :  2.73711e-06
 Reference value :  2.82582e-06
 Reference value :  2.91662e-06
 Reference value :  3.00942e-06
 Reference value :  3.09921e-06
 Reference value :  3.19110e-06
 Reference value :  3.27983e-06
 Reference value :  3.36833e-06
 Reference value :  3.45432e-06
 Reference value :  3.54295e-06
 Reference value :  3.62780e-06
 Reference value :  3.71775e-06
 Reference value :  3.80654e-06
 Reference value :  3.89591e-06
 Reference value :  3.98416e-06
No. of Data Rows : 20321
ta                  =  1.64355e-07
tb                  =  9.55875e-07
ta = 1.643547e-07
tb = 9.558751e-07
period = 3.957602e-08
fosc = 2.526783e+07
ngspice-46 done

Warning: m=xx on .subckt line will override multiplier m hierarchy!

Note: Starting dynamic gmin stepping
Warning: Dynamic gmin stepping failed
Note: Starting true gmin stepping
Note: True gmin stepping completed
