====================================================================
gf180-rcosc PVT corner run: rc_f_T-040C_V3p0_code0x80
run id      : 20260905T211140Z
process     : rc_f (fets=typical res=res_ff mimcap=mimcap_ff)
temperature : -40 C
supply      : 3 V
trim code   : 0x80 (128)
transient   : tran 200p 4000n, f = 20 periods / (t[rise=25] - t[rise=5])
wall clock  : 194.3 s
exit status : 0
====================================================================

Note: Compatibility modes selected: hs a


Circuit: ** sch_path: /users/rwalters/github/gf180-rcosc/.loom/worktrees/issue-12/design/pvt_tb.sch

Doing analysis at TEMP = -40.000000 and TNOM = 27.000000

Using SPARSE 1.3 as Direct Linear Solver

Initial Transient Solution
--------------------------

Node                                   Voltage
----                                   -------
vdd                                          3
xxdut.xxbias.xrba.11                   2.99833
xxdut.xxbias.xrba.21                     2.011
xxdut.vh                               2.00933
xxdut.xxbias.xrbb.11                   2.00767
xxdut.xxbias.xrbb.21                   1.02093
xxdut.vl                               1.01926
xxdut.xxbias.xrbc.11                   1.01755
xxdut.xxbias.xrbc.21                0.00171555
xxdut.xxbias.xrbias.11                 2.99839
xxdut.xxbias.xrbias.21                 1.09271
xxdut.ibias                             1.0911
xxdut.xxtrim.xrfix.11                  2.99862
xxdut.xxtrim.xrfix.21                  1.89476
xxdut.xxtrim.c1                        1.89338
xxdut.xxtrim.xr0.11                    1.89205
xxdut.xxtrim.xr0.21                    1.88646
xxdut.xxtrim.c2                        1.88513
t0                                           0
xxdut.xxtrim.xr1.11                    1.88381
xxdut.xxtrim.xr1.21                    1.87279
xxdut.xxtrim.c3                        1.87148
t1                                           0
xxdut.xxtrim.xr2.11                    1.87018
xxdut.xxtrim.xr2.21                    1.84847
xxdut.xxtrim.c4                        1.84717
t2                                           0
xxdut.xxtrim.xr3.11                     1.8459
xxdut.xxtrim.xr3.21                    1.80316
xxdut.xxtrim.c5                        1.80188
t3                                           0
xxdut.xxtrim.xr4.11                    1.80063
xxdut.xxtrim.xr4.21                    1.71675
xxdut.xxtrim.c6                         1.7155
t4                                           0
xxdut.xxtrim.xr5.11                    1.71428
xxdut.xxtrim.xr5.21                    1.55065
xxdut.xxtrim.c7                        1.54943
t5                                           0
xxdut.xxtrim.xr6.11                    1.54827
xxdut.xxtrim.xr6.21                    1.23534
xxdut.xxtrim.c8                        1.23418
t6                                           0
xxdut.xxtrim.xr7.11                    1.23414
xxdut.xxtrim.xr7.21                    1.21605
xxdut.vc                               1.21602
t7                                           3
xxdut.xxcmph.tail                     0.779657
xxdut.xxcmph.dp                        3.00033
xxdut.xxcmph.dn                        1.35581
xxdut.cmph_out                    -0.000320298
xxdut.xxcmpl.tail                     0.189549
xxdut.xxcmpl.dp                        2.38854
xxdut.xxcmpl.dn                        1.48893
xxdut.cmpl_out                       0.0576788
clk                                 0.00119978
xxdut.qbar                             3.00334
xxdut.mid1                             2.99823
xxdut.mid2                              2.9816
vt7#branch                        -4.71102e-06
vt6#branch                        -3.92215e-07
vt5#branch                         4.74543e-08
vt4#branch                         4.85786e-08
vt3#branch                         4.46133e-08
vt2#branch                         4.23644e-08
vt1#branch                         4.13726e-08
vt0#branch                         4.10846e-08
vdd#branch                         -0.00017291

 Reference value :  0.00000e+00
 Reference value :  8.11071e-08
 Reference value :  1.60903e-07
 Reference value :  2.41533e-07
 Reference value :  3.26510e-07
 Reference value :  4.10521e-07
 Reference value :  4.92288e-07
 Reference value :  5.77345e-07
 Reference value :  6.61296e-07
 Reference value :  7.42884e-07
 Reference value :  8.26691e-07
 Reference value :  9.08344e-07
 Reference value :  9.93131e-07
 Reference value :  1.07997e-06
 Reference value :  1.16526e-06
 Reference value :  1.25248e-06
 Reference value :  1.33933e-06
 Reference value :  1.42278e-06
 Reference value :  1.51717e-06
 Reference value :  1.60145e-06
 Reference value :  1.69468e-06
 Reference value :  1.78180e-06
 Reference value :  1.86579e-06
 Reference value :  1.95164e-06
 Reference value :  2.03611e-06
 Reference value :  2.12428e-06
 Reference value :  2.21535e-06
 Reference value :  2.30142e-06
 Reference value :  2.38661e-06
 Reference value :  2.47928e-06
 Reference value :  2.56760e-06
 Reference value :  2.65503e-06
 Reference value :  2.74100e-06
 Reference value :  2.82793e-06
 Reference value :  2.91279e-06
 Reference value :  2.99846e-06
 Reference value :  3.08709e-06
 Reference value :  3.17573e-06
 Reference value :  3.26488e-06
 Reference value :  3.35114e-06
 Reference value :  3.43858e-06
 Reference value :  3.52438e-06
 Reference value :  3.61160e-06
 Reference value :  3.69645e-06
 Reference value :  3.78712e-06
 Reference value :  3.87619e-06
 Reference value :  3.96372e-06
No. of Data Rows : 20454
ta                  =  1.90681e-07
tb                  =  1.02826e-06
ta = 1.906810e-07
tb = 1.028265e-06
period = 4.187920e-08
fosc = 2.387820e+07
ngspice-46 done

Warning: m=xx on .subckt line will override multiplier m hierarchy!

Note: Starting dynamic gmin stepping
Warning: Dynamic gmin stepping failed
Note: Starting true gmin stepping
Warning: True gmin stepping failed
Note: Starting source stepping
Warning: singular matrix:  check node xxdut.vl

Warning: source stepping failed
Note: Transient op started
Note: Transient op finished successfully
