====================================================================
gf180-rcosc PVT corner run: rc_f_T-040C_V3p3_code0x00
run id      : 20260905T211140Z
process     : rc_f (fets=typical res=res_ff mimcap=mimcap_ff)
temperature : -40 C
supply      : 3.3 V
trim code   : 0x00 (0)
transient   : tran 200p 4000n, f = 20 periods / (t[rise=25] - t[rise=5])
wall clock  : 148.8 s
exit status : 0
====================================================================

Note: Compatibility modes selected: hs a


Circuit: ** sch_path: /users/rwalters/github/gf180-rcosc/.loom/worktrees/issue-12/design/pvt_tb.sch

Doing analysis at TEMP = -40.000000 and TNOM = 27.000000

Using SPARSE 1.3 as Direct Linear Solver

Initial Transient Solution
--------------------------

Node                                   Voltage
----                                   -------
vdd                                        3.3
xxdut.xxbias.xrba.11                   3.29815
xxdut.xxbias.xrba.21                   2.20372
xxdut.vh                               2.20187
xxdut.xxbias.xrbb.11                   2.20002
xxdut.xxbias.xrbb.21                   1.10672
xxdut.vl                               1.10488
xxdut.xxbias.xrbc.11                   1.10302
xxdut.xxbias.xrbc.21                0.00185964
xxdut.xxbias.xrbias.11                 3.29816
xxdut.xxbias.xrbias.21                 1.11988
xxdut.ibias                            1.11805
xxdut.xxtrim.xrfix.11                  3.29863
xxdut.xxtrim.xrfix.21                   2.2027
xxdut.xxtrim.c1                        2.20134
xxdut.xxtrim.xr0.11                        2.2
xxdut.xxtrim.xr0.21                    2.19442
xxdut.xxtrim.c2                        2.19308
t0                                           0
xxdut.xxtrim.xr1.11                    2.19176
xxdut.xxtrim.xr1.21                    2.18071
xxdut.xxtrim.c3                        2.17939
t1                                           0
xxdut.xxtrim.xr2.11                    2.17808
xxdut.xxtrim.xr2.21                    2.15621
xxdut.xxtrim.c4                        2.15491
t2                                           0
xxdut.xxtrim.xr3.11                    2.15362
xxdut.xxtrim.xr3.21                    2.11041
xxdut.xxtrim.c5                        2.10912
t3                                           0
xxdut.xxtrim.xr4.11                    2.10785
xxdut.xxtrim.xr4.21                    2.02267
xxdut.xxtrim.c6                         2.0214
t4                                           0
xxdut.xxtrim.xr5.11                    2.02015
xxdut.xxtrim.xr5.21                    1.85296
xxdut.xxtrim.c7                        1.85171
t5                                           0
xxdut.xxtrim.xr6.11                     1.8505
xxdut.xxtrim.xr6.21                    1.52576
xxdut.xxtrim.c8                        1.52455
t6                                           0
xxdut.xxtrim.xr7.11                     1.5234
xxdut.xxtrim.xr7.21                   0.909595
xxdut.vc                              0.908451
t7                                           0
xxdut.xxcmph.tail                     0.919905
xxdut.xxcmph.dp                        3.30003
xxdut.xxcmph.dn                        1.59507
xxdut.cmph_out                     -0.00105743
xxdut.xxcmpl.tail                     0.047917
xxdut.xxcmpl.dp                      0.0587086
xxdut.xxcmpl.dn                        2.19082
xxdut.cmpl_out                          3.3009
clk                                  0.0026576
xxdut.qbar                             3.30374
xxdut.mid1                             3.29587
xxdut.mid2                             1.07838
vt7#branch                        -7.66356e-07
vt6#branch                         3.93721e-08
vt5#branch                         3.88378e-08
vt4#branch                         3.47803e-08
vt3#branch                          3.2595e-08
vt2#branch                          3.1506e-08
vt1#branch                         3.10336e-08
vt0#branch                         3.09172e-08
vdd#branch                        -9.64697e-05

 Reference value :  0.00000e+00
 Reference value :  8.10741e-08
 Reference value :  1.66036e-07
 Reference value :  2.53825e-07
 Reference value :  3.32817e-07
 Reference value :  4.15323e-07
 Reference value :  4.99298e-07
 Reference value :  5.87789e-07
 Reference value :  6.64829e-07
 Reference value :  7.50665e-07
 Reference value :  8.36150e-07
 Reference value :  9.17005e-07
 Reference value :  1.00231e-06
 Reference value :  1.08495e-06
 Reference value :  1.17329e-06
 Reference value :  1.25820e-06
 Reference value :  1.34050e-06
 Reference value :  1.42724e-06
 Reference value :  1.51706e-06
 Reference value :  1.62296e-06
 Reference value :  1.71795e-06
 Reference value :  1.80547e-06
 Reference value :  1.90060e-06
 Reference value :  1.99440e-06
 Reference value :  2.09351e-06
 Reference value :  2.18657e-06
 Reference value :  2.28633e-06
 Reference value :  2.37519e-06
 Reference value :  2.47176e-06
 Reference value :  2.56605e-06
 Reference value :  2.65869e-06
 Reference value :  2.75705e-06
 Reference value :  2.84733e-06
 Reference value :  2.94420e-06
 Reference value :  3.04021e-06
 Reference value :  3.13638e-06
 Reference value :  3.22387e-06
 Reference value :  3.31119e-06
 Reference value :  3.39911e-06
 Reference value :  3.48814e-06
 Reference value :  3.57632e-06
 Reference value :  3.66487e-06
 Reference value :  3.75396e-06
 Reference value :  3.84188e-06
 Reference value :  3.92764e-06
No. of Data Rows : 20412
ta                  =  2.10728e-07
tb                  =  1.10928e-06
ta = 2.107279e-07
tb = 1.109278e-06
period = 4.492750e-08
fosc = 2.225808e+07
ngspice-46 done

Warning: m=xx on .subckt line will override multiplier m hierarchy!

Note: Starting dynamic gmin stepping
Warning: Dynamic gmin stepping failed
Note: Starting true gmin stepping
Warning: True gmin stepping failed
Note: Starting source stepping
Warning: singular matrix:  check node xxdut.vl

Warning: source stepping failed
Note: Transient op started
Note: Transient op finished successfully
