====================================================================
gf180-rcosc PVT corner run: rc_f_T+085C_V3p3_code0x00
run id      : 20260905T211140Z
process     : rc_f (fets=typical res=res_ff mimcap=mimcap_ff)
temperature : 85 C
supply      : 3.3 V
trim code   : 0x00 (0)
transient   : tran 200p 4000n, f = 20 periods / (t[rise=25] - t[rise=5])
wall clock  : 76.6 s
exit status : 0
====================================================================

Note: Compatibility modes selected: hs a


Circuit: ** sch_path: /users/rwalters/github/gf180-rcosc/.loom/worktrees/issue-12/design/pvt_tb.sch

Doing analysis at TEMP = 85.000000 and TNOM = 27.000000

Using SPARSE 1.3 as Direct Linear Solver

Initial Transient Solution
--------------------------

Node                                   Voltage
----                                   -------
vdd                                        3.3
xxdut.xxbias.xrba.11                   3.29917
xxdut.xxbias.xrba.21                   2.20083
xxdut.vh                                   2.2
xxdut.xxbias.xrbb.11                   2.19917
xxdut.xxbias.xrbb.21                   1.10083
xxdut.vl                                   1.1
xxdut.xxbias.xrbc.11                   1.09917
xxdut.xxbias.xrbc.21               0.000834647
xxdut.xxbias.xrbias.11                 3.29918
xxdut.xxbias.xrbias.21                 1.14258
xxdut.ibias                            1.14176
xxdut.xxtrim.xrfix.11                  3.29974
xxdut.xxtrim.xrfix.21                  2.83245
xxdut.xxtrim.c1                        2.83219
xxdut.xxtrim.xr0.11                    2.83192
xxdut.xxtrim.xr0.21                    2.82948
xxdut.xxtrim.c2                        2.82922
t0                                           0
xxdut.xxtrim.xr1.11                    2.82896
xxdut.xxtrim.xr1.21                    2.82407
xxdut.xxtrim.c3                        2.82381
t1                                           0
xxdut.xxtrim.xr2.11                    2.82355
xxdut.xxtrim.xr2.21                    2.81378
xxdut.xxtrim.c4                        2.81352
t2                                           0
xxdut.xxtrim.xr3.11                    2.81326
xxdut.xxtrim.xr3.21                    2.79372
xxdut.xxtrim.c5                        2.79345
t3                                           0
xxdut.xxtrim.xr4.11                    2.79319
xxdut.xxtrim.xr4.21                    2.75412
xxdut.xxtrim.c6                        2.75385
t4                                           0
xxdut.xxtrim.xr5.11                    2.75359
xxdut.xxtrim.xr5.21                    2.67544
xxdut.xxtrim.c7                        2.67517
t5                                           0
xxdut.xxtrim.xr6.11                    2.67491
xxdut.xxtrim.xr6.21                     2.5186
xxdut.xxtrim.c8                        2.51834
t6                                           0
xxdut.xxtrim.xr7.11                    2.51808
xxdut.xxtrim.xr7.21                    2.20546
xxdut.vc                                2.2052
t7                                           0
xxdut.xxcmph.tail                      1.03524
xxdut.xxcmph.dp                         1.4827
xxdut.xxcmph.dn                        1.81659
xxdut.cmph_out                         1.42958
xxdut.xxcmpl.tail                     0.939194
xxdut.xxcmpl.dp                            3.3
xxdut.xxcmpl.dn                         1.4683
xxdut.cmpl_out                     5.19822e-09
clk                                   0.618604
xxdut.qbar                             1.37063
xxdut.mid1                             2.64182
xxdut.mid2                             3.09251
vt7#branch                                   0
vt6#branch                                   0
vt5#branch                                   0
vt4#branch                                   0
vt3#branch                                   0
vt2#branch                                   0
vt1#branch                                   0
vt0#branch                                   0
vdd#branch                        -0.000509222

 Reference value :  0.00000e+00
 Reference value :  8.44669e-08
 Reference value :  1.67252e-07
 Reference value :  2.50519e-07
 Reference value :  3.37279e-07
 Reference value :  4.18427e-07
 Reference value :  5.02768e-07
 Reference value :  5.87053e-07
 Reference value :  6.68756e-07
 Reference value :  7.53866e-07
 Reference value :  8.36964e-07
 Reference value :  9.20618e-07
 Reference value :  1.00521e-06
 Reference value :  1.09438e-06
 Reference value :  1.17993e-06
 Reference value :  1.26590e-06
 Reference value :  1.35309e-06
 Reference value :  1.43586e-06
 Reference value :  1.52137e-06
 Reference value :  1.60882e-06
 Reference value :  1.69488e-06
 Reference value :  1.77896e-06
 Reference value :  1.86263e-06
 Reference value :  1.95178e-06
 Reference value :  2.03502e-06
 Reference value :  2.11889e-06
 Reference value :  2.20508e-06
 Reference value :  2.29045e-06
 Reference value :  2.37509e-06
 Reference value :  2.46008e-06
 Reference value :  2.54506e-06
 Reference value :  2.63144e-06
 Reference value :  2.71754e-06
 Reference value :  2.80245e-06
 Reference value :  2.88561e-06
 Reference value :  2.97327e-06
 Reference value :  3.06040e-06
 Reference value :  3.15077e-06
 Reference value :  3.23852e-06
 Reference value :  3.32652e-06
 Reference value :  3.41160e-06
 Reference value :  3.49652e-06
 Reference value :  3.58009e-06
 Reference value :  3.66336e-06
 Reference value :  3.74733e-06
 Reference value :  3.83148e-06
 Reference value :  3.91485e-06
No. of Data Rows : 20633
ta                  =  1.71708e-07
tb                  =  1.00295e-06
ta = 1.717083e-07
tb = 1.002946e-06
period = 4.156188e-08
fosc = 2.406051e+07
ngspice-46 done

Warning: m=xx on .subckt line will override multiplier m hierarchy!

Note: Starting dynamic gmin stepping
Note: Dynamic gmin stepping completed
