====================================================================
gf180-rcosc PVT corner run: rc_s_T+085C_V3p0_code0xFF
run id      : 20260905T211140Z
process     : rc_s (fets=typical res=res_ss mimcap=mimcap_ss)
temperature : 85 C
supply      : 3 V
trim code   : 0xFF (255)
transient   : tran 200p 4000n, f = 20 periods / (t[rise=25] - t[rise=5])
wall clock  : 67.2 s
exit status : 0
====================================================================

Note: Compatibility modes selected: hs a


Circuit: ** sch_path: /users/rwalters/github/gf180-rcosc/.loom/worktrees/issue-12/design/pvt_tb.sch

Doing analysis at TEMP = 85.000000 and TNOM = 27.000000

Using SPARSE 1.3 as Direct Linear Solver

Initial Transient Solution
--------------------------

Node                                   Voltage
----                                   -------
vdd                                          3
xxdut.xxbias.xrba.11                   2.99949
xxdut.xxbias.xrba.21                   2.00051
xxdut.vh                                     2
xxdut.xxbias.xrbb.11                   1.99949
xxdut.xxbias.xrbb.21                   1.00051
xxdut.vl                                     1
xxdut.xxbias.xrbc.11                  0.999494
xxdut.xxbias.xrbc.21               0.000506103
xxdut.xxbias.xrbias.11                  2.9995
xxdut.xxbias.xrbias.21                 1.01644
xxdut.ibias                            1.01594
xxdut.xxtrim.xrfix.11                  2.99984
xxdut.xxtrim.xrfix.21                  2.57147
xxdut.xxtrim.c1                        2.57131
xxdut.xxtrim.xr0.11                    2.57115
xxdut.xxtrim.xr0.21                    2.56892
xxdut.xxtrim.c2                        2.56876
t0                                           3
xxdut.xxtrim.xr1.11                     2.5686
xxdut.xxtrim.xr1.21                    2.56412
xxdut.xxtrim.c3                        2.56396
t1                                           3
xxdut.xxtrim.xr2.11                     2.5638
xxdut.xxtrim.xr2.21                    2.55484
xxdut.xxtrim.c4                        2.55468
t2                                           3
xxdut.xxtrim.xr3.11                    2.55452
xxdut.xxtrim.xr3.21                    2.53661
xxdut.xxtrim.c5                        2.53645
t3                                           3
xxdut.xxtrim.xr4.11                    2.53629
xxdut.xxtrim.xr4.21                    2.50047
xxdut.xxtrim.c6                        2.50031
t4                                           3
xxdut.xxtrim.xr5.11                    2.50015
xxdut.xxtrim.xr5.21                     2.4285
xxdut.xxtrim.c7                        2.42834
t5                                           3
xxdut.xxtrim.xr6.11                    2.42818
xxdut.xxtrim.xr6.21                    2.28489
xxdut.xxtrim.c8                        2.28473
t6                                           3
xxdut.xxtrim.xr7.11                    2.28458
xxdut.xxtrim.xr7.21                    2.00459
xxdut.vc                               2.00443
t7                                           3
xxdut.xxcmph.tail                     0.924326
xxdut.xxcmph.dp                        1.34677
xxdut.xxcmph.dn                        1.69499
xxdut.cmph_out                         1.30415
xxdut.xxcmpl.tail                       0.8513
xxdut.xxcmpl.dp                              3
xxdut.xxcmpl.dn                        1.42905
xxdut.cmpl_out                     4.81375e-09
clk                                   0.591197
xxdut.qbar                             1.25337
xxdut.mid1                             2.42802
xxdut.mid2                             2.82997
vt7#branch                                   0
vt6#branch                                   0
vt5#branch                                   0
vt4#branch                                   0
vt3#branch                                   0
vt2#branch                                   0
vt1#branch                                   0
vt0#branch                                   0
vdd#branch                        -0.000358714

 Reference value :  0.00000e+00
 Reference value :  8.73077e-08
 Reference value :  1.77937e-07
 Reference value :  2.65973e-07
 Reference value :  3.59025e-07
 Reference value :  4.46198e-07
 Reference value :  5.41108e-07
 Reference value :  6.29546e-07
 Reference value :  7.23424e-07
 Reference value :  8.11014e-07
 Reference value :  9.02606e-07
 Reference value :  9.96434e-07
 Reference value :  1.08673e-06
 Reference value :  1.18325e-06
 Reference value :  1.27038e-06
 Reference value :  1.36369e-06
 Reference value :  1.45863e-06
 Reference value :  1.54706e-06
 Reference value :  1.64320e-06
 Reference value :  1.73109e-06
 Reference value :  1.82487e-06
 Reference value :  1.91837e-06
 Reference value :  2.01196e-06
 Reference value :  2.11011e-06
 Reference value :  2.19746e-06
 Reference value :  2.28804e-06
 Reference value :  2.38007e-06
 Reference value :  2.47245e-06
 Reference value :  2.56787e-06
 Reference value :  2.65719e-06
 Reference value :  2.75704e-06
 Reference value :  2.85198e-06
 Reference value :  2.94251e-06
 Reference value :  3.03624e-06
 Reference value :  3.12493e-06
 Reference value :  3.21626e-06
 Reference value :  3.31140e-06
 Reference value :  3.40457e-06
 Reference value :  3.49927e-06
 Reference value :  3.58502e-06
 Reference value :  3.67652e-06
 Reference value :  3.76917e-06
 Reference value :  3.85940e-06
 Reference value :  3.95719e-06
No. of Data Rows : 20296
ta                  =  2.60031e-07
tb                  =  1.41699e-06
ta = 2.600314e-07
tb = 1.416990e-06
period = 5.784793e-08
fosc = 1.728670e+07
ngspice-46 done

Warning: m=xx on .subckt line will override multiplier m hierarchy!

Note: Starting dynamic gmin stepping
Note: Dynamic gmin stepping completed
