====================================================================
gf180-rcosc PVT corner run: rc_s_T+027C_V3p0_code0xFF
run id      : 20260905T211140Z
process     : rc_s (fets=typical res=res_ss mimcap=mimcap_ss)
temperature : 27 C
supply      : 3 V
trim code   : 0xFF (255)
transient   : tran 200p 4000n, f = 20 periods / (t[rise=25] - t[rise=5])
wall clock  : 72.4 s
exit status : 0
====================================================================

Note: Compatibility modes selected: hs a


Circuit: ** sch_path: /users/rwalters/github/gf180-rcosc/.loom/worktrees/issue-12/design/pvt_tb.sch

Doing analysis at TEMP = 27.000000 and TNOM = 27.000000

Using SPARSE 1.3 as Direct Linear Solver

Initial Transient Solution
--------------------------

Node                                   Voltage
----                                   -------
vdd                                          3
xxdut.xxbias.xrba.11                    2.9993
xxdut.xxbias.xrba.21                    2.0007
xxdut.vh                                     2
xxdut.xxbias.xrbb.11                    1.9993
xxdut.xxbias.xrbb.21                    1.0007
xxdut.vl                                     1
xxdut.xxbias.xrbc.11                  0.999299
xxdut.xxbias.xrbc.21               0.000701252
xxdut.xxbias.xrbias.11                 2.99931
xxdut.xxbias.xrbias.21                 1.02242
xxdut.ibias                            1.02173
xxdut.xxtrim.xrfix.11                  2.99978
xxdut.xxtrim.xrfix.21                  2.57402
xxdut.xxtrim.c1                         2.5738
xxdut.xxtrim.xr0.11                    2.57358
xxdut.xxtrim.xr0.21                    2.57135
xxdut.xxtrim.c2                        2.57113
t0                                           3
xxdut.xxtrim.xr1.11                    2.57091
xxdut.xxtrim.xr1.21                    2.56646
xxdut.xxtrim.c3                        2.56624
t1                                           3
xxdut.xxtrim.xr2.11                    2.56602
xxdut.xxtrim.xr2.21                    2.55712
xxdut.xxtrim.c4                         2.5569
t2                                           3
xxdut.xxtrim.xr3.11                    2.55667
xxdut.xxtrim.xr3.21                    2.53887
xxdut.xxtrim.c5                        2.53865
t3                                           3
xxdut.xxtrim.xr4.11                    2.53843
xxdut.xxtrim.xr4.21                    2.50283
xxdut.xxtrim.c6                        2.50261
t4                                           3
xxdut.xxtrim.xr5.11                    2.50238
xxdut.xxtrim.xr5.21                    2.43118
xxdut.xxtrim.c7                        2.43095
t5                                           3
xxdut.xxtrim.xr6.11                    2.43073
xxdut.xxtrim.xr6.21                    2.28832
xxdut.xxtrim.c8                        2.28809
t6                                           3
xxdut.xxtrim.xr7.11                    2.28787
xxdut.xxtrim.xr7.21                    2.00407
xxdut.vc                               2.00385
t7                                           3
xxdut.xxcmph.tail                     0.896395
xxdut.xxcmph.dp                        1.34385
xxdut.xxcmph.dn                        1.69601
xxdut.cmph_out                         1.30269
xxdut.xxcmpl.tail                     0.833263
xxdut.xxcmpl.dp                              3
xxdut.xxcmpl.dn                        1.45858
xxdut.cmpl_out                     3.84915e-09
clk                                   0.650609
xxdut.qbar                             1.25575
xxdut.mid1                             2.47204
xxdut.mid2                             2.84349
vt7#branch                                   0
vt6#branch                                   0
vt5#branch                                   0
vt4#branch                                   0
vt3#branch                                   0
vt2#branch                                   0
vt1#branch                                   0
vt0#branch                                   0
vdd#branch                        -0.000366531

 Reference value :  0.00000e+00
 Reference value :  8.96690e-08
 Reference value :  1.78659e-07
 Reference value :  2.69550e-07
 Reference value :  3.66251e-07
 Reference value :  4.54177e-07
 Reference value :  5.49198e-07
 Reference value :  6.38653e-07
 Reference value :  7.31437e-07
 Reference value :  8.31091e-07
 Reference value :  9.20949e-07
 Reference value :  1.01632e-06
 Reference value :  1.10075e-06
 Reference value :  1.19299e-06
 Reference value :  1.28696e-06
 Reference value :  1.37810e-06
 Reference value :  1.46957e-06
 Reference value :  1.56108e-06
 Reference value :  1.65011e-06
 Reference value :  1.74572e-06
 Reference value :  1.83567e-06
 Reference value :  1.92741e-06
 Reference value :  2.01641e-06
 Reference value :  2.10638e-06
 Reference value :  2.19858e-06
 Reference value :  2.28851e-06
 Reference value :  2.37968e-06
 Reference value :  2.46857e-06
 Reference value :  2.56031e-06
 Reference value :  2.64884e-06
 Reference value :  2.74392e-06
 Reference value :  2.83086e-06
 Reference value :  2.92565e-06
 Reference value :  3.01257e-06
 Reference value :  3.10792e-06
 Reference value :  3.19660e-06
 Reference value :  3.28920e-06
 Reference value :  3.37571e-06
 Reference value :  3.47260e-06
 Reference value :  3.56158e-06
 Reference value :  3.65640e-06
 Reference value :  3.74457e-06
 Reference value :  3.83878e-06
 Reference value :  3.92574e-06
No. of Data Rows : 20447
ta                  =  2.45900e-07
tb                  =  1.44577e-06
ta = 2.458998e-07
tb = 1.445771e-06
period = 5.999356e-08
fosc = 1.666846e+07
ngspice-46 done

Warning: m=xx on .subckt line will override multiplier m hierarchy!

Note: Starting dynamic gmin stepping
Warning: Dynamic gmin stepping failed
Note: Starting true gmin stepping
Note: True gmin stepping completed
