====================================================================
gf180-rcosc PVT corner run: rc_s_T-040C_V3p3_code0xFF
run id      : 20260905T211140Z
process     : rc_s (fets=typical res=res_ss mimcap=mimcap_ss)
temperature : -40 C
supply      : 3.3 V
trim code   : 0xFF (255)
transient   : tran 200p 4000n, f = 20 periods / (t[rise=25] - t[rise=5])
wall clock  : 75.6 s
exit status : 0
====================================================================

Note: Compatibility modes selected: hs a


Circuit: ** sch_path: /users/rwalters/github/gf180-rcosc/.loom/worktrees/issue-12/design/pvt_tb.sch

Doing analysis at TEMP = -40.000000 and TNOM = 27.000000

Using SPARSE 1.3 as Direct Linear Solver

Initial Transient Solution
--------------------------

Node                                   Voltage
----                                   -------
vdd                                        3.3
xxdut.xxbias.xrba.11                   3.29876
xxdut.xxbias.xrba.21                   2.20124
xxdut.vh                                   2.2
xxdut.xxbias.xrbb.11                   2.19876
xxdut.xxbias.xrbb.21                   1.10124
xxdut.vl                                   1.1
xxdut.xxbias.xrbc.11                   1.09876
xxdut.xxbias.xrbc.21                0.00123568
xxdut.xxbias.xrbias.11                 3.29873
xxdut.xxbias.xrbias.21                 1.05051
xxdut.ibias                            1.04924
xxdut.xxtrim.xrfix.11                  3.29961
xxdut.xxtrim.xrfix.21                  2.83286
xxdut.xxtrim.c1                        2.83247
xxdut.xxtrim.xr0.11                    2.83208
xxdut.xxtrim.xr0.21                    2.82964
xxdut.xxtrim.c2                        2.82925
t0                                         3.3
xxdut.xxtrim.xr1.11                    2.82886
xxdut.xxtrim.xr1.21                    2.82399
xxdut.xxtrim.c3                         2.8236
t1                                         3.3
xxdut.xxtrim.xr2.11                    2.82321
xxdut.xxtrim.xr2.21                    2.81345
xxdut.xxtrim.c4                        2.81306
t2                                         3.3
xxdut.xxtrim.xr3.11                    2.81268
xxdut.xxtrim.xr3.21                    2.79316
xxdut.xxtrim.c5                        2.79277
t3                                         3.3
xxdut.xxtrim.xr4.11                    2.79238
xxdut.xxtrim.xr4.21                    2.75335
xxdut.xxtrim.c6                        2.75296
t4                                         3.3
xxdut.xxtrim.xr5.11                    2.75258
xxdut.xxtrim.xr5.21                    2.67451
xxdut.xxtrim.c7                        2.67412
t5                                         3.3
xxdut.xxtrim.xr6.11                    2.67373
xxdut.xxtrim.xr6.21                     2.5176
xxdut.xxtrim.c8                        2.51722
t6                                         3.3
xxdut.xxtrim.xr7.11                    2.51683
xxdut.xxtrim.xr7.21                    2.20494
xxdut.vc                               2.20455
t7                                         3.3
xxdut.xxcmph.tail                      1.01684
xxdut.xxcmph.dp                        1.47622
xxdut.xxcmph.dn                        1.96914
xxdut.cmph_out                         1.42967
xxdut.xxcmpl.tail                     0.962803
xxdut.xxcmpl.dp                            3.3
xxdut.xxcmpl.dn                        1.75117
xxdut.cmpl_out                      3.3465e-09
clk                                   0.723764
xxdut.qbar                             1.37329
xxdut.mid1                             2.72309
xxdut.mid2                             3.12012
vt7#branch                                   0
vt6#branch                                   0
vt5#branch                                   0
vt4#branch                                   0
vt3#branch                                   0
vt2#branch                                   0
vt1#branch                                   0
vt0#branch                                   0
vdd#branch                        -0.000505636

 Reference value :  0.00000e+00
 Reference value :  8.00835e-08
 Reference value :  1.71538e-07
 Reference value :  2.62947e-07
 Reference value :  3.51194e-07
 Reference value :  4.42092e-07
 Reference value :  5.33615e-07
 Reference value :  6.22179e-07
 Reference value :  7.06390e-07
 Reference value :  8.02658e-07
 Reference value :  8.89195e-07
 Reference value :  9.79768e-07
 Reference value :  1.06289e-06
 Reference value :  1.15726e-06
 Reference value :  1.23738e-06
 Reference value :  1.33068e-06
 Reference value :  1.41703e-06
 Reference value :  1.50919e-06
 Reference value :  1.59664e-06
 Reference value :  1.68414e-06
 Reference value :  1.77601e-06
 Reference value :  1.86274e-06
 Reference value :  1.95600e-06
 Reference value :  2.04219e-06
 Reference value :  2.13454e-06
 Reference value :  2.21775e-06
 Reference value :  2.31627e-06
 Reference value :  2.39749e-06
 Reference value :  2.48956e-06
 Reference value :  2.57151e-06
 Reference value :  2.66206e-06
 Reference value :  2.75150e-06
 Reference value :  2.83846e-06
 Reference value :  2.93267e-06
 Reference value :  3.02072e-06
 Reference value :  3.11480e-06
 Reference value :  3.20150e-06
 Reference value :  3.29514e-06
 Reference value :  3.37919e-06
 Reference value :  3.46774e-06
 Reference value :  3.55276e-06
 Reference value :  3.64182e-06
 Reference value :  3.72816e-06
 Reference value :  3.81929e-06
 Reference value :  3.90792e-06
 Reference value :  3.99418e-06
No. of Data Rows : 20640
ta                  =  2.54327e-07
tb                  =  1.47238e-06
ta = 2.543266e-07
tb = 1.472377e-06
period = 6.090252e-08
fosc = 1.641968e+07
ngspice-46 done

Warning: m=xx on .subckt line will override multiplier m hierarchy!

Note: Starting dynamic gmin stepping
Note: Dynamic gmin stepping completed
