====================================================================
gf180-rcosc PVT corner run: rc_s_T+085C_V3p0_code0x80
run id      : 20260905T211140Z
process     : rc_s (fets=typical res=res_ss mimcap=mimcap_ss)
temperature : 85 C
supply      : 3 V
trim code   : 0x80 (128)
transient   : tran 200p 4000n, f = 20 periods / (t[rise=25] - t[rise=5])
wall clock  : 76.6 s
exit status : 0
====================================================================

Note: Compatibility modes selected: hs a


Circuit: ** sch_path: /users/rwalters/github/gf180-rcosc/.loom/worktrees/issue-12/design/pvt_tb.sch

Doing analysis at TEMP = 85.000000 and TNOM = 27.000000

Using SPARSE 1.3 as Direct Linear Solver

Initial Transient Solution
--------------------------

Node                                   Voltage
----                                   -------
vdd                                          3
xxdut.xxbias.xrba.11                   2.99949
xxdut.xxbias.xrba.21                   2.00051
xxdut.vh                                     2
xxdut.xxbias.xrbb.11                   1.99949
xxdut.xxbias.xrbb.21                   1.00051
xxdut.vl                                     1
xxdut.xxbias.xrbc.11                  0.999494
xxdut.xxbias.xrbc.21               0.000506103
xxdut.xxbias.xrbias.11                  2.9995
xxdut.xxbias.xrbias.21                 1.01644
xxdut.ibias                            1.01594
xxdut.xxtrim.xrfix.11                  2.99984
xxdut.xxtrim.xrfix.21                  2.57148
xxdut.xxtrim.c1                        2.57131
xxdut.xxtrim.xr0.11                    2.57115
xxdut.xxtrim.xr0.21                    2.56892
xxdut.xxtrim.c2                        2.56876
t0                                           0
xxdut.xxtrim.xr1.11                     2.5686
xxdut.xxtrim.xr1.21                    2.56412
xxdut.xxtrim.c3                        2.56396
t1                                           0
xxdut.xxtrim.xr2.11                     2.5638
xxdut.xxtrim.xr2.21                    2.55484
xxdut.xxtrim.c4                        2.55468
t2                                           0
xxdut.xxtrim.xr3.11                    2.55452
xxdut.xxtrim.xr3.21                    2.53661
xxdut.xxtrim.c5                        2.53645
t3                                           0
xxdut.xxtrim.xr4.11                    2.53629
xxdut.xxtrim.xr4.21                    2.50047
xxdut.xxtrim.c6                        2.50031
t4                                           0
xxdut.xxtrim.xr5.11                    2.50015
xxdut.xxtrim.xr5.21                     2.4285
xxdut.xxtrim.c7                        2.42834
t5                                           0
xxdut.xxtrim.xr6.11                    2.42818
xxdut.xxtrim.xr6.21                    2.28489
xxdut.xxtrim.c8                        2.28473
t6                                           0
xxdut.xxtrim.xr7.11                    2.28458
xxdut.xxtrim.xr7.21                    2.00459
xxdut.vc                               2.00443
t7                                           3
xxdut.xxcmph.tail                     0.924326
xxdut.xxcmph.dp                        1.34677
xxdut.xxcmph.dn                        1.69499
xxdut.cmph_out                         1.30415
xxdut.xxcmpl.tail                       0.8513
xxdut.xxcmpl.dp                              3
xxdut.xxcmpl.dn                        1.42905
xxdut.cmpl_out                     4.81375e-09
clk                                   0.591197
xxdut.qbar                             1.25337
xxdut.mid1                             2.42802
xxdut.mid2                             2.82997
vt7#branch                                   0
vt6#branch                                   0
vt5#branch                                   0
vt4#branch                                   0
vt3#branch                                   0
vt2#branch                                   0
vt1#branch                                   0
vt0#branch                                   0
vdd#branch                        -0.000358714

 Reference value :  0.00000e+00
 Reference value :  9.12808e-08
 Reference value :  1.86492e-07
 Reference value :  2.76404e-07
 Reference value :  3.70788e-07
 Reference value :  4.59827e-07
 Reference value :  5.54300e-07
 Reference value :  6.41843e-07
 Reference value :  7.36476e-07
 Reference value :  8.30119e-07
 Reference value :  9.25787e-07
 Reference value :  1.01363e-06
 Reference value :  1.11344e-06
 Reference value :  1.20246e-06
 Reference value :  1.29872e-06
 Reference value :  1.38900e-06
 Reference value :  1.48269e-06
 Reference value :  1.57316e-06
 Reference value :  1.66779e-06
 Reference value :  1.75890e-06
 Reference value :  1.85260e-06
 Reference value :  1.94501e-06
 Reference value :  2.03832e-06
 Reference value :  2.13202e-06
 Reference value :  2.22517e-06
 Reference value :  2.31951e-06
 Reference value :  2.41125e-06
 Reference value :  2.50471e-06
 Reference value :  2.59813e-06
 Reference value :  2.69777e-06
 Reference value :  2.78817e-06
 Reference value :  2.88701e-06
 Reference value :  2.97912e-06
 Reference value :  3.08116e-06
 Reference value :  3.17485e-06
 Reference value :  3.26999e-06
 Reference value :  3.37003e-06
 Reference value :  3.46260e-06
 Reference value :  3.56373e-06
 Reference value :  3.65172e-06
 Reference value :  3.75135e-06
 Reference value :  3.84272e-06
 Reference value :  3.93748e-06
No. of Data Rows : 20355
ta                  =  2.51532e-07
tb                  =  1.48266e-06
ta = 2.515317e-07
tb = 1.482659e-06
period = 6.155636e-08
fosc = 1.624527e+07
ngspice-46 done

Warning: m=xx on .subckt line will override multiplier m hierarchy!

Note: Starting dynamic gmin stepping
Note: Dynamic gmin stepping completed
