====================================================================
gf180-rcosc PVT corner run: sf_T+027C_V3p6_code0xB7
run id      : 20260905T211140Z
process     : sf (fets=sf res=res_typical mimcap=mimcap_typical)
temperature : 27 C
supply      : 3.6 V
trim code   : 0xB7 (183)
transient   : tran 200p 4000n, f = 20 periods / (t[rise=25] - t[rise=5])
wall clock  : 75.0 s
exit status : 0
====================================================================

Note: Compatibility modes selected: hs a


Circuit: ** sch_path: /users/rwalters/github/gf180-rcosc/.loom/worktrees/issue-12/design/pvt_tb.sch

Doing analysis at TEMP = 27.000000 and TNOM = 27.000000

Using SPARSE 1.3 as Direct Linear Solver

Initial Transient Solution
--------------------------

Node                                   Voltage
----                                   -------
vdd                                        3.6
xxdut.xxbias.xrba.11                   3.59899
xxdut.xxbias.xrba.21                   2.40101
xxdut.vh                                   2.4
xxdut.xxbias.xrbb.11                   2.39899
xxdut.xxbias.xrbb.21                   1.20101
xxdut.vl                                   1.2
xxdut.xxbias.xrbc.11                   1.19899
xxdut.xxbias.xrbc.21                0.00100952
xxdut.xxbias.xrbias.11                 3.59899
xxdut.xxbias.xrbias.21                 1.19352
xxdut.ibias                             1.1925
xxdut.xxtrim.xrfix.11                  3.59968
xxdut.xxtrim.xrfix.21                  3.08905
xxdut.xxtrim.c1                        3.08873
xxdut.xxtrim.xr0.11                    3.08842
xxdut.xxtrim.xr0.21                    3.08575
xxdut.xxtrim.c2                        3.08543
t0                                         3.6
xxdut.xxtrim.xr1.11                    3.08511
xxdut.xxtrim.xr1.21                    3.07977
xxdut.xxtrim.c3                        3.07946
t1                                         3.6
xxdut.xxtrim.xr2.11                    3.07914
xxdut.xxtrim.xr2.21                    3.06846
xxdut.xxtrim.c4                        3.06815
t2                                         3.6
xxdut.xxtrim.xr3.11                    3.06783
xxdut.xxtrim.xr3.21                    3.04648
xxdut.xxtrim.c5                        3.04616
t3                                           0
xxdut.xxtrim.xr4.11                    3.04584
xxdut.xxtrim.xr4.21                    3.00314
xxdut.xxtrim.c6                        3.00282
t4                                         3.6
xxdut.xxtrim.xr5.11                     3.0025
xxdut.xxtrim.xr5.21                     2.9171
xxdut.xxtrim.c7                        2.91678
t5                                         3.6
xxdut.xxtrim.xr6.11                    2.91647
xxdut.xxtrim.xr6.21                    2.74566
xxdut.xxtrim.c8                        2.74534
t6                                           0
xxdut.xxtrim.xr7.11                    2.74503
xxdut.xxtrim.xr7.21                    2.40573
xxdut.vc                               2.40542
t7                                         3.6
xxdut.xxcmph.tail                      1.11398
xxdut.xxcmph.dp                        1.73773
xxdut.xxcmph.dn                        2.28463
xxdut.cmph_out                         1.69047
xxdut.xxcmpl.tail                      1.03594
xxdut.xxcmpl.dp                            3.6
xxdut.xxcmpl.dn                        2.00003
xxdut.cmpl_out                     5.36905e-09
clk                                   0.747866
xxdut.qbar                             1.60649
xxdut.mid1                             2.85264
xxdut.mid2                             3.37425
vt7#branch                                   0
vt6#branch                                   0
vt5#branch                                   0
vt4#branch                                   0
vt3#branch                                   0
vt2#branch                                   0
vt1#branch                                   0
vt0#branch                                   0
vdd#branch                        -0.000617011

 Reference value :  0.00000e+00
 Reference value :  8.17382e-08
 Reference value :  1.63111e-07
 Reference value :  2.46572e-07
 Reference value :  3.34966e-07
 Reference value :  4.15723e-07
 Reference value :  4.99854e-07
 Reference value :  5.83467e-07
 Reference value :  6.72527e-07
 Reference value :  7.57410e-07
 Reference value :  8.38959e-07
 Reference value :  9.29849e-07
 Reference value :  1.01254e-06
 Reference value :  1.10318e-06
 Reference value :  1.18540e-06
 Reference value :  1.27099e-06
 Reference value :  1.35706e-06
 Reference value :  1.44115e-06
 Reference value :  1.53035e-06
 Reference value :  1.61190e-06
 Reference value :  1.69835e-06
 Reference value :  1.78215e-06
 Reference value :  1.87027e-06
 Reference value :  1.96057e-06
 Reference value :  2.04573e-06
 Reference value :  2.12874e-06
 Reference value :  2.21911e-06
 Reference value :  2.30649e-06
 Reference value :  2.39539e-06
 Reference value :  2.48248e-06
 Reference value :  2.56615e-06
 Reference value :  2.65120e-06
 Reference value :  2.74235e-06
 Reference value :  2.82540e-06
 Reference value :  2.91722e-06
 Reference value :  3.00477e-06
 Reference value :  3.09283e-06
 Reference value :  3.17928e-06
 Reference value :  3.27041e-06
 Reference value :  3.35940e-06
 Reference value :  3.44807e-06
 Reference value :  3.53847e-06
 Reference value :  3.62788e-06
 Reference value :  3.71560e-06
 Reference value :  3.80081e-06
 Reference value :  3.89046e-06
 Reference value :  3.97617e-06
No. of Data Rows : 20396
ta                  =  1.96982e-07
tb                  =  1.15137e-06
ta = 1.969817e-07
tb = 1.151373e-06
period = 4.771956e-08
fosc = 2.095577e+07
ngspice-46 done

Warning: m=xx on .subckt line will override multiplier m hierarchy!

Note: Starting dynamic gmin stepping
Note: Dynamic gmin stepping completed
