====================================================================
gf180-rcosc PVT corner run: sf_T+085C_V3p3_code0xB7
run id      : 20260905T211140Z
process     : sf (fets=sf res=res_typical mimcap=mimcap_typical)
temperature : 85 C
supply      : 3.3 V
trim code   : 0xB7 (183)
transient   : tran 200p 4000n, f = 20 periods / (t[rise=25] - t[rise=5])
wall clock  : 77.6 s
exit status : 0
====================================================================

Note: Compatibility modes selected: hs a


Circuit: ** sch_path: /users/rwalters/github/gf180-rcosc/.loom/worktrees/issue-12/design/pvt_tb.sch

Doing analysis at TEMP = 85.000000 and TNOM = 27.000000

Using SPARSE 1.3 as Direct Linear Solver

Initial Transient Solution
--------------------------

Node                                   Voltage
----                                   -------
vdd                                        3.3
xxdut.xxbias.xrba.11                   3.29933
xxdut.xxbias.xrba.21                   2.20067
xxdut.vh                                   2.2
xxdut.xxbias.xrbb.11                   2.19933
xxdut.xxbias.xrbb.21                   1.10067
xxdut.vl                                   1.1
xxdut.xxbias.xrbc.11                   1.09933
xxdut.xxbias.xrbc.21                0.00066792
xxdut.xxbias.xrbias.11                 3.29935
xxdut.xxbias.xrbias.21                 1.16943
xxdut.ibias                            1.16878
xxdut.xxtrim.xrfix.11                  3.29979
xxdut.xxtrim.xrfix.21                  2.83066
xxdut.xxtrim.c1                        2.83045
xxdut.xxtrim.xr0.11                    2.83024
xxdut.xxtrim.xr0.21                    2.82779
xxdut.xxtrim.c2                        2.82757
t0                                         3.3
xxdut.xxtrim.xr1.11                    2.82736
xxdut.xxtrim.xr1.21                    2.82246
xxdut.xxtrim.c3                        2.82225
t1                                         3.3
xxdut.xxtrim.xr2.11                    2.82204
xxdut.xxtrim.xr2.21                    2.81223
xxdut.xxtrim.c4                        2.81202
t2                                         3.3
xxdut.xxtrim.xr3.11                    2.81181
xxdut.xxtrim.xr3.21                     2.7922
xxdut.xxtrim.c5                        2.79198
t3                                           0
xxdut.xxtrim.xr4.11                    2.79177
xxdut.xxtrim.xr4.21                    2.75254
xxdut.xxtrim.c6                        2.75233
t4                                         3.3
xxdut.xxtrim.xr5.11                    2.75212
xxdut.xxtrim.xr5.21                    2.67366
xxdut.xxtrim.c7                        2.67345
t5                                         3.3
xxdut.xxtrim.xr6.11                    2.67324
xxdut.xxtrim.xr6.21                    2.51631
xxdut.xxtrim.c8                         2.5161
t6                                           0
xxdut.xxtrim.xr7.11                    2.51589
xxdut.xxtrim.xr7.21                    2.20481
xxdut.vc                               2.20461
t7                                         3.3
xxdut.xxcmph.tail                     0.987205
xxdut.xxcmph.dp                        1.60152
xxdut.xxcmph.dn                        2.01675
xxdut.cmph_out                         1.55844
xxdut.xxcmpl.tail                     0.902113
xxdut.xxcmpl.dp                            3.3
xxdut.xxcmpl.dn                        1.71944
xxdut.cmpl_out                     7.01255e-09
clk                                   0.687127
xxdut.qbar                              1.4885
xxdut.mid1                             2.61318
xxdut.mid2                             3.10107
vt7#branch                                   0
vt6#branch                                   0
vt5#branch                                   0
vt4#branch                                   0
vt3#branch                                   0
vt2#branch                                   0
vt1#branch                                   0
vt0#branch                                   0
vdd#branch                        -0.000479605

 Reference value :  0.00000e+00
 Reference value :  8.44448e-08
 Reference value :  1.69485e-07
 Reference value :  2.56091e-07
 Reference value :  3.48504e-07
 Reference value :  4.38733e-07
 Reference value :  5.22369e-07
 Reference value :  6.04895e-07
 Reference value :  6.88518e-07
 Reference value :  7.76010e-07
 Reference value :  8.67061e-07
 Reference value :  9.51024e-07
 Reference value :  1.03445e-06
 Reference value :  1.11740e-06
 Reference value :  1.20657e-06
 Reference value :  1.29254e-06
 Reference value :  1.37473e-06
 Reference value :  1.46036e-06
 Reference value :  1.54410e-06
 Reference value :  1.63531e-06
 Reference value :  1.71964e-06
 Reference value :  1.80548e-06
 Reference value :  1.89099e-06
 Reference value :  1.97875e-06
 Reference value :  2.06871e-06
 Reference value :  2.15245e-06
 Reference value :  2.23499e-06
 Reference value :  2.32073e-06
 Reference value :  2.40823e-06
 Reference value :  2.50095e-06
 Reference value :  2.58295e-06
 Reference value :  2.66714e-06
 Reference value :  2.75122e-06
 Reference value :  2.84057e-06
 Reference value :  2.93002e-06
 Reference value :  3.01462e-06
 Reference value :  3.09751e-06
 Reference value :  3.17964e-06
 Reference value :  3.27014e-06
 Reference value :  3.35778e-06
 Reference value :  3.43823e-06
 Reference value :  3.52366e-06
 Reference value :  3.60883e-06
 Reference value :  3.70071e-06
 Reference value :  3.78290e-06
 Reference value :  3.86917e-06
 Reference value :  3.95461e-06
No. of Data Rows : 20654
ta                  =  1.98613e-07
tb                  =  1.15833e-06
ta = 1.986129e-07
tb = 1.158330e-06
period = 4.798586e-08
fosc = 2.083947e+07
ngspice-46 done

Warning: m=xx on .subckt line will override multiplier m hierarchy!

Note: Starting dynamic gmin stepping
Note: Dynamic gmin stepping completed
