====================================================================
gf180-rcosc PVT corner run: sf_T+027C_V3p3_code0xB7
run id      : 20260905T211140Z
process     : sf (fets=sf res=res_typical mimcap=mimcap_typical)
temperature : 27 C
supply      : 3.3 V
trim code   : 0xB7 (183)
transient   : tran 200p 4000n, f = 20 periods / (t[rise=25] - t[rise=5])
wall clock  : 101.4 s
exit status : 0
====================================================================

Note: Compatibility modes selected: hs a


Circuit: ** sch_path: /users/rwalters/github/gf180-rcosc/.loom/worktrees/issue-12/design/pvt_tb.sch

Doing analysis at TEMP = 27.000000 and TNOM = 27.000000

Using SPARSE 1.3 as Direct Linear Solver

Initial Transient Solution
--------------------------

Node                                   Voltage
----                                   -------
vdd                                        3.3
xxdut.xxbias.xrba.11                   3.29908
xxdut.xxbias.xrba.21                   2.20302
xxdut.vh                                2.2021
xxdut.xxbias.xrbb.11                   2.20118
xxdut.xxbias.xrbb.21                   1.10648
xxdut.vl                               1.10556
xxdut.xxbias.xrbc.11                   1.10463
xxdut.xxbias.xrbc.21                0.00093007
xxdut.xxbias.xrbias.11                  3.2991
xxdut.xxbias.xrbias.21                 1.16698
xxdut.ibias                            1.16608
xxdut.xxtrim.xrfix.11                   3.2989
xxdut.xxtrim.xrfix.21                  1.53599
xxdut.xxtrim.c1                        1.53489
xxdut.xxtrim.xr0.11                    1.53407
xxdut.xxtrim.xr0.21                    1.52718
xxdut.xxtrim.c2                        1.52636
t0                                         3.3
xxdut.xxtrim.xr1.11                    1.52567
xxdut.xxtrim.xr1.21                    1.51407
xxdut.xxtrim.c3                        1.51338
t1                                         3.3
xxdut.xxtrim.xr2.11                    1.51286
xxdut.xxtrim.xr2.21                     1.4954
xxdut.xxtrim.c4                        1.49488
t2                                         3.3
xxdut.xxtrim.xr3.11                    1.49394
xxdut.xxtrim.xr3.21                    1.43084
xxdut.xxtrim.c5                         1.4299
t3                                           0
xxdut.xxtrim.xr4.11                    1.42971
xxdut.xxtrim.xr4.21                    1.40471
xxdut.xxtrim.c6                        1.40452
t4                                         3.3
xxdut.xxtrim.xr5.11                    1.40443
xxdut.xxtrim.xr5.21                    1.37805
xxdut.xxtrim.c7                        1.37795
t5                                         3.3
xxdut.xxtrim.xr6.11                    1.37713
xxdut.xxtrim.xr6.21                   0.936267
xxdut.xxtrim.c8                       0.935447
t6                                           0
xxdut.xxtrim.xr7.11                   0.935431
xxdut.xxtrim.xr7.21                   0.918256
xxdut.vc                               0.91824
t7                                         3.3
xxdut.xxcmph.tail                     0.887221
xxdut.xxcmph.dp                         3.3001
xxdut.xxcmph.dn                        1.75657
xxdut.cmph_out                    -0.000959769
xxdut.xxcmpl.tail                    0.0494414
xxdut.xxcmpl.dp                      0.0597771
xxdut.xxcmpl.dn                        2.35947
xxdut.cmpl_out                         3.30013
clk                                 0.00141912
xxdut.qbar                             3.30386
xxdut.mid1                             3.29433
xxdut.mid2                            0.743724
vt7#branch                        -5.27797e-06
vt6#branch                         5.09063e-07
vt5#branch                        -5.04017e-06
vt4#branch                        -1.13593e-06
vt3#branch                         2.58599e-07
vt2#branch                        -7.40804e-07
vt1#branch                        -4.55062e-07
vt0#branch                        -5.30864e-07
vdd#branch                        -8.99422e-05

 Reference value :  0.00000e+00
 Reference value :  8.53496e-08
 Reference value :  1.67377e-07
 Reference value :  2.49508e-07
 Reference value :  3.33912e-07
 Reference value :  4.23919e-07
 Reference value :  5.03425e-07
 Reference value :  5.86122e-07
 Reference value :  6.76435e-07
 Reference value :  7.54716e-07
 Reference value :  8.36685e-07
 Reference value :  9.25042e-07
 Reference value :  1.00576e-06
 Reference value :  1.08584e-06
 Reference value :  1.17566e-06
 Reference value :  1.26222e-06
 Reference value :  1.34188e-06
 Reference value :  1.42621e-06
 Reference value :  1.52401e-06
 Reference value :  1.60729e-06
 Reference value :  1.69051e-06
 Reference value :  1.77515e-06
 Reference value :  1.86505e-06
 Reference value :  1.94620e-06
 Reference value :  2.02807e-06
 Reference value :  2.11906e-06
 Reference value :  2.20044e-06
 Reference value :  2.28005e-06
 Reference value :  2.36938e-06
 Reference value :  2.45518e-06
 Reference value :  2.53696e-06
 Reference value :  2.62075e-06
 Reference value :  2.71361e-06
 Reference value :  2.79428e-06
 Reference value :  2.88050e-06
 Reference value :  2.96564e-06
 Reference value :  3.05828e-06
 Reference value :  3.14384e-06
 Reference value :  3.23090e-06
 Reference value :  3.31969e-06
 Reference value :  3.40869e-06
 Reference value :  3.49713e-06
 Reference value :  3.57977e-06
 Reference value :  3.66547e-06
 Reference value :  3.75631e-06
 Reference value :  3.84395e-06
 Reference value :  3.92992e-06
No. of Data Rows : 20567
ta                  =  2.34051e-07
tb                  =  1.22608e-06
ta = 2.340506e-07
tb = 1.226078e-06
period = 4.960137e-08
fosc = 2.016073e+07
ngspice-46 done

Warning: m=xx on .subckt line will override multiplier m hierarchy!

Note: Starting dynamic gmin stepping
Warning: Dynamic gmin stepping failed
Note: Starting true gmin stepping
Warning: True gmin stepping failed
Note: Starting source stepping
Warning: singular matrix:  check node xxdut.vl

Warning: source stepping failed
Note: Transient op started
Note: Transient op finished successfully
