====================================================================
gf180-rcosc PVT corner run: sf_T+085C_V3p0_code0xFF
run id      : 20260905T211140Z
process     : sf (fets=sf res=res_typical mimcap=mimcap_typical)
temperature : 85 C
supply      : 3 V
trim code   : 0xFF (255)
transient   : tran 200p 4000n, f = 20 periods / (t[rise=25] - t[rise=5])
wall clock  : 83.6 s
exit status : 0
====================================================================

Note: Compatibility modes selected: hs a


Circuit: ** sch_path: /users/rwalters/github/gf180-rcosc/.loom/worktrees/issue-12/design/pvt_tb.sch

Doing analysis at TEMP = 85.000000 and TNOM = 27.000000

Using SPARSE 1.3 as Direct Linear Solver

Initial Transient Solution
--------------------------

Node                                   Voltage
----                                   -------
vdd                                          3
xxdut.xxbias.xrba.11                   2.99939
xxdut.xxbias.xrba.21                   2.00061
xxdut.vh                                     2
xxdut.xxbias.xrbb.11                   1.99939
xxdut.xxbias.xrbb.21                   1.00061
xxdut.vl                                     1
xxdut.xxbias.xrbc.11                  0.999393
xxdut.xxbias.xrbc.21                 0.0006072
xxdut.xxbias.xrbias.11                 2.99943
xxdut.xxbias.xrbias.21                 1.13524
xxdut.ibias                            1.13467
xxdut.xxtrim.xrfix.11                  2.99981
xxdut.xxtrim.xrfix.21                  2.57377
xxdut.xxtrim.c1                        2.57358
xxdut.xxtrim.xr0.11                    2.57339
xxdut.xxtrim.xr0.21                    2.57117
xxdut.xxtrim.c2                        2.57097
t0                                           3
xxdut.xxtrim.xr1.11                    2.57078
xxdut.xxtrim.xr1.21                    2.56633
xxdut.xxtrim.c3                        2.56614
t1                                           3
xxdut.xxtrim.xr2.11                    2.56595
xxdut.xxtrim.xr2.21                    2.55704
xxdut.xxtrim.c4                        2.55685
t2                                           3
xxdut.xxtrim.xr3.11                    2.55666
xxdut.xxtrim.xr3.21                    2.53885
xxdut.xxtrim.c5                        2.53865
t3                                           3
xxdut.xxtrim.xr4.11                    2.53846
xxdut.xxtrim.xr4.21                    2.50284
xxdut.xxtrim.c6                        2.50264
t4                                           3
xxdut.xxtrim.xr5.11                    2.50245
xxdut.xxtrim.xr5.21                     2.4312
xxdut.xxtrim.c7                        2.43101
t5                                           3
xxdut.xxtrim.xr6.11                    2.43082
xxdut.xxtrim.xr6.21                    2.28831
xxdut.xxtrim.c8                        2.28812
t6                                           3
xxdut.xxtrim.xr7.11                    2.28792
xxdut.xxtrim.xr7.21                    2.00354
xxdut.vc                               2.00335
t7                                           3
xxdut.xxcmph.tail                     0.840337
xxdut.xxcmph.dp                        1.45963
xxdut.xxcmph.dn                        1.76299
xxdut.cmph_out                         1.42144
xxdut.xxcmpl.tail                     0.760785
xxdut.xxcmpl.dp                              3
xxdut.xxcmpl.dn                        1.48765
xxdut.cmpl_out                     6.61628e-09
clk                                   0.682624
xxdut.qbar                             1.36531
xxdut.mid1                              2.4165
xxdut.mid2                             2.83726
vt7#branch                                   0
vt6#branch                                   0
vt5#branch                                   0
vt4#branch                                   0
vt3#branch                                   0
vt2#branch                                   0
vt1#branch                                   0
vt0#branch                                   0
vdd#branch                        -0.000380379

 Reference value :  0.00000e+00
 Reference value :  8.35801e-08
 Reference value :  1.71393e-07
 Reference value :  2.62059e-07
 Reference value :  3.46715e-07
 Reference value :  4.30461e-07
 Reference value :  5.14018e-07
 Reference value :  6.07636e-07
 Reference value :  6.96978e-07
 Reference value :  7.83737e-07
 Reference value :  8.69399e-07
 Reference value :  9.55119e-07
 Reference value :  1.04429e-06
 Reference value :  1.13089e-06
 Reference value :  1.21982e-06
 Reference value :  1.30568e-06
 Reference value :  1.39517e-06
 Reference value :  1.48113e-06
 Reference value :  1.56370e-06
 Reference value :  1.64567e-06
 Reference value :  1.73887e-06
 Reference value :  1.82498e-06
 Reference value :  1.91196e-06
 Reference value :  2.00500e-06
 Reference value :  2.09203e-06
 Reference value :  2.18409e-06
 Reference value :  2.27408e-06
 Reference value :  2.36555e-06
 Reference value :  2.45081e-06
 Reference value :  2.53950e-06
 Reference value :  2.62593e-06
 Reference value :  2.71655e-06
 Reference value :  2.80095e-06
 Reference value :  2.88833e-06
 Reference value :  2.97479e-06
 Reference value :  3.06584e-06
 Reference value :  3.15262e-06
 Reference value :  3.23648e-06
 Reference value :  3.31800e-06
 Reference value :  3.40875e-06
 Reference value :  3.48995e-06
 Reference value :  3.57352e-06
 Reference value :  3.66180e-06
 Reference value :  3.75168e-06
 Reference value :  3.83659e-06
 Reference value :  3.91988e-06
No. of Data Rows : 20422
ta                  =  2.13157e-07
tb                  =  1.19755e-06
ta = 2.131570e-07
tb = 1.197549e-06
period = 4.921960e-08
fosc = 2.031711e+07
ngspice-46 done

Warning: m=xx on .subckt line will override multiplier m hierarchy!

Note: Starting dynamic gmin stepping
Note: Dynamic gmin stepping completed
