====================================================================
gf180-rcosc PVT corner run: ss_T+027C_V3p6_code0x80
run id      : 20260905T211140Z
process     : ss (fets=ss res=res_ss mimcap=mimcap_ss)
temperature : 27 C
supply      : 3.6 V
trim code   : 0x80 (128)
transient   : tran 200p 4000n, f = 20 periods / (t[rise=25] - t[rise=5])
wall clock  : 93.9 s
exit status : 0
====================================================================

Note: Compatibility modes selected: hs a


Circuit: ** sch_path: /users/rwalters/github/gf180-rcosc/.loom/worktrees/issue-12/design/pvt_tb.sch

Doing analysis at TEMP = 27.000000 and TNOM = 27.000000

Using SPARSE 1.3 as Direct Linear Solver

Initial Transient Solution
--------------------------

Node                                   Voltage
----                                   -------
vdd                                        3.6
xxdut.xxbias.xrba.11                   3.59916
xxdut.xxbias.xrba.21                   2.40084
xxdut.vh                                   2.4
xxdut.xxbias.xrbb.11                   2.39916
xxdut.xxbias.xrbb.21                   1.20084
xxdut.vl                                   1.2
xxdut.xxbias.xrbc.11                   1.19916
xxdut.xxbias.xrbc.21               0.000841503
xxdut.xxbias.xrbias.11                 3.59915
xxdut.xxbias.xrbias.21                 1.18864
xxdut.ibias                            1.18779
xxdut.xxtrim.xrfix.11                  3.59974
xxdut.xxtrim.xrfix.21                  3.08908
xxdut.xxtrim.c1                        3.08881
xxdut.xxtrim.xr0.11                    3.08855
xxdut.xxtrim.xr0.21                    3.08588
xxdut.xxtrim.c2                        3.08562
t0                                           0
xxdut.xxtrim.xr1.11                    3.08535
xxdut.xxtrim.xr1.21                    3.08001
xxdut.xxtrim.c3                        3.07975
t1                                           0
xxdut.xxtrim.xr2.11                    3.07948
xxdut.xxtrim.xr2.21                    3.06881
xxdut.xxtrim.c4                        3.06854
t2                                           0
xxdut.xxtrim.xr3.11                    3.06828
xxdut.xxtrim.xr3.21                    3.04693
xxdut.xxtrim.c5                        3.04666
t3                                           0
xxdut.xxtrim.xr4.11                     3.0464
xxdut.xxtrim.xr4.21                    3.00369
xxdut.xxtrim.c6                        3.00343
t4                                           0
xxdut.xxtrim.xr5.11                    3.00317
xxdut.xxtrim.xr5.21                    2.91776
xxdut.xxtrim.c7                        2.91749
t5                                           0
xxdut.xxtrim.xr6.11                    2.91723
xxdut.xxtrim.xr6.21                    2.74641
xxdut.xxtrim.c8                        2.74615
t6                                           0
xxdut.xxtrim.xr7.11                    2.74588
xxdut.xxtrim.xr7.21                    2.40507
xxdut.vc                               2.40481
t7                                         3.6
xxdut.xxcmph.tail                      1.09636
xxdut.xxcmph.dp                        1.62139
xxdut.xxcmph.dn                        2.08658
xxdut.cmph_out                         1.57004
xxdut.xxcmpl.tail                      1.02346
xxdut.xxcmpl.dp                            3.6
xxdut.xxcmpl.dn                        1.80851
xxdut.cmpl_out                     4.91633e-09
clk                                   0.768867
xxdut.qbar                             1.50622
xxdut.mid1                             2.95691
xxdut.mid2                             3.40348
vt7#branch                                   0
vt6#branch                                   0
vt5#branch                                   0
vt4#branch                                   0
vt3#branch                                   0
vt2#branch                                   0
vt1#branch                                   0
vt0#branch                                   0
vdd#branch                         -0.00046968

 Reference value :  0.00000e+00
 Reference value :  8.63039e-08
 Reference value :  1.81438e-07
 Reference value :  2.65215e-07
 Reference value :  3.57294e-07
 Reference value :  4.50594e-07
 Reference value :  5.36301e-07
 Reference value :  6.27855e-07
 Reference value :  7.10542e-07
 Reference value :  8.00962e-07
 Reference value :  8.93537e-07
 Reference value :  9.78795e-07
 Reference value :  1.07720e-06
 Reference value :  1.16219e-06
 Reference value :  1.25425e-06
 Reference value :  1.33900e-06
 Reference value :  1.43058e-06
 Reference value :  1.52321e-06
 Reference value :  1.61221e-06
 Reference value :  1.70335e-06
 Reference value :  1.78760e-06
 Reference value :  1.88127e-06
 Reference value :  1.97238e-06
 Reference value :  2.06474e-06
 Reference value :  2.16005e-06
 Reference value :  2.24854e-06
 Reference value :  2.34370e-06
 Reference value :  2.42755e-06
 Reference value :  2.52139e-06
 Reference value :  2.60925e-06
 Reference value :  2.70150e-06
 Reference value :  2.79560e-06
 Reference value :  2.88532e-06
 Reference value :  2.98233e-06
 Reference value :  3.07195e-06
 Reference value :  3.17292e-06
 Reference value :  3.26891e-06
 Reference value :  3.36794e-06
 Reference value :  3.47074e-06
 Reference value :  3.56730e-06
 Reference value :  3.67145e-06
 Reference value :  3.76702e-06
 Reference value :  3.86214e-06
 Reference value :  3.94850e-06
No. of Data Rows : 20409
ta                  =  2.59838e-07
tb                  =  1.52801e-06
ta = 2.598379e-07
tb = 1.528012e-06
period = 6.340870e-08
fosc = 1.577071e+07
ngspice-46 done

Warning: m=xx on .subckt line will override multiplier m hierarchy!

Note: Starting dynamic gmin stepping
Note: Dynamic gmin stepping completed
