====================================================================
gf180-rcosc PVT corner run: ss_T+027C_V3p3_code0x80
run id      : 20260905T211140Z
process     : ss (fets=ss res=res_ss mimcap=mimcap_ss)
temperature : 27 C
supply      : 3.3 V
trim code   : 0x80 (128)
transient   : tran 200p 4000n, f = 20 periods / (t[rise=25] - t[rise=5])
wall clock  : 178.2 s
exit status : 0
====================================================================

Note: Compatibility modes selected: hs a


Circuit: ** sch_path: /users/rwalters/github/gf180-rcosc/.loom/worktrees/issue-12/design/pvt_tb.sch

Doing analysis at TEMP = 27.000000 and TNOM = 27.000000

Using SPARSE 1.3 as Direct Linear Solver

Initial Transient Solution
--------------------------

Node                                   Voltage
----                                   -------
vdd                                        3.3
xxdut.xxbias.xrba.11                   3.29923
xxdut.xxbias.xrba.21                   2.19564
xxdut.vh                               2.19487
xxdut.xxbias.xrbb.11                    2.1941
xxdut.xxbias.xrbb.21                   1.09493
xxdut.vl                               1.09416
xxdut.xxbias.xrbc.11                   1.09339
xxdut.xxbias.xrbc.21               0.000767284
xxdut.xxbias.xrbias.11                 3.29925
xxdut.xxbias.xrbias.21                  1.1625
xxdut.ibias                            1.16175
xxdut.xxtrim.xrfix.11                  3.29906
xxdut.xxtrim.xrfix.21                  1.47972
xxdut.xxtrim.c1                        1.47878
xxdut.xxtrim.xr0.11                    1.47786
xxdut.xxtrim.xr0.21                    1.46857
xxdut.xxtrim.c2                        1.46765
t0                                           0
xxdut.xxtrim.xr1.11                    1.46674
xxdut.xxtrim.xr1.21                    1.44835
xxdut.xxtrim.c3                        1.44743
t1                                           0
xxdut.xxtrim.xr2.11                    1.44653
xxdut.xxtrim.xr2.21                    1.41016
xxdut.xxtrim.c4                        1.40925
t2                                           0
xxdut.xxtrim.xr3.11                    1.40836
xxdut.xxtrim.xr3.21                     1.3365
xxdut.xxtrim.c5                        1.33561
t3                                           0
xxdut.xxtrim.xr4.11                    1.33473
xxdut.xxtrim.xr4.21                    1.19309
xxdut.xxtrim.c6                        1.19221
t4                                           0
xxdut.xxtrim.xr5.11                    1.19135
xxdut.xxtrim.xr5.21                   0.913474
xxdut.xxtrim.c7                       0.912613
t5                                           0
xxdut.xxtrim.xr6.11                    0.91178
xxdut.xxtrim.xr6.21                   0.374405
xxdut.xxtrim.c8                       0.373573
t6                                           0
xxdut.xxtrim.xr7.11                   0.373562
xxdut.xxtrim.xr7.21                   0.359743
xxdut.vc                              0.359732
t7                                         3.3
xxdut.xxcmph.tail                     0.870087
xxdut.xxcmph.dp                        3.30019
xxdut.xxcmph.dn                        1.56664
xxdut.cmph_out                    -0.000471934
xxdut.xxcmpl.tail                   0.00284951
xxdut.xxcmpl.dp                     0.00356656
xxdut.xxcmpl.dn                         2.3737
xxdut.cmpl_out                         3.30019
clk                                 0.00272208
xxdut.qbar                              3.3045
xxdut.mid1                              3.2946
xxdut.mid2                            0.807459
vt7#branch                        -4.11722e-06
vt6#branch                        -4.25792e-07
vt5#branch                         5.79663e-08
vt4#branch                         5.66074e-08
vt3#branch                         4.99181e-08
vt2#branch                         4.60167e-08
vt1#branch                         4.35136e-08
vt0#branch                         4.17746e-08
vdd#branch                        -8.41014e-05

 Reference value :  0.00000e+00
 Reference value :  8.94558e-08
 Reference value :  1.84532e-07
 Reference value :  2.72024e-07
 Reference value :  3.69485e-07
 Reference value :  4.60522e-07
 Reference value :  5.64347e-07
 Reference value :  6.50428e-07
 Reference value :  7.45507e-07
 Reference value :  8.39903e-07
 Reference value :  9.27600e-07
 Reference value :  1.02192e-06
 Reference value :  1.11250e-06
 Reference value :  1.21978e-06
 Reference value :  1.31476e-06
 Reference value :  1.42032e-06
 Reference value :  1.51609e-06
 Reference value :  1.62341e-06
 Reference value :  1.71601e-06
 Reference value :  1.82155e-06
 Reference value :  1.91497e-06
 Reference value :  2.00901e-06
 Reference value :  2.10188e-06
 Reference value :  2.19976e-06
 Reference value :  2.28593e-06
 Reference value :  2.37921e-06
 Reference value :  2.47471e-06
 Reference value :  2.55859e-06
 Reference value :  2.65388e-06
 Reference value :  2.74116e-06
 Reference value :  2.83295e-06
 Reference value :  2.92870e-06
 Reference value :  3.01545e-06
 Reference value :  3.10890e-06
 Reference value :  3.19698e-06
 Reference value :  3.28806e-06
 Reference value :  3.38510e-06
 Reference value :  3.47208e-06
 Reference value :  3.56696e-06
 Reference value :  3.65720e-06
 Reference value :  3.74947e-06
 Reference value :  3.84632e-06
 Reference value :  3.93621e-06
No. of Data Rows : 20379
ta                  =  3.17058e-07
tb                  =  1.62505e-06
ta = 3.170581e-07
tb = 1.625052e-06
period = 6.539969e-08
fosc = 1.529059e+07
ngspice-46 done

Warning: m=xx on .subckt line will override multiplier m hierarchy!

Note: Starting dynamic gmin stepping
Warning: Dynamic gmin stepping failed
Note: Starting true gmin stepping
Warning: True gmin stepping failed
Note: Starting source stepping
Warning: singular matrix:  check node xxdut.vl

Warning: source stepping failed
Note: Transient op started
Note: Transient op finished successfully
