====================================================================
gf180-rcosc PVT corner run: ss_T+085C_V3p0_code0xFF
run id      : 20260905T211140Z
process     : ss (fets=ss res=res_ss mimcap=mimcap_ss)
temperature : 85 C
supply      : 3 V
trim code   : 0xFF (255)
transient   : tran 200p 4000n, f = 20 periods / (t[rise=25] - t[rise=5])
wall clock  : 76.4 s
exit status : 0
====================================================================

Note: Compatibility modes selected: hs a


Circuit: ** sch_path: /users/rwalters/github/gf180-rcosc/.loom/worktrees/issue-12/design/pvt_tb.sch

Doing analysis at TEMP = 85.000000 and TNOM = 27.000000

Using SPARSE 1.3 as Direct Linear Solver

Initial Transient Solution
--------------------------

Node                                   Voltage
----                                   -------
vdd                                          3
xxdut.xxbias.xrba.11                   2.99949
xxdut.xxbias.xrba.21                   2.00051
xxdut.vh                                     2
xxdut.xxbias.xrbb.11                   1.99949
xxdut.xxbias.xrbb.21                   1.00051
xxdut.vl                                     1
xxdut.xxbias.xrbc.11                  0.999494
xxdut.xxbias.xrbc.21               0.000506103
xxdut.xxbias.xrbias.11                 2.99953
xxdut.xxbias.xrbias.21                 1.12992
xxdut.ibias                            1.12944
xxdut.xxtrim.xrfix.11                  2.99984
xxdut.xxtrim.xrfix.21                  2.57335
xxdut.xxtrim.c1                        2.57319
xxdut.xxtrim.xr0.11                    2.57303
xxdut.xxtrim.xr0.21                     2.5708
xxdut.xxtrim.c2                        2.57064
t0                                           3
xxdut.xxtrim.xr1.11                    2.57048
xxdut.xxtrim.xr1.21                    2.56602
xxdut.xxtrim.c3                        2.56586
t1                                           3
xxdut.xxtrim.xr2.11                     2.5657
xxdut.xxtrim.xr2.21                    2.55679
xxdut.xxtrim.c4                        2.55663
t2                                           3
xxdut.xxtrim.xr3.11                    2.55647
xxdut.xxtrim.xr3.21                    2.53864
xxdut.xxtrim.c5                        2.53848
t3                                           3
xxdut.xxtrim.xr4.11                    2.53832
xxdut.xxtrim.xr4.21                    2.50265
xxdut.xxtrim.c6                        2.50249
t4                                           3
xxdut.xxtrim.xr5.11                    2.50233
xxdut.xxtrim.xr5.21                      2.431
xxdut.xxtrim.c7                        2.43084
t5                                           3
xxdut.xxtrim.xr6.11                    2.43068
xxdut.xxtrim.xr6.21                    2.28802
xxdut.xxtrim.c8                        2.28786
t6                                           3
xxdut.xxtrim.xr7.11                     2.2877
xxdut.xxtrim.xr7.21                    2.00265
xxdut.vc                                2.0025
t7                                           3
xxdut.xxcmph.tail                     0.824571
xxdut.xxcmph.dp                         1.3536
xxdut.xxcmph.dn                        1.56478
xxdut.cmph_out                         1.31353
xxdut.xxcmpl.tail                     0.749361
xxdut.xxcmpl.dp                              3
xxdut.xxcmpl.dn                        1.29584
xxdut.cmpl_out                     5.02016e-09
clk                                   0.702757
xxdut.qbar                             1.27426
xxdut.mid1                             2.51277
xxdut.mid2                              2.8644
vt7#branch                                   0
vt6#branch                                   0
vt5#branch                                   0
vt4#branch                                   0
vt3#branch                                   0
vt2#branch                                   0
vt1#branch                                   0
vt0#branch                                   0
vdd#branch                        -0.000279345

 Reference value :  0.00000e+00
 Reference value :  9.40493e-08
 Reference value :  1.87308e-07
 Reference value :  2.77155e-07
 Reference value :  3.71602e-07
 Reference value :  4.56555e-07
 Reference value :  5.48681e-07
 Reference value :  6.35462e-07
 Reference value :  7.29481e-07
 Reference value :  8.18789e-07
 Reference value :  9.13687e-07
 Reference value :  1.00523e-06
 Reference value :  1.09847e-06
 Reference value :  1.19101e-06
 Reference value :  1.28217e-06
 Reference value :  1.37758e-06
 Reference value :  1.46677e-06
 Reference value :  1.56391e-06
 Reference value :  1.65303e-06
 Reference value :  1.74866e-06
 Reference value :  1.84819e-06
 Reference value :  1.94006e-06
 Reference value :  2.03163e-06
 Reference value :  2.12609e-06
 Reference value :  2.21684e-06
 Reference value :  2.31242e-06
 Reference value :  2.40168e-06
 Reference value :  2.49588e-06
 Reference value :  2.58524e-06
 Reference value :  2.68038e-06
 Reference value :  2.76786e-06
 Reference value :  2.86340e-06
 Reference value :  2.95133e-06
 Reference value :  3.04608e-06
 Reference value :  3.13331e-06
 Reference value :  3.22885e-06
 Reference value :  3.31624e-06
 Reference value :  3.41182e-06
 Reference value :  3.50210e-06
 Reference value :  3.59683e-06
 Reference value :  3.68859e-06
 Reference value :  3.78234e-06
 Reference value :  3.87349e-06
 Reference value :  3.96640e-06
No. of Data Rows : 20288
ta                  =  2.55390e-07
tb                  =  1.50188e-06
ta = 2.553903e-07
tb = 1.501883e-06
period = 6.232463e-08
fosc = 1.604502e+07
ngspice-46 done

Warning: m=xx on .subckt line will override multiplier m hierarchy!

Note: Starting dynamic gmin stepping
Note: Dynamic gmin stepping completed
