====================================================================
gf180-rcosc PVT corner run: ss_T+085C_V3p6_code0xFF
run id      : 20260905T211140Z
process     : ss (fets=ss res=res_ss mimcap=mimcap_ss)
temperature : 85 C
supply      : 3.6 V
trim code   : 0xFF (255)
transient   : tran 200p 4000n, f = 20 periods / (t[rise=25] - t[rise=5])
wall clock  : 75.9 s
exit status : 0
====================================================================

Note: Compatibility modes selected: hs a


Circuit: ** sch_path: /users/rwalters/github/gf180-rcosc/.loom/worktrees/issue-12/design/pvt_tb.sch

Doing analysis at TEMP = 85.000000 and TNOM = 27.000000

Using SPARSE 1.3 as Direct Linear Solver

Initial Transient Solution
--------------------------

Node                                   Voltage
----                                   -------
vdd                                        3.6
xxdut.xxbias.xrba.11                   3.59939
xxdut.xxbias.xrba.21                   2.40061
xxdut.vh                                   2.4
xxdut.xxbias.xrbb.11                   2.39939
xxdut.xxbias.xrbb.21                   1.20061
xxdut.vl                                   1.2
xxdut.xxbias.xrbc.11                   1.19939
xxdut.xxbias.xrbc.21               0.000607323
xxdut.xxbias.xrbias.11                 3.59939
xxdut.xxbias.xrbias.21                 1.19196
xxdut.ibias                            1.19135
xxdut.xxtrim.xrfix.11                  3.59981
xxdut.xxtrim.xrfix.21                  3.08691
xxdut.xxtrim.c1                        3.08672
xxdut.xxtrim.xr0.11                    3.08653
xxdut.xxtrim.xr0.21                    3.08385
xxdut.xxtrim.c2                        3.08366
t0                                         3.6
xxdut.xxtrim.xr1.11                    3.08346
xxdut.xxtrim.xr1.21                     3.0781
xxdut.xxtrim.c3                        3.07791
t1                                         3.6
xxdut.xxtrim.xr2.11                    3.07772
xxdut.xxtrim.xr2.21                      3.067
xxdut.xxtrim.c4                         3.0668
t2                                         3.6
xxdut.xxtrim.xr3.11                    3.06661
xxdut.xxtrim.xr3.21                    3.04517
xxdut.xxtrim.c5                        3.04498
t3                                         3.6
xxdut.xxtrim.xr4.11                    3.04478
xxdut.xxtrim.xr4.21                    3.00189
xxdut.xxtrim.c6                         3.0017
t4                                         3.6
xxdut.xxtrim.xr5.11                    3.00151
xxdut.xxtrim.xr5.21                    2.91573
xxdut.xxtrim.c7                        2.91553
t5                                         3.6
xxdut.xxtrim.xr6.11                    2.91534
xxdut.xxtrim.xr6.21                    2.74378
xxdut.xxtrim.c8                        2.74359
t6                                         3.6
xxdut.xxtrim.xr7.11                     2.7434
xxdut.xxtrim.xr7.21                    2.40553
xxdut.vc                               2.40534
t7                                         3.6
xxdut.xxcmph.tail                      1.12031
xxdut.xxcmph.dp                        1.62649
xxdut.xxcmph.dn                        2.07581
xxdut.cmph_out                         1.57411
xxdut.xxcmpl.tail                      1.03579
xxdut.xxcmpl.dp                            3.6
xxdut.xxcmpl.dn                        1.76521
xxdut.cmpl_out                     5.83202e-09
clk                                   0.711166
xxdut.qbar                             1.50685
xxdut.mid1                             2.91283
xxdut.mid2                             3.39161
vt7#branch                                   0
vt6#branch                                   0
vt5#branch                                   0
vt4#branch                                   0
vt3#branch                                   0
vt2#branch                                   0
vt1#branch                                   0
vt0#branch                                   0
vdd#branch                        -0.000451477

 Reference value :  0.00000e+00
 Reference value :  8.73190e-08
 Reference value :  1.77789e-07
 Reference value :  2.67089e-07
 Reference value :  3.58393e-07
 Reference value :  4.53707e-07
 Reference value :  5.37089e-07
 Reference value :  6.29476e-07
 Reference value :  7.14267e-07
 Reference value :  8.08087e-07
 Reference value :  8.94630e-07
 Reference value :  9.83517e-07
 Reference value :  1.07656e-06
 Reference value :  1.16445e-06
 Reference value :  1.25757e-06
 Reference value :  1.34591e-06
 Reference value :  1.43868e-06
 Reference value :  1.52773e-06
 Reference value :  1.61589e-06
 Reference value :  1.71035e-06
 Reference value :  1.79545e-06
 Reference value :  1.89921e-06
 Reference value :  1.99220e-06
 Reference value :  2.07819e-06
 Reference value :  2.17351e-06
 Reference value :  2.26020e-06
 Reference value :  2.35540e-06
 Reference value :  2.44226e-06
 Reference value :  2.53170e-06
 Reference value :  2.62533e-06
 Reference value :  2.71278e-06
 Reference value :  2.80685e-06
 Reference value :  2.89572e-06
 Reference value :  2.98753e-06
 Reference value :  3.07546e-06
 Reference value :  3.16267e-06
 Reference value :  3.25400e-06
 Reference value :  3.34225e-06
 Reference value :  3.43604e-06
 Reference value :  3.52394e-06
 Reference value :  3.61767e-06
 Reference value :  3.70854e-06
 Reference value :  3.79739e-06
 Reference value :  3.89169e-06
 Reference value :  3.97965e-06
No. of Data Rows : 20370
ta                  =  2.34501e-07
tb                  =  1.38095e-06
ta = 2.345008e-07
tb = 1.380955e-06
period = 5.732271e-08
fosc = 1.744509e+07
ngspice-46 done

Warning: m=xx on .subckt line will override multiplier m hierarchy!

Note: Starting dynamic gmin stepping
Note: Dynamic gmin stepping completed
