====================================================================
gf180-rcosc PVT corner run: tt_T+085C_V3p3_code0x80
run id      : 20260905T211140Z
process     : tt (fets=typical res=res_typical mimcap=mimcap_typical)
temperature : 85 C
supply      : 3.3 V
trim code   : 0x80 (128)
transient   : tran 200p 4000n, f = 20 periods / (t[rise=25] - t[rise=5])
wall clock  : 89.0 s
exit status : 0
====================================================================

Note: Compatibility modes selected: hs a


Circuit: ** sch_path: /users/rwalters/github/gf180-rcosc/.loom/worktrees/issue-12/design/pvt_tb.sch

Doing analysis at TEMP = 85.000000 and TNOM = 27.000000

Using SPARSE 1.3 as Direct Linear Solver

Initial Transient Solution
--------------------------

Node                                   Voltage
----                                   -------
vdd                                        3.3
xxdut.xxbias.xrba.11                   3.29933
xxdut.xxbias.xrba.21                   2.20067
xxdut.vh                                   2.2
xxdut.xxbias.xrbb.11                   2.19933
xxdut.xxbias.xrbb.21                   1.10067
xxdut.vl                                   1.1
xxdut.xxbias.xrbc.11                   1.09933
xxdut.xxbias.xrbc.21                0.00066792
xxdut.xxbias.xrbias.11                 3.29933
xxdut.xxbias.xrbias.21                 1.08746
xxdut.ibias                            1.08679
xxdut.xxtrim.xrfix.11                  3.29979
xxdut.xxtrim.xrfix.21                  2.82328
xxdut.xxtrim.c1                        2.82307
xxdut.xxtrim.xr0.11                    2.82286
xxdut.xxtrim.xr0.21                    2.82037
xxdut.xxtrim.c2                        2.82015
t0                                           0
xxdut.xxtrim.xr1.11                    2.81994
xxdut.xxtrim.xr1.21                    2.81496
xxdut.xxtrim.c3                        2.81474
t1                                           0
xxdut.xxtrim.xr2.11                    2.81453
xxdut.xxtrim.xr2.21                    2.80457
xxdut.xxtrim.c4                        2.80435
t2                                           0
xxdut.xxtrim.xr3.11                    2.80414
xxdut.xxtrim.xr3.21                    2.78422
xxdut.xxtrim.c5                          2.784
t3                                           0
xxdut.xxtrim.xr4.11                    2.78379
xxdut.xxtrim.xr4.21                    2.74394
xxdut.xxtrim.c6                        2.74373
t4                                           0
xxdut.xxtrim.xr5.11                    2.74351
xxdut.xxtrim.xr5.21                    2.66382
xxdut.xxtrim.c7                         2.6636
t5                                           0
xxdut.xxtrim.xr6.11                    2.66339
xxdut.xxtrim.xr6.21                      2.504
xxdut.xxtrim.c8                        2.50379
t6                                           0
xxdut.xxtrim.xr7.11                    2.50359
xxdut.xxtrim.xr7.21                    2.20592
xxdut.vc                               2.20572
t7                                         3.3
xxdut.xxcmph.tail                      1.05747
xxdut.xxcmph.dp                        1.48265
xxdut.xxcmph.dn                        1.89404
xxdut.cmph_out                         1.43177
xxdut.xxcmpl.tail                     0.972665
xxdut.xxcmpl.dp                            3.3
xxdut.xxcmpl.dn                        1.58136
xxdut.cmpl_out                     5.19822e-09
clk                                   0.606572
xxdut.qbar                             1.37205
xxdut.mid1                              2.6344
xxdut.mid2                             3.09285
vt7#branch                                   0
vt6#branch                                   0
vt5#branch                                   0
vt4#branch                                   0
vt3#branch                                   0
vt2#branch                                   0
vt1#branch                                   0
vt0#branch                                   0
vdd#branch                         -0.00047666

 Reference value :  0.00000e+00
 Reference value :  8.26189e-08
 Reference value :  1.70426e-07
 Reference value :  2.55399e-07
 Reference value :  3.43943e-07
 Reference value :  4.33720e-07
 Reference value :  5.28950e-07
 Reference value :  6.13651e-07
 Reference value :  6.98338e-07
 Reference value :  7.85121e-07
 Reference value :  8.72009e-07
 Reference value :  9.63238e-07
 Reference value :  1.04971e-06
 Reference value :  1.13666e-06
 Reference value :  1.22386e-06
 Reference value :  1.31355e-06
 Reference value :  1.40179e-06
 Reference value :  1.49273e-06
 Reference value :  1.58343e-06
 Reference value :  1.67113e-06
 Reference value :  1.75293e-06
 Reference value :  1.83860e-06
 Reference value :  1.92492e-06
 Reference value :  2.01698e-06
 Reference value :  2.10946e-06
 Reference value :  2.19422e-06
 Reference value :  2.27964e-06
 Reference value :  2.37385e-06
 Reference value :  2.46128e-06
 Reference value :  2.54913e-06
 Reference value :  2.64076e-06
 Reference value :  2.73265e-06
 Reference value :  2.82476e-06
 Reference value :  2.91124e-06
 Reference value :  3.00217e-06
 Reference value :  3.09428e-06
 Reference value :  3.18262e-06
 Reference value :  3.27300e-06
 Reference value :  3.36209e-06
 Reference value :  3.45376e-06
 Reference value :  3.54564e-06
 Reference value :  3.63405e-06
 Reference value :  3.72321e-06
 Reference value :  3.81365e-06
 Reference value :  3.90325e-06
 Reference value :  3.99326e-06
No. of Data Rows : 20441
ta                  =  1.99409e-07
tb                  =  1.15599e-06
ta = 1.994092e-07
tb = 1.155985e-06
period = 4.782879e-08
fosc = 2.090791e+07
ngspice-46 done

Warning: m=xx on .subckt line will override multiplier m hierarchy!

Note: Starting dynamic gmin stepping
Note: Dynamic gmin stepping completed
