====================================================================
gf180-rcosc PVT corner run: tt_T+085C_V3p6_code0xFF
run id      : 20260905T211140Z
process     : tt (fets=typical res=res_typical mimcap=mimcap_typical)
temperature : 85 C
supply      : 3.6 V
trim code   : 0xFF (255)
transient   : tran 200p 4000n, f = 20 periods / (t[rise=25] - t[rise=5])
wall clock  : 87.9 s
exit status : 0
====================================================================

Note: Compatibility modes selected: hs a


Circuit: ** sch_path: /users/rwalters/github/gf180-rcosc/.loom/worktrees/issue-12/design/pvt_tb.sch

Doing analysis at TEMP = 85.000000 and TNOM = 27.000000

Using SPARSE 1.3 as Direct Linear Solver

Initial Transient Solution
--------------------------

Node                                   Voltage
----                                   -------
vdd                                        3.6
xxdut.xxbias.xrba.11                   3.59927
xxdut.xxbias.xrba.21                   2.40073
xxdut.vh                                   2.4
xxdut.xxbias.xrbb.11                   2.39927
xxdut.xxbias.xrbb.21                   1.20073
xxdut.vl                                   1.2
xxdut.xxbias.xrbc.11                   1.19927
xxdut.xxbias.xrbc.21                0.00072864
xxdut.xxbias.xrbias.11                 3.59925
xxdut.xxbias.xrbias.21                 1.11866
xxdut.ibias                             1.1179
xxdut.xxtrim.xrfix.11                  3.59976
xxdut.xxtrim.xrfix.21                  3.06027
xxdut.xxtrim.c1                        3.06002
xxdut.xxtrim.xr0.11                    3.05978
xxdut.xxtrim.xr0.21                    3.05696
xxdut.xxtrim.c2                        3.05672
t0                                         3.6
xxdut.xxtrim.xr1.11                    3.05648
xxdut.xxtrim.xr1.21                    3.05084
xxdut.xxtrim.c3                         3.0506
t1                                         3.6
xxdut.xxtrim.xr2.11                    3.05035
xxdut.xxtrim.xr2.21                    3.03908
xxdut.xxtrim.c4                        3.03883
t2                                         3.6
xxdut.xxtrim.xr3.11                    3.03859
xxdut.xxtrim.xr3.21                    3.01603
xxdut.xxtrim.c5                        3.01579
t3                                         3.6
xxdut.xxtrim.xr4.11                    3.01555
xxdut.xxtrim.xr4.21                    2.97043
xxdut.xxtrim.c6                        2.97019
t4                                         3.6
xxdut.xxtrim.xr5.11                    2.96995
xxdut.xxtrim.xr5.21                    2.87972
xxdut.xxtrim.c7                        2.87948
t5                                         3.6
xxdut.xxtrim.xr6.11                    2.87924
xxdut.xxtrim.xr6.21                    2.69879
xxdut.xxtrim.c8                        2.69854
t6                                         3.6
xxdut.xxtrim.xr7.11                    2.69835
xxdut.xxtrim.xr7.21                     2.4077
xxdut.vc                               2.40751
t7                                         3.6
xxdut.xxcmph.tail                      1.20847
xxdut.xxcmph.dp                        1.62014
xxdut.xxcmph.dn                        2.14935
xxdut.cmph_out                          1.5627
xxdut.xxcmpl.tail                      1.11918
xxdut.xxcmpl.dp                            3.6
xxdut.xxcmpl.dn                        1.81534
xxdut.cmpl_out                     5.92204e-09
clk                                   0.612715
xxdut.qbar                             1.49733
xxdut.mid1                             2.83414
xxdut.mid2                              3.3564
vt7#branch                                   0
vt6#branch                                   0
vt5#branch                                   0
vt4#branch                                   0
vt3#branch                                   0
vt2#branch                                   0
vt1#branch                                   0
vt0#branch                                   0
vdd#branch                        -0.000582389

 Reference value :  0.00000e+00
 Reference value :  8.97059e-08
 Reference value :  1.75250e-07
 Reference value :  2.62076e-07
 Reference value :  3.48983e-07
 Reference value :  4.33062e-07
 Reference value :  5.18315e-07
 Reference value :  6.07852e-07
 Reference value :  6.87119e-07
 Reference value :  7.76260e-07
 Reference value :  8.63385e-07
 Reference value :  9.51589e-07
 Reference value :  1.04049e-06
 Reference value :  1.12479e-06
 Reference value :  1.21070e-06
 Reference value :  1.29601e-06
 Reference value :  1.38301e-06
 Reference value :  1.46911e-06
 Reference value :  1.55536e-06
 Reference value :  1.64048e-06
 Reference value :  1.72877e-06
 Reference value :  1.81354e-06
 Reference value :  1.90077e-06
 Reference value :  1.99550e-06
 Reference value :  2.09152e-06
 Reference value :  2.17903e-06
 Reference value :  2.26513e-06
 Reference value :  2.35267e-06
 Reference value :  2.43947e-06
 Reference value :  2.52879e-06
 Reference value :  2.61259e-06
 Reference value :  2.70620e-06
 Reference value :  2.79339e-06
 Reference value :  2.87637e-06
 Reference value :  2.95942e-06
 Reference value :  3.04536e-06
 Reference value :  3.13224e-06
 Reference value :  3.21804e-06
 Reference value :  3.30485e-06
 Reference value :  3.39059e-06
 Reference value :  3.47593e-06
 Reference value :  3.55992e-06
 Reference value :  3.63673e-06
 Reference value :  3.72045e-06
 Reference value :  3.79887e-06
 Reference value :  3.87226e-06
 Reference value :  3.94701e-06
No. of Data Rows : 20552
ta                  =  1.80550e-07
tb                  =  1.05440e-06
ta = 1.805496e-07
tb = 1.054401e-06
period = 4.369257e-08
fosc = 2.288719e+07
ngspice-46 done

Warning: m=xx on .subckt line will override multiplier m hierarchy!

Note: Starting dynamic gmin stepping
Note: Dynamic gmin stepping completed
