====================================================================
gf180-rcosc PVT corner run: tt_T-040C_V3p0_code0xFF
run id      : 20260905T211140Z
process     : tt (fets=typical res=res_typical mimcap=mimcap_typical)
temperature : -40 C
supply      : 3 V
trim code   : 0xFF (255)
transient   : tran 200p 4000n, f = 20 periods / (t[rise=25] - t[rise=5])
wall clock  : 179.1 s
exit status : 0
====================================================================

Note: Compatibility modes selected: hs a


Circuit: ** sch_path: /users/rwalters/github/gf180-rcosc/.loom/worktrees/issue-12/design/pvt_tb.sch

Doing analysis at TEMP = -40.000000 and TNOM = 27.000000

Using SPARSE 1.3 as Direct Linear Solver

Initial Transient Solution
--------------------------

Node                                   Voltage
----                                   -------
vdd                                          3
xxdut.xxbias.xrba.11                   2.99865
xxdut.xxbias.xrba.21                    2.0018
xxdut.vh                               2.00045
xxdut.xxbias.xrbb.11                    1.9991
xxdut.xxbias.xrbb.21                   1.00211
xxdut.vl                               1.00076
xxdut.xxbias.xrbc.11                  0.999416
xxdut.xxbias.xrbc.21                0.00134843
xxdut.xxbias.xrbias.11                 2.99869
xxdut.xxbias.xrbias.21                 1.05663
xxdut.ibias                            1.05532
xxdut.xxtrim.xrfix.11                  2.99907
xxdut.xxtrim.xrfix.21                   2.0682
xxdut.xxtrim.c1                        2.06727
xxdut.xxtrim.xr0.11                    2.06625
xxdut.xxtrim.xr0.21                    2.06092
xxdut.xxtrim.c2                        2.05991
t0                                           3
xxdut.xxtrim.xr1.11                    2.05907
xxdut.xxtrim.xr1.21                    2.05024
xxdut.xxtrim.c3                         2.0494
t1                                           3
xxdut.xxtrim.xr2.11                    2.04864
xxdut.xxtrim.xr2.21                    2.03258
xxdut.xxtrim.c4                        2.03181
t2                                           3
xxdut.xxtrim.xr3.11                    2.03109
xxdut.xxtrim.xr3.21                    2.00054
xxdut.xxtrim.c5                        1.99982
t3                                           3
xxdut.xxtrim.xr4.11                    1.99913
xxdut.xxtrim.xr4.21                    1.94128
xxdut.xxtrim.c6                        1.94059
t4                                           3
xxdut.xxtrim.xr5.11                    1.93999
xxdut.xxtrim.xr5.21                    1.83876
xxdut.xxtrim.c7                        1.83815
t5                                           3
xxdut.xxtrim.xr6.11                     1.8379
xxdut.xxtrim.xr6.21                    1.75264
xxdut.xxtrim.c8                        1.75238
t6                                           3
xxdut.xxtrim.xr7.11                    1.75231
xxdut.xxtrim.xr7.21                    1.70631
xxdut.vc                               1.70625
t7                                           3
xxdut.xxcmph.tail                     0.794628
xxdut.xxcmph.dp                         2.9987
xxdut.xxcmph.dn                        1.44166
xxdut.cmph_out                      0.00391099
xxdut.xxcmpl.tail                     0.561639
xxdut.xxcmpl.dp                         3.0028
xxdut.xxcmpl.dn                        1.44057
xxdut.cmpl_out                       0.0197079
clk                                 0.00790168
xxdut.qbar                             3.00191
xxdut.mid1                             3.00903
xxdut.mid2                             2.99616
vt7#branch                          7.3924e-07
vt6#branch                         1.71833e-06
vt5#branch                         1.27807e-06
vt4#branch                         8.34087e-07
vt3#branch                         5.76173e-07
vt2#branch                         5.71607e-07
vt1#branch                         9.91113e-07
vt0#branch                         1.88583e-06
vdd#branch                        -0.000118423

 Reference value :  0.00000e+00
 Reference value :  8.37334e-08
 Reference value :  1.73068e-07
 Reference value :  2.57030e-07
 Reference value :  3.38945e-07
 Reference value :  4.30095e-07
 Reference value :  5.13970e-07
 Reference value :  5.96445e-07
 Reference value :  6.87040e-07
 Reference value :  7.72835e-07
 Reference value :  8.56114e-07
 Reference value :  9.44556e-07
 Reference value :  1.02518e-06
 Reference value :  1.11019e-06
 Reference value :  1.20246e-06
 Reference value :  1.29658e-06
 Reference value :  1.37810e-06
 Reference value :  1.46464e-06
 Reference value :  1.55701e-06
 Reference value :  1.64190e-06
 Reference value :  1.72823e-06
 Reference value :  1.82015e-06
 Reference value :  1.90849e-06
 Reference value :  1.99444e-06
 Reference value :  2.08138e-06
 Reference value :  2.17158e-06
 Reference value :  2.25845e-06
 Reference value :  2.34479e-06
 Reference value :  2.43652e-06
 Reference value :  2.52522e-06
 Reference value :  2.61359e-06
 Reference value :  2.70143e-06
 Reference value :  2.79665e-06
 Reference value :  2.88322e-06
 Reference value :  2.97255e-06
 Reference value :  3.06109e-06
 Reference value :  3.15334e-06
 Reference value :  3.24572e-06
 Reference value :  3.33241e-06
 Reference value :  3.42014e-06
 Reference value :  3.51538e-06
 Reference value :  3.60500e-06
 Reference value :  3.69462e-06
 Reference value :  3.78419e-06
 Reference value :  3.87741e-06
 Reference value :  3.96105e-06
No. of Data Rows : 20438
ta                  =  2.24191e-07
tb                  =  1.25374e-06
ta = 2.241907e-07
tb = 1.253742e-06
period = 5.147756e-08
fosc = 1.942594e+07
ngspice-46 done

Warning: m=xx on .subckt line will override multiplier m hierarchy!

Note: Starting dynamic gmin stepping
Warning: Dynamic gmin stepping failed
Note: Starting true gmin stepping
Warning: True gmin stepping failed
Note: Starting source stepping
Warning: singular matrix:  check node xxdut.vl

Warning: source stepping failed
Note: Transient op started
Note: Transient op finished successfully
