====================================================================
gf180-rcosc PVT corner run: tt_T+027C_V3p3_code0x40
run id      : 20260905T211140Z
process     : tt (fets=typical res=res_typical mimcap=mimcap_typical)
temperature : 27 C
supply      : 3.3 V
trim code   : 0x40 (64)
transient   : tran 200p 4000n, f = 20 periods / (t[rise=25] - t[rise=5])
wall clock  : 44.9 s
exit status : 0
====================================================================

Note: Compatibility modes selected: hs a


Circuit: ** sch_path: /users/rwalters/github/gf180-rcosc/.loom/worktrees/issue-12/design/pvt_tb.sch

Doing analysis at TEMP = 27.000000 and TNOM = 27.000000

Using SPARSE 1.3 as Direct Linear Solver

Initial Transient Solution
--------------------------

Node                                   Voltage
----                                   -------
vdd                                        3.3
xxdut.xxbias.xrba.11                   3.29907
xxdut.xxbias.xrba.21                   2.20093
xxdut.vh                                   2.2
xxdut.xxbias.xrbb.11                   2.19907
xxdut.xxbias.xrbb.21                   1.10093
xxdut.vl                                   1.1
xxdut.xxbias.xrbc.11                   1.09907
xxdut.xxbias.xrbc.21               0.000925394
xxdut.xxbias.xrbias.11                 3.29907
xxdut.xxbias.xrbias.21                 1.08389
xxdut.ibias                            1.08295
xxdut.xxtrim.xrfix.11                  3.29971
xxdut.xxtrim.xrfix.21                  2.83255
xxdut.xxtrim.c1                        2.83226
xxdut.xxtrim.xr0.11                    2.83197
xxdut.xxtrim.xr0.21                    2.82953
xxdut.xxtrim.c2                        2.82924
t0                                           0
xxdut.xxtrim.xr1.11                    2.82895
xxdut.xxtrim.xr1.21                    2.82406
xxdut.xxtrim.c3                        2.82377
t1                                           0
xxdut.xxtrim.xr2.11                    2.82348
xxdut.xxtrim.xr2.21                    2.81372
xxdut.xxtrim.c4                        2.81343
t2                                           0
xxdut.xxtrim.xr3.11                    2.81313
xxdut.xxtrim.xr3.21                     2.7936
xxdut.xxtrim.c5                        2.79331
t3                                           0
xxdut.xxtrim.xr4.11                    2.79302
xxdut.xxtrim.xr4.21                    2.75395
xxdut.xxtrim.c6                        2.75366
t4                                           0
xxdut.xxtrim.xr5.11                    2.75337
xxdut.xxtrim.xr5.21                    2.67524
xxdut.xxtrim.c7                        2.67495
t5                                           0
xxdut.xxtrim.xr6.11                    2.67466
xxdut.xxtrim.xr6.21                    2.51839
xxdut.xxtrim.c8                         2.5181
t6                                         3.3
xxdut.xxtrim.xr7.11                    2.51781
xxdut.xxtrim.xr7.21                    2.20528
xxdut.vc                               2.20499
t7                                           0
xxdut.xxcmph.tail                      1.03325
xxdut.xxcmph.dp                        1.47816
xxdut.xxcmph.dn                        1.90502
xxdut.cmph_out                         1.42871
xxdut.xxcmpl.tail                     0.960161
xxdut.xxcmpl.dp                            3.3
xxdut.xxcmpl.dn                        1.62533
xxdut.cmpl_out                     4.20669e-09
clk                                   0.663236
xxdut.qbar                             1.36858
xxdut.mid1                             2.67744
xxdut.mid2                             3.10453
vt7#branch                                   0
vt6#branch                                   0
vt5#branch                                   0
vt4#branch                                   0
vt3#branch                                   0
vt2#branch                                   0
vt1#branch                                   0
vt0#branch                                   0
vdd#branch                          -0.0004945

 Reference value :  0.00000e+00
 Reference value :  8.34180e-08
 Reference value :  1.70104e-07
 Reference value :  2.62508e-07
 Reference value :  3.47271e-07
 Reference value :  4.33462e-07
 Reference value :  5.28495e-07
 Reference value :  6.13034e-07
 Reference value :  6.99533e-07
 Reference value :  7.93275e-07
 Reference value :  8.77639e-07
 Reference value :  9.66172e-07
 Reference value :  1.06083e-06
 Reference value :  1.14519e-06
 Reference value :  1.23129e-06
 Reference value :  1.32496e-06
 Reference value :  1.40969e-06
 Reference value :  1.49718e-06
 Reference value :  1.59049e-06
 Reference value :  1.67570e-06
 Reference value :  1.76317e-06
 Reference value :  1.85923e-06
 Reference value :  1.94479e-06
 Reference value :  2.03269e-06
 Reference value :  2.13068e-06
 Reference value :  2.22019e-06
 Reference value :  2.31059e-06
 Reference value :  2.40042e-06
 Reference value :  2.49515e-06
 Reference value :  2.58136e-06
 Reference value :  2.66958e-06
 Reference value :  2.76505e-06
 Reference value :  2.85441e-06
 Reference value :  2.94159e-06
 Reference value :  3.03572e-06
 Reference value :  3.12183e-06
 Reference value :  3.20870e-06
 Reference value :  3.30220e-06
 Reference value :  3.39507e-06
 Reference value :  3.48202e-06
 Reference value :  3.57181e-06
 Reference value :  3.67251e-06
 Reference value :  3.76072e-06
 Reference value :  3.84797e-06
 Reference value :  3.94326e-06
No. of Data Rows : 20569
ta                  =  2.17802e-07
tb                  =  1.28140e-06
ta = 2.178023e-07
tb = 1.281404e-06
period = 5.318009e-08
fosc = 1.880403e+07
ngspice-46 done

Warning: m=xx on .subckt line will override multiplier m hierarchy!

Note: Starting dynamic gmin stepping
Note: Dynamic gmin stepping completed
