====================================================================
gf180-rcosc PVT corner run: ff_T-040C_V3p3_code0x3F
run id      : 20260921T075822Z
process     : ff (fets=ff res=res_ff mimcap=mimcap_ff)
temperature : -40 C
supply      : 3.3 V
trim code   : 0x3F (63)
transient   : tran 200p 1200n, f = 20 periods / (t[rise=25] - t[rise=5])
wall clock  : 26.6 s
exit status : 0
====================================================================

Note: Compatibility modes selected: hs a


Circuit: ** sch_path: /users/rwalters/github/gf180-rcosc/.loom/worktrees/issue-39/design/pvt_tb.sch

Doing analysis at TEMP = -40.000000 and TNOM = 27.000000

Using SPARSE 1.3 as Direct Linear Solver

Initial Transient Solution
--------------------------

Node                                   Voltage
----                                   -------
vdd                                        3.3
xxdut.xxbias.xrba.11                   3.29815
xxdut.xxbias.xrba.21                   2.20185
xxdut.vh                                   2.2
xxdut.xxbias.xrbb.11                   2.19815
xxdut.xxbias.xrbb.21                   1.10185
xxdut.vl                                   1.1
xxdut.xxbias.xrbc.11                   1.09815
xxdut.xxbias.xrbc.21                0.00185143
xxdut.ibias                           0.888304
xxdut.xxbias.pb                        2.19486
xxdut.xxbias.n2s                      0.147802
xxdut.xxbias.xrz.11                    0.14703
xxdut.xxbias.xrz.21                0.000771882
xxdut.xxtrim.xrfix.11                  3.29912
xxdut.xxtrim.xrfix.21                  3.20986
xxdut.xxtrim.c1                        3.20898
xxdut.xxtrim.xr0.11                    3.20811
xxdut.xxtrim.xr0.21                    3.20422
xxdut.xxtrim.c2                        3.20335
t0                                         3.3
xxdut.xxtrim.xr1.11                    3.20247
xxdut.xxtrim.xr1.21                     3.1947
xxdut.xxtrim.c3                        3.19383
t1                                         3.3
xxdut.xxtrim.xr2.11                    3.19295
xxdut.xxtrim.xr2.21                    3.17741
xxdut.xxtrim.c4                        3.17654
t2                                         3.3
xxdut.xxtrim.xr3.11                    3.17566
xxdut.xxtrim.xr3.21                    3.14459
xxdut.xxtrim.c5                        3.14372
t3                                         3.3
xxdut.xxtrim.xr4.11                    3.14284
xxdut.xxtrim.xr4.21                     3.0807
xxdut.xxtrim.c6                        3.07982
t4                                         3.3
xxdut.xxtrim.xr5.11                    3.07895
xxdut.xxtrim.xr5.21                    2.95467
xxdut.xxtrim.c7                        2.95379
t5                                         3.3
xxdut.xxtrim.xr6.11                    2.95291
xxdut.xxtrim.xr6.21                    2.70436
xxdut.xxtrim.c8                        2.70348
t6                                           0
xxdut.xxtrim.xr7.11                     2.7026
xxdut.xxtrim.xr7.21                    2.20549
xxdut.vc                               2.20461
t7                                           0
xxdut.xxcmph.tail                       1.0333
xxdut.xxcmph.dp                        1.46962
xxdut.xxcmph.dn                        1.76892
xxdut.cmph_out                          1.4135
xxdut.xxcmpl.tail                     0.936676
xxdut.xxcmpl.dp                            3.3
xxdut.xxcmpl.dn                        1.39644
xxdut.cmpl_out                     3.27009e-09
clk                                   0.648874
xxdut.qbar                              1.3482
xxdut.mid1                             2.65927
xxdut.mid2                             3.08081
vt7#branch                                   0
vt6#branch                                   0
vt5#branch                                   0
vt4#branch                                   0
vt3#branch                                   0
vt2#branch                                   0
vt1#branch                                   0
vt0#branch                                   0
vdd#branch                        -0.000801498

 Reference value :  0.00000e+00
 Reference value :  1.19807e-07
 Reference value :  2.38009e-07
 Reference value :  3.69400e-07
 Reference value :  4.95477e-07
 Reference value :  6.14733e-07
 Reference value :  7.37941e-07
 Reference value :  8.61532e-07
 Reference value :  9.90205e-07
 Reference value :  1.10852e-06
No. of Data Rows : 6399
ta                  =  1.19678e-07
tb                  =  6.80484e-07
ta = 1.196778e-07
tb = 6.804842e-07
period = 2.804032e-08
fosc = 3.566293e+07
ngspice-46 done

Warning: m=xx on .subckt line will override multiplier m hierarchy!

Note: Starting dynamic gmin stepping
Note: Dynamic gmin stepping completed
