====================================================================
gf180-rcosc PVT corner run: ff_T+085C_V3p0_code0xD0
run id      : 20260921T075822Z
process     : ff (fets=ff res=res_ff mimcap=mimcap_ff)
temperature : 85 C
supply      : 3 V
trim code   : 0xD0 (208)
transient   : tran 200p 1200n, f = 20 periods / (t[rise=25] - t[rise=5])
wall clock  : 23.8 s
exit status : 0
====================================================================

Note: Compatibility modes selected: hs a


Circuit: ** sch_path: /users/rwalters/github/gf180-rcosc/.loom/worktrees/issue-39/design/pvt_tb.sch

Doing analysis at TEMP = 85.000000 and TNOM = 27.000000

Using SPARSE 1.3 as Direct Linear Solver

Initial Transient Solution
--------------------------

Node                                   Voltage
----                                   -------
vdd                                          3
xxdut.xxbias.xrba.11                   2.99924
xxdut.xxbias.xrba.21                   2.00076
xxdut.vh                                     2
xxdut.xxbias.xrbb.11                   1.99924
xxdut.xxbias.xrbb.21                   1.00076
xxdut.vl                                     1
xxdut.xxbias.xrbc.11                  0.999241
xxdut.xxbias.xrbc.21                0.00075877
xxdut.ibias                           0.929532
xxdut.xxbias.pb                        1.79894
xxdut.xxbias.n2s                       0.23383
xxdut.xxbias.xrz.11                   0.233277
xxdut.xxbias.xrz.21                0.000552666
xxdut.xxtrim.xrfix.11                  2.99957
xxdut.xxtrim.xrfix.21                  2.90114
xxdut.xxtrim.c1                         2.9007
xxdut.xxtrim.xr0.11                    2.90027
xxdut.xxtrim.xr0.21                    2.89598
xxdut.xxtrim.c2                        2.89555
t0                                           0
xxdut.xxtrim.xr1.11                    2.89511
xxdut.xxtrim.xr1.21                    2.88655
xxdut.xxtrim.c3                        2.88611
t1                                           0
xxdut.xxtrim.xr2.11                    2.88568
xxdut.xxtrim.xr2.21                    2.86855
xxdut.xxtrim.c4                        2.86812
t2                                           0
xxdut.xxtrim.xr3.11                    2.86768
xxdut.xxtrim.xr3.21                    2.83342
xxdut.xxtrim.c5                        2.83299
t3                                           0
xxdut.xxtrim.xr4.11                    2.83255
xxdut.xxtrim.xr4.21                    2.76403
xxdut.xxtrim.c6                         2.7636
t4                                           3
xxdut.xxtrim.xr5.11                    2.76316
xxdut.xxtrim.xr5.21                    2.62613
xxdut.xxtrim.c7                        2.62569
t5                                           0
xxdut.xxtrim.xr6.11                    2.62526
xxdut.xxtrim.xr6.21                    2.35118
xxdut.xxtrim.c8                        2.35075
t6                                           3
xxdut.xxtrim.xr7.11                    2.35044
xxdut.xxtrim.xr7.21                     1.9631
xxdut.vc                               1.96279
t7                                           3
xxdut.xxcmph.tail                     0.795087
xxdut.xxcmph.dp                        1.34116
xxdut.xxcmph.dn                        1.11256
xxdut.cmph_out                         1.28454
xxdut.xxcmpl.tail                     0.358591
xxdut.xxcmpl.dp                        2.98611
xxdut.xxcmpl.dn                       0.580725
xxdut.cmpl_out                     8.09276e-09
clk                                   0.538336
xxdut.qbar                             1.23931
xxdut.mid1                             2.37864
xxdut.mid2                             2.79511
vt7#branch                                   0
vt6#branch                                   0
vt5#branch                                   0
vt4#branch                                   0
vt3#branch                                   0
vt2#branch                                   0
vt1#branch                                   0
vt0#branch                                   0
vdd#branch                        -0.000736824

 Reference value :  6.56000e-10
 Reference value :  9.66101e-08
 Reference value :  1.94426e-07
 Reference value :  3.05017e-07
 Reference value :  4.15230e-07
 Reference value :  5.30541e-07
 Reference value :  6.47167e-07
 Reference value :  7.65899e-07
 Reference value :  8.89429e-07
 Reference value :  1.01652e-06
 Reference value :  1.13044e-06
No. of Data Rows : 6435
ta                  =  6.63022e-08
tb                  =  3.47840e-07
ta = 6.630217e-08
tb = 3.478405e-07
period = 1.407692e-08
fosc = 7.103828e+07
ngspice-46 done

Warning: m=xx on .subckt line will override multiplier m hierarchy!

Note: Starting dynamic gmin stepping
Note: Dynamic gmin stepping completed
