====================================================================
gf180-rcosc PVT corner run: ff_T-040C_V3p6_code0xD0
run id      : 20260921T075822Z
process     : ff (fets=ff res=res_ff mimcap=mimcap_ff)
temperature : -40 C
supply      : 3.6 V
trim code   : 0xD0 (208)
transient   : tran 200p 1200n, f = 20 periods / (t[rise=25] - t[rise=5])
wall clock  : 27.2 s
exit status : 0
====================================================================

Note: Compatibility modes selected: hs a


Circuit: ** sch_path: /users/rwalters/github/gf180-rcosc/.loom/worktrees/issue-39/design/pvt_tb.sch

Doing analysis at TEMP = -40.000000 and TNOM = 27.000000

Using SPARSE 1.3 as Direct Linear Solver

Initial Transient Solution
--------------------------

Node                                   Voltage
----                                   -------
vdd                                        3.6
xxdut.xxbias.xrba.11                   3.59798
xxdut.xxbias.xrba.21                   2.40202
xxdut.vh                                   2.4
xxdut.xxbias.xrbb.11                   2.39798
xxdut.xxbias.xrbb.21                   1.20202
xxdut.vl                                   1.2
xxdut.xxbias.xrbc.11                   1.19798
xxdut.xxbias.xrbc.21                0.00201975
xxdut.ibias                           0.907076
xxdut.xxbias.pb                         2.4671
xxdut.xxbias.n2s                      0.159224
xxdut.xxbias.xrz.11                   0.158392
xxdut.xxbias.xrz.21                0.000831531
xxdut.xxtrim.xrfix.11                  3.59895
xxdut.xxtrim.xrfix.21                  3.49195
xxdut.xxtrim.c1                         3.4909
xxdut.xxtrim.xr0.11                    3.48985
xxdut.xxtrim.xr0.21                     3.4852
xxdut.xxtrim.c2                        3.48414
t0                                           0
xxdut.xxtrim.xr1.11                    3.48309
xxdut.xxtrim.xr1.21                    3.47378
xxdut.xxtrim.c3                        3.47273
t1                                           0
xxdut.xxtrim.xr2.11                    3.47168
xxdut.xxtrim.xr2.21                    3.45306
xxdut.xxtrim.c4                        3.45201
t2                                           0
xxdut.xxtrim.xr3.11                    3.45096
xxdut.xxtrim.xr3.21                    3.41372
xxdut.xxtrim.c5                        3.41267
t3                                           0
xxdut.xxtrim.xr4.11                    3.41162
xxdut.xxtrim.xr4.21                    3.33713
xxdut.xxtrim.c6                        3.33608
t4                                         3.6
xxdut.xxtrim.xr5.11                    3.33503
xxdut.xxtrim.xr5.21                    3.18607
xxdut.xxtrim.c7                        3.18502
t5                                           0
xxdut.xxtrim.xr6.11                    3.18396
xxdut.xxtrim.xr6.21                    2.88603
xxdut.xxtrim.c8                        2.88498
t6                                         3.6
xxdut.xxtrim.xr7.11                    2.88414
xxdut.xxtrim.xr7.21                    2.40728
xxdut.vc                               2.40644
t7                                         3.6
xxdut.xxcmph.tail                       1.1835
xxdut.xxcmph.dp                        1.60612
xxdut.xxcmph.dn                        2.00641
xxdut.cmph_out                         1.54239
xxdut.xxcmpl.tail                      1.07939
xxdut.xxcmpl.dp                            3.6
xxdut.xxcmpl.dn                         1.6017
xxdut.cmpl_out                     4.02941e-09
clk                                    0.65644
xxdut.qbar                             1.46211
xxdut.mid1                             2.85974
xxdut.mid2                             3.33811
vt7#branch                                   0
vt6#branch                                   0
vt5#branch                                   0
vt4#branch                                   0
vt3#branch                                   0
vt2#branch                                   0
vt1#branch                                   0
vt0#branch                                   0
vdd#branch                        -0.000979817

 Reference value :  0.00000e+00
 Reference value :  8.92044e-08
 Reference value :  1.75327e-07
 Reference value :  2.71461e-07
 Reference value :  3.68615e-07
 Reference value :  4.70884e-07
 Reference value :  5.77571e-07
 Reference value :  6.79436e-07
 Reference value :  7.85865e-07
 Reference value :  8.95624e-07
 Reference value :  1.01088e-06
 Reference value :  1.11477e-06
No. of Data Rows : 6460
ta                  =  6.05032e-08
tb                  =  3.44261e-07
ta = 6.050317e-08
tb = 3.442608e-07
period = 1.418788e-08
fosc = 7.048269e+07
ngspice-46 done

Warning: m=xx on .subckt line will override multiplier m hierarchy!

Note: Starting dynamic gmin stepping
Note: Dynamic gmin stepping completed
