====================================================================
gf180-rcosc PVT corner run: rc_f_T-040C_V3p0_code0x80
run id      : 20260921T075822Z
process     : rc_f (fets=typical res=res_ff mimcap=mimcap_ff)
temperature : -40 C
supply      : 3 V
trim code   : 0x80 (128)
transient   : tran 200p 1200n, f = 20 periods / (t[rise=25] - t[rise=5])
wall clock  : 31.7 s
exit status : 0
====================================================================

Note: Compatibility modes selected: hs a


Circuit: ** sch_path: /users/rwalters/github/gf180-rcosc/.loom/worktrees/issue-39/design/pvt_tb.sch

Doing analysis at TEMP = -40.000000 and TNOM = 27.000000

Using SPARSE 1.3 as Direct Linear Solver

Initial Transient Solution
--------------------------

Node                                   Voltage
----                                   -------
vdd                                          3
xxdut.xxbias.xrba.11                   2.99832
xxdut.xxbias.xrba.21                   2.00168
xxdut.vh                                     2
xxdut.xxbias.xrbb.11                   1.99832
xxdut.xxbias.xrbb.21                   1.00168
xxdut.vl                                     1
xxdut.xxbias.xrbc.11                  0.998317
xxdut.xxbias.xrbc.21                0.00168312
xxdut.ibias                           0.974479
xxdut.xxbias.pb                        1.80261
xxdut.xxbias.n2s                      0.131231
xxdut.xxbias.xrz.11                   0.130545
xxdut.xxbias.xrz.21                0.000685339
xxdut.xxtrim.xrfix.11                   2.9992
xxdut.xxtrim.xrfix.21                  2.91779
xxdut.xxtrim.c1                        2.91699
xxdut.xxtrim.xr0.11                    2.91619
xxdut.xxtrim.xr0.21                    2.91265
xxdut.xxtrim.c2                        2.91185
t0                                           0
xxdut.xxtrim.xr1.11                    2.91105
xxdut.xxtrim.xr1.21                    2.90396
xxdut.xxtrim.c3                        2.90316
t1                                           0
xxdut.xxtrim.xr2.11                    2.90236
xxdut.xxtrim.xr2.21                    2.88819
xxdut.xxtrim.c4                         2.8874
t2                                           0
xxdut.xxtrim.xr3.11                     2.8866
xxdut.xxtrim.xr3.21                    2.85826
xxdut.xxtrim.c5                        2.85746
t3                                           0
xxdut.xxtrim.xr4.11                    2.85666
xxdut.xxtrim.xr4.21                    2.79999
xxdut.xxtrim.c6                        2.79919
t4                                           0
xxdut.xxtrim.xr5.11                    2.79839
xxdut.xxtrim.xr5.21                    2.68504
xxdut.xxtrim.c7                        2.68424
t5                                           0
xxdut.xxtrim.xr6.11                    2.68344
xxdut.xxtrim.xr6.21                    2.45674
xxdut.xxtrim.c8                        2.45594
t6                                           0
xxdut.xxtrim.xr7.11                    2.45514
xxdut.xxtrim.xr7.21                    2.00177
xxdut.vc                               2.00097
t7                                           3
xxdut.xxcmph.tail                     0.787423
xxdut.xxcmph.dp                        1.34318
xxdut.xxcmph.dn                        1.41603
xxdut.cmph_out                         1.29729
xxdut.xxcmpl.tail                     0.697707
xxdut.xxcmpl.dp                              3
xxdut.xxcmpl.dn                        1.08058
xxdut.cmpl_out                     3.03766e-09
clk                                   0.757349
xxdut.qbar                             1.26291
xxdut.mid1                              2.5451
xxdut.mid2                             2.85999
vt7#branch                                   0
vt6#branch                                   0
vt5#branch                                   0
vt4#branch                                   0
vt3#branch                                   0
vt2#branch                                   0
vt1#branch                                   0
vt0#branch                                   0
vdd#branch                        -0.000496944

 Reference value :  0.00000e+00
 Reference value :  1.01981e-07
 Reference value :  2.07621e-07
 Reference value :  3.11204e-07
 Reference value :  4.21896e-07
 Reference value :  5.28429e-07
 Reference value :  6.34008e-07
 Reference value :  7.43020e-07
 Reference value :  8.39995e-07
 Reference value :  9.43889e-07
 Reference value :  1.05579e-06
 Reference value :  1.16120e-06
No. of Data Rows : 6583
ta                  =  1.01506e-07
tb                  =  5.62191e-07
ta = 1.015056e-07
tb = 5.621906e-07
period = 2.303425e-08
fosc = 4.341361e+07
ngspice-46 done

Warning: m=xx on .subckt line will override multiplier m hierarchy!

Note: Starting dynamic gmin stepping
Note: Dynamic gmin stepping completed
