====================================================================
gf180-rcosc PVT corner run: rc_f_T-040C_V3p0_code0xD0
run id      : 20260921T075822Z
process     : rc_f (fets=typical res=res_ff mimcap=mimcap_ff)
temperature : -40 C
supply      : 3 V
trim code   : 0xD0 (208)
transient   : tran 200p 1200n, f = 20 periods / (t[rise=25] - t[rise=5])
wall clock  : 137.3 s
exit status : 0
====================================================================

Note: Compatibility modes selected: hs a


Circuit: ** sch_path: /users/rwalters/github/gf180-rcosc/.loom/worktrees/issue-39/design/pvt_tb.sch

Doing analysis at TEMP = -40.000000 and TNOM = 27.000000

Using SPARSE 1.3 as Direct Linear Solver

Initial Transient Solution
--------------------------

Node                                   Voltage
----                                   -------
vdd                                          3
xxdut.xxbias.xrba.11                   2.99833
xxdut.xxbias.xrba.21                   2.00651
xxdut.vh                               2.00484
xxdut.xxbias.xrbb.11                   2.00315
xxdut.xxbias.xrbb.21                   1.00477
xxdut.vl                               1.00309
xxdut.xxbias.xrbc.11                    1.0014
xxdut.xxbias.xrbc.21                0.00168832
xxdut.ibias                           0.978921
xxdut.xxbias.pb                        1.79904
xxdut.xxbias.n2s                      0.133721
xxdut.xxbias.xrz.11                   0.133022
xxdut.xxbias.xrz.21                0.000698345
xxdut.xxtrim.xrfix.11                  2.99914
xxdut.xxtrim.xrfix.21                  2.91124
xxdut.xxtrim.c1                        2.91038
xxdut.xxtrim.xr0.11                    2.90951
xxdut.xxtrim.xr0.21                    2.90568
xxdut.xxtrim.c2                        2.90481
t0                                           0
xxdut.xxtrim.xr1.11                    2.90394
xxdut.xxtrim.xr1.21                    2.89623
xxdut.xxtrim.c3                        2.89536
t1                                           0
xxdut.xxtrim.xr2.11                    2.89449
xxdut.xxtrim.xr2.21                    2.87912
xxdut.xxtrim.c4                        2.87825
t2                                           0
xxdut.xxtrim.xr3.11                    2.87741
xxdut.xxtrim.xr3.21                    2.84765
xxdut.xxtrim.c5                        2.84681
t3                                           0
xxdut.xxtrim.xr4.11                    2.84594
xxdut.xxtrim.xr4.21                    2.78421
xxdut.xxtrim.c6                        2.78334
t4                                           3
xxdut.xxtrim.xr5.11                    2.78248
xxdut.xxtrim.xr5.21                    2.66072
xxdut.xxtrim.c7                        2.65986
t5                                           0
xxdut.xxtrim.xr6.11                    2.65899
xxdut.xxtrim.xr6.21                     2.4115
xxdut.xxtrim.c8                        2.41063
t6                                           3
xxdut.xxtrim.xr7.11                    2.40983
xxdut.xxtrim.xr7.21                    1.95597
xxdut.vc                               1.95517
t7                                           3
xxdut.xxcmph.tail                     0.771175
xxdut.xxcmph.dp                        2.72732
xxdut.xxcmph.dn                        1.31379
xxdut.cmph_out                     -0.00307819
xxdut.xxcmpl.tail                     0.655349
xxdut.xxcmpl.dp                        2.99728
xxdut.xxcmpl.dn                        1.05526
xxdut.cmpl_out                      -0.0178377
clk                                -0.00144796
xxdut.qbar                             3.00117
xxdut.mid1                             2.99452
xxdut.mid2                             2.99323
vt7#branch                        -1.54889e-05
vt6#branch                         2.12043e-05
vt5#branch                        -3.99129e-07
vt4#branch                        -2.02728e-05
vt3#branch                         9.77825e-07
vt2#branch                         6.49731e-08
vt1#branch                         2.35635e-08
vt0#branch                         4.40975e-09
vdd#branch                        -0.000212954

 Reference value :  0.00000e+00
 Reference value :  9.98832e-08
 Reference value :  1.98502e-07
 Reference value :  2.99070e-07
 Reference value :  4.09365e-07
 Reference value :  5.11900e-07
 Reference value :  6.18175e-07
 Reference value :  7.20408e-07
 Reference value :  8.30980e-07
 Reference value :  9.34051e-07
 Reference value :  1.04426e-06
 Reference value :  1.15202e-06
No. of Data Rows : 6523
ta                  =  8.04442e-08
tb                  =  4.64355e-07
ta = 8.044418e-08
tb = 4.643551e-07
period = 1.919555e-08
fosc = 5.209542e+07
ngspice-46 done

Warning: m=xx on .subckt line will override multiplier m hierarchy!

Note: Starting dynamic gmin stepping
Warning: Dynamic gmin stepping failed
Note: Starting true gmin stepping
Warning: True gmin stepping failed
Note: Starting source stepping
Warning: singular matrix:  check node xxdut.vl

Warning: source stepping failed
Note: Transient op started
Note: Transient op finished successfully
