====================================================================
gf180-rcosc PVT corner run: rc_f_T+027C_V3p0_code0x7F
run id      : 20260921T075822Z
process     : rc_f (fets=typical res=res_ff mimcap=mimcap_ff)
temperature : 27 C
supply      : 3 V
trim code   : 0x7F (127)
transient   : tran 200p 1200n, f = 20 periods / (t[rise=25] - t[rise=5])
wall clock  : 23.8 s
exit status : 0
====================================================================

Note: Compatibility modes selected: hs a


Circuit: ** sch_path: /users/rwalters/github/gf180-rcosc/.loom/worktrees/issue-39/design/pvt_tb.sch

Doing analysis at TEMP = 27.000000 and TNOM = 27.000000

Using SPARSE 1.3 as Direct Linear Solver

Initial Transient Solution
--------------------------

Node                                   Voltage
----                                   -------
vdd                                          3
xxdut.xxbias.xrba.11                   2.99895
xxdut.xxbias.xrba.21                   2.00105
xxdut.vh                                     2
xxdut.xxbias.xrbb.11                   1.99895
xxdut.xxbias.xrbb.21                   1.00105
xxdut.vl                                     1
xxdut.xxbias.xrbc.11                  0.998949
xxdut.xxbias.xrbc.21                0.00105114
xxdut.ibias                            1.00498
xxdut.xxbias.pb                        1.73323
xxdut.xxbias.n2s                      0.181899
xxdut.xxbias.xrz.11                   0.181305
xxdut.xxbias.xrz.21                 0.00059485
xxdut.xxtrim.xrfix.11                   2.9995
xxdut.xxtrim.xrfix.21                  2.91719
xxdut.xxtrim.c1                        2.91669
xxdut.xxtrim.xr0.11                    2.91618
xxdut.xxtrim.xr0.21                     2.9126
xxdut.xxtrim.c2                         2.9121
t0                                           3
xxdut.xxtrim.xr1.11                    2.91159
xxdut.xxtrim.xr1.21                    2.90443
xxdut.xxtrim.c3                        2.90393
t1                                           3
xxdut.xxtrim.xr2.11                    2.90342
xxdut.xxtrim.xr2.21                     2.8891
xxdut.xxtrim.c4                         2.8886
t2                                           3
xxdut.xxtrim.xr3.11                    2.88809
xxdut.xxtrim.xr3.21                    2.85945
xxdut.xxtrim.c5                        2.85894
t3                                           3
xxdut.xxtrim.xr4.11                    2.85844
xxdut.xxtrim.xr4.21                    2.80114
xxdut.xxtrim.c6                        2.80064
t4                                           3
xxdut.xxtrim.xr5.11                    2.80014
xxdut.xxtrim.xr5.21                    2.68555
xxdut.xxtrim.c7                        2.68504
t5                                           3
xxdut.xxtrim.xr6.11                    2.68454
xxdut.xxtrim.xr6.21                    2.45536
xxdut.xxtrim.c8                        2.45486
t6                                           3
xxdut.xxtrim.xr7.11                    2.45436
xxdut.xxtrim.xr7.21                      1.996
xxdut.vc                                1.9955
t7                                           0
xxdut.xxcmph.tail                     0.754691
xxdut.xxcmph.dp                        1.34397
xxdut.xxcmph.dn                        1.18858
xxdut.cmph_out                         1.29465
xxdut.xxcmpl.tail                     0.496224
xxdut.xxcmpl.dp                              3
xxdut.xxcmpl.dn                       0.719339
xxdut.cmpl_out                     3.84915e-09
clk                                   0.693767
xxdut.qbar                             1.25441
xxdut.mid1                             2.49843
xxdut.mid2                             2.84326
vt7#branch                                   0
vt6#branch                                   0
vt5#branch                                   0
vt4#branch                                   0
vt3#branch                                   0
vt2#branch                                   0
vt1#branch                                   0
vt0#branch                                   0
vdd#branch                        -0.000560747

 Reference value :  0.00000e+00
 Reference value :  1.29771e-07
 Reference value :  2.60902e-07
 Reference value :  3.91838e-07
 Reference value :  5.12768e-07
 Reference value :  6.44388e-07
 Reference value :  7.80256e-07
 Reference value :  9.13934e-07
 Reference value :  1.05000e-06
 Reference value :  1.18056e-06
No. of Data Rows : 6202
ta                  =  1.18796e-07
tb                  =  6.63439e-07
ta = 1.187958e-07
tb = 6.634393e-07
period = 2.723217e-08
fosc = 3.672127e+07
ngspice-46 done

Warning: m=xx on .subckt line will override multiplier m hierarchy!

Note: Starting dynamic gmin stepping
Note: Dynamic gmin stepping completed
