====================================================================
gf180-rcosc PVT corner run: rc_f_T+085C_V3p0_code0xD0
run id      : 20260921T075822Z
process     : rc_f (fets=typical res=res_ff mimcap=mimcap_ff)
temperature : 85 C
supply      : 3 V
trim code   : 0xD0 (208)
transient   : tran 200p 1200n, f = 20 periods / (t[rise=25] - t[rise=5])
wall clock  : 31.6 s
exit status : 0
====================================================================

Note: Compatibility modes selected: hs a


Circuit: ** sch_path: /users/rwalters/github/gf180-rcosc/.loom/worktrees/issue-39/design/pvt_tb.sch

Doing analysis at TEMP = 85.000000 and TNOM = 27.000000

Using SPARSE 1.3 as Direct Linear Solver

Initial Transient Solution
--------------------------

Node                                   Voltage
----                                   -------
vdd                                          3
xxdut.xxbias.xrba.11                   2.99924
xxdut.xxbias.xrba.21                   2.00076
xxdut.vh                                     2
xxdut.xxbias.xrbb.11                   1.99924
xxdut.xxbias.xrbb.21                   1.00076
xxdut.vl                                     1
xxdut.xxbias.xrbc.11                  0.999241
xxdut.xxbias.xrbc.21                0.00075877
xxdut.ibias                            1.05156
xxdut.xxbias.pb                        1.65382
xxdut.xxbias.n2s                      0.235428
xxdut.xxbias.xrz.11                   0.234871
xxdut.xxbias.xrz.21                0.000556442
xxdut.xxtrim.xrfix.11                   2.9996
xxdut.xxtrim.xrfix.21                  2.90958
xxdut.xxtrim.c1                        2.90919
xxdut.xxtrim.xr0.11                    2.90879
xxdut.xxtrim.xr0.21                    2.90487
xxdut.xxtrim.c2                        2.90448
t0                                           0
xxdut.xxtrim.xr1.11                    2.90408
xxdut.xxtrim.xr1.21                    2.89625
xxdut.xxtrim.c3                        2.89585
t1                                           0
xxdut.xxtrim.xr2.11                    2.89545
xxdut.xxtrim.xr2.21                    2.87978
xxdut.xxtrim.c4                        2.87939
t2                                           0
xxdut.xxtrim.xr3.11                    2.87899
xxdut.xxtrim.xr3.21                    2.84766
xxdut.xxtrim.c5                        2.84726
t3                                           0
xxdut.xxtrim.xr4.11                    2.84686
xxdut.xxtrim.xr4.21                     2.7842
xxdut.xxtrim.c6                         2.7838
t4                                           3
xxdut.xxtrim.xr5.11                     2.7834
xxdut.xxtrim.xr5.21                    2.65808
xxdut.xxtrim.c7                        2.65768
t5                                           0
xxdut.xxtrim.xr6.11                    2.65728
xxdut.xxtrim.xr6.21                    2.40663
xxdut.xxtrim.c8                        2.40623
t6                                           3
xxdut.xxtrim.xr7.11                    2.40586
xxdut.xxtrim.xr7.21                    1.93338
xxdut.vc                               1.93301
t7                                           3
xxdut.xxcmph.tail                     0.665924
xxdut.xxcmph.dp                        1.34696
xxdut.xxcmph.dn                       0.951432
xxdut.cmph_out                         1.29345
xxdut.xxcmpl.tail                     0.278892
xxdut.xxcmpl.dp                        2.98793
xxdut.xxcmpl.dn                       0.501951
xxdut.cmpl_out                     4.89343e-09
clk                                   0.645939
xxdut.qbar                             1.25018
xxdut.mid1                             2.46166
xxdut.mid2                             2.82931
vt7#branch                                   0
vt6#branch                                   0
vt5#branch                                   0
vt4#branch                                   0
vt3#branch                                   0
vt2#branch                                   0
vt1#branch                                   0
vt0#branch                                   0
vdd#branch                        -0.000620469

 Reference value :  0.00000e+00
 Reference value :  1.02661e-07
 Reference value :  2.10503e-07
 Reference value :  3.11636e-07
 Reference value :  4.20182e-07
 Reference value :  5.30651e-07
 Reference value :  6.39793e-07
 Reference value :  7.51426e-07
 Reference value :  8.60607e-07
 Reference value :  9.70688e-07
 Reference value :  1.08167e-06
 Reference value :  1.19546e-06
No. of Data Rows : 6270
ta                  =  6.81753e-08
tb                  =  3.84625e-07
ta = 6.817530e-08
tb = 3.846254e-07
period = 1.582250e-08
fosc = 6.320112e+07
ngspice-46 done

Warning: m=xx on .subckt line will override multiplier m hierarchy!

Note: Starting dynamic gmin stepping
Note: Dynamic gmin stepping completed
