====================================================================
gf180-rcosc PVT corner run: rc_s_T+085C_V3p3_code0xD0
run id      : 20260921T075822Z
process     : rc_s (fets=typical res=res_ss mimcap=mimcap_ss)
temperature : 85 C
supply      : 3.3 V
trim code   : 0xD0 (208)
transient   : tran 200p 1200n, f = 20 periods / (t[rise=25] - t[rise=5])
wall clock  : 25.1 s
exit status : 0
====================================================================

Note: Compatibility modes selected: hs a


Circuit: ** sch_path: /users/rwalters/github/gf180-rcosc/.loom/worktrees/issue-39/design/pvt_tb.sch

Doing analysis at TEMP = 85.000000 and TNOM = 27.000000

Using SPARSE 1.3 as Direct Linear Solver

Initial Transient Solution
--------------------------

Node                                   Voltage
----                                   -------
vdd                                        3.3
xxdut.xxbias.xrba.11                   3.29944
xxdut.xxbias.xrba.21                   2.20056
xxdut.vh                                   2.2
xxdut.xxbias.xrbb.11                   2.19944
xxdut.xxbias.xrbb.21                   1.10056
xxdut.vl                                   1.1
xxdut.xxbias.xrbc.11                   1.09944
xxdut.xxbias.xrbc.21               0.000556713
xxdut.ibias                           0.935468
xxdut.xxbias.pb                        2.11663
xxdut.xxbias.n2s                       0.18818
xxdut.xxbias.xrz.11                   0.187883
xxdut.xxbias.xrz.21                0.000296981
xxdut.xxtrim.xrfix.11                  3.29973
xxdut.xxtrim.xrfix.21                  3.20692
xxdut.xxtrim.c1                        3.20665
xxdut.xxtrim.xr0.11                    3.20637
xxdut.xxtrim.xr0.21                    3.20233
xxdut.xxtrim.c2                        3.20206
t0                                           0
xxdut.xxtrim.xr1.11                    3.20179
xxdut.xxtrim.xr1.21                    3.19371
xxdut.xxtrim.c3                        3.19344
t1                                           0
xxdut.xxtrim.xr2.11                    3.19317
xxdut.xxtrim.xr2.21                    3.17701
xxdut.xxtrim.c4                        3.17674
t2                                           0
xxdut.xxtrim.xr3.11                    3.17647
xxdut.xxtrim.xr3.21                    3.14417
xxdut.xxtrim.c5                        3.14389
t3                                           0
xxdut.xxtrim.xr4.11                    3.14362
xxdut.xxtrim.xr4.21                    3.07901
xxdut.xxtrim.c6                        3.07874
t4                                         3.3
xxdut.xxtrim.xr5.11                    3.07847
xxdut.xxtrim.xr5.21                    2.94926
xxdut.xxtrim.c7                        2.94898
t5                                           0
xxdut.xxtrim.xr6.11                    2.94871
xxdut.xxtrim.xr6.21                    2.69029
xxdut.xxtrim.c8                        2.69002
t6                                         3.3
xxdut.xxtrim.xr7.11                    2.68976
xxdut.xxtrim.xr7.21                    2.20277
xxdut.vc                               2.20251
t7                                         3.3
xxdut.xxcmph.tail                     0.970953
xxdut.xxcmph.dp                        1.48271
xxdut.xxcmph.dn                        1.59126
xxdut.cmph_out                          1.4291
xxdut.xxcmpl.tail                     0.805729
xxdut.xxcmpl.dp                            3.3
xxdut.xxcmpl.dn                        1.13906
xxdut.cmpl_out                     5.19822e-09
clk                                   0.621144
xxdut.qbar                             1.37035
xxdut.mid1                             2.64338
xxdut.mid2                             3.09245
vt7#branch                                   0
vt6#branch                                   0
vt5#branch                                   0
vt4#branch                                   0
vt3#branch                                   0
vt2#branch                                   0
vt1#branch                                   0
vt0#branch                                   0
vdd#branch                        -0.000564378

 Reference value :  0.00000e+00
 Reference value :  1.13132e-07
 Reference value :  2.46912e-07
 Reference value :  3.75245e-07
 Reference value :  4.97062e-07
 Reference value :  6.17457e-07
 Reference value :  7.35049e-07
 Reference value :  8.61719e-07
 Reference value :  9.84140e-07
 Reference value :  1.10381e-06
No. of Data Rows : 6260
ta                  =  1.01812e-07
tb                  =  5.84729e-07
ta = 1.018120e-07
tb = 5.847290e-07
period = 2.414585e-08
fosc = 4.141498e+07
ngspice-46 done

Warning: m=xx on .subckt line will override multiplier m hierarchy!

Note: Starting dynamic gmin stepping
Note: Dynamic gmin stepping completed
