====================================================================
gf180-rcosc PVT corner run: rc_s_T+027C_V3p3_code0xFF
run id      : 20260921T075822Z
process     : rc_s (fets=typical res=res_ss mimcap=mimcap_ss)
temperature : 27 C
supply      : 3.3 V
trim code   : 0xFF (255)
transient   : tran 200p 1200n, f = 20 periods / (t[rise=25] - t[rise=5])
wall clock  : 21.3 s
exit status : 0
====================================================================

Note: Compatibility modes selected: hs a


Circuit: ** sch_path: /users/rwalters/github/gf180-rcosc/.loom/worktrees/issue-39/design/pvt_tb.sch

Doing analysis at TEMP = 27.000000 and TNOM = 27.000000

Using SPARSE 1.3 as Direct Linear Solver

Initial Transient Solution
--------------------------

Node                                   Voltage
----                                   -------
vdd                                        3.3
xxdut.xxbias.xrba.11                   3.29923
xxdut.xxbias.xrba.21                   2.20077
xxdut.vh                                   2.2
xxdut.xxbias.xrbb.11                   2.19923
xxdut.xxbias.xrbb.21                   1.10077
xxdut.vl                                   1.1
xxdut.xxbias.xrbc.11                   1.09923
xxdut.xxbias.xrbc.21               0.000771378
xxdut.ibias                           0.929325
xxdut.xxbias.pb                        2.14298
xxdut.xxbias.n2s                      0.154761
xxdut.xxbias.xrz.11                   0.154423
xxdut.xxbias.xrz.21                0.000338137
xxdut.xxtrim.xrfix.11                  3.29963
xxdut.xxtrim.xrfix.21                  3.20896
xxdut.xxtrim.c1                        3.20859
xxdut.xxtrim.xr0.11                    3.20822
xxdut.xxtrim.xr0.21                    3.20427
xxdut.xxtrim.c2                         3.2039
t0                                         3.3
xxdut.xxtrim.xr1.11                    3.20353
xxdut.xxtrim.xr1.21                    3.19564
xxdut.xxtrim.c3                        3.19527
t1                                         3.3
xxdut.xxtrim.xr2.11                     3.1949
xxdut.xxtrim.xr2.21                    3.17912
xxdut.xxtrim.c4                        3.17875
t2                                         3.3
xxdut.xxtrim.xr3.11                    3.17838
xxdut.xxtrim.xr3.21                    3.14682
xxdut.xxtrim.c5                        3.14645
t3                                         3.3
xxdut.xxtrim.xr4.11                    3.14608
xxdut.xxtrim.xr4.21                    3.08296
xxdut.xxtrim.c6                        3.08259
t4                                         3.3
xxdut.xxtrim.xr5.11                    3.08222
xxdut.xxtrim.xr5.21                    2.95598
xxdut.xxtrim.c7                        2.95561
t5                                         3.3
xxdut.xxtrim.xr6.11                    2.95524
xxdut.xxtrim.xr6.21                    2.70276
xxdut.xxtrim.c8                        2.70239
t6                                         3.3
xxdut.xxtrim.xr7.11                    2.70203
xxdut.xxtrim.xr7.21                    2.20398
xxdut.vc                               2.20361
t7                                         3.3
xxdut.xxcmph.tail                     0.981409
xxdut.xxcmph.dp                         1.4782
xxdut.xxcmph.dn                        1.71739
xxdut.cmph_out                         1.42645
xxdut.xxcmpl.tail                      0.88126
xxdut.xxcmpl.dp                            3.3
xxdut.xxcmpl.dn                        1.35048
xxdut.cmpl_out                     4.20669e-09
clk                                    0.67583
xxdut.qbar                             1.36794
xxdut.mid1                             2.68518
xxdut.mid2                              3.1044
vt7#branch                                   0
vt6#branch                                   0
vt5#branch                                   0
vt4#branch                                   0
vt3#branch                                   0
vt2#branch                                   0
vt1#branch                                   0
vt0#branch                                   0
vdd#branch                        -0.000546906

 Reference value :  0.00000e+00
 Reference value :  8.22167e-08
 Reference value :  1.69599e-07
 Reference value :  2.59955e-07
 Reference value :  3.33478e-07
 Reference value :  4.03947e-07
 Reference value :  4.68816e-07
 Reference value :  5.35330e-07
 Reference value :  6.26081e-07
 Reference value :  7.22624e-07
 Reference value :  8.19818e-07
 Reference value :  9.16764e-07
 Reference value :  9.82073e-07
 Reference value :  1.07066e-06
 Reference value :  1.14198e-06
No. of Data Rows : 6436
ta                  =  8.90163e-08
tb                  =  5.10877e-07
ta = 8.901634e-08
tb = 5.108774e-07
period = 2.109305e-08
fosc = 4.740897e+07
ngspice-46 done

Warning: m=xx on .subckt line will override multiplier m hierarchy!

Note: Starting dynamic gmin stepping
Note: Dynamic gmin stepping completed
