====================================================================
gf180-rcosc PVT corner run: rc_s_T+085C_V3p6_code0xD0
run id      : 20260921T075822Z
process     : rc_s (fets=typical res=res_ss mimcap=mimcap_ss)
temperature : 85 C
supply      : 3.6 V
trim code   : 0xD0 (208)
transient   : tran 200p 1200n, f = 20 periods / (t[rise=25] - t[rise=5])
wall clock  : 23.3 s
exit status : 0
====================================================================

Note: Compatibility modes selected: hs a


Circuit: ** sch_path: /users/rwalters/github/gf180-rcosc/.loom/worktrees/issue-39/design/pvt_tb.sch

Doing analysis at TEMP = 85.000000 and TNOM = 27.000000

Using SPARSE 1.3 as Direct Linear Solver

Initial Transient Solution
--------------------------

Node                                   Voltage
----                                   -------
vdd                                        3.6
xxdut.xxbias.xrba.11                   3.59939
xxdut.xxbias.xrba.21                   2.40061
xxdut.vh                                   2.4
xxdut.xxbias.xrbb.11                   2.39939
xxdut.xxbias.xrbb.21                   1.20061
xxdut.vl                                   1.2
xxdut.xxbias.xrbc.11                   1.19939
xxdut.xxbias.xrbc.21               0.000607323
xxdut.ibias                           0.951838
xxdut.xxbias.pb                        2.39468
xxdut.xxbias.n2s                      0.197997
xxdut.xxbias.xrz.11                   0.197684
xxdut.xxbias.xrz.21                0.000312474
xxdut.xxtrim.xrfix.11                  3.59969
xxdut.xxtrim.xrfix.21                  3.49334
xxdut.xxtrim.c1                        3.49303
xxdut.xxtrim.xr0.11                    3.49272
xxdut.xxtrim.xr0.21                    3.48809
xxdut.xxtrim.c2                        3.48778
t0                                           0
xxdut.xxtrim.xr1.11                    3.48746
xxdut.xxtrim.xr1.21                    3.47821
xxdut.xxtrim.c3                         3.4779
t1                                           0
xxdut.xxtrim.xr2.11                    3.47758
xxdut.xxtrim.xr2.21                    3.45908
xxdut.xxtrim.c4                        3.45876
t2                                           0
xxdut.xxtrim.xr3.11                    3.45845
xxdut.xxtrim.xr3.21                    3.42144
xxdut.xxtrim.c5                        3.42113
t3                                           0
xxdut.xxtrim.xr4.11                    3.42081
xxdut.xxtrim.xr4.21                    3.34678
xxdut.xxtrim.c6                        3.34647
t4                                         3.6
xxdut.xxtrim.xr5.11                    3.34616
xxdut.xxtrim.xr5.21                     3.1981
xxdut.xxtrim.c7                        3.19779
t5                                           0
xxdut.xxtrim.xr6.11                    3.19748
xxdut.xxtrim.xr6.21                    2.90137
xxdut.xxtrim.c8                        2.90105
t6                                         3.6
xxdut.xxtrim.xr7.11                    2.90079
xxdut.xxtrim.xr7.21                     2.4053
xxdut.vc                               2.40503
t7                                         3.6
xxdut.xxcmph.tail                      1.12067
xxdut.xxcmph.dp                         1.6202
xxdut.xxcmph.dn                         1.8416
xxdut.cmph_out                         1.55982
xxdut.xxcmpl.tail                     0.964319
xxdut.xxcmpl.dp                            3.6
xxdut.xxcmpl.dn                        1.36421
xxdut.cmpl_out                     5.92204e-09
clk                                   0.628295
xxdut.qbar                              1.4942
xxdut.mid1                             2.84372
xxdut.mid2                             3.35561
vt7#branch                                   0
vt6#branch                                   0
vt5#branch                                   0
vt4#branch                                   0
vt3#branch                                   0
vt2#branch                                   0
vt1#branch                                   0
vt0#branch                                   0
vdd#branch                        -0.000675425

 Reference value :  4.65600e-09
 Reference value :  1.14554e-07
 Reference value :  2.20952e-07
 Reference value :  3.39334e-07
 Reference value :  4.53165e-07
 Reference value :  5.63727e-07
 Reference value :  6.82738e-07
 Reference value :  7.97270e-07
 Reference value :  9.26449e-07
 Reference value :  1.04461e-06
 Reference value :  1.17344e-06
No. of Data Rows : 6320
ta                  =  9.48911e-08
tb                  =  5.46026e-07
ta = 9.489105e-08
tb = 5.460259e-07
period = 2.255674e-08
fosc = 4.433264e+07
ngspice-46 done

Warning: m=xx on .subckt line will override multiplier m hierarchy!

Note: Starting dynamic gmin stepping
Note: Dynamic gmin stepping completed
