====================================================================
gf180-rcosc PVT corner run: sf_T+085C_V3p0_code0xD0
run id      : 20260921T075822Z
process     : sf (fets=sf res=res_typical mimcap=mimcap_typical)
temperature : 85 C
supply      : 3 V
trim code   : 0xD0 (208)
transient   : tran 200p 1200n, f = 20 periods / (t[rise=25] - t[rise=5])
wall clock  : 27.1 s
exit status : 0
====================================================================

Note: Compatibility modes selected: hs a


Circuit: ** sch_path: /users/rwalters/github/gf180-rcosc/.loom/worktrees/issue-39/design/pvt_tb.sch

Doing analysis at TEMP = 85.000000 and TNOM = 27.000000

Using SPARSE 1.3 as Direct Linear Solver

Initial Transient Solution
--------------------------

Node                                   Voltage
----                                   -------
vdd                                          3
xxdut.xxbias.xrba.11                   2.99939
xxdut.xxbias.xrba.21                   2.00061
xxdut.vh                                     2
xxdut.xxbias.xrbb.11                   1.99939
xxdut.xxbias.xrbb.21                   1.00061
xxdut.vl                                     1
xxdut.xxbias.xrbc.11                  0.999393
xxdut.xxbias.xrbc.21                 0.0006072
xxdut.ibias                            1.05704
xxdut.xxbias.pb                        1.87326
xxdut.xxbias.n2s                      0.201315
xxdut.xxbias.xrz.11                   0.200934
xxdut.xxbias.xrz.21                0.000381012
xxdut.xxtrim.xrfix.11                  2.99971
xxdut.xxtrim.xrfix.21                  2.91714
xxdut.xxtrim.c1                        2.91685
xxdut.xxtrim.xr0.11                    2.91656
xxdut.xxtrim.xr0.21                    2.91297
xxdut.xxtrim.c2                        2.91268
t0                                           0
xxdut.xxtrim.xr1.11                    2.91239
xxdut.xxtrim.xr1.21                     2.9052
xxdut.xxtrim.c3                        2.90491
t1                                           0
xxdut.xxtrim.xr2.11                    2.90462
xxdut.xxtrim.xr2.21                    2.89025
xxdut.xxtrim.c4                        2.88996
t2                                           0
xxdut.xxtrim.xr3.11                    2.88967
xxdut.xxtrim.xr3.21                    2.86093
xxdut.xxtrim.c5                        2.86064
t3                                           0
xxdut.xxtrim.xr4.11                    2.86035
xxdut.xxtrim.xr4.21                    2.80287
xxdut.xxtrim.c6                        2.80258
t4                                           3
xxdut.xxtrim.xr5.11                    2.80229
xxdut.xxtrim.xr5.21                    2.68734
xxdut.xxtrim.c7                        2.68705
t5                                           0
xxdut.xxtrim.xr6.11                    2.68676
xxdut.xxtrim.xr6.21                    2.45686
xxdut.xxtrim.c8                        2.45657
t6                                           3
xxdut.xxtrim.xr7.11                    2.45628
xxdut.xxtrim.xr7.21                    1.99731
xxdut.vc                               1.99702
t7                                           3
xxdut.xxcmph.tail                     0.707375
xxdut.xxcmph.dp                        1.45971
xxdut.xxcmph.dn                        1.31776
xxdut.cmph_out                         1.41691
xxdut.xxcmpl.tail                     0.504862
xxdut.xxcmpl.dp                              3
xxdut.xxcmpl.dn                       0.839861
xxdut.cmpl_out                     6.61641e-09
clk                                   0.707953
xxdut.qbar                             1.36424
xxdut.mid1                             2.43258
xxdut.mid2                             2.83706
vt7#branch                                   0
vt6#branch                                   0
vt5#branch                                   0
vt4#branch                                   0
vt3#branch                                   0
vt2#branch                                   0
vt1#branch                                   0
vt0#branch                                   0
vdd#branch                        -0.000528094

 Reference value :  0.00000e+00
 Reference value :  1.22131e-07
 Reference value :  2.31394e-07
 Reference value :  3.54374e-07
 Reference value :  4.66414e-07
 Reference value :  5.76528e-07
 Reference value :  6.94917e-07
 Reference value :  8.06196e-07
 Reference value :  9.19303e-07
 Reference value :  1.03831e-06
 Reference value :  1.16533e-06
No. of Data Rows : 6267
ta                  =  9.82750e-08
tb                  =  5.64175e-07
ta = 9.827504e-08
tb = 5.641750e-07
period = 2.329500e-08
fosc = 4.292767e+07
ngspice-46 done

Warning: m=xx on .subckt line will override multiplier m hierarchy!

Note: Starting dynamic gmin stepping
Note: Dynamic gmin stepping completed
