====================================================================
gf180-rcosc PVT corner run: sf_T-040C_V3p0_code0xBF
run id      : 20260921T075822Z
process     : sf (fets=sf res=res_typical mimcap=mimcap_typical)
temperature : -40 C
supply      : 3 V
trim code   : 0xBF (191)
transient   : tran 200p 1200n, f = 20 periods / (t[rise=25] - t[rise=5])
wall clock  : 100.3 s
exit status : 0
====================================================================

Note: Compatibility modes selected: hs a


Circuit: ** sch_path: /users/rwalters/github/gf180-rcosc/.loom/worktrees/issue-39/design/pvt_tb.sch

Doing analysis at TEMP = -40.000000 and TNOM = 27.000000

Using SPARSE 1.3 as Direct Linear Solver

Initial Transient Solution
--------------------------

Node                                   Voltage
----                                   -------
vdd                                          3
xxdut.xxbias.xrba.11                   2.99865
xxdut.xxbias.xrba.21                   1.99844
xxdut.vh                               1.99709
xxdut.xxbias.xrbb.11                   1.99574
xxdut.xxbias.xrbb.21                   0.99653
xxdut.vl                               0.99518
xxdut.xxbias.xrbc.11                  0.993839
xxdut.xxbias.xrbc.21                0.00134091
xxdut.ibias                            1.01233
xxdut.xxbias.pb                        1.96528
xxdut.xxbias.n2s                       0.11357
xxdut.xxbias.xrz.11                   0.113095
xxdut.xxbias.xrz.21                 0.00047548
xxdut.xxtrim.xrfix.11                  2.99727
xxdut.xxtrim.xrfix.21                  2.65039
xxdut.xxtrim.c1                        2.64766
xxdut.xxtrim.xr0.11                    2.64494
xxdut.xxtrim.xr0.21                     2.6299
xxdut.xxtrim.c2                        2.62718
t0                                           3
xxdut.xxtrim.xr1.11                    2.62447
xxdut.xxtrim.xr1.21                     2.5945
xxdut.xxtrim.c3                         2.5918
t1                                           3
xxdut.xxtrim.xr2.11                    2.58911
xxdut.xxtrim.xr2.21                    2.52951
xxdut.xxtrim.c4                        2.52682
t2                                           3
xxdut.xxtrim.xr3.11                    2.52415
xxdut.xxtrim.xr3.21                    2.40597
xxdut.xxtrim.c5                         2.4033
t3                                           3
xxdut.xxtrim.xr4.11                    2.40072
xxdut.xxtrim.xr4.21                    2.17223
xxdut.xxtrim.c6                        2.16965
t4                                           3
xxdut.xxtrim.xr5.11                    2.16713
xxdut.xxtrim.xr5.21                    1.72051
xxdut.xxtrim.c7                        1.71799
t5                                           3
xxdut.xxtrim.xr6.11                    1.71548
xxdut.xxtrim.xr6.21                    0.82404
xxdut.xxtrim.c8                       0.821525
t6                                           0
xxdut.xxtrim.xr7.11                   0.821488
xxdut.xxtrim.xr7.21                   0.795155
xxdut.vc                              0.795117
t7                                           3
xxdut.xxcmph.tail                     0.680168
xxdut.xxcmph.dp                        3.00028
xxdut.xxcmph.dn                        1.40806
xxdut.cmph_out                      0.00106233
xxdut.xxcmpl.tail                  0.000652721
xxdut.xxcmpl.dp                    0.000879005
xxdut.xxcmpl.dn                        2.24399
xxdut.cmpl_out                         2.99345
clk                                   0.020274
xxdut.qbar                             3.00209
xxdut.mid1                             3.02061
xxdut.mid2                             3.26637
vt7#branch                        -1.66375e-05
vt6#branch                         -8.8232e-07
vt5#branch                        -1.70826e-05
vt4#branch                         3.87711e-06
vt3#branch                        -1.21982e-08
vt2#branch                         5.24023e-08
vt1#branch                         3.48037e-08
vt0#branch                         2.57462e-08
vdd#branch                        -0.000224831

 Reference value :  0.00000e+00
 Reference value :  1.21887e-07
 Reference value :  2.47694e-07
 Reference value :  3.71711e-07
 Reference value :  4.95749e-07
 Reference value :  6.18892e-07
 Reference value :  7.44586e-07
 Reference value :  8.73783e-07
 Reference value :  9.96016e-07
 Reference value :  1.12123e-06
No. of Data Rows : 6298
ta                  =  1.47496e-07
tb                  =  7.75555e-07
ta = 1.474963e-07
tb = 7.755552e-07
period = 3.140294e-08
fosc = 3.184415e+07
ngspice-46 done

Warning: m=xx on .subckt line will override multiplier m hierarchy!

Note: Starting dynamic gmin stepping
Warning: Dynamic gmin stepping failed
Note: Starting true gmin stepping
Warning: True gmin stepping failed
Note: Starting source stepping
Warning: singular matrix:  check node xxdut.vl

Warning: source stepping failed
Note: Transient op started
Note: Transient op finished successfully
