====================================================================
gf180-rcosc PVT corner run: sf_T+085C_V3p3_code0xBF
run id      : 20260921T075822Z
process     : sf (fets=sf res=res_typical mimcap=mimcap_typical)
temperature : 85 C
supply      : 3.3 V
trim code   : 0xBF (191)
transient   : tran 200p 1200n, f = 20 periods / (t[rise=25] - t[rise=5])
wall clock  : 25.2 s
exit status : 0
====================================================================

Note: Compatibility modes selected: hs a


Circuit: ** sch_path: /users/rwalters/github/gf180-rcosc/.loom/worktrees/issue-39/design/pvt_tb.sch

Doing analysis at TEMP = 85.000000 and TNOM = 27.000000

Using SPARSE 1.3 as Direct Linear Solver

Initial Transient Solution
--------------------------

Node                                   Voltage
----                                   -------
vdd                                        3.3
xxdut.xxbias.xrba.11                   3.29933
xxdut.xxbias.xrba.21                   2.20067
xxdut.vh                                   2.2
xxdut.xxbias.xrbb.11                   2.19933
xxdut.xxbias.xrbb.21                   1.10067
xxdut.vl                                   1.1
xxdut.xxbias.xrbc.11                   1.09933
xxdut.xxbias.xrbc.21                0.00066792
xxdut.ibias                            1.06998
xxdut.xxbias.pb                         2.1572
xxdut.xxbias.n2s                      0.209091
xxdut.xxbias.xrz.11                   0.208695
xxdut.xxbias.xrz.21                 0.00039573
xxdut.xxtrim.xrfix.11                  3.29968
xxdut.xxtrim.xrfix.21                  3.20888
xxdut.xxtrim.c1                        3.20856
xxdut.xxtrim.xr0.11                    3.20824
xxdut.xxtrim.xr0.21                    3.20429
xxdut.xxtrim.c2                        3.20397
t0                                         3.3
xxdut.xxtrim.xr1.11                    3.20365
xxdut.xxtrim.xr1.21                    3.19575
xxdut.xxtrim.c3                        3.19543
t1                                         3.3
xxdut.xxtrim.xr2.11                    3.19511
xxdut.xxtrim.xr2.21                     3.1793
xxdut.xxtrim.c4                        3.17898
t2                                         3.3
xxdut.xxtrim.xr3.11                    3.17866
xxdut.xxtrim.xr3.21                    3.14706
xxdut.xxtrim.c5                        3.14674
t3                                         3.3
xxdut.xxtrim.xr4.11                    3.14642
xxdut.xxtrim.xr4.21                    3.08321
xxdut.xxtrim.c6                        3.08289
t4                                         3.3
xxdut.xxtrim.xr5.11                    3.08257
xxdut.xxtrim.xr5.21                    2.95616
xxdut.xxtrim.c7                        2.95584
t5                                         3.3
xxdut.xxtrim.xr6.11                    2.95552
xxdut.xxtrim.xr6.21                    2.70269
xxdut.xxtrim.c8                        2.70237
t6                                           0
xxdut.xxtrim.xr7.11                    2.70205
xxdut.xxtrim.xr7.21                    2.19989
xxdut.vc                               2.19957
t7                                         3.3
xxdut.xxcmph.tail                     0.856625
xxdut.xxcmph.dp                        1.60161
xxdut.xxcmph.dn                        1.57959
xxdut.cmph_out                          1.5539
xxdut.xxcmpl.tail                     0.672048
xxdut.xxcmpl.dp                            3.3
xxdut.xxcmpl.dn                        1.07909
xxdut.cmpl_out                     7.01256e-09
clk                                   0.712745
xxdut.qbar                             1.48662
xxdut.mid1                             2.62946
xxdut.mid2                             3.10066
vt7#branch                                   0
vt6#branch                                   0
vt5#branch                                   0
vt4#branch                                   0
vt3#branch                                   0
vt2#branch                                   0
vt1#branch                                   0
vt0#branch                                   0
vdd#branch                        -0.000630332

 Reference value :  0.00000e+00
 Reference value :  1.18334e-07
 Reference value :  2.46669e-07
 Reference value :  3.71538e-07
 Reference value :  4.90529e-07
 Reference value :  6.14217e-07
 Reference value :  7.36931e-07
 Reference value :  8.70667e-07
 Reference value :  9.94313e-07
 Reference value :  1.11754e-06
No. of Data Rows : 6307
ta                  =  1.07005e-07
tb                  =  6.17782e-07
ta = 1.070050e-07
tb = 6.177817e-07
period = 2.553883e-08
fosc = 3.915605e+07
ngspice-46 done

Warning: m=xx on .subckt line will override multiplier m hierarchy!

Note: Starting dynamic gmin stepping
Note: Dynamic gmin stepping completed
