====================================================================
gf180-rcosc PVT corner run: sf_T+027C_V3p0_code0xD0
run id      : 20260921T075822Z
process     : sf (fets=sf res=res_typical mimcap=mimcap_typical)
temperature : 27 C
supply      : 3 V
trim code   : 0xD0 (208)
transient   : tran 200p 1200n, f = 20 periods / (t[rise=25] - t[rise=5])
wall clock  : 27.6 s
exit status : 0
====================================================================

Note: Compatibility modes selected: hs a


Circuit: ** sch_path: /users/rwalters/github/gf180-rcosc/.loom/worktrees/issue-39/design/pvt_tb.sch

Doing analysis at TEMP = 27.000000 and TNOM = 27.000000

Using SPARSE 1.3 as Direct Linear Solver

Initial Transient Solution
--------------------------

Node                                   Voltage
----                                   -------
vdd                                          3
xxdut.xxbias.xrba.11                   2.99916
xxdut.xxbias.xrba.21                   2.00084
xxdut.vh                                     2
xxdut.xxbias.xrbb.11                   1.99916
xxdut.xxbias.xrbb.21                   1.00084
xxdut.vl                                     1
xxdut.xxbias.xrbc.11                  0.999159
xxdut.xxbias.xrbc.21               0.000841267
xxdut.ibias                            1.03038
xxdut.xxbias.pb                        1.92068
xxdut.xxbias.n2s                      0.158151
xxdut.xxbias.xrz.11                   0.157737
xxdut.xxbias.xrz.21                0.000414293
xxdut.xxtrim.xrfix.11                   2.9996
xxdut.xxtrim.xrfix.21                  2.91755
xxdut.xxtrim.c1                        2.91714
xxdut.xxtrim.xr0.11                    2.91674
xxdut.xxtrim.xr0.21                    2.91317
xxdut.xxtrim.c2                        2.91277
t0                                           0
xxdut.xxtrim.xr1.11                    2.91237
xxdut.xxtrim.xr1.21                    2.90523
xxdut.xxtrim.c3                        2.90483
t1                                           0
xxdut.xxtrim.xr2.11                    2.90442
xxdut.xxtrim.xr2.21                    2.89015
xxdut.xxtrim.c4                        2.88974
t2                                           0
xxdut.xxtrim.xr3.11                    2.88934
xxdut.xxtrim.xr3.21                    2.86078
xxdut.xxtrim.c5                        2.86038
t3                                           0
xxdut.xxtrim.xr4.11                    2.85998
xxdut.xxtrim.xr4.21                    2.80286
xxdut.xxtrim.c6                        2.80246
t4                                           3
xxdut.xxtrim.xr5.11                    2.80206
xxdut.xxtrim.xr5.21                    2.68782
xxdut.xxtrim.c7                        2.68742
t5                                           0
xxdut.xxtrim.xr6.11                    2.68702
xxdut.xxtrim.xr6.21                    2.45854
xxdut.xxtrim.c8                        2.45814
t6                                           3
xxdut.xxtrim.xr7.11                    2.45774
xxdut.xxtrim.xr7.21                    2.00086
xxdut.vc                               2.00046
t7                                           3
xxdut.xxcmph.tail                     0.734165
xxdut.xxcmph.dp                        1.45461
xxdut.xxcmph.dn                        1.48829
xxdut.cmph_out                         1.41358
xxdut.xxcmpl.tail                     0.624308
xxdut.xxcmpl.dp                              3
xxdut.xxcmpl.dn                        1.11381
xxdut.cmpl_out                     4.14189e-09
clk                                   0.762715
xxdut.qbar                             1.36614
xxdut.mid1                             2.47462
xxdut.mid2                             2.85026
vt7#branch                                   0
vt6#branch                                   0
vt5#branch                                   0
vt4#branch                                   0
vt3#branch                                   0
vt2#branch                                   0
vt1#branch                                   0
vt0#branch                                   0
vdd#branch                        -0.000480301

 Reference value :  0.00000e+00
 Reference value :  1.06965e-07
 Reference value :  2.26501e-07
 Reference value :  3.34615e-07
 Reference value :  4.58146e-07
 Reference value :  5.71800e-07
 Reference value :  6.81214e-07
 Reference value :  7.94097e-07
 Reference value :  9.02461e-07
 Reference value :  1.01558e-06
 Reference value :  1.13090e-06
No. of Data Rows : 6413
ta                  =  1.03365e-07
tb                  =  5.96160e-07
ta = 1.033653e-07
tb = 5.961603e-07
period = 2.463975e-08
fosc = 4.058483e+07
ngspice-46 done

Warning: m=xx on .subckt line will override multiplier m hierarchy!

Note: Starting dynamic gmin stepping
Note: Dynamic gmin stepping completed
