====================================================================
gf180-rcosc PVT corner run: sf_T-040C_V3p3_code0x80
run id      : 20260921T075822Z
process     : sf (fets=sf res=res_typical mimcap=mimcap_typical)
temperature : -40 C
supply      : 3.3 V
trim code   : 0x80 (128)
transient   : tran 200p 1200n, f = 20 periods / (t[rise=25] - t[rise=5])
wall clock  : 152.4 s
exit status : 0
====================================================================

Note: Compatibility modes selected: hs a


Circuit: ** sch_path: /users/rwalters/github/gf180-rcosc/.loom/worktrees/issue-39/design/pvt_tb.sch

Doing analysis at TEMP = -40.000000 and TNOM = 27.000000

Using SPARSE 1.3 as Direct Linear Solver

Initial Transient Solution
--------------------------

Node                                   Voltage
----                                   -------
vdd                                        3.3
xxdut.xxbias.xrba.11                   3.29851
xxdut.xxbias.xrba.21                   2.19318
xxdut.vh                               2.19169
xxdut.xxbias.xrbb.11                    2.1902
xxdut.xxbias.xrbb.21                    1.0867
xxdut.vl                                1.0852
xxdut.xxbias.xrbc.11                   1.08374
xxdut.xxbias.xrbc.21                0.00146221
xxdut.ibias                            1.02024
xxdut.xxbias.pb                        2.25302
xxdut.xxbias.n2s                      0.118283
xxdut.xxbias.xrz.11                   0.117788
xxdut.xxbias.xrz.21                0.000495211
xxdut.xxtrim.xrfix.11                  3.29656
xxdut.xxtrim.xrfix.21                  2.85811
xxdut.xxtrim.c1                        2.85466
xxdut.xxtrim.xr0.11                    2.85123
xxdut.xxtrim.xr0.21                     2.8322
xxdut.xxtrim.c2                        2.82876
t0                                           0
xxdut.xxtrim.xr1.11                    2.82534
xxdut.xxtrim.xr1.21                     2.7874
xxdut.xxtrim.c3                        2.78398
t1                                           0
xxdut.xxtrim.xr2.11                    2.78057
xxdut.xxtrim.xr2.21                    2.70499
xxdut.xxtrim.c4                        2.70158
t2                                           0
xxdut.xxtrim.xr3.11                    2.69818
xxdut.xxtrim.xr3.21                    2.54775
xxdut.xxtrim.c5                        2.54436
t3                                           0
xxdut.xxtrim.xr4.11                    2.54099
xxdut.xxtrim.xr4.21                    2.24219
xxdut.xxtrim.c6                        2.23882
t4                                           0
xxdut.xxtrim.xr5.11                    2.23548
xxdut.xxtrim.xr5.21                     1.6449
xxdut.xxtrim.c7                        1.64156
t5                                           0
xxdut.xxtrim.xr6.11                    1.63831
xxdut.xxtrim.xr6.21                   0.485964
xxdut.xxtrim.c8                       0.482713
t6                                           0
xxdut.xxtrim.xr7.11                   0.482683
xxdut.xxtrim.xr7.21                   0.460962
xxdut.vc                              0.460932
t7                                         3.3
xxdut.xxcmph.tail                     0.827629
xxdut.xxcmph.dp                        3.30008
xxdut.xxcmph.dn                        1.67526
xxdut.cmph_out                     0.000380678
xxdut.xxcmpl.tail                   0.00234875
xxdut.xxcmpl.dp                    -0.00366125
xxdut.xxcmpl.dn                        2.53275
xxdut.cmpl_out                         3.28569
clk                                 -0.0164204
xxdut.qbar                             3.29653
xxdut.mid1                             3.28372
xxdut.mid2                             3.13312
vt7#branch                         1.77045e-05
vt6#branch                         7.69305e-08
vt5#branch                          8.5859e-08
vt4#branch                         5.14736e-08
vt3#branch                         3.77626e-08
vt2#branch                         3.10053e-08
vt1#branch                         2.75276e-08
vt0#branch                         2.59553e-08
vdd#branch                        -4.58094e-05

 Reference value :  0.00000e+00
 Reference value :  1.12984e-07
 Reference value :  2.31180e-07
 Reference value :  3.41558e-07
 Reference value :  4.55841e-07
 Reference value :  5.77793e-07
 Reference value :  7.03346e-07
 Reference value :  8.25347e-07
 Reference value :  9.50492e-07
 Reference value :  1.07657e-06
No. of Data Rows : 6374
ta                  =  1.42228e-07
tb                  =  7.33742e-07
ta = 1.422285e-07
tb = 7.337423e-07
period = 2.957569e-08
fosc = 3.381155e+07
ngspice-46 done

Warning: m=xx on .subckt line will override multiplier m hierarchy!

Note: Starting dynamic gmin stepping
Warning: Dynamic gmin stepping failed
Note: Starting true gmin stepping
Warning: True gmin stepping failed
Note: Starting source stepping
Warning: singular matrix:  check node xxdut.vl

Warning: source stepping failed
Note: Transient op started
Note: Transient op finished successfully
