====================================================================
gf180-rcosc PVT corner run: tt_T+027C_V3p3_code0x9F
run id      : 20260921T075822Z
process     : tt (fets=typical res=res_typical mimcap=mimcap_typical)
temperature : 27 C
supply      : 3.3 V
trim code   : 0x9F (159)
transient   : tran 200p 1200n, f = 20 periods / (t[rise=25] - t[rise=5])
wall clock  : 34.5 s
exit status : 0
====================================================================

Note: Compatibility modes selected: hs a


Circuit: ** sch_path: /users/rwalters/github/gf180-rcosc/.loom/worktrees/issue-39/design/pvt_tb.sch

Doing analysis at TEMP = 27.000000 and TNOM = 27.000000

Using SPARSE 1.3 as Direct Linear Solver

Initial Transient Solution
--------------------------

Node                                   Voltage
----                                   -------
vdd                                        3.3
xxdut.xxbias.xrba.11                   3.29907
xxdut.xxbias.xrba.21                   2.20093
xxdut.vh                                   2.2
xxdut.xxbias.xrbb.11                   2.19907
xxdut.xxbias.xrbb.21                   1.10093
xxdut.vl                                   1.1
xxdut.xxbias.xrbc.11                   1.09907
xxdut.xxbias.xrbc.21               0.000925394
xxdut.ibias                           0.964429
xxdut.xxbias.pb                        2.09264
xxdut.xxbias.n2s                      0.168067
xxdut.xxbias.xrz.11                   0.167627
xxdut.xxbias.xrz.21                0.000440269
xxdut.xxtrim.xrfix.11                  3.29956
xxdut.xxtrim.xrfix.21                  3.20897
xxdut.xxtrim.c1                        3.20852
xxdut.xxtrim.xr0.11                    3.20808
xxdut.xxtrim.xr0.21                    3.20414
xxdut.xxtrim.c2                         3.2037
t0                                         3.3
xxdut.xxtrim.xr1.11                    3.20325
xxdut.xxtrim.xr1.21                    3.19537
xxdut.xxtrim.c3                        3.19493
t1                                         3.3
xxdut.xxtrim.xr2.11                    3.19448
xxdut.xxtrim.xr2.21                    3.17872
xxdut.xxtrim.c4                        3.17827
t2                                         3.3
xxdut.xxtrim.xr3.11                    3.17783
xxdut.xxtrim.xr3.21                     3.1463
xxdut.xxtrim.c5                        3.14585
t3                                         3.3
xxdut.xxtrim.xr4.11                    3.14541
xxdut.xxtrim.xr4.21                    3.08235
xxdut.xxtrim.c6                        3.08191
t4                                         3.3
xxdut.xxtrim.xr5.11                    3.08146
xxdut.xxtrim.xr5.21                    2.95534
xxdut.xxtrim.c7                         2.9549
t5                                           0
xxdut.xxtrim.xr6.11                    2.95445
xxdut.xxtrim.xr6.21                    2.70221
xxdut.xxtrim.c8                        2.70177
t6                                           0
xxdut.xxtrim.xr7.11                    2.70133
xxdut.xxtrim.xr7.21                    2.20282
xxdut.vc                               2.20238
t7                                         3.3
xxdut.xxcmph.tail                     0.952236
xxdut.xxcmph.dp                        1.47823
xxdut.xxcmph.dn                        1.61105
xxdut.cmph_out                         1.42458
xxdut.xxcmpl.tail                      0.82605
xxdut.xxcmpl.dp                            3.3
xxdut.xxcmpl.dn                         1.1938
xxdut.cmpl_out                     4.20669e-09
clk                                   0.685585
xxdut.qbar                             1.36746
xxdut.mid1                             2.69117
xxdut.mid2                              3.1043
vt7#branch                                   0
vt6#branch                                   0
vt5#branch                                   0
vt4#branch                                   0
vt3#branch                                   0
vt2#branch                                   0
vt1#branch                                   0
vt0#branch                                   0
vdd#branch                        -0.000595052

 Reference value :  0.00000e+00
 Reference value :  7.02658e-08
 Reference value :  1.45813e-07
 Reference value :  2.31564e-07
 Reference value :  3.20177e-07
 Reference value :  4.22105e-07
 Reference value :  5.14082e-07
 Reference value :  6.08088e-07
 Reference value :  7.01845e-07
 Reference value :  7.99043e-07
 Reference value :  8.99095e-07
 Reference value :  9.75410e-07
 Reference value :  1.05218e-06
 Reference value :  1.14398e-06
No. of Data Rows : 6388
ta                  =  1.08913e-07
tb                  =  6.33107e-07
ta = 1.089127e-07
tb = 6.331066e-07
period = 2.620969e-08
fosc = 3.815382e+07
ngspice-46 done

Warning: m=xx on .subckt line will override multiplier m hierarchy!

Note: Starting dynamic gmin stepping
Note: Dynamic gmin stepping completed
