====================================================================
gf180-rcosc PVT corner run: ff_T+085C_V3p0_code0x3F
run id      : 20260906T060104Z
process     : ff (fets=ff res=res_ff mimcap=mimcap_ff)
temperature : 85 C
supply      : 3 V
trim code   : 0x3F (63)
transient   : tran 200p 1200n, f = 20 periods / (t[rise=25] - t[rise=5])
wall clock  : 18.0 s
exit status : 0
====================================================================

Note: Compatibility modes selected: hs a


Circuit: ** sch_path: /users/rwalters/github/gf180-rcosc/.loom/worktrees/issue-22/design/pvt_tb.sch

Doing analysis at TEMP = 85.000000 and TNOM = 27.000000

Using SPARSE 1.3 as Direct Linear Solver

Initial Transient Solution
--------------------------

Node                                   Voltage
----                                   -------
vdd                                          3
xxdut.xxbias.xrba.11                   2.99924
xxdut.xxbias.xrba.21                   2.00076
xxdut.vh                                     2
xxdut.xxbias.xrbb.11                   1.99924
xxdut.xxbias.xrbb.21                   1.00076
xxdut.vl                                     1
xxdut.xxbias.xrbc.11                  0.999241
xxdut.xxbias.xrbc.21                0.00075877
xxdut.xxbias.xrbias.11                 2.99983
xxdut.xxbias.xrbias.21                0.714632
xxdut.ibias                           0.714458
xxdut.xxtrim.xrfix.11                  2.99964
xxdut.xxtrim.xrfix.21                  2.91806
xxdut.xxtrim.c1                        2.91769
xxdut.xxtrim.xr0.11                    2.91733
xxdut.xxtrim.xr0.21                    2.91379
xxdut.xxtrim.c2                        2.91342
t0                                           3
xxdut.xxtrim.xr1.11                    2.91306
xxdut.xxtrim.xr1.21                    2.90597
xxdut.xxtrim.c3                        2.90561
t1                                           3
xxdut.xxtrim.xr2.11                    2.90524
xxdut.xxtrim.xr2.21                    2.89105
xxdut.xxtrim.c4                        2.89069
t2                                           3
xxdut.xxtrim.xr3.11                    2.89033
xxdut.xxtrim.xr3.21                    2.86193
xxdut.xxtrim.c5                        2.86157
t3                                           3
xxdut.xxtrim.xr4.11                    2.86121
xxdut.xxtrim.xr4.21                    2.80442
xxdut.xxtrim.c6                        2.80406
t4                                           3
xxdut.xxtrim.xr5.11                     2.8037
xxdut.xxtrim.xr5.21                    2.69011
xxdut.xxtrim.c7                        2.68975
t5                                           3
xxdut.xxtrim.xr6.11                    2.68939
xxdut.xxtrim.xr6.21                    2.46222
xxdut.xxtrim.c8                        2.46186
t6                                           0
xxdut.xxtrim.xr7.11                     2.4615
xxdut.xxtrim.xr7.21                    2.00716
xxdut.vc                                2.0068
t7                                           0
xxdut.xxcmph.tail                      1.00213
xxdut.xxcmph.dp                         1.3411
xxdut.xxcmph.dn                        1.74241
xxdut.cmph_out                         1.28706
xxdut.xxcmpl.tail                     0.920958
xxdut.xxcmpl.dp                              3
xxdut.xxcmpl.dn                        1.44127
xxdut.cmpl_out                     7.03357e-09
clk                                   0.526365
xxdut.qbar                             1.24167
xxdut.mid1                             2.37132
xxdut.mid2                             2.79571
vt7#branch                                   0
vt6#branch                                   0
vt5#branch                                   0
vt4#branch                                   0
vt3#branch                                   0
vt2#branch                                   0
vt1#branch                                   0
vt0#branch                                   0
vdd#branch                        -0.000478437

 Reference value :  0.00000e+00
 Reference value :  7.50157e-08
 Reference value :  1.50626e-07
 Reference value :  2.24975e-07
 Reference value :  3.04038e-07
 Reference value :  3.80412e-07
 Reference value :  4.53414e-07
 Reference value :  5.28513e-07
 Reference value :  6.08113e-07
 Reference value :  6.81954e-07
 Reference value :  7.57269e-07
 Reference value :  8.33610e-07
 Reference value :  9.11230e-07
 Reference value :  9.87658e-07
 Reference value :  1.06155e-06
 Reference value :  1.13822e-06
No. of Data Rows : 6420
ta                  =  1.14229e-07
tb                  =  6.63323e-07
ta = 1.142286e-07
tb = 6.633230e-07
period = 2.745472e-08
fosc = 3.642361e+07
ngspice-46 done

Warning: m=xx on .subckt line will override multiplier m hierarchy!

Note: Starting dynamic gmin stepping
Note: Dynamic gmin stepping completed
