====================================================================
gf180-rcosc PVT corner run: ff_T+027C_V3p6_code0x80
run id      : 20260906T060104Z
process     : ff (fets=ff res=res_ff mimcap=mimcap_ff)
temperature : 27 C
supply      : 3.6 V
trim code   : 0x80 (128)
transient   : tran 200p 1200n, f = 20 periods / (t[rise=25] - t[rise=5])
wall clock  : 13.2 s
exit status : 0
====================================================================

Note: Compatibility modes selected: hs a


Circuit: ** sch_path: /users/rwalters/github/gf180-rcosc/.loom/worktrees/issue-22/design/pvt_tb.sch

Doing analysis at TEMP = 27.000000 and TNOM = 27.000000

Using SPARSE 1.3 as Direct Linear Solver

Initial Transient Solution
--------------------------

Node                                   Voltage
----                                   -------
vdd                                        3.6
xxdut.xxbias.xrba.11                   3.59874
xxdut.xxbias.xrba.21                   2.40126
xxdut.vh                                   2.4
xxdut.xxbias.xrbb.11                   2.39874
xxdut.xxbias.xrbb.21                   1.20126
xxdut.vl                                   1.2
xxdut.xxbias.xrbc.11                   1.19874
xxdut.xxbias.xrbc.21                0.00126137
xxdut.xxbias.xrbias.11                  3.5997
xxdut.xxbias.xrbias.21                0.773512
xxdut.ibias                           0.773215
xxdut.xxtrim.xrfix.11                  3.59927
xxdut.xxtrim.xrfix.21                  3.47939
xxdut.xxtrim.c1                        3.47865
xxdut.xxtrim.xr0.11                    3.47792
xxdut.xxtrim.xr0.21                    3.47271
xxdut.xxtrim.c2                        3.47197
t0                                           0
xxdut.xxtrim.xr1.11                    3.47124
xxdut.xxtrim.xr1.21                    3.46081
xxdut.xxtrim.c3                        3.46007
t1                                           0
xxdut.xxtrim.xr2.11                    3.45934
xxdut.xxtrim.xr2.21                    3.43848
xxdut.xxtrim.c4                        3.43774
t2                                           0
xxdut.xxtrim.xr3.11                    3.43701
xxdut.xxtrim.xr3.21                    3.39528
xxdut.xxtrim.c5                        3.39455
t3                                           0
xxdut.xxtrim.xr4.11                    3.39382
xxdut.xxtrim.xr4.21                    3.31037
xxdut.xxtrim.c6                        3.30963
t4                                           0
xxdut.xxtrim.xr5.11                     3.3089
xxdut.xxtrim.xr5.21                      3.142
xxdut.xxtrim.c7                        3.14127
t5                                           0
xxdut.xxtrim.xr6.11                    3.14053
xxdut.xxtrim.xr6.21                    2.80674
xxdut.xxtrim.c8                          2.806
t6                                           0
xxdut.xxtrim.xr7.11                    2.80557
xxdut.xxtrim.xr7.21                    2.40993
xxdut.vc                               2.40949
t7                                         3.6
xxdut.xxcmph.tail                      1.28936
xxdut.xxcmph.dp                        1.60858
xxdut.xxcmph.dn                        2.28384
xxdut.cmph_out                         1.54083
xxdut.xxcmpl.tail                      1.21407
xxdut.xxcmpl.dp                            3.6
xxdut.xxcmpl.dn                        1.98241
xxdut.cmpl_out                     5.00811e-09
clk                                   0.600348
xxdut.qbar                             1.47429
xxdut.mid1                             2.81712
xxdut.mid2                             3.32767
vt7#branch                                   0
vt6#branch                                   0
vt5#branch                                   0
vt4#branch                                   0
vt3#branch                                   0
vt2#branch                                   0
vt1#branch                                   0
vt0#branch                                   0
vdd#branch                        -0.000752113

 Reference value :  0.00000e+00
 Reference value :  6.43436e-08
 Reference value :  1.33223e-07
 Reference value :  1.99915e-07
 Reference value :  2.68309e-07
 Reference value :  3.36208e-07
 Reference value :  4.11258e-07
 Reference value :  4.80458e-07
 Reference value :  5.48335e-07
 Reference value :  6.16535e-07
 Reference value :  6.85694e-07
 Reference value :  7.53641e-07
 Reference value :  8.24734e-07
 Reference value :  9.00132e-07
 Reference value :  9.73882e-07
 Reference value :  1.04341e-06
 Reference value :  1.11287e-06
 Reference value :  1.18111e-06
No. of Data Rows : 6377
ta                  =  8.16305e-08
tb                  =  4.70291e-07
ta = 8.163053e-08
tb = 4.702908e-07
period = 1.943301e-08
fosc = 5.145882e+07
ngspice-46 done

Warning: m=xx on .subckt line will override multiplier m hierarchy!

Note: Starting dynamic gmin stepping
Note: Dynamic gmin stepping completed
