====================================================================
gf180-rcosc PVT corner run: ff_T+085C_V3p6_code0xE0
run id      : 20260906T060104Z
process     : ff (fets=ff res=res_ff mimcap=mimcap_ff)
temperature : 85 C
supply      : 3.6 V
trim code   : 0xE0 (224)
transient   : tran 200p 1200n, f = 20 periods / (t[rise=25] - t[rise=5])
wall clock  : 15.0 s
exit status : 0
====================================================================

Note: Compatibility modes selected: hs a


Circuit: ** sch_path: /users/rwalters/github/gf180-rcosc/.loom/worktrees/issue-22/design/pvt_tb.sch

Doing analysis at TEMP = 85.000000 and TNOM = 27.000000

Using SPARSE 1.3 as Direct Linear Solver

Initial Transient Solution
--------------------------

Node                                   Voltage
----                                   -------
vdd                                        3.6
xxdut.xxbias.xrba.11                   3.59909
xxdut.xxbias.xrba.21                   2.40091
xxdut.vh                                   2.4
xxdut.xxbias.xrbb.11                   2.39909
xxdut.xxbias.xrbb.21                   1.20091
xxdut.vl                                   1.2
xxdut.xxbias.xrbc.11                   1.19909
xxdut.xxbias.xrbc.21               0.000910524
xxdut.xxbias.xrbias.11                 3.59978
xxdut.xxbias.xrbias.21                0.744295
xxdut.ibias                           0.744078
xxdut.xxtrim.xrfix.11                  3.59942
xxdut.xxtrim.xrfix.21                  3.46814
xxdut.xxtrim.c1                        3.46756
xxdut.xxtrim.xr0.11                    3.46698
xxdut.xxtrim.xr0.21                    3.46127
xxdut.xxtrim.c2                        3.46069
t0                                           0
xxdut.xxtrim.xr1.11                    3.46011
xxdut.xxtrim.xr1.21                    3.44869
xxdut.xxtrim.c3                        3.44811
t1                                           0
xxdut.xxtrim.xr2.11                    3.44753
xxdut.xxtrim.xr2.21                    3.42468
xxdut.xxtrim.c4                         3.4241
t2                                           0
xxdut.xxtrim.xr3.11                    3.42352
xxdut.xxtrim.xr3.21                    3.37783
xxdut.xxtrim.c5                        3.37725
t3                                           0
xxdut.xxtrim.xr4.11                    3.37667
xxdut.xxtrim.xr4.21                    3.28528
xxdut.xxtrim.c6                         3.2847
t4                                           0
xxdut.xxtrim.xr5.11                    3.28412
xxdut.xxtrim.xr5.21                    3.10135
xxdut.xxtrim.c7                        3.10077
t5                                         3.6
xxdut.xxtrim.xr6.11                    3.10019
xxdut.xxtrim.xr6.21                    2.73478
xxdut.xxtrim.c8                         2.7342
t6                                         3.6
xxdut.xxtrim.xr7.11                    2.73395
xxdut.xxtrim.xr7.21                    2.41259
xxdut.vc                               2.41233
t7                                         3.6
xxdut.xxcmph.tail                      1.30832
xxdut.xxcmph.dp                        1.61498
xxdut.xxcmph.dn                        2.25607
xxdut.cmph_out                         1.54311
xxdut.xxcmpl.tail                      1.22048
xxdut.xxcmpl.dp                            3.6
xxdut.xxcmpl.dn                        1.91316
xxdut.cmpl_out                     8.46589e-09
clk                                   0.554665
xxdut.qbar                             1.50465
xxdut.mid1                             2.78203
xxdut.mid2                             3.32423
vt7#branch                                   0
vt6#branch                                   0
vt5#branch                                   0
vt4#branch                                   0
vt3#branch                                   0
vt2#branch                                   0
vt1#branch                                   0
vt0#branch                                   0
vdd#branch                        -0.000711145

 Reference value :  0.00000e+00
 Reference value :  5.83970e-08
 Reference value :  1.15496e-07
 Reference value :  1.73999e-07
 Reference value :  2.40320e-07
 Reference value :  2.98427e-07
 Reference value :  3.60115e-07
 Reference value :  4.18652e-07
 Reference value :  4.83577e-07
 Reference value :  5.48817e-07
 Reference value :  6.11430e-07
 Reference value :  6.74926e-07
 Reference value :  7.37705e-07
 Reference value :  7.97892e-07
 Reference value :  8.61061e-07
 Reference value :  9.23826e-07
 Reference value :  9.83364e-07
 Reference value :  1.04515e-06
 Reference value :  1.10786e-06
 Reference value :  1.16790e-06
No. of Data Rows : 6577
ta                  =  5.76674e-08
tb                  =  3.20462e-07
ta = 5.766743e-08
tb = 3.204618e-07
period = 1.313972e-08
fosc = 7.610513e+07
ngspice-46 done

Warning: m=xx on .subckt line will override multiplier m hierarchy!

Note: Starting dynamic gmin stepping
Note: Dynamic gmin stepping completed
