====================================================================
gf180-rcosc PVT corner run: ff_T-040C_V3p0_code0x3F
run id      : 20260906T060104Z
process     : ff (fets=ff res=res_ff mimcap=mimcap_ff)
temperature : -40 C
supply      : 3 V
trim code   : 0x3F (63)
transient   : tran 200p 1200n, f = 20 periods / (t[rise=25] - t[rise=5])
wall clock  : 19.1 s
exit status : 0
====================================================================

Note: Compatibility modes selected: hs a


Circuit: ** sch_path: /users/rwalters/github/gf180-rcosc/.loom/worktrees/issue-22/design/pvt_tb.sch

Doing analysis at TEMP = -40.000000 and TNOM = 27.000000

Using SPARSE 1.3 as Direct Linear Solver

Initial Transient Solution
--------------------------

Node                                   Voltage
----                                   -------
vdd                                          3
xxdut.xxbias.xrba.11                   2.99832
xxdut.xxbias.xrba.21                   2.00168
xxdut.vh                                     2
xxdut.xxbias.xrbb.11                   1.99832
xxdut.xxbias.xrbb.21                   1.00168
xxdut.vl                                     1
xxdut.xxbias.xrbc.11                  0.998317
xxdut.xxbias.xrbc.21                0.00168312
xxdut.xxbias.xrbias.11                 2.99963
xxdut.xxbias.xrbias.21                0.786855
xxdut.ibias                           0.786482
xxdut.xxtrim.xrfix.11                   2.9992
xxdut.xxtrim.xrfix.21                  2.91809
xxdut.xxtrim.c1                         2.9173
xxdut.xxtrim.xr0.11                     2.9165
xxdut.xxtrim.xr0.21                    2.91297
xxdut.xxtrim.c2                        2.91218
t0                                           3
xxdut.xxtrim.xr1.11                    2.91138
xxdut.xxtrim.xr1.21                    2.90432
xxdut.xxtrim.c3                        2.90353
t1                                           3
xxdut.xxtrim.xr2.11                    2.90273
xxdut.xxtrim.xr2.21                    2.88861
xxdut.xxtrim.c4                        2.88782
t2                                           3
xxdut.xxtrim.xr3.11                    2.88702
xxdut.xxtrim.xr3.21                    2.85879
xxdut.xxtrim.c5                        2.85799
t3                                           3
xxdut.xxtrim.xr4.11                     2.8572
xxdut.xxtrim.xr4.21                    2.80073
xxdut.xxtrim.c6                        2.79994
t4                                           3
xxdut.xxtrim.xr5.11                    2.79914
xxdut.xxtrim.xr5.21                    2.68622
xxdut.xxtrim.c7                        2.68542
t5                                           3
xxdut.xxtrim.xr6.11                    2.68462
xxdut.xxtrim.xr6.21                    2.45877
xxdut.xxtrim.c8                        2.45798
t6                                           0
xxdut.xxtrim.xr7.11                    2.45718
xxdut.xxtrim.xr7.21                    2.00548
xxdut.vc                               2.00469
t7                                           0
xxdut.xxcmph.tail                     0.952265
xxdut.xxcmph.dp                        1.33539
xxdut.xxcmph.dn                        1.78792
xxdut.cmph_out                         1.28637
xxdut.xxcmpl.tail                     0.898002
xxdut.xxcmpl.dp                              3
xxdut.xxcmpl.dn                        1.56883
xxdut.cmpl_out                     2.85549e-09
clk                                   0.645538
xxdut.qbar                             1.23693
xxdut.mid1                             2.46024
xxdut.mid2                              2.8227
vt7#branch                                   0
vt6#branch                                   0
vt5#branch                                   0
vt4#branch                                   0
vt3#branch                                   0
vt2#branch                                   0
vt1#branch                                   0
vt0#branch                                   0
vdd#branch                        -0.000520771

 Reference value :  0.00000e+00
 Reference value :  7.24426e-08
 Reference value :  1.51548e-07
 Reference value :  2.20501e-07
 Reference value :  3.00439e-07
 Reference value :  3.74140e-07
 Reference value :  4.50910e-07
 Reference value :  5.25327e-07
 Reference value :  6.00176e-07
 Reference value :  6.75041e-07
 Reference value :  7.52950e-07
 Reference value :  8.34333e-07
 Reference value :  9.07610e-07
 Reference value :  9.85144e-07
 Reference value :  1.06054e-06
 Reference value :  1.13757e-06
No. of Data Rows : 6375
ta                  =  1.22986e-07
tb                  =  7.18263e-07
ta = 1.229864e-07
tb = 7.182626e-07
period = 2.976381e-08
fosc = 3.359785e+07
ngspice-46 done

Warning: m=xx on .subckt line will override multiplier m hierarchy!

Note: Starting dynamic gmin stepping
Warning: Dynamic gmin stepping failed
Note: Starting true gmin stepping
Note: True gmin stepping completed
