====================================================================
gf180-rcosc PVT corner run: ff_T+027C_V3p6_code0x3F
run id      : 20260906T060104Z
process     : ff (fets=ff res=res_ff mimcap=mimcap_ff)
temperature : 27 C
supply      : 3.6 V
trim code   : 0x3F (63)
transient   : tran 200p 1200n, f = 20 periods / (t[rise=25] - t[rise=5])
wall clock  : 18.9 s
exit status : 0
====================================================================

Note: Compatibility modes selected: hs a


Circuit: ** sch_path: /users/rwalters/github/gf180-rcosc/.loom/worktrees/issue-22/design/pvt_tb.sch

Doing analysis at TEMP = 27.000000 and TNOM = 27.000000

Using SPARSE 1.3 as Direct Linear Solver

Initial Transient Solution
--------------------------

Node                                   Voltage
----                                   -------
vdd                                        3.6
xxdut.xxbias.xrba.11                   3.59874
xxdut.xxbias.xrba.21                   2.40126
xxdut.vh                                   2.4
xxdut.xxbias.xrbb.11                   2.39874
xxdut.xxbias.xrbb.21                   1.20126
xxdut.vl                                   1.2
xxdut.xxbias.xrbc.11                   1.19874
xxdut.xxbias.xrbc.21                0.00126137
xxdut.xxbias.xrbias.11                  3.5997
xxdut.xxbias.xrbias.21                0.773512
xxdut.ibias                           0.773215
xxdut.xxtrim.xrfix.11                   3.5994
xxdut.xxtrim.xrfix.21                  3.50186
xxdut.xxtrim.c1                        3.50126
xxdut.xxtrim.xr0.11                    3.50066
xxdut.xxtrim.xr0.21                    3.49642
xxdut.xxtrim.c2                        3.49582
t0                                         3.6
xxdut.xxtrim.xr1.11                    3.49522
xxdut.xxtrim.xr1.21                    3.48674
xxdut.xxtrim.c3                        3.48614
t1                                         3.6
xxdut.xxtrim.xr2.11                    3.48554
xxdut.xxtrim.xr2.21                    3.46857
xxdut.xxtrim.c4                        3.46797
t2                                         3.6
xxdut.xxtrim.xr3.11                    3.46737
xxdut.xxtrim.xr3.21                    3.43342
xxdut.xxtrim.c5                        3.43282
t3                                         3.6
xxdut.xxtrim.xr4.11                    3.43223
xxdut.xxtrim.xr4.21                    3.36432
xxdut.xxtrim.c6                        3.36372
t4                                         3.6
xxdut.xxtrim.xr5.11                    3.36313
xxdut.xxtrim.xr5.21                    3.22732
xxdut.xxtrim.c7                        3.22672
t5                                         3.6
xxdut.xxtrim.xr6.11                    3.22613
xxdut.xxtrim.xr6.21                    2.95451
xxdut.xxtrim.c8                        2.95392
t6                                           0
xxdut.xxtrim.xr7.11                    2.95332
xxdut.xxtrim.xr7.21                    2.41009
xxdut.vc                               2.40949
t7                                           0
xxdut.xxcmph.tail                      1.28936
xxdut.xxcmph.dp                        1.60852
xxdut.xxcmph.dn                        2.28384
xxdut.cmph_out                         1.54323
xxdut.xxcmpl.tail                      1.21407
xxdut.xxcmpl.dp                            3.6
xxdut.xxcmpl.dn                        1.98241
xxdut.cmpl_out                     5.00811e-09
clk                                   0.588516
xxdut.qbar                             1.47726
xxdut.mid1                             2.80993
xxdut.mid2                             3.32845
vt7#branch                                   0
vt6#branch                                   0
vt5#branch                                   0
vt4#branch                                   0
vt3#branch                                   0
vt2#branch                                   0
vt1#branch                                   0
vt0#branch                                   0
vdd#branch                        -0.000748957

 Reference value :  0.00000e+00
 Reference value :  7.21721e-08
 Reference value :  1.44238e-07
 Reference value :  2.20332e-07
 Reference value :  2.89407e-07
 Reference value :  3.65542e-07
 Reference value :  4.39332e-07
 Reference value :  5.09463e-07
 Reference value :  5.84643e-07
 Reference value :  6.58815e-07
 Reference value :  7.30113e-07
 Reference value :  8.07077e-07
 Reference value :  8.84506e-07
 Reference value :  9.55135e-07
 Reference value :  1.02820e-06
 Reference value :  1.10680e-06
 Reference value :  1.17801e-06
No. of Data Rows : 6444
ta                  =  1.14654e-07
tb                  =  6.67082e-07
ta = 1.146543e-07
tb = 6.670823e-07
period = 2.762140e-08
fosc = 3.620381e+07
ngspice-46 done

Warning: m=xx on .subckt line will override multiplier m hierarchy!

Note: Starting dynamic gmin stepping
Note: Dynamic gmin stepping completed
