====================================================================
gf180-rcosc PVT corner run: ff_T+085C_V3p6_code0x3F
run id      : 20260906T060104Z
process     : ff (fets=ff res=res_ff mimcap=mimcap_ff)
temperature : 85 C
supply      : 3.6 V
trim code   : 0x3F (63)
transient   : tran 200p 1200n, f = 20 periods / (t[rise=25] - t[rise=5])
wall clock  : 17.6 s
exit status : 0
====================================================================

Note: Compatibility modes selected: hs a


Circuit: ** sch_path: /users/rwalters/github/gf180-rcosc/.loom/worktrees/issue-22/design/pvt_tb.sch

Doing analysis at TEMP = 85.000000 and TNOM = 27.000000

Using SPARSE 1.3 as Direct Linear Solver

Initial Transient Solution
--------------------------

Node                                   Voltage
----                                   -------
vdd                                        3.6
xxdut.xxbias.xrba.11                   3.59909
xxdut.xxbias.xrba.21                   2.40091
xxdut.vh                                   2.4
xxdut.xxbias.xrbb.11                   2.39909
xxdut.xxbias.xrbb.21                   1.20091
xxdut.vl                                   1.2
xxdut.xxbias.xrbc.11                   1.19909
xxdut.xxbias.xrbc.21               0.000910524
xxdut.xxbias.xrbias.11                 3.59978
xxdut.xxbias.xrbias.21                0.744295
xxdut.ibias                           0.744078
xxdut.xxtrim.xrfix.11                  3.59957
xxdut.xxtrim.xrfix.21                  3.50201
xxdut.xxtrim.c1                        3.50158
xxdut.xxtrim.xr0.11                    3.50115
xxdut.xxtrim.xr0.21                    3.49691
xxdut.xxtrim.c2                        3.49647
t0                                         3.6
xxdut.xxtrim.xr1.11                    3.49604
xxdut.xxtrim.xr1.21                    3.48755
xxdut.xxtrim.c3                        3.48712
t1                                         3.6
xxdut.xxtrim.xr2.11                    3.48669
xxdut.xxtrim.xr2.21                    3.46971
xxdut.xxtrim.c4                        3.46928
t2                                         3.6
xxdut.xxtrim.xr3.11                    3.46885
xxdut.xxtrim.xr3.21                     3.4349
xxdut.xxtrim.c5                        3.43447
t3                                         3.6
xxdut.xxtrim.xr4.11                    3.43404
xxdut.xxtrim.xr4.21                    3.36612
xxdut.xxtrim.c6                        3.36569
t4                                         3.6
xxdut.xxtrim.xr5.11                    3.36526
xxdut.xxtrim.xr5.21                    3.22944
xxdut.xxtrim.c7                        3.22901
t5                                         3.6
xxdut.xxtrim.xr6.11                    3.22858
xxdut.xxtrim.xr6.21                    2.95693
xxdut.xxtrim.c8                         2.9565
t6                                           0
xxdut.xxtrim.xr7.11                    2.95607
xxdut.xxtrim.xr7.21                    2.41277
xxdut.vc                               2.41234
t7                                           0
xxdut.xxcmph.tail                      1.30832
xxdut.xxcmph.dp                        1.61487
xxdut.xxcmph.dn                        2.25607
xxdut.cmph_out                         1.54707
xxdut.xxcmpl.tail                      1.22048
xxdut.xxcmpl.dp                            3.6
xxdut.xxcmpl.dn                        1.91316
xxdut.cmpl_out                     8.46589e-09
clk                                   0.535253
xxdut.qbar                             1.51326
xxdut.mid1                             2.77068
xxdut.mid2                             3.32655
vt7#branch                                   0
vt6#branch                                   0
vt5#branch                                   0
vt4#branch                                   0
vt3#branch                                   0
vt2#branch                                   0
vt1#branch                                   0
vt0#branch                                   0
vdd#branch                        -0.000705601

 Reference value :  0.00000e+00
 Reference value :  7.43199e-08
 Reference value :  1.48063e-07
 Reference value :  2.26061e-07
 Reference value :  3.04273e-07
 Reference value :  3.77053e-07
 Reference value :  4.51896e-07
 Reference value :  5.23714e-07
 Reference value :  6.01454e-07
 Reference value :  6.80149e-07
 Reference value :  7.58067e-07
 Reference value :  8.35710e-07
 Reference value :  9.10818e-07
 Reference value :  9.87261e-07
 Reference value :  1.06654e-06
 Reference value :  1.14407e-06
No. of Data Rows : 6319
ta                  =  1.17620e-07
tb                  =  6.53304e-07
ta = 1.176201e-07
tb = 6.533040e-07
period = 2.678419e-08
fosc = 3.733545e+07
ngspice-46 done

Warning: m=xx on .subckt line will override multiplier m hierarchy!

Note: Starting dynamic gmin stepping
Note: Dynamic gmin stepping completed
