====================================================================
gf180-rcosc PVT corner run: ff_T-040C_V3p6_code0x80
run id      : 20260906T060104Z
process     : ff (fets=ff res=res_ff mimcap=mimcap_ff)
temperature : -40 C
supply      : 3.6 V
trim code   : 0x80 (128)
transient   : tran 200p 1200n, f = 20 periods / (t[rise=25] - t[rise=5])
wall clock  : 13.8 s
exit status : 0
====================================================================

Note: Compatibility modes selected: hs a


Circuit: ** sch_path: /users/rwalters/github/gf180-rcosc/.loom/worktrees/issue-22/design/pvt_tb.sch

Doing analysis at TEMP = -40.000000 and TNOM = 27.000000

Using SPARSE 1.3 as Direct Linear Solver

Initial Transient Solution
--------------------------

Node                                   Voltage
----                                   -------
vdd                                        3.6
xxdut.xxbias.xrba.11                   3.59798
xxdut.xxbias.xrba.21                   2.40202
xxdut.vh                                   2.4
xxdut.xxbias.xrbb.11                   2.39798
xxdut.xxbias.xrbb.21                   1.20202
xxdut.vl                                   1.2
xxdut.xxbias.xrbc.11                   1.19798
xxdut.xxbias.xrbc.21                0.00201975
xxdut.xxbias.xrbias.11                 3.59953
xxdut.xxbias.xrbias.21                0.808231
xxdut.ibias                           0.807759
xxdut.xxtrim.xrfix.11                  3.59895
xxdut.xxtrim.xrfix.21                  3.49232
xxdut.xxtrim.c1                        3.49127
xxdut.xxtrim.xr0.11                    3.49022
xxdut.xxtrim.xr0.21                    3.48558
xxdut.xxtrim.c2                        3.48454
t0                                           0
xxdut.xxtrim.xr1.11                    3.48349
xxdut.xxtrim.xr1.21                    3.47421
xxdut.xxtrim.c3                        3.47316
t1                                           0
xxdut.xxtrim.xr2.11                    3.47212
xxdut.xxtrim.xr2.21                    3.45356
xxdut.xxtrim.c4                        3.45251
t2                                           0
xxdut.xxtrim.xr3.11                    3.45146
xxdut.xxtrim.xr3.21                    3.41435
xxdut.xxtrim.c5                         3.4133
t3                                           0
xxdut.xxtrim.xr4.11                    3.41225
xxdut.xxtrim.xr4.21                    3.33802
xxdut.xxtrim.c6                        3.33697
t4                                           0
xxdut.xxtrim.xr5.11                    3.33593
xxdut.xxtrim.xr5.21                    3.18746
xxdut.xxtrim.c7                        3.18641
t5                                           0
xxdut.xxtrim.xr6.11                    3.18537
xxdut.xxtrim.xr6.21                    2.88844
xxdut.xxtrim.c8                        2.88739
t6                                           0
xxdut.xxtrim.xr7.11                    2.88655
xxdut.xxtrim.xr7.21                    2.40844
xxdut.vc                                2.4076
t7                                         3.6
xxdut.xxcmph.tail                      1.26637
xxdut.xxcmph.dp                        1.60612
xxdut.xxcmph.dn                        2.32164
xxdut.cmph_out                         1.54242
xxdut.xxcmpl.tail                      1.20657
xxdut.xxcmpl.dp                            3.6
xxdut.xxcmpl.dn                         2.0706
xxdut.cmpl_out                     4.02941e-09
clk                                   0.656267
xxdut.qbar                             1.46212
xxdut.mid1                             2.85963
xxdut.mid2                             3.33812
vt7#branch                                   0
vt6#branch                                   0
vt5#branch                                   0
vt4#branch                                   0
vt3#branch                                   0
vt2#branch                                   0
vt1#branch                                   0
vt0#branch                                   0
vdd#branch                        -0.000820684

 Reference value :  0.00000e+00
 Reference value :  6.29570e-08
 Reference value :  1.28123e-07
 Reference value :  1.91716e-07
 Reference value :  2.61201e-07
 Reference value :  3.29757e-07
 Reference value :  3.96516e-07
 Reference value :  4.61151e-07
 Reference value :  5.26366e-07
 Reference value :  6.01261e-07
 Reference value :  6.66751e-07
 Reference value :  7.31763e-07
 Reference value :  7.97714e-07
 Reference value :  8.67867e-07
 Reference value :  9.32518e-07
 Reference value :  9.96701e-07
 Reference value :  1.06174e-06
 Reference value :  1.12833e-06
 Reference value :  1.19788e-06
No. of Data Rows : 6527
ta                  =  8.82870e-08
tb                  =  4.99049e-07
ta = 8.828703e-08
tb = 4.990494e-07
period = 2.053812e-08
fosc = 4.868995e+07
ngspice-46 done

Warning: m=xx on .subckt line will override multiplier m hierarchy!

Note: Starting dynamic gmin stepping
Note: Dynamic gmin stepping completed
