====================================================================
gf180-rcosc PVT corner run: fs_T-040C_V3p3_code0x80
run id      : 20260906T060104Z
process     : fs (fets=fs res=res_typical mimcap=mimcap_typical)
temperature : -40 C
supply      : 3.3 V
trim code   : 0x80 (128)
transient   : tran 200p 1200n, f = 20 periods / (t[rise=25] - t[rise=5])
wall clock  : 14.9 s
exit status : 0
====================================================================

Note: Compatibility modes selected: hs a


Circuit: ** sch_path: /users/rwalters/github/gf180-rcosc/.loom/worktrees/issue-22/design/pvt_tb.sch

Doing analysis at TEMP = -40.000000 and TNOM = 27.000000

Using SPARSE 1.3 as Direct Linear Solver

Initial Transient Solution
--------------------------

Node                                   Voltage
----                                   -------
vdd                                        3.3
xxdut.xxbias.xrba.11                   3.29852
xxdut.xxbias.xrba.21                   2.20148
xxdut.vh                                   2.2
xxdut.xxbias.xrbb.11                   2.19852
xxdut.xxbias.xrbb.21                   1.10148
xxdut.vl                                   1.1
xxdut.xxbias.xrbc.11                   1.09852
xxdut.xxbias.xrbc.21                0.00148214
xxdut.xxbias.xrbias.11                 3.29966
xxdut.xxbias.xrbias.21                0.809517
xxdut.ibias                            0.80918
xxdut.xxtrim.xrfix.11                  3.29929
xxdut.xxtrim.xrfix.21                  3.20918
xxdut.xxtrim.c1                        3.20847
xxdut.xxtrim.xr0.11                    3.20777
xxdut.xxtrim.xr0.21                    3.20385
xxdut.xxtrim.c2                        3.20314
t0                                           0
xxdut.xxtrim.xr1.11                    3.20243
xxdut.xxtrim.xr1.21                    3.19459
xxdut.xxtrim.c3                        3.19388
t1                                           0
xxdut.xxtrim.xr2.11                    3.19317
xxdut.xxtrim.xr2.21                    3.17749
xxdut.xxtrim.c4                        3.17678
t2                                           0
xxdut.xxtrim.xr3.11                    3.17608
xxdut.xxtrim.xr3.21                    3.14471
xxdut.xxtrim.c5                        3.14401
t3                                           0
xxdut.xxtrim.xr4.11                     3.1433
xxdut.xxtrim.xr4.21                    3.08057
xxdut.xxtrim.c6                        3.07986
t4                                           0
xxdut.xxtrim.xr5.11                    3.07915
xxdut.xxtrim.xr5.21                     2.9537
xxdut.xxtrim.c7                        2.95299
t5                                           0
xxdut.xxtrim.xr6.11                    2.95228
xxdut.xxtrim.xr6.21                    2.70137
xxdut.xxtrim.c8                        2.70066
t6                                           0
xxdut.xxtrim.xr7.11                    2.69997
xxdut.xxtrim.xr7.21                    2.20667
xxdut.vc                               2.20597
t7                                         3.3
xxdut.xxcmph.tail                      1.09045
xxdut.xxcmph.dp                         1.3634
xxdut.xxcmph.dn                        1.86643
xxdut.cmph_out                         1.30621
xxdut.xxcmpl.tail                      1.03856
xxdut.xxcmpl.dp                            3.3
xxdut.xxcmpl.dn                        1.64198
xxdut.cmpl_out                     3.12599e-09
clk                                   0.669415
xxdut.qbar                             1.25995
xxdut.mid1                             2.75628
xxdut.mid2                             3.11295
vt7#branch                                   0
vt6#branch                                   0
vt5#branch                                   0
vt4#branch                                   0
vt3#branch                                   0
vt2#branch                                   0
vt1#branch                                   0
vt0#branch                                   0
vdd#branch                        -0.000488129

 Reference value :  0.00000e+00
 Reference value :  7.17184e-08
 Reference value :  1.50724e-07
 Reference value :  2.29956e-07
 Reference value :  3.00468e-07
 Reference value :  3.76297e-07
 Reference value :  4.52747e-07
 Reference value :  5.26839e-07
 Reference value :  6.04509e-07
 Reference value :  6.81671e-07
 Reference value :  7.55656e-07
 Reference value :  8.34977e-07
 Reference value :  9.16612e-07
 Reference value :  9.89859e-07
 Reference value :  1.07532e-06
 Reference value :  1.15222e-06
No. of Data Rows : 6399
ta                  =  1.20004e-07
tb                  =  6.89564e-07
ta = 1.200042e-07
tb = 6.895643e-07
period = 2.847800e-08
fosc = 3.511482e+07
ngspice-46 done

Warning: m=xx on .subckt line will override multiplier m hierarchy!

Note: Starting dynamic gmin stepping
Warning: Dynamic gmin stepping failed
Note: Starting true gmin stepping
Note: True gmin stepping completed
