====================================================================
gf180-rcosc PVT corner run: fs_T+027C_V3p3_code0x81
run id      : 20260906T060104Z
process     : fs (fets=fs res=res_typical mimcap=mimcap_typical)
temperature : 27 C
supply      : 3.3 V
trim code   : 0x81 (129)
transient   : tran 200p 1200n, f = 20 periods / (t[rise=25] - t[rise=5])
wall clock  : 4.6 s
exit status : 0
====================================================================

Note: Compatibility modes selected: hs a


Circuit: ** sch_path: /users/rwalters/github/gf180-rcosc/.loom/worktrees/issue-22/design/pvt_tb.sch

Doing analysis at TEMP = 27.000000 and TNOM = 27.000000

Using SPARSE 1.3 as Direct Linear Solver

Initial Transient Solution
--------------------------

Node                                   Voltage
----                                   -------
vdd                                        3.3
xxdut.xxbias.xrba.11                   3.29907
xxdut.xxbias.xrba.21                   2.20093
xxdut.vh                                   2.2
xxdut.xxbias.xrbb.11                   2.19907
xxdut.xxbias.xrbb.21                   1.10093
xxdut.vl                                   1.1
xxdut.xxbias.xrbc.11                   1.09907
xxdut.xxbias.xrbc.21               0.000925394
xxdut.xxbias.xrbias.11                 3.29979
xxdut.xxbias.xrbias.21                0.768713
xxdut.ibias                           0.768499
xxdut.xxtrim.xrfix.11                  3.29954
xxdut.xxtrim.xrfix.21                  3.20603
xxdut.xxtrim.c1                        3.20558
xxdut.xxtrim.xr0.11                    3.20512
xxdut.xxtrim.xr0.21                    3.20105
xxdut.xxtrim.c2                        3.20059
t0                                         3.3
xxdut.xxtrim.xr1.11                    3.20013
xxdut.xxtrim.xr1.21                      3.192
xxdut.xxtrim.c3                        3.19154
t1                                           0
xxdut.xxtrim.xr2.11                    3.19108
xxdut.xxtrim.xr2.21                    3.17481
xxdut.xxtrim.c4                        3.17435
t2                                           0
xxdut.xxtrim.xr3.11                    3.17389
xxdut.xxtrim.xr3.21                    3.14135
xxdut.xxtrim.c5                        3.14089
t3                                           0
xxdut.xxtrim.xr4.11                    3.14043
xxdut.xxtrim.xr4.21                    3.07534
xxdut.xxtrim.c6                        3.07488
t4                                           0
xxdut.xxtrim.xr5.11                    3.07442
xxdut.xxtrim.xr5.21                    2.94423
xxdut.xxtrim.c7                        2.94378
t5                                           0
xxdut.xxtrim.xr6.11                    2.94332
xxdut.xxtrim.xr6.21                    2.68295
xxdut.xxtrim.c8                        2.68249
t6                                           0
xxdut.xxtrim.xr7.11                    2.68207
xxdut.xxtrim.xr7.21                     2.2089
xxdut.vc                               2.20849
t7                                         3.3
xxdut.xxcmph.tail                      1.11852
xxdut.xxcmph.dp                        1.36333
xxdut.xxcmph.dn                        1.83811
xxdut.cmph_out                         1.30272
xxdut.xxcmpl.tail                      1.05374
xxdut.xxcmpl.dp                            3.3
xxdut.xxcmpl.dn                        1.56862
xxdut.cmpl_out                     3.91074e-09
clk                                   0.605869
xxdut.qbar                              1.2535
xxdut.mid1                             2.70981
xxdut.mid2                             3.09658
vt7#branch                                   0
vt6#branch                                   0
vt5#branch                                   0
vt4#branch                                   0
vt3#branch                                   0
vt2#branch                                   0
vt1#branch                                   0
vt0#branch                                   0
vdd#branch                        -0.000460525

 Reference value :  0.00000e+00
 Reference value :  7.30910e-08
 Reference value :  1.45179e-07
 Reference value :  2.21092e-07
 Reference value :  2.99220e-07
 Reference value :  3.74473e-07
 Reference value :  4.45501e-07
 Reference value :  5.23882e-07
 Reference value :  5.99072e-07
 Reference value :  6.75602e-07
 Reference value :  7.54008e-07
 Reference value :  8.29117e-07
 Reference value :  9.04298e-07
 Reference value :  9.81544e-07
 Reference value :  1.05790e-06
 Reference value :  1.13461e-06
No. of Data Rows : 6367
ta                  =  1.11267e-07
tb                  =  6.47436e-07
ta = 1.112673e-07
tb = 6.474356e-07
period = 2.680842e-08
fosc = 3.730172e+07
ngspice-46 done

Warning: m=xx on .subckt line will override multiplier m hierarchy!

Note: Starting dynamic gmin stepping
Note: Dynamic gmin stepping completed
