====================================================================
gf180-rcosc PVT corner run: fs_T-040C_V3p0_code0xE0
run id      : 20260906T060104Z
process     : fs (fets=fs res=res_typical mimcap=mimcap_typical)
temperature : -40 C
supply      : 3 V
trim code   : 0xE0 (224)
transient   : tran 200p 1200n, f = 20 periods / (t[rise=25] - t[rise=5])
wall clock  : 13.6 s
exit status : 0
====================================================================

Note: Compatibility modes selected: hs a


Circuit: ** sch_path: /users/rwalters/github/gf180-rcosc/.loom/worktrees/issue-22/design/pvt_tb.sch

Doing analysis at TEMP = -40.000000 and TNOM = 27.000000

Using SPARSE 1.3 as Direct Linear Solver

Initial Transient Solution
--------------------------

Node                                   Voltage
----                                   -------
vdd                                          3
xxdut.xxbias.xrba.11                   2.99865
xxdut.xxbias.xrba.21                   2.00135
xxdut.vh                                     2
xxdut.xxbias.xrbb.11                   1.99865
xxdut.xxbias.xrbb.21                   1.00135
xxdut.vl                                     1
xxdut.xxbias.xrbc.11                  0.998653
xxdut.xxbias.xrbc.21                 0.0013474
xxdut.xxbias.xrbias.11                  2.9997
xxdut.xxbias.xrbias.21                0.799217
xxdut.ibias                            0.79892
xxdut.xxtrim.xrfix.11                  2.99936
xxdut.xxtrim.xrfix.21                   2.9179
xxdut.xxtrim.c1                        2.91726
xxdut.xxtrim.xr0.11                    2.91662
xxdut.xxtrim.xr0.21                    2.91308
xxdut.xxtrim.c2                        2.91244
t0                                           0
xxdut.xxtrim.xr1.11                     2.9118
xxdut.xxtrim.xr1.21                    2.90471
xxdut.xxtrim.c3                        2.90407
t1                                           0
xxdut.xxtrim.xr2.11                    2.90343
xxdut.xxtrim.xr2.21                    2.88925
xxdut.xxtrim.c4                        2.88861
t2                                           0
xxdut.xxtrim.xr3.11                    2.88797
xxdut.xxtrim.xr3.21                    2.85962
xxdut.xxtrim.c5                        2.85898
t3                                           0
xxdut.xxtrim.xr4.11                    2.85834
xxdut.xxtrim.xr4.21                    2.80163
xxdut.xxtrim.c6                        2.80099
t4                                           0
xxdut.xxtrim.xr5.11                    2.80035
xxdut.xxtrim.xr5.21                    2.68694
xxdut.xxtrim.c7                         2.6863
t5                                           3
xxdut.xxtrim.xr6.11                    2.68566
xxdut.xxtrim.xr6.21                    2.45883
xxdut.xxtrim.c8                        2.45819
t6                                           3
xxdut.xxtrim.xr7.11                    2.45755
xxdut.xxtrim.xr7.21                    2.00484
xxdut.vc                                2.0042
t7                                           3
xxdut.xxcmph.tail                     0.934652
xxdut.xxcmph.dp                        1.23642
xxdut.xxcmph.dn                        1.59927
xxdut.cmph_out                         1.18816
xxdut.xxcmpl.tail                      0.88474
xxdut.xxcmpl.dp                              3
xxdut.xxcmpl.dn                        1.39031
xxdut.cmpl_out                     2.85431e-09
clk                                   0.665998
xxdut.qbar                             1.15619
xxdut.mid1                             2.55265
xxdut.mid2                             2.85417
vt7#branch                                   0
vt6#branch                                   0
vt5#branch                                   0
vt4#branch                                   0
vt3#branch                                   0
vt2#branch                                   0
vt1#branch                                   0
vt0#branch                                   0
vdd#branch                        -0.000368301

 Reference value :  0.00000e+00
 Reference value :  6.59728e-08
 Reference value :  1.35046e-07
 Reference value :  2.01536e-07
 Reference value :  2.69163e-07
 Reference value :  3.37442e-07
 Reference value :  4.09354e-07
 Reference value :  4.85030e-07
 Reference value :  5.61348e-07
 Reference value :  6.35466e-07
 Reference value :  7.03067e-07
 Reference value :  7.72837e-07
 Reference value :  8.50102e-07
 Reference value :  9.20749e-07
 Reference value :  9.92900e-07
 Reference value :  1.06438e-06
 Reference value :  1.13696e-06
No. of Data Rows : 6423
ta                  =  9.20030e-08
tb                  =  5.27841e-07
ta = 9.200297e-08
tb = 5.278413e-07
period = 2.179192e-08
fosc = 4.588858e+07
ngspice-46 done

Warning: m=xx on .subckt line will override multiplier m hierarchy!

Note: Starting dynamic gmin stepping
Note: Dynamic gmin stepping completed
