====================================================================
gf180-rcosc PVT corner run: rc_f_T-040C_V3p0_code0x80
run id      : 20260906T060104Z
process     : rc_f (fets=typical res=res_ff mimcap=mimcap_ff)
temperature : -40 C
supply      : 3 V
trim code   : 0x80 (128)
transient   : tran 200p 1200n, f = 20 periods / (t[rise=25] - t[rise=5])
wall clock  : 43.5 s
exit status : 0
====================================================================

Note: Compatibility modes selected: hs a


Circuit: ** sch_path: /users/rwalters/github/gf180-rcosc/.loom/worktrees/issue-22/design/pvt_tb.sch

Doing analysis at TEMP = -40.000000 and TNOM = 27.000000

Using SPARSE 1.3 as Direct Linear Solver

Initial Transient Solution
--------------------------

Node                                   Voltage
----                                   -------
vdd                                          3
xxdut.xxbias.xrba.11                   2.99832
xxdut.xxbias.xrba.21                    2.0043
xxdut.vh                               2.00262
xxdut.xxbias.xrbb.11                   2.00094
xxdut.xxbias.xrbb.21                   1.00335
xxdut.vl                               1.00167
xxdut.xxbias.xrbc.11                  0.999983
xxdut.xxbias.xrbc.21                0.00168593
xxdut.xxbias.xrbias.11                 2.99965
xxdut.xxbias.xrbias.21                0.900092
xxdut.ibias                           0.899737
xxdut.xxtrim.xrfix.11                  2.99901
xxdut.xxtrim.xrfix.21                  2.89836
xxdut.xxtrim.c1                        2.89738
xxdut.xxtrim.xr0.11                    2.89639
xxdut.xxtrim.xr0.21                    2.89203
xxdut.xxtrim.c2                        2.89104
t0                                           0
xxdut.xxtrim.xr1.11                    2.89006
xxdut.xxtrim.xr1.21                    2.88137
xxdut.xxtrim.c3                        2.88038
t1                                           0
xxdut.xxtrim.xr2.11                    2.87941
xxdut.xxtrim.xr2.21                     2.8621
xxdut.xxtrim.c4                        2.86113
t2                                           0
xxdut.xxtrim.xr3.11                    2.86016
xxdut.xxtrim.xr3.21                    2.82575
xxdut.xxtrim.c5                        2.82478
t3                                           0
xxdut.xxtrim.xr4.11                    2.82382
xxdut.xxtrim.xr4.21                    2.75555
xxdut.xxtrim.c6                        2.75459
t4                                           0
xxdut.xxtrim.xr5.11                    2.75364
xxdut.xxtrim.xr5.21                    2.61879
xxdut.xxtrim.c7                        2.61784
t5                                           0
xxdut.xxtrim.xr6.11                    2.61691
xxdut.xxtrim.xr6.21                    2.35339
xxdut.xxtrim.c8                        2.35246
t6                                           0
xxdut.xxtrim.xr7.11                    2.35162
xxdut.xxtrim.xr7.21                    1.87405
xxdut.vc                               1.87321
t7                                           3
xxdut.xxcmph.tail                     0.810276
xxdut.xxcmph.dp                        2.94737
xxdut.xxcmph.dn                        1.47904
xxdut.cmph_out                    -0.000486764
xxdut.xxcmpl.tail                     0.686088
xxdut.xxcmpl.dp                        2.99514
xxdut.xxcmpl.dn                        1.41388
xxdut.cmpl_out                       -0.031413
clk                                0.000722253
xxdut.qbar                             3.00053
xxdut.mid1                             3.00028
xxdut.mid2                             3.01061
vt7#branch                         1.10063e-05
vt6#branch                         1.54481e-07
vt5#branch                         2.07132e-08
vt4#branch                         1.63863e-08
vt3#branch                         1.31014e-08
vt2#branch                         1.11727e-08
vt1#branch                         1.00367e-08
vt0#branch                         9.32068e-09
vdd#branch                        -0.000101305

 Reference value :  0.00000e+00
 Reference value :  6.72165e-08
 Reference value :  1.32315e-07
 Reference value :  2.01278e-07
 Reference value :  2.72132e-07
 Reference value :  3.44407e-07
 Reference value :  4.14720e-07
 Reference value :  4.82889e-07
 Reference value :  5.52442e-07
 Reference value :  6.34675e-07
 Reference value :  7.07596e-07
 Reference value :  7.80746e-07
 Reference value :  8.55593e-07
 Reference value :  9.32227e-07
 Reference value :  1.00599e-06
 Reference value :  1.08096e-06
 Reference value :  1.16294e-06
No. of Data Rows : 6332
ta                  =  1.02838e-07
tb                  =  5.86536e-07
ta = 1.028383e-07
tb = 5.865359e-07
period = 2.418488e-08
fosc = 4.134815e+07
ngspice-46 done

Warning: m=xx on .subckt line will override multiplier m hierarchy!

Note: Starting dynamic gmin stepping
Warning: Dynamic gmin stepping failed
Note: Starting true gmin stepping
Warning: True gmin stepping failed
Note: Starting source stepping
Warning: singular matrix:  check node xxdut.vl

Warning: source stepping failed
Note: Transient op started
Note: Transient op finished successfully
