====================================================================
gf180-rcosc PVT corner run: rc_f_T+085C_V3p6_code0x80
run id      : 20260906T060104Z
process     : rc_f (fets=typical res=res_ff mimcap=mimcap_ff)
temperature : 85 C
supply      : 3.6 V
trim code   : 0x80 (128)
transient   : tran 200p 1200n, f = 20 periods / (t[rise=25] - t[rise=5])
wall clock  : 14.1 s
exit status : 0
====================================================================

Note: Compatibility modes selected: hs a


Circuit: ** sch_path: /users/rwalters/github/gf180-rcosc/.loom/worktrees/issue-22/design/pvt_tb.sch

Doing analysis at TEMP = 85.000000 and TNOM = 27.000000

Using SPARSE 1.3 as Direct Linear Solver

Initial Transient Solution
--------------------------

Node                                   Voltage
----                                   -------
vdd                                        3.6
xxdut.xxbias.xrba.11                   3.59909
xxdut.xxbias.xrba.21                   2.40091
xxdut.vh                                   2.4
xxdut.xxbias.xrbb.11                   2.39909
xxdut.xxbias.xrbb.21                   1.20091
xxdut.vl                                   1.2
xxdut.xxbias.xrbc.11                   1.19909
xxdut.xxbias.xrbc.21               0.000910524
xxdut.xxbias.xrbias.11                 3.59979
xxdut.xxbias.xrbias.21                 0.85771
xxdut.ibias                           0.857502
xxdut.xxtrim.xrfix.11                  3.59954
xxdut.xxtrim.xrfix.21                  3.49651
xxdut.xxtrim.c1                        3.49605
xxdut.xxtrim.xr0.11                     3.4956
xxdut.xxtrim.xr0.21                    3.49111
xxdut.xxtrim.c2                        3.49066
t0                                           0
xxdut.xxtrim.xr1.11                     3.4902
xxdut.xxtrim.xr1.21                    3.48124
xxdut.xxtrim.c3                        3.48078
t1                                           0
xxdut.xxtrim.xr2.11                    3.48033
xxdut.xxtrim.xr2.21                    3.46239
xxdut.xxtrim.c4                        3.46194
t2                                           0
xxdut.xxtrim.xr3.11                    3.46148
xxdut.xxtrim.xr3.21                    3.42562
xxdut.xxtrim.c5                        3.42517
t3                                           0
xxdut.xxtrim.xr4.11                    3.42471
xxdut.xxtrim.xr4.21                    3.35298
xxdut.xxtrim.c6                        3.35253
t4                                           0
xxdut.xxtrim.xr5.11                    3.35207
xxdut.xxtrim.xr5.21                    3.20862
xxdut.xxtrim.c7                        3.20816
t5                                           0
xxdut.xxtrim.xr6.11                    3.20771
xxdut.xxtrim.xr6.21                     2.9208
xxdut.xxtrim.c8                        2.92034
t6                                           0
xxdut.xxtrim.xr7.11                    2.91993
xxdut.xxtrim.xr7.21                    2.40776
xxdut.vc                               2.40735
t7                                         3.6
xxdut.xxcmph.tail                      1.19893
xxdut.xxcmph.dp                        1.62031
xxdut.xxcmph.dn                        2.11611
xxdut.cmph_out                         1.55494
xxdut.xxcmpl.tail                      1.10512
xxdut.xxcmpl.dp                            3.6
xxdut.xxcmpl.dn                        1.76708
xxdut.cmpl_out                     5.92204e-09
clk                                   0.652087
xxdut.qbar                             1.49004
xxdut.mid1                             2.85838
xxdut.mid2                             3.35457
vt7#branch                                   0
vt6#branch                                   0
vt5#branch                                   0
vt4#branch                                   0
vt3#branch                                   0
vt2#branch                                   0
vt1#branch                                   0
vt0#branch                                   0
vdd#branch                        -0.000585864

 Reference value :  0.00000e+00
 Reference value :  6.54535e-08
 Reference value :  1.31350e-07
 Reference value :  2.00657e-07
 Reference value :  2.66726e-07
 Reference value :  3.36281e-07
 Reference value :  4.09344e-07
 Reference value :  4.80096e-07
 Reference value :  5.50715e-07
 Reference value :  6.24543e-07
 Reference value :  6.91274e-07
 Reference value :  7.62212e-07
 Reference value :  8.33392e-07
 Reference value :  9.09848e-07
 Reference value :  9.80295e-07
 Reference value :  1.05265e-06
 Reference value :  1.12416e-06
 Reference value :  1.19663e-06
No. of Data Rows : 6381
ta                  =  8.50099e-08
tb                  =  4.87824e-07
ta = 8.500992e-08
tb = 4.878241e-07
period = 2.014071e-08
fosc = 4.965069e+07
ngspice-46 done

Warning: m=xx on .subckt line will override multiplier m hierarchy!

Note: Starting dynamic gmin stepping
Note: Dynamic gmin stepping completed
