====================================================================
gf180-rcosc PVT corner run: rc_f_T-040C_V3p3_code0x80
run id      : 20260906T060104Z
process     : rc_f (fets=typical res=res_ff mimcap=mimcap_ff)
temperature : -40 C
supply      : 3.3 V
trim code   : 0x80 (128)
transient   : tran 200p 1200n, f = 20 periods / (t[rise=25] - t[rise=5])
wall clock  : 13.3 s
exit status : 0
====================================================================

Note: Compatibility modes selected: hs a


Circuit: ** sch_path: /users/rwalters/github/gf180-rcosc/.loom/worktrees/issue-22/design/pvt_tb.sch

Doing analysis at TEMP = -40.000000 and TNOM = 27.000000

Using SPARSE 1.3 as Direct Linear Solver

Initial Transient Solution
--------------------------

Node                                   Voltage
----                                   -------
vdd                                        3.3
xxdut.xxbias.xrba.11                   3.29815
xxdut.xxbias.xrba.21                   2.20185
xxdut.vh                                   2.2
xxdut.xxbias.xrbb.11                   2.19815
xxdut.xxbias.xrbb.21                   1.10185
xxdut.vl                                   1.1
xxdut.xxbias.xrbc.11                   1.09815
xxdut.xxbias.xrbc.21                0.00185143
xxdut.xxbias.xrbias.11                  3.2996
xxdut.xxbias.xrbias.21                0.908397
xxdut.ibias                           0.907993
xxdut.xxtrim.xrfix.11                  3.29912
xxdut.xxtrim.xrfix.21                  3.20981
xxdut.xxtrim.c1                        3.20893
xxdut.xxtrim.xr0.11                    3.20806
xxdut.xxtrim.xr0.21                    3.20417
xxdut.xxtrim.c2                        3.20329
t0                                           0
xxdut.xxtrim.xr1.11                    3.20242
xxdut.xxtrim.xr1.21                    3.19465
xxdut.xxtrim.c3                        3.19377
t1                                           0
xxdut.xxtrim.xr2.11                    3.19289
xxdut.xxtrim.xr2.21                    3.17735
xxdut.xxtrim.c4                        3.17647
t2                                           0
xxdut.xxtrim.xr3.11                     3.1756
xxdut.xxtrim.xr3.21                    3.14451
xxdut.xxtrim.c5                        3.14363
t3                                           0
xxdut.xxtrim.xr4.11                    3.14276
xxdut.xxtrim.xr4.21                    3.08058
xxdut.xxtrim.c6                        3.07971
t4                                           0
xxdut.xxtrim.xr5.11                    3.07883
xxdut.xxtrim.xr5.21                    2.95449
xxdut.xxtrim.c7                        2.95361
t5                                           0
xxdut.xxtrim.xr6.11                    2.95273
xxdut.xxtrim.xr6.21                    2.70405
xxdut.xxtrim.c8                        2.70317
t6                                           0
xxdut.xxtrim.xr7.11                    2.70229
xxdut.xxtrim.xr7.21                    2.20519
xxdut.vc                               2.20432
t7                                         3.3
xxdut.xxcmph.tail                      1.00395
xxdut.xxcmph.dp                        1.47633
xxdut.xxcmph.dn                        1.92147
xxdut.cmph_out                         1.42304
xxdut.xxcmpl.tail                     0.944563
xxdut.xxcmpl.dp                            3.3
xxdut.xxcmpl.dn                        1.68183
xxdut.cmpl_out                      3.3465e-09
clk                                   0.760634
xxdut.qbar                             1.37229
xxdut.mid1                             2.74561
xxdut.mid2                             3.11997
vt7#branch                                   0
vt6#branch                                   0
vt5#branch                                   0
vt4#branch                                   0
vt3#branch                                   0
vt2#branch                                   0
vt1#branch                                   0
vt0#branch                                   0
vdd#branch                        -0.000521733

 Reference value :  0.00000e+00
 Reference value :  6.73076e-08
 Reference value :  1.33886e-07
 Reference value :  2.02206e-07
 Reference value :  2.70919e-07
 Reference value :  3.41805e-07
 Reference value :  4.11159e-07
 Reference value :  4.84225e-07
 Reference value :  5.53693e-07
 Reference value :  6.25942e-07
 Reference value :  6.98596e-07
 Reference value :  7.65780e-07
 Reference value :  8.33498e-07
 Reference value :  9.01973e-07
 Reference value :  9.68728e-07
 Reference value :  1.03639e-06
 Reference value :  1.11064e-06
 Reference value :  1.18487e-06
No. of Data Rows : 6492
ta                  =  9.60285e-08
tb                  =  5.52777e-07
ta = 9.602846e-08
tb = 5.527771e-07
period = 2.283743e-08
fosc = 4.378776e+07
ngspice-46 done

Warning: m=xx on .subckt line will override multiplier m hierarchy!

Note: Starting dynamic gmin stepping
Warning: Dynamic gmin stepping failed
Note: Starting true gmin stepping
Note: True gmin stepping completed
