====================================================================
gf180-rcosc PVT corner run: rc_f_T-040C_V3p3_code0x40
run id      : 20260906T060104Z
process     : rc_f (fets=typical res=res_ff mimcap=mimcap_ff)
temperature : -40 C
supply      : 3.3 V
trim code   : 0x40 (64)
transient   : tran 200p 1200n, f = 20 periods / (t[rise=25] - t[rise=5])
wall clock  : 14.8 s
exit status : 0
====================================================================

Note: Compatibility modes selected: hs a


Circuit: ** sch_path: /users/rwalters/github/gf180-rcosc/.loom/worktrees/issue-22/design/pvt_tb.sch

Doing analysis at TEMP = -40.000000 and TNOM = 27.000000

Using SPARSE 1.3 as Direct Linear Solver

Initial Transient Solution
--------------------------

Node                                   Voltage
----                                   -------
vdd                                        3.3
xxdut.xxbias.xrba.11                   3.29815
xxdut.xxbias.xrba.21                   2.20185
xxdut.vh                                   2.2
xxdut.xxbias.xrbb.11                   2.19815
xxdut.xxbias.xrbb.21                   1.10185
xxdut.vl                                   1.1
xxdut.xxbias.xrbc.11                   1.09815
xxdut.xxbias.xrbc.21                0.00185143
xxdut.xxbias.xrbias.11                  3.2996
xxdut.xxbias.xrbias.21                0.908397
xxdut.ibias                           0.907993
xxdut.xxtrim.xrfix.11                  3.29912
xxdut.xxtrim.xrfix.21                  3.20983
xxdut.xxtrim.c1                        3.20896
xxdut.xxtrim.xr0.11                    3.20808
xxdut.xxtrim.xr0.21                     3.2042
xxdut.xxtrim.c2                        3.20332
t0                                           0
xxdut.xxtrim.xr1.11                    3.20244
xxdut.xxtrim.xr1.21                    3.19467
xxdut.xxtrim.c3                         3.1938
t1                                           0
xxdut.xxtrim.xr2.11                    3.19292
xxdut.xxtrim.xr2.21                    3.17738
xxdut.xxtrim.c4                         3.1765
t2                                           0
xxdut.xxtrim.xr3.11                    3.17563
xxdut.xxtrim.xr3.21                    3.14455
xxdut.xxtrim.c5                        3.14367
t3                                           0
xxdut.xxtrim.xr4.11                     3.1428
xxdut.xxtrim.xr4.21                    3.08064
xxdut.xxtrim.c6                        3.07976
t4                                           0
xxdut.xxtrim.xr5.11                    3.07889
xxdut.xxtrim.xr5.21                    2.95457
xxdut.xxtrim.c7                         2.9537
t5                                           0
xxdut.xxtrim.xr6.11                    2.95282
xxdut.xxtrim.xr6.21                     2.7042
xxdut.xxtrim.c8                        2.70332
t6                                         3.3
xxdut.xxtrim.xr7.11                    2.70244
xxdut.xxtrim.xr7.21                    2.20519
xxdut.vc                               2.20432
t7                                           0
xxdut.xxcmph.tail                      1.00395
xxdut.xxcmph.dp                        1.47633
xxdut.xxcmph.dn                        1.92147
xxdut.cmph_out                         1.42304
xxdut.xxcmpl.tail                     0.944563
xxdut.xxcmpl.dp                            3.3
xxdut.xxcmpl.dn                        1.68183
xxdut.cmpl_out                      3.3465e-09
clk                                   0.760621
xxdut.qbar                             1.37229
xxdut.mid1                              2.7456
xxdut.mid2                             3.11997
vt7#branch                                   0
vt6#branch                                   0
vt5#branch                                   0
vt4#branch                                   0
vt3#branch                                   0
vt2#branch                                   0
vt1#branch                                   0
vt0#branch                                   0
vdd#branch                         -0.00052173

 Reference value :  0.00000e+00
 Reference value :  7.05755e-08
 Reference value :  1.49077e-07
 Reference value :  2.22659e-07
 Reference value :  2.96769e-07
 Reference value :  3.73915e-07
 Reference value :  4.47375e-07
 Reference value :  5.27351e-07
 Reference value :  5.99333e-07
 Reference value :  6.74072e-07
 Reference value :  7.48949e-07
 Reference value :  8.21803e-07
 Reference value :  9.02070e-07
 Reference value :  9.72582e-07
 Reference value :  1.05116e-06
 Reference value :  1.12230e-06
 Reference value :  1.19753e-06
No. of Data Rows : 6450
ta                  =  1.19777e-07
tb                  =  7.01932e-07
ta = 1.197765e-07
tb = 7.019324e-07
period = 2.910780e-08
fosc = 3.435506e+07
ngspice-46 done

Warning: m=xx on .subckt line will override multiplier m hierarchy!

Note: Starting dynamic gmin stepping
Note: Dynamic gmin stepping completed
