====================================================================
gf180-rcosc PVT corner run: rc_f_T-040C_V3p0_code0x40
run id      : 20260906T060104Z
process     : rc_f (fets=typical res=res_ff mimcap=mimcap_ff)
temperature : -40 C
supply      : 3 V
trim code   : 0x40 (64)
transient   : tran 200p 1200n, f = 20 periods / (t[rise=25] - t[rise=5])
wall clock  : 45.0 s
exit status : 0
====================================================================

Note: Compatibility modes selected: hs a


Circuit: ** sch_path: /users/rwalters/github/gf180-rcosc/.loom/worktrees/issue-22/design/pvt_tb.sch

Doing analysis at TEMP = -40.000000 and TNOM = 27.000000

Using SPARSE 1.3 as Direct Linear Solver

Initial Transient Solution
--------------------------

Node                                   Voltage
----                                   -------
vdd                                          3
xxdut.xxbias.xrba.11                   2.99831
xxdut.xxbias.xrba.21                   1.99536
xxdut.vh                               1.99367
xxdut.xxbias.xrbb.11                   1.99198
xxdut.xxbias.xrbb.21                  0.994169
xxdut.vl                              0.992484
xxdut.xxbias.xrbc.11                  0.990813
xxdut.xxbias.xrbc.21                0.00167047
xxdut.xxbias.xrbias.11                 2.99964
xxdut.xxbias.xrbias.21                0.889406
xxdut.ibias                            0.88905
xxdut.xxtrim.xrfix.11                  2.99703
xxdut.xxtrim.xrfix.21                   2.6941
xxdut.xxtrim.c1                        2.69112
xxdut.xxtrim.xr0.11                    2.68815
xxdut.xxtrim.xr0.21                    2.67501
xxdut.xxtrim.c2                        2.67204
t0                                           0
xxdut.xxtrim.xr1.11                    2.66908
xxdut.xxtrim.xr1.21                    2.64288
xxdut.xxtrim.c3                        2.63992
t1                                           0
xxdut.xxtrim.xr2.11                    2.63698
xxdut.xxtrim.xr2.21                    2.58478
xxdut.xxtrim.c4                        2.58183
t2                                           0
xxdut.xxtrim.xr3.11                     2.5789
xxdut.xxtrim.xr3.21                    2.47502
xxdut.xxtrim.c5                        2.47209
t3                                           0
xxdut.xxtrim.xr4.11                    2.46918
xxdut.xxtrim.xr4.21                    2.26294
xxdut.xxtrim.c6                        2.26003
t4                                           0
xxdut.xxtrim.xr5.11                    2.25717
xxdut.xxtrim.xr5.21                    1.85091
xxdut.xxtrim.c7                        1.84804
t5                                           0
xxdut.xxtrim.xr6.11                     1.8473
xxdut.xxtrim.xr6.21                    1.63802
xxdut.xxtrim.c8                        1.63728
t6                                           3
xxdut.xxtrim.xr7.11                    1.63455
xxdut.xxtrim.xr7.21                  0.0843159
xxdut.vc                             0.0815824
t7                                           0
xxdut.xxcmph.tail                     0.795902
xxdut.xxcmph.dp                        3.00046
xxdut.xxcmph.dn                        1.47042
xxdut.cmph_out                      0.00245848
xxdut.xxcmpl.tail                   0.00230875
xxdut.xxcmpl.dp                     0.00298295
xxdut.xxcmpl.dn                        2.10365
xxdut.cmpl_out                          2.9993
clk                                  0.0134927
xxdut.qbar                             3.00145
xxdut.mid1                              3.0137
xxdut.mid2                             2.98241
vt7#branch                        -7.02437e-08
vt6#branch                        -2.56622e-07
vt5#branch                         7.70705e-08
vt4#branch                         5.21823e-08
vt3#branch                         3.42232e-08
vt2#branch                          2.7431e-08
vt1#branch                         2.42413e-08
vt0#branch                          2.2464e-08
vdd#branch                        -8.45348e-05

 Reference value :  0.00000e+00
 Reference value :  8.02119e-08
 Reference value :  1.53311e-07
 Reference value :  2.35849e-07
 Reference value :  3.12976e-07
 Reference value :  3.90336e-07
 Reference value :  4.71535e-07
 Reference value :  5.47902e-07
 Reference value :  6.30585e-07
 Reference value :  7.14956e-07
 Reference value :  7.95179e-07
 Reference value :  8.75228e-07
 Reference value :  9.58644e-07
 Reference value :  1.03448e-06
 Reference value :  1.11446e-06
 Reference value :  1.19286e-06
No. of Data Rows : 6260
ta                  =  1.47220e-07
tb                  =  7.51825e-07
ta = 1.472202e-07
tb = 7.518249e-07
period = 3.023023e-08
fosc = 3.307946e+07
ngspice-46 done

Warning: m=xx on .subckt line will override multiplier m hierarchy!

Note: Starting dynamic gmin stepping
Warning: Dynamic gmin stepping failed
Note: Starting true gmin stepping
Warning: True gmin stepping failed
Note: Starting source stepping
Warning: singular matrix:  check node xxdut.vl

Warning: source stepping failed
Note: Transient op started
Note: Transient op finished successfully
