====================================================================
gf180-rcosc PVT corner run: rc_s_T+085C_V3p0_code0xCF
run id      : 20260906T060104Z
process     : rc_s (fets=typical res=res_ss mimcap=mimcap_ss)
temperature : 85 C
supply      : 3 V
trim code   : 0xCF (207)
transient   : tran 200p 1200n, f = 20 periods / (t[rise=25] - t[rise=5])
wall clock  : 14.4 s
exit status : 0
====================================================================

Note: Compatibility modes selected: hs a


Circuit: ** sch_path: /users/rwalters/github/gf180-rcosc/.loom/worktrees/issue-22/design/pvt_tb.sch

Doing analysis at TEMP = 85.000000 and TNOM = 27.000000

Using SPARSE 1.3 as Direct Linear Solver

Initial Transient Solution
--------------------------

Node                                   Voltage
----                                   -------
vdd                                          3
xxdut.xxbias.xrba.11                   2.99949
xxdut.xxbias.xrba.21                   2.00051
xxdut.vh                                     2
xxdut.xxbias.xrbb.11                   1.99949
xxdut.xxbias.xrbb.21                   1.00051
xxdut.vl                                     1
xxdut.xxbias.xrbc.11                  0.999494
xxdut.xxbias.xrbc.21               0.000506103
xxdut.xxbias.xrbias.11                 2.99989
xxdut.xxbias.xrbias.21                0.780619
xxdut.ibias                           0.780507
xxdut.xxtrim.xrfix.11                  2.99976
xxdut.xxtrim.xrfix.21                  2.91723
xxdut.xxtrim.c1                        2.91699
xxdut.xxtrim.xr0.11                    2.91674
xxdut.xxtrim.xr0.21                    2.91315
xxdut.xxtrim.c2                        2.91291
t0                                           3
xxdut.xxtrim.xr1.11                    2.91267
xxdut.xxtrim.xr1.21                    2.90549
xxdut.xxtrim.c3                        2.90524
t1                                           3
xxdut.xxtrim.xr2.11                      2.905
xxdut.xxtrim.xr2.21                    2.89064
xxdut.xxtrim.c4                         2.8904
t2                                           3
xxdut.xxtrim.xr3.11                    2.89015
xxdut.xxtrim.xr3.21                    2.86143
xxdut.xxtrim.c5                        2.86119
t3                                           3
xxdut.xxtrim.xr4.11                    2.86094
xxdut.xxtrim.xr4.21                     2.8035
xxdut.xxtrim.c6                        2.80325
t4                                           0
xxdut.xxtrim.xr5.11                    2.80301
xxdut.xxtrim.xr5.21                    2.68811
xxdut.xxtrim.c7                        2.68787
t5                                           0
xxdut.xxtrim.xr6.11                    2.68763
xxdut.xxtrim.xr6.21                    2.45784
xxdut.xxtrim.c8                        2.45759
t6                                           3
xxdut.xxtrim.xr7.11                    2.45735
xxdut.xxtrim.xr7.21                    2.00491
xxdut.vc                               2.00467
t7                                           3
xxdut.xxcmph.tail                     0.935725
xxdut.xxcmph.dp                        1.34685
xxdut.xxcmph.dn                        1.73347
xxdut.cmph_out                         1.29987
xxdut.xxcmpl.tail                     0.867518
xxdut.xxcmpl.dp                              3
xxdut.xxcmpl.dn                        1.48514
xxdut.cmpl_out                     4.81375e-09
clk                                   0.615244
xxdut.qbar                             1.25182
xxdut.mid1                             2.44283
xxdut.mid2                             2.82964
vt7#branch                                   0
vt6#branch                                   0
vt5#branch                                   0
vt4#branch                                   0
vt3#branch                                   0
vt2#branch                                   0
vt1#branch                                   0
vt0#branch                                   0
vdd#branch                        -0.000339545

 Reference value :  0.00000e+00
 Reference value :  7.96537e-08
 Reference value :  1.54995e-07
 Reference value :  2.34949e-07
 Reference value :  3.15394e-07
 Reference value :  3.94376e-07
 Reference value :  4.70291e-07
 Reference value :  5.50356e-07
 Reference value :  6.29361e-07
 Reference value :  7.07668e-07
 Reference value :  7.83417e-07
 Reference value :  8.65858e-07
 Reference value :  9.42551e-07
 Reference value :  1.01689e-06
 Reference value :  1.09815e-06
 Reference value :  1.18076e-06
No. of Data Rows : 6276
ta                  =  1.19795e-07
tb                  =  6.93418e-07
ta = 1.197952e-07
tb = 6.934182e-07
period = 2.868115e-08
fosc = 3.486611e+07
ngspice-46 done

Warning: m=xx on .subckt line will override multiplier m hierarchy!

Note: Starting dynamic gmin stepping
Note: Dynamic gmin stepping completed
