====================================================================
gf180-rcosc PVT corner run: rc_s_T+085C_V3p6_code0xE0
run id      : 20260906T060104Z
process     : rc_s (fets=typical res=res_ss mimcap=mimcap_ss)
temperature : 85 C
supply      : 3.6 V
trim code   : 0xE0 (224)
transient   : tran 200p 1200n, f = 20 periods / (t[rise=25] - t[rise=5])
wall clock  : 12.3 s
exit status : 0
====================================================================

Note: Compatibility modes selected: hs a


Circuit: ** sch_path: /users/rwalters/github/gf180-rcosc/.loom/worktrees/issue-22/design/pvt_tb.sch

Doing analysis at TEMP = 85.000000 and TNOM = 27.000000

Using SPARSE 1.3 as Direct Linear Solver

Initial Transient Solution
--------------------------

Node                                   Voltage
----                                   -------
vdd                                        3.6
xxdut.xxbias.xrba.11                   3.59939
xxdut.xxbias.xrba.21                   2.40061
xxdut.vh                                   2.4
xxdut.xxbias.xrbb.11                   2.39939
xxdut.xxbias.xrbb.21                   1.20061
xxdut.vl                                   1.2
xxdut.xxbias.xrbc.11                   1.19939
xxdut.xxbias.xrbc.21               0.000607323
xxdut.xxbias.xrbias.11                 3.59986
xxdut.xxbias.xrbias.21                0.806891
xxdut.ibias                            0.80675
xxdut.xxtrim.xrfix.11                  3.59969
xxdut.xxtrim.xrfix.21                  3.49403
xxdut.xxtrim.c1                        3.49372
xxdut.xxtrim.xr0.11                    3.49341
xxdut.xxtrim.xr0.21                    3.48881
xxdut.xxtrim.c2                         3.4885
t0                                           0
xxdut.xxtrim.xr1.11                    3.48819
xxdut.xxtrim.xr1.21                      3.479
xxdut.xxtrim.c3                        3.47868
t1                                           0
xxdut.xxtrim.xr2.11                    3.47837
xxdut.xxtrim.xr2.21                    3.45999
xxdut.xxtrim.c4                        3.45967
t2                                           0
xxdut.xxtrim.xr3.11                    3.45936
xxdut.xxtrim.xr3.21                    3.42259
xxdut.xxtrim.c5                        3.42228
t3                                           0
xxdut.xxtrim.xr4.11                    3.42197
xxdut.xxtrim.xr4.21                    3.34841
xxdut.xxtrim.c6                         3.3481
t4                                           0
xxdut.xxtrim.xr5.11                    3.34779
xxdut.xxtrim.xr5.21                    3.20069
xxdut.xxtrim.c7                        3.20038
t5                                         3.6
xxdut.xxtrim.xr6.11                    3.20007
xxdut.xxtrim.xr6.21                    2.90586
xxdut.xxtrim.c8                        2.90555
t6                                         3.6
xxdut.xxtrim.xr7.11                    2.90529
xxdut.xxtrim.xr7.21                    2.40815
xxdut.vc                               2.40789
t7                                         3.6
xxdut.xxcmph.tail                      1.24039
xxdut.xxcmph.dp                         1.6202
xxdut.xxcmph.dn                        2.25929
xxdut.cmph_out                          1.5599
xxdut.xxcmpl.tail                      1.16543
xxdut.xxcmpl.dp                            3.6
xxdut.xxcmpl.dn                        1.97616
xxdut.cmpl_out                     5.92204e-09
clk                                   0.627881
xxdut.qbar                             1.49428
xxdut.mid1                             2.84346
xxdut.mid2                             3.35563
vt7#branch                                   0
vt6#branch                                   0
vt5#branch                                   0
vt4#branch                                   0
vt3#branch                                   0
vt2#branch                                   0
vt1#branch                                   0
vt0#branch                                   0
vdd#branch                        -0.000532228

 Reference value :  0.00000e+00
 Reference value :  7.29466e-08
 Reference value :  1.42602e-07
 Reference value :  2.17092e-07
 Reference value :  2.91114e-07
 Reference value :  3.63544e-07
 Reference value :  4.35422e-07
 Reference value :  5.13959e-07
 Reference value :  5.87536e-07
 Reference value :  6.61055e-07
 Reference value :  7.37474e-07
 Reference value :  8.11693e-07
 Reference value :  8.94180e-07
 Reference value :  9.70028e-07
 Reference value :  1.04647e-06
 Reference value :  1.12427e-06
 Reference value :  1.19989e-06
No. of Data Rows : 6277
ta                  =  9.51550e-08
tb                  =  5.41690e-07
ta = 9.515497e-08
tb = 5.416903e-07
period = 2.232677e-08
fosc = 4.478929e+07
ngspice-46 done

Warning: m=xx on .subckt line will override multiplier m hierarchy!

Note: Starting dynamic gmin stepping
Note: Dynamic gmin stepping completed
