====================================================================
gf180-rcosc PVT corner run: rc_s_T-040C_V3p6_code0xE0
run id      : 20260906T060104Z
process     : rc_s (fets=typical res=res_ss mimcap=mimcap_ss)
temperature : -40 C
supply      : 3.6 V
trim code   : 0xE0 (224)
transient   : tran 200p 1200n, f = 20 periods / (t[rise=25] - t[rise=5])
wall clock  : 45.2 s
exit status : 0
====================================================================

Note: Compatibility modes selected: hs a


Circuit: ** sch_path: /users/rwalters/github/gf180-rcosc/.loom/worktrees/issue-22/design/pvt_tb.sch

Doing analysis at TEMP = -40.000000 and TNOM = 27.000000

Using SPARSE 1.3 as Direct Linear Solver

Initial Transient Solution
--------------------------

Node                                   Voltage
----                                   -------
vdd                                        3.6
xxdut.xxbias.xrba.11                   3.59867
xxdut.xxbias.xrba.21                   2.41627
xxdut.vh                               2.41494
xxdut.xxbias.xrbb.11                    2.4136
xxdut.xxbias.xrbb.21                   1.21998
xxdut.vl                               1.21863
xxdut.xxbias.xrbc.11                   1.21726
xxdut.xxbias.xrbc.21                0.00136894
xxdut.xxbias.xrbias.11                 3.59969
xxdut.xxbias.xrbias.21                0.889743
xxdut.ibias                           0.889438
xxdut.xxtrim.xrfix.11                  3.59602
xxdut.xxtrim.xrfix.21                  2.98841
xxdut.xxtrim.c1                        2.98444
xxdut.xxtrim.xr0.11                    2.98049
xxdut.xxtrim.xr0.21                    2.95428
xxdut.xxtrim.c2                        2.95034
t0                                           0
xxdut.xxtrim.xr1.11                    2.94643
xxdut.xxtrim.xr1.21                    2.89456
xxdut.xxtrim.c3                        2.89066
t1                                           0
xxdut.xxtrim.xr2.11                    2.88681
xxdut.xxtrim.xr2.21                    2.78438
xxdut.xxtrim.c4                        2.78052
t2                                           0
xxdut.xxtrim.xr3.11                    2.77673
xxdut.xxtrim.xr3.21                    2.57506
xxdut.xxtrim.c5                        2.57126
t3                                           0
xxdut.xxtrim.xr4.11                    2.56756
xxdut.xxtrim.xr4.21                    2.17334
xxdut.xxtrim.c6                        2.16963
t4                                           0
xxdut.xxtrim.xr5.11                    2.16909
xxdut.xxtrim.xr5.21                    2.05414
xxdut.xxtrim.c7                        2.05359
t5                                         3.6
xxdut.xxtrim.xr6.11                     2.0534
xxdut.xxtrim.xr6.21                    1.97237
xxdut.xxtrim.c8                        1.97217
t6                                         3.6
xxdut.xxtrim.xr7.11                     1.9721
xxdut.xxtrim.xr7.21                    1.90963
xxdut.vc                               1.90956
t7                                         3.6
xxdut.xxcmph.tail                      1.13849
xxdut.xxcmph.dp                        3.60081
xxdut.xxcmph.dn                        2.06302
xxdut.cmph_out                      0.00200336
xxdut.xxcmpl.tail                     0.727406
xxdut.xxcmpl.dp                        3.59154
xxdut.xxcmpl.dn                        2.04501
xxdut.cmpl_out                      -0.0523792
clk                                 0.00324079
xxdut.qbar                             3.60042
xxdut.mid1                               3.606
xxdut.mid2                             3.62742
vt7#branch                        -2.39442e-06
vt6#branch                        -3.71299e-06
vt5#branch                        -4.54091e-06
vt4#branch                         3.90069e-07
vt3#branch                         2.00525e-07
vt2#branch                         1.60396e-07
vt1#branch                         1.36285e-07
vt0#branch                         1.18329e-07
vdd#branch                        -0.000123093

 Reference value :  0.00000e+00
 Reference value :  6.58379e-08
 Reference value :  1.37818e-07
 Reference value :  2.09069e-07
 Reference value :  2.74262e-07
 Reference value :  3.42141e-07
 Reference value :  4.12242e-07
 Reference value :  4.82921e-07
 Reference value :  5.53896e-07
 Reference value :  6.25925e-07
 Reference value :  6.96028e-07
 Reference value :  7.63888e-07
 Reference value :  8.36908e-07
 Reference value :  9.06835e-07
 Reference value :  9.77124e-07
 Reference value :  1.04582e-06
 Reference value :  1.11865e-06
 Reference value :  1.18789e-06
No. of Data Rows : 6454
ta                  =  1.11883e-07
tb                  =  6.03201e-07
ta = 1.118827e-07
tb = 6.032014e-07
period = 2.456594e-08
fosc = 4.070678e+07
ngspice-46 done

Warning: m=xx on .subckt line will override multiplier m hierarchy!

Note: Starting dynamic gmin stepping
Warning: Dynamic gmin stepping failed
Note: Starting true gmin stepping
Warning: True gmin stepping failed
Note: Starting source stepping
Warning: singular matrix:  check node xxdut.vl

Warning: source stepping failed
Note: Transient op started
Note: Transient op finished successfully
