====================================================================
gf180-rcosc PVT corner run: rc_s_T-040C_V3p0_code0xCF
run id      : 20260906T060104Z
process     : rc_s (fets=typical res=res_ss mimcap=mimcap_ss)
temperature : -40 C
supply      : 3 V
trim code   : 0xCF (207)
transient   : tran 200p 1200n, f = 20 periods / (t[rise=25] - t[rise=5])
wall clock  : 14.6 s
exit status : 0
====================================================================

Note: Compatibility modes selected: hs a


Circuit: ** sch_path: /users/rwalters/github/gf180-rcosc/.loom/worktrees/issue-22/design/pvt_tb.sch

Doing analysis at TEMP = -40.000000 and TNOM = 27.000000

Using SPARSE 1.3 as Direct Linear Solver

Initial Transient Solution
--------------------------

Node                                   Voltage
----                                   -------
vdd                                          3
xxdut.xxbias.xrba.11                   2.99888
xxdut.xxbias.xrba.21                   2.00112
xxdut.vh                                     2
xxdut.xxbias.xrbb.11                   1.99888
xxdut.xxbias.xrbb.21                   1.00112
xxdut.vl                                     1
xxdut.xxbias.xrbc.11                  0.998877
xxdut.xxbias.xrbc.21                0.00112334
xxdut.xxbias.xrbias.11                 2.99976
xxdut.xxbias.xrbias.21                0.864421
xxdut.ibias                            0.86418
xxdut.xxtrim.xrfix.11                  2.99947
xxdut.xxtrim.xrfix.21                  2.91787
xxdut.xxtrim.c1                        2.91734
xxdut.xxtrim.xr0.11                     2.9168
xxdut.xxtrim.xr0.21                    2.91326
xxdut.xxtrim.c2                        2.91272
t0                                           3
xxdut.xxtrim.xr1.11                    2.91219
xxdut.xxtrim.xr1.21                    2.90509
xxdut.xxtrim.c3                        2.90455
t1                                           3
xxdut.xxtrim.xr2.11                    2.90402
xxdut.xxtrim.xr2.21                    2.88982
xxdut.xxtrim.c4                        2.88929
t2                                           3
xxdut.xxtrim.xr3.11                    2.88875
xxdut.xxtrim.xr3.21                    2.86035
xxdut.xxtrim.c5                        2.85982
t3                                           3
xxdut.xxtrim.xr4.11                    2.85928
xxdut.xxtrim.xr4.21                    2.80249
xxdut.xxtrim.c6                        2.80195
t4                                           0
xxdut.xxtrim.xr5.11                    2.80142
xxdut.xxtrim.xr5.21                    2.68782
xxdut.xxtrim.c7                        2.68729
t5                                           0
xxdut.xxtrim.xr6.11                    2.68675
xxdut.xxtrim.xr6.21                    2.45956
xxdut.xxtrim.c8                        2.45902
t6                                           3
xxdut.xxtrim.xr7.11                    2.45849
xxdut.xxtrim.xr7.21                    2.00413
xxdut.vc                                2.0036
t7                                           3
xxdut.xxcmph.tail                      0.87661
xxdut.xxcmph.dp                        1.34313
xxdut.xxcmph.dn                        1.75037
xxdut.cmph_out                         1.30079
xxdut.xxcmpl.tail                     0.830455
xxdut.xxcmpl.dp                              3
xxdut.xxcmpl.dn                        1.56999
xxdut.cmpl_out                     3.03766e-09
clk                                   0.738784
xxdut.qbar                             1.26327
xxdut.mid1                             2.53386
xxdut.mid2                             2.86004
vt7#branch                                   0
vt6#branch                                   0
vt5#branch                                   0
vt4#branch                                   0
vt3#branch                                   0
vt2#branch                                   0
vt1#branch                                   0
vt0#branch                                   0
vdd#branch                        -0.000360011

 Reference value :  0.00000e+00
 Reference value :  7.29001e-08
 Reference value :  1.51320e-07
 Reference value :  2.29580e-07
 Reference value :  3.07266e-07
 Reference value :  3.89368e-07
 Reference value :  4.64292e-07
 Reference value :  5.44875e-07
 Reference value :  6.17804e-07
 Reference value :  6.92556e-07
 Reference value :  7.75162e-07
 Reference value :  8.51565e-07
 Reference value :  9.31809e-07
 Reference value :  1.00631e-06
 Reference value :  1.09038e-06
 Reference value :  1.16386e-06
No. of Data Rows : 6263
ta                  =  1.32724e-07
tb                  =  7.74786e-07
ta = 1.327236e-07
tb = 7.747860e-07
period = 3.210312e-08
fosc = 3.114962e+07
ngspice-46 done

Warning: m=xx on .subckt line will override multiplier m hierarchy!

Note: Starting dynamic gmin stepping
Warning: Dynamic gmin stepping failed
Note: Starting true gmin stepping
Note: True gmin stepping completed
