====================================================================
gf180-rcosc PVT corner run: rc_s_T+085C_V3p3_code0xCF
run id      : 20260906T060104Z
process     : rc_s (fets=typical res=res_ss mimcap=mimcap_ss)
temperature : 85 C
supply      : 3.3 V
trim code   : 0xCF (207)
transient   : tran 200p 1200n, f = 20 periods / (t[rise=25] - t[rise=5])
wall clock  : 14.2 s
exit status : 0
====================================================================

Note: Compatibility modes selected: hs a


Circuit: ** sch_path: /users/rwalters/github/gf180-rcosc/.loom/worktrees/issue-22/design/pvt_tb.sch

Doing analysis at TEMP = 85.000000 and TNOM = 27.000000

Using SPARSE 1.3 as Direct Linear Solver

Initial Transient Solution
--------------------------

Node                                   Voltage
----                                   -------
vdd                                        3.3
xxdut.xxbias.xrba.11                   3.29944
xxdut.xxbias.xrba.21                   2.20056
xxdut.vh                                   2.2
xxdut.xxbias.xrbb.11                   2.19944
xxdut.xxbias.xrbb.21                   1.10056
xxdut.vl                                   1.1
xxdut.xxbias.xrbc.11                   1.09944
xxdut.xxbias.xrbc.21               0.000556713
xxdut.xxbias.xrbias.11                 3.29987
xxdut.xxbias.xrbias.21                0.794166
xxdut.ibias                           0.794039
xxdut.xxtrim.xrfix.11                  3.29973
xxdut.xxtrim.xrfix.21                  3.20744
xxdut.xxtrim.c1                        3.20717
xxdut.xxtrim.xr0.11                    3.20689
xxdut.xxtrim.xr0.21                    3.20288
xxdut.xxtrim.c2                        3.20261
t0                                         3.3
xxdut.xxtrim.xr1.11                    3.20234
xxdut.xxtrim.xr1.21                    3.19431
xxdut.xxtrim.c3                        3.19403
t1                                         3.3
xxdut.xxtrim.xr2.11                    3.19376
xxdut.xxtrim.xr2.21                     3.1777
xxdut.xxtrim.c4                        3.17743
t2                                         3.3
xxdut.xxtrim.xr3.11                    3.17716
xxdut.xxtrim.xr3.21                    3.14504
xxdut.xxtrim.c5                        3.14476
t3                                         3.3
xxdut.xxtrim.xr4.11                    3.14449
xxdut.xxtrim.xr4.21                    3.08025
xxdut.xxtrim.c6                        3.07998
t4                                           0
xxdut.xxtrim.xr5.11                     3.0797
xxdut.xxtrim.xr5.21                    2.95121
xxdut.xxtrim.c7                        2.95094
t5                                           0
xxdut.xxtrim.xr6.11                    2.95067
xxdut.xxtrim.xr6.21                    2.69369
xxdut.xxtrim.c8                        2.69342
t6                                         3.3
xxdut.xxtrim.xr7.11                    2.69316
xxdut.xxtrim.xr7.21                     2.2065
xxdut.vc                               2.20624
t7                                         3.3
xxdut.xxcmph.tail                      1.08707
xxdut.xxcmph.dp                        1.48271
xxdut.xxcmph.dn                        1.99548
xxdut.cmph_out                         1.42916
xxdut.xxcmpl.tail                      1.01539
xxdut.xxcmpl.dp                            3.3
xxdut.xxcmpl.dn                        1.72938
xxdut.cmpl_out                     5.19822e-09
clk                                   0.620785
xxdut.qbar                             1.37039
xxdut.mid1                             2.64316
xxdut.mid2                             3.09246
vt7#branch                                   0
vt6#branch                                   0
vt5#branch                                   0
vt4#branch                                   0
vt3#branch                                   0
vt2#branch                                   0
vt1#branch                                   0
vt0#branch                                   0
vdd#branch                        -0.000432069

 Reference value :  0.00000e+00
 Reference value :  7.36696e-08
 Reference value :  1.51461e-07
 Reference value :  2.29504e-07
 Reference value :  3.09735e-07
 Reference value :  3.87912e-07
 Reference value :  4.69362e-07
 Reference value :  5.48249e-07
 Reference value :  6.28257e-07
 Reference value :  7.09966e-07
 Reference value :  7.92287e-07
 Reference value :  8.75761e-07
 Reference value :  9.54954e-07
 Reference value :  1.03757e-06
 Reference value :  1.12320e-06
No. of Data Rows : 6158
ta                  =  1.16293e-07
tb                  =  6.52510e-07
ta = 1.162927e-07
tb = 6.525104e-07
period = 2.681088e-08
fosc = 3.729828e+07
ngspice-46 done

Warning: m=xx on .subckt line will override multiplier m hierarchy!

Note: Starting dynamic gmin stepping
Note: Dynamic gmin stepping completed
