====================================================================
gf180-rcosc PVT corner run: rc_s_T+027C_V3p3_code0x7F
run id      : 20260906T060104Z
process     : rc_s (fets=typical res=res_ss mimcap=mimcap_ss)
temperature : 27 C
supply      : 3.3 V
trim code   : 0x7F (127)
transient   : tran 200p 1200n, f = 20 periods / (t[rise=25] - t[rise=5])
wall clock  : 4.3 s
exit status : 0
====================================================================

Note: Compatibility modes selected: hs a


Circuit: ** sch_path: /users/rwalters/github/gf180-rcosc/.loom/worktrees/issue-22/design/pvt_tb.sch

Doing analysis at TEMP = 27.000000 and TNOM = 27.000000

Using SPARSE 1.3 as Direct Linear Solver

Initial Transient Solution
--------------------------

Node                                   Voltage
----                                   -------
vdd                                        3.3
xxdut.xxbias.xrba.11                   3.29923
xxdut.xxbias.xrba.21                   2.20077
xxdut.vh                                   2.2
xxdut.xxbias.xrbb.11                   2.19923
xxdut.xxbias.xrbb.21                   1.10077
xxdut.vl                                   1.1
xxdut.xxbias.xrbc.11                   1.09923
xxdut.xxbias.xrbc.21               0.000771378
xxdut.xxbias.xrbias.11                 3.29983
xxdut.xxbias.xrbias.21                0.830675
xxdut.ibias                           0.830501
xxdut.xxtrim.xrfix.11                  3.29963
xxdut.xxtrim.xrfix.21                  3.20968
xxdut.xxtrim.c1                        3.20931
xxdut.xxtrim.xr0.11                    3.20895
xxdut.xxtrim.xr0.21                    3.20503
xxdut.xxtrim.c2                        3.20467
t0                                         3.3
xxdut.xxtrim.xr1.11                     3.2043
xxdut.xxtrim.xr1.21                    3.19647
xxdut.xxtrim.c3                        3.19611
t1                                         3.3
xxdut.xxtrim.xr2.11                    3.19574
xxdut.xxtrim.xr2.21                    3.18008
xxdut.xxtrim.c4                        3.17972
t2                                         3.3
xxdut.xxtrim.xr3.11                    3.17935
xxdut.xxtrim.xr3.21                    3.14804
xxdut.xxtrim.c5                        3.14767
t3                                         3.3
xxdut.xxtrim.xr4.11                    3.14731
xxdut.xxtrim.xr4.21                    3.08469
xxdut.xxtrim.c6                        3.08432
t4                                         3.3
xxdut.xxtrim.xr5.11                    3.08396
xxdut.xxtrim.xr5.21                    2.95872
xxdut.xxtrim.c7                        2.95836
t5                                         3.3
xxdut.xxtrim.xr6.11                    2.95799
xxdut.xxtrim.xr6.21                    2.70752
xxdut.xxtrim.c8                        2.70715
t6                                         3.3
xxdut.xxtrim.xr7.11                    2.70679
xxdut.xxtrim.xr7.21                    2.20585
xxdut.vc                               2.20548
t7                                           0
xxdut.xxcmph.tail                      1.06181
xxdut.xxcmph.dp                         1.4782
xxdut.xxcmph.dn                        2.00532
xxdut.cmph_out                         1.42653
xxdut.xxcmpl.tail                      1.00076
xxdut.xxcmpl.dp                            3.3
xxdut.xxcmpl.dn                        1.77182
xxdut.cmpl_out                     4.20669e-09
clk                                   0.675396
xxdut.qbar                             1.36796
xxdut.mid1                             2.68491
xxdut.mid2                              3.1044
vt7#branch                                   0
vt6#branch                                   0
vt5#branch                                   0
vt4#branch                                   0
vt3#branch                                   0
vt2#branch                                   0
vt1#branch                                   0
vt0#branch                                   0
vdd#branch                        -0.000448912

 Reference value :  0.00000e+00
 Reference value :  8.68090e-08
 Reference value :  1.73389e-07
 Reference value :  2.59014e-07
 Reference value :  3.45732e-07
 Reference value :  4.30707e-07
 Reference value :  5.16893e-07
 Reference value :  6.03368e-07
 Reference value :  6.91373e-07
 Reference value :  7.75321e-07
 Reference value :  8.68858e-07
 Reference value :  9.51798e-07
 Reference value :  1.03757e-06
 Reference value :  1.12831e-06
No. of Data Rows : 6236
ta                  =  1.88272e-07
tb                  =  1.10561e-06
ta = 1.882724e-07
tb = 1.105610e-06
period = 4.586688e-08
fosc = 2.180222e+07
ngspice-46 done

Warning: m=xx on .subckt line will override multiplier m hierarchy!

Note: Starting dynamic gmin stepping
Note: Dynamic gmin stepping completed
