====================================================================
gf180-rcosc PVT corner run: rc_s_T+027C_V3p0_code0xCF
run id      : 20260906T060104Z
process     : rc_s (fets=typical res=res_ss mimcap=mimcap_ss)
temperature : 27 C
supply      : 3 V
trim code   : 0xCF (207)
transient   : tran 200p 1200n, f = 20 periods / (t[rise=25] - t[rise=5])
wall clock  : 14.6 s
exit status : 0
====================================================================

Note: Compatibility modes selected: hs a


Circuit: ** sch_path: /users/rwalters/github/gf180-rcosc/.loom/worktrees/issue-22/design/pvt_tb.sch

Doing analysis at TEMP = 27.000000 and TNOM = 27.000000

Using SPARSE 1.3 as Direct Linear Solver

Initial Transient Solution
--------------------------

Node                                   Voltage
----                                   -------
vdd                                          3
xxdut.xxbias.xrba.11                    2.9993
xxdut.xxbias.xrba.21                    2.0007
xxdut.vh                                     2
xxdut.xxbias.xrbb.11                    1.9993
xxdut.xxbias.xrbb.21                    1.0007
xxdut.vl                                     1
xxdut.xxbias.xrbc.11                  0.999299
xxdut.xxbias.xrbc.21               0.000701252
xxdut.xxbias.xrbias.11                 2.99985
xxdut.xxbias.xrbias.21                0.818704
xxdut.ibias                           0.818551
xxdut.xxtrim.xrfix.11                  2.99967
xxdut.xxtrim.xrfix.21                  2.91773
xxdut.xxtrim.c1                        2.91739
xxdut.xxtrim.xr0.11                    2.91706
xxdut.xxtrim.xr0.21                    2.91349
xxdut.xxtrim.c2                        2.91316
t0                                           3
xxdut.xxtrim.xr1.11                    2.91282
xxdut.xxtrim.xr1.21                     2.9057
xxdut.xxtrim.c3                        2.90536
t1                                           3
xxdut.xxtrim.xr2.11                    2.90503
xxdut.xxtrim.xr2.21                    2.89077
xxdut.xxtrim.c4                        2.89043
t2                                           3
xxdut.xxtrim.xr3.11                     2.8901
xxdut.xxtrim.xr3.21                    2.86158
xxdut.xxtrim.c5                        2.86124
t3                                           3
xxdut.xxtrim.xr4.11                    2.86091
xxdut.xxtrim.xr4.21                    2.80387
xxdut.xxtrim.c6                        2.80354
t4                                           0
xxdut.xxtrim.xr5.11                     2.8032
xxdut.xxtrim.xr5.21                    2.68912
xxdut.xxtrim.c7                        2.68879
t5                                           0
xxdut.xxtrim.xr6.11                    2.68846
xxdut.xxtrim.xr6.21                     2.4603
xxdut.xxtrim.c8                        2.45997
t6                                           3
xxdut.xxtrim.xr7.11                    2.45963
xxdut.xxtrim.xr7.21                    2.00444
xxdut.vc                               2.00411
t7                                           3
xxdut.xxcmph.tail                     0.909015
xxdut.xxcmph.dp                         1.3439
xxdut.xxcmph.dn                        1.73949
xxdut.cmph_out                         1.29903
xxdut.xxcmpl.tail                     0.850901
xxdut.xxcmpl.dp                              3
xxdut.xxcmpl.dn                        1.52195
xxdut.cmpl_out                     3.84915e-09
clk                                   0.671643
xxdut.qbar                             1.25507
xxdut.mid1                             2.48493
xxdut.mid2                             2.84337
vt7#branch                                   0
vt6#branch                                   0
vt5#branch                                   0
vt4#branch                                   0
vt3#branch                                   0
vt2#branch                                   0
vt1#branch                                   0
vt0#branch                                   0
vdd#branch                        -0.000345916

 Reference value :  0.00000e+00
 Reference value :  7.34603e-08
 Reference value :  1.52117e-07
 Reference value :  2.23148e-07
 Reference value :  3.04637e-07
 Reference value :  3.76681e-07
 Reference value :  4.59039e-07
 Reference value :  5.30067e-07
 Reference value :  6.09261e-07
 Reference value :  6.85589e-07
 Reference value :  7.61926e-07
 Reference value :  8.44331e-07
 Reference value :  9.20599e-07
 Reference value :  1.00045e-06
 Reference value :  1.08485e-06
 Reference value :  1.15885e-06
No. of Data Rows : 6295
ta                  =  1.29641e-07
tb                  =  7.28978e-07
ta = 1.296414e-07
tb = 7.289778e-07
period = 2.996682e-08
fosc = 3.337024e+07
ngspice-46 done

Warning: m=xx on .subckt line will override multiplier m hierarchy!

Note: Starting dynamic gmin stepping
Note: Dynamic gmin stepping completed
