====================================================================
gf180-rcosc PVT corner run: sf_T-040C_V3p0_code0x80
run id      : 20260906T060104Z
process     : sf (fets=sf res=res_typical mimcap=mimcap_typical)
temperature : -40 C
supply      : 3 V
trim code   : 0x80 (128)
transient   : tran 200p 1200n, f = 20 periods / (t[rise=25] - t[rise=5])
wall clock  : 54.3 s
exit status : 0
====================================================================

Note: Compatibility modes selected: hs a


Circuit: ** sch_path: /users/rwalters/github/gf180-rcosc/.loom/worktrees/issue-22/design/pvt_tb.sch

Doing analysis at TEMP = -40.000000 and TNOM = 27.000000

Using SPARSE 1.3 as Direct Linear Solver

Initial Transient Solution
--------------------------

Node                                   Voltage
----                                   -------
vdd                                          3
xxdut.xxbias.xrba.11                   2.99865
xxdut.xxbias.xrba.21                   2.00284
xxdut.vh                               2.00149
xxdut.xxbias.xrbb.11                   2.00014
xxdut.xxbias.xrbb.21                     1.003
xxdut.vl                               1.00165
xxdut.xxbias.xrbc.11                    1.0003
xxdut.xxbias.xrbc.21                0.00134963
xxdut.xxbias.xrbias.11                 2.99972
xxdut.xxbias.xrbias.21                 0.96059
xxdut.ibias                           0.960314
xxdut.xxtrim.xrfix.11                   2.9992
xxdut.xxtrim.xrfix.21                  2.89736
xxdut.xxtrim.c1                        2.89656
xxdut.xxtrim.xr0.11                    2.89576
xxdut.xxtrim.xr0.21                    2.89133
xxdut.xxtrim.c2                        2.89053
t0                                           0
xxdut.xxtrim.xr1.11                    2.88973
xxdut.xxtrim.xr1.21                    2.88088
xxdut.xxtrim.c3                        2.88009
t1                                           0
xxdut.xxtrim.xr2.11                    2.87929
xxdut.xxtrim.xr2.21                     2.8616
xxdut.xxtrim.c4                        2.86081
t2                                           0
xxdut.xxtrim.xr3.11                    2.86001
xxdut.xxtrim.xr3.21                    2.82469
xxdut.xxtrim.c5                        2.82389
t3                                           0
xxdut.xxtrim.xr4.11                     2.8231
xxdut.xxtrim.xr4.21                    2.75262
xxdut.xxtrim.c6                        2.75183
t4                                           0
xxdut.xxtrim.xr5.11                    2.75104
xxdut.xxtrim.xr5.21                    2.61119
xxdut.xxtrim.c7                         2.6104
t5                                           0
xxdut.xxtrim.xr6.11                    2.60964
xxdut.xxtrim.xr6.21                    2.34103
xxdut.xxtrim.c8                        2.34027
t6                                           0
xxdut.xxtrim.xr7.11                    2.33955
xxdut.xxtrim.xr7.21                    1.82878
xxdut.vc                               1.82806
t7                                           3
xxdut.xxcmph.tail                     0.750335
xxdut.xxcmph.dp                        2.98105
xxdut.xxcmph.dn                        1.64339
xxdut.cmph_out                     0.000323986
xxdut.xxcmpl.tail                     0.604274
xxdut.xxcmpl.dp                        3.00672
xxdut.xxcmpl.dn                        1.62196
xxdut.cmpl_out                      -0.0334586
clk                                  0.0187117
xxdut.qbar                             3.00526
xxdut.mid1                             3.01182
xxdut.mid2                             3.00772
vt7#branch                         3.39005e-07
vt6#branch                        -2.79959e-07
vt5#branch                         2.96526e-08
vt4#branch                         1.05849e-08
vt3#branch                         6.25604e-09
vt2#branch                         4.52932e-09
vt1#branch                         3.62415e-09
vt0#branch                         3.18805e-09
vdd#branch                          -0.0001417

 Reference value :  0.00000e+00
 Reference value :  7.62855e-08
 Reference value :  1.50129e-07
 Reference value :  2.30076e-07
 Reference value :  3.09087e-07
 Reference value :  3.85780e-07
 Reference value :  4.67476e-07
 Reference value :  5.47013e-07
 Reference value :  6.29567e-07
 Reference value :  7.09003e-07
 Reference value :  7.88837e-07
 Reference value :  8.69992e-07
 Reference value :  9.48616e-07
 Reference value :  1.04082e-06
 Reference value :  1.12056e-06
No. of Data Rows : 6211
ta                  =  1.42137e-07
tb                  =  8.08551e-07
ta = 1.421369e-07
tb = 8.085512e-07
period = 3.332071e-08
fosc = 3.001136e+07
ngspice-46 done

Warning: m=xx on .subckt line will override multiplier m hierarchy!

Note: Starting dynamic gmin stepping
Warning: Dynamic gmin stepping failed
Note: Starting true gmin stepping
Warning: True gmin stepping failed
Note: Starting source stepping
Warning: singular matrix:  check node xxdut.vl

Warning: source stepping failed
Note: Transient op started
Note: Transient op finished successfully
