====================================================================
gf180-rcosc PVT corner run: sf_T+027C_V3p0_code0xBF
run id      : 20260906T060104Z
process     : sf (fets=sf res=res_typical mimcap=mimcap_typical)
temperature : 27 C
supply      : 3 V
trim code   : 0xBF (191)
transient   : tran 200p 1200n, f = 20 periods / (t[rise=25] - t[rise=5])
wall clock  : 18.1 s
exit status : 0
====================================================================

Note: Compatibility modes selected: hs a


Circuit: ** sch_path: /users/rwalters/github/gf180-rcosc/.loom/worktrees/issue-22/design/pvt_tb.sch

Doing analysis at TEMP = 27.000000 and TNOM = 27.000000

Using SPARSE 1.3 as Direct Linear Solver

Initial Transient Solution
--------------------------

Node                                   Voltage
----                                   -------
vdd                                          3
xxdut.xxbias.xrba.11                   2.99916
xxdut.xxbias.xrba.21                   2.00084
xxdut.vh                                     2
xxdut.xxbias.xrbb.11                   1.99916
xxdut.xxbias.xrbb.21                   1.00084
xxdut.vl                                     1
xxdut.xxbias.xrbc.11                  0.999159
xxdut.xxbias.xrbc.21               0.000841267
xxdut.xxbias.xrbias.11                 2.99982
xxdut.xxbias.xrbias.21                0.915113
xxdut.ibias                           0.914937
xxdut.xxtrim.xrfix.11                   2.9996
xxdut.xxtrim.xrfix.21                  2.91778
xxdut.xxtrim.c1                        2.91738
xxdut.xxtrim.xr0.11                    2.91698
xxdut.xxtrim.xr0.21                    2.91342
xxdut.xxtrim.c2                        2.91302
t0                                           3
xxdut.xxtrim.xr1.11                    2.91262
xxdut.xxtrim.xr1.21                     2.9055
xxdut.xxtrim.c3                         2.9051
t1                                           3
xxdut.xxtrim.xr2.11                     2.9047
xxdut.xxtrim.xr2.21                    2.89046
xxdut.xxtrim.c4                        2.89006
t2                                           3
xxdut.xxtrim.xr3.11                    2.88966
xxdut.xxtrim.xr3.21                    2.86118
xxdut.xxtrim.c5                        2.86078
t3                                           3
xxdut.xxtrim.xr4.11                    2.86038
xxdut.xxtrim.xr4.21                    2.80343
xxdut.xxtrim.c6                        2.80303
t4                                           3
xxdut.xxtrim.xr5.11                    2.80263
xxdut.xxtrim.xr5.21                    2.68872
xxdut.xxtrim.c7                        2.68832
t5                                           3
xxdut.xxtrim.xr6.11                    2.68792
xxdut.xxtrim.xr6.21                     2.4601
xxdut.xxtrim.c8                         2.4597
t6                                           0
xxdut.xxtrim.xr7.11                     2.4593
xxdut.xxtrim.xr7.21                    2.00374
xxdut.vc                               2.00334
t7                                           3
xxdut.xxcmph.tail                     0.826905
xxdut.xxcmph.dp                        1.45461
xxdut.xxcmph.dn                        1.80764
xxdut.cmph_out                         1.41362
xxdut.xxcmpl.tail                     0.763338
xxdut.xxcmpl.dp                              3
xxdut.xxcmpl.dn                        1.58103
xxdut.cmpl_out                     4.14189e-09
clk                                   0.762542
xxdut.qbar                             1.36615
xxdut.mid1                             2.47451
xxdut.mid2                             2.85026
vt7#branch                                   0
vt6#branch                                   0
vt5#branch                                   0
vt4#branch                                   0
vt3#branch                                   0
vt2#branch                                   0
vt1#branch                                   0
vt0#branch                                   0
vdd#branch                         -0.00036619

 Reference value :  0.00000e+00
 Reference value :  7.46250e-08
 Reference value :  1.50632e-07
 Reference value :  2.27928e-07
 Reference value :  3.11222e-07
 Reference value :  3.87979e-07
 Reference value :  4.65793e-07
 Reference value :  5.45729e-07
 Reference value :  6.25884e-07
 Reference value :  7.07872e-07
 Reference value :  7.85019e-07
 Reference value :  8.65646e-07
 Reference value :  9.51407e-07
 Reference value :  1.03503e-06
 Reference value :  1.11455e-06
 Reference value :  1.19759e-06
No. of Data Rows : 6164
ta                  =  1.31431e-07
tb                  =  7.38803e-07
ta = 1.314312e-07
tb = 7.388025e-07
period = 3.036856e-08
fosc = 3.292879e+07
ngspice-46 done

Warning: m=xx on .subckt line will override multiplier m hierarchy!

Note: Starting dynamic gmin stepping
Note: Dynamic gmin stepping completed
