====================================================================
gf180-rcosc PVT corner run: ss_T+027C_V3p0_code0x80
run id      : 20260906T060104Z
process     : ss (fets=ss res=res_ss mimcap=mimcap_ss)
temperature : 27 C
supply      : 3 V
trim code   : 0x80 (128)
transient   : tran 200p 1200n, f = 20 periods / (t[rise=25] - t[rise=5])
wall clock  : 14.4 s
exit status : 0
====================================================================

Note: Compatibility modes selected: hs a


Circuit: ** sch_path: /users/rwalters/github/gf180-rcosc/.loom/worktrees/issue-22/design/pvt_tb.sch

Doing analysis at TEMP = 27.000000 and TNOM = 27.000000

Using SPARSE 1.3 as Direct Linear Solver

Initial Transient Solution
--------------------------

Node                                   Voltage
----                                   -------
vdd                                          3
xxdut.xxbias.xrba.11                    2.9993
xxdut.xxbias.xrba.21                    2.0007
xxdut.vh                                     2
xxdut.xxbias.xrbb.11                    1.9993
xxdut.xxbias.xrbb.21                    1.0007
xxdut.vl                                     1
xxdut.xxbias.xrbc.11                  0.999299
xxdut.xxbias.xrbc.21               0.000701252
xxdut.xxbias.xrbias.11                 2.99985
xxdut.xxbias.xrbias.21                0.928593
xxdut.ibias                           0.928447
xxdut.xxtrim.xrfix.11                  2.99967
xxdut.xxtrim.xrfix.21                  2.91769
xxdut.xxtrim.c1                        2.91735
xxdut.xxtrim.xr0.11                    2.91702
xxdut.xxtrim.xr0.21                    2.91345
xxdut.xxtrim.c2                        2.91312
t0                                           0
xxdut.xxtrim.xr1.11                    2.91278
xxdut.xxtrim.xr1.21                    2.90565
xxdut.xxtrim.c3                        2.90532
t1                                           0
xxdut.xxtrim.xr2.11                    2.90498
xxdut.xxtrim.xr2.21                    2.89072
xxdut.xxtrim.c4                        2.89038
t2                                           0
xxdut.xxtrim.xr3.11                    2.89005
xxdut.xxtrim.xr3.21                    2.86151
xxdut.xxtrim.c5                        2.86118
t3                                           0
xxdut.xxtrim.xr4.11                    2.86084
xxdut.xxtrim.xr4.21                    2.80378
xxdut.xxtrim.c6                        2.80344
t4                                           0
xxdut.xxtrim.xr5.11                    2.80311
xxdut.xxtrim.xr5.21                    2.68898
xxdut.xxtrim.c7                        2.68864
t5                                           0
xxdut.xxtrim.xr6.11                    2.68831
xxdut.xxtrim.xr6.21                    2.46005
xxdut.xxtrim.c8                        2.45971
t6                                           0
xxdut.xxtrim.xr7.11                    2.45938
xxdut.xxtrim.xr7.21                    2.00288
xxdut.vc                               2.00254
t7                                           3
xxdut.xxcmph.tail                     0.809746
xxdut.xxcmph.dp                        1.35199
xxdut.xxcmph.dn                        1.61019
xxdut.cmph_out                         1.31003
xxdut.xxcmpl.tail                     0.749904
xxdut.xxcmpl.dp                              3
xxdut.xxcmpl.dn                        1.38951
xxdut.cmpl_out                     4.17571e-09
clk                                   0.783442
xxdut.qbar                             1.28059
xxdut.mid1                             2.56878
xxdut.mid2                             2.87838
vt7#branch                                   0
vt6#branch                                   0
vt5#branch                                   0
vt4#branch                                   0
vt3#branch                                   0
vt2#branch                                   0
vt1#branch                                   0
vt0#branch                                   0
vdd#branch                        -0.000260575

 Reference value :  0.00000e+00
 Reference value :  8.52343e-08
 Reference value :  1.70190e-07
 Reference value :  2.55199e-07
 Reference value :  3.38307e-07
 Reference value :  4.23223e-07
 Reference value :  5.07812e-07
 Reference value :  5.97554e-07
 Reference value :  6.82269e-07
 Reference value :  7.65765e-07
 Reference value :  8.58429e-07
 Reference value :  9.46000e-07
 Reference value :  1.03713e-06
 Reference value :  1.12268e-06
No. of Data Rows : 6170
ta                  =  1.65326e-07
tb                  =  9.61582e-07
ta = 1.653261e-07
tb = 9.615817e-07
period = 3.981278e-08
fosc = 2.511756e+07
ngspice-46 done

Warning: m=xx on .subckt line will override multiplier m hierarchy!

Note: Starting dynamic gmin stepping
Warning: Dynamic gmin stepping failed
Note: Starting true gmin stepping
Note: True gmin stepping completed
