====================================================================
gf180-rcosc PVT corner run: ss_T+027C_V3p3_code0x7F
run id      : 20260906T060104Z
process     : ss (fets=ss res=res_ss mimcap=mimcap_ss)
temperature : 27 C
supply      : 3.3 V
trim code   : 0x7F (127)
transient   : tran 200p 1200n, f = 20 periods / (t[rise=25] - t[rise=5])
wall clock  : 2.7 s
exit status : 0
====================================================================

Note: Compatibility modes selected: hs a


Circuit: ** sch_path: /users/rwalters/github/gf180-rcosc/.loom/worktrees/issue-22/design/pvt_tb.sch

Doing analysis at TEMP = 27.000000 and TNOM = 27.000000

Using SPARSE 1.3 as Direct Linear Solver

Initial Transient Solution
--------------------------

Node                                   Voltage
----                                   -------
vdd                                        3.3
xxdut.xxbias.xrba.11                   3.29923
xxdut.xxbias.xrba.21                   2.20077
xxdut.vh                                   2.2
xxdut.xxbias.xrbb.11                   2.19923
xxdut.xxbias.xrbb.21                   1.10077
xxdut.vl                                   1.1
xxdut.xxbias.xrbc.11                   1.09923
xxdut.xxbias.xrbc.21               0.000771378
xxdut.xxbias.xrbias.11                 3.29983
xxdut.xxbias.xrbias.21                0.941353
xxdut.ibias                           0.941187
xxdut.xxtrim.xrfix.11                  3.29963
xxdut.xxtrim.xrfix.21                  3.20954
xxdut.xxtrim.c1                        3.20918
xxdut.xxtrim.xr0.11                    3.20881
xxdut.xxtrim.xr0.21                    3.20489
xxdut.xxtrim.c2                        3.20452
t0                                         3.3
xxdut.xxtrim.xr1.11                    3.20415
xxdut.xxtrim.xr1.21                    3.19631
xxdut.xxtrim.c3                        3.19595
t1                                         3.3
xxdut.xxtrim.xr2.11                    3.19558
xxdut.xxtrim.xr2.21                     3.1799
xxdut.xxtrim.c4                        3.17953
t2                                         3.3
xxdut.xxtrim.xr3.11                    3.17916
xxdut.xxtrim.xr3.21                    3.14781
xxdut.xxtrim.c5                        3.14744
t3                                         3.3
xxdut.xxtrim.xr4.11                    3.14707
xxdut.xxtrim.xr4.21                    3.08436
xxdut.xxtrim.c6                        3.08399
t4                                         3.3
xxdut.xxtrim.xr5.11                    3.08362
xxdut.xxtrim.xr5.21                     2.9582
xxdut.xxtrim.c7                        2.95783
t5                                         3.3
xxdut.xxtrim.xr6.11                    2.95746
xxdut.xxtrim.xr6.21                    2.70661
xxdut.xxtrim.c8                        2.70624
t6                                         3.3
xxdut.xxtrim.xr7.11                    2.70588
xxdut.xxtrim.xr7.21                    2.20417
xxdut.vc                               2.20381
t7                                           0
xxdut.xxcmph.tail                     0.959403
xxdut.xxcmph.dp                        1.48562
xxdut.xxcmph.dn                         1.8737
xxdut.cmph_out                         1.43671
xxdut.xxcmpl.tail                     0.896182
xxdut.xxcmpl.dp                            3.3
xxdut.xxcmpl.dn                        1.63607
xxdut.cmpl_out                      4.4423e-09
clk                                   0.787378
xxdut.qbar                             1.39221
xxdut.mid1                              2.7705
xxdut.mid2                             3.14143
vt7#branch                                   0
vt6#branch                                   0
vt5#branch                                   0
vt4#branch                                   0
vt3#branch                                   0
vt2#branch                                   0
vt1#branch                                   0
vt0#branch                                   0
vdd#branch                        -0.000347677

 Reference value :  0.00000e+00
 Reference value :  1.33799e-07
 Reference value :  2.51930e-07
 Reference value :  3.96352e-07
 Reference value :  5.53225e-07
 Reference value :  6.91633e-07
 Reference value :  8.43432e-07
 Reference value :  9.74058e-07
 Reference value :  1.11093e-06
No. of Data Rows : 6194
ta                  =  2.03445e-07
tb                  =  1.16330e-06
ta = 2.034454e-07
tb = 1.163301e-06
period = 4.799278e-08
fosc = 2.083647e+07
ngspice-46 done

Warning: m=xx on .subckt line will override multiplier m hierarchy!

Note: Starting dynamic gmin stepping
Warning: Dynamic gmin stepping failed
Note: Starting true gmin stepping
Note: True gmin stepping completed
