====================================================================
gf180-rcosc PVT corner run: ss_T+085C_V3p0_code0x80
run id      : 20260906T060104Z
process     : ss (fets=ss res=res_ss mimcap=mimcap_ss)
temperature : 85 C
supply      : 3 V
trim code   : 0x80 (128)
transient   : tran 200p 1200n, f = 20 periods / (t[rise=25] - t[rise=5])
wall clock  : 13.7 s
exit status : 0
====================================================================

Note: Compatibility modes selected: hs a


Circuit: ** sch_path: /users/rwalters/github/gf180-rcosc/.loom/worktrees/issue-22/design/pvt_tb.sch

Doing analysis at TEMP = 85.000000 and TNOM = 27.000000

Using SPARSE 1.3 as Direct Linear Solver

Initial Transient Solution
--------------------------

Node                                   Voltage
----                                   -------
vdd                                          3
xxdut.xxbias.xrba.11                   2.99949
xxdut.xxbias.xrba.21                   2.00051
xxdut.vh                                     2
xxdut.xxbias.xrbb.11                   1.99949
xxdut.xxbias.xrbb.21                   1.00051
xxdut.vl                                     1
xxdut.xxbias.xrbc.11                  0.999494
xxdut.xxbias.xrbc.21               0.000506103
xxdut.xxbias.xrbias.11                 2.99989
xxdut.xxbias.xrbias.21                0.891182
xxdut.ibias                           0.891075
xxdut.xxtrim.xrfix.11                  2.99976
xxdut.xxtrim.xrfix.21                  2.91764
xxdut.xxtrim.c1                         2.9174
xxdut.xxtrim.xr0.11                    2.91716
xxdut.xxtrim.xr0.21                    2.91359
xxdut.xxtrim.c2                        2.91334
t0                                           0
xxdut.xxtrim.xr1.11                     2.9131
xxdut.xxtrim.xr1.21                    2.90596
xxdut.xxtrim.c3                        2.90572
t1                                           0
xxdut.xxtrim.xr2.11                    2.90547
xxdut.xxtrim.xr2.21                    2.89118
xxdut.xxtrim.c4                        2.89094
t2                                           0
xxdut.xxtrim.xr3.11                     2.8907
xxdut.xxtrim.xr3.21                    2.86212
xxdut.xxtrim.c5                        2.86188
t3                                           0
xxdut.xxtrim.xr4.11                    2.86163
xxdut.xxtrim.xr4.21                    2.80447
xxdut.xxtrim.c6                        2.80423
t4                                           0
xxdut.xxtrim.xr5.11                    2.80399
xxdut.xxtrim.xr5.21                    2.68966
xxdut.xxtrim.c7                        2.68942
t5                                           0
xxdut.xxtrim.xr6.11                    2.68918
xxdut.xxtrim.xr6.21                    2.46053
xxdut.xxtrim.c8                        2.46029
t6                                           0
xxdut.xxtrim.xr7.11                    2.46005
xxdut.xxtrim.xr7.21                    2.00304
xxdut.vc                                2.0028
t7                                           3
xxdut.xxcmph.tail                     0.835694
xxdut.xxcmph.dp                        1.35367
xxdut.xxcmph.dn                        1.60264
xxdut.cmph_out                         1.30893
xxdut.xxcmpl.tail                     0.765325
xxdut.xxcmpl.dp                              3
xxdut.xxcmpl.dn                        1.35082
xxdut.cmpl_out                     5.02016e-09
clk                                   0.727274
xxdut.qbar                             1.27366
xxdut.mid1                             2.52771
xxdut.mid2                             2.86431
vt7#branch                                   0
vt6#branch                                   0
vt5#branch                                   0
vt4#branch                                   0
vt3#branch                                   0
vt2#branch                                   0
vt1#branch                                   0
vt0#branch                                   0
vdd#branch                        -0.000261686

 Reference value :  0.00000e+00
 Reference value :  8.86069e-08
 Reference value :  1.75830e-07
 Reference value :  2.64673e-07
 Reference value :  3.48738e-07
 Reference value :  4.31982e-07
 Reference value :  5.21615e-07
 Reference value :  6.07235e-07
 Reference value :  6.92144e-07
 Reference value :  7.86495e-07
 Reference value :  8.77595e-07
 Reference value :  9.62531e-07
 Reference value :  1.05176e-06
 Reference value :  1.14404e-06
No. of Data Rows : 6155
ta                  =  1.57698e-07
tb                  =  9.16366e-07
ta = 1.576985e-07
tb = 9.163655e-07
period = 3.793335e-08
fosc = 2.636203e+07
ngspice-46 done

Warning: m=xx on .subckt line will override multiplier m hierarchy!

Note: Starting dynamic gmin stepping
Warning: Dynamic gmin stepping failed
Note: Starting true gmin stepping
Note: True gmin stepping completed
