====================================================================
gf180-rcosc PVT corner run: ss_T-040C_V3p0_code0xE0
run id      : 20260906T060104Z
process     : ss (fets=ss res=res_ss mimcap=mimcap_ss)
temperature : -40 C
supply      : 3 V
trim code   : 0xE0 (224)
transient   : tran 200p 1200n, f = 20 periods / (t[rise=25] - t[rise=5])
wall clock  : 12.2 s
exit status : 0
====================================================================

Note: Compatibility modes selected: hs a


Circuit: ** sch_path: /users/rwalters/github/gf180-rcosc/.loom/worktrees/issue-22/design/pvt_tb.sch

Doing analysis at TEMP = -40.000000 and TNOM = 27.000000

Using SPARSE 1.3 as Direct Linear Solver

Initial Transient Solution
--------------------------

Node                                   Voltage
----                                   -------
vdd                                          3
xxdut.xxbias.xrba.11                   2.99888
xxdut.xxbias.xrba.21                   2.00112
xxdut.vh                                     2
xxdut.xxbias.xrbb.11                   1.99888
xxdut.xxbias.xrbb.21                   1.00112
xxdut.vl                                     1
xxdut.xxbias.xrbc.11                  0.998877
xxdut.xxbias.xrbc.21                0.00112334
xxdut.xxbias.xrbias.11                 2.99977
xxdut.xxbias.xrbias.21                0.973594
xxdut.ibias                           0.973366
xxdut.xxtrim.xrfix.11                  2.99947
xxdut.xxtrim.xrfix.21                  2.91777
xxdut.xxtrim.c1                        2.91723
xxdut.xxtrim.xr0.11                     2.9167
xxdut.xxtrim.xr0.21                    2.91314
xxdut.xxtrim.c2                        2.91261
t0                                           0
xxdut.xxtrim.xr1.11                    2.91208
xxdut.xxtrim.xr1.21                    2.90497
xxdut.xxtrim.c3                        2.90443
t1                                           0
xxdut.xxtrim.xr2.11                     2.9039
xxdut.xxtrim.xr2.21                    2.88968
xxdut.xxtrim.c4                        2.88914
t2                                           0
xxdut.xxtrim.xr3.11                    2.88861
xxdut.xxtrim.xr3.21                    2.86017
xxdut.xxtrim.c5                        2.85964
t3                                           0
xxdut.xxtrim.xr4.11                    2.85911
xxdut.xxtrim.xr4.21                    2.80223
xxdut.xxtrim.c6                         2.8017
t4                                           0
xxdut.xxtrim.xr5.11                    2.80116
xxdut.xxtrim.xr5.21                    2.68742
xxdut.xxtrim.c7                        2.68689
t5                                           3
xxdut.xxtrim.xr6.11                    2.68635
xxdut.xxtrim.xr6.21                    2.45887
xxdut.xxtrim.c8                        2.45834
t6                                           3
xxdut.xxtrim.xr7.11                     2.4578
xxdut.xxtrim.xr7.21                    2.00283
xxdut.vc                                2.0023
t7                                           3
xxdut.xxcmph.tail                     0.778266
xxdut.xxcmph.dp                        1.35243
xxdut.xxcmph.dn                        1.62288
xxdut.cmph_out                         1.31389
xxdut.xxcmpl.tail                     0.730753
xxdut.xxcmpl.dp                              3
xxdut.xxcmpl.dn                        1.43986
xxdut.cmpl_out                     3.27159e-09
clk                                   0.850019
xxdut.qbar                             1.29117
xxdut.mid1                             2.61631
xxdut.mid2                             2.89482
vt7#branch                                   0
vt6#branch                                   0
vt5#branch                                   0
vt4#branch                                   0
vt3#branch                                   0
vt2#branch                                   0
vt1#branch                                   0
vt0#branch                                   0
vdd#branch                        -0.000262268

 Reference value :  0.00000e+00
 Reference value :  7.84499e-08
 Reference value :  1.54754e-07
 Reference value :  2.47014e-07
 Reference value :  3.21214e-07
 Reference value :  3.98859e-07
 Reference value :  4.73727e-07
 Reference value :  5.52789e-07
 Reference value :  6.33937e-07
 Reference value :  7.10525e-07
 Reference value :  7.90136e-07
 Reference value :  8.73606e-07
 Reference value :  9.51082e-07
 Reference value :  1.03607e-06
 Reference value :  1.11861e-06
 Reference value :  1.19719e-06
No. of Data Rows : 6240
ta                  =  1.43505e-07
tb                  =  8.39675e-07
ta = 1.435049e-07
tb = 8.396751e-07
period = 3.480851e-08
fosc = 2.872861e+07
ngspice-46 done

Warning: m=xx on .subckt line will override multiplier m hierarchy!

Note: Starting dynamic gmin stepping
Warning: Dynamic gmin stepping failed
Note: Starting true gmin stepping
Note: True gmin stepping completed
