====================================================================
gf180-rcosc PVT corner run: ss_T+085C_V3p3_code0xF0
run id      : 20260906T060104Z
process     : ss (fets=ss res=res_ss mimcap=mimcap_ss)
temperature : 85 C
supply      : 3.3 V
trim code   : 0xF0 (240)
transient   : tran 200p 1200n, f = 20 periods / (t[rise=25] - t[rise=5])
wall clock  : 20.1 s
exit status : 0
====================================================================

Note: Compatibility modes selected: hs a


Circuit: ** sch_path: /users/rwalters/github/gf180-rcosc/.loom/worktrees/issue-22/design/pvt_tb.sch

Doing analysis at TEMP = 85.000000 and TNOM = 27.000000

Using SPARSE 1.3 as Direct Linear Solver

Initial Transient Solution
--------------------------

Node                                   Voltage
----                                   -------
vdd                                        3.3
xxdut.xxbias.xrba.11                   3.29944
xxdut.xxbias.xrba.21                   2.20056
xxdut.vh                                   2.2
xxdut.xxbias.xrbb.11                   2.19944
xxdut.xxbias.xrbb.21                   1.10056
xxdut.vl                                   1.1
xxdut.xxbias.xrbc.11                   1.09944
xxdut.xxbias.xrbc.21               0.000556713
xxdut.xxbias.xrbias.11                 3.29988
xxdut.xxbias.xrbias.21                0.905622
xxdut.ibias                             0.9055
xxdut.xxtrim.xrfix.11                  3.29973
xxdut.xxtrim.xrfix.21                  3.20942
xxdut.xxtrim.c1                        3.20915
xxdut.xxtrim.xr0.11                    3.20888
xxdut.xxtrim.xr0.21                    3.20495
xxdut.xxtrim.c2                        3.20469
t0                                           0
xxdut.xxtrim.xr1.11                    3.20442
xxdut.xxtrim.xr1.21                    3.19656
xxdut.xxtrim.c3                         3.1963
t1                                           0
xxdut.xxtrim.xr2.11                    3.19603
xxdut.xxtrim.xr2.21                    3.18031
xxdut.xxtrim.c4                        3.18005
t2                                           0
xxdut.xxtrim.xr3.11                    3.17978
xxdut.xxtrim.xr3.21                    3.14835
xxdut.xxtrim.c5                        3.14808
t3                                           0
xxdut.xxtrim.xr4.11                    3.14781
xxdut.xxtrim.xr4.21                    3.08494
xxdut.xxtrim.c6                        3.08467
t4                                         3.3
xxdut.xxtrim.xr5.11                    3.08441
xxdut.xxtrim.xr5.21                    2.95866
xxdut.xxtrim.c7                         2.9584
t5                                         3.3
xxdut.xxtrim.xr6.11                    2.95813
xxdut.xxtrim.xr6.21                    2.70664
xxdut.xxtrim.c8                        2.70637
t6                                         3.3
xxdut.xxtrim.xr7.11                    2.70611
xxdut.xxtrim.xr7.21                    2.20445
xxdut.vc                               2.20419
t7                                         3.3
xxdut.xxcmph.tail                     0.983881
xxdut.xxcmph.dp                         1.4892
xxdut.xxcmph.dn                         1.8621
xxdut.cmph_out                          1.4381
xxdut.xxcmpl.tail                     0.909493
xxdut.xxcmpl.dp                            3.3
xxdut.xxcmpl.dn                        1.59148
xxdut.cmpl_out                     5.30595e-09
clk                                   0.731955
xxdut.qbar                             1.38838
xxdut.mid1                             2.72884
xxdut.mid2                             3.12813
vt7#branch                                   0
vt6#branch                                   0
vt5#branch                                   0
vt4#branch                                   0
vt3#branch                                   0
vt2#branch                                   0
vt1#branch                                   0
vt0#branch                                   0
vdd#branch                        -0.000340667

 Reference value :  0.00000e+00
 Reference value :  7.37024e-08
 Reference value :  1.49710e-07
 Reference value :  2.27886e-07
 Reference value :  3.04721e-07
 Reference value :  3.75508e-07
 Reference value :  4.49891e-07
 Reference value :  5.27307e-07
 Reference value :  6.04414e-07
 Reference value :  6.80820e-07
 Reference value :  7.55084e-07
 Reference value :  8.27854e-07
 Reference value :  9.05872e-07
 Reference value :  9.81821e-07
 Reference value :  1.05839e-06
 Reference value :  1.13775e-06
No. of Data Rows : 6269
ta                  =  1.22515e-07
tb                  =  6.56594e-07
ta = 1.225152e-07
tb = 6.565945e-07
period = 2.670396e-08
fosc = 3.744762e+07
ngspice-46 done

Warning: m=xx on .subckt line will override multiplier m hierarchy!

Note: Starting dynamic gmin stepping
Note: Dynamic gmin stepping completed
