====================================================================
gf180-rcosc PVT corner run: tt_T+085C_V3p3_code0x80
run id      : 20260906T060104Z
process     : tt (fets=typical res=res_typical mimcap=mimcap_typical)
temperature : 85 C
supply      : 3.3 V
trim code   : 0x80 (128)
transient   : tran 200p 1200n, f = 20 periods / (t[rise=25] - t[rise=5])
wall clock  : 12.0 s
exit status : 0
====================================================================

Note: Compatibility modes selected: hs a


Circuit: ** sch_path: /users/rwalters/github/gf180-rcosc/.loom/worktrees/issue-22/design/pvt_tb.sch

Doing analysis at TEMP = 85.000000 and TNOM = 27.000000

Using SPARSE 1.3 as Direct Linear Solver

Initial Transient Solution
--------------------------

Node                                   Voltage
----                                   -------
vdd                                        3.3
xxdut.xxbias.xrba.11                   3.29933
xxdut.xxbias.xrba.21                   2.20067
xxdut.vh                                   2.2
xxdut.xxbias.xrbb.11                   2.19933
xxdut.xxbias.xrbb.21                   1.10067
xxdut.vl                                   1.1
xxdut.xxbias.xrbc.11                   1.09933
xxdut.xxbias.xrbc.21                0.00066792
xxdut.xxbias.xrbias.11                 3.29985
xxdut.xxbias.xrbias.21                0.814868
xxdut.ibias                           0.814717
xxdut.xxtrim.xrfix.11                  3.29968
xxdut.xxtrim.xrfix.21                   3.2078
xxdut.xxtrim.c1                        3.20748
xxdut.xxtrim.xr0.11                    3.20716
xxdut.xxtrim.xr0.21                    3.20316
xxdut.xxtrim.c2                        3.20283
t0                                           0
xxdut.xxtrim.xr1.11                    3.20251
xxdut.xxtrim.xr1.21                    3.19452
xxdut.xxtrim.c3                        3.19419
t1                                           0
xxdut.xxtrim.xr2.11                    3.19387
xxdut.xxtrim.xr2.21                    3.17788
xxdut.xxtrim.c4                        3.17755
t2                                           0
xxdut.xxtrim.xr3.11                    3.17723
xxdut.xxtrim.xr3.21                    3.14525
xxdut.xxtrim.c5                        3.14493
t3                                           0
xxdut.xxtrim.xr4.11                     3.1446
xxdut.xxtrim.xr4.21                    3.08065
xxdut.xxtrim.c6                        3.08033
t4                                           0
xxdut.xxtrim.xr5.11                       3.08
xxdut.xxtrim.xr5.21                    2.95209
xxdut.xxtrim.c7                        2.95177
t5                                           0
xxdut.xxtrim.xr6.11                    2.95145
xxdut.xxtrim.xr6.21                    2.69563
xxdut.xxtrim.c8                        2.69531
t6                                           0
xxdut.xxtrim.xr7.11                      2.695
xxdut.xxtrim.xr7.21                    2.20628
xxdut.vc                               2.20597
t7                                         3.3
xxdut.xxcmph.tail                      1.07029
xxdut.xxcmph.dp                        1.48275
xxdut.xxcmph.dn                        1.93829
xxdut.cmph_out                         1.42703
xxdut.xxcmpl.tail                     0.991447
xxdut.xxcmpl.dp                            3.3
xxdut.xxcmpl.dn                        1.64617
xxdut.cmpl_out                     5.19822e-09
clk                                   0.631644
xxdut.qbar                             1.36924
xxdut.mid1                             2.64985
xxdut.mid2                             3.09219
vt7#branch                                   0
vt6#branch                                   0
vt5#branch                                   0
vt4#branch                                   0
vt3#branch                                   0
vt2#branch                                   0
vt1#branch                                   0
vt0#branch                                   0
vdd#branch                        -0.000451391

 Reference value :  0.00000e+00
 Reference value :  7.26019e-08
 Reference value :  1.50050e-07
 Reference value :  2.24495e-07
 Reference value :  3.02882e-07
 Reference value :  3.79799e-07
 Reference value :  4.61686e-07
 Reference value :  5.39682e-07
 Reference value :  6.16485e-07
 Reference value :  6.94439e-07
 Reference value :  7.69839e-07
 Reference value :  8.45384e-07
 Reference value :  9.20964e-07
 Reference value :  1.00175e-06
 Reference value :  1.08182e-06
 Reference value :  1.16000e-06
No. of Data Rows : 6357
ta                  =  1.14448e-07
tb                  =  6.50465e-07
ta = 1.144479e-07
tb = 6.504648e-07
period = 2.680084e-08
fosc = 3.731226e+07
ngspice-46 done

Warning: m=xx on .subckt line will override multiplier m hierarchy!

Note: Starting dynamic gmin stepping
Note: Dynamic gmin stepping completed
