====================================================================
gf180-rcosc PVT corner run: tt_T+027C_V3p3_code0xC0
run id      : 20260906T060104Z
process     : tt (fets=typical res=res_typical mimcap=mimcap_typical)
temperature : 27 C
supply      : 3.3 V
trim code   : 0xC0 (192)
transient   : tran 200p 1200n, f = 20 periods / (t[rise=25] - t[rise=5])
wall clock  : 8.4 s
exit status : 0
====================================================================

Note: Compatibility modes selected: hs a


Circuit: ** sch_path: /users/rwalters/github/gf180-rcosc/.loom/worktrees/issue-22/design/pvt_tb.sch

Doing analysis at TEMP = 27.000000 and TNOM = 27.000000

Using SPARSE 1.3 as Direct Linear Solver

Initial Transient Solution
--------------------------

Node                                   Voltage
----                                   -------
vdd                                        3.3
xxdut.xxbias.xrba.11                   3.29907
xxdut.xxbias.xrba.21                   2.20093
xxdut.vh                                   2.2
xxdut.xxbias.xrbb.11                   2.19907
xxdut.xxbias.xrbb.21                   1.10093
xxdut.vl                                   1.1
xxdut.xxbias.xrbc.11                   1.09907
xxdut.xxbias.xrbc.21               0.000925394
xxdut.xxbias.xrbias.11                 3.29979
xxdut.xxbias.xrbias.21                0.848642
xxdut.ibias                           0.848436
xxdut.xxtrim.xrfix.11                  3.29956
xxdut.xxtrim.xrfix.21                  3.20925
xxdut.xxtrim.c1                         3.2088
xxdut.xxtrim.xr0.11                    3.20836
xxdut.xxtrim.xr0.21                    3.20443
xxdut.xxtrim.c2                        3.20399
t0                                           0
xxdut.xxtrim.xr1.11                    3.20355
xxdut.xxtrim.xr1.21                    3.19569
xxdut.xxtrim.c3                        3.19525
t1                                           0
xxdut.xxtrim.xr2.11                     3.1948
xxdut.xxtrim.xr2.21                    3.17909
xxdut.xxtrim.c4                        3.17864
t2                                           0
xxdut.xxtrim.xr3.11                     3.1782
xxdut.xxtrim.xr3.21                    3.14677
xxdut.xxtrim.c5                        3.14633
t3                                           0
xxdut.xxtrim.xr4.11                    3.14588
xxdut.xxtrim.xr4.21                    3.08302
xxdut.xxtrim.c6                        3.08257
t4                                           0
xxdut.xxtrim.xr5.11                    3.08213
xxdut.xxtrim.xr5.21                     2.9564
xxdut.xxtrim.c7                        2.95595
t5                                           0
xxdut.xxtrim.xr6.11                    2.95551
xxdut.xxtrim.xr6.21                    2.70404
xxdut.xxtrim.c8                         2.7036
t6                                         3.3
xxdut.xxtrim.xr7.11                    2.70316
xxdut.xxtrim.xr7.21                    2.20569
xxdut.vc                               2.20525
t7                                         3.3
xxdut.xxcmph.tail                      1.04731
xxdut.xxcmph.dp                        1.47823
xxdut.xxcmph.dn                        1.95485
xxdut.cmph_out                         1.42462
xxdut.xxcmpl.tail                     0.980407
xxdut.xxcmpl.dp                            3.3
xxdut.xxcmpl.dn                        1.69834
xxdut.cmpl_out                     4.20669e-09
clk                                   0.685401
xxdut.qbar                             1.36747
xxdut.mid1                             2.69106
xxdut.mid2                              3.1043
vt7#branch                                   0
vt6#branch                                   0
vt5#branch                                   0
vt4#branch                                   0
vt3#branch                                   0
vt2#branch                                   0
vt1#branch                                   0
vt0#branch                                   0
vdd#branch                        -0.000467178

 Reference value :  0.00000e+00
 Reference value :  1.11642e-07
 Reference value :  2.32627e-07
 Reference value :  3.47194e-07
 Reference value :  4.69915e-07
 Reference value :  5.72133e-07
 Reference value :  6.47007e-07
 Reference value :  7.18505e-07
 Reference value :  7.93373e-07
 Reference value :  8.68035e-07
 Reference value :  9.50832e-07
 Reference value :  1.05862e-06
 Reference value :  1.16833e-06
No. of Data Rows : 6465
ta                  =  9.56358e-08
tb                  =  5.52787e-07
ta = 9.563580e-08
tb = 5.527869e-07
period = 2.285755e-08
fosc = 4.374921e+07
ngspice-46 done

Warning: m=xx on .subckt line will override multiplier m hierarchy!

Note: Starting dynamic gmin stepping
Note: Dynamic gmin stepping completed
