====================================================================
gf180-rcosc PVT corner run: tt_T-040C_V3p0_code0xE0
run id      : 20260906T060104Z
process     : tt (fets=typical res=res_typical mimcap=mimcap_typical)
temperature : -40 C
supply      : 3 V
trim code   : 0xE0 (224)
transient   : tran 200p 1200n, f = 20 periods / (t[rise=25] - t[rise=5])
wall clock  : 70.2 s
exit status : 0
====================================================================

Note: Compatibility modes selected: hs a


Circuit: ** sch_path: /users/rwalters/github/gf180-rcosc/.loom/worktrees/issue-22/design/pvt_tb.sch

Doing analysis at TEMP = -40.000000 and TNOM = 27.000000

Using SPARSE 1.3 as Direct Linear Solver

Initial Transient Solution
--------------------------

Node                                   Voltage
----                                   -------
vdd                                          3
xxdut.xxbias.xrba.11                   2.99865
xxdut.xxbias.xrba.21                   1.99928
xxdut.vh                               1.99793
xxdut.xxbias.xrbb.11                   1.99661
xxdut.xxbias.xrbb.21                   1.01264
xxdut.vl                               1.01131
xxdut.xxbias.xrbc.11                   1.00995
xxdut.xxbias.xrbc.21                0.00136264
xxdut.xxbias.xrbias.11                 2.99971
xxdut.xxbias.xrbias.21                0.878227
xxdut.ibias                            0.87794
xxdut.xxtrim.xrfix.11                  2.99406
xxdut.xxtrim.xrfix.21                  2.23817
xxdut.xxtrim.c1                        2.23223
xxdut.xxtrim.xr0.11                    2.22633
xxdut.xxtrim.xr0.21                    2.19364
xxdut.xxtrim.c2                        2.18774
t0                                           0
xxdut.xxtrim.xr1.11                    2.18189
xxdut.xxtrim.xr1.21                    2.11708
xxdut.xxtrim.c3                        2.11123
t1                                           0
xxdut.xxtrim.xr2.11                    2.10543
xxdut.xxtrim.xr2.21                     1.9771
xxdut.xxtrim.c4                        1.97131
t2                                           0
xxdut.xxtrim.xr3.11                    1.96559
xxdut.xxtrim.xr3.21                    1.71214
xxdut.xxtrim.c5                        1.70642
t3                                           0
xxdut.xxtrim.xr4.11                    1.70081
xxdut.xxtrim.xr4.21                    1.20321
xxdut.xxtrim.c6                         1.1976
t4                                           0
xxdut.xxtrim.xr5.11                    1.19722
xxdut.xxtrim.xr5.21                    1.13068
xxdut.xxtrim.c7                        1.13031
t5                                           3
xxdut.xxtrim.xr6.11                    1.13014
xxdut.xxtrim.xr6.21                    1.07072
xxdut.xxtrim.c8                        1.07055
t6                                           3
xxdut.xxtrim.xr7.11                    1.07048
xxdut.xxtrim.xr7.21                    1.01963
xxdut.vc                               1.01956
t7                                           3
xxdut.xxcmph.tail                      0.81238
xxdut.xxcmph.dp                        2.99902
xxdut.xxcmph.dn                        1.52904
xxdut.cmph_out                      0.00102044
xxdut.xxcmpl.tail                    0.0762723
xxdut.xxcmpl.dp                      0.0976345
xxdut.xxcmpl.dn                        1.79702
xxdut.cmpl_out                         3.00149
clk                                0.000306913
xxdut.qbar                             2.99891
xxdut.mid1                             3.00233
xxdut.mid2                             2.11605
vt7#branch                        -1.69709e-05
vt6#branch                        -1.00395e-05
vt5#branch                         2.92621e-05
vt4#branch                        -9.68069e-07
vt3#branch                          1.1576e-07
vt2#branch                         1.01343e-07
vt1#branch                         9.35017e-08
vt0#branch                         9.52242e-08
vdd#branch                        -0.000236612

 Reference value :  0.00000e+00
 Reference value :  7.00864e-08
 Reference value :  1.39959e-07
 Reference value :  2.10321e-07
 Reference value :  2.83873e-07
 Reference value :  3.59957e-07
 Reference value :  4.31962e-07
 Reference value :  5.03398e-07
 Reference value :  5.79226e-07
 Reference value :  6.49855e-07
 Reference value :  7.27683e-07
 Reference value :  8.02295e-07
 Reference value :  8.76180e-07
 Reference value :  9.48644e-07
 Reference value :  1.02430e-06
 Reference value :  1.09916e-06
 Reference value :  1.17130e-06
No. of Data Rows : 6303
ta                  =  1.12433e-07
tb                  =  5.89945e-07
ta = 1.124326e-07
tb = 5.899452e-07
period = 2.387563e-08
fosc = 4.188371e+07
ngspice-46 done

Warning: m=xx on .subckt line will override multiplier m hierarchy!

Note: Starting dynamic gmin stepping
Warning: Dynamic gmin stepping failed
Note: Starting true gmin stepping
Warning: True gmin stepping failed
Note: Starting source stepping
Warning: singular matrix:  check node xxdut.vl

Warning: source stepping failed
Note: Transient op started
Note: Transient op finished successfully
