====================================================================
gf180-rcosc PVT corner run: tt_T-040C_V3p6_code0xE0
run id      : 20260906T060104Z
process     : tt (fets=typical res=res_typical mimcap=mimcap_typical)
temperature : -40 C
supply      : 3.6 V
trim code   : 0xE0 (224)
transient   : tran 200p 1200n, f = 20 periods / (t[rise=25] - t[rise=5])
wall clock  : 95.8 s
exit status : 0
====================================================================

Note: Compatibility modes selected: hs a


Circuit: ** sch_path: /users/rwalters/github/gf180-rcosc/.loom/worktrees/issue-22/design/pvt_tb.sch

Doing analysis at TEMP = -40.000000 and TNOM = 27.000000

Using SPARSE 1.3 as Direct Linear Solver

Initial Transient Solution
--------------------------

Node                                   Voltage
----                                   -------
vdd                                        3.6
xxdut.xxbias.xrba.11                   3.59839
xxdut.xxbias.xrba.21                   2.40617
xxdut.vh                               2.40456
xxdut.xxbias.xrbb.11                   2.40294
xxdut.xxbias.xrbb.21                   1.20462
xxdut.vl                               1.20301
xxdut.xxbias.xrbc.11                   1.20138
xxdut.xxbias.xrbc.21                0.00162094
xxdut.xxbias.xrbias.11                 3.59964
xxdut.xxbias.xrbias.21                0.902125
xxdut.ibias                           0.901761
xxdut.xxtrim.xrfix.11                  3.59915
xxdut.xxtrim.xrfix.21                  3.49067
xxdut.xxtrim.c1                        3.48982
xxdut.xxtrim.xr0.11                    3.48898
xxdut.xxtrim.xr0.21                    3.48429
xxdut.xxtrim.c2                        3.48344
t0                                           0
xxdut.xxtrim.xr1.11                    3.48259
xxdut.xxtrim.xr1.21                    3.47322
xxdut.xxtrim.c3                        3.47237
t1                                           0
xxdut.xxtrim.xr2.11                    3.47153
xxdut.xxtrim.xr2.21                    3.45284
xxdut.xxtrim.c4                        3.45199
t2                                           0
xxdut.xxtrim.xr3.11                    3.45115
xxdut.xxtrim.xr3.21                    3.41378
xxdut.xxtrim.c5                        3.41294
t3                                           0
xxdut.xxtrim.xr4.11                     3.4121
xxdut.xxtrim.xr4.21                    3.33725
xxdut.xxtrim.c6                         3.3364
t4                                           0
xxdut.xxtrim.xr5.11                    3.33557
xxdut.xxtrim.xr5.21                    3.18846
xxdut.xxtrim.c7                        3.18763
t5                                         3.6
xxdut.xxtrim.xr6.11                    3.18683
xxdut.xxtrim.xr6.21                    2.90543
xxdut.xxtrim.c8                        2.90463
t6                                         3.6
xxdut.xxtrim.xr7.11                     2.9039
xxdut.xxtrim.xr7.21                    2.38709
xxdut.vc                               2.38636
t7                                         3.6
xxdut.xxcmph.tail                      1.17107
xxdut.xxcmph.dp                        3.38906
xxdut.xxcmph.dn                         2.1895
xxdut.cmph_out                      0.00112777
xxdut.xxcmpl.tail                      1.09947
xxdut.xxcmpl.dp                        3.60549
xxdut.xxcmpl.dn                        2.00304
xxdut.cmpl_out                       0.0370477
clk                               -0.000873025
xxdut.qbar                             3.59748
xxdut.mid1                             3.60217
xxdut.mid2                             3.58193
vt7#branch                        -4.44803e-06
vt6#branch                        -4.87454e-06
vt5#branch                        -6.34946e-06
vt4#branch                         1.97721e-07
vt3#branch                         6.58222e-08
vt2#branch                         5.79245e-08
vt1#branch                         4.77675e-08
vt0#branch                         3.52999e-08
vdd#branch                        -0.000138966

 Reference value :  0.00000e+00
 Reference value :  6.43242e-08
 Reference value :  1.25418e-07
 Reference value :  1.86447e-07
 Reference value :  2.48517e-07
 Reference value :  3.15056e-07
 Reference value :  3.83166e-07
 Reference value :  4.47565e-07
 Reference value :  5.10119e-07
 Reference value :  5.74953e-07
 Reference value :  6.39593e-07
 Reference value :  7.11408e-07
 Reference value :  7.76628e-07
 Reference value :  8.41592e-07
 Reference value :  9.09894e-07
 Reference value :  9.75045e-07
 Reference value :  1.04134e-06
 Reference value :  1.10770e-06
 Reference value :  1.17253e-06
No. of Data Rows : 6666
ta                  =  8.47277e-08
tb                  =  4.87535e-07
ta = 8.472773e-08
tb = 4.875345e-07
period = 2.014034e-08
fosc = 4.965160e+07
ngspice-46 done

Warning: m=xx on .subckt line will override multiplier m hierarchy!

Note: Starting dynamic gmin stepping
Warning: Dynamic gmin stepping failed
Note: Starting true gmin stepping
Warning: True gmin stepping failed
Note: Starting source stepping
Warning: singular matrix:  check node xxdut.vl

Warning: source stepping failed
Note: Transient op started
Note: Transient op finished successfully
