====================================================================
gf180-rcosc PVT corner run: tt_T-040C_V3p3_code0xE0
run id      : 20260906T060104Z
process     : tt (fets=typical res=res_typical mimcap=mimcap_typical)
temperature : -40 C
supply      : 3.3 V
trim code   : 0xE0 (224)
transient   : tran 200p 1200n, f = 20 periods / (t[rise=25] - t[rise=5])
wall clock  : 82.8 s
exit status : 0
====================================================================

Note: Compatibility modes selected: hs a


Circuit: ** sch_path: /users/rwalters/github/gf180-rcosc/.loom/worktrees/issue-22/design/pvt_tb.sch

Doing analysis at TEMP = -40.000000 and TNOM = 27.000000

Using SPARSE 1.3 as Direct Linear Solver

Initial Transient Solution
--------------------------

Node                                   Voltage
----                                   -------
vdd                                        3.3
xxdut.xxbias.xrba.11                   3.29849
xxdut.xxbias.xrba.21                   2.18333
xxdut.vh                               2.18183
xxdut.xxbias.xrbb.11                   2.18034
xxdut.xxbias.xrbb.21                   1.08175
xxdut.vl                               1.08026
xxdut.xxbias.xrbc.11                   1.07881
xxdut.xxbias.xrbc.21                0.00145555
xxdut.xxbias.xrbias.11                 3.29967
xxdut.xxbias.xrbias.21                0.878285
xxdut.ibias                           0.877958
xxdut.xxtrim.xrfix.11                  3.29413
xxdut.xxtrim.xrfix.21                  2.54722
xxdut.xxtrim.c1                        2.54136
xxdut.xxtrim.xr0.11                    2.53499
xxdut.xxtrim.xr0.21                    2.49977
xxdut.xxtrim.c2                         2.4934
t0                                           0
xxdut.xxtrim.xr1.11                    2.48634
xxdut.xxtrim.xr1.21                    2.40807
xxdut.xxtrim.c3                          2.401
t1                                           0
xxdut.xxtrim.xr2.11                    2.39312
xxdut.xxtrim.xr2.21                    2.21852
xxdut.xxtrim.c4                        2.21064
t2                                           0
xxdut.xxtrim.xr3.11                    2.20169
xxdut.xxtrim.xr3.21                    1.80538
xxdut.xxtrim.c5                        1.79644
t3                                           0
xxdut.xxtrim.xr4.11                    1.78581
xxdut.xxtrim.xr4.21                   0.844194
xxdut.xxtrim.c6                       0.833568
t4                                           0
xxdut.xxtrim.xr5.11                   0.832875
xxdut.xxtrim.xr5.21                   0.710125
xxdut.xxtrim.c7                       0.709432
t5                                         3.3
xxdut.xxtrim.xr6.11                   0.708936
xxdut.xxtrim.xr6.21                   0.532972
xxdut.xxtrim.c8                       0.532476
t6                                         3.3
xxdut.xxtrim.xr7.11                   0.532136
xxdut.xxtrim.xr7.21                   0.291109
xxdut.vc                              0.290769
t7                                         3.3
xxdut.xxcmph.tail                     0.961613
xxdut.xxcmph.dp                        1.45188
xxdut.xxcmph.dn                         1.9552
xxdut.cmph_out                         1.19747
xxdut.xxcmpl.tail                     0.274318
xxdut.xxcmpl.dp                        3.32195
xxdut.xxcmpl.dn                        1.96082
xxdut.cmpl_out                     -0.00290099
clk                                    1.86309
xxdut.qbar                            0.262627
xxdut.mid1                                3.25
xxdut.mid2                             2.81543
vt7#branch                        -3.50273e-05
vt6#branch                        -3.17885e-05
vt5#branch                        -2.92344e-05
vt4#branch                        -4.15589e-06
vt3#branch                        -2.61648e-06
vt2#branch                        -1.97642e-06
vt1#branch                        -1.68397e-06
vt0#branch                        -1.54115e-06
vdd#branch                        -0.000624787

 Reference value :  0.00000e+00
 Reference value :  6.50489e-08
 Reference value :  1.29339e-07
 Reference value :  1.95066e-07
 Reference value :  2.60477e-07
 Reference value :  3.25878e-07
 Reference value :  3.91105e-07
 Reference value :  4.66440e-07
 Reference value :  5.40284e-07
 Reference value :  6.07771e-07
 Reference value :  6.74145e-07
 Reference value :  7.44120e-07
 Reference value :  8.13913e-07
 Reference value :  8.87976e-07
 Reference value :  9.55734e-07
 Reference value :  1.02307e-06
 Reference value :  1.09458e-06
 Reference value :  1.16552e-06
No. of Data Rows : 6462
ta                  =  1.08284e-07
tb                  =  5.42794e-07
ta = 1.082837e-07
tb = 5.427940e-07
period = 2.172551e-08
fosc = 4.602883e+07
ngspice-46 done

Warning: m=xx on .subckt line will override multiplier m hierarchy!

Note: Starting dynamic gmin stepping
Warning: Dynamic gmin stepping failed
Note: Starting true gmin stepping
Warning: True gmin stepping failed
Note: Starting source stepping
Warning: singular matrix:  check node xxdut.vl

Warning: source stepping failed
Note: Transient op started
Note: Transient op finished successfully
