====================================================================
gf180-rcosc PVT corner run: tt_T+027C_V3p6_code0xE0
run id      : 20260906T060104Z
process     : tt (fets=typical res=res_typical mimcap=mimcap_typical)
temperature : 27 C
supply      : 3.6 V
trim code   : 0xE0 (224)
transient   : tran 200p 1200n, f = 20 periods / (t[rise=25] - t[rise=5])
wall clock  : 13.2 s
exit status : 0
====================================================================

Note: Compatibility modes selected: hs a


Circuit: ** sch_path: /users/rwalters/github/gf180-rcosc/.loom/worktrees/issue-22/design/pvt_tb.sch

Doing analysis at TEMP = 27.000000 and TNOM = 27.000000

Using SPARSE 1.3 as Direct Linear Solver

Initial Transient Solution
--------------------------

Node                                   Voltage
----                                   -------
vdd                                        3.6
xxdut.xxbias.xrba.11                   3.59899
xxdut.xxbias.xrba.21                   2.40101
xxdut.vh                                   2.4
xxdut.xxbias.xrbb.11                   2.39899
xxdut.xxbias.xrbb.21                   1.20101
xxdut.vl                                   1.2
xxdut.xxbias.xrbc.11                   1.19899
xxdut.xxbias.xrbc.21                0.00100952
xxdut.xxbias.xrbias.11                 3.59977
xxdut.xxbias.xrbias.21                0.860758
xxdut.ibias                           0.860527
xxdut.xxtrim.xrfix.11                  3.59951
xxdut.xxtrim.xrfix.21                  3.49933
xxdut.xxtrim.c1                        3.49884
xxdut.xxtrim.xr0.11                    3.49835
xxdut.xxtrim.xr0.21                    3.49399
xxdut.xxtrim.c2                         3.4935
t0                                           0
xxdut.xxtrim.xr1.11                    3.49301
xxdut.xxtrim.xr1.21                     3.4843
xxdut.xxtrim.c3                        3.48381
t1                                           0
xxdut.xxtrim.xr2.11                    3.48331
xxdut.xxtrim.xr2.21                    3.46588
xxdut.xxtrim.c4                        3.46539
t2                                           0
xxdut.xxtrim.xr3.11                     3.4649
xxdut.xxtrim.xr3.21                    3.43003
xxdut.xxtrim.c5                        3.42954
t3                                           0
xxdut.xxtrim.xr4.11                    3.42905
xxdut.xxtrim.xr4.21                    3.35932
xxdut.xxtrim.c6                        3.35883
t4                                           0
xxdut.xxtrim.xr5.11                    3.35834
xxdut.xxtrim.xr5.21                    3.21887
xxdut.xxtrim.c7                        3.21838
t5                                         3.6
xxdut.xxtrim.xr6.11                    3.21789
xxdut.xxtrim.xr6.21                    2.93895
xxdut.xxtrim.c8                        2.93846
t6                                         3.6
xxdut.xxtrim.xr7.11                    2.93799
xxdut.xxtrim.xr7.21                    2.40718
xxdut.vc                               2.40671
t7                                         3.6
xxdut.xxcmph.tail                      1.20128
xxdut.xxcmph.dp                         1.6145
xxdut.xxcmph.dn                        2.21907
xxdut.cmph_out                         1.55418
xxdut.xxcmpl.tail                      1.13109
xxdut.xxcmpl.dp                            3.6
xxdut.xxcmpl.dn                        1.94557
xxdut.cmpl_out                      4.8553e-09
clk                                   0.689968
xxdut.qbar                             1.48284
xxdut.mid1                             2.89031
xxdut.mid2                             3.36461
vt7#branch                                   0
vt6#branch                                   0
vt5#branch                                   0
vt4#branch                                   0
vt3#branch                                   0
vt2#branch                                   0
vt1#branch                                   0
vt0#branch                                   0
vdd#branch                        -0.000581402

 Reference value :  0.00000e+00
 Reference value :  6.53516e-08
 Reference value :  1.30156e-07
 Reference value :  1.96361e-07
 Reference value :  2.62668e-07
 Reference value :  3.31965e-07
 Reference value :  4.00762e-07
 Reference value :  4.67052e-07
 Reference value :  5.40361e-07
 Reference value :  6.08451e-07
 Reference value :  6.79500e-07
 Reference value :  7.52596e-07
 Reference value :  8.25921e-07
 Reference value :  8.99777e-07
 Reference value :  9.72382e-07
 Reference value :  1.04038e-06
 Reference value :  1.11565e-06
 Reference value :  1.18950e-06
No. of Data Rows : 6362
ta                  =  8.06502e-08
tb                  =  4.63110e-07
ta = 8.065019e-08
tb = 4.631096e-07
period = 1.912297e-08
fosc = 5.229313e+07
ngspice-46 done

Warning: m=xx on .subckt line will override multiplier m hierarchy!

Note: Starting dynamic gmin stepping
Note: Dynamic gmin stepping completed
