====================================================================
gf180-rcosc PVT corner run: ff_T-040C_V3p0_code0x4C
run id      : 20260921T173529Z
process     : ff (fets=ff res=res_ff mimcap=mimcap_ff)
temperature : -40 C
supply      : 3 V
trim code   : 0x4C (76)
transient   : tran 200p 1200n, f = 20 periods / (t[rise=25] - t[rise=5])
wall clock  : 13.9 s
exit status : 0
====================================================================

Note: Compatibility modes selected: hs a


Circuit: ** sch_path: /users/rwalters/github/gf180-rcosc/.loom/worktrees/issue-43/design/pvt_tb.sch

Doing analysis at TEMP = -40.000000 and TNOM = 27.000000

Using SPARSE 1.3 as Direct Linear Solver

Initial Transient Solution
--------------------------

Node                                   Voltage
----                                   -------
vdd                                          3
xxdut.xxbias.xrba.11                   2.99832
xxdut.xxbias.xrba.21                   2.00168
xxdut.vh                                     2
xxdut.xxbias.xrbb.11                   1.99832
xxdut.xxbias.xrbb.21                   1.00168
xxdut.vl                                     1
xxdut.xxbias.xrbc.11                  0.998317
xxdut.xxbias.xrbc.21                0.00168312
xxdut.ibias                           0.871069
xxdut.xxbias.pb                        1.92023
xxdut.xxbias.n2s                      0.137404
xxdut.xxbias.xrz.11                   0.136687
xxdut.xxbias.xrz.21                0.000717581
xxdut.xxtrim.xrfix.11                  2.99893
xxdut.xxtrim.xrfix.21                  2.88965
xxdut.xxtrim.c1                        2.88857
xxdut.xxtrim.xr0.11                     2.8875
xxdut.xxtrim.xr0.21                    2.88275
xxdut.xxtrim.c2                        2.88167
t0                                           0
xxdut.xxtrim.tb0                             3
xxdut.xxtrim.xr1.11                     2.8806
xxdut.xxtrim.xr1.21                    2.87109
xxdut.xxtrim.c3                        2.87002
t1                                           0
xxdut.xxtrim.tb1                             3
xxdut.xxtrim.xr2.11                    2.86983
xxdut.xxtrim.xr2.21                    2.86649
xxdut.xxtrim.c4                         2.8663
t2                                           3
xxdut.xxtrim.tb2                   2.85549e-09
xxdut.xxtrim.xr3.11                    2.86615
xxdut.xxtrim.xr3.21                    2.86066
xxdut.xxtrim.c5                         2.8605
t3                                           3
xxdut.xxtrim.tb3                   2.85549e-09
xxdut.xxtrim.xr4.11                    2.85943
xxdut.xxtrim.xr4.21                    2.78336
xxdut.xxtrim.c6                        2.78228
t4                                           0
xxdut.xxtrim.tb4                             3
xxdut.xxtrim.xr5.11                    2.78121
xxdut.xxtrim.xr5.21                    2.62907
xxdut.xxtrim.c7                        2.62799
t5                                           0
xxdut.xxtrim.tb5                             3
xxdut.xxtrim.xr6.11                    2.62794
xxdut.xxtrim.xr6.21                    2.61364
xxdut.xxtrim.c8                        2.61359
t6                                           3
xxdut.xxtrim.tb6                   2.85549e-09
xxdut.xxtrim.xr7.11                    2.61252
xxdut.xxtrim.xr7.21                    2.00394
xxdut.vc                               2.00286
t7                                           0
xxdut.xxtrim.tb7                             3
xxdut.xxcmph.tail                     0.883013
xxdut.xxcmph.dp                        1.33544
xxdut.xxcmph.dn                        1.52593
xxdut.cmph_out                         1.28351
xxdut.xxcmpl.tail                     0.792409
xxdut.xxcmpl.dp                              3
xxdut.xxcmpl.dn                        1.18251
xxdut.cmpl_out                     2.85549e-09
clk                                   0.659812
xxdut.qbar                             1.23644
xxdut.mid1                             2.46898
xxdut.mid2                             2.82261
vt7#branch                                   0
vt6#branch                                   0
vt5#branch                                   0
vt4#branch                                   0
vt3#branch                                   0
vt2#branch                                   0
vt1#branch                                   0
vt0#branch                                   0
vdd#branch                        -0.000642103

 Reference value :  0.00000e+00
 Reference value :  5.43594e-08
 Reference value :  1.14569e-07
 Reference value :  1.75945e-07
 Reference value :  2.35134e-07
 Reference value :  2.97737e-07
 Reference value :  3.59984e-07
 Reference value :  4.14038e-07
 Reference value :  4.77662e-07
 Reference value :  5.30570e-07
 Reference value :  5.90178e-07
 Reference value :  6.47948e-07
 Reference value :  7.05793e-07
 Reference value :  7.67697e-07
 Reference value :  8.22467e-07
 Reference value :  8.80013e-07
 Reference value :  9.46817e-07
 Reference value :  1.01201e-06
 Reference value :  1.07112e-06
 Reference value :  1.13405e-06
 Reference value :  1.19376e-06
No. of Data Rows : 6291
ta                  =  9.84714e-08
tb                  =  5.45202e-07
ta = 9.847140e-08
tb = 5.452017e-07
period = 2.233651e-08
fosc = 4.476974e+07
ngspice-46 done

Warning: m=xx on .subckt line will override multiplier m hierarchy!

Note: Starting dynamic gmin stepping
Note: Dynamic gmin stepping completed
