====================================================================
gf180-rcosc PVT corner run: ff_T+027C_V3p3_code0x23
run id      : 20260921T173529Z
process     : ff (fets=ff res=res_ff mimcap=mimcap_ff)
temperature : 27 C
supply      : 3.3 V
trim code   : 0x23 (35)
transient   : tran 200p 1200n, f = 20 periods / (t[rise=25] - t[rise=5])
wall clock  : 8.7 s
exit status : 0
====================================================================

Note: Compatibility modes selected: hs a


Circuit: ** sch_path: /users/rwalters/github/gf180-rcosc/.loom/worktrees/issue-43/design/pvt_tb.sch

Doing analysis at TEMP = 27.000000 and TNOM = 27.000000

Using SPARSE 1.3 as Direct Linear Solver

Initial Transient Solution
--------------------------

Node                                   Voltage
----                                   -------
vdd                                        3.3
xxdut.xxbias.xrba.11                   3.29884
xxdut.xxbias.xrba.21                   2.20116
xxdut.vh                                   2.2
xxdut.xxbias.xrbb.11                   2.19884
xxdut.xxbias.xrbb.21                   1.10116
xxdut.vl                                   1.1
xxdut.xxbias.xrbc.11                   1.09884
xxdut.xxbias.xrbc.21                0.00115626
xxdut.ibias                           0.908841
xxdut.xxbias.pb                        2.14212
xxdut.xxbias.n2s                      0.194314
xxdut.xxbias.xrz.11                   0.193679
xxdut.xxbias.xrz.21                 0.00063545
xxdut.xxtrim.xrfix.11                  3.29938
xxdut.xxtrim.xrfix.21                  3.19783
xxdut.xxtrim.c1                        3.19721
xxdut.xxtrim.xr0.11                    3.19702
xxdut.xxtrim.xr0.21                    3.19567
xxdut.xxtrim.c2                        3.19548
t0                                         3.3
xxdut.xxtrim.tb0                   4.10054e-09
xxdut.xxtrim.xr1.11                    3.19532
xxdut.xxtrim.xr1.21                    3.19293
xxdut.xxtrim.c3                        3.19277
t1                                         3.3
xxdut.xxtrim.tb1                   4.10054e-09
xxdut.xxtrim.xr2.11                    3.19214
xxdut.xxtrim.xr2.21                    3.17447
xxdut.xxtrim.c4                        3.17385
t2                                           0
xxdut.xxtrim.tb2                           3.3
xxdut.xxtrim.xr3.11                    3.17323
xxdut.xxtrim.xr3.21                    3.13788
xxdut.xxtrim.c5                        3.13726
t3                                           0
xxdut.xxtrim.tb3                           3.3
xxdut.xxtrim.xr4.11                    3.13664
xxdut.xxtrim.xr4.21                    3.06595
xxdut.xxtrim.c6                        3.06533
t4                                           0
xxdut.xxtrim.tb4                           3.3
xxdut.xxtrim.xr5.11                    3.06528
xxdut.xxtrim.xr5.21                    3.05388
xxdut.xxtrim.c7                        3.05383
t5                                         3.3
xxdut.xxtrim.tb5                   4.10054e-09
xxdut.xxtrim.xr6.11                    3.05321
xxdut.xxtrim.xr6.21                    2.77045
xxdut.xxtrim.c8                        2.76983
t6                                           0
xxdut.xxtrim.tb6                           3.3
xxdut.xxtrim.xr7.11                    2.76921
xxdut.xxtrim.xr7.21                    2.20368
xxdut.vc                               2.20306
t7                                           0
xxdut.xxtrim.tb7                           3.3
xxdut.xxcmph.tail                      1.00935
xxdut.xxcmph.dp                        1.47194
xxdut.xxcmph.dn                        1.57306
xxdut.cmph_out                         1.41194
xxdut.xxcmpl.tail                     0.793668
xxdut.xxcmpl.dp                            3.3
xxdut.xxcmpl.dn                        1.07497
xxdut.cmpl_out                     4.10054e-09
clk                                   0.591956
xxdut.qbar                              1.3509
xxdut.mid1                             2.61591
xxdut.mid2                             3.06699
vt7#branch                                   0
vt6#branch                                   0
vt5#branch                                   0
vt4#branch                                   0
vt3#branch                                   0
vt2#branch                                   0
vt1#branch                                   0
vt0#branch                                   0
vdd#branch                        -0.000820242

 Reference value :  0.00000e+00
 Reference value :  5.14221e-08
 Reference value :  9.72780e-08
 Reference value :  1.43591e-07
 Reference value :  1.97952e-07
 Reference value :  2.50418e-07
 Reference value :  3.09272e-07
 Reference value :  3.66911e-07
 Reference value :  4.15425e-07
 Reference value :  4.64908e-07
 Reference value :  5.17210e-07
 Reference value :  5.63900e-07
 Reference value :  6.19565e-07
 Reference value :  6.80615e-07
 Reference value :  7.30183e-07
 Reference value :  7.79937e-07
 Reference value :  8.51032e-07
 Reference value :  8.99345e-07
 Reference value :  9.48848e-07
 Reference value :  9.95526e-07
 Reference value :  1.04428e-06
 Reference value :  1.10113e-06
 Reference value :  1.14929e-06
 Reference value :  1.19909e-06
No. of Data Rows : 6440
ta                  =  1.01082e-07
tb                  =  5.83828e-07
ta = 1.010820e-07
tb = 5.838284e-07
period = 2.413732e-08
fosc = 4.142962e+07
ngspice-46 done

Warning: m=xx on .subckt line will override multiplier m hierarchy!

Note: Starting dynamic gmin stepping
Note: Dynamic gmin stepping completed
