====================================================================
gf180-rcosc PVT corner run: ff_T+027C_V3p3_code0x00
run id      : 20260921T173529Z
process     : ff (fets=ff res=res_ff mimcap=mimcap_ff)
temperature : 27 C
supply      : 3.3 V
trim code   : 0x00 (0)
transient   : tran 200p 1200n, f = 20 periods / (t[rise=25] - t[rise=5])
wall clock  : 8.1 s
exit status : 0
====================================================================

Note: Compatibility modes selected: hs a


Circuit: ** sch_path: /users/rwalters/github/gf180-rcosc/.loom/worktrees/issue-43/design/pvt_tb.sch

Doing analysis at TEMP = 27.000000 and TNOM = 27.000000

Using SPARSE 1.3 as Direct Linear Solver

Initial Transient Solution
--------------------------

Node                                   Voltage
----                                   -------
vdd                                        3.3
xxdut.xxbias.xrba.11                   3.29884
xxdut.xxbias.xrba.21                   2.20116
xxdut.vh                                   2.2
xxdut.xxbias.xrbb.11                   2.19884
xxdut.xxbias.xrbb.21                   1.10116
xxdut.vl                                   1.1
xxdut.xxbias.xrbc.11                   1.09884
xxdut.xxbias.xrbc.21                0.00115626
xxdut.ibias                           0.908841
xxdut.xxbias.pb                        2.14212
xxdut.xxbias.n2s                      0.194314
xxdut.xxbias.xrz.11                   0.193679
xxdut.xxbias.xrz.21                 0.00063545
xxdut.xxtrim.xrfix.11                  3.29945
xxdut.xxtrim.xrfix.21                  3.20957
xxdut.xxtrim.c1                        3.20902
xxdut.xxtrim.xr0.11                    3.20847
xxdut.xxtrim.xr0.21                    3.20456
xxdut.xxtrim.c2                        3.20401
t0                                           0
xxdut.xxtrim.tb0                           3.3
xxdut.xxtrim.xr1.11                    3.20346
xxdut.xxtrim.xr1.21                    3.19564
xxdut.xxtrim.c3                        3.19509
t1                                           0
xxdut.xxtrim.tb1                           3.3
xxdut.xxtrim.xr2.11                    3.19454
xxdut.xxtrim.xr2.21                     3.1789
xxdut.xxtrim.c4                        3.17835
t2                                           0
xxdut.xxtrim.tb2                           3.3
xxdut.xxtrim.xr3.11                     3.1778
xxdut.xxtrim.xr3.21                    3.14651
xxdut.xxtrim.c5                        3.14596
t3                                           0
xxdut.xxtrim.tb3                           3.3
xxdut.xxtrim.xr4.11                    3.14541
xxdut.xxtrim.xr4.21                    3.08285
xxdut.xxtrim.c6                        3.08229
t4                                           0
xxdut.xxtrim.tb4                           3.3
xxdut.xxtrim.xr5.11                    3.08174
xxdut.xxtrim.xr5.21                    2.95661
xxdut.xxtrim.c7                        2.95606
t5                                           0
xxdut.xxtrim.tb5                           3.3
xxdut.xxtrim.xr6.11                    2.95551
xxdut.xxtrim.xr6.21                    2.70525
xxdut.xxtrim.c8                        2.70469
t6                                           0
xxdut.xxtrim.tb6                           3.3
xxdut.xxtrim.xr7.11                    2.70414
xxdut.xxtrim.xr7.21                    2.20361
xxdut.vc                               2.20306
t7                                           0
xxdut.xxtrim.tb7                           3.3
xxdut.xxcmph.tail                      1.00935
xxdut.xxcmph.dp                        1.47191
xxdut.xxcmph.dn                        1.57306
xxdut.cmph_out                         1.41333
xxdut.xxcmpl.tail                     0.793669
xxdut.xxcmpl.dp                            3.3
xxdut.xxcmpl.dn                        1.07497
xxdut.cmpl_out                     4.10054e-09
clk                                   0.585123
xxdut.qbar                             1.35192
xxdut.mid1                             2.61173
xxdut.mid2                             3.06724
vt7#branch                                   0
vt6#branch                                   0
vt5#branch                                   0
vt4#branch                                   0
vt3#branch                                   0
vt2#branch                                   0
vt1#branch                                   0
vt0#branch                                   0
vdd#branch                        -0.000818695

 Reference value :  0.00000e+00
 Reference value :  4.98322e-08
 Reference value :  9.76176e-08
 Reference value :  1.43956e-07
 Reference value :  1.95539e-07
 Reference value :  2.52007e-07
 Reference value :  3.10767e-07
 Reference value :  3.95691e-07
 Reference value :  4.54078e-07
 Reference value :  5.08056e-07
 Reference value :  5.65592e-07
 Reference value :  6.26210e-07
 Reference value :  6.90467e-07
 Reference value :  7.60792e-07
 Reference value :  8.25421e-07
 Reference value :  8.93372e-07
 Reference value :  9.47887e-07
 Reference value :  1.00289e-06
 Reference value :  1.06790e-06
 Reference value :  1.13446e-06
 Reference value :  1.19021e-06
No. of Data Rows : 6279
ta                  =  1.12841e-07
tb                  =  6.51592e-07
ta = 1.128408e-07
tb = 6.515918e-07
period = 2.693755e-08
fosc = 3.712290e+07
ngspice-46 done

Warning: m=xx on .subckt line will override multiplier m hierarchy!

Note: Starting dynamic gmin stepping
Note: Dynamic gmin stepping completed
