====================================================================
gf180-rcosc PVT corner run: ff_T-040C_V3p6_code0x80
run id      : 20260921T173529Z
process     : ff (fets=ff res=res_ff mimcap=mimcap_ff)
temperature : -40 C
supply      : 3.6 V
trim code   : 0x80 (128)
transient   : tran 200p 1200n, f = 20 periods / (t[rise=25] - t[rise=5])
wall clock  : 16.8 s
exit status : 0
====================================================================

Note: Compatibility modes selected: hs a


Circuit: ** sch_path: /users/rwalters/github/gf180-rcosc/.loom/worktrees/issue-43/design/pvt_tb.sch

Doing analysis at TEMP = -40.000000 and TNOM = 27.000000

Using SPARSE 1.3 as Direct Linear Solver

Initial Transient Solution
--------------------------

Node                                   Voltage
----                                   -------
vdd                                        3.6
xxdut.xxbias.xrba.11                   3.59798
xxdut.xxbias.xrba.21                   2.40202
xxdut.vh                                   2.4
xxdut.xxbias.xrbb.11                   2.39798
xxdut.xxbias.xrbb.21                   1.20202
xxdut.vl                                   1.2
xxdut.xxbias.xrbc.11                   1.19798
xxdut.xxbias.xrbc.21                0.00201975
xxdut.ibias                           0.907076
xxdut.xxbias.pb                         2.4671
xxdut.xxbias.n2s                      0.159224
xxdut.xxbias.xrz.11                   0.158392
xxdut.xxbias.xrz.21                0.000831531
xxdut.xxtrim.xrfix.11                  3.59827
xxdut.xxtrim.xrfix.21                  3.42253
xxdut.xxtrim.c1                         3.4208
xxdut.xxtrim.xr0.11                    3.41908
xxdut.xxtrim.xr0.21                    3.41143
xxdut.xxtrim.c2                        3.40971
t0                                           0
xxdut.xxtrim.tb0                           3.6
xxdut.xxtrim.xr1.11                    3.40798
xxdut.xxtrim.xr1.21                    3.39269
xxdut.xxtrim.c3                        3.39096
t1                                           0
xxdut.xxtrim.tb1                           3.6
xxdut.xxtrim.xr2.11                    3.38924
xxdut.xxtrim.xr2.21                    3.35865
xxdut.xxtrim.c4                        3.35693
t2                                           0
xxdut.xxtrim.tb2                           3.6
xxdut.xxtrim.xr3.11                     3.3552
xxdut.xxtrim.xr3.21                    3.29403
xxdut.xxtrim.c5                        3.29231
t3                                           0
xxdut.xxtrim.tb3                           3.6
xxdut.xxtrim.xr4.11                    3.29058
xxdut.xxtrim.xr4.21                    3.16824
xxdut.xxtrim.c6                        3.16652
t4                                           0
xxdut.xxtrim.tb4                           3.6
xxdut.xxtrim.xr5.11                    3.16479
xxdut.xxtrim.xr5.21                    2.92011
xxdut.xxtrim.c7                        2.91839
t5                                           0
xxdut.xxtrim.tb5                           3.6
xxdut.xxtrim.xr6.11                    2.91666
xxdut.xxtrim.xr6.21                     2.4273
xxdut.xxtrim.c8                        2.42558
t6                                           0
xxdut.xxtrim.tb6                           3.6
xxdut.xxtrim.xr7.11                    2.42554
xxdut.xxtrim.xr7.21                    2.40647
xxdut.vc                               2.40644
t7                                         3.6
xxdut.xxtrim.tb7                   4.02941e-09
xxdut.xxcmph.tail                       1.1835
xxdut.xxcmph.dp                        1.60623
xxdut.xxcmph.dn                        2.00641
xxdut.cmph_out                         1.53688
xxdut.xxcmpl.tail                      1.07939
xxdut.xxcmpl.dp                            3.6
xxdut.xxcmpl.dn                         1.6017
xxdut.cmpl_out                     4.02941e-09
clk                                   0.682113
xxdut.qbar                             1.45998
xxdut.mid1                             2.87558
xxdut.mid2                             3.33761
vt7#branch                                   0
vt6#branch                                   0
vt5#branch                                   0
vt4#branch                                   0
vt3#branch                                   0
vt2#branch                                   0
vt1#branch                                   0
vt0#branch                                   0
vdd#branch                         -0.00098806

 Reference value :  0.00000e+00
 Reference value :  4.10797e-08
 Reference value :  8.00243e-08
 Reference value :  1.27245e-07
 Reference value :  1.71480e-07
 Reference value :  2.14119e-07
 Reference value :  2.60306e-07
 Reference value :  3.03295e-07
 Reference value :  3.69331e-07
 Reference value :  4.50988e-07
 Reference value :  4.99873e-07
 Reference value :  5.52124e-07
 Reference value :  6.04215e-07
 Reference value :  6.55704e-07
 Reference value :  7.08346e-07
 Reference value :  7.63441e-07
 Reference value :  8.10557e-07
 Reference value :  8.68650e-07
 Reference value :  9.34137e-07
 Reference value :  9.90405e-07
 Reference value :  1.04006e-06
 Reference value :  1.10000e-06
 Reference value :  1.15532e-06
No. of Data Rows : 6599
ta                  =  7.82723e-08
tb                  =  4.50958e-07
ta = 7.827234e-08
tb = 4.509582e-07
period = 1.863429e-08
fosc = 5.366450e+07
ngspice-46 done

Warning: m=xx on .subckt line will override multiplier m hierarchy!

Note: Starting dynamic gmin stepping
Note: Dynamic gmin stepping completed
