====================================================================
gf180-rcosc PVT corner run: ff_T+085C_V3p3_code0x21
run id      : 20260921T173529Z
process     : ff (fets=ff res=res_ff mimcap=mimcap_ff)
temperature : 85 C
supply      : 3.3 V
trim code   : 0x21 (33)
transient   : tran 200p 1200n, f = 20 periods / (t[rise=25] - t[rise=5])
wall clock  : 13.9 s
exit status : 0
====================================================================

Note: Compatibility modes selected: hs a


Circuit: ** sch_path: /users/rwalters/github/gf180-rcosc/.loom/worktrees/issue-43/design/pvt_tb.sch

Doing analysis at TEMP = 85.000000 and TNOM = 27.000000

Using SPARSE 1.3 as Direct Linear Solver

Initial Transient Solution
--------------------------

Node                                   Voltage
----                                   -------
vdd                                        3.3
xxdut.xxbias.xrba.11                   3.29917
xxdut.xxbias.xrba.21                   2.20083
xxdut.vh                                   2.2
xxdut.xxbias.xrbb.11                   2.19917
xxdut.xxbias.xrbb.21                   1.10083
xxdut.vl                                   1.1
xxdut.xxbias.xrbc.11                   1.09917
xxdut.xxbias.xrbc.21               0.000834647
xxdut.ibias                           0.945178
xxdut.xxbias.pb                        2.07822
xxdut.xxbias.n2s                      0.243483
xxdut.xxbias.xrz.11                   0.242907
xxdut.xxbias.xrz.21                0.000575481
xxdut.xxtrim.xrfix.11                  3.29955
xxdut.xxtrim.xrfix.21                  3.19717
xxdut.xxtrim.c1                        3.19672
xxdut.xxtrim.xr0.11                    3.19656
xxdut.xxtrim.xr0.21                    3.19498
xxdut.xxtrim.c2                        3.19482
t0                                         3.3
xxdut.xxtrim.tb0                   7.48846e-09
xxdut.xxtrim.xr1.11                    3.19437
xxdut.xxtrim.xr1.21                    3.18546
xxdut.xxtrim.c3                        3.18501
t1                                           0
xxdut.xxtrim.tb1                           3.3
xxdut.xxtrim.xr2.11                    3.18456
xxdut.xxtrim.xr2.21                    3.16674
xxdut.xxtrim.c4                        3.16629
t2                                           0
xxdut.xxtrim.tb2                           3.3
xxdut.xxtrim.xr3.11                    3.16584
xxdut.xxtrim.xr3.21                     3.1302
xxdut.xxtrim.c5                        3.12975
t3                                           0
xxdut.xxtrim.tb3                           3.3
xxdut.xxtrim.xr4.11                     3.1293
xxdut.xxtrim.xr4.21                    3.05803
xxdut.xxtrim.c6                        3.05758
t4                                           0
xxdut.xxtrim.tb4                           3.3
xxdut.xxtrim.xr5.11                    3.05754
xxdut.xxtrim.xr5.21                    3.04417
xxdut.xxtrim.c7                        3.04412
t5                                         3.3
xxdut.xxtrim.tb5                   7.48846e-09
xxdut.xxtrim.xr6.11                    3.04367
xxdut.xxtrim.xr6.21                     2.7586
xxdut.xxtrim.c8                        2.75815
t6                                           0
xxdut.xxtrim.tb6                           3.3
xxdut.xxtrim.xr7.11                     2.7577
xxdut.xxtrim.xr7.21                    2.18757
xxdut.vc                               2.18712
t7                                           0
xxdut.xxtrim.tb7                           3.3
xxdut.xxcmph.tail                      0.96133
xxdut.xxcmph.dp                        1.47731
xxdut.xxcmph.dn                        1.36286
xxdut.cmph_out                         1.41469
xxdut.xxcmpl.tail                     0.506745
xxdut.xxcmpl.dp                        3.29732
xxdut.xxcmpl.dn                       0.755103
xxdut.cmpl_out                     7.65762e-09
clk                                   0.539595
xxdut.qbar                             1.37035
xxdut.mid1                              2.5762
xxdut.mid2                             3.05964
vt7#branch                                   0
vt6#branch                                   0
vt5#branch                                   0
vt4#branch                                   0
vt3#branch                                   0
vt2#branch                                   0
vt1#branch                                   0
vt0#branch                                   0
vdd#branch                        -0.000864948

 Reference value :  0.00000e+00
 Reference value :  6.06856e-08
 Reference value :  1.26590e-07
 Reference value :  1.94226e-07
 Reference value :  2.63817e-07
 Reference value :  3.24008e-07
 Reference value :  3.80981e-07
 Reference value :  4.40317e-07
 Reference value :  4.94938e-07
 Reference value :  5.43461e-07
 Reference value :  5.94105e-07
 Reference value :  6.46617e-07
 Reference value :  7.05585e-07
 Reference value :  7.63611e-07
 Reference value :  8.22622e-07
 Reference value :  8.85320e-07
 Reference value :  9.47283e-07
 Reference value :  1.01808e-06
 Reference value :  1.08419e-06
 Reference value :  1.15085e-06
No. of Data Rows : 6220
ta                  =  9.91043e-08
tb                  =  5.65797e-07
ta = 9.910430e-08
tb = 5.657969e-07
period = 2.333463e-08
fosc = 4.285476e+07
ngspice-46 done

Warning: m=xx on .subckt line will override multiplier m hierarchy!

Note: Starting dynamic gmin stepping
Note: Dynamic gmin stepping completed
