====================================================================
gf180-rcosc PVT corner run: ff_T+027C_V3p3_code0x5F
run id      : 20260921T173529Z
process     : ff (fets=ff res=res_ff mimcap=mimcap_ff)
temperature : 27 C
supply      : 3.3 V
trim code   : 0x5F (95)
transient   : tran 200p 1200n, f = 20 periods / (t[rise=25] - t[rise=5])
wall clock  : 9.8 s
exit status : 0
====================================================================

Note: Compatibility modes selected: hs a


Circuit: ** sch_path: /users/rwalters/github/gf180-rcosc/.loom/worktrees/issue-43/design/pvt_tb.sch

Doing analysis at TEMP = 27.000000 and TNOM = 27.000000

Using SPARSE 1.3 as Direct Linear Solver

Initial Transient Solution
--------------------------

Node                                   Voltage
----                                   -------
vdd                                        3.3
xxdut.xxbias.xrba.11                   3.29884
xxdut.xxbias.xrba.21                   2.20116
xxdut.vh                                   2.2
xxdut.xxbias.xrbb.11                   2.19884
xxdut.xxbias.xrbb.21                   1.10116
xxdut.vl                                   1.1
xxdut.xxbias.xrbc.11                   1.09884
xxdut.xxbias.xrbc.21                0.00115626
xxdut.ibias                           0.908841
xxdut.xxbias.pb                        2.14212
xxdut.xxbias.n2s                      0.194314
xxdut.xxbias.xrz.11                   0.193679
xxdut.xxbias.xrz.21                 0.00063545
xxdut.xxtrim.xrfix.11                   3.2992
xxdut.xxtrim.xrfix.21                  3.16833
xxdut.xxtrim.c1                        3.16753
xxdut.xxtrim.xr0.11                    3.16728
xxdut.xxtrim.xr0.21                    3.16554
xxdut.xxtrim.c2                        3.16529
t0                                         3.3
xxdut.xxtrim.tb0                   4.10054e-09
xxdut.xxtrim.xr1.11                    3.16507
xxdut.xxtrim.xr1.21                    3.16198
xxdut.xxtrim.c3                        3.16177
t1                                         3.3
xxdut.xxtrim.tb1                   4.10054e-09
xxdut.xxtrim.xr2.11                     3.1616
xxdut.xxtrim.xr2.21                    3.15683
xxdut.xxtrim.c4                        3.15666
t2                                         3.3
xxdut.xxtrim.tb2                   4.10054e-09
xxdut.xxtrim.xr3.11                    3.15652
xxdut.xxtrim.xr3.21                    3.14873
xxdut.xxtrim.c5                         3.1486
t3                                         3.3
xxdut.xxtrim.tb3                   4.10054e-09
xxdut.xxtrim.xr4.11                     3.1485
xxdut.xxtrim.xr4.21                    3.13727
xxdut.xxtrim.c6                        3.13717
t4                                         3.3
xxdut.xxtrim.tb4                   4.10054e-09
xxdut.xxtrim.xr5.11                    3.13637
xxdut.xxtrim.xr5.21                    2.95417
xxdut.xxtrim.c7                        2.95337
t5                                           0
xxdut.xxtrim.tb5                           3.3
xxdut.xxtrim.xr6.11                    2.95332
xxdut.xxtrim.xr6.21                     2.9335
xxdut.xxtrim.c8                        2.93346
t6                                         3.3
xxdut.xxtrim.tb6                   4.10054e-09
xxdut.xxtrim.xr7.11                    2.93266
xxdut.xxtrim.xr7.21                    2.20386
xxdut.vc                               2.20306
t7                                           0
xxdut.xxtrim.tb7                           3.3
xxdut.xxcmph.tail                      1.00935
xxdut.xxcmph.dp                        1.47201
xxdut.xxcmph.dn                        1.57306
xxdut.cmph_out                         1.40875
xxdut.xxcmpl.tail                     0.793667
xxdut.xxcmpl.dp                            3.3
xxdut.xxcmpl.dn                        1.07497
xxdut.cmpl_out                     4.10054e-09
clk                                   0.606701
xxdut.qbar                             1.34887
xxdut.mid1                             2.62497
xxdut.mid2                             3.06648
vt7#branch                                   0
vt6#branch                                   0
vt5#branch                                   0
vt4#branch                                   0
vt3#branch                                   0
vt2#branch                                   0
vt1#branch                                   0
vt0#branch                                   0
vdd#branch                        -0.000824145

 Reference value :  0.00000e+00
 Reference value :  4.26519e-08
 Reference value :  8.55331e-08
 Reference value :  1.34718e-07
 Reference value :  1.77979e-07
 Reference value :  2.35324e-07
 Reference value :  2.76058e-07
 Reference value :  3.22852e-07
 Reference value :  3.81974e-07
 Reference value :  4.38255e-07
 Reference value :  4.83230e-07
 Reference value :  5.28946e-07
 Reference value :  5.73409e-07
 Reference value :  6.23025e-07
 Reference value :  6.64785e-07
 Reference value :  7.18017e-07
 Reference value :  7.66866e-07
 Reference value :  8.20420e-07
 Reference value :  8.74106e-07
 Reference value :  9.18241e-07
 Reference value :  9.62875e-07
 Reference value :  1.01284e-06
 Reference value :  1.06906e-06
 Reference value :  1.12815e-06
 Reference value :  1.18524e-06
No. of Data Rows : 6440
ta                  =  8.12484e-08
tb                  =  4.68246e-07
ta = 8.124838e-08
tb = 4.682460e-07
period = 1.934988e-08
fosc = 5.167990e+07
ngspice-46 done

Warning: m=xx on .subckt line will override multiplier m hierarchy!

Note: Starting dynamic gmin stepping
Note: Dynamic gmin stepping completed
