====================================================================
gf180-rcosc PVT corner run: ff_T+085C_V3p0_code0x80
run id      : 20260921T173529Z
process     : ff (fets=ff res=res_ff mimcap=mimcap_ff)
temperature : 85 C
supply      : 3 V
trim code   : 0x80 (128)
transient   : tran 200p 1200n, f = 20 periods / (t[rise=25] - t[rise=5])
wall clock  : 17.1 s
exit status : 0
====================================================================

Note: Compatibility modes selected: hs a


Circuit: ** sch_path: /users/rwalters/github/gf180-rcosc/.loom/worktrees/issue-43/design/pvt_tb.sch

Doing analysis at TEMP = 85.000000 and TNOM = 27.000000

Using SPARSE 1.3 as Direct Linear Solver

Initial Transient Solution
--------------------------

Node                                   Voltage
----                                   -------
vdd                                          3
xxdut.xxbias.xrba.11                   2.99924
xxdut.xxbias.xrba.21                   2.00076
xxdut.vh                                     2
xxdut.xxbias.xrbb.11                   1.99924
xxdut.xxbias.xrbb.21                   1.00076
xxdut.vl                                     1
xxdut.xxbias.xrbc.11                  0.999241
xxdut.xxbias.xrbc.21                0.00075877
xxdut.ibias                           0.929532
xxdut.xxbias.pb                        1.79894
xxdut.xxbias.n2s                       0.23383
xxdut.xxbias.xrz.11                   0.233277
xxdut.xxbias.xrz.21                0.000552666
xxdut.xxtrim.xrfix.11                  2.99933
xxdut.xxtrim.xrfix.21                  2.84697
xxdut.xxtrim.c1                        2.84629
xxdut.xxtrim.xr0.11                    2.84562
xxdut.xxtrim.xr0.21                    2.83899
xxdut.xxtrim.c2                        2.83832
t0                                           0
xxdut.xxtrim.tb0                             3
xxdut.xxtrim.xr1.11                    2.83765
xxdut.xxtrim.xr1.21                    2.82439
xxdut.xxtrim.c3                        2.82371
t1                                           0
xxdut.xxtrim.tb1                             3
xxdut.xxtrim.xr2.11                    2.82304
xxdut.xxtrim.xr2.21                    2.79653
xxdut.xxtrim.c4                        2.79585
t2                                           0
xxdut.xxtrim.tb2                             3
xxdut.xxtrim.xr3.11                    2.79518
xxdut.xxtrim.xr3.21                    2.74215
xxdut.xxtrim.c5                        2.74148
t3                                           0
xxdut.xxtrim.tb3                             3
xxdut.xxtrim.xr4.11                     2.7408
xxdut.xxtrim.xr4.21                    2.63474
xxdut.xxtrim.c6                        2.63407
t4                                           0
xxdut.xxtrim.tb4                             3
xxdut.xxtrim.xr5.11                     2.6334
xxdut.xxtrim.xr5.21                    2.42127
xxdut.xxtrim.c7                         2.4206
t5                                           0
xxdut.xxtrim.tb5                             3
xxdut.xxtrim.xr6.11                    2.41993
xxdut.xxtrim.xr6.21                    1.99568
xxdut.xxtrim.c8                        1.99501
t6                                           0
xxdut.xxtrim.tb6                             3
xxdut.xxtrim.xr7.11                    1.99498
xxdut.xxtrim.xr7.21                    1.96281
xxdut.vc                               1.96279
t7                                           3
xxdut.xxtrim.tb7                   7.03356e-09
xxdut.xxcmph.tail                     0.795087
xxdut.xxcmph.dp                        1.34131
xxdut.xxcmph.dn                        1.11256
xxdut.cmph_out                         1.27762
xxdut.xxcmpl.tail                      0.35859
xxdut.xxcmpl.dp                        2.98611
xxdut.xxcmpl.dn                       0.580725
xxdut.cmpl_out                     8.09278e-09
clk                                   0.567357
xxdut.qbar                             1.23446
xxdut.mid1                             2.39643
xxdut.mid2                              2.7939
vt7#branch                                   0
vt6#branch                                   0
vt5#branch                                   0
vt4#branch                                   0
vt3#branch                                   0
vt2#branch                                   0
vt1#branch                                   0
vt0#branch                                   0
vdd#branch                        -0.000744571

 Reference value :  0.00000e+00
 Reference value :  5.07402e-08
 Reference value :  1.10283e-07
 Reference value :  1.57347e-07
 Reference value :  2.01408e-07
 Reference value :  2.51655e-07
 Reference value :  3.02632e-07
 Reference value :  3.48561e-07
 Reference value :  4.04669e-07
 Reference value :  4.52178e-07
 Reference value :  4.96601e-07
 Reference value :  5.47485e-07
 Reference value :  5.97513e-07
 Reference value :  6.48883e-07
 Reference value :  6.98224e-07
 Reference value :  7.49689e-07
 Reference value :  8.03912e-07
 Reference value :  8.53483e-07
 Reference value :  9.00029e-07
 Reference value :  9.48970e-07
 Reference value :  9.96336e-07
 Reference value :  1.04397e-06
 Reference value :  1.09019e-06
 Reference value :  1.14085e-06
 Reference value :  1.18712e-06
No. of Data Rows : 6445
ta                  =  7.60943e-08
tb                  =  4.24892e-07
ta = 7.609434e-08
tb = 4.248919e-07
period = 1.743988e-08
fosc = 5.733985e+07
ngspice-46 done

Warning: m=xx on .subckt line will override multiplier m hierarchy!

Note: Starting dynamic gmin stepping
Note: Dynamic gmin stepping completed
