====================================================================
gf180-rcosc PVT corner run: ff_T-040C_V3p3_code0x9D
run id      : 20260921T173529Z
process     : ff (fets=ff res=res_ff mimcap=mimcap_ff)
temperature : -40 C
supply      : 3.3 V
trim code   : 0x9D (157)
transient   : tran 200p 1200n, f = 20 periods / (t[rise=25] - t[rise=5])
wall clock  : 17.3 s
exit status : 0
====================================================================

Note: Compatibility modes selected: hs a


Circuit: ** sch_path: /users/rwalters/github/gf180-rcosc/.loom/worktrees/issue-43/design/pvt_tb.sch

Doing analysis at TEMP = -40.000000 and TNOM = 27.000000

Using SPARSE 1.3 as Direct Linear Solver

Initial Transient Solution
--------------------------

Node                                   Voltage
----                                   -------
vdd                                        3.3
xxdut.xxbias.xrba.11                   3.29815
xxdut.xxbias.xrba.21                   2.20185
xxdut.vh                                   2.2
xxdut.xxbias.xrbb.11                   2.19815
xxdut.xxbias.xrbb.21                   1.10185
xxdut.vl                                   1.1
xxdut.xxbias.xrbc.11                   1.09815
xxdut.xxbias.xrbc.21                0.00185143
xxdut.ibias                           0.888304
xxdut.xxbias.pb                        2.19486
xxdut.xxbias.n2s                      0.147802
xxdut.xxbias.xrz.11                    0.14703
xxdut.xxbias.xrz.21                0.000771882
xxdut.xxtrim.xrfix.11                   3.2981
xxdut.xxtrim.xrfix.21                  3.10415
xxdut.xxtrim.c1                        3.10224
xxdut.xxtrim.xr0.11                    3.10179
xxdut.xxtrim.xr0.21                    3.09977
xxdut.xxtrim.c2                        3.09932
t0                                         3.3
xxdut.xxtrim.tb0                   3.27009e-09
xxdut.xxtrim.xr1.11                    3.09741
xxdut.xxtrim.xr1.21                    3.08054
xxdut.xxtrim.c3                        3.07863
t1                                           0
xxdut.xxtrim.tb1                           3.3
xxdut.xxtrim.xr2.11                    3.07831
xxdut.xxtrim.xr2.21                    3.07254
xxdut.xxtrim.c4                        3.07221
t2                                         3.3
xxdut.xxtrim.tb2                   3.27009e-09
xxdut.xxtrim.xr3.11                    3.07195
xxdut.xxtrim.xr3.21                    3.06246
xxdut.xxtrim.c5                        3.06219
t3                                         3.3
xxdut.xxtrim.tb3                   3.27009e-09
xxdut.xxtrim.xr4.11                      3.062
xxdut.xxtrim.xr4.21                    3.04831
xxdut.xxtrim.c6                        3.04812
t4                                         3.3
xxdut.xxtrim.tb4                   3.27009e-09
xxdut.xxtrim.xr5.11                    3.04621
xxdut.xxtrim.xr5.21                    2.77619
xxdut.xxtrim.c7                        2.77429
t5                                           0
xxdut.xxtrim.tb5                           3.3
xxdut.xxtrim.xr6.11                    2.77238
xxdut.xxtrim.xr6.21                    2.23234
xxdut.xxtrim.c8                        2.23044
t6                                           0
xxdut.xxtrim.tb6                           3.3
xxdut.xxtrim.xr7.11                    2.23039
xxdut.xxtrim.xr7.21                    2.20465
xxdut.vc                               2.20461
t7                                         3.3
xxdut.xxtrim.tb7                   3.27009e-09
xxdut.xxcmph.tail                       1.0333
xxdut.xxcmph.dp                        1.46979
xxdut.xxcmph.dn                        1.76892
xxdut.cmph_out                          1.4048
xxdut.xxcmpl.tail                     0.936673
xxdut.xxcmpl.dp                            3.3
xxdut.xxcmpl.dn                        1.39644
xxdut.cmpl_out                     3.27009e-09
clk                                   0.688707
xxdut.qbar                              1.3462
xxdut.mid1                             2.68378
xxdut.mid2                              3.0804
vt7#branch                                   0
vt6#branch                                   0
vt5#branch                                   0
vt4#branch                                   0
vt3#branch                                   0
vt2#branch                                   0
vt1#branch                                   0
vt0#branch                                   0
vdd#branch                        -0.000813869

 Reference value :  0.00000e+00
 Reference value :  4.63164e-08
 Reference value :  9.82289e-08
 Reference value :  1.50094e-07
 Reference value :  2.02026e-07
 Reference value :  2.52883e-07
 Reference value :  3.03069e-07
 Reference value :  3.46949e-07
 Reference value :  3.91779e-07
 Reference value :  4.37751e-07
 Reference value :  4.82935e-07
 Reference value :  5.29565e-07
 Reference value :  5.79293e-07
 Reference value :  6.22388e-07
 Reference value :  6.71791e-07
 Reference value :  7.22571e-07
 Reference value :  7.71790e-07
 Reference value :  8.20620e-07
 Reference value :  8.73314e-07
 Reference value :  9.21609e-07
 Reference value :  9.68383e-07
 Reference value :  1.01199e-06
 Reference value :  1.06541e-06
 Reference value :  1.11587e-06
 Reference value :  1.16517e-06
No. of Data Rows : 6643
ta                  =  6.80942e-08
tb                  =  3.90125e-07
ta = 6.809424e-08
tb = 3.901255e-07
period = 1.610156e-08
fosc = 6.210577e+07
ngspice-46 done

Warning: m=xx on .subckt line will override multiplier m hierarchy!

Note: Starting dynamic gmin stepping
Note: Dynamic gmin stepping completed
