====================================================================
gf180-rcosc PVT corner run: ff_T-040C_V3p6_code0x21
run id      : 20260921T173529Z
process     : ff (fets=ff res=res_ff mimcap=mimcap_ff)
temperature : -40 C
supply      : 3.6 V
trim code   : 0x21 (33)
transient   : tran 200p 1200n, f = 20 periods / (t[rise=25] - t[rise=5])
wall clock  : 14.8 s
exit status : 0
====================================================================

Note: Compatibility modes selected: hs a


Circuit: ** sch_path: /users/rwalters/github/gf180-rcosc/.loom/worktrees/issue-43/design/pvt_tb.sch

Doing analysis at TEMP = -40.000000 and TNOM = 27.000000

Using SPARSE 1.3 as Direct Linear Solver

Initial Transient Solution
--------------------------

Node                                   Voltage
----                                   -------
vdd                                        3.6
xxdut.xxbias.xrba.11                   3.59798
xxdut.xxbias.xrba.21                   2.40202
xxdut.vh                                   2.4
xxdut.xxbias.xrbb.11                   2.39798
xxdut.xxbias.xrbb.21                   1.20202
xxdut.vl                                   1.2
xxdut.xxbias.xrbc.11                   1.19798
xxdut.xxbias.xrbc.21                0.00201975
xxdut.ibias                           0.907076
xxdut.xxbias.pb                         2.4671
xxdut.xxbias.n2s                      0.159224
xxdut.xxbias.xrz.11                   0.158392
xxdut.xxbias.xrz.21                0.000831531
xxdut.xxtrim.xrfix.11                  3.59892
xxdut.xxtrim.xrfix.21                  3.48939
xxdut.xxtrim.c1                        3.48832
xxdut.xxtrim.xr0.11                    3.48808
xxdut.xxtrim.xr0.21                      3.487
xxdut.xxtrim.c2                        3.48676
t0                                         3.6
xxdut.xxtrim.tb0                   4.02941e-09
xxdut.xxtrim.xr1.11                    3.48569
xxdut.xxtrim.xr1.21                    3.47615
xxdut.xxtrim.c3                        3.47508
t1                                           0
xxdut.xxtrim.tb1                           3.6
xxdut.xxtrim.xr2.11                      3.474
xxdut.xxtrim.xr2.21                    3.45494
xxdut.xxtrim.c4                        3.45387
t2                                           0
xxdut.xxtrim.tb2                           3.6
xxdut.xxtrim.xr3.11                    3.45279
xxdut.xxtrim.xr3.21                    3.41467
xxdut.xxtrim.c5                        3.41359
t3                                           0
xxdut.xxtrim.tb3                           3.6
xxdut.xxtrim.xr4.11                    3.41252
xxdut.xxtrim.xr4.21                    3.33627
xxdut.xxtrim.c6                        3.33519
t4                                           0
xxdut.xxtrim.tb4                           3.6
xxdut.xxtrim.xr5.11                    3.33513
xxdut.xxtrim.xr5.21                    3.32577
xxdut.xxtrim.c7                        3.32571
t5                                         3.6
xxdut.xxtrim.tb5                   4.02941e-09
xxdut.xxtrim.xr6.11                    3.32463
xxdut.xxtrim.xr6.21                    3.01964
xxdut.xxtrim.c8                        3.01857
t6                                           0
xxdut.xxtrim.tb6                           3.6
xxdut.xxtrim.xr7.11                    3.01749
xxdut.xxtrim.xr7.21                    2.40752
xxdut.vc                               2.40644
t7                                           0
xxdut.xxtrim.tb7                           3.6
xxdut.xxcmph.tail                       1.1835
xxdut.xxcmph.dp                        1.60612
xxdut.xxcmph.dn                        2.00641
xxdut.cmph_out                         1.54216
xxdut.xxcmpl.tail                      1.07939
xxdut.xxcmpl.dp                            3.6
xxdut.xxcmpl.dn                         1.6017
xxdut.cmpl_out                     4.02941e-09
clk                                   0.657591
xxdut.qbar                             1.46201
xxdut.mid1                             2.86045
xxdut.mid2                             3.33809
vt7#branch                                   0
vt6#branch                                   0
vt5#branch                                   0
vt4#branch                                   0
vt3#branch                                   0
vt2#branch                                   0
vt1#branch                                   0
vt0#branch                                   0
vdd#branch                        -0.000980114

 Reference value :  0.00000e+00
 Reference value :  5.49660e-08
 Reference value :  1.10608e-07
 Reference value :  1.71584e-07
 Reference value :  2.31241e-07
 Reference value :  2.85726e-07
 Reference value :  3.41816e-07
 Reference value :  3.99720e-07
 Reference value :  4.60143e-07
 Reference value :  5.23490e-07
 Reference value :  5.84634e-07
 Reference value :  6.40230e-07
 Reference value :  6.92549e-07
 Reference value :  7.52170e-07
 Reference value :  8.08016e-07
 Reference value :  8.59045e-07
 Reference value :  9.09886e-07
 Reference value :  9.62105e-07
 Reference value :  1.02172e-06
 Reference value :  1.06865e-06
 Reference value :  1.12731e-06
 Reference value :  1.18069e-06
No. of Data Rows : 6488
ta                  =  1.05103e-07
tb                  =  6.08555e-07
ta = 1.051026e-07
tb = 6.085550e-07
period = 2.517262e-08
fosc = 3.972570e+07
ngspice-46 done

Warning: m=xx on .subckt line will override multiplier m hierarchy!

Note: Starting dynamic gmin stepping
Note: Dynamic gmin stepping completed
