====================================================================
gf180-rcosc PVT corner run: ff_T+027C_V3p3_code0x4F
run id      : 20260921T173529Z
process     : ff (fets=ff res=res_ff mimcap=mimcap_ff)
temperature : 27 C
supply      : 3.3 V
trim code   : 0x4F (79)
transient   : tran 200p 1200n, f = 20 periods / (t[rise=25] - t[rise=5])
wall clock  : 8.9 s
exit status : 0
====================================================================

Note: Compatibility modes selected: hs a


Circuit: ** sch_path: /users/rwalters/github/gf180-rcosc/.loom/worktrees/issue-43/design/pvt_tb.sch

Doing analysis at TEMP = 27.000000 and TNOM = 27.000000

Using SPARSE 1.3 as Direct Linear Solver

Initial Transient Solution
--------------------------

Node                                   Voltage
----                                   -------
vdd                                        3.3
xxdut.xxbias.xrba.11                   3.29884
xxdut.xxbias.xrba.21                   2.20116
xxdut.vh                                   2.2
xxdut.xxbias.xrbb.11                   2.19884
xxdut.xxbias.xrbb.21                   1.10116
xxdut.vl                                   1.1
xxdut.xxbias.xrbc.11                   1.09884
xxdut.xxbias.xrbc.21                0.00115626
xxdut.ibias                           0.908841
xxdut.xxbias.pb                        2.14212
xxdut.xxbias.n2s                      0.194314
xxdut.xxbias.xrz.11                   0.193679
xxdut.xxbias.xrz.21                 0.00063545
xxdut.xxtrim.xrfix.11                  3.29925
xxdut.xxtrim.xrfix.21                  3.17745
xxdut.xxtrim.c1                         3.1767
xxdut.xxtrim.xr0.11                    3.17647
xxdut.xxtrim.xr0.21                    3.17485
xxdut.xxtrim.c2                        3.17462
t0                                         3.3
xxdut.xxtrim.tb0                   4.10054e-09
xxdut.xxtrim.xr1.11                    3.17442
xxdut.xxtrim.xr1.21                    3.17155
xxdut.xxtrim.c3                        3.17135
t1                                         3.3
xxdut.xxtrim.tb1                   4.10054e-09
xxdut.xxtrim.xr2.11                    3.17119
xxdut.xxtrim.xr2.21                    3.16676
xxdut.xxtrim.c4                         3.1666
t2                                         3.3
xxdut.xxtrim.tb2                   4.10054e-09
xxdut.xxtrim.xr3.11                    3.16648
xxdut.xxtrim.xr3.21                    3.15925
xxdut.xxtrim.c5                        3.15912
t3                                         3.3
xxdut.xxtrim.tb3                   4.10054e-09
xxdut.xxtrim.xr4.11                    3.15838
xxdut.xxtrim.xr4.21                    3.07358
xxdut.xxtrim.c6                        3.07284
t4                                           0
xxdut.xxtrim.tb4                           3.3
xxdut.xxtrim.xr5.11                    3.07209
xxdut.xxtrim.xr5.21                    2.90251
xxdut.xxtrim.c7                        2.90176
t5                                           0
xxdut.xxtrim.tb5                           3.3
xxdut.xxtrim.xr6.11                    2.90172
xxdut.xxtrim.xr6.21                    2.88294
xxdut.xxtrim.c8                         2.8829
t6                                         3.3
xxdut.xxtrim.tb6                   4.10054e-09
xxdut.xxtrim.xr7.11                    2.88215
xxdut.xxtrim.xr7.21                    2.20381
xxdut.vc                               2.20306
t7                                           0
xxdut.xxtrim.tb7                           3.3
xxdut.xxcmph.tail                      1.00935
xxdut.xxcmph.dp                        1.47199
xxdut.xxcmph.dn                        1.57306
xxdut.cmph_out                          1.4097
xxdut.xxcmpl.tail                     0.793668
xxdut.xxcmpl.dp                            3.3
xxdut.xxcmpl.dn                        1.07497
xxdut.cmpl_out                     4.10054e-09
clk                                    0.60245
xxdut.qbar                             1.34943
xxdut.mid1                             2.62236
xxdut.mid2                             3.06662
vt7#branch                                   0
vt6#branch                                   0
vt5#branch                                   0
vt4#branch                                   0
vt3#branch                                   0
vt2#branch                                   0
vt1#branch                                   0
vt0#branch                                   0
vdd#branch                        -0.000822936

 Reference value :  0.00000e+00
 Reference value :  4.51192e-08
 Reference value :  9.31491e-08
 Reference value :  1.39906e-07
 Reference value :  1.89953e-07
 Reference value :  2.39588e-07
 Reference value :  2.89606e-07
 Reference value :  3.34454e-07
 Reference value :  3.84438e-07
 Reference value :  4.31849e-07
 Reference value :  4.81434e-07
 Reference value :  5.32055e-07
 Reference value :  5.84691e-07
 Reference value :  6.37506e-07
 Reference value :  6.85343e-07
 Reference value :  7.37141e-07
 Reference value :  7.88454e-07
 Reference value :  8.37389e-07
 Reference value :  9.00043e-07
 Reference value :  9.62069e-07
 Reference value :  1.01699e-06
 Reference value :  1.08382e-06
 Reference value :  1.14153e-06
 Reference value :  1.19962e-06
No. of Data Rows : 6373
ta                  =  8.66363e-08
tb                  =  4.98918e-07
ta = 8.663627e-08
tb = 4.989183e-07
period = 2.061410e-08
fosc = 4.851048e+07
ngspice-46 done

Warning: m=xx on .subckt line will override multiplier m hierarchy!

Note: Starting dynamic gmin stepping
Note: Dynamic gmin stepping completed
