====================================================================
gf180-rcosc PVT corner run: ff_T+085C_V3p3_code0x4C
run id      : 20260921T173529Z
process     : ff (fets=ff res=res_ff mimcap=mimcap_ff)
temperature : 85 C
supply      : 3.3 V
trim code   : 0x4C (76)
transient   : tran 200p 1200n, f = 20 periods / (t[rise=25] - t[rise=5])
wall clock  : 14.0 s
exit status : 0
====================================================================

Note: Compatibility modes selected: hs a


Circuit: ** sch_path: /users/rwalters/github/gf180-rcosc/.loom/worktrees/issue-43/design/pvt_tb.sch

Doing analysis at TEMP = 85.000000 and TNOM = 27.000000

Using SPARSE 1.3 as Direct Linear Solver

Initial Transient Solution
--------------------------

Node                                   Voltage
----                                   -------
vdd                                        3.3
xxdut.xxbias.xrba.11                   3.29917
xxdut.xxbias.xrba.21                   2.20083
xxdut.vh                                   2.2
xxdut.xxbias.xrbb.11                   2.19917
xxdut.xxbias.xrbb.21                   1.10083
xxdut.vl                                   1.1
xxdut.xxbias.xrbc.11                   1.09917
xxdut.xxbias.xrbc.21               0.000834647
xxdut.ibias                           0.945178
xxdut.xxbias.pb                        2.07822
xxdut.xxbias.n2s                      0.243483
xxdut.xxbias.xrz.11                   0.242907
xxdut.xxbias.xrz.21                0.000575481
xxdut.xxtrim.xrfix.11                  3.29946
xxdut.xxtrim.xrfix.21                  3.17765
xxdut.xxtrim.c1                        3.17711
xxdut.xxtrim.xr0.11                    3.17658
xxdut.xxtrim.xr0.21                    3.17128
xxdut.xxtrim.c2                        3.17074
t0                                           0
xxdut.xxtrim.tb0                           3.3
xxdut.xxtrim.xr1.11                     3.1702
xxdut.xxtrim.xr1.21                     3.1596
xxdut.xxtrim.c3                        3.15906
t1                                           0
xxdut.xxtrim.tb1                           3.3
xxdut.xxtrim.xr2.11                    3.15893
xxdut.xxtrim.xr2.21                    3.15383
xxdut.xxtrim.c4                         3.1537
t2                                         3.3
xxdut.xxtrim.tb2                   7.48846e-09
xxdut.xxtrim.xr3.11                    3.15359
xxdut.xxtrim.xr3.21                    3.14525
xxdut.xxtrim.c5                        3.14515
t3                                         3.3
xxdut.xxtrim.tb3                   7.48846e-09
xxdut.xxtrim.xr4.11                    3.14461
xxdut.xxtrim.xr4.21                    3.05982
xxdut.xxtrim.c6                        3.05928
t4                                           0
xxdut.xxtrim.tb4                           3.3
xxdut.xxtrim.xr5.11                    3.05874
xxdut.xxtrim.xr5.21                    2.88915
xxdut.xxtrim.c7                        2.88861
t5                                           0
xxdut.xxtrim.tb5                           3.3
xxdut.xxtrim.xr6.11                    2.88858
xxdut.xxtrim.xr6.21                    2.86657
xxdut.xxtrim.c8                        2.86654
t6                                         3.3
xxdut.xxtrim.tb6                   7.48846e-09
xxdut.xxtrim.xr7.11                      2.866
xxdut.xxtrim.xr7.21                    2.18765
xxdut.vc                               2.18711
t7                                           0
xxdut.xxtrim.tb7                           3.3
xxdut.xxcmph.tail                      0.96133
xxdut.xxcmph.dp                        1.47737
xxdut.xxcmph.dn                        1.36286
xxdut.cmph_out                         1.41224
xxdut.xxcmpl.tail                     0.506744
xxdut.xxcmpl.dp                        3.29732
xxdut.xxcmpl.dn                       0.755103
xxdut.cmpl_out                     7.65762e-09
clk                                   0.550918
xxdut.qbar                             1.36692
xxdut.mid1                             2.58305
xxdut.mid2                             3.05874
vt7#branch                                   0
vt6#branch                                   0
vt5#branch                                   0
vt4#branch                                   0
vt3#branch                                   0
vt2#branch                                   0
vt1#branch                                   0
vt0#branch                                   0
vdd#branch                        -0.000867913

 Reference value :  0.00000e+00
 Reference value :  5.58314e-08
 Reference value :  1.18882e-07
 Reference value :  1.80521e-07
 Reference value :  2.44421e-07
 Reference value :  3.04420e-07
 Reference value :  3.62669e-07
 Reference value :  4.18884e-07
 Reference value :  4.79639e-07
 Reference value :  5.35873e-07
 Reference value :  5.91273e-07
 Reference value :  6.51304e-07
 Reference value :  7.08142e-07
 Reference value :  7.65830e-07
 Reference value :  8.22461e-07
 Reference value :  8.81580e-07
 Reference value :  9.40023e-07
 Reference value :  1.00104e-06
 Reference value :  1.05746e-06
 Reference value :  1.12034e-06
 Reference value :  1.17869e-06
No. of Data Rows : 6277
ta                  =  8.63075e-08
tb                  =  4.88799e-07
ta = 8.630751e-08
tb = 4.887991e-07
period = 2.012458e-08
fosc = 4.969048e+07
ngspice-46 done

Warning: m=xx on .subckt line will override multiplier m hierarchy!

Note: Starting dynamic gmin stepping
Note: Dynamic gmin stepping completed
