====================================================================
gf180-rcosc PVT corner run: fs_T+027C_V3p3_code0x6F
run id      : 20260921T173529Z
process     : fs (fets=fs res=res_typical mimcap=mimcap_typical)
temperature : 27 C
supply      : 3.3 V
trim code   : 0x6F (111)
transient   : tran 200p 1200n, f = 20 periods / (t[rise=25] - t[rise=5])
wall clock  : 20.7 s
exit status : 0
====================================================================

Note: Compatibility modes selected: hs a


Circuit: ** sch_path: /users/rwalters/github/gf180-rcosc/.loom/worktrees/issue-43/design/pvt_tb.sch

Doing analysis at TEMP = 27.000000 and TNOM = 27.000000

Using SPARSE 1.3 as Direct Linear Solver

Initial Transient Solution
--------------------------

Node                                   Voltage
----                                   -------
vdd                                        3.3
xxdut.xxbias.xrba.11                   3.29907
xxdut.xxbias.xrba.21                   2.20093
xxdut.vh                                   2.2
xxdut.xxbias.xrbb.11                   2.19907
xxdut.xxbias.xrbb.21                   1.10093
xxdut.vl                                   1.1
xxdut.xxbias.xrbc.11                   1.09907
xxdut.xxbias.xrbc.21               0.000925394
xxdut.ibias                           0.887939
xxdut.xxbias.pb                        1.97697
xxdut.xxbias.n2s                      0.171667
xxdut.xxbias.xrz.11                   0.171218
xxdut.xxbias.xrz.21                  0.0004497
xxdut.xxtrim.xrfix.11                   3.2993
xxdut.xxtrim.xrfix.21                  3.15697
xxdut.xxtrim.c1                        3.15628
xxdut.xxtrim.xr0.11                    3.15606
xxdut.xxtrim.xr0.21                    3.15413
xxdut.xxtrim.c2                        3.15391
t0                                         3.3
xxdut.xxtrim.tb0                   3.91074e-09
xxdut.xxtrim.xr1.11                    3.15372
xxdut.xxtrim.xr1.21                    3.15034
xxdut.xxtrim.c3                        3.15015
t1                                         3.3
xxdut.xxtrim.tb1                   3.91074e-09
xxdut.xxtrim.xr2.11                       3.15
xxdut.xxtrim.xr2.21                    3.14483
xxdut.xxtrim.c4                        3.14468
t2                                         3.3
xxdut.xxtrim.tb2                   3.91074e-09
xxdut.xxtrim.xr3.11                    3.14457
xxdut.xxtrim.xr3.21                    3.13616
xxdut.xxtrim.c5                        3.13604
t3                                         3.3
xxdut.xxtrim.tb3                   3.91074e-09
xxdut.xxtrim.xr4.11                    3.13535
xxdut.xxtrim.xr4.21                    3.03627
xxdut.xxtrim.c6                        3.03557
t4                                           0
xxdut.xxtrim.tb4                           3.3
xxdut.xxtrim.xr5.11                    3.03551
xxdut.xxtrim.xr5.21                    3.01949
xxdut.xxtrim.c7                        3.01943
t5                                         3.3
xxdut.xxtrim.tb5                   3.91074e-09
xxdut.xxtrim.xr6.11                     3.0194
xxdut.xxtrim.xr6.21                    2.99844
xxdut.xxtrim.c8                         2.9984
t6                                         3.3
xxdut.xxtrim.tb6                   3.91074e-09
xxdut.xxtrim.xr7.11                    2.99771
xxdut.xxtrim.xr7.21                    2.20508
xxdut.vc                               2.20438
t7                                           0
xxdut.xxtrim.tb7                           3.3
xxdut.xxcmph.tail                      1.01841
xxdut.xxcmph.dp                        1.36342
xxdut.xxcmph.dn                        1.46268
xxdut.cmph_out                         1.29753
xxdut.xxcmpl.tail                     0.805927
xxdut.xxcmpl.dp                            3.3
xxdut.xxcmpl.dn                        1.01929
xxdut.cmpl_out                     3.91074e-09
clk                                   0.629526
xxdut.qbar                             1.25207
xxdut.mid1                             2.72384
xxdut.mid2                             3.09627
vt7#branch                                   0
vt6#branch                                   0
vt5#branch                                   0
vt4#branch                                   0
vt3#branch                                   0
vt2#branch                                   0
vt1#branch                                   0
vt0#branch                                   0
vdd#branch                        -0.000603775

 Reference value :  0.00000e+00
 Reference value :  4.98407e-08
 Reference value :  1.01067e-07
 Reference value :  1.52549e-07
 Reference value :  2.05652e-07
 Reference value :  2.57031e-07
 Reference value :  3.13105e-07
 Reference value :  3.68436e-07
 Reference value :  4.20209e-07
 Reference value :  4.75281e-07
 Reference value :  5.31121e-07
 Reference value :  5.84690e-07
 Reference value :  6.35103e-07
 Reference value :  6.87365e-07
 Reference value :  7.39657e-07
 Reference value :  7.90702e-07
 Reference value :  8.41863e-07
 Reference value :  8.98029e-07
 Reference value :  9.50922e-07
 Reference value :  1.00352e-06
 Reference value :  1.06015e-06
 Reference value :  1.11582e-06
 Reference value :  1.16785e-06
No. of Data Rows : 6397
ta                  =  1.00761e-07
tb                  =  5.85986e-07
ta = 1.007607e-07
tb = 5.859860e-07
period = 2.426126e-08
fosc = 4.121797e+07
ngspice-46 done

Warning: m=xx on .subckt line will override multiplier m hierarchy!

Note: Starting dynamic gmin stepping
Note: Dynamic gmin stepping completed
