====================================================================
gf180-rcosc PVT corner run: fs_T-040C_V3p3_code0x80
run id      : 20260921T173529Z
process     : fs (fets=fs res=res_typical mimcap=mimcap_typical)
temperature : -40 C
supply      : 3.3 V
trim code   : 0x80 (128)
transient   : tran 200p 1200n, f = 20 periods / (t[rise=25] - t[rise=5])
wall clock  : 14.2 s
exit status : 0
====================================================================

Note: Compatibility modes selected: hs a


Circuit: ** sch_path: /users/rwalters/github/gf180-rcosc/.loom/worktrees/issue-43/design/pvt_tb.sch

Doing analysis at TEMP = -40.000000 and TNOM = 27.000000

Using SPARSE 1.3 as Direct Linear Solver

Initial Transient Solution
--------------------------

Node                                   Voltage
----                                   -------
vdd                                        3.3
xxdut.xxbias.xrba.11                   3.29852
xxdut.xxbias.xrba.21                   2.20148
xxdut.vh                                   2.2
xxdut.xxbias.xrbb.11                   2.19852
xxdut.xxbias.xrbb.21                   1.10148
xxdut.vl                                   1.1
xxdut.xxbias.xrbc.11                   1.09852
xxdut.xxbias.xrbc.21                0.00148214
xxdut.ibias                           0.884916
xxdut.xxbias.pb                        2.01306
xxdut.xxbias.n2s                      0.134068
xxdut.xxbias.xrz.11                   0.133507
xxdut.xxbias.xrz.21                  0.0005613
xxdut.xxtrim.xrfix.11                  3.29873
xxdut.xxtrim.xrfix.21                  3.13744
xxdut.xxtrim.c1                        3.13617
xxdut.xxtrim.xr0.11                     3.1349
xxdut.xxtrim.xr0.21                    3.12789
xxdut.xxtrim.c2                        3.12662
t0                                           0
xxdut.xxtrim.tb0                           3.3
xxdut.xxtrim.xr1.11                    3.12535
xxdut.xxtrim.xr1.21                    3.11132
xxdut.xxtrim.c3                        3.11005
t1                                           0
xxdut.xxtrim.tb1                           3.3
xxdut.xxtrim.xr2.11                    3.10878
xxdut.xxtrim.xr2.21                    3.08071
xxdut.xxtrim.c4                        3.07945
t2                                           0
xxdut.xxtrim.tb2                           3.3
xxdut.xxtrim.xr3.11                    3.07818
xxdut.xxtrim.xr3.21                    3.02204
xxdut.xxtrim.c5                        3.02077
t3                                           0
xxdut.xxtrim.tb3                           3.3
xxdut.xxtrim.xr4.11                    3.01951
xxdut.xxtrim.xr4.21                    2.90722
xxdut.xxtrim.c6                        2.90596
t4                                           0
xxdut.xxtrim.tb4                           3.3
xxdut.xxtrim.xr5.11                    2.90469
xxdut.xxtrim.xr5.21                    2.68013
xxdut.xxtrim.c7                        2.67886
t5                                           0
xxdut.xxtrim.tb5                           3.3
xxdut.xxtrim.xr6.11                    2.67759
xxdut.xxtrim.xr6.21                    2.22847
xxdut.xxtrim.c8                         2.2272
t6                                           0
xxdut.xxtrim.tb6                           3.3
xxdut.xxtrim.xr7.11                    2.22717
xxdut.xxtrim.xr7.21                    2.20462
xxdut.vc                               2.20458
t7                                         3.3
xxdut.xxtrim.tb7                   3.12599e-09
xxdut.xxcmph.tail                      1.02821
xxdut.xxcmph.dp                         1.3635
xxdut.xxcmph.dn                        1.61992
xxdut.cmph_out                         1.30022
xxdut.xxcmpl.tail                     0.942893
xxdut.xxcmpl.dp                            3.3
xxdut.xxcmpl.dn                        1.27997
xxdut.cmpl_out                     3.12599e-09
clk                                   0.697745
xxdut.qbar                              1.2591
xxdut.mid1                             2.77294
xxdut.mid2                              3.1128
vt7#branch                                   0
vt6#branch                                   0
vt5#branch                                   0
vt4#branch                                   0
vt3#branch                                   0
vt2#branch                                   0
vt1#branch                                   0
vt0#branch                                   0
vdd#branch                        -0.000591727

 Reference value :  0.00000e+00
 Reference value :  5.41074e-08
 Reference value :  1.04010e-07
 Reference value :  1.56868e-07
 Reference value :  2.14921e-07
 Reference value :  2.66712e-07
 Reference value :  3.23676e-07
 Reference value :  3.82182e-07
 Reference value :  4.44639e-07
 Reference value :  5.06483e-07
 Reference value :  5.58445e-07
 Reference value :  6.10098e-07
 Reference value :  6.67915e-07
 Reference value :  7.17816e-07
 Reference value :  7.76421e-07
 Reference value :  8.30807e-07
 Reference value :  8.81642e-07
 Reference value :  9.35977e-07
 Reference value :  1.00313e-06
 Reference value :  1.05990e-06
 Reference value :  1.11854e-06
 Reference value :  1.18444e-06
No. of Data Rows : 6406
ta                  =  1.04110e-07
tb                  =  6.06718e-07
ta = 1.041103e-07
tb = 6.067180e-07
period = 2.513038e-08
fosc = 3.979247e+07
ngspice-46 done

Warning: m=xx on .subckt line will override multiplier m hierarchy!

Note: Starting dynamic gmin stepping
Note: Dynamic gmin stepping completed
