====================================================================
gf180-rcosc PVT corner run: fs_T-040C_V3p6_code0x9D
run id      : 20260921T173529Z
process     : fs (fets=fs res=res_typical mimcap=mimcap_typical)
temperature : -40 C
supply      : 3.6 V
trim code   : 0x9D (157)
transient   : tran 200p 1200n, f = 20 periods / (t[rise=25] - t[rise=5])
wall clock  : 14.3 s
exit status : 0
====================================================================

Note: Compatibility modes selected: hs a


Circuit: ** sch_path: /users/rwalters/github/gf180-rcosc/.loom/worktrees/issue-43/design/pvt_tb.sch

Doing analysis at TEMP = -40.000000 and TNOM = 27.000000

Using SPARSE 1.3 as Direct Linear Solver

Initial Transient Solution
--------------------------

Node                                   Voltage
----                                   -------
vdd                                        3.6
xxdut.xxbias.xrba.11                   3.59838
xxdut.xxbias.xrba.21                   2.40162
xxdut.vh                                   2.4
xxdut.xxbias.xrbb.11                   2.39838
xxdut.xxbias.xrbb.21                   1.20162
xxdut.vl                                   1.2
xxdut.xxbias.xrbc.11                   1.19838
xxdut.xxbias.xrbc.21                0.00161689
xxdut.ibias                           0.903761
xxdut.xxbias.pb                        2.28356
xxdut.xxbias.n2s                      0.145402
xxdut.xxbias.xrz.11                   0.144793
xxdut.xxbias.xrz.21                0.000608749
xxdut.xxtrim.xrfix.11                  3.59833
xxdut.xxtrim.xrfix.21                  3.38518
xxdut.xxtrim.c1                         3.3835
xxdut.xxtrim.xr0.11                    3.38311
xxdut.xxtrim.xr0.21                    3.38093
xxdut.xxtrim.c2                        3.38054
t0                                         3.6
xxdut.xxtrim.tb0                   3.57955e-09
xxdut.xxtrim.xr1.11                    3.37886
xxdut.xxtrim.xr1.21                    3.36031
xxdut.xxtrim.c3                        3.35864
t1                                           0
xxdut.xxtrim.tb1                           3.6
xxdut.xxtrim.xr2.11                    3.35837
xxdut.xxtrim.xr2.21                    3.35235
xxdut.xxtrim.c4                        3.35207
t2                                         3.6
xxdut.xxtrim.tb2                   3.57955e-09
xxdut.xxtrim.xr3.11                    3.35185
xxdut.xxtrim.xr3.21                    3.34204
xxdut.xxtrim.c5                        3.34182
t3                                         3.6
xxdut.xxtrim.tb3                   3.57955e-09
xxdut.xxtrim.xr4.11                    3.34166
xxdut.xxtrim.xr4.21                    3.32761
xxdut.xxtrim.c6                        3.32746
t4                                         3.6
xxdut.xxtrim.tb4                   3.57955e-09
xxdut.xxtrim.xr5.11                    3.32578
xxdut.xxtrim.xr5.21                    3.02903
xxdut.xxtrim.c7                        3.02736
t5                                           0
xxdut.xxtrim.tb5                           3.6
xxdut.xxtrim.xr6.11                    3.02568
xxdut.xxtrim.xr6.21                    2.43218
xxdut.xxtrim.c8                         2.4305
t6                                           0
xxdut.xxtrim.tb6                           3.6
xxdut.xxtrim.xr7.11                    2.43047
xxdut.xxtrim.xr7.21                     2.4071
xxdut.vc                               2.40707
t7                                         3.6
xxdut.xxtrim.tb7                   3.57955e-09
xxdut.xxcmph.tail                      1.17774
xxdut.xxcmph.dp                        1.49293
xxdut.xxcmph.dn                        1.85459
xxdut.cmph_out                          1.4185
xxdut.xxcmpl.tail                      1.08681
xxdut.xxcmpl.dp                            3.6
xxdut.xxcmpl.dn                        1.48221
xxdut.cmpl_out                     3.57955e-09
clk                                   0.711391
xxdut.qbar                             1.36406
xxdut.mid1                             2.98134
xxdut.mid2                             3.37028
vt7#branch                                   0
vt6#branch                                   0
vt5#branch                                   0
vt4#branch                                   0
vt3#branch                                   0
vt2#branch                                   0
vt1#branch                                   0
vt0#branch                                   0
vdd#branch                        -0.000746982

 Reference value :  0.00000e+00
 Reference value :  5.06378e-08
 Reference value :  1.12338e-07
 Reference value :  1.63727e-07
 Reference value :  2.20837e-07
 Reference value :  2.77129e-07
 Reference value :  3.21380e-07
 Reference value :  3.78451e-07
 Reference value :  4.26558e-07
 Reference value :  4.88454e-07
 Reference value :  5.44192e-07
 Reference value :  5.95238e-07
 Reference value :  6.55510e-07
 Reference value :  7.05397e-07
 Reference value :  7.61050e-07
 Reference value :  8.14915e-07
 Reference value :  8.67483e-07
 Reference value :  9.32296e-07
 Reference value :  9.91350e-07
 Reference value :  1.04711e-06
 Reference value :  1.10691e-06
 Reference value :  1.16036e-06
No. of Data Rows : 6412
ta                  =  8.99063e-08
tb                  =  5.08991e-07
ta = 8.990630e-08
tb = 5.089908e-07
period = 2.095422e-08
fosc = 4.772307e+07
ngspice-46 done

Warning: m=xx on .subckt line will override multiplier m hierarchy!

Note: Starting dynamic gmin stepping
Note: Dynamic gmin stepping completed
