====================================================================
gf180-rcosc PVT corner run: fs_T-040C_V3p6_code0x9B
run id      : 20260921T173529Z
process     : fs (fets=fs res=res_typical mimcap=mimcap_typical)
temperature : -40 C
supply      : 3.6 V
trim code   : 0x9B (155)
transient   : tran 200p 1200n, f = 20 periods / (t[rise=25] - t[rise=5])
wall clock  : 17.3 s
exit status : 0
====================================================================

Note: Compatibility modes selected: hs a


Circuit: ** sch_path: /users/rwalters/github/gf180-rcosc/.loom/worktrees/issue-43/design/pvt_tb.sch

Doing analysis at TEMP = -40.000000 and TNOM = 27.000000

Using SPARSE 1.3 as Direct Linear Solver

Initial Transient Solution
--------------------------

Node                                   Voltage
----                                   -------
vdd                                        3.6
xxdut.xxbias.xrba.11                   3.59838
xxdut.xxbias.xrba.21                   2.40162
xxdut.vh                                   2.4
xxdut.xxbias.xrbb.11                   2.39838
xxdut.xxbias.xrbb.21                   1.20162
xxdut.vl                                   1.2
xxdut.xxbias.xrbc.11                   1.19838
xxdut.xxbias.xrbc.21                0.00161689
xxdut.ibias                           0.903761
xxdut.xxbias.pb                        2.28356
xxdut.xxbias.n2s                      0.145402
xxdut.xxbias.xrz.11                   0.144793
xxdut.xxbias.xrz.21                0.000608749
xxdut.xxtrim.xrfix.11                  3.59835
xxdut.xxtrim.xrfix.21                  3.38814
xxdut.xxtrim.c1                        3.38649
xxdut.xxtrim.xr0.11                     3.3861
xxdut.xxtrim.xr0.21                    3.38395
xxdut.xxtrim.c2                        3.38356
t0                                         3.6
xxdut.xxtrim.tb0                   3.57955e-09
xxdut.xxtrim.xr1.11                    3.38322
xxdut.xxtrim.xr1.21                    3.37937
xxdut.xxtrim.c3                        3.37902
t1                                         3.6
xxdut.xxtrim.tb1                   3.57955e-09
xxdut.xxtrim.xr2.11                    3.37737
xxdut.xxtrim.xr2.21                    3.34079
xxdut.xxtrim.c4                        3.33914
t2                                           0
xxdut.xxtrim.tb2                           3.6
xxdut.xxtrim.xr3.11                    3.33892
xxdut.xxtrim.xr3.21                    3.32921
xxdut.xxtrim.c5                        3.32899
t3                                         3.6
xxdut.xxtrim.tb3                   3.57955e-09
xxdut.xxtrim.xr4.11                    3.32883
xxdut.xxtrim.xr4.21                    3.31492
xxdut.xxtrim.c6                        3.31476
t4                                         3.6
xxdut.xxtrim.tb4                   3.57955e-09
xxdut.xxtrim.xr5.11                    3.31311
xxdut.xxtrim.xr5.21                    3.02045
xxdut.xxtrim.c7                         3.0188
t5                                           0
xxdut.xxtrim.tb5                           3.6
xxdut.xxtrim.xr6.11                    3.01715
xxdut.xxtrim.xr6.21                    2.43182
xxdut.xxtrim.c8                        2.43017
t6                                           0
xxdut.xxtrim.tb6                           3.6
xxdut.xxtrim.xr7.11                    2.43014
xxdut.xxtrim.xr7.21                     2.4071
xxdut.vc                               2.40707
t7                                         3.6
xxdut.xxtrim.tb7                   3.57955e-09
xxdut.xxcmph.tail                      1.17774
xxdut.xxcmph.dp                        1.49293
xxdut.xxcmph.dn                        1.85459
xxdut.cmph_out                         1.41869
xxdut.xxcmpl.tail                      1.08681
xxdut.xxcmpl.dp                            3.6
xxdut.xxcmpl.dn                        1.48221
xxdut.cmpl_out                     3.57955e-09
clk                                   0.710631
xxdut.qbar                             1.36409
xxdut.mid1                             2.98089
xxdut.mid2                             3.37028
vt7#branch                                   0
vt6#branch                                   0
vt5#branch                                   0
vt4#branch                                   0
vt3#branch                                   0
vt2#branch                                   0
vt1#branch                                   0
vt0#branch                                   0
vdd#branch                        -0.000746702

 Reference value :  0.00000e+00
 Reference value :  4.93121e-08
 Reference value :  9.64359e-08
 Reference value :  1.44649e-07
 Reference value :  1.89573e-07
 Reference value :  2.36599e-07
 Reference value :  2.79997e-07
 Reference value :  3.25198e-07
 Reference value :  3.73192e-07
 Reference value :  4.24926e-07
 Reference value :  4.70622e-07
 Reference value :  5.24363e-07
 Reference value :  5.77860e-07
 Reference value :  6.23585e-07
 Reference value :  6.73165e-07
 Reference value :  7.22541e-07
 Reference value :  7.69119e-07
 Reference value :  8.20878e-07
 Reference value :  8.65968e-07
 Reference value :  9.11908e-07
 Reference value :  9.54833e-07
 Reference value :  9.99127e-07
 Reference value :  1.04168e-06
 Reference value :  1.09080e-06
 Reference value :  1.14268e-06
 Reference value :  1.18993e-06
No. of Data Rows : 6548
ta                  =  8.82860e-08
tb                  =  5.12086e-07
ta = 8.828601e-08
tb = 5.120863e-07
period = 2.119001e-08
fosc = 4.719204e+07
ngspice-46 done

Warning: m=xx on .subckt line will override multiplier m hierarchy!

Note: Starting dynamic gmin stepping
Note: Dynamic gmin stepping completed
