====================================================================
gf180-rcosc PVT corner run: fs_T-040C_V3p3_code0x9B
run id      : 20260921T173529Z
process     : fs (fets=fs res=res_typical mimcap=mimcap_typical)
temperature : -40 C
supply      : 3.3 V
trim code   : 0x9B (155)
transient   : tran 200p 1200n, f = 20 periods / (t[rise=25] - t[rise=5])
wall clock  : 17.4 s
exit status : 0
====================================================================

Note: Compatibility modes selected: hs a


Circuit: ** sch_path: /users/rwalters/github/gf180-rcosc/.loom/worktrees/issue-43/design/pvt_tb.sch

Doing analysis at TEMP = -40.000000 and TNOM = 27.000000

Using SPARSE 1.3 as Direct Linear Solver

Initial Transient Solution
--------------------------

Node                                   Voltage
----                                   -------
vdd                                        3.3
xxdut.xxbias.xrba.11                   3.29852
xxdut.xxbias.xrba.21                   2.20148
xxdut.vh                                   2.2
xxdut.xxbias.xrbb.11                   2.19852
xxdut.xxbias.xrbb.21                   1.10148
xxdut.vl                                   1.1
xxdut.xxbias.xrbc.11                   1.09852
xxdut.xxbias.xrbc.21                0.00148214
xxdut.ibias                           0.884916
xxdut.xxbias.pb                        2.01306
xxdut.xxbias.n2s                      0.134068
xxdut.xxbias.xrz.11                   0.133507
xxdut.xxbias.xrz.21                  0.0005613
xxdut.xxtrim.xrfix.11                  3.29849
xxdut.xxtrim.xrfix.21                  3.10681
xxdut.xxtrim.c1                         3.1053
xxdut.xxtrim.xr0.11                    3.10493
xxdut.xxtrim.xr0.21                    3.10288
xxdut.xxtrim.c2                         3.1025
t0                                         3.3
xxdut.xxtrim.tb0                   3.12599e-09
xxdut.xxtrim.xr1.11                    3.10217
xxdut.xxtrim.xr1.21                    3.09849
xxdut.xxtrim.c3                        3.09816
t1                                         3.3
xxdut.xxtrim.tb1                   3.12599e-09
xxdut.xxtrim.xr2.11                    3.09665
xxdut.xxtrim.xr2.21                     3.0633
xxdut.xxtrim.c4                        3.06179
t2                                           0
xxdut.xxtrim.tb2                           3.3
xxdut.xxtrim.xr3.11                    3.06158
xxdut.xxtrim.xr3.21                    3.05222
xxdut.xxtrim.c5                        3.05201
t3                                         3.3
xxdut.xxtrim.tb3                   3.12599e-09
xxdut.xxtrim.xr4.11                    3.05186
xxdut.xxtrim.xr4.21                    3.03841
xxdut.xxtrim.c6                        3.03826
t4                                         3.3
xxdut.xxtrim.tb4                   3.12599e-09
xxdut.xxtrim.xr5.11                    3.03675
xxdut.xxtrim.xr5.21                    2.76988
xxdut.xxtrim.c7                        2.76837
t5                                           0
xxdut.xxtrim.tb5                           3.3
xxdut.xxtrim.xr6.11                    2.76687
xxdut.xxtrim.xr6.21                    2.23312
xxdut.xxtrim.c8                        2.23161
t6                                           0
xxdut.xxtrim.tb6                           3.3
xxdut.xxtrim.xr7.11                    2.23157
xxdut.xxtrim.xr7.21                    2.20462
xxdut.vc                               2.20458
t7                                         3.3
xxdut.xxtrim.tb7                   3.12599e-09
xxdut.xxcmph.tail                      1.02821
xxdut.xxcmph.dp                        1.36353
xxdut.xxcmph.dn                        1.61992
xxdut.cmph_out                         1.29805
xxdut.xxcmpl.tail                     0.942892
xxdut.xxcmpl.dp                            3.3
xxdut.xxcmpl.dn                        1.27997
xxdut.cmpl_out                     3.12599e-09
clk                                   0.706809
xxdut.qbar                             1.25884
xxdut.mid1                             2.77826
xxdut.mid2                             3.11276
vt7#branch                                   0
vt6#branch                                   0
vt5#branch                                   0
vt4#branch                                   0
vt3#branch                                   0
vt2#branch                                   0
vt1#branch                                   0
vt0#branch                                   0
vdd#branch                        -0.000594596

 Reference value :  0.00000e+00
 Reference value :  4.85750e-08
 Reference value :  9.42533e-08
 Reference value :  1.38025e-07
 Reference value :  1.87368e-07
 Reference value :  2.37791e-07
 Reference value :  2.85946e-07
 Reference value :  3.31765e-07
 Reference value :  3.83906e-07
 Reference value :  4.36511e-07
 Reference value :  4.86266e-07
 Reference value :  5.46157e-07
 Reference value :  5.91157e-07
 Reference value :  6.43800e-07
 Reference value :  6.95043e-07
 Reference value :  7.44131e-07
 Reference value :  7.98873e-07
 Reference value :  8.48523e-07
 Reference value :  8.95277e-07
 Reference value :  9.43752e-07
 Reference value :  9.94270e-07
 Reference value :  1.04450e-06
 Reference value :  1.10020e-06
 Reference value :  1.15397e-06
No. of Data Rows : 6378
ta                  =  9.16621e-08
tb                  =  5.24563e-07
ta = 9.166213e-08
tb = 5.245634e-07
period = 2.164506e-08
fosc = 4.619991e+07
ngspice-46 done

Warning: m=xx on .subckt line will override multiplier m hierarchy!

Note: Starting dynamic gmin stepping
Warning: Dynamic gmin stepping failed
Note: Starting true gmin stepping
Note: True gmin stepping completed
