====================================================================
gf180-rcosc PVT corner run: rc_f_T+027C_V3p3_code0x5B
run id      : 20260921T173529Z
process     : rc_f (fets=typical res=res_ff mimcap=mimcap_ff)
temperature : 27 C
supply      : 3.3 V
trim code   : 0x5B (91)
transient   : tran 200p 1200n, f = 20 periods / (t[rise=25] - t[rise=5])
wall clock  : 6.8 s
exit status : 0
====================================================================

Note: Compatibility modes selected: hs a


Circuit: ** sch_path: /users/rwalters/github/gf180-rcosc/.loom/worktrees/issue-43/design/pvt_tb.sch

Doing analysis at TEMP = 27.000000 and TNOM = 27.000000

Using SPARSE 1.3 as Direct Linear Solver

Initial Transient Solution
--------------------------

Node                                   Voltage
----                                   -------
vdd                                        3.3
xxdut.xxbias.xrba.11                   3.29884
xxdut.xxbias.xrba.21                   2.20116
xxdut.vh                                   2.2
xxdut.xxbias.xrbb.11                   2.19884
xxdut.xxbias.xrbb.21                   1.10116
xxdut.vl                                   1.1
xxdut.xxbias.xrbc.11                   1.09884
xxdut.xxbias.xrbc.21                0.00115626
xxdut.ibias                            1.01909
xxdut.xxbias.pb                        2.01373
xxdut.xxbias.n2s                        0.1904
xxdut.xxbias.xrz.11                   0.189778
xxdut.xxbias.xrz.21                 0.00062265
xxdut.xxtrim.xrfix.11                  3.29921
xxdut.xxtrim.xrfix.21                  3.17077
xxdut.xxtrim.c1                        3.16998
xxdut.xxtrim.xr0.11                    3.16972
xxdut.xxtrim.xr0.21                    3.16787
xxdut.xxtrim.c2                        3.16761
t0                                         3.3
xxdut.xxtrim.tb0                   4.20669e-09
xxdut.xxtrim.xr1.11                    3.16737
xxdut.xxtrim.xr1.21                    3.16407
xxdut.xxtrim.c3                        3.16384
t1                                         3.3
xxdut.xxtrim.tb1                   4.20669e-09
xxdut.xxtrim.xr2.11                    3.16305
xxdut.xxtrim.xr2.21                     3.1407
xxdut.xxtrim.c4                        3.13992
t2                                           0
xxdut.xxtrim.tb2                           3.3
xxdut.xxtrim.xr3.11                    3.13977
xxdut.xxtrim.xr3.21                    3.13129
xxdut.xxtrim.c5                        3.13114
t3                                         3.3
xxdut.xxtrim.tb3                   4.20669e-09
xxdut.xxtrim.xr4.11                    3.13104
xxdut.xxtrim.xr4.21                    3.11873
xxdut.xxtrim.c6                        3.11862
t4                                         3.3
xxdut.xxtrim.tb4                   4.20669e-09
xxdut.xxtrim.xr5.11                    3.11783
xxdut.xxtrim.xr5.21                    2.93901
xxdut.xxtrim.c7                        2.93822
t5                                           0
xxdut.xxtrim.tb5                           3.3
xxdut.xxtrim.xr6.11                    2.93817
xxdut.xxtrim.xr6.21                    2.91602
xxdut.xxtrim.c8                        2.91597
t6                                         3.3
xxdut.xxtrim.tb6                   4.20669e-09
xxdut.xxtrim.xr7.11                    2.91518
xxdut.xxtrim.xr7.21                    2.19989
xxdut.vc                                2.1991
t7                                           0
xxdut.xxtrim.tb7                           3.3
xxdut.xxcmph.tail                     0.905429
xxdut.xxcmph.dp                        1.47836
xxdut.xxcmph.dn                        1.44309
xxdut.cmph_out                          1.4174
xxdut.xxcmpl.tail                     0.676724
xxdut.xxcmpl.dp                            3.3
xxdut.xxcmpl.dn                       0.947164
xxdut.cmpl_out                     4.20669e-09
clk                                   0.718602
xxdut.qbar                             1.36603
xxdut.mid1                             2.71142
xxdut.mid2                             3.10403
vt7#branch                                   0
vt6#branch                                   0
vt5#branch                                   0
vt4#branch                                   0
vt3#branch                                   0
vt2#branch                                   0
vt1#branch                                   0
vt0#branch                                   0
vdd#branch                        -0.000683781

 Reference value :  0.00000e+00
 Reference value :  5.31527e-08
 Reference value :  1.05211e-07
 Reference value :  1.50571e-07
 Reference value :  2.07468e-07
 Reference value :  2.55524e-07
 Reference value :  3.05284e-07
 Reference value :  3.56626e-07
 Reference value :  4.07266e-07
 Reference value :  4.61808e-07
 Reference value :  5.15954e-07
 Reference value :  5.73428e-07
 Reference value :  6.31932e-07
 Reference value :  6.90053e-07
 Reference value :  7.44994e-07
 Reference value :  8.06910e-07
 Reference value :  8.60586e-07
 Reference value :  9.15129e-07
 Reference value :  9.74677e-07
 Reference value :  1.03109e-06
 Reference value :  1.08834e-06
 Reference value :  1.13974e-06
 Reference value :  1.19151e-06
No. of Data Rows : 6406
ta                  =  8.84502e-08
tb                  =  5.00394e-07
ta = 8.845017e-08
tb = 5.003938e-07
period = 2.059718e-08
fosc = 4.855033e+07
ngspice-46 done

Warning: m=xx on .subckt line will override multiplier m hierarchy!

Note: Starting dynamic gmin stepping
Note: Dynamic gmin stepping completed
