====================================================================
gf180-rcosc PVT corner run: rc_f_T+027C_V3p6_code0x58
run id      : 20260921T173529Z
process     : rc_f (fets=typical res=res_ff mimcap=mimcap_ff)
temperature : 27 C
supply      : 3.6 V
trim code   : 0x58 (88)
transient   : tran 200p 1200n, f = 20 periods / (t[rise=25] - t[rise=5])
wall clock  : 15.7 s
exit status : 0
====================================================================

Note: Compatibility modes selected: hs a


Circuit: ** sch_path: /users/rwalters/github/gf180-rcosc/.loom/worktrees/issue-43/design/pvt_tb.sch

Doing analysis at TEMP = 27.000000 and TNOM = 27.000000

Using SPARSE 1.3 as Direct Linear Solver

Initial Transient Solution
--------------------------

Node                                   Voltage
----                                   -------
vdd                                        3.6
xxdut.xxbias.xrba.11                   3.59874
xxdut.xxbias.xrba.21                   2.40126
xxdut.vh                                   2.4
xxdut.xxbias.xrbb.11                   2.39874
xxdut.xxbias.xrbb.21                   1.20126
xxdut.vl                                   1.2
xxdut.xxbias.xrbc.11                   1.19874
xxdut.xxbias.xrbc.21                0.00126137
xxdut.ibias                            1.03497
xxdut.xxbias.pb                        2.29161
xxdut.xxbias.n2s                      0.199981
xxdut.xxbias.xrz.11                   0.199327
xxdut.xxbias.xrz.21                0.000653982
xxdut.xxtrim.xrfix.11                  3.59915
xxdut.xxtrim.xrfix.21                  3.46082
xxdut.xxtrim.c1                        3.45997
xxdut.xxtrim.xr0.11                    3.45913
xxdut.xxtrim.xr0.21                    3.45311
xxdut.xxtrim.c2                        3.45226
t0                                           0
xxdut.xxtrim.tb0                           3.6
xxdut.xxtrim.xr1.11                    3.45141
xxdut.xxtrim.xr1.21                    3.43938
xxdut.xxtrim.c3                        3.43853
t1                                           0
xxdut.xxtrim.tb1                           3.6
xxdut.xxtrim.xr2.11                    3.43768
xxdut.xxtrim.xr2.21                    3.41361
xxdut.xxtrim.c4                        3.41276
t2                                           0
xxdut.xxtrim.tb2                           3.6
xxdut.xxtrim.xr3.11                    3.41261
xxdut.xxtrim.xr3.21                    3.40387
xxdut.xxtrim.c5                        3.40372
t3                                         3.6
xxdut.xxtrim.tb3                    4.8553e-09
xxdut.xxtrim.xr4.11                    3.40361
xxdut.xxtrim.xr4.21                    3.39096
xxdut.xxtrim.c6                        3.39085
t4                                         3.6
xxdut.xxtrim.tb4                    4.8553e-09
xxdut.xxtrim.xr5.11                       3.39
xxdut.xxtrim.xr5.21                    3.19741
xxdut.xxtrim.c7                        3.19656
t5                                           0
xxdut.xxtrim.tb5                           3.6
xxdut.xxtrim.xr6.11                    3.19651
xxdut.xxtrim.xr6.21                    3.17398
xxdut.xxtrim.c8                        3.17393
t6                                         3.6
xxdut.xxtrim.tb6                    4.8553e-09
xxdut.xxtrim.xr7.11                    3.17309
xxdut.xxtrim.xr7.21                    2.40272
xxdut.vc                               2.40187
t7                                           0
xxdut.xxtrim.tb7                           3.6
xxdut.xxcmph.tail                      1.05549
xxdut.xxcmph.dp                        1.61464
xxdut.xxcmph.dn                        1.69208
xxdut.cmph_out                         1.54724
xxdut.xxcmpl.tail                     0.845933
xxdut.xxcmpl.dp                            3.6
xxdut.xxcmpl.dn                        1.16835
xxdut.cmpl_out                      4.8553e-09
clk                                    0.72205
xxdut.qbar                             1.48058
xxdut.mid1                              2.9101
xxdut.mid2                             3.36411
vt7#branch                                   0
vt6#branch                                   0
vt5#branch                                   0
vt4#branch                                   0
vt3#branch                                   0
vt2#branch                                   0
vt1#branch                                   0
vt0#branch                                   0
vdd#branch                        -0.000814472

 Reference value :  0.00000e+00
 Reference value :  4.69263e-08
 Reference value :  1.03585e-07
 Reference value :  1.53843e-07
 Reference value :  2.07449e-07
 Reference value :  2.50210e-07
 Reference value :  3.02044e-07
 Reference value :  3.50122e-07
 Reference value :  3.95634e-07
 Reference value :  4.40379e-07
 Reference value :  4.90166e-07
 Reference value :  5.73618e-07
 Reference value :  6.37561e-07
 Reference value :  6.92694e-07
 Reference value :  7.42425e-07
 Reference value :  8.15475e-07
 Reference value :  8.77952e-07
 Reference value :  9.25879e-07
 Reference value :  9.82208e-07
 Reference value :  1.05863e-06
 Reference value :  1.10477e-06
 Reference value :  1.15567e-06
No. of Data Rows : 6352
ta                  =  8.59169e-08
tb                  =  4.91996e-07
ta = 8.591687e-08
tb = 4.919961e-07
period = 2.030396e-08
fosc = 4.925147e+07
ngspice-46 done

Warning: m=xx on .subckt line will override multiplier m hierarchy!

Note: Starting dynamic gmin stepping
Note: Dynamic gmin stepping completed
