====================================================================
gf180-rcosc PVT corner run: rc_f_T+027C_V3p3_code0x80
run id      : 20260921T173529Z
process     : rc_f (fets=typical res=res_ff mimcap=mimcap_ff)
temperature : 27 C
supply      : 3.3 V
trim code   : 0x80 (128)
transient   : tran 200p 1200n, f = 20 periods / (t[rise=25] - t[rise=5])
wall clock  : 15.3 s
exit status : 0
====================================================================

Note: Compatibility modes selected: hs a


Circuit: ** sch_path: /users/rwalters/github/gf180-rcosc/.loom/worktrees/issue-43/design/pvt_tb.sch

Doing analysis at TEMP = 27.000000 and TNOM = 27.000000

Using SPARSE 1.3 as Direct Linear Solver

Initial Transient Solution
--------------------------

Node                                   Voltage
----                                   -------
vdd                                        3.3
xxdut.xxbias.xrba.11                   3.29884
xxdut.xxbias.xrba.21                   2.20116
xxdut.vh                                   2.2
xxdut.xxbias.xrbb.11                   2.19884
xxdut.xxbias.xrbb.21                   1.10116
xxdut.vl                                   1.1
xxdut.xxbias.xrbc.11                   1.09884
xxdut.xxbias.xrbc.21                0.00115626
xxdut.ibias                            1.01909
xxdut.xxbias.pb                        2.01373
xxdut.xxbias.n2s                        0.1904
xxdut.xxbias.xrz.11                   0.189778
xxdut.xxbias.xrz.21                 0.00062265
xxdut.xxtrim.xrfix.11                  3.29902
xxdut.xxtrim.xrfix.21                  3.13846
xxdut.xxtrim.c1                        3.13748
xxdut.xxtrim.xr0.11                     3.1365
xxdut.xxtrim.xr0.21                    3.12951
xxdut.xxtrim.c2                        3.12853
t0                                           0
xxdut.xxtrim.tb0                           3.3
xxdut.xxtrim.xr1.11                    3.12755
xxdut.xxtrim.xr1.21                    3.11358
xxdut.xxtrim.c3                        3.11259
t1                                           0
xxdut.xxtrim.tb1                           3.3
xxdut.xxtrim.xr2.11                    3.11161
xxdut.xxtrim.xr2.21                    3.08367
xxdut.xxtrim.c4                        3.08268
t2                                           0
xxdut.xxtrim.tb2                           3.3
xxdut.xxtrim.xr3.11                     3.0817
xxdut.xxtrim.xr3.21                    3.02582
xxdut.xxtrim.c5                        3.02484
t3                                           0
xxdut.xxtrim.tb3                           3.3
xxdut.xxtrim.xr4.11                    3.02385
xxdut.xxtrim.xr4.21                    2.91209
xxdut.xxtrim.c6                         2.9111
t4                                           0
xxdut.xxtrim.tb4                           3.3
xxdut.xxtrim.xr5.11                    2.91012
xxdut.xxtrim.xr5.21                    2.68659
xxdut.xxtrim.c7                        2.68561
t5                                           0
xxdut.xxtrim.tb5                           3.3
xxdut.xxtrim.xr6.11                    2.68462
xxdut.xxtrim.xr6.21                    2.23756
xxdut.xxtrim.c8                        2.23658
t6                                           0
xxdut.xxtrim.tb6                           3.3
xxdut.xxtrim.xr7.11                    2.23654
xxdut.xxtrim.xr7.21                    2.19914
xxdut.vc                                2.1991
t7                                         3.3
xxdut.xxtrim.tb7                   4.20669e-09
xxdut.xxcmph.tail                     0.905429
xxdut.xxcmph.dp                        1.47843
xxdut.xxcmph.dn                        1.44309
xxdut.cmph_out                         1.41389
xxdut.xxcmpl.tail                     0.676723
xxdut.xxcmpl.dp                            3.3
xxdut.xxcmpl.dn                       0.947164
xxdut.cmpl_out                     4.20669e-09
clk                                   0.732615
xxdut.qbar                             1.36549
xxdut.mid1                             2.72002
xxdut.mid2                             3.10393
vt7#branch                                   0
vt6#branch                                   0
vt5#branch                                   0
vt4#branch                                   0
vt3#branch                                   0
vt2#branch                                   0
vt1#branch                                   0
vt0#branch                                   0
vdd#branch                        -0.000687976

 Reference value :  0.00000e+00
 Reference value :  4.47973e-08
 Reference value :  9.79947e-08
 Reference value :  1.54017e-07
 Reference value :  2.02690e-07
 Reference value :  2.56154e-07
 Reference value :  3.09391e-07
 Reference value :  3.67989e-07
 Reference value :  4.22807e-07
 Reference value :  4.78344e-07
 Reference value :  5.34778e-07
 Reference value :  5.86906e-07
 Reference value :  6.36444e-07
 Reference value :  6.88755e-07
 Reference value :  7.45843e-07
 Reference value :  7.98502e-07
 Reference value :  8.54997e-07
 Reference value :  9.06993e-07
 Reference value :  9.58723e-07
 Reference value :  1.02071e-06
 Reference value :  1.07936e-06
 Reference value :  1.13726e-06
 Reference value :  1.18888e-06
No. of Data Rows : 6432
ta                  =  8.06855e-08
tb                  =  4.58431e-07
ta = 8.068552e-08
tb = 4.584308e-07
period = 1.888726e-08
fosc = 5.294573e+07
ngspice-46 done

Warning: m=xx on .subckt line will override multiplier m hierarchy!

Note: Starting dynamic gmin stepping
Note: Dynamic gmin stepping completed
