====================================================================
gf180-rcosc PVT corner run: rc_f_T-040C_V3p0_code0x58
run id      : 20260921T173529Z
process     : rc_f (fets=typical res=res_ff mimcap=mimcap_ff)
temperature : -40 C
supply      : 3 V
trim code   : 0x58 (88)
transient   : tran 200p 1200n, f = 20 periods / (t[rise=25] - t[rise=5])
wall clock  : 18.8 s
exit status : 0
====================================================================

Note: Compatibility modes selected: hs a


Circuit: ** sch_path: /users/rwalters/github/gf180-rcosc/.loom/worktrees/issue-43/design/pvt_tb.sch

Doing analysis at TEMP = -40.000000 and TNOM = 27.000000

Using SPARSE 1.3 as Direct Linear Solver

Initial Transient Solution
--------------------------

Node                                   Voltage
----                                   -------
vdd                                          3
xxdut.xxbias.xrba.11                   2.99832
xxdut.xxbias.xrba.21                   2.00168
xxdut.vh                                     2
xxdut.xxbias.xrbb.11                   1.99832
xxdut.xxbias.xrbb.21                   1.00168
xxdut.vl                                     1
xxdut.xxbias.xrbc.11                  0.998317
xxdut.xxbias.xrbc.21                0.00168312
xxdut.ibias                           0.974479
xxdut.xxbias.pb                        1.80261
xxdut.xxbias.n2s                      0.131231
xxdut.xxbias.xrz.11                   0.130545
xxdut.xxbias.xrz.21                0.000685339
xxdut.xxtrim.xrfix.11                  2.99887
xxdut.xxtrim.xrfix.21                  2.88372
xxdut.xxtrim.c1                        2.88259
xxdut.xxtrim.xr0.11                    2.88146
xxdut.xxtrim.xr0.21                    2.87645
xxdut.xxtrim.c2                        2.87532
t0                                           0
xxdut.xxtrim.tb0                             3
xxdut.xxtrim.xr1.11                    2.87419
xxdut.xxtrim.xr1.21                    2.86417
xxdut.xxtrim.c3                        2.86304
t1                                           0
xxdut.xxtrim.tb1                             3
xxdut.xxtrim.xr2.11                    2.86191
xxdut.xxtrim.xr2.21                    2.84187
xxdut.xxtrim.c4                        2.84074
t2                                           0
xxdut.xxtrim.tb2                             3
xxdut.xxtrim.xr3.11                    2.84056
xxdut.xxtrim.xr3.21                    2.83406
xxdut.xxtrim.c5                        2.83388
t3                                           3
xxdut.xxtrim.tb3                   3.03766e-09
xxdut.xxtrim.xr4.11                    2.83374
xxdut.xxtrim.xr4.21                     2.8243
xxdut.xxtrim.c6                        2.82417
t4                                           3
xxdut.xxtrim.tb4                   3.03766e-09
xxdut.xxtrim.xr5.11                    2.82304
xxdut.xxtrim.xr5.21                    2.66273
xxdut.xxtrim.c7                         2.6616
t5                                           0
xxdut.xxtrim.tb5                             3
xxdut.xxtrim.xr6.11                    2.66154
xxdut.xxtrim.xr6.21                    2.64454
xxdut.xxtrim.c8                        2.64448
t6                                           3
xxdut.xxtrim.tb6                   3.03766e-09
xxdut.xxtrim.xr7.11                    2.64335
xxdut.xxtrim.xr7.21                     2.0021
xxdut.vc                               2.00097
t7                                           0
xxdut.xxtrim.tb7                             3
xxdut.xxcmph.tail                     0.787423
xxdut.xxcmph.dp                        1.34324
xxdut.xxcmph.dn                        1.41603
xxdut.cmph_out                         1.29364
xxdut.xxcmpl.tail                     0.697706
xxdut.xxcmpl.dp                              3
xxdut.xxcmpl.dn                        1.08058
xxdut.cmpl_out                     3.03766e-09
clk                                   0.774446
xxdut.qbar                             1.26259
xxdut.mid1                             2.55542
xxdut.mid2                             2.85996
vt7#branch                                   0
vt6#branch                                   0
vt5#branch                                   0
vt4#branch                                   0
vt3#branch                                   0
vt2#branch                                   0
vt1#branch                                   0
vt0#branch                                   0
vdd#branch                        -0.000500847

 Reference value :  0.00000e+00
 Reference value :  4.66348e-08
 Reference value :  8.63934e-08
 Reference value :  1.30788e-07
 Reference value :  1.76978e-07
 Reference value :  2.18974e-07
 Reference value :  2.67540e-07
 Reference value :  3.18052e-07
 Reference value :  3.58372e-07
 Reference value :  4.03716e-07
 Reference value :  4.56959e-07
 Reference value :  5.04603e-07
 Reference value :  5.56372e-07
 Reference value :  6.18630e-07
 Reference value :  6.79573e-07
 Reference value :  7.31202e-07
 Reference value :  7.85893e-07
 Reference value :  8.43729e-07
 Reference value :  8.95918e-07
 Reference value :  9.48179e-07
 Reference value :  9.93642e-07
 Reference value :  1.04694e-06
 Reference value :  1.10014e-06
 Reference value :  1.15251e-06
No. of Data Rows : 6560
ta                  =  9.58003e-08
tb                  =  5.50324e-07
ta = 9.580028e-08
tb = 5.503240e-07
period = 2.272619e-08
fosc = 4.400210e+07
ngspice-46 done

Warning: m=xx on .subckt line will override multiplier m hierarchy!

Note: Starting dynamic gmin stepping
Warning: Dynamic gmin stepping failed
Note: Starting true gmin stepping
Note: True gmin stepping completed
