====================================================================
gf180-rcosc PVT corner run: rc_f_T-040C_V3p0_code0x9D
run id      : 20260921T173529Z
process     : rc_f (fets=typical res=res_ff mimcap=mimcap_ff)
temperature : -40 C
supply      : 3 V
trim code   : 0x9D (157)
transient   : tran 200p 1200n, f = 20 periods / (t[rise=25] - t[rise=5])
wall clock  : 17.8 s
exit status : 0
====================================================================

Note: Compatibility modes selected: hs a


Circuit: ** sch_path: /users/rwalters/github/gf180-rcosc/.loom/worktrees/issue-43/design/pvt_tb.sch

Doing analysis at TEMP = -40.000000 and TNOM = 27.000000

Using SPARSE 1.3 as Direct Linear Solver

Initial Transient Solution
--------------------------

Node                                   Voltage
----                                   -------
vdd                                          3
xxdut.xxbias.xrba.11                   2.99832
xxdut.xxbias.xrba.21                   2.00168
xxdut.vh                                     2
xxdut.xxbias.xrbb.11                   1.99832
xxdut.xxbias.xrbb.21                   1.00168
xxdut.vl                                     1
xxdut.xxbias.xrbc.11                  0.998317
xxdut.xxbias.xrbc.21                0.00168312
xxdut.ibias                           0.974479
xxdut.xxbias.pb                        1.80261
xxdut.xxbias.n2s                      0.131231
xxdut.xxbias.xrz.11                   0.130545
xxdut.xxbias.xrz.21                0.000685339
xxdut.xxtrim.xrfix.11                  2.99831
xxdut.xxtrim.xrfix.21                  2.82671
xxdut.xxtrim.c1                        2.82502
xxdut.xxtrim.xr0.11                    2.82456
xxdut.xxtrim.xr0.21                    2.82251
xxdut.xxtrim.c2                        2.82205
t0                                           3
xxdut.xxtrim.tb0                   3.03766e-09
xxdut.xxtrim.xr1.11                    2.82036
xxdut.xxtrim.xr1.21                    2.80543
xxdut.xxtrim.c3                        2.80375
t1                                           0
xxdut.xxtrim.tb1                             3
xxdut.xxtrim.xr2.11                    2.80341
xxdut.xxtrim.xr2.21                    2.79746
xxdut.xxtrim.c4                        2.79712
t2                                           3
xxdut.xxtrim.tb2                   3.03766e-09
xxdut.xxtrim.xr3.11                    2.79685
xxdut.xxtrim.xr3.21                    2.78698
xxdut.xxtrim.c5                        2.78671
t3                                           3
xxdut.xxtrim.tb3                   3.03766e-09
xxdut.xxtrim.xr4.11                     2.7865
xxdut.xxtrim.xr4.21                    2.77214
xxdut.xxtrim.c6                        2.77194
t4                                           3
xxdut.xxtrim.tb4                   3.03766e-09
xxdut.xxtrim.xr5.11                    2.77025
xxdut.xxtrim.xr5.21                    2.53133
xxdut.xxtrim.c7                        2.52964
t5                                           0
xxdut.xxtrim.tb5                             3
xxdut.xxtrim.xr6.11                    2.52796
xxdut.xxtrim.xr6.21                    2.05011
xxdut.xxtrim.c8                        2.04843
t6                                           0
xxdut.xxtrim.tb6                             3
xxdut.xxtrim.xr7.11                    2.04834
xxdut.xxtrim.xr7.21                    2.00105
xxdut.vc                               2.00097
t7                                           3
xxdut.xxtrim.tb7                   3.03766e-09
xxdut.xxcmph.tail                     0.787423
xxdut.xxcmph.dp                        1.34331
xxdut.xxcmph.dn                        1.41603
xxdut.cmph_out                         1.28841
xxdut.xxcmpl.tail                     0.697706
xxdut.xxcmpl.dp                              3
xxdut.xxcmpl.dn                        1.08058
xxdut.cmpl_out                     3.03766e-09
clk                                   0.795728
xxdut.qbar                             1.26221
xxdut.mid1                             2.56824
xxdut.mid2                             2.85992
vt7#branch                                   0
vt6#branch                                   0
vt5#branch                                   0
vt4#branch                                   0
vt3#branch                                   0
vt2#branch                                   0
vt1#branch                                   0
vt0#branch                                   0
vdd#branch                        -0.000507637

 Reference value :  0.00000e+00
 Reference value :  4.75876e-08
 Reference value :  9.72654e-08
 Reference value :  1.37771e-07
 Reference value :  1.89803e-07
 Reference value :  2.40585e-07
 Reference value :  2.94577e-07
 Reference value :  3.43562e-07
 Reference value :  3.98606e-07
 Reference value :  4.46451e-07
 Reference value :  4.96375e-07
 Reference value :  5.48532e-07
 Reference value :  5.99356e-07
 Reference value :  6.50250e-07
 Reference value :  6.97024e-07
 Reference value :  7.48155e-07
 Reference value :  8.01872e-07
 Reference value :  8.58634e-07
 Reference value :  9.11128e-07
 Reference value :  9.59023e-07
 Reference value :  1.00435e-06
 Reference value :  1.05788e-06
 Reference value :  1.10851e-06
 Reference value :  1.16059e-06
No. of Data Rows : 6592
ta                  =  8.09450e-08
tb                  =  4.41601e-07
ta = 8.094495e-08
tb = 4.416010e-07
period = 1.803280e-08
fosc = 5.545450e+07
ngspice-46 done

Warning: m=xx on .subckt line will override multiplier m hierarchy!

Note: Starting dynamic gmin stepping
Warning: Dynamic gmin stepping failed
Note: Starting true gmin stepping
Note: True gmin stepping completed
