====================================================================
gf180-rcosc PVT corner run: rc_s_T+027C_V3p0_code0xBE
run id      : 20260921T173529Z
process     : rc_s (fets=typical res=res_ss mimcap=mimcap_ss)
temperature : 27 C
supply      : 3 V
trim code   : 0xBE (190)
transient   : tran 200p 1200n, f = 20 periods / (t[rise=25] - t[rise=5])
wall clock  : 15.5 s
exit status : 0
====================================================================

Note: Compatibility modes selected: hs a


Circuit: ** sch_path: /users/rwalters/github/gf180-rcosc/.loom/worktrees/issue-43/design/pvt_tb.sch

Doing analysis at TEMP = 27.000000 and TNOM = 27.000000

Using SPARSE 1.3 as Direct Linear Solver

Initial Transient Solution
--------------------------

Node                                   Voltage
----                                   -------
vdd                                          3
xxdut.xxbias.xrba.11                    2.9993
xxdut.xxbias.xrba.21                    2.0007
xxdut.vh                                     2
xxdut.xxbias.xrbb.11                    1.9993
xxdut.xxbias.xrbb.21                    1.0007
xxdut.vl                                     1
xxdut.xxbias.xrbc.11                  0.999299
xxdut.xxbias.xrbc.21               0.000701252
xxdut.ibias                           0.913975
xxdut.xxbias.pb                        1.86421
xxdut.xxbias.n2s                      0.145663
xxdut.xxbias.xrz.11                   0.145345
xxdut.xxbias.xrz.21                 0.00031826
xxdut.xxtrim.xrfix.11                  2.99906
xxdut.xxtrim.xrfix.21                  2.76928
xxdut.xxtrim.c1                        2.76834
xxdut.xxtrim.xr0.11                     2.7674
xxdut.xxtrim.xr0.21                     2.7574
xxdut.xxtrim.c2                        2.75646
t0                                           0
xxdut.xxtrim.tb0                             3
xxdut.xxtrim.xr1.11                    2.75623
xxdut.xxtrim.xr1.21                    2.75127
xxdut.xxtrim.c3                        2.75103
t1                                           3
xxdut.xxtrim.tb1                   3.84915e-09
xxdut.xxtrim.xr2.11                    2.75086
xxdut.xxtrim.xr2.21                    2.74335
xxdut.xxtrim.c4                        2.74318
t2                                           3
xxdut.xxtrim.tb2                   3.84915e-09
xxdut.xxtrim.xr3.11                    2.74304
xxdut.xxtrim.xr3.21                    2.73093
xxdut.xxtrim.c5                        2.73079
t3                                           3
xxdut.xxtrim.tb3                   3.84915e-09
xxdut.xxtrim.xr4.11                    2.73069
xxdut.xxtrim.xr4.21                    2.71336
xxdut.xxtrim.c6                        2.71326
t4                                           3
xxdut.xxtrim.tb4                   3.84915e-09
xxdut.xxtrim.xr5.11                    2.71319
xxdut.xxtrim.xr5.21                    2.69109
xxdut.xxtrim.c7                        2.69102
t5                                           3
xxdut.xxtrim.tb5                   3.84915e-09
xxdut.xxtrim.xr6.11                    2.69008
xxdut.xxtrim.xr6.21                    2.05025
xxdut.xxtrim.c8                        2.04931
t6                                           0
xxdut.xxtrim.tb6                             3
xxdut.xxtrim.xr7.11                    2.04927
xxdut.xxtrim.xr7.21                    2.00187
xxdut.vc                               2.00183
t7                                           3
xxdut.xxtrim.tb7                   3.84915e-09
xxdut.xxcmph.tail                      0.83192
xxdut.xxcmph.dp                        1.34412
xxdut.xxcmph.dn                        1.46483
xxdut.cmph_out                         1.28575
xxdut.xxcmpl.tail                     0.735426
xxdut.xxcmpl.dp                              3
xxdut.xxcmpl.dn                        1.12128
xxdut.cmpl_out                     3.84915e-09
clk                                    0.73069
xxdut.qbar                             1.25341
xxdut.mid1                             2.52089
xxdut.mid2                             2.84311
vt7#branch                                   0
vt6#branch                                   0
vt5#branch                                   0
vt4#branch                                   0
vt3#branch                                   0
vt2#branch                                   0
vt1#branch                                   0
vt0#branch                                   0
vdd#branch                        -0.000446794

 Reference value :  0.00000e+00
 Reference value :  4.82420e-08
 Reference value :  9.34677e-08
 Reference value :  1.40231e-07
 Reference value :  1.88260e-07
 Reference value :  2.34269e-07
 Reference value :  2.79873e-07
 Reference value :  3.43805e-07
 Reference value :  4.13965e-07
 Reference value :  4.78688e-07
 Reference value :  5.27484e-07
 Reference value :  5.91652e-07
 Reference value :  6.59385e-07
 Reference value :  7.11495e-07
 Reference value :  7.64505e-07
 Reference value :  8.40295e-07
 Reference value :  8.94078e-07
 Reference value :  9.39504e-07
 Reference value :  1.00623e-06
 Reference value :  1.09017e-06
 Reference value :  1.15208e-06
No. of Data Rows : 6365
ta                  =  9.12739e-08
tb                  =  5.25677e-07
ta = 9.127386e-08
tb = 5.256772e-07
period = 2.172017e-08
fosc = 4.604016e+07
ngspice-46 done

Warning: m=xx on .subckt line will override multiplier m hierarchy!

Note: Starting dynamic gmin stepping
Warning: Dynamic gmin stepping failed
Note: Starting true gmin stepping
Note: True gmin stepping completed
