====================================================================
gf180-rcosc PVT corner run: rc_s_T+027C_V3p3_code0xB7
run id      : 20260921T173529Z
process     : rc_s (fets=typical res=res_ss mimcap=mimcap_ss)
temperature : 27 C
supply      : 3.3 V
trim code   : 0xB7 (183)
transient   : tran 200p 1200n, f = 20 periods / (t[rise=25] - t[rise=5])
wall clock  : 6.6 s
exit status : 0
====================================================================

Note: Compatibility modes selected: hs a


Circuit: ** sch_path: /users/rwalters/github/gf180-rcosc/.loom/worktrees/issue-43/design/pvt_tb.sch

Doing analysis at TEMP = 27.000000 and TNOM = 27.000000

Using SPARSE 1.3 as Direct Linear Solver

Initial Transient Solution
--------------------------

Node                                   Voltage
----                                   -------
vdd                                        3.3
xxdut.xxbias.xrba.11                   3.29923
xxdut.xxbias.xrba.21                   2.20077
xxdut.vh                                   2.2
xxdut.xxbias.xrbb.11                   2.19923
xxdut.xxbias.xrbb.21                   1.10077
xxdut.vl                                   1.1
xxdut.xxbias.xrbc.11                   1.09923
xxdut.xxbias.xrbc.21               0.000771378
xxdut.ibias                           0.929325
xxdut.xxbias.pb                        2.14298
xxdut.xxbias.n2s                      0.154761
xxdut.xxbias.xrz.11                   0.154423
xxdut.xxbias.xrz.21                0.000338137
xxdut.xxtrim.xrfix.11                  3.29902
xxdut.xxtrim.xrfix.21                  3.05799
xxdut.xxtrim.c1                        3.05701
xxdut.xxtrim.xr0.11                    3.05674
xxdut.xxtrim.xr0.21                    3.05389
xxdut.xxtrim.c2                        3.05362
t0                                         3.3
xxdut.xxtrim.tb0                   4.20669e-09
xxdut.xxtrim.xr1.11                    3.05339
xxdut.xxtrim.xr1.21                     3.0485
xxdut.xxtrim.c3                        3.04827
t1                                         3.3
xxdut.xxtrim.tb1                   4.20669e-09
xxdut.xxtrim.xr2.11                    3.04809
xxdut.xxtrim.xr2.21                    3.04074
xxdut.xxtrim.c4                        3.04057
t2                                         3.3
xxdut.xxtrim.tb2                   4.20669e-09
xxdut.xxtrim.xr3.11                    3.03958
xxdut.xxtrim.xr3.21                    2.95569
xxdut.xxtrim.c5                        2.95471
t3                                           0
xxdut.xxtrim.tb3                           3.3
xxdut.xxtrim.xr4.11                    2.95461
xxdut.xxtrim.xr4.21                     2.9373
xxdut.xxtrim.c6                        2.93719
t4                                         3.3
xxdut.xxtrim.tb4                   4.20669e-09
xxdut.xxtrim.xr5.11                    2.93713
xxdut.xxtrim.xr5.21                    2.91513
xxdut.xxtrim.c7                        2.91506
t5                                         3.3
xxdut.xxtrim.tb5                   4.20669e-09
xxdut.xxtrim.xr6.11                    2.91408
xxdut.xxtrim.xr6.21                    2.24295
xxdut.xxtrim.c8                        2.24196
t6                                           0
xxdut.xxtrim.tb6                           3.3
xxdut.xxtrim.xr7.11                    2.24194
xxdut.xxtrim.xr7.21                    2.20363
xxdut.vc                               2.20361
t7                                         3.3
xxdut.xxtrim.tb7                   4.20669e-09
xxdut.xxcmph.tail                     0.981409
xxdut.xxcmph.dp                        1.47843
xxdut.xxcmph.dn                        1.71738
xxdut.cmph_out                         1.41388
xxdut.xxcmpl.tail                     0.881257
xxdut.xxcmpl.dp                            3.3
xxdut.xxcmpl.dn                        1.35048
xxdut.cmpl_out                     4.20669e-09
clk                                   0.732642
xxdut.qbar                             1.36548
xxdut.mid1                             2.72003
xxdut.mid2                             3.10393
vt7#branch                                   0
vt6#branch                                   0
vt5#branch                                   0
vt4#branch                                   0
vt3#branch                                   0
vt2#branch                                   0
vt1#branch                                   0
vt0#branch                                   0
vdd#branch                        -0.000559639

 Reference value :  0.00000e+00
 Reference value :  7.00591e-08
 Reference value :  1.18775e-07
 Reference value :  1.82528e-07
 Reference value :  2.51849e-07
 Reference value :  3.12729e-07
 Reference value :  3.59368e-07
 Reference value :  4.15328e-07
 Reference value :  4.68888e-07
 Reference value :  5.19482e-07
 Reference value :  5.73301e-07
 Reference value :  6.26909e-07
 Reference value :  7.17654e-07
 Reference value :  7.96974e-07
 Reference value :  8.61011e-07
 Reference value :  9.17670e-07
 Reference value :  9.83161e-07
 Reference value :  1.03759e-06
 Reference value :  1.09835e-06
 Reference value :  1.14711e-06
No. of Data Rows : 6457
ta                  =  9.42663e-08
tb                  =  5.31934e-07
ta = 9.426628e-08
tb = 5.319341e-07
period = 2.188339e-08
fosc = 4.569676e+07
ngspice-46 done

Warning: m=xx on .subckt line will override multiplier m hierarchy!

Note: Starting dynamic gmin stepping
Note: Dynamic gmin stepping completed
