====================================================================
gf180-rcosc PVT corner run: rc_s_T+085C_V3p0_code0x9D
run id      : 20260921T173529Z
process     : rc_s (fets=typical res=res_ss mimcap=mimcap_ss)
temperature : 85 C
supply      : 3 V
trim code   : 0x9D (157)
transient   : tran 200p 1200n, f = 20 periods / (t[rise=25] - t[rise=5])
wall clock  : 10.2 s
exit status : 0
====================================================================

Note: Compatibility modes selected: hs a


Circuit: ** sch_path: /users/rwalters/github/gf180-rcosc/.loom/worktrees/issue-43/design/pvt_tb.sch

Doing analysis at TEMP = 85.000000 and TNOM = 27.000000

Using SPARSE 1.3 as Direct Linear Solver

Initial Transient Solution
--------------------------

Node                                   Voltage
----                                   -------
vdd                                          3
xxdut.xxbias.xrba.11                   2.99949
xxdut.xxbias.xrba.21                   2.00051
xxdut.vh                                     2
xxdut.xxbias.xrbb.11                   1.99949
xxdut.xxbias.xrbb.21                   1.00051
xxdut.vl                                     1
xxdut.xxbias.xrbc.11                  0.999494
xxdut.xxbias.xrbc.21               0.000506103
xxdut.ibias                            0.92062
xxdut.xxbias.pb                        1.83643
xxdut.xxbias.n2s                      0.179303
xxdut.xxbias.xrz.11                    0.17902
xxdut.xxbias.xrz.21                0.000282972
xxdut.xxtrim.xrfix.11                  2.99948
xxdut.xxtrim.xrfix.21                  2.82418
xxdut.xxtrim.c1                        2.82366
xxdut.xxtrim.xr0.11                    2.82349
xxdut.xxtrim.xr0.21                      2.821
xxdut.xxtrim.c2                        2.82083
t0                                           3
xxdut.xxtrim.tb0                   4.81375e-09
xxdut.xxtrim.xr1.11                    2.82032
xxdut.xxtrim.xr1.21                    2.80506
xxdut.xxtrim.c3                        2.80455
t1                                           0
xxdut.xxtrim.tb1                             3
xxdut.xxtrim.xr2.11                    2.80444
xxdut.xxtrim.xr2.21                    2.79798
xxdut.xxtrim.c4                        2.79787
t2                                           3
xxdut.xxtrim.tb2                   4.81375e-09
xxdut.xxtrim.xr3.11                    2.79778
xxdut.xxtrim.xr3.21                    2.78737
xxdut.xxtrim.c5                        2.78728
t3                                           3
xxdut.xxtrim.tb3                   4.81375e-09
xxdut.xxtrim.xr4.11                    2.78722
xxdut.xxtrim.xr4.21                    2.77227
xxdut.xxtrim.c6                        2.77221
t4                                           3
xxdut.xxtrim.tb4                   4.81375e-09
xxdut.xxtrim.xr5.11                    2.77169
xxdut.xxtrim.xr5.21                    2.52762
xxdut.xxtrim.c7                         2.5271
t5                                           0
xxdut.xxtrim.tb5                             3
xxdut.xxtrim.xr6.11                    2.52659
xxdut.xxtrim.xr6.21                    2.03844
xxdut.xxtrim.c8                        2.03793
t6                                           0
xxdut.xxtrim.tb6                             3
xxdut.xxtrim.xr7.11                    2.03791
xxdut.xxtrim.xr7.21                    1.99976
xxdut.vc                               1.99974
t7                                           3
xxdut.xxtrim.tb7                   4.81375e-09
xxdut.xxcmph.tail                     0.821118
xxdut.xxcmph.dp                        1.34703
xxdut.xxcmph.dn                        1.33637
xxdut.cmph_out                         1.28939
xxdut.xxcmpl.tail                     0.636714
xxdut.xxcmpl.dp                              3
xxdut.xxcmpl.dn                        0.90767
xxdut.cmpl_out                     4.81375e-09
clk                                   0.662745
xxdut.qbar                              1.2494
xxdut.mid1                             2.47196
xxdut.mid2                             2.82916
vt7#branch                                   0
vt6#branch                                   0
vt5#branch                                   0
vt4#branch                                   0
vt3#branch                                   0
vt2#branch                                   0
vt1#branch                                   0
vt0#branch                                   0
vdd#branch                        -0.000471555

 Reference value :  0.00000e+00
 Reference value :  5.90376e-08
 Reference value :  1.27403e-07
 Reference value :  1.89810e-07
 Reference value :  2.51862e-07
 Reference value :  3.17006e-07
 Reference value :  3.83580e-07
 Reference value :  4.47016e-07
 Reference value :  5.14002e-07
 Reference value :  5.78340e-07
 Reference value :  6.37343e-07
 Reference value :  6.99233e-07
 Reference value :  7.60481e-07
 Reference value :  8.34812e-07
 Reference value :  8.99950e-07
 Reference value :  9.63821e-07
 Reference value :  1.02943e-06
 Reference value :  1.09738e-06
 Reference value :  1.15985e-06
No. of Data Rows : 6216
ta                  =  1.08371e-07
tb                  =  6.26527e-07
ta = 1.083711e-07
tb = 6.265275e-07
period = 2.590782e-08
fosc = 3.859838e+07
ngspice-46 done

Warning: m=xx on .subckt line will override multiplier m hierarchy!

Note: Starting dynamic gmin stepping
Note: Dynamic gmin stepping completed
