====================================================================
gf180-rcosc PVT corner run: sf_T+085C_V3p6_code0xA3
run id      : 20260921T173529Z
process     : sf (fets=sf res=res_typical mimcap=mimcap_typical)
temperature : 85 C
supply      : 3.6 V
trim code   : 0xA3 (163)
transient   : tran 200p 1200n, f = 20 periods / (t[rise=25] - t[rise=5])
wall clock  : 17.7 s
exit status : 0
====================================================================

Note: Compatibility modes selected: hs a


Circuit: ** sch_path: /users/rwalters/github/gf180-rcosc/.loom/worktrees/issue-43/design/pvt_tb.sch

Doing analysis at TEMP = 85.000000 and TNOM = 27.000000

Using SPARSE 1.3 as Direct Linear Solver

Initial Transient Solution
--------------------------

Node                                   Voltage
----                                   -------
vdd                                        3.6
xxdut.xxbias.xrba.11                   3.59927
xxdut.xxbias.xrba.21                   2.40073
xxdut.vh                                   2.4
xxdut.xxbias.xrbb.11                   2.39927
xxdut.xxbias.xrbb.21                   1.20073
xxdut.vl                                   1.2
xxdut.xxbias.xrbc.11                   1.19927
xxdut.xxbias.xrbc.21                0.00072864
xxdut.ibias                             1.0847
xxdut.xxbias.pb                        2.43875
xxdut.xxbias.n2s                       0.21793
xxdut.xxbias.xrz.11                   0.217518
xxdut.xxbias.xrz.21                0.000412459
xxdut.xxtrim.xrfix.11                  3.59921
xxdut.xxtrim.xrfix.21                  3.37653
xxdut.xxtrim.c1                        3.37574
xxdut.xxtrim.xr0.11                    3.37549
xxdut.xxtrim.xr0.21                    3.37243
xxdut.xxtrim.c2                        3.37218
t0                                         3.6
xxdut.xxtrim.tb0                   7.87922e-09
xxdut.xxtrim.xr1.11                    3.37197
xxdut.xxtrim.xr1.21                    3.36671
xxdut.xxtrim.c3                        3.36649
t1                                         3.6
xxdut.xxtrim.tb1                   7.87922e-09
xxdut.xxtrim.xr2.11                     3.3657
xxdut.xxtrim.xr2.21                    3.32695
xxdut.xxtrim.c4                        3.32616
t2                                           0
xxdut.xxtrim.tb2                           3.6
xxdut.xxtrim.xr3.11                    3.32538
xxdut.xxtrim.xr3.21                    3.24787
xxdut.xxtrim.c5                        3.24708
t3                                           0
xxdut.xxtrim.tb3                           3.6
xxdut.xxtrim.xr4.11                     3.2463
xxdut.xxtrim.xr4.21                    3.09128
xxdut.xxtrim.c6                        3.09049
t4                                           0
xxdut.xxtrim.tb4                           3.6
xxdut.xxtrim.xr5.11                    3.09043
xxdut.xxtrim.xr5.21                    3.06513
xxdut.xxtrim.c7                        3.06506
t5                                         3.6
xxdut.xxtrim.tb5                   7.87922e-09
xxdut.xxtrim.xr6.11                    3.06427
xxdut.xxtrim.xr6.21                    2.44421
xxdut.xxtrim.c8                        2.44343
t6                                           0
xxdut.xxtrim.tb6                           3.6
xxdut.xxtrim.xr7.11                     2.4434
xxdut.xxtrim.xr7.21                    2.40174
xxdut.vc                               2.40171
t7                                         3.6
xxdut.xxtrim.tb7                   7.87922e-09
xxdut.xxcmph.tail                      1.00574
xxdut.xxcmph.dp                        1.74552
xxdut.xxcmph.dn                         1.8366
xxdut.cmph_out                         1.68043
xxdut.xxcmpl.tail                     0.828618
xxdut.xxcmpl.dp                            3.6
xxdut.xxcmpl.dn                        1.31298
xxdut.cmpl_out                     7.87922e-09
clk                                   0.773296
xxdut.qbar                             1.60746
xxdut.mid1                             2.86096
xxdut.mid2                             3.36293
vt7#branch                                   0
vt6#branch                                   0
vt5#branch                                   0
vt4#branch                                   0
vt3#branch                                   0
vt2#branch                                   0
vt1#branch                                   0
vt0#branch                                   0
vdd#branch                        -0.000756294

 Reference value :  0.00000e+00
 Reference value :  4.34146e-08
 Reference value :  8.61131e-08
 Reference value :  1.28481e-07
 Reference value :  1.73065e-07
 Reference value :  2.16293e-07
 Reference value :  2.60591e-07
 Reference value :  3.10174e-07
 Reference value :  3.63477e-07
 Reference value :  4.13863e-07
 Reference value :  4.63022e-07
 Reference value :  5.13830e-07
 Reference value :  5.60657e-07
 Reference value :  6.10013e-07
 Reference value :  6.69172e-07
 Reference value :  7.26899e-07
 Reference value :  7.81862e-07
 Reference value :  8.33654e-07
 Reference value :  8.92664e-07
 Reference value :  9.47521e-07
 Reference value :  1.00507e-06
 Reference value :  1.05137e-06
 Reference value :  1.09861e-06
 Reference value :  1.15703e-06
No. of Data Rows : 6343
ta                  =  8.20150e-08
tb                  =  4.72939e-07
ta = 8.201501e-08
tb = 4.729392e-07
period = 1.954621e-08
fosc = 5.116081e+07
ngspice-46 done

Warning: m=xx on .subckt line will override multiplier m hierarchy!

Note: Starting dynamic gmin stepping
Note: Dynamic gmin stepping completed
