====================================================================
gf180-rcosc PVT corner run: sf_T+027C_V3p0_code0xA3
run id      : 20260921T173529Z
process     : sf (fets=sf res=res_typical mimcap=mimcap_typical)
temperature : 27 C
supply      : 3 V
trim code   : 0xA3 (163)
transient   : tran 200p 1200n, f = 20 periods / (t[rise=25] - t[rise=5])
wall clock  : 17.4 s
exit status : 0
====================================================================

Note: Compatibility modes selected: hs a


Circuit: ** sch_path: /users/rwalters/github/gf180-rcosc/.loom/worktrees/issue-43/design/pvt_tb.sch

Doing analysis at TEMP = 27.000000 and TNOM = 27.000000

Using SPARSE 1.3 as Direct Linear Solver

Initial Transient Solution
--------------------------

Node                                   Voltage
----                                   -------
vdd                                          3
xxdut.xxbias.xrba.11                   2.99916
xxdut.xxbias.xrba.21                   2.00084
xxdut.vh                                     2
xxdut.xxbias.xrbb.11                   1.99916
xxdut.xxbias.xrbb.21                   1.00084
xxdut.vl                                     1
xxdut.xxbias.xrbc.11                  0.999159
xxdut.xxbias.xrbc.21               0.000841267
xxdut.ibias                            1.03038
xxdut.xxbias.pb                        1.92068
xxdut.xxbias.n2s                      0.158151
xxdut.xxbias.xrz.11                   0.157737
xxdut.xxbias.xrz.21                0.000414293
xxdut.xxtrim.xrfix.11                   2.9991
xxdut.xxtrim.xrfix.21                  2.81591
xxdut.xxtrim.c1                        2.81502
xxdut.xxtrim.xr0.11                    2.81475
xxdut.xxtrim.xr0.21                    2.81239
xxdut.xxtrim.c2                        2.81213
t0                                           3
xxdut.xxtrim.tb0                   4.14189e-09
xxdut.xxtrim.xr1.11                     2.8119
xxdut.xxtrim.xr1.21                    2.80779
xxdut.xxtrim.c3                        2.80756
t1                                           3
xxdut.xxtrim.tb1                   4.14189e-09
xxdut.xxtrim.xr2.11                    2.80666
xxdut.xxtrim.xr2.21                    2.77478
xxdut.xxtrim.c4                        2.77389
t2                                           0
xxdut.xxtrim.tb2                             3
xxdut.xxtrim.xr3.11                    2.77299
xxdut.xxtrim.xr3.21                    2.70923
xxdut.xxtrim.c5                        2.70833
t3                                           0
xxdut.xxtrim.tb3                             3
xxdut.xxtrim.xr4.11                    2.70743
xxdut.xxtrim.xr4.21                    2.57991
xxdut.xxtrim.c6                        2.57901
t4                                           0
xxdut.xxtrim.tb4                             3
xxdut.xxtrim.xr5.11                    2.57894
xxdut.xxtrim.xr5.21                    2.55872
xxdut.xxtrim.c7                        2.55865
t5                                           3
xxdut.xxtrim.tb5                   4.14189e-09
xxdut.xxtrim.xr6.11                    2.55775
xxdut.xxtrim.xr6.21                    2.04767
xxdut.xxtrim.c8                        2.04677
t6                                           0
xxdut.xxtrim.tb6                             3
xxdut.xxtrim.xr7.11                    2.04673
xxdut.xxtrim.xr7.21                     2.0005
xxdut.vc                               2.00046
t7                                           3
xxdut.xxtrim.tb7                   4.14189e-09
xxdut.xxcmph.tail                     0.734165
xxdut.xxcmph.dp                        1.45477
xxdut.xxcmph.dn                        1.48829
xxdut.cmph_out                         1.40313
xxdut.xxcmpl.tail                     0.624306
xxdut.xxcmpl.dp                              3
xxdut.xxcmpl.dn                        1.11381
xxdut.cmpl_out                     4.14189e-09
clk                                    0.80998
xxdut.qbar                             1.36502
xxdut.mid1                             2.50442
xxdut.mid2                             2.85011
vt7#branch                                   0
vt6#branch                                   0
vt5#branch                                   0
vt4#branch                                   0
vt3#branch                                   0
vt2#branch                                   0
vt1#branch                                   0
vt0#branch                                   0
vdd#branch                        -0.000490745

 Reference value :  0.00000e+00
 Reference value :  4.63170e-08
 Reference value :  9.24897e-08
 Reference value :  1.36638e-07
 Reference value :  1.81613e-07
 Reference value :  2.25146e-07
 Reference value :  2.69383e-07
 Reference value :  3.13535e-07
 Reference value :  3.60469e-07
 Reference value :  4.07977e-07
 Reference value :  4.64001e-07
 Reference value :  5.10996e-07
 Reference value :  5.56258e-07
 Reference value :  6.06750e-07
 Reference value :  6.52758e-07
 Reference value :  7.05219e-07
 Reference value :  7.59965e-07
 Reference value :  8.20752e-07
 Reference value :  8.70615e-07
 Reference value :  9.28206e-07
 Reference value :  9.80407e-07
 Reference value :  1.03758e-06
 Reference value :  1.09292e-06
 Reference value :  1.14025e-06
 Reference value :  1.19173e-06
No. of Data Rows : 6375
ta                  =  9.22317e-08
tb                  =  5.33476e-07
ta = 9.223174e-08
tb = 5.334757e-07
period = 2.206220e-08
fosc = 4.532640e+07
ngspice-46 done

Warning: m=xx on .subckt line will override multiplier m hierarchy!

Note: Starting dynamic gmin stepping
Note: Dynamic gmin stepping completed
