====================================================================
gf180-rcosc PVT corner run: sf_T+027C_V3p3_code0x7F
run id      : 20260921T173529Z
process     : sf (fets=sf res=res_typical mimcap=mimcap_typical)
temperature : 27 C
supply      : 3.3 V
trim code   : 0x7F (127)
transient   : tran 200p 1200n, f = 20 periods / (t[rise=25] - t[rise=5])
wall clock  : 22.4 s
exit status : 0
====================================================================

Note: Compatibility modes selected: hs a


Circuit: ** sch_path: /users/rwalters/github/gf180-rcosc/.loom/worktrees/issue-43/design/pvt_tb.sch

Doing analysis at TEMP = 27.000000 and TNOM = 27.000000

Using SPARSE 1.3 as Direct Linear Solver

Initial Transient Solution
--------------------------

Node                                   Voltage
----                                   -------
vdd                                        3.3
xxdut.xxbias.xrba.11                   3.29907
xxdut.xxbias.xrba.21                   2.20093
xxdut.vh                                   2.2
xxdut.xxbias.xrbb.11                   2.19907
xxdut.xxbias.xrbb.21                   1.10093
xxdut.vl                                   1.1
xxdut.xxbias.xrbc.11                   1.09907
xxdut.xxbias.xrbc.21               0.000925394
xxdut.ibias                             1.0433
xxdut.xxbias.pb                        2.20391
xxdut.xxbias.n2s                      0.165831
xxdut.xxbias.xrz.11                   0.165397
xxdut.xxbias.xrz.21                0.000434411
xxdut.xxtrim.xrfix.11                  3.29923
xxdut.xxtrim.xrfix.21                  3.14248
xxdut.xxtrim.c1                        3.14171
xxdut.xxtrim.xr0.11                     3.1415
xxdut.xxtrim.xr0.21                    3.13959
xxdut.xxtrim.c2                        3.13938
t0                                         3.3
xxdut.xxtrim.tb0                   4.56436e-09
xxdut.xxtrim.xr1.11                    3.13919
xxdut.xxtrim.xr1.21                    3.13589
xxdut.xxtrim.c3                         3.1357
t1                                         3.3
xxdut.xxtrim.tb1                   4.56436e-09
xxdut.xxtrim.xr2.11                    3.13556
xxdut.xxtrim.xr2.21                    3.13055
xxdut.xxtrim.c4                        3.13041
t2                                         3.3
xxdut.xxtrim.tb2                   4.56436e-09
xxdut.xxtrim.xr3.11                    3.13029
xxdut.xxtrim.xr3.21                    3.12221
xxdut.xxtrim.c5                        3.12209
t3                                         3.3
xxdut.xxtrim.tb3                   4.56436e-09
xxdut.xxtrim.xr4.11                    3.12201
xxdut.xxtrim.xr4.21                    3.11047
xxdut.xxtrim.c6                        3.11039
t4                                         3.3
xxdut.xxtrim.tb4                   4.56436e-09
xxdut.xxtrim.xr5.11                    3.11034
xxdut.xxtrim.xr5.21                    3.09569
xxdut.xxtrim.c7                        3.09564
t5                                         3.3
xxdut.xxtrim.tb5                   4.56436e-09
xxdut.xxtrim.xr6.11                     3.0956
xxdut.xxtrim.xr6.21                    3.07659
xxdut.xxtrim.c8                        3.07656
t6                                         3.3
xxdut.xxtrim.tb6                   4.56436e-09
xxdut.xxtrim.xr7.11                    3.07579
xxdut.xxtrim.xr7.21                    2.20284
xxdut.vc                               2.20207
t7                                           0
xxdut.xxtrim.tb7                           3.3
xxdut.xxcmph.tail                      0.88371
xxdut.xxcmph.dp                        1.59527
xxdut.xxcmph.dn                        1.74967
xxdut.cmph_out                         1.54215
xxdut.xxcmpl.tail                     0.769691
xxdut.xxcmpl.dp                            3.3
xxdut.xxcmpl.dn                         1.3554
xxdut.cmpl_out                     4.56436e-09
clk                                    0.79906
xxdut.qbar                             1.48339
xxdut.mid1                             2.69212
xxdut.mid2                             3.11234
vt7#branch                                   0
vt6#branch                                   0
vt5#branch                                   0
vt4#branch                                   0
vt3#branch                                   0
vt2#branch                                   0
vt1#branch                                   0
vt0#branch                                   0
vdd#branch                        -0.000599807

 Reference value :  0.00000e+00
 Reference value :  6.16193e-08
 Reference value :  1.19195e-07
 Reference value :  1.67437e-07
 Reference value :  2.16438e-07
 Reference value :  2.76465e-07
 Reference value :  3.30307e-07
 Reference value :  3.79250e-07
 Reference value :  4.39881e-07
 Reference value :  4.95433e-07
 Reference value :  5.59884e-07
 Reference value :  6.14061e-07
 Reference value :  6.74178e-07
 Reference value :  7.27921e-07
 Reference value :  7.88269e-07
 Reference value :  8.53746e-07
 Reference value :  9.14879e-07
 Reference value :  9.77794e-07
 Reference value :  1.03375e-06
 Reference value :  1.09470e-06
 Reference value :  1.15642e-06
No. of Data Rows : 6403
ta                  =  9.64597e-08
tb                  =  5.59984e-07
ta = 9.645973e-08
tb = 5.599843e-07
period = 2.317623e-08
fosc = 4.314766e+07
ngspice-46 done

Warning: m=xx on .subckt line will override multiplier m hierarchy!

Note: Starting dynamic gmin stepping
Note: Dynamic gmin stepping completed
