====================================================================
gf180-rcosc PVT corner run: sf_T+085C_V3p0_code0x80
run id      : 20260921T173529Z
process     : sf (fets=sf res=res_typical mimcap=mimcap_typical)
temperature : 85 C
supply      : 3 V
trim code   : 0x80 (128)
transient   : tran 200p 1200n, f = 20 periods / (t[rise=25] - t[rise=5])
wall clock  : 14.1 s
exit status : 0
====================================================================

Note: Compatibility modes selected: hs a


Circuit: ** sch_path: /users/rwalters/github/gf180-rcosc/.loom/worktrees/issue-43/design/pvt_tb.sch

Doing analysis at TEMP = 85.000000 and TNOM = 27.000000

Using SPARSE 1.3 as Direct Linear Solver

Initial Transient Solution
--------------------------

Node                                   Voltage
----                                   -------
vdd                                          3
xxdut.xxbias.xrba.11                   2.99939
xxdut.xxbias.xrba.21                   2.00061
xxdut.vh                                     2
xxdut.xxbias.xrbb.11                   1.99939
xxdut.xxbias.xrbb.21                   1.00061
xxdut.vl                                     1
xxdut.xxbias.xrbc.11                  0.999393
xxdut.xxbias.xrbc.21                 0.0006072
xxdut.ibias                            1.05704
xxdut.xxbias.pb                        1.87326
xxdut.xxbias.n2s                      0.201315
xxdut.xxbias.xrz.11                   0.200934
xxdut.xxbias.xrz.21                0.000381012
xxdut.xxtrim.xrfix.11                  2.99948
xxdut.xxtrim.xrfix.21                  2.85315
xxdut.xxtrim.c1                        2.85263
xxdut.xxtrim.xr0.11                    2.85211
xxdut.xxtrim.xr0.21                    2.84575
xxdut.xxtrim.c2                        2.84523
t0                                           0
xxdut.xxtrim.tb0                             3
xxdut.xxtrim.xr1.11                    2.84471
xxdut.xxtrim.xr1.21                    2.83198
xxdut.xxtrim.c3                        2.83146
t1                                           0
xxdut.xxtrim.tb1                             3
xxdut.xxtrim.xr2.11                    2.83094
xxdut.xxtrim.xr2.21                    2.80548
xxdut.xxtrim.c4                        2.80496
t2                                           0
xxdut.xxtrim.tb2                             3
xxdut.xxtrim.xr3.11                    2.80444
xxdut.xxtrim.xr3.21                    2.75351
xxdut.xxtrim.c5                        2.75299
t3                                           0
xxdut.xxtrim.tb3                             3
xxdut.xxtrim.xr4.11                    2.75248
xxdut.xxtrim.xr4.21                    2.65061
xxdut.xxtrim.c6                        2.65009
t4                                           0
xxdut.xxtrim.tb4                             3
xxdut.xxtrim.xr5.11                    2.64957
xxdut.xxtrim.xr5.21                    2.44584
xxdut.xxtrim.c7                        2.44532
t5                                           0
xxdut.xxtrim.tb5                             3
xxdut.xxtrim.xr6.11                    2.44481
xxdut.xxtrim.xr6.21                    2.03733
xxdut.xxtrim.c8                        2.03682
t6                                           0
xxdut.xxtrim.tb6                             3
xxdut.xxtrim.xr7.11                    2.03679
xxdut.xxtrim.xr7.21                    1.99705
xxdut.vc                               1.99702
t7                                           3
xxdut.xxtrim.tb7                   6.61627e-09
xxdut.xxcmph.tail                     0.707375
xxdut.xxcmph.dp                        1.45986
xxdut.xxcmph.dn                        1.31776
xxdut.cmph_out                         1.40879
xxdut.xxcmpl.tail                     0.504861
xxdut.xxcmpl.dp                              3
xxdut.xxcmpl.dn                       0.839861
xxdut.cmpl_out                     6.61641e-09
clk                                   0.745131
xxdut.qbar                             1.36287
xxdut.mid1                             2.45613
xxdut.mid2                             2.83682
vt7#branch                                   0
vt6#branch                                   0
vt5#branch                                   0
vt4#branch                                   0
vt3#branch                                   0
vt2#branch                                   0
vt1#branch                                   0
vt0#branch                                   0
vdd#branch                        -0.000535032

 Reference value :  0.00000e+00
 Reference value :  1.06018e-07
 Reference value :  1.73146e-07
 Reference value :  2.35790e-07
 Reference value :  2.97022e-07
 Reference value :  3.54967e-07
 Reference value :  4.21097e-07
 Reference value :  4.82273e-07
 Reference value :  5.42221e-07
 Reference value :  6.08302e-07
 Reference value :  6.70584e-07
 Reference value :  7.29380e-07
 Reference value :  7.87661e-07
 Reference value :  8.54162e-07
 Reference value :  9.24300e-07
 Reference value :  9.89836e-07
 Reference value :  1.05496e-06
 Reference value :  1.11607e-06
 Reference value :  1.18185e-06
No. of Data Rows : 6251
ta                  =  1.04825e-07
tb                  =  6.04347e-07
ta = 1.048245e-07
tb = 6.043466e-07
period = 2.497610e-08
fosc = 4.003827e+07
ngspice-46 done

Warning: m=xx on .subckt line will override multiplier m hierarchy!

Note: Starting dynamic gmin stepping
Note: Dynamic gmin stepping completed
