====================================================================
gf180-rcosc PVT corner run: ss_T+027C_V3p0_code0xCF
run id      : 20260921T173529Z
process     : ss (fets=ss res=res_ss mimcap=mimcap_ss)
temperature : 27 C
supply      : 3 V
trim code   : 0xCF (207)
transient   : tran 200p 1200n, f = 20 periods / (t[rise=25] - t[rise=5])
wall clock  : 15.0 s
exit status : 0
====================================================================

Note: Compatibility modes selected: hs a


Circuit: ** sch_path: /users/rwalters/github/gf180-rcosc/.loom/worktrees/issue-43/design/pvt_tb.sch

Doing analysis at TEMP = 27.000000 and TNOM = 27.000000

Using SPARSE 1.3 as Direct Linear Solver

Initial Transient Solution
--------------------------

Node                                   Voltage
----                                   -------
vdd                                          3
xxdut.xxbias.xrba.11                    2.9993
xxdut.xxbias.xrba.21                    2.0007
xxdut.vh                                     2
xxdut.xxbias.xrbb.11                    1.9993
xxdut.xxbias.xrbb.21                    1.0007
xxdut.vl                                     1
xxdut.xxbias.xrbc.11                  0.999299
xxdut.xxbias.xrbc.21               0.000701252
xxdut.ibias                            1.02176
xxdut.xxbias.pb                        1.74065
xxdut.xxbias.n2s                      0.141718
xxdut.xxbias.xrz.11                   0.141408
xxdut.xxbias.xrz.21                 0.00030964
xxdut.xxtrim.xrfix.11                  2.99892
xxdut.xxtrim.xrfix.21                  2.73417
xxdut.xxtrim.c1                        2.73308
xxdut.xxtrim.xr0.11                    2.73274
xxdut.xxtrim.xr0.21                    2.72905
xxdut.xxtrim.c2                         2.7287
t0                                           3
xxdut.xxtrim.tb0                   4.17571e-09
xxdut.xxtrim.xr1.11                     2.7284
xxdut.xxtrim.xr1.21                      2.722
xxdut.xxtrim.c3                         2.7217
t1                                           3
xxdut.xxtrim.tb1                   4.17571e-09
xxdut.xxtrim.xr2.11                    2.72147
xxdut.xxtrim.xr2.21                    2.71169
xxdut.xxtrim.c4                        2.71146
t2                                           3
xxdut.xxtrim.tb2                   4.17571e-09
xxdut.xxtrim.xr3.11                    2.71127
xxdut.xxtrim.xr3.21                    2.69536
xxdut.xxtrim.c5                        2.69517
t3                                           3
xxdut.xxtrim.tb3                   4.17571e-09
xxdut.xxtrim.xr4.11                    2.69409
xxdut.xxtrim.xr4.21                    2.50979
xxdut.xxtrim.c6                        2.50871
t4                                           0
xxdut.xxtrim.tb4                             3
xxdut.xxtrim.xr5.11                    2.50763
xxdut.xxtrim.xr5.21                    2.13903
xxdut.xxtrim.c7                        2.13794
t5                                           0
xxdut.xxtrim.tb5                             3
xxdut.xxtrim.xr6.11                    2.13786
xxdut.xxtrim.xr6.21                    2.08098
xxdut.xxtrim.c8                         2.0809
t6                                           3
xxdut.xxtrim.tb6                   4.17571e-09
xxdut.xxtrim.xr7.11                    2.08084
xxdut.xxtrim.xr7.21                    1.99991
xxdut.vc                               1.99986
t7                                           3
xxdut.xxtrim.tb7                   4.17571e-09
xxdut.xxcmph.tail                     0.734859
xxdut.xxcmph.dp                        1.35222
xxdut.xxcmph.dn                        1.34191
xxdut.cmph_out                         1.29235
xxdut.xxcmpl.tail                     0.635999
xxdut.xxcmpl.dp                              3
xxdut.xxcmpl.dn                       0.999422
xxdut.cmpl_out                     4.17571e-09
clk                                    0.85354
xxdut.qbar                             1.27945
xxdut.mid1                             2.61082
xxdut.mid2                             2.87827
vt7#branch                                   0
vt6#branch                                   0
vt5#branch                                   0
vt4#branch                                   0
vt3#branch                                   0
vt2#branch                                   0
vt1#branch                                   0
vt0#branch                                   0
vdd#branch                        -0.000356101

 Reference value :  0.00000e+00
 Reference value :  5.93383e-08
 Reference value :  1.20389e-07
 Reference value :  1.84784e-07
 Reference value :  2.37897e-07
 Reference value :  3.01108e-07
 Reference value :  3.51577e-07
 Reference value :  4.11117e-07
 Reference value :  4.65121e-07
 Reference value :  5.20282e-07
 Reference value :  5.75031e-07
 Reference value :  6.27898e-07
 Reference value :  6.83658e-07
 Reference value :  7.38171e-07
 Reference value :  7.98075e-07
 Reference value :  8.53984e-07
 Reference value :  9.16262e-07
 Reference value :  9.75998e-07
 Reference value :  1.03543e-06
 Reference value :  1.09615e-06
 Reference value :  1.14801e-06
No. of Data Rows : 6408
ta                  =  9.67138e-08
tb                  =  5.51549e-07
ta = 9.671382e-08
tb = 5.515493e-07
period = 2.274177e-08
fosc = 4.397194e+07
ngspice-46 done

Warning: m=xx on .subckt line will override multiplier m hierarchy!

Note: Starting dynamic gmin stepping
Warning: Dynamic gmin stepping failed
Note: Starting true gmin stepping
Note: True gmin stepping completed
