====================================================================
gf180-rcosc PVT corner run: ss_T+027C_V3p3_code0xEF
run id      : 20260921T173529Z
process     : ss (fets=ss res=res_ss mimcap=mimcap_ss)
temperature : 27 C
supply      : 3.3 V
trim code   : 0xEF (239)
transient   : tran 200p 1200n, f = 20 periods / (t[rise=25] - t[rise=5])
wall clock  : 77.2 s
exit status : 0
====================================================================

Note: Compatibility modes selected: hs a


Circuit: ** sch_path: /users/rwalters/github/gf180-rcosc/.loom/worktrees/issue-43/design/pvt_tb.sch

Doing analysis at TEMP = 27.000000 and TNOM = 27.000000

Using SPARSE 1.3 as Direct Linear Solver

Initial Transient Solution
--------------------------

Node                                   Voltage
----                                   -------
vdd                                        3.3
xxdut.xxbias.xrba.11                   3.29924
xxdut.xxbias.xrba.21                   2.21501
xxdut.vh                               2.21424
xxdut.xxbias.xrbb.11                   2.21347
xxdut.xxbias.xrbb.21                    1.1096
xxdut.vl                               1.10883
xxdut.xxbias.xrbc.11                   1.10805
xxdut.xxbias.xrbc.21               0.000777568
xxdut.ibias                            1.04539
xxdut.xxbias.pb                        2.01511
xxdut.xxbias.n2s                      0.155243
xxdut.xxbias.xrz.11                   0.154903
xxdut.xxbias.xrz.21                 0.00033919
xxdut.xxtrim.xrfix.11                  3.29787
xxdut.xxtrim.xrfix.21                  2.77651
xxdut.xxtrim.c1                        2.77438
xxdut.xxtrim.xr0.11                    2.77373
xxdut.xxtrim.xr0.21                    2.76679
xxdut.xxtrim.c2                        2.76614
t0                                         3.3
xxdut.xxtrim.tb0                    0.00237239
xxdut.xxtrim.xr1.11                    2.76564
xxdut.xxtrim.xr1.21                    2.75503
xxdut.xxtrim.c3                        2.75453
t1                                         3.3
xxdut.xxtrim.tb1                     0.0015978
xxdut.xxtrim.xr2.11                    2.75419
xxdut.xxtrim.xr2.21                    2.73948
xxdut.xxtrim.c4                        2.73914
t2                                         3.3
xxdut.xxtrim.tb2                    0.00119578
xxdut.xxtrim.xr3.11                    2.73888
xxdut.xxtrim.xr3.21                    2.71696
xxdut.xxtrim.c5                         2.7167
t3                                         3.3
xxdut.xxtrim.tb3                   0.000852115
xxdut.xxtrim.xr4.11                    2.71533
xxdut.xxtrim.xr4.21                    2.48166
xxdut.xxtrim.c6                        2.48029
t4                                           0
xxdut.xxtrim.tb4                       3.30025
xxdut.xxtrim.xr5.11                    2.48017
xxdut.xxtrim.xr5.21                    2.43846
xxdut.xxtrim.c7                        2.43834
t5                                         3.3
xxdut.xxtrim.tb5                   0.000443888
xxdut.xxtrim.xr6.11                    2.43826
xxdut.xxtrim.xr6.21                    2.38569
xxdut.xxtrim.c8                        2.38561
t6                                         3.3
xxdut.xxtrim.tb6                   0.000254007
xxdut.xxtrim.xr7.11                    2.38557
xxdut.xxtrim.xr7.21                    2.31865
xxdut.vc                                2.3186
t7                                         3.3
xxdut.xxtrim.tb7                   0.000134415
xxdut.xxcmph.tail                     0.932088
xxdut.xxcmph.dp                        2.02286
xxdut.xxcmph.dn                        1.66834
xxdut.cmph_out                       0.0217182
xxdut.xxcmpl.tail                     0.847607
xxdut.xxcmpl.dp                        3.29664
xxdut.xxcmpl.dn                        1.18163
xxdut.cmpl_out                      -0.0209848
clk                                0.000263816
xxdut.qbar                             3.30173
xxdut.mid1                             3.29912
xxdut.mid2                             3.30019
vt7#branch                        -1.24946e-06
vt6#branch                        -1.87113e-08
vt5#branch                        -1.20971e-08
vt4#branch                         4.98617e-07
vt3#branch                          1.6459e-06
vt2#branch                         1.11102e-06
vt1#branch                         6.10703e-07
vt0#branch                         5.07811e-07
vdd#branch                        -0.000208071

 Reference value :  0.00000e+00
 Reference value :  3.66199e-08
 Reference value :  7.45133e-08
 Reference value :  1.12297e-07
 Reference value :  1.52544e-07
 Reference value :  1.96703e-07
 Reference value :  2.36650e-07
 Reference value :  2.79938e-07
 Reference value :  3.20559e-07
 Reference value :  3.61219e-07
 Reference value :  4.03699e-07
 Reference value :  4.59492e-07
 Reference value :  5.21624e-07
 Reference value :  5.63793e-07
 Reference value :  6.07693e-07
 Reference value :  6.51224e-07
 Reference value :  6.97187e-07
 Reference value :  7.40746e-07
 Reference value :  7.82702e-07
 Reference value :  8.26384e-07
 Reference value :  8.74673e-07
 Reference value :  9.22325e-07
 Reference value :  9.66790e-07
 Reference value :  1.01639e-06
 Reference value :  1.06691e-06
 Reference value :  1.11173e-06
 Reference value :  1.15917e-06
 Reference value :  1.19840e-06
No. of Data Rows : 6535
ta                  =  6.84165e-08
tb                  =  4.03722e-07
ta = 6.841652e-08
tb = 4.037217e-07
period = 1.676526e-08
fosc = 5.964715e+07
ngspice-46 done

Warning: m=xx on .subckt line will override multiplier m hierarchy!

Note: Starting dynamic gmin stepping
Warning: Dynamic gmin stepping failed
Note: Starting true gmin stepping
Warning: True gmin stepping failed
Note: Starting source stepping
Warning: singular matrix:  check node xxdut.vl

Warning: source stepping failed
Note: Transient op started
Note: Transient op finished successfully
