====================================================================
gf180-rcosc PVT corner run: ss_T+027C_V3p0_code0xEF
run id      : 20260921T173529Z
process     : ss (fets=ss res=res_ss mimcap=mimcap_ss)
temperature : 27 C
supply      : 3 V
trim code   : 0xEF (239)
transient   : tran 200p 1200n, f = 20 periods / (t[rise=25] - t[rise=5])
wall clock  : 7.9 s
exit status : 0
====================================================================

Note: Compatibility modes selected: hs a


Circuit: ** sch_path: /users/rwalters/github/gf180-rcosc/.loom/worktrees/issue-43/design/pvt_tb.sch

Doing analysis at TEMP = 27.000000 and TNOM = 27.000000

Using SPARSE 1.3 as Direct Linear Solver

Initial Transient Solution
--------------------------

Node                                   Voltage
----                                   -------
vdd                                          3
xxdut.xxbias.xrba.11                    2.9993
xxdut.xxbias.xrba.21                    2.0007
xxdut.vh                                     2
xxdut.xxbias.xrbb.11                    1.9993
xxdut.xxbias.xrbb.21                    1.0007
xxdut.vl                                     1
xxdut.xxbias.xrbc.11                  0.999299
xxdut.xxbias.xrbc.21               0.000701252
xxdut.ibias                            1.02176
xxdut.xxbias.pb                        1.74065
xxdut.xxbias.n2s                      0.141718
xxdut.xxbias.xrz.11                   0.141408
xxdut.xxbias.xrz.21                 0.00030964
xxdut.xxtrim.xrfix.11                  2.99838
xxdut.xxtrim.xrfix.21                  2.60251
xxdut.xxtrim.c1                        2.60089
xxdut.xxtrim.xr0.11                    2.60035
xxdut.xxtrim.xr0.21                    2.59454
xxdut.xxtrim.c2                        2.59399
t0                                           3
xxdut.xxtrim.tb0                   4.17571e-09
xxdut.xxtrim.xr1.11                    2.59351
xxdut.xxtrim.xr1.21                    2.58337
xxdut.xxtrim.c3                         2.5829
t1                                           3
xxdut.xxtrim.tb1                   4.17571e-09
xxdut.xxtrim.xr2.11                    2.58253
xxdut.xxtrim.xr2.21                    2.56691
xxdut.xxtrim.c4                        2.56654
t2                                           3
xxdut.xxtrim.tb2                   4.17571e-09
xxdut.xxtrim.xr3.11                    2.56624
xxdut.xxtrim.xr3.21                     2.5406
xxdut.xxtrim.c5                         2.5403
t3                                           3
xxdut.xxtrim.tb3                   4.17571e-09
xxdut.xxtrim.xr4.11                    2.53868
xxdut.xxtrim.xr4.21                    2.26311
xxdut.xxtrim.c6                        2.26149
t4                                           0
xxdut.xxtrim.tb4                             3
xxdut.xxtrim.xr5.11                    2.26132
xxdut.xxtrim.xr5.21                    2.20256
xxdut.xxtrim.c7                        2.20238
t5                                           3
xxdut.xxtrim.tb5                   4.17571e-09
xxdut.xxtrim.xr6.11                    2.20226
xxdut.xxtrim.xr6.21                     2.1205
xxdut.xxtrim.c8                        2.12038
t6                                           3
xxdut.xxtrim.tb6                   4.17571e-09
xxdut.xxtrim.xr7.11                    2.12029
xxdut.xxtrim.xr7.21                    1.99994
xxdut.vc                               1.99985
t7                                           3
xxdut.xxtrim.tb7                   4.17571e-09
xxdut.xxcmph.tail                     0.734859
xxdut.xxcmph.dp                        1.35235
xxdut.xxcmph.dn                        1.34191
xxdut.cmph_out                         1.28209
xxdut.xxcmpl.tail                     0.635998
xxdut.xxcmpl.dp                              3
xxdut.xxcmpl.dn                       0.999422
xxdut.cmpl_out                     4.17571e-09
clk                                   0.882624
xxdut.qbar                             1.27901
xxdut.mid1                             2.62819
xxdut.mid2                             2.87823
vt7#branch                                   0
vt6#branch                                   0
vt5#branch                                   0
vt4#branch                                   0
vt3#branch                                   0
vt2#branch                                   0
vt1#branch                                   0
vt0#branch                                   0
vdd#branch                        -0.000367962

 Reference value :  0.00000e+00
 Reference value :  7.31225e-08
 Reference value :  1.53095e-07
 Reference value :  2.19640e-07
 Reference value :  2.62256e-07
 Reference value :  3.06971e-07
 Reference value :  3.55337e-07
 Reference value :  4.01421e-07
 Reference value :  4.47439e-07
 Reference value :  4.94436e-07
 Reference value :  5.57945e-07
 Reference value :  6.13595e-07
 Reference value :  6.68663e-07
 Reference value :  7.23412e-07
 Reference value :  7.69295e-07
 Reference value :  8.16930e-07
 Reference value :  8.70037e-07
 Reference value :  9.19964e-07
 Reference value :  9.67349e-07
 Reference value :  1.01350e-06
 Reference value :  1.05956e-06
 Reference value :  1.10779e-06
 Reference value :  1.16936e-06
No. of Data Rows : 6261
ta                  =  7.98691e-08
tb                  =  4.56534e-07
ta = 7.986908e-08
tb = 4.565341e-07
period = 1.883325e-08
fosc = 5.309758e+07
ngspice-46 done

Warning: m=xx on .subckt line will override multiplier m hierarchy!

Note: Starting dynamic gmin stepping
Note: Dynamic gmin stepping completed
