====================================================================
gf180-rcosc PVT corner run: ss_T+085C_V3p6_code0xCF
run id      : 20260921T173529Z
process     : ss (fets=ss res=res_ss mimcap=mimcap_ss)
temperature : 85 C
supply      : 3.6 V
trim code   : 0xCF (207)
transient   : tran 200p 1200n, f = 20 periods / (t[rise=25] - t[rise=5])
wall clock  : 16.3 s
exit status : 0
====================================================================

Note: Compatibility modes selected: hs a


Circuit: ** sch_path: /users/rwalters/github/gf180-rcosc/.loom/worktrees/issue-43/design/pvt_tb.sch

Doing analysis at TEMP = 85.000000 and TNOM = 27.000000

Using SPARSE 1.3 as Direct Linear Solver

Initial Transient Solution
--------------------------

Node                                   Voltage
----                                   -------
vdd                                        3.6
xxdut.xxbias.xrba.11                   3.59939
xxdut.xxbias.xrba.21                   2.40061
xxdut.vh                                   2.4
xxdut.xxbias.xrbb.11                   2.39939
xxdut.xxbias.xrbb.21                   1.20061
xxdut.vl                                   1.2
xxdut.xxbias.xrbc.11                   1.19939
xxdut.xxbias.xrbc.21               0.000607323
xxdut.ibias                            1.06164
xxdut.xxbias.pb                         2.2682
xxdut.xxbias.n2s                      0.193813
xxdut.xxbias.xrz.11                   0.193507
xxdut.xxbias.xrz.21                0.000305872
xxdut.xxtrim.xrfix.11                  3.59903
xxdut.xxtrim.xrfix.21                  3.26817
xxdut.xxtrim.c1                         3.2672
xxdut.xxtrim.xr0.11                    3.26687
xxdut.xxtrim.xr0.21                    3.26207
xxdut.xxtrim.c2                        3.26175
t0                                         3.6
xxdut.xxtrim.tb0                   5.83202e-09
xxdut.xxtrim.xr1.11                    3.26147
xxdut.xxtrim.xr1.21                    3.25325
xxdut.xxtrim.c3                        3.25297
t1                                         3.6
xxdut.xxtrim.tb1                   5.83202e-09
xxdut.xxtrim.xr2.11                    3.25276
xxdut.xxtrim.xr2.21                    3.24028
xxdut.xxtrim.c4                        3.24007
t2                                         3.6
xxdut.xxtrim.tb2                   5.83202e-09
xxdut.xxtrim.xr3.11                     3.2399
xxdut.xxtrim.xr3.21                    3.21969
xxdut.xxtrim.c5                        3.21952
t3                                         3.6
xxdut.xxtrim.tb3                   5.83202e-09
xxdut.xxtrim.xr4.11                    3.21855
xxdut.xxtrim.xr4.21                    2.98823
xxdut.xxtrim.c6                        2.98726
t4                                           0
xxdut.xxtrim.tb4                           3.6
xxdut.xxtrim.xr5.11                    2.98629
xxdut.xxtrim.xr5.21                    2.52565
xxdut.xxtrim.c7                        2.52468
t5                                           0
xxdut.xxtrim.tb5                           3.6
xxdut.xxtrim.xr6.11                    2.52462
xxdut.xxtrim.xr6.21                    2.47038
xxdut.xxtrim.c8                        2.47032
t6                                         3.6
xxdut.xxtrim.tb6                   5.83202e-09
xxdut.xxtrim.xr7.11                    2.47029
xxdut.xxtrim.xr7.21                    2.40176
xxdut.vc                               2.40172
t7                                         3.6
xxdut.xxtrim.tb7                   5.83202e-09
xxdut.xxcmph.tail                      1.01692
xxdut.xxcmph.dp                        1.62697
xxdut.xxcmph.dn                        1.71424
xxdut.cmph_out                         1.54758
xxdut.xxcmpl.tail                     0.853248
xxdut.xxcmpl.dp                            3.6
xxdut.xxcmpl.dn                        1.23785
xxdut.cmpl_out                     5.83202e-09
clk                                   0.821979
xxdut.qbar                             1.50141
xxdut.mid1                              2.9813
xxdut.mid2                             3.39054
vt7#branch                                   0
vt6#branch                                   0
vt5#branch                                   0
vt4#branch                                   0
vt3#branch                                   0
vt2#branch                                   0
vt1#branch                                   0
vt0#branch                                   0
vdd#branch                        -0.000579145

 Reference value :  0.00000e+00
 Reference value :  5.07619e-08
 Reference value :  1.04332e-07
 Reference value :  1.56989e-07
 Reference value :  2.08057e-07
 Reference value :  2.56477e-07
 Reference value :  3.04366e-07
 Reference value :  3.53363e-07
 Reference value :  4.00868e-07
 Reference value :  4.52921e-07
 Reference value :  4.99749e-07
 Reference value :  5.49408e-07
 Reference value :  6.04929e-07
 Reference value :  6.59197e-07
 Reference value :  7.06621e-07
 Reference value :  7.57761e-07
 Reference value :  8.03932e-07
 Reference value :  8.58696e-07
 Reference value :  9.11041e-07
 Reference value :  9.61969e-07
 Reference value :  1.01213e-06
 Reference value :  1.05666e-06
 Reference value :  1.10801e-06
 Reference value :  1.15335e-06
No. of Data Rows : 6311
ta                  =  8.20039e-08
tb                  =  4.69694e-07
ta = 8.200395e-08
tb = 4.696941e-07
period = 1.938451e-08
fosc = 5.158759e+07
ngspice-46 done

Warning: m=xx on .subckt line will override multiplier m hierarchy!

Note: Starting dynamic gmin stepping
Note: Dynamic gmin stepping completed
