====================================================================
gf180-rcosc PVT corner run: tt_T+027C_V3p3_code0x60
run id      : 20260921T173529Z
process     : tt (fets=typical res=res_typical mimcap=mimcap_typical)
temperature : 27 C
supply      : 3.3 V
trim code   : 0x60 (96)
transient   : tran 200p 1200n, f = 20 periods / (t[rise=25] - t[rise=5])
wall clock  : 21.2 s
exit status : 0
====================================================================

Note: Compatibility modes selected: hs a


Circuit: ** sch_path: /users/rwalters/github/gf180-rcosc/.loom/worktrees/issue-43/design/pvt_tb.sch

Doing analysis at TEMP = 27.000000 and TNOM = 27.000000

Using SPARSE 1.3 as Direct Linear Solver

Initial Transient Solution
--------------------------

Node                                   Voltage
----                                   -------
vdd                                        3.3
xxdut.xxbias.xrba.11                   3.29907
xxdut.xxbias.xrba.21                   2.20093
xxdut.vh                                   2.2
xxdut.xxbias.xrbb.11                   2.19907
xxdut.xxbias.xrbb.21                   1.10093
xxdut.vl                                   1.1
xxdut.xxbias.xrbc.11                   1.09907
xxdut.xxbias.xrbc.21               0.000925394
xxdut.ibias                           0.964429
xxdut.xxbias.pb                        2.09264
xxdut.xxbias.n2s                      0.168067
xxdut.xxbias.xrz.11                   0.167627
xxdut.xxbias.xrz.21                0.000440269
xxdut.xxtrim.xrfix.11                  3.29935
xxdut.xxtrim.xrfix.21                  3.16601
xxdut.xxtrim.c1                        3.16535
xxdut.xxtrim.xr0.11                     3.1647
xxdut.xxtrim.xr0.21                     3.1589
xxdut.xxtrim.c2                        3.15825
t0                                           0
xxdut.xxtrim.tb0                           3.3
xxdut.xxtrim.xr1.11                    3.15759
xxdut.xxtrim.xr1.21                    3.14599
xxdut.xxtrim.c3                        3.14534
t1                                           0
xxdut.xxtrim.tb1                           3.3
xxdut.xxtrim.xr2.11                    3.14468
xxdut.xxtrim.xr2.21                    3.12148
xxdut.xxtrim.c4                        3.12083
t2                                           0
xxdut.xxtrim.tb2                           3.3
xxdut.xxtrim.xr3.11                    3.12017
xxdut.xxtrim.xr3.21                    3.07376
xxdut.xxtrim.c5                        3.07311
t3                                           0
xxdut.xxtrim.tb3                           3.3
xxdut.xxtrim.xr4.11                    3.07246
xxdut.xxtrim.xr4.21                    2.97964
xxdut.xxtrim.c6                        2.97898
t4                                           0
xxdut.xxtrim.tb4                           3.3
xxdut.xxtrim.xr5.11                    2.97893
xxdut.xxtrim.xr5.21                     2.9648
xxdut.xxtrim.c7                        2.96475
t5                                         3.3
xxdut.xxtrim.tb5                   4.20669e-09
xxdut.xxtrim.xr6.11                    2.96471
xxdut.xxtrim.xr6.21                    2.94629
xxdut.xxtrim.c8                        2.94625
t6                                         3.3
xxdut.xxtrim.tb6                   4.20669e-09
xxdut.xxtrim.xr7.11                     2.9456
xxdut.xxtrim.xr7.21                    2.20304
xxdut.vc                               2.20238
t7                                           0
xxdut.xxtrim.tb7                           3.3
xxdut.xxcmph.tail                     0.952236
xxdut.xxcmph.dp                        1.47832
xxdut.xxcmph.dn                        1.61104
xxdut.cmph_out                         1.41999
xxdut.xxcmpl.tail                     0.826049
xxdut.xxcmpl.dp                            3.3
xxdut.xxcmpl.dn                         1.1938
xxdut.cmpl_out                     4.20669e-09
clk                                   0.707453
xxdut.qbar                             1.36649
xxdut.mid1                             2.70458
xxdut.mid2                             3.10411
vt7#branch                                   0
vt6#branch                                   0
vt5#branch                                   0
vt4#branch                                   0
vt3#branch                                   0
vt2#branch                                   0
vt1#branch                                   0
vt0#branch                                   0
vdd#branch                        -0.000599326

 Reference value :  0.00000e+00
 Reference value :  5.49954e-08
 Reference value :  1.07388e-07
 Reference value :  1.58720e-07
 Reference value :  2.14120e-07
 Reference value :  2.72529e-07
 Reference value :  3.28987e-07
 Reference value :  3.88354e-07
 Reference value :  4.47373e-07
 Reference value :  5.08661e-07
 Reference value :  5.68355e-07
 Reference value :  6.22708e-07
 Reference value :  6.78654e-07
 Reference value :  7.34049e-07
 Reference value :  7.86417e-07
 Reference value :  8.38583e-07
 Reference value :  8.95601e-07
 Reference value :  9.49519e-07
 Reference value :  1.00699e-06
 Reference value :  1.06226e-06
 Reference value :  1.12225e-06
 Reference value :  1.17367e-06
No. of Data Rows : 6425
ta                  =  1.08116e-07
tb                  =  6.29443e-07
ta = 1.081165e-07
tb = 6.294433e-07
period = 2.606634e-08
fosc = 3.836365e+07
ngspice-46 done

Warning: m=xx on .subckt line will override multiplier m hierarchy!

Note: Starting dynamic gmin stepping
Note: Dynamic gmin stepping completed
