====================================================================
gf180-rcosc PVT corner run: tt_T+027C_V3p0_code0x80
run id      : 20260921T173529Z
process     : tt (fets=typical res=res_typical mimcap=mimcap_typical)
temperature : 27 C
supply      : 3 V
trim code   : 0x80 (128)
transient   : tran 200p 1200n, f = 20 periods / (t[rise=25] - t[rise=5])
wall clock  : 14.3 s
exit status : 0
====================================================================

Note: Compatibility modes selected: hs a


Circuit: ** sch_path: /users/rwalters/github/gf180-rcosc/.loom/worktrees/issue-43/design/pvt_tb.sch

Doing analysis at TEMP = 27.000000 and TNOM = 27.000000

Using SPARSE 1.3 as Direct Linear Solver

Initial Transient Solution
--------------------------

Node                                   Voltage
----                                   -------
vdd                                          3
xxdut.xxbias.xrba.11                   2.99916
xxdut.xxbias.xrba.21                   2.00084
xxdut.vh                                     2
xxdut.xxbias.xrbb.11                   1.99916
xxdut.xxbias.xrbb.21                   1.00084
xxdut.vl                                     1
xxdut.xxbias.xrbc.11                  0.999159
xxdut.xxbias.xrbc.21               0.000841267
xxdut.ibias                           0.949692
xxdut.xxbias.pb                        1.81308
xxdut.xxbias.n2s                      0.159274
xxdut.xxbias.xrz.11                   0.158857
xxdut.xxbias.xrz.21                0.000417234
xxdut.xxtrim.xrfix.11                  2.99928
xxdut.xxtrim.xrfix.21                  2.85328
xxdut.xxtrim.c1                        2.85256
xxdut.xxtrim.xr0.11                    2.85185
xxdut.xxtrim.xr0.21                    2.84549
xxdut.xxtrim.c2                        2.84478
t0                                           0
xxdut.xxtrim.tb0                             3
xxdut.xxtrim.xr1.11                    2.84406
xxdut.xxtrim.xr1.21                    2.83136
xxdut.xxtrim.c3                        2.83064
t1                                           0
xxdut.xxtrim.tb1                             3
xxdut.xxtrim.xr2.11                    2.82993
xxdut.xxtrim.xr2.21                    2.80452
xxdut.xxtrim.c4                         2.8038
t2                                           0
xxdut.xxtrim.tb2                             3
xxdut.xxtrim.xr3.11                    2.80309
xxdut.xxtrim.xr3.21                    2.75227
xxdut.xxtrim.c5                        2.75155
t3                                           0
xxdut.xxtrim.tb3                             3
xxdut.xxtrim.xr4.11                    2.75084
xxdut.xxtrim.xr4.21                     2.6492
xxdut.xxtrim.c6                        2.64848
t4                                           0
xxdut.xxtrim.tb4                             3
xxdut.xxtrim.xr5.11                    2.64777
xxdut.xxtrim.xr5.21                    2.44449
xxdut.xxtrim.c7                        2.44377
t5                                           0
xxdut.xxtrim.tb5                             3
xxdut.xxtrim.xr6.11                    2.44306
xxdut.xxtrim.xr6.21                     2.0365
xxdut.xxtrim.c8                        2.03578
t6                                           0
xxdut.xxtrim.tb6                             3
xxdut.xxtrim.xr7.11                    2.03575
xxdut.xxtrim.xr7.21                    2.00028
xxdut.vc                               2.00025
t7                                           3
xxdut.xxtrim.tb7                   3.84915e-09
xxdut.xxcmph.tail                     0.802406
xxdut.xxcmph.dp                        1.34405
xxdut.xxcmph.dn                        1.35746
xxdut.cmph_out                         1.29005
xxdut.xxcmpl.tail                     0.669276
xxdut.xxcmpl.dp                              3
xxdut.xxcmpl.dn                       0.963992
xxdut.cmpl_out                     3.84915e-09
clk                                   0.713957
xxdut.qbar                             1.25385
xxdut.mid1                             2.51072
xxdut.mid2                             2.84318
vt7#branch                                   0
vt6#branch                                   0
vt5#branch                                   0
vt4#branch                                   0
vt3#branch                                   0
vt2#branch                                   0
vt1#branch                                   0
vt0#branch                                   0
vdd#branch                        -0.000486796

 Reference value :  0.00000e+00
 Reference value :  5.29312e-08
 Reference value :  1.03234e-07
 Reference value :  1.53132e-07
 Reference value :  2.04222e-07
 Reference value :  2.55178e-07
 Reference value :  3.07372e-07
 Reference value :  3.63182e-07
 Reference value :  4.34891e-07
 Reference value :  5.26035e-07
 Reference value :  5.82828e-07
 Reference value :  6.40470e-07
 Reference value :  7.05557e-07
 Reference value :  7.58748e-07
 Reference value :  8.21980e-07
 Reference value :  8.92318e-07
 Reference value :  9.56719e-07
 Reference value :  1.03201e-06
 Reference value :  1.10501e-06
 Reference value :  1.18184e-06
No. of Data Rows : 6322
ta                  =  1.04265e-07
tb                  =  6.05418e-07
ta = 1.042654e-07
tb = 6.054184e-07
period = 2.505765e-08
fosc = 3.990797e+07
ngspice-46 done

Warning: m=xx on .subckt line will override multiplier m hierarchy!

Note: Starting dynamic gmin stepping
Note: Dynamic gmin stepping completed
