====================================================================
gf180-rcosc Iq sweep grid point: ff_T+027C_V3p0_code0xC0
process     : ff (fets=ff res=res_ff mimcap=mimcap_ff)
temperature : 27 C
supply      : 3 V
trim code   : 0xC0 (192)
attempt     : 1 (tran 200p 1200n)
wall clock  : 5.9 s
exit status : 0
====================================================================

Note: No compatibility mode selected!


Circuit: ** sch_path: /home/ubuntu/github/gf180-rcosc/.loom/worktrees/issue-57/design/smoke_test.sch

Doing analysis at TEMP = 27.000000 and TNOM = 27.000000

Using SPARSE 1.3 as Direct Linear Solver

No. of Data Rows : 1
iq_ua = 6.371653e+02
v(xxdut.xxcmph.dp) = 1.337339e+00
v(xxdut.xxcmph.dn) = 1.324954e+00
v(xxdut.cmph_out) = 1.269164e+00
v(xxdut.xxcmpl.dp) = 1.125537e-08
v(xxdut.xxcmpl.dn) = 1.025204e+00
v(xxdut.cmpl_out) = 3.613269e-09
Doing analysis at TEMP = 27.000000 and TNOM = 27.000000

Using SPARSE 1.3 as Direct Linear Solver

Initial Transient Solution
--------------------------

Node                                   Voltage
----                                   -------
vdd                                          3
xxdut.xxbias.xrba.11                   2.99895
xxdut.xxbias.xrba.21                   2.00105
xxdut.vh                                     2
xxdut.xxbias.xrbb.11                   1.99895
xxdut.xxbias.xrbb.21                   1.00105
xxdut.vl                                     1
xxdut.xxbias.xrbc.11                  0.998949
xxdut.xxbias.xrbc.21                0.00105114
xxdut.ibias                           0.892689
xxdut.pb                               1.86456
xxdut.xxbias.n2s                      0.184456
xxdut.xxbias.xrz.11                   0.183853
xxdut.xxbias.xrz.21                 0.00060321
xxdut.xxtrim.xrfix.11                  2.99854
xxdut.xxtrim.xrfix.21                  2.75959
xxdut.xxtrim.c1                        2.75813
xxdut.xxtrim.xr0.11                    2.75666
xxdut.xxtrim.xr0.21                    2.74627
xxdut.xxtrim.c2                        2.74481
t0                                           0
xxdut.xxtrim.tb0                             3
xxdut.xxtrim.xr1.11                    2.74334
xxdut.xxtrim.xr1.21                    2.72255
xxdut.xxtrim.c3                        2.72109
t1                                           0
xxdut.xxtrim.tb1                             3
xxdut.xxtrim.xr2.11                    2.71963
xxdut.xxtrim.xr2.21                    2.67804
xxdut.xxtrim.c4                        2.67658
t2                                           0
xxdut.xxtrim.tb2                             3
xxdut.xxtrim.xr3.11                    2.67512
xxdut.xxtrim.xr3.21                    2.59195
xxdut.xxtrim.c5                        2.59049
t3                                           0
xxdut.xxtrim.tb3                             3
xxdut.xxtrim.xr4.11                    2.58902
xxdut.xxtrim.xr4.21                    2.42269
xxdut.xxtrim.c6                        2.42122
t4                                           0
xxdut.xxtrim.tb4                             3
xxdut.xxtrim.xr5.11                    2.41976
xxdut.xxtrim.xr5.21                    2.08709
xxdut.xxtrim.c7                        2.08563
t5                                           0
xxdut.xxtrim.tb5                             3
xxdut.xxtrim.xr6.11                    2.08554
xxdut.xxtrim.xr6.21                    2.04784
xxdut.xxtrim.c8                        2.04775
t6                                           3
xxdut.xxtrim.tb6                   3.61327e-09
xxdut.xxtrim.xr7.11                     2.0477
xxdut.xxtrim.xr7.21                    1.99965
xxdut.vc                                1.9996
t7                                           3
xxdut.xxtrim.tb7                   3.61327e-09
xxdut.xxcmph.tail                     0.858124
xxdut.xxcmph.dp                        1.33734
xxdut.xxcmph.dn                        1.32495
xxdut.cmph_out                         1.26916
xxdut.xxcmpl.tailp                      2.3314
xxdut.xxcmpl.dp                    1.12554e-08
xxdut.xxcmpl.dn                         1.0252
xxdut.xxcmpl.outb                            3
xxdut.cmpl_out                     3.61327e-09
clk                                   0.646517
xxdut.qbar                             1.22922
xxdut.mid1                              2.4527
xxdut.mid2                              2.8058
vt7#branch                                   0
vt6#branch                                   0
vt5#branch                                   0
vt4#branch                                   0
vt3#branch                                   0
vt2#branch                                   0
vt1#branch                                   0
vt0#branch                                   0
vdd#branch                        -0.000637165

 Reference value :  0.00000e+00
 Reference value :  8.72274e-08
 Reference value :  1.76799e-07
 Reference value :  2.64561e-07
 Reference value :  3.52181e-07
 Reference value :  4.40490e-07
 Reference value :  5.28247e-07
 Reference value :  6.15882e-07
 Reference value :  7.07281e-07
 Reference value :  7.99916e-07
 Reference value :  9.12085e-07
 Reference value :  1.01671e-06
 Reference value :  1.11777e-06
No. of Data Rows : 6549
t_avg_start         =  5.91415e-08
t_avg_end           =  3.36416e-07
iq_run_ua           =  3.58972e+02 from=  5.91415e-08 to=  3.36552e-07
ngspice-46 done
Note: Starting dynamic gmin stepping
Note: Dynamic gmin stepping completed
Warning from checkvalid: vector xxdut.clk is not available or has zero length.
Note: Starting dynamic gmin stepping
Note: Dynamic gmin stepping completed
