====================================================================
gf180-rcosc Iq sweep grid point: ff_T+085C_V3p6_code0xFF
process     : ff (fets=ff res=res_ff mimcap=mimcap_ff)
temperature : 85 C
supply      : 3.6 V
trim code   : 0xFF (255)
attempt     : 1 (tran 200p 1200n)
wall clock  : 4.6 s
exit status : 0
====================================================================

Note: No compatibility mode selected!


Circuit: ** sch_path: /home/ubuntu/github/gf180-rcosc/.loom/worktrees/issue-57/design/smoke_test.sch

Doing analysis at TEMP = 85.000000 and TNOM = 27.000000

Using SPARSE 1.3 as Direct Linear Solver

No. of Data Rows : 1
iq_ua = 9.938494e+02
v(xxdut.xxcmph.dp) = 1.616188e+00
v(xxdut.xxcmph.dn) = 1.609855e+00
v(xxdut.cmph_out) = 1.495944e+00
v(xxdut.xxcmpl.dp) = 1.567379e-08
v(xxdut.xxcmpl.dn) = 1.156817e+00
v(xxdut.cmpl_out) = 8.465886e-09
Doing analysis at TEMP = 85.000000 and TNOM = 27.000000

Using SPARSE 1.3 as Direct Linear Solver

Initial Transient Solution
--------------------------

Node                                   Voltage
----                                   -------
vdd                                        3.6
xxdut.xxbias.xrba.11                   3.59909
xxdut.xxbias.xrba.21                   2.40091
xxdut.vh                                   2.4
xxdut.xxbias.xrbb.11                   2.39909
xxdut.xxbias.xrbb.21                   1.20091
xxdut.vl                                   1.2
xxdut.xxbias.xrbc.11                   1.19909
xxdut.xxbias.xrbc.21               0.000910524
xxdut.ibias                            0.96203
xxdut.pb                               2.35579
xxdut.xxbias.n2s                      0.253898
xxdut.xxbias.xrz.11                   0.253298
xxdut.xxbias.xrz.21                0.000600098
xxdut.xxtrim.xrfix.11                  3.59691
xxdut.xxtrim.xrfix.21                   2.8983
xxdut.xxtrim.c1                        2.89522
xxdut.xxtrim.xr0.11                    2.89403
xxdut.xxtrim.xr0.21                    2.88236
xxdut.xxtrim.c2                        2.88118
t0                                         3.6
xxdut.xxtrim.tb0                   8.46588e-09
xxdut.xxtrim.xr1.11                    2.88014
xxdut.xxtrim.xr1.21                     2.8596
xxdut.xxtrim.c3                        2.85855
t1                                         3.6
xxdut.xxtrim.tb1                   8.46588e-09
xxdut.xxtrim.xr2.11                    2.85775
xxdut.xxtrim.xr2.21                    2.82591
xxdut.xxtrim.c4                        2.82511
t2                                         3.6
xxdut.xxtrim.tb2                   8.46588e-09
xxdut.xxtrim.xr3.11                    2.82446
xxdut.xxtrim.xr3.21                    2.77322
xxdut.xxtrim.c5                        2.77257
t3                                         3.6
xxdut.xxtrim.tb3                   8.46588e-09
xxdut.xxtrim.xr4.11                    2.77212
xxdut.xxtrim.xr4.21                    2.70133
xxdut.xxtrim.c6                        2.70088
t4                                         3.6
xxdut.xxtrim.tb4                   8.46588e-09
xxdut.xxtrim.xr5.11                    2.70062
xxdut.xxtrim.xr5.21                    2.61724
xxdut.xxtrim.c7                        2.61697
t5                                         3.6
xxdut.xxtrim.tb5                   8.46588e-09
xxdut.xxtrim.xr6.11                    2.61682
xxdut.xxtrim.xr6.21                    2.51924
xxdut.xxtrim.c8                        2.51909
t6                                         3.6
xxdut.xxtrim.tb6                   8.46588e-09
xxdut.xxtrim.xr7.11                    2.51899
xxdut.xxtrim.xr7.21                    2.39955
xxdut.vc                               2.39945
t7                                         3.6
xxdut.xxtrim.tb7                   8.46588e-09
xxdut.xxcmph.tail                      1.11834
xxdut.xxcmph.dp                        1.61619
xxdut.xxcmph.dn                        1.60985
xxdut.cmph_out                         1.49594
xxdut.xxcmpl.tailp                     2.69629
xxdut.xxcmpl.dp                    1.56738e-08
xxdut.xxcmpl.dn                        1.15682
xxdut.xxcmpl.outb                          3.6
xxdut.cmpl_out                     8.46589e-09
clk                                   0.699757
xxdut.qbar                             1.46304
xxdut.mid1                             2.87086
xxdut.mid2                             3.31319
vt7#branch                                   0
vt6#branch                                   0
vt5#branch                                   0
vt4#branch                                   0
vt3#branch                                   0
vt2#branch                                   0
vt1#branch                                   0
vt0#branch                                   0
vdd#branch                        -0.000993849

 Reference value :  4.59977e-09
 Reference value :  8.35956e-08
 Reference value :  1.57942e-07
 Reference value :  2.37000e-07
 Reference value :  3.23851e-07
 Reference value :  4.12933e-07
 Reference value :  5.15238e-07
 Reference value :  6.17441e-07
 Reference value :  7.16814e-07
 Reference value :  8.13452e-07
 Reference value :  9.07993e-07
 Reference value :  1.00619e-06
 Reference value :  1.10370e-06
No. of Data Rows : 6503
t_avg_start         =  3.90834e-08
t_avg_end           =  2.16072e-07
iq_run_ua           =  6.91708e+02 from=  3.90834e-08 to=  2.16147e-07
ngspice-46 done
Note: Starting dynamic gmin stepping
Note: Dynamic gmin stepping completed
Warning from checkvalid: vector xxdut.clk is not available or has zero length.
Note: Starting dynamic gmin stepping
Note: Dynamic gmin stepping completed
