====================================================================
gf180-rcosc Iq sweep grid point: fs_T+085C_V3p3_code0x00
process     : fs (fets=fs res=res_typical mimcap=mimcap_typical)
temperature : 85 C
supply      : 3.3 V
trim code   : 0x00 (0)
attempt     : 1 (tran 200p 1200n)
wall clock  : 3.5 s
exit status : 0
====================================================================

Note: No compatibility mode selected!


Circuit: ** sch_path: /home/ubuntu/github/gf180-rcosc/.loom/worktrees/issue-57/design/smoke_test.sch

Doing analysis at TEMP = 85.000000 and TNOM = 27.000000

Using SPARSE 1.3 as Direct Linear Solver

No. of Data Rows : 1
iq_ua = 5.673233e+02
v(xxdut.xxcmph.dp) = 1.365948e+00
v(xxdut.xxcmph.dn) = 1.298012e+00
v(xxdut.cmph_out) = 1.302908e+00
v(xxdut.xxcmpl.dp) = 2.960118e-08
v(xxdut.xxcmpl.dn) = 1.060064e+00
v(xxdut.cmpl_out) = 4.648759e-09
Doing analysis at TEMP = 85.000000 and TNOM = 27.000000

Using SPARSE 1.3 as Direct Linear Solver

Initial Transient Solution
--------------------------

Node                                   Voltage
----                                   -------
vdd                                        3.3
xxdut.xxbias.xrba.11                   3.29933
xxdut.xxbias.xrba.21                   2.20067
xxdut.vh                                   2.2
xxdut.xxbias.xrbb.11                   2.19933
xxdut.xxbias.xrbb.21                   1.10067
xxdut.vl                                   1.1
xxdut.xxbias.xrbc.11                   1.09933
xxdut.xxbias.xrbc.21                0.00066792
xxdut.ibias                           0.904096
xxdut.pb                               1.93237
xxdut.xxbias.n2s                      0.210205
xxdut.xxbias.xrz.11                   0.209807
xxdut.xxbias.xrz.21                0.000397839
xxdut.xxtrim.xrfix.11                  3.29968
xxdut.xxtrim.xrfix.21                  3.20807
xxdut.xxtrim.c1                        3.20775
xxdut.xxtrim.xr0.11                    3.20742
xxdut.xxtrim.xr0.21                    3.20344
xxdut.xxtrim.c2                        3.20312
t0                                           0
xxdut.xxtrim.tb0                           3.3
xxdut.xxtrim.xr1.11                    3.20279
xxdut.xxtrim.xr1.21                    3.19482
xxdut.xxtrim.c3                         3.1945
t1                                           0
xxdut.xxtrim.tb1                           3.3
xxdut.xxtrim.xr2.11                    3.19417
xxdut.xxtrim.xr2.21                    3.17823
xxdut.xxtrim.c4                        3.17791
t2                                           0
xxdut.xxtrim.tb2                           3.3
xxdut.xxtrim.xr3.11                    3.17758
xxdut.xxtrim.xr3.21                     3.1457
xxdut.xxtrim.c5                        3.14538
t3                                           0
xxdut.xxtrim.tb3                           3.3
xxdut.xxtrim.xr4.11                    3.14505
xxdut.xxtrim.xr4.21                    3.08128
xxdut.xxtrim.c6                        3.08096
t4                                           0
xxdut.xxtrim.tb4                           3.3
xxdut.xxtrim.xr5.11                    3.08064
xxdut.xxtrim.xr5.21                     2.9531
xxdut.xxtrim.c7                        2.95278
t5                                           0
xxdut.xxtrim.tb5                           3.3
xxdut.xxtrim.xr6.11                    2.95245
xxdut.xxtrim.xr6.21                    2.69738
xxdut.xxtrim.c8                        2.69706
t6                                           0
xxdut.xxtrim.tb6                           3.3
xxdut.xxtrim.xr7.11                    2.69673
xxdut.xxtrim.xr7.21                    2.18659
xxdut.vc                               2.18627
t7                                           0
xxdut.xxtrim.tb7                           3.3
xxdut.xxcmph.tail                     0.983406
xxdut.xxcmph.dp                        1.36595
xxdut.xxcmph.dn                        1.29801
xxdut.cmph_out                         1.30291
xxdut.xxcmpl.tailp                     2.66442
xxdut.xxcmpl.dp                    2.96012e-08
xxdut.xxcmpl.dn                        1.06006
xxdut.xxcmpl.outb                          3.3
xxdut.cmpl_out                     4.64876e-09
clk                                   0.549811
xxdut.qbar                             1.25703
xxdut.mid1                             2.66818
xxdut.mid2                             3.08473
vt7#branch                                   0
vt6#branch                                   0
vt5#branch                                   0
vt4#branch                                   0
vt3#branch                                   0
vt2#branch                                   0
vt1#branch                                   0
vt0#branch                                   0
vdd#branch                        -0.000567323

 Reference value :  0.00000e+00
 Reference value :  1.31863e-07
 Reference value :  2.71165e-07
 Reference value :  4.09070e-07
 Reference value :  5.42160e-07
 Reference value :  6.80526e-07
 Reference value :  8.20029e-07
 Reference value :  9.66162e-07
 Reference value :  1.10014e-06
No. of Data Rows : 6180
t_avg_start         =  1.48316e-07
t_avg_end           =  8.64956e-07
iq_run_ua           =  2.79065e+02 from=  1.48316e-07 to=  8.65098e-07
ngspice-46 done
Note: Starting dynamic gmin stepping
Note: Dynamic gmin stepping completed
Warning from checkvalid: vector xxdut.clk is not available or has zero length.
Note: Starting dynamic gmin stepping
Note: Dynamic gmin stepping completed
