====================================================================
gf180-rcosc Iq sweep grid point: fs_T+027C_V3p6_code0x00
process     : fs (fets=fs res=res_typical mimcap=mimcap_typical)
temperature : 27 C
supply      : 3.6 V
trim code   : 0x00 (0)
attempt     : 1 (tran 200p 1200n)
wall clock  : 4.2 s
exit status : 0
====================================================================

Note: No compatibility mode selected!


Circuit: ** sch_path: /home/ubuntu/github/gf180-rcosc/.loom/worktrees/issue-57/design/smoke_test.sch

Doing analysis at TEMP = 27.000000 and TNOM = 27.000000

Using SPARSE 1.3 as Direct Linear Solver

No. of Data Rows : 1
iq_ua = 6.693330e+02
v(xxdut.xxcmph.dp) = 1.493548e+00
v(xxdut.xxcmph.dn) = 1.703772e+00
v(xxdut.cmph_out) = 1.425345e+00
v(xxdut.xxcmpl.dp) = 1.364717e-08
v(xxdut.xxcmpl.dn) = 1.031109e+00
v(xxdut.cmpl_out) = 4.444010e-09
Doing analysis at TEMP = 27.000000 and TNOM = 27.000000

Using SPARSE 1.3 as Direct Linear Solver

Initial Transient Solution
--------------------------

Node                                   Voltage
----                                   -------
vdd                                        3.6
xxdut.xxbias.xrba.11                   3.59899
xxdut.xxbias.xrba.21                   2.40101
xxdut.vh                                   2.4
xxdut.xxbias.xrbb.11                   2.39899
xxdut.xxbias.xrbb.21                   1.20101
xxdut.vl                                   1.2
xxdut.xxbias.xrbc.11                   1.19899
xxdut.xxbias.xrbc.21                0.00100952
xxdut.ibias                            0.90559
xxdut.pb                                2.2508
xxdut.xxbias.n2s                       0.18234
xxdut.xxbias.xrz.11                   0.181862
xxdut.xxbias.xrz.21                0.000477657
xxdut.xxtrim.xrfix.11                  3.59952
xxdut.xxtrim.xrfix.21                  3.50183
xxdut.xxtrim.c1                        3.50135
xxdut.xxtrim.xr0.11                    3.50087
xxdut.xxtrim.xr0.21                    3.49662
xxdut.xxtrim.c2                        3.49614
t0                                           0
xxdut.xxtrim.tb0                           3.6
xxdut.xxtrim.xr1.11                    3.49567
xxdut.xxtrim.xr1.21                    3.48717
xxdut.xxtrim.c3                        3.48669
t1                                           0
xxdut.xxtrim.tb1                           3.6
xxdut.xxtrim.xr2.11                    3.48621
xxdut.xxtrim.xr2.21                    3.46921
xxdut.xxtrim.c4                        3.46873
t2                                           0
xxdut.xxtrim.tb2                           3.6
xxdut.xxtrim.xr3.11                    3.46825
xxdut.xxtrim.xr3.21                    3.43425
xxdut.xxtrim.c5                        3.43377
t3                                           0
xxdut.xxtrim.tb3                           3.6
xxdut.xxtrim.xr4.11                    3.43329
xxdut.xxtrim.xr4.21                    3.36529
xxdut.xxtrim.c6                        3.36481
t4                                           0
xxdut.xxtrim.tb4                           3.6
xxdut.xxtrim.xr5.11                    3.36433
xxdut.xxtrim.xr5.21                    3.22832
xxdut.xxtrim.c7                        3.22784
t5                                           0
xxdut.xxtrim.tb5                           3.6
xxdut.xxtrim.xr6.11                    3.22736
xxdut.xxtrim.xr6.21                    2.95534
xxdut.xxtrim.c8                        2.95487
t6                                           0
xxdut.xxtrim.tb6                           3.6
xxdut.xxtrim.xr7.11                    2.95439
xxdut.xxtrim.xr7.21                    2.41035
xxdut.vc                               2.40987
t7                                           0
xxdut.xxtrim.tb7                           3.6
xxdut.xxcmph.tail                      1.16898
xxdut.xxcmph.dp                        1.49355
xxdut.xxcmph.dn                        1.70377
xxdut.cmph_out                         1.42534
xxdut.xxcmpl.tailp                     2.80681
xxdut.xxcmpl.dp                    1.36472e-08
xxdut.xxcmpl.dn                        1.03111
xxdut.xxcmpl.outb                          3.6
xxdut.cmpl_out                     4.44401e-09
clk                                    0.60709
xxdut.qbar                             1.36533
xxdut.mid1                             2.91009
xxdut.mid2                             3.35628
vt7#branch                                   0
vt6#branch                                   0
vt5#branch                                   0
vt4#branch                                   0
vt3#branch                                   0
vt2#branch                                   0
vt1#branch                                   0
vt0#branch                                   0
vdd#branch                        -0.000669333

 Reference value :  0.00000e+00
 Reference value :  1.32261e-07
 Reference value :  2.66492e-07
 Reference value :  3.98861e-07
 Reference value :  5.34307e-07
 Reference value :  6.77925e-07
 Reference value :  8.12543e-07
 Reference value :  9.48010e-07
 Reference value :  1.09119e-06
No. of Data Rows : 6288
t_avg_start         =  1.53812e-07
t_avg_end           =  9.03860e-07
iq_run_ua           =  2.64127e+02 from=  1.53812e-07 to=  9.03893e-07
ngspice-46 done
Note: Starting dynamic gmin stepping
Note: Dynamic gmin stepping completed
Warning from checkvalid: vector xxdut.clk is not available or has zero length.
Note: Starting dynamic gmin stepping
Note: Dynamic gmin stepping completed
