====================================================================
gf180-rcosc Iq sweep grid point: rc_f_T+027C_V3p6_code0xC0
process     : rc_f (fets=typical res=res_ff mimcap=mimcap_ff)
temperature : 27 C
supply      : 3.6 V
trim code   : 0xC0 (192)
attempt     : 1 (tran 200p 1200n)
wall clock  : 4.3 s
exit status : 0
====================================================================

Note: No compatibility mode selected!


Circuit: ** sch_path: /home/ubuntu/github/gf180-rcosc/.loom/worktrees/issue-57/design/smoke_test.sch

Doing analysis at TEMP = 27.000000 and TNOM = 27.000000

Using SPARSE 1.3 as Direct Linear Solver

No. of Data Rows : 1
iq_ua = 7.635581e+02
v(xxdut.xxcmph.dp) = 1.614910e+00
v(xxdut.xxcmph.dn) = 1.692083e+00
v(xxdut.cmph_out) = 1.533461e+00
v(xxdut.xxcmpl.dp) = 1.233323e-08
v(xxdut.xxcmpl.dn) = 1.182054e+00
v(xxdut.cmpl_out) = 4.855300e-09
Doing analysis at TEMP = 27.000000 and TNOM = 27.000000

Using SPARSE 1.3 as Direct Linear Solver

Initial Transient Solution
--------------------------

Node                                   Voltage
----                                   -------
vdd                                        3.6
xxdut.xxbias.xrba.11                   3.59874
xxdut.xxbias.xrba.21                   2.40126
xxdut.vh                                   2.4
xxdut.xxbias.xrbb.11                   2.39874
xxdut.xxbias.xrbb.21                   1.20126
xxdut.vl                                   1.2
xxdut.xxbias.xrbc.11                   1.19874
xxdut.xxbias.xrbc.21                0.00126137
xxdut.ibias                            1.03497
xxdut.pb                               2.29161
xxdut.xxbias.n2s                      0.199981
xxdut.xxbias.xrz.11                   0.199327
xxdut.xxbias.xrz.21                0.000653982
xxdut.xxtrim.xrfix.11                  3.59824
xxdut.xxtrim.xrfix.21                  3.31097
xxdut.xxtrim.c1                        3.30922
xxdut.xxtrim.xr0.11                    3.30746
xxdut.xxtrim.xr0.21                    3.29496
xxdut.xxtrim.c2                         3.2932
t0                                           0
xxdut.xxtrim.tb0                           3.6
xxdut.xxtrim.xr1.11                    3.29144
xxdut.xxtrim.xr1.21                    3.26645
xxdut.xxtrim.c3                        3.26469
t1                                           0
xxdut.xxtrim.tb1                           3.6
xxdut.xxtrim.xr2.11                    3.26293
xxdut.xxtrim.xr2.21                    3.21293
xxdut.xxtrim.c4                        3.21117
t2                                           0
xxdut.xxtrim.tb2                           3.6
xxdut.xxtrim.xr3.11                    3.20942
xxdut.xxtrim.xr3.21                    3.10943
xxdut.xxtrim.c5                        3.10767
t3                                           0
xxdut.xxtrim.tb3                           3.6
xxdut.xxtrim.xr4.11                    3.10591
xxdut.xxtrim.xr4.21                    2.90594
xxdut.xxtrim.c6                        2.90418
t4                                           0
xxdut.xxtrim.tb4                           3.6
xxdut.xxtrim.xr5.11                    2.90242
xxdut.xxtrim.xr5.21                    2.50248
xxdut.xxtrim.c7                        2.50072
t5                                           0
xxdut.xxtrim.tb5                           3.6
xxdut.xxtrim.xr6.11                    2.50062
xxdut.xxtrim.xr6.21                    2.45728
xxdut.xxtrim.c8                        2.45719
t6                                         3.6
xxdut.xxtrim.tb6                    4.8553e-09
xxdut.xxtrim.xr7.11                    2.45713
xxdut.xxtrim.xr7.21                    2.40192
xxdut.vc                               2.40186
t7                                         3.6
xxdut.xxtrim.tb7                    4.8553e-09
xxdut.xxcmph.tail                      1.05549
xxdut.xxcmph.dp                        1.61491
xxdut.xxcmph.dn                        1.69208
xxdut.cmph_out                         1.53346
xxdut.xxcmpl.tailp                     2.76756
xxdut.xxcmpl.dp                    1.23332e-08
xxdut.xxcmpl.dn                        1.18205
xxdut.xxcmpl.outb                          3.6
xxdut.cmpl_out                      4.8553e-09
clk                                   0.772155
xxdut.qbar                             1.47779
xxdut.mid1                             2.94113
xxdut.mid2                             3.36353
vt7#branch                                   0
vt6#branch                                   0
vt5#branch                                   0
vt4#branch                                   0
vt3#branch                                   0
vt2#branch                                   0
vt1#branch                                   0
vt0#branch                                   0
vdd#branch                        -0.000763558

 Reference value :  0.00000e+00
 Reference value :  8.72189e-08
 Reference value :  1.84254e-07
 Reference value :  2.78753e-07
 Reference value :  3.75423e-07
 Reference value :  4.79521e-07
 Reference value :  5.84636e-07
 Reference value :  6.91915e-07
 Reference value :  8.01591e-07
 Reference value :  9.03891e-07
 Reference value :  1.01117e-06
 Reference value :  1.11507e-06
No. of Data Rows : 6468
t_avg_start         =  5.97653e-08
t_avg_end           =  3.39916e-07
iq_run_ua           =  4.13167e+02 from=  5.97653e-08 to=  3.39951e-07
ngspice-46 done
Note: Starting dynamic gmin stepping
Note: Dynamic gmin stepping completed
Warning from checkvalid: vector xxdut.clk is not available or has zero length.
Note: Starting dynamic gmin stepping
Note: Dynamic gmin stepping completed
