====================================================================
gf180-rcosc Iq sweep grid point: rc_f_T-040C_V3p3_code0xFF
process     : rc_f (fets=typical res=res_ff mimcap=mimcap_ff)
temperature : -40 C
supply      : 3.3 V
trim code   : 0xFF (255)
attempt     : 1 (tran 200p 1200n)
wall clock  : 5.0 s
exit status : 0
====================================================================

Note: No compatibility mode selected!


Circuit: ** sch_path: /home/ubuntu/github/gf180-rcosc/.loom/worktrees/issue-57/design/smoke_test.sch

Doing analysis at TEMP = -40.000000 and TNOM = 27.000000

Using SPARSE 1.3 as Direct Linear Solver

No. of Data Rows : 1
iq_ua = 6.509848e+02
v(xxdut.xxcmph.dp) = 1.476910e+00
v(xxdut.xxcmph.dn) = 1.667221e+00
v(xxdut.cmph_out) = 1.387007e+00
v(xxdut.xxcmpl.dp) = 1.142613e-08
v(xxdut.xxcmpl.dn) = 1.080915e+00
v(xxdut.cmpl_out) = 3.346496e-09
Doing analysis at TEMP = -40.000000 and TNOM = 27.000000

Using SPARSE 1.3 as Direct Linear Solver

Initial Transient Solution
--------------------------

Node                                   Voltage
----                                   -------
vdd                                        3.3
xxdut.xxbias.xrba.11                   3.29815
xxdut.xxbias.xrba.21                   2.20185
xxdut.vh                                   2.2
xxdut.xxbias.xrbb.11                   2.19815
xxdut.xxbias.xrbb.21                   1.10185
xxdut.vl                                   1.1
xxdut.xxbias.xrbc.11                   1.09815
xxdut.xxbias.xrbc.21                0.00185143
xxdut.ibias                           0.989235
xxdut.pb                               2.08094
xxdut.xxbias.n2s                      0.139978
xxdut.xxbias.xrz.11                   0.139247
xxdut.xxbias.xrz.21                 0.00073102
xxdut.xxtrim.xrfix.11                  3.29406
xxdut.xxtrim.xrfix.21                  2.68896
xxdut.xxtrim.c1                        2.68302
xxdut.xxtrim.xr0.11                    2.68125
xxdut.xxtrim.xr0.21                    2.67339
xxdut.xxtrim.c2                        2.67162
t0                                         3.3
xxdut.xxtrim.tb0                    3.3465e-09
xxdut.xxtrim.xr1.11                    2.66998
xxdut.xxtrim.xr1.21                    2.65547
xxdut.xxtrim.c3                        2.65383
t1                                         3.3
xxdut.xxtrim.tb1                    3.3465e-09
xxdut.xxtrim.xr2.11                    2.65252
xxdut.xxtrim.xr2.21                    2.62929
xxdut.xxtrim.c4                        2.62798
t2                                         3.3
xxdut.xxtrim.tb2                    3.3465e-09
xxdut.xxtrim.xr3.11                    2.62688
xxdut.xxtrim.xr3.21                    2.58772
xxdut.xxtrim.c5                        2.58661
t3                                         3.3
xxdut.xxtrim.tb3                    3.3465e-09
xxdut.xxtrim.xr4.11                    2.58578
xxdut.xxtrim.xr4.21                    2.52712
xxdut.xxtrim.c6                        2.52629
t4                                         3.3
xxdut.xxtrim.tb4                    3.3465e-09
xxdut.xxtrim.xr5.11                    2.52574
xxdut.xxtrim.xr5.21                    2.44706
xxdut.xxtrim.c7                         2.4465
t5                                         3.3
xxdut.xxtrim.tb5                    3.3465e-09
xxdut.xxtrim.xr6.11                    2.44612
xxdut.xxtrim.xr6.21                    2.33858
xxdut.xxtrim.c8                         2.3382
t6                                         3.3
xxdut.xxtrim.tb6                    3.3465e-09
xxdut.xxtrim.xr7.11                    2.33796
xxdut.xxtrim.xr7.21                    2.20278
xxdut.vc                               2.20254
t7                                         3.3
xxdut.xxtrim.tb7                    3.3465e-09
xxdut.xxcmph.tail                     0.937283
xxdut.xxcmph.dp                        1.47691
xxdut.xxcmph.dn                        1.66722
xxdut.cmph_out                         1.38701
xxdut.xxcmpl.tailp                     2.56226
xxdut.xxcmpl.dp                    1.14261e-08
xxdut.xxcmpl.dn                        1.08091
xxdut.xxcmpl.outb                          3.3
xxdut.cmpl_out                      3.3465e-09
clk                                   0.878844
xxdut.qbar                             1.36962
xxdut.mid1                             2.81775
xxdut.mid2                             3.11963
vt7#branch                                   0
vt6#branch                                   0
vt5#branch                                   0
vt4#branch                                   0
vt3#branch                                   0
vt2#branch                                   0
vt1#branch                                   0
vt0#branch                                   0
vdd#branch                        -0.000650985

 Reference value :  0.00000e+00
 Reference value :  7.67325e-08
 Reference value :  1.53784e-07
 Reference value :  2.31687e-07
 Reference value :  3.10279e-07
 Reference value :  3.92773e-07
 Reference value :  4.76650e-07
 Reference value :  5.64595e-07
 Reference value :  6.60379e-07
 Reference value :  7.50735e-07
 Reference value :  8.31433e-07
 Reference value :  9.23122e-07
 Reference value :  1.01602e-06
 Reference value :  1.10945e-06
No. of Data Rows : 6850
t_avg_start         =  4.41982e-08
t_avg_end           =  2.47501e-07
iq_run_ua           =  4.40426e+02 from=  4.41982e-08 to=  2.47611e-07
ngspice-46 done
Note: Starting dynamic gmin stepping
Note: Dynamic gmin stepping completed
Warning from checkvalid: vector xxdut.clk is not available or has zero length.
Note: Starting dynamic gmin stepping
Note: Dynamic gmin stepping completed
