====================================================================
gf180-rcosc Iq sweep grid point: rc_f_T+027C_V3p0_code0x80
process     : rc_f (fets=typical res=res_ff mimcap=mimcap_ff)
temperature : 27 C
supply      : 3 V
trim code   : 0x80 (128)
attempt     : 1 (tran 200p 1200n)
wall clock  : 3.7 s
exit status : 0
====================================================================

Note: No compatibility mode selected!


Circuit: ** sch_path: /home/ubuntu/github/gf180-rcosc/.loom/worktrees/issue-57/design/smoke_test.sch

Doing analysis at TEMP = 27.000000 and TNOM = 27.000000

Using SPARSE 1.3 as Direct Linear Solver
 Reference value :  0.00000e+00
No. of Data Rows : 1
iq_ua = 5.096141e+02
v(xxdut.xxcmph.dp) = 1.344102e+00
v(xxdut.xxcmph.dn) = 1.188580e+00
v(xxdut.cmph_out) = 1.286667e+00
v(xxdut.xxcmpl.dp) = 1.289437e-08
v(xxdut.xxcmpl.dn) = 1.138529e+00
v(xxdut.cmpl_out) = 3.849150e-09
Doing analysis at TEMP = 27.000000 and TNOM = 27.000000

Using SPARSE 1.3 as Direct Linear Solver

Initial Transient Solution
--------------------------

Node                                   Voltage
----                                   -------
vdd                                          3
xxdut.xxbias.xrba.11                   2.99895
xxdut.xxbias.xrba.21                   2.00105
xxdut.vh                                     2
xxdut.xxbias.xrbb.11                   1.99895
xxdut.xxbias.xrbb.21                   1.00105
xxdut.vl                                     1
xxdut.xxbias.xrbc.11                  0.998949
xxdut.xxbias.xrbc.21                0.00105114
xxdut.ibias                            1.00498
xxdut.pb                               1.73323
xxdut.xxbias.n2s                      0.181899
xxdut.xxbias.xrz.11                   0.181305
xxdut.xxbias.xrz.21                 0.00059485
xxdut.xxtrim.xrfix.11                  2.99911
xxdut.xxtrim.xrfix.21                  2.85403
xxdut.xxtrim.c1                        2.85314
xxdut.xxtrim.xr0.11                    2.85225
xxdut.xxtrim.xr0.21                    2.84594
xxdut.xxtrim.c2                        2.84505
t0                                           0
xxdut.xxtrim.tb0                             3
xxdut.xxtrim.xr1.11                    2.84417
xxdut.xxtrim.xr1.21                    2.83154
xxdut.xxtrim.c3                        2.83065
t1                                           0
xxdut.xxtrim.tb1                             3
xxdut.xxtrim.xr2.11                    2.82977
xxdut.xxtrim.xr2.21                    2.80452
xxdut.xxtrim.c4                        2.80363
t2                                           0
xxdut.xxtrim.tb2                             3
xxdut.xxtrim.xr3.11                    2.80274
xxdut.xxtrim.xr3.21                    2.75224
xxdut.xxtrim.c5                        2.75136
t3                                           0
xxdut.xxtrim.tb3                             3
xxdut.xxtrim.xr4.11                    2.75047
xxdut.xxtrim.xr4.21                    2.64947
xxdut.xxtrim.c6                        2.64859
t4                                           0
xxdut.xxtrim.tb4                             3
xxdut.xxtrim.xr5.11                     2.6477
xxdut.xxtrim.xr5.21                    2.44571
xxdut.xxtrim.c7                        2.44482
t5                                           0
xxdut.xxtrim.tb5                             3
xxdut.xxtrim.xr6.11                    2.44393
xxdut.xxtrim.xr6.21                    2.03996
xxdut.xxtrim.c8                        2.03907
t6                                           0
xxdut.xxtrim.tb6                             3
xxdut.xxtrim.xr7.11                    2.03902
xxdut.xxtrim.xr7.21                    1.99554
xxdut.vc                                1.9955
t7                                           3
xxdut.xxtrim.tb7                   3.84915e-09
xxdut.xxcmph.tail                     0.754691
xxdut.xxcmph.dp                         1.3441
xxdut.xxcmph.dn                        1.18858
xxdut.cmph_out                         1.28667
xxdut.xxcmpl.tailp                     2.44019
xxdut.xxcmpl.dp                    1.28944e-08
xxdut.xxcmpl.dn                        1.13853
xxdut.xxcmpl.outb                            3
xxdut.cmpl_out                     3.84915e-09
clk                                    0.72728
xxdut.qbar                             1.25349
xxdut.mid1                             2.51882
xxdut.mid2                             2.84312
vt7#branch                                   0
vt6#branch                                   0
vt5#branch                                   0
vt4#branch                                   0
vt3#branch                                   0
vt2#branch                                   0
vt1#branch                                   0
vt0#branch                                   0
vdd#branch                        -0.000509614

 Reference value :  1.22284e-08
 Reference value :  1.21691e-07
 Reference value :  2.31383e-07
 Reference value :  3.43192e-07
 Reference value :  4.51390e-07
 Reference value :  5.58623e-07
 Reference value :  6.71226e-07
 Reference value :  7.83193e-07
 Reference value :  9.02591e-07
 Reference value :  1.01843e-06
 Reference value :  1.13075e-06
No. of Data Rows : 6543
t_avg_start         =  8.23073e-08
t_avg_end           =  4.69287e-07
iq_run_ua           =  2.99318e+02 from=  8.23073e-08 to=  4.69305e-07
ngspice-46 done
Note: Starting dynamic gmin stepping
Warning: Dynamic gmin stepping failed
Note: Starting true gmin stepping
Note: True gmin stepping completed
Warning from checkvalid: vector xxdut.clk is not available or has zero length.
Note: Starting dynamic gmin stepping
Warning: Dynamic gmin stepping failed
Note: Starting true gmin stepping
Note: True gmin stepping completed
