====================================================================
gf180-rcosc Iq sweep grid point: rc_f_T+027C_V3p6_code0xFF
process     : rc_f (fets=typical res=res_ff mimcap=mimcap_ff)
temperature : 27 C
supply      : 3.6 V
trim code   : 0xFF (255)
attempt     : 1 (tran 200p 1200n)
wall clock  : 4.5 s
exit status : 0
====================================================================

Note: No compatibility mode selected!


Circuit: ** sch_path: /home/ubuntu/github/gf180-rcosc/.loom/worktrees/issue-57/design/smoke_test.sch

Doing analysis at TEMP = 27.000000 and TNOM = 27.000000

Using SPARSE 1.3 as Direct Linear Solver

No. of Data Rows : 1
iq_ua = 8.138302e+02
v(xxdut.xxcmph.dp) = 1.615452e+00
v(xxdut.xxcmph.dn) = 1.692081e+00
v(xxdut.cmph_out) = 1.506039e+00
v(xxdut.xxcmpl.dp) = 1.233323e-08
v(xxdut.xxcmpl.dn) = 1.182054e+00
v(xxdut.cmpl_out) = 4.855300e-09
Doing analysis at TEMP = 27.000000 and TNOM = 27.000000

Using SPARSE 1.3 as Direct Linear Solver

Initial Transient Solution
--------------------------

Node                                   Voltage
----                                   -------
vdd                                        3.6
xxdut.xxbias.xrba.11                   3.59874
xxdut.xxbias.xrba.21                   2.40126
xxdut.vh                                   2.4
xxdut.xxbias.xrbb.11                   2.39874
xxdut.xxbias.xrbb.21                   1.20126
xxdut.vl                                   1.2
xxdut.xxbias.xrbc.11                   1.19874
xxdut.xxbias.xrbc.21                0.00126137
xxdut.ibias                            1.03497
xxdut.pb                               2.29161
xxdut.xxbias.n2s                      0.199981
xxdut.xxbias.xrz.11                   0.199327
xxdut.xxbias.xrz.21                0.000653982
xxdut.xxtrim.xrfix.11                    3.596
xxdut.xxtrim.xrfix.21                  2.94353
xxdut.xxtrim.c1                        2.93953
xxdut.xxtrim.xr0.11                    2.93808
xxdut.xxtrim.xr0.21                    2.92779
xxdut.xxtrim.c2                        2.92634
t0                                         3.6
xxdut.xxtrim.tb0                    4.8553e-09
xxdut.xxtrim.xr1.11                    2.92504
xxdut.xxtrim.xr1.21                    2.90655
xxdut.xxtrim.c3                        2.90525
t1                                         3.6
xxdut.xxtrim.tb1                    4.8553e-09
xxdut.xxtrim.xr2.11                    2.90422
xxdut.xxtrim.xr2.21                    2.87494
xxdut.xxtrim.c4                        2.87391
t2                                         3.6
xxdut.xxtrim.tb2                    4.8553e-09
xxdut.xxtrim.xr3.11                    2.87305
xxdut.xxtrim.xr3.21                    2.82404
xxdut.xxtrim.c5                        2.82317
t3                                         3.6
xxdut.xxtrim.tb3                    4.8553e-09
xxdut.xxtrim.xr4.11                    2.82253
xxdut.xxtrim.xr4.21                    2.74923
xxdut.xxtrim.c6                        2.74859
t4                                         3.6
xxdut.xxtrim.tb4                    4.8553e-09
xxdut.xxtrim.xr5.11                    2.74817
xxdut.xxtrim.xr5.21                    2.65217
xxdut.xxtrim.c7                        2.65174
t5                                         3.6
xxdut.xxtrim.tb5                    4.8553e-09
xxdut.xxtrim.xr6.11                    2.65149
xxdut.xxtrim.xr6.21                    2.53559
xxdut.xxtrim.c8                        2.53534
t6                                         3.6
xxdut.xxtrim.tb6                    4.8553e-09
xxdut.xxtrim.xr7.11                    2.53519
xxdut.xxtrim.xr7.21                    2.40199
xxdut.vc                               2.40185
t7                                         3.6
xxdut.xxtrim.tb7                    4.8553e-09
xxdut.xxcmph.tail                      1.05549
xxdut.xxcmph.dp                        1.61545
xxdut.xxcmph.dn                        1.69208
xxdut.cmph_out                         1.50604
xxdut.xxcmpl.tailp                     2.76756
xxdut.xxcmpl.dp                    1.23332e-08
xxdut.xxcmpl.dn                        1.18205
xxdut.xxcmpl.outb                          3.6
xxdut.cmpl_out                      4.8553e-09
clk                                   0.844344
xxdut.qbar                             1.47473
xxdut.mid1                             2.98607
xxdut.mid2                             3.36296
vt7#branch                                   0
vt6#branch                                   0
vt5#branch                                   0
vt4#branch                                   0
vt3#branch                                   0
vt2#branch                                   0
vt1#branch                                   0
vt0#branch                                   0
vdd#branch                         -0.00081383

 Reference value :  0.00000e+00
 Reference value :  7.37072e-08
 Reference value :  1.56319e-07
 Reference value :  2.42746e-07
 Reference value :  3.30597e-07
 Reference value :  4.24380e-07
 Reference value :  5.23183e-07
 Reference value :  6.17210e-07
 Reference value :  7.06748e-07
 Reference value :  7.95908e-07
 Reference value :  8.91538e-07
 Reference value :  9.88385e-07
 Reference value :  1.09164e-06
 Reference value :  1.19110e-06
No. of Data Rows : 6564
t_avg_start         =  4.32279e-08
t_avg_end           =  2.33423e-07
iq_run_ua           =  5.68639e+02 from=  4.32279e-08 to=  2.33477e-07
ngspice-46 done
Note: Starting dynamic gmin stepping
Note: Dynamic gmin stepping completed
Warning from checkvalid: vector xxdut.clk is not available or has zero length.
Note: Starting dynamic gmin stepping
Note: Dynamic gmin stepping completed
