====================================================================
gf180-rcosc Iq sweep grid point: rc_f_T+027C_V3p0_code0xC0
process     : rc_f (fets=typical res=res_ff mimcap=mimcap_ff)
temperature : 27 C
supply      : 3 V
trim code   : 0xC0 (192)
attempt     : 1 (tran 200p 1200n)
wall clock  : 4.1 s
exit status : 0
====================================================================

Note: No compatibility mode selected!


Circuit: ** sch_path: /home/ubuntu/github/gf180-rcosc/.loom/worktrees/issue-57/design/smoke_test.sch

Doing analysis at TEMP = 27.000000 and TNOM = 27.000000

Using SPARSE 1.3 as Direct Linear Solver

No. of Data Rows : 1
iq_ua = 5.208977e+02
v(xxdut.xxcmph.dp) = 1.344247e+00
v(xxdut.xxcmph.dn) = 1.188580e+00
v(xxdut.cmph_out) = 1.277652e+00
v(xxdut.xxcmpl.dp) = 1.289452e-08
v(xxdut.xxcmpl.dn) = 1.138529e+00
v(xxdut.cmpl_out) = 3.849150e-09
Doing analysis at TEMP = 27.000000 and TNOM = 27.000000

Using SPARSE 1.3 as Direct Linear Solver

Initial Transient Solution
--------------------------

Node                                   Voltage
----                                   -------
vdd                                          3
xxdut.xxbias.xrba.11                   2.99895
xxdut.xxbias.xrba.21                   2.00105
xxdut.vh                                     2
xxdut.xxbias.xrbb.11                   1.99895
xxdut.xxbias.xrbb.21                   1.00105
xxdut.vl                                     1
xxdut.xxbias.xrbc.11                  0.998949
xxdut.xxbias.xrbc.21                0.00105114
xxdut.ibias                            1.00498
xxdut.pb                               1.73323
xxdut.xxbias.n2s                      0.181899
xxdut.xxbias.xrz.11                   0.181305
xxdut.xxbias.xrz.21                 0.00059485
xxdut.xxtrim.xrfix.11                  2.99859
xxdut.xxtrim.xrfix.21                  2.76886
xxdut.xxtrim.c1                        2.76745
xxdut.xxtrim.xr0.11                    2.76604
xxdut.xxtrim.xr0.21                    2.75605
xxdut.xxtrim.c2                        2.75464
t0                                           0
xxdut.xxtrim.tb0                             3
xxdut.xxtrim.xr1.11                    2.75323
xxdut.xxtrim.xr1.21                    2.73324
xxdut.xxtrim.c3                        2.73184
t1                                           0
xxdut.xxtrim.tb1                             3
xxdut.xxtrim.xr2.11                    2.73043
xxdut.xxtrim.xr2.21                    2.69045
xxdut.xxtrim.c4                        2.68904
t2                                           0
xxdut.xxtrim.tb2                             3
xxdut.xxtrim.xr3.11                    2.68763
xxdut.xxtrim.xr3.21                    2.60767
xxdut.xxtrim.c5                        2.60627
t3                                           0
xxdut.xxtrim.tb3                             3
xxdut.xxtrim.xr4.11                    2.60486
xxdut.xxtrim.xr4.21                    2.44493
xxdut.xxtrim.c6                        2.44353
t4                                           0
xxdut.xxtrim.tb4                             3
xxdut.xxtrim.xr5.11                    2.44212
xxdut.xxtrim.xr5.21                    2.12227
xxdut.xxtrim.c7                        2.12086
t5                                           0
xxdut.xxtrim.tb5                             3
xxdut.xxtrim.xr6.11                    2.12074
xxdut.xxtrim.xr6.21                    2.06593
xxdut.xxtrim.c8                        2.06581
t6                                           3
xxdut.xxtrim.tb6                   3.84915e-09
xxdut.xxtrim.xr7.11                    2.06574
xxdut.xxtrim.xr7.21                    1.99557
xxdut.vc                               1.99549
t7                                           3
xxdut.xxtrim.tb7                   3.84915e-09
xxdut.xxcmph.tail                     0.754691
xxdut.xxcmph.dp                        1.34425
xxdut.xxcmph.dn                        1.18858
xxdut.cmph_out                         1.27765
xxdut.xxcmpl.tailp                     2.44019
xxdut.xxcmpl.dp                    1.28945e-08
xxdut.xxcmpl.dn                        1.13853
xxdut.xxcmpl.outb                            3
xxdut.cmpl_out                     3.84915e-09
clk                                   0.757966
xxdut.qbar                             1.25273
xxdut.mid1                             2.53747
xxdut.mid2                             2.84302
vt7#branch                                   0
vt6#branch                                   0
vt5#branch                                   0
vt4#branch                                   0
vt3#branch                                   0
vt2#branch                                   0
vt1#branch                                   0
vt0#branch                                   0
vdd#branch                        -0.000520898

 Reference value :  0.00000e+00
 Reference value :  9.31211e-08
 Reference value :  1.87678e-07
 Reference value :  2.81338e-07
 Reference value :  3.81084e-07
 Reference value :  4.81373e-07
 Reference value :  5.89512e-07
 Reference value :  6.94622e-07
 Reference value :  7.97789e-07
 Reference value :  9.00115e-07
 Reference value :  1.00504e-06
 Reference value :  1.10656e-06
No. of Data Rows : 6564
t_avg_start         =  6.27964e-08
t_avg_end           =  3.48558e-07
iq_run_ua           =  3.34421e+02 from=  6.27964e-08 to=  3.48652e-07
ngspice-46 done
Note: Starting dynamic gmin stepping
Note: Dynamic gmin stepping completed
Warning from checkvalid: vector xxdut.clk is not available or has zero length.
Note: Starting dynamic gmin stepping
Note: Dynamic gmin stepping completed
