====================================================================
gf180-rcosc Iq sweep grid point: rc_s_T+085C_V3p0_code0xFF
process     : rc_s (fets=typical res=res_ss mimcap=mimcap_ss)
temperature : 85 C
supply      : 3 V
trim code   : 0xFF (255)
attempt     : 1 (tran 200p 1200n)
wall clock  : 4.0 s
exit status : 0
====================================================================

Note: No compatibility mode selected!


Circuit: ** sch_path: /home/ubuntu/github/gf180-rcosc/.loom/worktrees/issue-57/design/smoke_test.sch

Doing analysis at TEMP = 85.000000 and TNOM = 27.000000

Using SPARSE 1.3 as Direct Linear Solver

No. of Data Rows : 1
iq_ua = 4.639454e+02
v(xxdut.xxcmph.dp) = 1.347566e+00
v(xxdut.xxcmph.dn) = 1.336368e+00
v(xxdut.cmph_out) = 1.259575e+00
v(xxdut.xxcmpl.dp) = 2.623059e-08
v(xxdut.xxcmpl.dn) = 1.053703e+00
v(xxdut.cmpl_out) = 4.813748e-09
Doing analysis at TEMP = 85.000000 and TNOM = 27.000000

Using SPARSE 1.3 as Direct Linear Solver

Initial Transient Solution
--------------------------

Node                                   Voltage
----                                   -------
vdd                                          3
xxdut.xxbias.xrba.11                   2.99949
xxdut.xxbias.xrba.21                   2.00051
xxdut.vh                                     2
xxdut.xxbias.xrbb.11                   1.99949
xxdut.xxbias.xrbb.21                   1.00051
xxdut.vl                                     1
xxdut.xxbias.xrbc.11                  0.999494
xxdut.xxbias.xrbc.21               0.000506103
xxdut.ibias                            0.92062
xxdut.pb                               1.83643
xxdut.xxbias.n2s                      0.179303
xxdut.xxbias.xrz.11                    0.17902
xxdut.xxbias.xrz.21                0.000282972
xxdut.xxtrim.xrfix.11                  2.99839
xxdut.xxtrim.xrfix.21                  2.45309
xxdut.xxtrim.c1                        2.45148
xxdut.xxtrim.xr0.11                    2.45089
xxdut.xxtrim.xr0.21                     2.4421
xxdut.xxtrim.c2                         2.4415
t0                                           3
xxdut.xxtrim.tb0                   4.81375e-09
xxdut.xxtrim.xr1.11                    2.44099
xxdut.xxtrim.xr1.21                    2.42574
xxdut.xxtrim.c3                        2.42523
t1                                           3
xxdut.xxtrim.tb1                   4.81375e-09
xxdut.xxtrim.xr2.11                    2.42483
xxdut.xxtrim.xr2.21                    2.40128
xxdut.xxtrim.c4                        2.40088
t2                                           3
xxdut.xxtrim.tb2                   4.81375e-09
xxdut.xxtrim.xr3.11                    2.40056
xxdut.xxtrim.xr3.21                    2.36172
xxdut.xxtrim.c5                         2.3614
t3                                           3
xxdut.xxtrim.tb3                   4.81375e-09
xxdut.xxtrim.xr4.11                    2.36115
xxdut.xxtrim.xr4.21                    2.30354
xxdut.xxtrim.c6                         2.3033
t4                                           3
xxdut.xxtrim.tb4                   4.81375e-09
xxdut.xxtrim.xr5.11                    2.30313
xxdut.xxtrim.xr5.21                    2.22647
xxdut.xxtrim.c7                        2.22631
t5                                           3
xxdut.xxtrim.tb5                   4.81375e-09
xxdut.xxtrim.xr6.11                     2.2262
xxdut.xxtrim.xr6.21                    2.12499
xxdut.xxtrim.c8                        2.12488
t6                                           3
xxdut.xxtrim.tb6                   4.81375e-09
xxdut.xxtrim.xr7.11                    2.12481
xxdut.xxtrim.xr7.21                    1.99979
xxdut.vc                               1.99972
t7                                           3
xxdut.xxtrim.tb7                   4.81375e-09
xxdut.xxcmph.tail                     0.821117
xxdut.xxcmph.dp                        1.34757
xxdut.xxcmph.dn                        1.33637
xxdut.cmph_out                         1.25958
xxdut.xxcmpl.tailp                     2.36222
xxdut.xxcmpl.dp                    2.62306e-08
xxdut.xxcmpl.dn                         1.0537
xxdut.xxcmpl.outb                            3
xxdut.cmpl_out                     4.81375e-09
clk                                   0.752031
xxdut.qbar                             1.24617
xxdut.mid1                             2.52662
xxdut.mid2                             2.82859
vt7#branch                                   0
vt6#branch                                   0
vt5#branch                                   0
vt4#branch                                   0
vt3#branch                                   0
vt2#branch                                   0
vt1#branch                                   0
vt0#branch                                   0
vdd#branch                        -0.000463945

 Reference value :  0.00000e+00
 Reference value :  9.60689e-08
 Reference value :  1.95228e-07
 Reference value :  2.95131e-07
 Reference value :  4.02269e-07
 Reference value :  5.04147e-07
 Reference value :  6.04620e-07
 Reference value :  7.06465e-07
 Reference value :  8.03599e-07
 Reference value :  9.02691e-07
 Reference value :  1.01379e-06
 Reference value :  1.11615e-06
No. of Data Rows : 6463
t_avg_start         =  6.10409e-08
t_avg_end           =  3.45607e-07
iq_run_ua           =  3.29865e+02 from=  6.10409e-08 to=  3.45617e-07
ngspice-46 done
Note: Starting dynamic gmin stepping
Note: Dynamic gmin stepping completed
Warning from checkvalid: vector xxdut.clk is not available or has zero length.
Note: Starting dynamic gmin stepping
Note: Dynamic gmin stepping completed
