====================================================================
gf180-rcosc Iq sweep grid point: rc_s_T-040C_V3p6_code0x00
process     : rc_s (fets=typical res=res_ss mimcap=mimcap_ss)
temperature : -40 C
supply      : 3.6 V
trim code   : 0x00 (0)
attempt     : 2 (tran 200p 4000n)
wall clock  : 9.4 s
exit status : 0
====================================================================

Note: No compatibility mode selected!


Circuit: ** sch_path: /home/ubuntu/github/gf180-rcosc/.loom/worktrees/issue-57/design/smoke_test.sch

Doing analysis at TEMP = -40.000000 and TNOM = 27.000000

Using SPARSE 1.3 as Direct Linear Solver

No. of Data Rows : 1
iq_ua = 6.579662e+02
v(xxdut.xxcmph.dp) = 1.611988e+00
v(xxdut.xxcmph.dn) = 2.080735e+00
v(xxdut.cmph_out) = 1.555500e+00
v(xxdut.xxcmpl.dp) = 1.463813e-08
v(xxdut.xxcmpl.dn) = 1.031677e+00
v(xxdut.cmpl_out) = 3.892449e-09
Doing analysis at TEMP = -40.000000 and TNOM = 27.000000

Using SPARSE 1.3 as Direct Linear Solver

Initial Transient Solution
--------------------------

Node                                   Voltage
----                                   -------
vdd                                        3.6
xxdut.xxbias.xrba.11                   3.59865
xxdut.xxbias.xrba.21                   2.40135
xxdut.vh                                   2.4
xxdut.xxbias.xrbb.11                   2.39865
xxdut.xxbias.xrbb.21                   1.20135
xxdut.vl                                   1.2
xxdut.xxbias.xrbc.11                   1.19865
xxdut.xxbias.xrbc.21                0.00134801
xxdut.ibias                           0.953148
xxdut.pb                                2.4359
xxdut.xxbias.n2s                      0.132185
xxdut.xxbias.xrz.11                   0.131723
xxdut.xxbias.xrz.21                0.000461823
xxdut.xxtrim.xrfix.11                  3.59936
xxdut.xxtrim.xrfix.21                  3.50152
xxdut.xxtrim.c1                        3.50088
xxdut.xxtrim.xr0.11                    3.50024
xxdut.xxtrim.xr0.21                    3.49598
xxdut.xxtrim.c2                        3.49534
t0                                           0
xxdut.xxtrim.tb0                           3.6
xxdut.xxtrim.xr1.11                     3.4947
xxdut.xxtrim.xr1.21                    3.48619
xxdut.xxtrim.c3                        3.48555
t1                                           0
xxdut.xxtrim.tb1                           3.6
xxdut.xxtrim.xr2.11                    3.48491
xxdut.xxtrim.xr2.21                    3.46788
xxdut.xxtrim.c4                        3.46724
t2                                           0
xxdut.xxtrim.tb2                           3.6
xxdut.xxtrim.xr3.11                     3.4666
xxdut.xxtrim.xr3.21                    3.43254
xxdut.xxtrim.c5                         3.4319
t3                                           0
xxdut.xxtrim.tb3                           3.6
xxdut.xxtrim.xr4.11                    3.43126
xxdut.xxtrim.xr4.21                    3.36315
xxdut.xxtrim.c6                        3.36251
t4                                           0
xxdut.xxtrim.tb4                           3.6
xxdut.xxtrim.xr5.11                    3.36187
xxdut.xxtrim.xr5.21                    3.22565
xxdut.xxtrim.c7                        3.22501
t5                                           0
xxdut.xxtrim.tb5                           3.6
xxdut.xxtrim.xr6.11                    3.22437
xxdut.xxtrim.xr6.21                    2.95194
xxdut.xxtrim.c8                        2.95129
t6                                           0
xxdut.xxtrim.tb6                           3.6
xxdut.xxtrim.xr7.11                    2.95065
xxdut.xxtrim.xr7.21                    2.40578
xxdut.vc                               2.40514
t7                                           0
xxdut.xxtrim.tb7                           3.6
xxdut.xxcmph.tail                      1.13097
xxdut.xxcmph.dp                        1.61199
xxdut.xxcmph.dn                        2.08073
xxdut.cmph_out                          1.5555
xxdut.xxcmpl.tailp                     2.66894
xxdut.xxcmpl.dp                    1.46381e-08
xxdut.xxcmpl.dn                        1.03168
xxdut.xxcmpl.outb                          3.6
xxdut.cmpl_out                     3.89245e-09
clk                                   0.744643
xxdut.qbar                             1.48425
xxdut.mid1                             2.93274
xxdut.mid2                             3.37885
vt7#branch                                   0
vt6#branch                                   0
vt5#branch                                   0
vt4#branch                                   0
vt3#branch                                   0
vt2#branch                                   0
vt1#branch                                   0
vt0#branch                                   0
vdd#branch                        -0.000657966

 Reference value :  0.00000e+00
 Reference value :  1.32947e-07
 Reference value :  2.67712e-07
 Reference value :  4.12627e-07
 Reference value :  5.54318e-07
 Reference value :  6.94947e-07
 Reference value :  8.37265e-07
 Reference value :  9.78793e-07
 Reference value :  1.12272e-06
 Reference value :  1.26081e-06
 Reference value :  1.40164e-06
 Reference value :  1.54125e-06
 Reference value :  1.68369e-06
 Reference value :  1.82150e-06
 Reference value :  1.95888e-06
 Reference value :  2.10126e-06
 Reference value :  2.24253e-06
 Reference value :  2.37780e-06
 Reference value :  2.51462e-06
 Reference value :  2.66356e-06
 Reference value :  2.80906e-06
 Reference value :  2.95042e-06
 Reference value :  3.09336e-06
 Reference value :  3.23141e-06
 Reference value :  3.37575e-06
 Reference value :  3.51305e-06
 Reference value :  3.65861e-06
 Reference value :  3.80763e-06
 Reference value :  3.95418e-06
No. of Data Rows : 20839
t_avg_start         =  2.10055e-07
t_avg_end           =  1.23198e-06
iq_run_ua           =  1.77409e+02 from=  2.10055e-07 to=  1.23202e-06
ngspice-46 done
Note: Starting dynamic gmin stepping
Note: Dynamic gmin stepping completed
Warning from checkvalid: vector xxdut.clk is not available or has zero length.
Note: Starting dynamic gmin stepping
Note: Dynamic gmin stepping completed
