====================================================================
gf180-rcosc Iq sweep grid point: rc_s_T-040C_V3p0_code0x00
process     : rc_s (fets=typical res=res_ss mimcap=mimcap_ss)
temperature : -40 C
supply      : 3 V
trim code   : 0x00 (0)
attempt     : 2 (tran 200p 4000n)
wall clock  : 9.2 s
exit status : 0
====================================================================

Note: No compatibility mode selected!


Circuit: ** sch_path: /home/ubuntu/github/gf180-rcosc/.loom/worktrees/issue-57/design/smoke_test.sch

Doing analysis at TEMP = -40.000000 and TNOM = 27.000000

Using SPARSE 1.3 as Direct Linear Solver
 Reference value :  0.00000e+00
No. of Data Rows : 1
iq_ua = 3.894146e+02
v(xxdut.xxcmph.dp) = 1.343134e+00
v(xxdut.xxcmph.dn) = 1.590770e+00
v(xxdut.cmph_out) = 1.300781e+00
v(xxdut.xxcmpl.dp) = 1.457561e-08
v(xxdut.xxcmpl.dn) = 9.848344e-01
v(xxdut.cmpl_out) = 3.037657e-09
Doing analysis at TEMP = -40.000000 and TNOM = 27.000000

Using SPARSE 1.3 as Direct Linear Solver

Initial Transient Solution
--------------------------

Node                                   Voltage
----                                   -------
vdd                                          3
xxdut.xxbias.xrba.11                   2.99888
xxdut.xxbias.xrba.21                   2.00112
xxdut.vh                                     2
xxdut.xxbias.xrbb.11                   1.99888
xxdut.xxbias.xrbb.21                   1.00112
xxdut.vl                                     1
xxdut.xxbias.xrbc.11                  0.998877
xxdut.xxbias.xrbc.21                0.00112334
xxdut.ibias                           0.918556
xxdut.pb                               1.88612
xxdut.xxbias.n2s                      0.111795
xxdut.xxbias.xrz.11                   0.111404
xxdut.xxbias.xrz.21                0.000390584
xxdut.xxtrim.xrfix.11                  2.99947
xxdut.xxtrim.xrfix.21                  2.91779
xxdut.xxtrim.c1                        2.91726
xxdut.xxtrim.xr0.11                    2.91672
xxdut.xxtrim.xr0.21                    2.91317
xxdut.xxtrim.c2                        2.91264
t0                                           0
xxdut.xxtrim.tb0                             3
xxdut.xxtrim.xr1.11                     2.9121
xxdut.xxtrim.xr1.21                    2.90499
xxdut.xxtrim.c3                        2.90446
t1                                           0
xxdut.xxtrim.tb1                             3
xxdut.xxtrim.xr2.11                    2.90393
xxdut.xxtrim.xr2.21                    2.88971
xxdut.xxtrim.c4                        2.88918
t2                                           0
xxdut.xxtrim.tb2                             3
xxdut.xxtrim.xr3.11                    2.88864
xxdut.xxtrim.xr3.21                    2.86022
xxdut.xxtrim.c5                        2.85968
t3                                           0
xxdut.xxtrim.tb3                             3
xxdut.xxtrim.xr4.11                    2.85915
xxdut.xxtrim.xr4.21                    2.80229
xxdut.xxtrim.c6                        2.80176
t4                                           0
xxdut.xxtrim.tb4                             3
xxdut.xxtrim.xr5.11                    2.80122
xxdut.xxtrim.xr5.21                    2.68752
xxdut.xxtrim.c7                        2.68698
t5                                           0
xxdut.xxtrim.tb5                             3
xxdut.xxtrim.xr6.11                    2.68645
xxdut.xxtrim.xr6.21                    2.45903
xxdut.xxtrim.c8                         2.4585
t6                                           0
xxdut.xxtrim.tb6                             3
xxdut.xxtrim.xr7.11                    2.45796
xxdut.xxtrim.xr7.21                    2.00313
xxdut.vc                               2.00259
t7                                           0
xxdut.xxtrim.tb7                             3
xxdut.xxcmph.tail                     0.833059
xxdut.xxcmph.dp                        1.34313
xxdut.xxcmph.dn                        1.59077
xxdut.cmph_out                         1.30078
xxdut.xxcmpl.tailp                     2.33921
xxdut.xxcmpl.dp                    1.45756e-08
xxdut.xxcmpl.dn                       0.984834
xxdut.xxcmpl.outb                            3
xxdut.cmpl_out                     3.03766e-09
clk                                   0.738833
xxdut.qbar                             1.26327
xxdut.mid1                             2.53389
xxdut.mid2                             2.86004
vt7#branch                                   0
vt6#branch                                   0
vt5#branch                                   0
vt4#branch                                   0
vt3#branch                                   0
vt2#branch                                   0
vt1#branch                                   0
vt0#branch                                   0
vdd#branch                        -0.000389415

 Reference value :  0.00000e+00
 Reference value :  1.34548e-07
 Reference value :  2.75114e-07
 Reference value :  4.24904e-07
 Reference value :  5.65162e-07
 Reference value :  7.04380e-07
 Reference value :  8.42880e-07
 Reference value :  9.92250e-07
 Reference value :  1.12747e-06
 Reference value :  1.26459e-06
 Reference value :  1.40611e-06
 Reference value :  1.53792e-06
 Reference value :  1.67716e-06
 Reference value :  1.81934e-06
 Reference value :  1.95192e-06
 Reference value :  2.08965e-06
 Reference value :  2.23286e-06
 Reference value :  2.38329e-06
 Reference value :  2.53403e-06
 Reference value :  2.68707e-06
 Reference value :  2.82899e-06
 Reference value :  2.97076e-06
 Reference value :  3.11083e-06
 Reference value :  3.24678e-06
 Reference value :  3.38285e-06
 Reference value :  3.52352e-06
 Reference value :  3.65251e-06
 Reference value :  3.79473e-06
 Reference value :  3.93719e-06
No. of Data Rows : 20557
t_avg_start         =  2.18403e-07
t_avg_end           =  1.25084e-06
iq_run_ua           =  1.27257e+02 from=  2.18403e-07 to=  1.25094e-06
ngspice-46 done
Note: Starting dynamic gmin stepping
Warning: Dynamic gmin stepping failed
Note: Starting true gmin stepping
Note: True gmin stepping completed
Warning from checkvalid: vector xxdut.clk is not available or has zero length.
Note: Starting dynamic gmin stepping
Warning: Dynamic gmin stepping failed
Note: Starting true gmin stepping
Note: True gmin stepping completed
