====================================================================
gf180-rcosc Iq sweep grid point: rc_s_T+027C_V3p0_code0x00
process     : rc_s (fets=typical res=res_ss mimcap=mimcap_ss)
temperature : 27 C
supply      : 3 V
trim code   : 0x00 (0)
attempt     : 1 (tran 200p 1200n)
wall clock  : 3.1 s
exit status : 0
====================================================================

Note: No compatibility mode selected!


Circuit: ** sch_path: /home/ubuntu/github/gf180-rcosc/.loom/worktrees/issue-57/design/smoke_test.sch

Doing analysis at TEMP = 27.000000 and TNOM = 27.000000

Using SPARSE 1.3 as Direct Linear Solver

No. of Data Rows : 1
iq_ua = 4.004173e+02
v(xxdut.xxcmph.dp) = 1.343904e+00
v(xxdut.xxcmph.dn) = 1.464831e+00
v(xxdut.cmph_out) = 1.299020e+00
v(xxdut.xxcmpl.dp) = 1.519820e-08
v(xxdut.xxcmpl.dn) = 1.013581e+00
v(xxdut.cmpl_out) = 3.849150e-09
Doing analysis at TEMP = 27.000000 and TNOM = 27.000000

Using SPARSE 1.3 as Direct Linear Solver

Initial Transient Solution
--------------------------

Node                                   Voltage
----                                   -------
vdd                                          3
xxdut.xxbias.xrba.11                    2.9993
xxdut.xxbias.xrba.21                    2.0007
xxdut.vh                                     2
xxdut.xxbias.xrbb.11                    1.9993
xxdut.xxbias.xrbb.21                    1.0007
xxdut.vl                                     1
xxdut.xxbias.xrbc.11                  0.999299
xxdut.xxbias.xrbc.21               0.000701252
xxdut.ibias                           0.913975
xxdut.pb                               1.86421
xxdut.xxbias.n2s                      0.145663
xxdut.xxbias.xrz.11                   0.145345
xxdut.xxbias.xrz.21                 0.00031826
xxdut.xxtrim.xrfix.11                  2.99967
xxdut.xxtrim.xrfix.21                  2.91763
xxdut.xxtrim.c1                         2.9173
xxdut.xxtrim.xr0.11                    2.91696
xxdut.xxtrim.xr0.21                    2.91339
xxdut.xxtrim.c2                        2.91306
t0                                           0
xxdut.xxtrim.tb0                             3
xxdut.xxtrim.xr1.11                    2.91272
xxdut.xxtrim.xr1.21                    2.90559
xxdut.xxtrim.c3                        2.90525
t1                                           0
xxdut.xxtrim.tb1                             3
xxdut.xxtrim.xr2.11                    2.90492
xxdut.xxtrim.xr2.21                    2.89064
xxdut.xxtrim.c4                        2.89031
t2                                           0
xxdut.xxtrim.tb2                             3
xxdut.xxtrim.xr3.11                    2.88997
xxdut.xxtrim.xr3.21                    2.86142
xxdut.xxtrim.c5                        2.86108
t3                                           0
xxdut.xxtrim.tb3                             3
xxdut.xxtrim.xr4.11                    2.86075
xxdut.xxtrim.xr4.21                    2.80364
xxdut.xxtrim.c6                        2.80331
t4                                           0
xxdut.xxtrim.tb4                             3
xxdut.xxtrim.xr5.11                    2.80297
xxdut.xxtrim.xr5.21                    2.68877
xxdut.xxtrim.c7                        2.68843
t5                                           0
xxdut.xxtrim.tb5                             3
xxdut.xxtrim.xr6.11                     2.6881
xxdut.xxtrim.xr6.21                    2.45968
xxdut.xxtrim.c8                        2.45934
t6                                           0
xxdut.xxtrim.tb6                             3
xxdut.xxtrim.xr7.11                    2.45901
xxdut.xxtrim.xr7.21                    2.00217
xxdut.vc                               2.00183
t7                                           0
xxdut.xxtrim.tb7                             3
xxdut.xxcmph.tail                      0.83192
xxdut.xxcmph.dp                         1.3439
xxdut.xxcmph.dn                        1.46483
xxdut.cmph_out                         1.29902
xxdut.xxcmpl.tailp                     2.34824
xxdut.xxcmpl.dp                    1.51982e-08
xxdut.xxcmpl.dn                        1.01358
xxdut.xxcmpl.outb                            3
xxdut.cmpl_out                     3.84915e-09
clk                                   0.671716
xxdut.qbar                             1.25507
xxdut.mid1                             2.48497
xxdut.mid2                             2.84337
vt7#branch                                   0
vt6#branch                                   0
vt5#branch                                   0
vt4#branch                                   0
vt3#branch                                   0
vt2#branch                                   0
vt1#branch                                   0
vt0#branch                                   0
vdd#branch                        -0.000400417

 Reference value :  0.00000e+00
 Reference value :  1.45793e-07
 Reference value :  2.90725e-07
 Reference value :  4.36073e-07
 Reference value :  5.79886e-07
 Reference value :  7.20703e-07
 Reference value :  8.64858e-07
 Reference value :  1.01100e-06
 Reference value :  1.15753e-06
No. of Data Rows : 6244
t_avg_start         =  1.99079e-07
t_avg_end           =  1.16931e-06
iq_run_ua           =  1.61183e+02 from=  1.99079e-07 to=  1.16944e-06
ngspice-46 done
Note: Starting dynamic gmin stepping
Note: Dynamic gmin stepping completed
Warning from checkvalid: vector xxdut.clk is not available or has zero length.
Note: Starting dynamic gmin stepping
Note: Dynamic gmin stepping completed
