====================================================================
gf180-rcosc Iq sweep grid point: rc_s_T-040C_V3p0_code0xC0
process     : rc_s (fets=typical res=res_ss mimcap=mimcap_ss)
temperature : -40 C
supply      : 3 V
trim code   : 0xC0 (192)
attempt     : 1 (tran 200p 1200n)
wall clock  : 3.8 s
exit status : 0
====================================================================

Note: No compatibility mode selected!


Circuit: ** sch_path: /home/ubuntu/github/gf180-rcosc/.loom/worktrees/issue-57/design/smoke_test.sch

Doing analysis at TEMP = -40.000000 and TNOM = 27.000000

Using SPARSE 1.3 as Direct Linear Solver
 Reference value :  0.00000e+00
No. of Data Rows : 1
iq_ua = 4.016233e+02
v(xxdut.xxcmph.dp) = 1.343295e+00
v(xxdut.xxcmph.dn) = 1.590770e+00
v(xxdut.cmph_out) = 1.289450e+00
v(xxdut.xxcmpl.dp) = 1.457561e-08
v(xxdut.xxcmpl.dn) = 9.848344e-01
v(xxdut.cmpl_out) = 3.037657e-09
Doing analysis at TEMP = -40.000000 and TNOM = 27.000000

Using SPARSE 1.3 as Direct Linear Solver

Initial Transient Solution
--------------------------

Node                                   Voltage
----                                   -------
vdd                                          3
xxdut.xxbias.xrba.11                   2.99888
xxdut.xxbias.xrba.21                   2.00112
xxdut.vh                                     2
xxdut.xxbias.xrbb.11                   1.99888
xxdut.xxbias.xrbb.21                   1.00112
xxdut.vl                                     1
xxdut.xxbias.xrbc.11                  0.998877
xxdut.xxbias.xrbc.21                0.00112334
xxdut.ibias                           0.918556
xxdut.pb                               1.88612
xxdut.xxbias.n2s                      0.111795
xxdut.xxbias.xrz.11                   0.111404
xxdut.xxbias.xrz.21                0.000390584
xxdut.xxtrim.xrfix.11                  2.99843
xxdut.xxtrim.xrfix.21                  2.75877
xxdut.xxtrim.c1                         2.7572
xxdut.xxtrim.xr0.11                    2.75563
xxdut.xxtrim.xr0.21                    2.74521
xxdut.xxtrim.c2                        2.74364
t0                                           0
xxdut.xxtrim.tb0                             3
xxdut.xxtrim.xr1.11                    2.74207
xxdut.xxtrim.xr1.21                    2.72122
xxdut.xxtrim.c3                        2.71965
t1                                           0
xxdut.xxtrim.tb1                             3
xxdut.xxtrim.xr2.11                    2.71808
xxdut.xxtrim.xr2.21                    2.67637
xxdut.xxtrim.c4                         2.6748
t2                                           0
xxdut.xxtrim.tb2                             3
xxdut.xxtrim.xr3.11                    2.67324
xxdut.xxtrim.xr3.21                    2.58982
xxdut.xxtrim.c5                        2.58825
t3                                           0
xxdut.xxtrim.tb3                             3
xxdut.xxtrim.xr4.11                    2.58668
xxdut.xxtrim.xr4.21                    2.41985
xxdut.xxtrim.c6                        2.41828
t4                                           0
xxdut.xxtrim.tb4                             3
xxdut.xxtrim.xr5.11                    2.41671
xxdut.xxtrim.xr5.21                    2.08305
xxdut.xxtrim.c7                        2.08148
t5                                           0
xxdut.xxtrim.tb5                             3
xxdut.xxtrim.xr6.11                     2.0814
xxdut.xxtrim.xr6.21                    2.04761
xxdut.xxtrim.c8                        2.04753
t6                                           3
xxdut.xxtrim.tb6                   3.03766e-09
xxdut.xxtrim.xr7.11                    2.04748
xxdut.xxtrim.xr7.21                    2.00265
xxdut.vc                               2.00259
t7                                           3
xxdut.xxtrim.tb7                   3.03766e-09
xxdut.xxcmph.tail                     0.833059
xxdut.xxcmph.dp                         1.3433
xxdut.xxcmph.dn                        1.59077
xxdut.cmph_out                         1.28945
xxdut.xxcmpl.tailp                     2.33921
xxdut.xxcmpl.dp                    1.45756e-08
xxdut.xxcmpl.dn                       0.984834
xxdut.xxcmpl.outb                            3
xxdut.cmpl_out                     3.03766e-09
clk                                   0.791765
xxdut.qbar                             1.26228
xxdut.mid1                             2.56585
xxdut.mid2                             2.85993
vt7#branch                                   0
vt6#branch                                   0
vt5#branch                                   0
vt4#branch                                   0
vt3#branch                                   0
vt2#branch                                   0
vt1#branch                                   0
vt0#branch                                   0
vdd#branch                        -0.000401623

 Reference value :  0.00000e+00
 Reference value :  1.08175e-07
 Reference value :  2.19496e-07
 Reference value :  3.36163e-07
 Reference value :  4.54176e-07
 Reference value :  5.72430e-07
 Reference value :  6.93311e-07
 Reference value :  8.13450e-07
 Reference value :  9.32359e-07
 Reference value :  1.04966e-06
 Reference value :  1.16616e-06
No. of Data Rows : 6447
t_avg_start         =  9.82655e-08
t_avg_end           =  5.72218e-07
iq_run_ua           =  1.68488e+02 from=  9.82655e-08 to=  5.72230e-07
ngspice-46 done
Note: Starting dynamic gmin stepping
Warning: Dynamic gmin stepping failed
Note: Starting true gmin stepping
Note: True gmin stepping completed
Warning from checkvalid: vector xxdut.clk is not available or has zero length.
Note: Starting dynamic gmin stepping
Warning: Dynamic gmin stepping failed
Note: Starting true gmin stepping
Note: True gmin stepping completed
