====================================================================
gf180-rcosc Iq sweep grid point: sf_T-040C_V3p3_code0xC0
process     : sf (fets=sf res=res_typical mimcap=mimcap_typical)
temperature : -40 C
supply      : 3.3 V
trim code   : 0xC0 (192)
attempt     : 1 (tran 200p 1200n)
wall clock  : 50.9 s
exit status : 0
====================================================================

Note: No compatibility mode selected!


Circuit: ** sch_path: /home/ubuntu/github/gf180-rcosc/.loom/worktrees/issue-57/design/smoke_test.sch

Doing analysis at TEMP = -40.000000 and TNOM = 27.000000

Using SPARSE 1.3 as Direct Linear Solver
 Reference value :  0.00000e+00
No. of Data Rows : 1
iq_ua = 1.511621e+02
v(xxdut.xxcmph.dp) = 2.596933e+00
v(xxdut.xxcmph.dn) = 1.947043e+00
v(xxdut.cmph_out) = -5.22564e-03
v(xxdut.xxcmpl.dp) = 2.334158e-03
v(xxdut.xxcmpl.dn) = 1.110673e+00
v(xxdut.cmpl_out) = -2.88080e-02
Doing analysis at TEMP = -40.000000 and TNOM = 27.000000

Using SPARSE 1.3 as Direct Linear Solver

Initial Transient Solution
--------------------------

Node                                   Voltage
----                                   -------
vdd                                        3.3
xxdut.xxbias.xrba.11                   3.29852
xxdut.xxbias.xrba.21                   2.20385
xxdut.vh                               2.20237
xxdut.xxbias.xrbb.11                   2.20089
xxdut.xxbias.xrbb.21                   1.10562
xxdut.vl                               1.10414
xxdut.xxbias.xrbc.11                   1.10265
xxdut.xxbias.xrbc.21                0.00148772
xxdut.ibias                            1.02863
xxdut.pb                               2.24401
xxdut.xxbias.n2s                      0.122965
xxdut.xxbias.xrz.11                    0.12245
xxdut.xxbias.xrz.21                0.000514813
xxdut.xxtrim.xrfix.11                  3.29606
xxdut.xxtrim.xrfix.21                  2.79457
xxdut.xxtrim.c1                        2.79063
xxdut.xxtrim.xr0.11                    2.78681
xxdut.xxtrim.xr0.21                    2.76565
xxdut.xxtrim.c2                        2.76182
t0                                           0
xxdut.xxtrim.tb0                       3.30037
xxdut.xxtrim.xr1.11                     2.7582
xxdut.xxtrim.xr1.21                    2.71807
xxdut.xxtrim.c3                        2.71445
t1                                           0
xxdut.xxtrim.tb1                       3.30026
xxdut.xxtrim.xr2.11                    2.71098
xxdut.xxtrim.xr2.21                    2.63411
xxdut.xxtrim.c4                        2.63064
t2                                           0
xxdut.xxtrim.tb2                       3.30022
xxdut.xxtrim.xr3.11                     2.6273
xxdut.xxtrim.xr3.21                    2.47901
xxdut.xxtrim.c5                        2.47566
t3                                           0
xxdut.xxtrim.tb3                       3.30017
xxdut.xxtrim.xr4.11                    2.47242
xxdut.xxtrim.xr4.21                    2.18524
xxdut.xxtrim.c6                          2.182
t4                                           0
xxdut.xxtrim.tb4                       3.30017
xxdut.xxtrim.xr5.11                    2.17889
xxdut.xxtrim.xr5.21                    1.62695
xxdut.xxtrim.c7                        1.62383
t5                                           0
xxdut.xxtrim.tb5                        3.3002
xxdut.xxtrim.xr6.11                    1.62377
xxdut.xxtrim.xr6.21                    1.60147
xxdut.xxtrim.c8                         1.6014
t6                                         3.3
xxdut.xxtrim.tb6                   0.000839328
xxdut.xxtrim.xr7.11                    1.60137
xxdut.xxtrim.xr7.21                    1.57553
xxdut.vc                                1.5755
t7                                         3.3
xxdut.xxtrim.tb7                   0.000696991
xxdut.xxcmph.tail                     0.825207
xxdut.xxcmph.dp                        3.30043
xxdut.xxcmph.dn                         1.6352
xxdut.cmph_out                    -8.52038e-05
xxdut.xxcmpl.tailp                     2.43763
xxdut.xxcmpl.dp                     -0.0360776
xxdut.xxcmpl.dn                        1.10258
xxdut.xxcmpl.outb                      3.24259
xxdut.cmpl_out                       0.0688874
clk                                -0.00447554
xxdut.qbar                             3.29849
xxdut.mid1                             3.30015
xxdut.mid2                             3.27544
vt7#branch                        -5.66296e-06
vt6#branch                        -1.64652e-06
vt5#branch                         4.00305e-07
vt4#branch                          1.2099e-07
vt3#branch                          1.2223e-07
vt2#branch                         3.02138e-07
vt1#branch                         3.60272e-07
vt0#branch                         5.03238e-07
vdd#branch                        -0.000244382

 Reference value :  0.00000e+00
 Reference value :  1.01281e-07
 Reference value :  1.99178e-07
 Reference value :  2.98706e-07
 Reference value :  4.00555e-07
 Reference value :  5.02879e-07
 Reference value :  6.07387e-07
 Reference value :  7.06075e-07
 Reference value :  8.08060e-07
 Reference value :  9.11017e-07
 Reference value :  1.01271e-06
 Reference value :  1.11965e-06
No. of Data Rows : 6671
t_avg_start         =  8.72047e-08
t_avg_end           =  4.80295e-07
iq_run_ua           =  2.29356e+02 from=  8.72047e-08 to=  4.80365e-07
ngspice-46 done
Note: Starting dynamic gmin stepping
Warning: Dynamic gmin stepping failed
Note: Starting true gmin stepping
Warning: True gmin stepping failed
Note: Starting source stepping
Warning: source stepping failed
Note: Transient op started
Note: Transient op finished successfully
Warning from checkvalid: vector xxdut.clk is not available or has zero length.
Note: Starting dynamic gmin stepping
Warning: Dynamic gmin stepping failed
Note: Starting true gmin stepping
Warning: True gmin stepping failed
Note: Starting source stepping
Warning: singular matrix:  check node xxdut.vl

Warning: source stepping failed
Note: Transient op started
Note: Transient op finished successfully
