====================================================================
gf180-rcosc Iq sweep grid point: sf_T-040C_V3p0_code0x00
process     : sf (fets=sf res=res_typical mimcap=mimcap_typical)
temperature : -40 C
supply      : 3 V
trim code   : 0x00 (0)
attempt     : 1 (tran 200p 1200n)
wall clock  : 3.3 s
exit status : 0
====================================================================

Note: No compatibility mode selected!


Circuit: ** sch_path: /home/ubuntu/github/gf180-rcosc/.loom/worktrees/issue-57/design/smoke_test.sch

Doing analysis at TEMP = -40.000000 and TNOM = 27.000000

Using SPARSE 1.3 as Direct Linear Solver

No. of Data Rows : 1
iq_ua = 4.149792e+02
v(xxdut.xxcmph.dp) = 1.451494e+00
v(xxdut.xxcmph.dn) = 1.652437e+00
v(xxdut.cmph_out) = 1.412667e+00
v(xxdut.xxcmpl.dp) = 1.364995e-08
v(xxdut.xxcmpl.dn) = 1.091018e+00
v(xxdut.cmpl_out) = 3.245132e-09
Doing analysis at TEMP = -40.000000 and TNOM = 27.000000

Using SPARSE 1.3 as Direct Linear Solver

Initial Transient Solution
--------------------------

Node                                   Voltage
----                                   -------
vdd                                          3
xxdut.xxbias.xrba.11                   2.99865
xxdut.xxbias.xrba.21                   2.00135
xxdut.vh                                     2
xxdut.xxbias.xrbb.11                   1.99865
xxdut.xxbias.xrbb.21                   1.00135
xxdut.vl                                     1
xxdut.xxbias.xrbc.11                  0.998653
xxdut.xxbias.xrbc.21                 0.0013474
xxdut.ibias                            1.01707
xxdut.pb                               1.96062
xxdut.xxbias.n2s                      0.116152
xxdut.xxbias.xrz.11                   0.115666
xxdut.xxbias.xrz.21                0.000486291
xxdut.xxtrim.xrfix.11                  2.99936
xxdut.xxtrim.xrfix.21                  2.91779
xxdut.xxtrim.c1                        2.91715
xxdut.xxtrim.xr0.11                    2.91651
xxdut.xxtrim.xr0.21                    2.91296
xxdut.xxtrim.c2                        2.91232
t0                                           0
xxdut.xxtrim.tb0                             3
xxdut.xxtrim.xr1.11                    2.91168
xxdut.xxtrim.xr1.21                    2.90458
xxdut.xxtrim.c3                        2.90394
t1                                           0
xxdut.xxtrim.tb1                             3
xxdut.xxtrim.xr2.11                     2.9033
xxdut.xxtrim.xr2.21                    2.88911
xxdut.xxtrim.c4                        2.88847
t2                                           0
xxdut.xxtrim.tb2                             3
xxdut.xxtrim.xr3.11                    2.88782
xxdut.xxtrim.xr3.21                    2.85943
xxdut.xxtrim.c5                        2.85879
t3                                           0
xxdut.xxtrim.tb3                             3
xxdut.xxtrim.xr4.11                    2.85815
xxdut.xxtrim.xr4.21                    2.80137
xxdut.xxtrim.c6                        2.80073
t4                                           0
xxdut.xxtrim.tb4                             3
xxdut.xxtrim.xr5.11                    2.80009
xxdut.xxtrim.xr5.21                    2.68653
xxdut.xxtrim.c7                        2.68589
t5                                           0
xxdut.xxtrim.tb5                             3
xxdut.xxtrim.xr6.11                    2.68525
xxdut.xxtrim.xr6.21                    2.45812
xxdut.xxtrim.c8                        2.45748
t6                                           0
xxdut.xxtrim.tb6                             3
xxdut.xxtrim.xr7.11                    2.45684
xxdut.xxtrim.xr7.21                     2.0026
xxdut.vc                               2.00196
t7                                           0
xxdut.xxtrim.tb7                             3
xxdut.xxcmph.tail                     0.749552
xxdut.xxcmph.dp                        1.45149
xxdut.xxcmph.dn                        1.65244
xxdut.cmph_out                         1.41267
xxdut.xxcmpl.tailp                     2.27654
xxdut.xxcmpl.dp                    1.36499e-08
xxdut.xxcmpl.dn                        1.09102
xxdut.xxcmpl.outb                            3
xxdut.cmpl_out                     3.24513e-09
clk                                    0.82798
xxdut.qbar                             1.37203
xxdut.mid1                             2.52351
xxdut.mid2                             2.86608
vt7#branch                                   0
vt6#branch                                   0
vt5#branch                                   0
vt4#branch                                   0
vt3#branch                                   0
vt2#branch                                   0
vt1#branch                                   0
vt0#branch                                   0
vdd#branch                        -0.000414979

 Reference value :  0.00000e+00
 Reference value :  1.30051e-07
 Reference value :  2.60931e-07
 Reference value :  3.88387e-07
 Reference value :  5.21457e-07
 Reference value :  6.56431e-07
 Reference value :  7.94750e-07
 Reference value :  9.26544e-07
 Reference value :  1.06766e-06
No. of Data Rows : 6327
t_avg_start         =  1.79976e-07
t_avg_end           =  1.00542e-06
iq_run_ua           =  1.50127e+02 from=  1.79976e-07 to=  1.00553e-06
ngspice-46 done
Note: Starting dynamic gmin stepping
Note: Dynamic gmin stepping completed
Warning from checkvalid: vector xxdut.clk is not available or has zero length.
Note: Starting dynamic gmin stepping
Note: Dynamic gmin stepping completed
