====================================================================
gf180-rcosc Iq sweep grid point: sf_T-040C_V3p6_code0xFF
process     : sf (fets=sf res=res_typical mimcap=mimcap_typical)
temperature : -40 C
supply      : 3.6 V
trim code   : 0xFF (255)
attempt     : 1 (tran 200p 1200n)
wall clock  : 4.3 s
exit status : 0
====================================================================

Note: No compatibility mode selected!


Circuit: ** sch_path: /home/ubuntu/github/gf180-rcosc/.loom/worktrees/issue-57/design/smoke_test.sch

Doing analysis at TEMP = -40.000000 and TNOM = 27.000000

Using SPARSE 1.3 as Direct Linear Solver

No. of Data Rows : 1
iq_ua = 7.492222e+02
v(xxdut.xxcmph.dp) = 1.734201e+00
v(xxdut.xxcmph.dn) = 2.163164e+00
v(xxdut.cmph_out) = 1.648630e+00
v(xxdut.xxcmpl.dp) = 1.428397e-08
v(xxdut.xxcmpl.dn) = 1.131107e+00
v(xxdut.cmpl_out) = 4.276491e-09
Doing analysis at TEMP = -40.000000 and TNOM = 27.000000

Using SPARSE 1.3 as Direct Linear Solver

Initial Transient Solution
--------------------------

Node                                   Voltage
----                                   -------
vdd                                        3.6
xxdut.xxbias.xrba.11                   3.59838
xxdut.xxbias.xrba.21                   2.40162
xxdut.vh                                   2.4
xxdut.xxbias.xrbb.11                   2.39838
xxdut.xxbias.xrbb.21                   1.20162
xxdut.vl                                   1.2
xxdut.xxbias.xrbc.11                   1.19838
xxdut.xxbias.xrbc.21                0.00161689
xxdut.ibias                            1.04632
xxdut.pb                               2.52048
xxdut.xxbias.n2s                      0.133287
xxdut.xxbias.xrz.11                   0.132729
xxdut.xxbias.xrz.21                 0.00055803
xxdut.xxtrim.xrfix.11                  3.59403
xxdut.xxtrim.xrfix.21                  2.83393
xxdut.xxtrim.c1                        2.82795
xxdut.xxtrim.xr0.11                    2.82651
xxdut.xxtrim.xr0.21                    2.81849
xxdut.xxtrim.c2                        2.81705
t0                                         3.6
xxdut.xxtrim.tb0                   4.27649e-09
xxdut.xxtrim.xr1.11                    2.81575
xxdut.xxtrim.xr1.21                    2.80135
xxdut.xxtrim.c3                        2.80004
t1                                         3.6
xxdut.xxtrim.tb1                   4.27649e-09
xxdut.xxtrim.xr2.11                    2.79904
xxdut.xxtrim.xr2.21                    2.77673
xxdut.xxtrim.c4                        2.77572
t2                                         3.6
xxdut.xxtrim.tb2                   4.27649e-09
xxdut.xxtrim.xr3.11                    2.77489
xxdut.xxtrim.xr3.21                    2.73813
xxdut.xxtrim.c5                         2.7373
t3                                         3.6
xxdut.xxtrim.tb3                   4.27649e-09
xxdut.xxtrim.xr4.11                     2.7367
xxdut.xxtrim.xr4.21                    2.68306
xxdut.xxtrim.c6                        2.68246
t4                                         3.6
xxdut.xxtrim.tb4                   4.27649e-09
xxdut.xxtrim.xr5.11                    2.68206
xxdut.xxtrim.xr5.21                    2.61226
xxdut.xxtrim.c7                        2.61187
t5                                         3.6
xxdut.xxtrim.tb5                   4.27649e-09
xxdut.xxtrim.xr6.11                    2.61161
xxdut.xxtrim.xr6.21                    2.51975
xxdut.xxtrim.c8                        2.51949
t6                                         3.6
xxdut.xxtrim.tb6                   4.27649e-09
xxdut.xxtrim.xr7.11                    2.51933
xxdut.xxtrim.xr7.21                    2.40439
xxdut.vc                               2.40422
t7                                         3.6
xxdut.xxtrim.tb7                   4.27649e-09
xxdut.xxcmph.tail                      1.04844
xxdut.xxcmph.dp                         1.7342
xxdut.xxcmph.dn                        2.16316
xxdut.cmph_out                         1.64863
xxdut.xxcmpl.tailp                     2.59557
xxdut.xxcmpl.dp                     1.4284e-08
xxdut.xxcmpl.dn                        1.13111
xxdut.xxcmpl.outb                          3.6
xxdut.cmpl_out                     4.27649e-09
clk                                   0.961815
xxdut.qbar                             1.60205
xxdut.mid1                             2.99761
xxdut.mid2                              3.3872
vt7#branch                                   0
vt6#branch                                   0
vt5#branch                                   0
vt4#branch                                   0
vt3#branch                                   0
vt2#branch                                   0
vt1#branch                                   0
vt0#branch                                   0
vdd#branch                        -0.000749222

 Reference value :  0.00000e+00
 Reference value :  8.16512e-08
 Reference value :  1.65262e-07
 Reference value :  2.52418e-07
 Reference value :  3.41520e-07
 Reference value :  4.34439e-07
 Reference value :  5.28920e-07
 Reference value :  6.22300e-07
 Reference value :  7.18257e-07
 Reference value :  8.14787e-07
 Reference value :  9.11155e-07
 Reference value :  1.00583e-06
 Reference value :  1.09964e-06
 Reference value :  1.19133e-06
No. of Data Rows : 6754
t_avg_start         =  5.53590e-08
t_avg_end           =  3.12972e-07
iq_run_ua           =  4.12109e+02 from=  5.53590e-08 to=  3.13068e-07
ngspice-46 done
Note: Starting dynamic gmin stepping
Note: Dynamic gmin stepping completed
Warning from checkvalid: vector xxdut.clk is not available or has zero length.
Note: Starting dynamic gmin stepping
Note: Dynamic gmin stepping completed
