====================================================================
gf180-rcosc Iq sweep grid point: sf_T+027C_V3p3_code0xFF
process     : sf (fets=sf res=res_typical mimcap=mimcap_typical)
temperature : 27 C
supply      : 3.3 V
trim code   : 0xFF (255)
attempt     : 1 (tran 200p 1200n)
wall clock  : 4.9 s
exit status : 0
====================================================================

Note: No compatibility mode selected!


Circuit: ** sch_path: /home/ubuntu/github/gf180-rcosc/.loom/worktrees/issue-57/design/smoke_test.sch

Doing analysis at TEMP = 27.000000 and TNOM = 27.000000

Using SPARSE 1.3 as Direct Linear Solver

No. of Data Rows : 1
iq_ua = 6.060127e+02
v(xxdut.xxcmph.dp) = 1.595868e+00
v(xxdut.xxcmph.dn) = 1.749669e+00
v(xxdut.cmph_out) = 1.508739e+00
v(xxdut.xxcmpl.dp) = 1.447299e-08
v(xxdut.xxcmpl.dn) = 1.163459e+00
v(xxdut.cmpl_out) = 4.564364e-09
Doing analysis at TEMP = 27.000000 and TNOM = 27.000000

Using SPARSE 1.3 as Direct Linear Solver

Initial Transient Solution
--------------------------

Node                                   Voltage
----                                   -------
vdd                                        3.3
xxdut.xxbias.xrba.11                   3.29907
xxdut.xxbias.xrba.21                   2.20093
xxdut.vh                                   2.2
xxdut.xxbias.xrbb.11                   2.19907
xxdut.xxbias.xrbb.21                   1.10093
xxdut.vl                                   1.1
xxdut.xxbias.xrbc.11                   1.09907
xxdut.xxbias.xrbc.21               0.000925394
xxdut.ibias                             1.0433
xxdut.pb                               2.20391
xxdut.xxbias.n2s                      0.165831
xxdut.xxbias.xrz.11                   0.165397
xxdut.xxbias.xrz.21                0.000434411
xxdut.xxtrim.xrfix.11                  3.29693
xxdut.xxtrim.xrfix.21                  2.66978
xxdut.xxtrim.c1                        2.66671
xxdut.xxtrim.xr0.11                    2.66573
xxdut.xxtrim.xr0.21                    2.65702
xxdut.xxtrim.c2                        2.65604
t0                                         3.3
xxdut.xxtrim.tb0                   4.56436e-09
xxdut.xxtrim.xr1.11                    2.65518
xxdut.xxtrim.xr1.21                    2.63987
xxdut.xxtrim.c3                        2.63901
t1                                         3.3
xxdut.xxtrim.tb1                   4.56436e-09
xxdut.xxtrim.xr2.11                    2.63834
xxdut.xxtrim.xr2.21                     2.6147
xxdut.xxtrim.c4                        2.61403
t2                                         3.3
xxdut.xxtrim.tb2                   4.56436e-09
xxdut.xxtrim.xr3.11                    2.61348
xxdut.xxtrim.xr3.21                    2.57454
xxdut.xxtrim.c5                        2.57399
t3                                         3.3
xxdut.xxtrim.tb3                   4.56436e-09
xxdut.xxtrim.xr4.11                    2.57359
xxdut.xxtrim.xr4.21                    2.51629
xxdut.xxtrim.c6                        2.51589
t4                                         3.3
xxdut.xxtrim.tb4                   4.56436e-09
xxdut.xxtrim.xr5.11                    2.51562
xxdut.xxtrim.xr5.21                    2.43997
xxdut.xxtrim.c7                         2.4397
t5                                         3.3
xxdut.xxtrim.tb5                   4.56436e-09
xxdut.xxtrim.xr6.11                    2.43952
xxdut.xxtrim.xr6.21                    2.33734
xxdut.xxtrim.c8                        2.33716
t6                                         3.3
xxdut.xxtrim.tb6                   4.56436e-09
xxdut.xxtrim.xr7.11                    2.33704
xxdut.xxtrim.xr7.21                    2.20218
xxdut.vc                               2.20207
t7                                         3.3
xxdut.xxtrim.tb7                   4.56436e-09
xxdut.xxcmph.tail                      0.88371
xxdut.xxcmph.dp                        1.59587
xxdut.xxcmph.dn                        1.74967
xxdut.cmph_out                         1.50874
xxdut.xxcmpl.tailp                     2.45735
xxdut.xxcmpl.dp                     1.4473e-08
xxdut.xxcmpl.dn                        1.16346
xxdut.xxcmpl.outb                          3.3
xxdut.cmpl_out                     4.56436e-09
clk                                   0.904122
xxdut.qbar                             1.48042
xxdut.mid1                             2.75905
xxdut.mid2                              3.1119
vt7#branch                                   0
vt6#branch                                   0
vt5#branch                                   0
vt4#branch                                   0
vt3#branch                                   0
vt2#branch                                   0
vt1#branch                                   0
vt0#branch                                   0
vdd#branch                        -0.000606013

 Reference value :  0.00000e+00
 Reference value :  8.27969e-08
 Reference value :  1.70486e-07
 Reference value :  2.63904e-07
 Reference value :  3.57198e-07
 Reference value :  4.52592e-07
 Reference value :  5.42246e-07
 Reference value :  6.31355e-07
 Reference value :  7.20511e-07
 Reference value :  8.13054e-07
 Reference value :  9.03901e-07
 Reference value :  9.94091e-07
 Reference value :  1.09053e-06
 Reference value :  1.18857e-06
No. of Data Rows : 6755
t_avg_start         =  5.41708e-08
t_avg_end           =  3.03330e-07
iq_run_ua           =  4.01227e+02 from=  5.41708e-08 to=  3.03420e-07
ngspice-46 done
Note: Starting dynamic gmin stepping
Note: Dynamic gmin stepping completed
Warning from checkvalid: vector xxdut.clk is not available or has zero length.
Note: Starting dynamic gmin stepping
Note: Dynamic gmin stepping completed
