====================================================================
gf180-rcosc Iq sweep grid point: sf_T+027C_V3p6_code0xFF
process     : sf (fets=sf res=res_typical mimcap=mimcap_typical)
temperature : 27 C
supply      : 3.6 V
trim code   : 0xFF (255)
attempt     : 1 (tran 200p 1200n)
wall clock  : 4.5 s
exit status : 0
====================================================================

Note: No compatibility mode selected!


Circuit: ** sch_path: /home/ubuntu/github/gf180-rcosc/.loom/worktrees/issue-57/design/smoke_test.sch

Doing analysis at TEMP = 27.000000 and TNOM = 27.000000

Using SPARSE 1.3 as Direct Linear Solver

No. of Data Rows : 1
iq_ua = 7.351093e+02
v(xxdut.xxcmph.dp) = 1.738630e+00
v(xxdut.xxcmph.dn) = 2.004539e+00
v(xxdut.cmph_out) = 1.644619e+00
v(xxdut.xxcmpl.dp) = 1.506801e-08
v(xxdut.xxcmpl.dn) = 1.184794e+00
v(xxdut.cmpl_out) = 5.369053e-09
Doing analysis at TEMP = 27.000000 and TNOM = 27.000000

Using SPARSE 1.3 as Direct Linear Solver

Initial Transient Solution
--------------------------

Node                                   Voltage
----                                   -------
vdd                                        3.6
xxdut.xxbias.xrba.11                   3.59899
xxdut.xxbias.xrba.21                   2.40101
xxdut.vh                                   2.4
xxdut.xxbias.xrbb.11                   2.39899
xxdut.xxbias.xrbb.21                   1.20101
xxdut.vl                                   1.2
xxdut.xxbias.xrbc.11                   1.19899
xxdut.xxbias.xrbc.21                0.00100952
xxdut.ibias                            1.05846
xxdut.pb                               2.48405
xxdut.xxbias.n2s                      0.174834
xxdut.xxbias.xrz.11                   0.174376
xxdut.xxbias.xrz.21                0.000457996
xxdut.xxtrim.xrfix.11                   3.5965
xxdut.xxtrim.xrfix.21                  2.88308
xxdut.xxtrim.c1                        2.87959
xxdut.xxtrim.xr0.11                    2.87851
xxdut.xxtrim.xr0.21                    2.86897
xxdut.xxtrim.c2                        2.86789
t0                                         3.6
xxdut.xxtrim.tb0                   5.36905e-09
xxdut.xxtrim.xr1.11                    2.86695
xxdut.xxtrim.xr1.21                    2.85021
xxdut.xxtrim.c3                        2.84927
t1                                         3.6
xxdut.xxtrim.tb1                   5.36905e-09
xxdut.xxtrim.xr2.11                    2.84855
xxdut.xxtrim.xr2.21                    2.82278
xxdut.xxtrim.c4                        2.82206
t2                                         3.6
xxdut.xxtrim.tb2                   5.36905e-09
xxdut.xxtrim.xr3.11                    2.82146
xxdut.xxtrim.xr3.21                    2.77915
xxdut.xxtrim.c5                        2.77856
t3                                         3.6
xxdut.xxtrim.tb3                   5.36905e-09
xxdut.xxtrim.xr4.11                    2.77812
xxdut.xxtrim.xr4.21                    2.71616
xxdut.xxtrim.c6                        2.71573
t4                                         3.6
xxdut.xxtrim.tb4                   5.36905e-09
xxdut.xxtrim.xr5.11                    2.71544
xxdut.xxtrim.xr5.21                    2.63458
xxdut.xxtrim.c7                         2.6343
t5                                         3.6
xxdut.xxtrim.tb5                   5.36905e-09
xxdut.xxtrim.xr6.11                    2.63412
xxdut.xxtrim.xr6.21                    2.53025
xxdut.xxtrim.c8                        2.53006
t6                                         3.6
xxdut.xxtrim.tb6                   5.36905e-09
xxdut.xxtrim.xr7.11                    2.52995
xxdut.xxtrim.xr7.21                    2.40366
xxdut.vc                               2.40355
t7                                         3.6
xxdut.xxtrim.tb7                   5.36905e-09
xxdut.xxcmph.tail                      1.03289
xxdut.xxcmph.dp                        1.73863
xxdut.xxcmph.dn                        2.00454
xxdut.cmph_out                         1.64462
xxdut.xxcmpl.tailp                     2.61649
xxdut.xxcmpl.dp                     1.5068e-08
xxdut.xxcmpl.dn                        1.18479
xxdut.xxcmpl.outb                          3.6
xxdut.cmpl_out                     5.36905e-09
clk                                    0.91555
xxdut.qbar                             1.59906
xxdut.mid1                             2.96033
xxdut.mid2                             3.37285
vt7#branch                                   0
vt6#branch                                   0
vt5#branch                                   0
vt4#branch                                   0
vt3#branch                                   0
vt2#branch                                   0
vt1#branch                                   0
vt0#branch                                   0
vdd#branch                        -0.000735109

 Reference value :  0.00000e+00
 Reference value :  8.46238e-08
 Reference value :  1.68589e-07
 Reference value :  2.57515e-07
 Reference value :  3.47835e-07
 Reference value :  4.36003e-07
 Reference value :  5.26326e-07
 Reference value :  6.18603e-07
 Reference value :  7.15422e-07
 Reference value :  8.14133e-07
 Reference value :  9.07158e-07
 Reference value :  1.00124e-06
 Reference value :  1.09749e-06
 Reference value :  1.18944e-06
No. of Data Rows : 6842
t_avg_start         =  5.27389e-08
t_avg_end           =  2.98023e-07
iq_run_ua           =  4.56805e+02 from=  5.27389e-08 to=  2.98109e-07
ngspice-46 done
Note: Starting dynamic gmin stepping
Note: Dynamic gmin stepping completed
Warning from checkvalid: vector xxdut.clk is not available or has zero length.
Note: Starting dynamic gmin stepping
Note: Dynamic gmin stepping completed
