====================================================================
gf180-rcosc Iq sweep grid point: sf_T+085C_V3p0_code0xC0
process     : sf (fets=sf res=res_typical mimcap=mimcap_typical)
temperature : 85 C
supply      : 3 V
trim code   : 0xC0 (192)
attempt     : 1 (tran 200p 1200n)
wall clock  : 3.4 s
exit status : 0
====================================================================

Note: No compatibility mode selected!


Circuit: ** sch_path: /home/ubuntu/github/gf180-rcosc/.loom/worktrees/issue-57/design/smoke_test.sch

Doing analysis at TEMP = 85.000000 and TNOM = 27.000000

Using SPARSE 1.3 as Direct Linear Solver

No. of Data Rows : 1
iq_ua = 4.911122e+02
v(xxdut.xxcmph.dp) = 1.460021e+00
v(xxdut.xxcmph.dn) = 1.317757e+00
v(xxdut.cmph_out) = 1.399387e+00
v(xxdut.xxcmpl.dp) = 4.477014e-08
v(xxdut.xxcmpl.dn) = 1.214305e+00
v(xxdut.cmpl_out) = 6.616275e-09
Doing analysis at TEMP = 85.000000 and TNOM = 27.000000

Using SPARSE 1.3 as Direct Linear Solver

Initial Transient Solution
--------------------------

Node                                   Voltage
----                                   -------
vdd                                          3
xxdut.xxbias.xrba.11                   2.99939
xxdut.xxbias.xrba.21                   2.00061
xxdut.vh                                     2
xxdut.xxbias.xrbb.11                   1.99939
xxdut.xxbias.xrbb.21                   1.00061
xxdut.vl                                     1
xxdut.xxbias.xrbc.11                  0.999393
xxdut.xxbias.xrbc.21                 0.0006072
xxdut.ibias                            1.05704
xxdut.pb                               1.87326
xxdut.xxbias.n2s                      0.201315
xxdut.xxbias.xrz.11                   0.200934
xxdut.xxbias.xrz.21                0.000381012
xxdut.xxtrim.xrfix.11                  2.99917
xxdut.xxtrim.xrfix.21                  2.76438
xxdut.xxtrim.c1                        2.76355
xxdut.xxtrim.xr0.11                    2.76272
xxdut.xxtrim.xr0.21                    2.75251
xxdut.xxtrim.c2                        2.75168
t0                                           0
xxdut.xxtrim.tb0                             3
xxdut.xxtrim.xr1.11                    2.75085
xxdut.xxtrim.xr1.21                    2.73042
xxdut.xxtrim.c3                        2.72959
t1                                           0
xxdut.xxtrim.tb1                             3
xxdut.xxtrim.xr2.11                    2.72876
xxdut.xxtrim.xr2.21                     2.6879
xxdut.xxtrim.c4                        2.68707
t2                                           0
xxdut.xxtrim.tb2                             3
xxdut.xxtrim.xr3.11                    2.68624
xxdut.xxtrim.xr3.21                    2.60452
xxdut.xxtrim.c5                        2.60369
t3                                           0
xxdut.xxtrim.tb3                             3
xxdut.xxtrim.xr4.11                    2.60286
xxdut.xxtrim.xr4.21                    2.43943
xxdut.xxtrim.c6                         2.4386
t4                                           0
xxdut.xxtrim.tb4                             3
xxdut.xxtrim.xr5.11                    2.43777
xxdut.xxtrim.xr5.21                    2.11089
xxdut.xxtrim.c7                        2.11006
t5                                           0
xxdut.xxtrim.tb5                             3
xxdut.xxtrim.xr6.11                    2.10999
xxdut.xxtrim.xr6.21                    2.06155
xxdut.xxtrim.c8                        2.06149
t6                                           3
xxdut.xxtrim.tb6                   6.61627e-09
xxdut.xxtrim.xr7.11                    2.06145
xxdut.xxtrim.xr7.21                    1.99706
xxdut.vc                               1.99702
t7                                           3
xxdut.xxtrim.tb7                   6.61627e-09
xxdut.xxcmph.tail                     0.707375
xxdut.xxcmph.dp                        1.46002
xxdut.xxcmph.dn                        1.31776
xxdut.cmph_out                         1.39939
xxdut.xxcmpl.tailp                     2.32735
xxdut.xxcmpl.dp                    4.47701e-08
xxdut.xxcmpl.dn                         1.2143
xxdut.xxcmpl.outb                            3
xxdut.cmpl_out                     6.61627e-09
clk                                   0.779541
xxdut.qbar                             1.36176
xxdut.mid1                             2.47792
xxdut.mid2                             2.83664
vt7#branch                                   0
vt6#branch                                   0
vt5#branch                                   0
vt4#branch                                   0
vt3#branch                                   0
vt2#branch                                   0
vt1#branch                                   0
vt0#branch                                   0
vdd#branch                        -0.000491112

 Reference value :  0.00000e+00
 Reference value :  1.09706e-07
 Reference value :  2.19899e-07
 Reference value :  3.28405e-07
 Reference value :  4.43303e-07
 Reference value :  5.64085e-07
 Reference value :  6.81455e-07
 Reference value :  8.03738e-07
 Reference value :  9.26739e-07
 Reference value :  1.05019e-06
 Reference value :  1.17503e-06
No. of Data Rows : 6288
t_avg_start         =  7.63671e-08
t_avg_end           =  4.36183e-07
iq_run_ua           =  3.01839e+02 from=  7.63671e-08 to=  4.36364e-07
ngspice-46 done
Note: Starting dynamic gmin stepping
Note: Dynamic gmin stepping completed
Warning from checkvalid: vector xxdut.clk is not available or has zero length.
Note: Starting dynamic gmin stepping
Note: Dynamic gmin stepping completed
