====================================================================
gf180-rcosc Iq sweep grid point: ss_T+085C_V3p0_code0xFF
process     : ss (fets=ss res=res_ss mimcap=mimcap_ss)
temperature : 85 C
supply      : 3 V
trim code   : 0xFF (255)
attempt     : 1 (tran 200p 1200n)
wall clock  : 4.8 s
exit status : 0
====================================================================

Note: No compatibility mode selected!


Circuit: ** sch_path: /home/ubuntu/github/gf180-rcosc/.loom/worktrees/issue-57/design/smoke_test.sch

Doing analysis at TEMP = 85.000000 and TNOM = 27.000000

Using SPARSE 1.3 as Direct Linear Solver

No. of Data Rows : 1
iq_ua = 3.776418e+02
v(xxdut.xxcmph.dp) = 1.354282e+00
v(xxdut.xxcmph.dn) = 1.197454e+00
v(xxdut.cmph_out) = 1.266993e+00
v(xxdut.xxcmpl.dp) = 3.689238e-08
v(xxdut.xxcmpl.dn) = 1.168911e+00
v(xxdut.cmpl_out) = 5.020164e-09
Doing analysis at TEMP = 85.000000 and TNOM = 27.000000

Using SPARSE 1.3 as Direct Linear Solver

Initial Transient Solution
--------------------------

Node                                   Voltage
----                                   -------
vdd                                          3
xxdut.xxbias.xrba.11                   2.99949
xxdut.xxbias.xrba.21                   2.00051
xxdut.vh                                     2
xxdut.xxbias.xrbb.11                   1.99949
xxdut.xxbias.xrbb.21                   1.00051
xxdut.vl                                     1
xxdut.xxbias.xrbc.11                  0.999494
xxdut.xxbias.xrbc.21               0.000506103
xxdut.ibias                            1.03434
xxdut.pb                               1.70447
xxdut.xxbias.n2s                      0.177655
xxdut.xxbias.xrz.11                   0.177374
xxdut.xxbias.xrz.21                0.000280371
xxdut.xxtrim.xrfix.11                  2.99854
xxdut.xxtrim.xrfix.21                  2.50335
xxdut.xxtrim.c1                        2.50189
xxdut.xxtrim.xr0.11                    2.50131
xxdut.xxtrim.xr0.21                    2.49268
xxdut.xxtrim.c2                         2.4921
t0                                           3
xxdut.xxtrim.tb0                   5.02016e-09
xxdut.xxtrim.xr1.11                    2.49159
xxdut.xxtrim.xr1.21                    2.47652
xxdut.xxtrim.c3                        2.47601
t1                                           3
xxdut.xxtrim.tb1                   5.02016e-09
xxdut.xxtrim.xr2.11                    2.47561
xxdut.xxtrim.xr2.21                    2.45209
xxdut.xxtrim.c4                        2.45169
t2                                           3
xxdut.xxtrim.tb2                   5.02016e-09
xxdut.xxtrim.xr3.11                    2.45136
xxdut.xxtrim.xr3.21                    2.41225
xxdut.xxtrim.c5                        2.41192
t3                                           3
xxdut.xxtrim.tb3                   5.02016e-09
xxdut.xxtrim.xr4.11                    2.41168
xxdut.xxtrim.xr4.21                    2.35297
xxdut.xxtrim.c6                        2.35272
t4                                           3
xxdut.xxtrim.tb4                   5.02016e-09
xxdut.xxtrim.xr5.11                    2.35255
xxdut.xxtrim.xr5.21                    2.27279
xxdut.xxtrim.c7                        2.27262
t5                                           3
xxdut.xxtrim.tb5                   5.02016e-09
xxdut.xxtrim.xr6.11                     2.2725
xxdut.xxtrim.xr6.21                    2.15995
xxdut.xxtrim.c8                        2.15983
t6                                           3
xxdut.xxtrim.tb6                   5.02016e-09
xxdut.xxtrim.xr7.11                    2.15974
xxdut.xxtrim.xr7.21                    1.99645
xxdut.vc                               1.99637
t7                                           3
xxdut.xxtrim.tb7                   5.02016e-09
xxdut.xxcmph.tail                     0.718902
xxdut.xxcmph.dp                        1.35428
xxdut.xxcmph.dn                        1.19745
xxdut.cmph_out                         1.26699
xxdut.xxcmpl.tailp                     2.46899
xxdut.xxcmpl.dp                    3.68924e-08
xxdut.xxcmpl.dn                        1.16891
xxdut.xxcmpl.outb                            3
xxdut.cmpl_out                     5.02016e-09
clk                                    0.85957
xxdut.qbar                             1.27095
xxdut.mid1                             2.60754
xxdut.mid2                             2.86398
vt7#branch                                   0
vt6#branch                                   0
vt5#branch                                   0
vt4#branch                                   0
vt3#branch                                   0
vt2#branch                                   0
vt1#branch                                   0
vt0#branch                                   0
vdd#branch                        -0.000377642

 Reference value :  0.00000e+00
 Reference value :  1.01817e-07
 Reference value :  2.01131e-07
 Reference value :  3.03178e-07
 Reference value :  4.04324e-07
 Reference value :  5.12433e-07
 Reference value :  6.22405e-07
 Reference value :  7.33934e-07
 Reference value :  8.40311e-07
 Reference value :  9.44836e-07
 Reference value :  1.05327e-06
 Reference value :  1.15765e-06
No. of Data Rows : 6437
t_avg_start         =  6.54015e-08
t_avg_end           =  3.67331e-07
iq_run_ua           =  3.03671e+02 from=  6.54015e-08 to=  3.67346e-07
ngspice-46 done
Note: Starting dynamic gmin stepping
Note: Dynamic gmin stepping completed
Warning from checkvalid: vector xxdut.clk is not available or has zero length.
Note: Starting dynamic gmin stepping
Note: Dynamic gmin stepping completed
