====================================================================
gf180-rcosc Iq sweep grid point: ss_T+027C_V3p0_code0xC0
process     : ss (fets=ss res=res_ss mimcap=mimcap_ss)
temperature : 27 C
supply      : 3 V
trim code   : 0xC0 (192)
attempt     : 1 (tran 200p 1200n)
wall clock  : 5.5 s
exit status : 0
====================================================================

Note: No compatibility mode selected!


Circuit: ** sch_path: /home/ubuntu/github/gf180-rcosc/.loom/worktrees/issue-57/design/smoke_test.sch

Doing analysis at TEMP = 27.000000 and TNOM = 27.000000

Using SPARSE 1.3 as Direct Linear Solver
 Reference value :  0.00000e+00
No. of Data Rows : 1
iq_ua = 3.221410e+02
v(xxdut.xxcmph.dp) = 1.352181e+00
v(xxdut.xxcmph.dn) = 1.341912e+00
v(xxdut.cmph_out) = 1.295144e+00
v(xxdut.xxcmpl.dp) = 1.640039e-08
v(xxdut.xxcmpl.dn) = 1.121190e+00
v(xxdut.cmpl_out) = 4.175708e-09
Doing analysis at TEMP = 27.000000 and TNOM = 27.000000

Using SPARSE 1.3 as Direct Linear Solver

Initial Transient Solution
--------------------------

Node                                   Voltage
----                                   -------
vdd                                          3
xxdut.xxbias.xrba.11                    2.9993
xxdut.xxbias.xrba.21                    2.0007
xxdut.vh                                     2
xxdut.xxbias.xrbb.11                    1.9993
xxdut.xxbias.xrbb.21                    1.0007
xxdut.vl                                     1
xxdut.xxbias.xrbc.11                  0.999299
xxdut.xxbias.xrbc.21               0.000701252
xxdut.ibias                            1.02176
xxdut.pb                               1.74065
xxdut.xxbias.n2s                      0.141718
xxdut.xxbias.xrz.11                   0.141408
xxdut.xxbias.xrz.21                 0.00030964
xxdut.xxtrim.xrfix.11                  2.99906
xxdut.xxtrim.xrfix.21                  2.76764
xxdut.xxtrim.c1                        2.76669
xxdut.xxtrim.xr0.11                    2.76575
xxdut.xxtrim.xr0.21                    2.75568
xxdut.xxtrim.c2                        2.75473
t0                                           0
xxdut.xxtrim.tb0                             3
xxdut.xxtrim.xr1.11                    2.75379
xxdut.xxtrim.xr1.21                    2.73365
xxdut.xxtrim.c3                        2.73271
t1                                           0
xxdut.xxtrim.tb1                             3
xxdut.xxtrim.xr2.11                    2.73176
xxdut.xxtrim.xr2.21                    2.69149
xxdut.xxtrim.c4                        2.69054
t2                                           0
xxdut.xxtrim.tb2                             3
xxdut.xxtrim.xr3.11                     2.6896
xxdut.xxtrim.xr3.21                    2.60905
xxdut.xxtrim.c5                        2.60811
t3                                           0
xxdut.xxtrim.tb3                             3
xxdut.xxtrim.xr4.11                    2.60716
xxdut.xxtrim.xr4.21                    2.44607
xxdut.xxtrim.c6                        2.44512
t4                                           0
xxdut.xxtrim.tb4                             3
xxdut.xxtrim.xr5.11                    2.44418
xxdut.xxtrim.xr5.21                    2.12199
xxdut.xxtrim.c7                        2.12104
t5                                           0
xxdut.xxtrim.tb5                             3
xxdut.xxtrim.xr6.11                    2.12097
xxdut.xxtrim.xr6.21                     2.0708
xxdut.xxtrim.c8                        2.07073
t6                                           3
xxdut.xxtrim.tb6                   4.17571e-09
xxdut.xxtrim.xr7.11                    2.07067
xxdut.xxtrim.xr7.21                    1.99991
xxdut.vc                               1.99986
t7                                           3
xxdut.xxtrim.tb7                   4.17571e-09
xxdut.xxcmph.tail                     0.734859
xxdut.xxcmph.dp                        1.35218
xxdut.xxcmph.dn                        1.34191
xxdut.cmph_out                         1.29514
xxdut.xxcmpl.tailp                     2.44975
xxdut.xxcmpl.dp                    1.64004e-08
xxdut.xxcmpl.dn                        1.12119
xxdut.xxcmpl.outb                            3
xxdut.cmpl_out                     4.17571e-09
clk                                   0.844522
xxdut.qbar                             1.27959
xxdut.mid1                             2.60543
xxdut.mid2                             2.87828
vt7#branch                                   0
vt6#branch                                   0
vt5#branch                                   0
vt4#branch                                   0
vt3#branch                                   0
vt2#branch                                   0
vt1#branch                                   0
vt0#branch                                   0
vdd#branch                        -0.000322141

 Reference value :  0.00000e+00
 Reference value :  1.08132e-07
 Reference value :  2.16228e-07
 Reference value :  3.30264e-07
 Reference value :  4.40654e-07
 Reference value :  5.56254e-07
 Reference value :  6.67688e-07
 Reference value :  7.81495e-07
 Reference value :  8.97217e-07
 Reference value :  1.01231e-06
 Reference value :  1.12978e-06
No. of Data Rows : 6402
t_avg_start         =  9.75567e-08
t_avg_end           =  5.61839e-07
iq_run_ua           =  1.89857e+02 from=  9.75567e-08 to=  5.61954e-07
ngspice-46 done
Note: Starting dynamic gmin stepping
Warning: Dynamic gmin stepping failed
Note: Starting true gmin stepping
Note: True gmin stepping completed
Warning from checkvalid: vector xxdut.clk is not available or has zero length.
Note: Starting dynamic gmin stepping
Warning: Dynamic gmin stepping failed
Note: Starting true gmin stepping
Note: True gmin stepping completed
