====================================================================
gf180-rcosc Iq sweep grid point: ss_T-040C_V3p0_code0xFF
process     : ss (fets=ss res=res_ss mimcap=mimcap_ss)
temperature : -40 C
supply      : 3 V
trim code   : 0xFF (255)
attempt     : 1 (tran 200p 1200n)
wall clock  : 6.2 s
exit status : 0
====================================================================

Note: No compatibility mode selected!


Circuit: ** sch_path: /home/ubuntu/github/gf180-rcosc/.loom/worktrees/issue-57/design/smoke_test.sch

Doing analysis at TEMP = -40.000000 and TNOM = 27.000000

Using SPARSE 1.3 as Direct Linear Solver
 Reference value :  0.00000e+00
No. of Data Rows : 1
iq_ua = 3.238512e+02
v(xxdut.xxcmph.dp) = 1.352792e+00
v(xxdut.xxcmph.dn) = 1.483768e+00
v(xxdut.cmph_out) = 1.282450e+00
v(xxdut.xxcmpl.dp) = 1.616217e-08
v(xxdut.xxcmpl.dn) = 1.085551e+00
v(xxdut.cmpl_out) = 3.271591e-09
Doing analysis at TEMP = -40.000000 and TNOM = 27.000000

Using SPARSE 1.3 as Direct Linear Solver

Initial Transient Solution
--------------------------

Node                                   Voltage
----                                   -------
vdd                                          3
xxdut.xxbias.xrba.11                   2.99888
xxdut.xxbias.xrba.21                   2.00112
xxdut.vh                                     2
xxdut.xxbias.xrbb.11                   1.99888
xxdut.xxbias.xrbb.21                   1.00112
xxdut.vl                                     1
xxdut.xxbias.xrbc.11                  0.998877
xxdut.xxbias.xrbc.21                0.00112334
xxdut.ibias                            1.02091
xxdut.pb                               1.77077
xxdut.xxbias.n2s                      0.105901
xxdut.xxbias.xrz.11                   0.105531
xxdut.xxbias.xrz.21                0.000369992
xxdut.xxtrim.xrfix.11                  2.99632
xxdut.xxtrim.xrfix.21                  2.43395
xxdut.xxtrim.c1                        2.43027
xxdut.xxtrim.xr0.11                     2.4292
xxdut.xxtrim.xr0.21                    2.42209
xxdut.xxtrim.c2                        2.42102
t0                                           3
xxdut.xxtrim.tb0                   3.27159e-09
xxdut.xxtrim.xr1.11                    2.42007
xxdut.xxtrim.xr1.21                    2.40736
xxdut.xxtrim.c3                        2.40641
t1                                           3
xxdut.xxtrim.tb1                   3.27159e-09
xxdut.xxtrim.xr2.11                    2.40566
xxdut.xxtrim.xr2.21                    2.38586
xxdut.xxtrim.c4                        2.38511
t2                                           3
xxdut.xxtrim.tb2                   3.27159e-09
xxdut.xxtrim.xr3.11                    2.38449
xxdut.xxtrim.xr3.21                    2.35157
xxdut.xxtrim.c5                        2.35095
t3                                           3
xxdut.xxtrim.tb3                   3.27159e-09
xxdut.xxtrim.xr4.11                    2.35049
xxdut.xxtrim.xr4.21                    2.30159
xxdut.xxtrim.c6                        2.30113
t4                                           3
xxdut.xxtrim.tb4                   3.27159e-09
xxdut.xxtrim.xr5.11                    2.30082
xxdut.xxtrim.xr5.21                    2.23533
xxdut.xxtrim.c7                        2.23502
t5                                           3
xxdut.xxtrim.tb5                   3.27159e-09
xxdut.xxtrim.xr6.11                    2.23481
xxdut.xxtrim.xr6.21                    2.14323
xxdut.xxtrim.c8                        2.14301
t6                                           3
xxdut.xxtrim.tb6                   3.27159e-09
xxdut.xxtrim.xr7.11                    2.14284
xxdut.xxtrim.xr7.21                    2.00145
xxdut.vc                               2.00128
t7                                           3
xxdut.xxtrim.tb7                   3.27159e-09
xxdut.xxcmph.tail                     0.740486
xxdut.xxcmph.dp                        1.35279
xxdut.xxcmph.dn                        1.48377
xxdut.cmph_out                         1.28245
xxdut.xxcmpl.tailp                     2.43529
xxdut.xxcmpl.dp                    1.61622e-08
xxdut.xxcmpl.dn                        1.08555
xxdut.xxcmpl.outb                            3
xxdut.cmpl_out                     3.27159e-09
clk                                   0.958383
xxdut.qbar                             1.28983
xxdut.mid1                             2.68048
xxdut.mid2                             2.89473
vt7#branch                                   0
vt6#branch                                   0
vt5#branch                                   0
vt4#branch                                   0
vt3#branch                                   0
vt2#branch                                   0
vt1#branch                                   0
vt0#branch                                   0
vdd#branch                        -0.000323851

 Reference value :  7.87403e-09
 Reference value :  9.40858e-08
 Reference value :  1.84781e-07
 Reference value :  2.76252e-07
 Reference value :  3.70283e-07
 Reference value :  4.70156e-07
 Reference value :  5.68703e-07
 Reference value :  6.67343e-07
 Reference value :  7.72336e-07
 Reference value :  8.79651e-07
 Reference value :  9.89008e-07
 Reference value :  1.09651e-06
 Reference value :  1.19858e-06
No. of Data Rows : 6414
t_avg_start         =  7.01377e-08
t_avg_end           =  3.95323e-07
iq_run_ua           =  2.39287e+02 from=  7.01377e-08 to=  3.95352e-07
ngspice-46 done
Note: Starting dynamic gmin stepping
Warning: Dynamic gmin stepping failed
Note: Starting true gmin stepping
Note: True gmin stepping completed
Warning from checkvalid: vector xxdut.clk is not available or has zero length.
Note: Starting dynamic gmin stepping
Warning: Dynamic gmin stepping failed
Note: Starting true gmin stepping
Note: True gmin stepping completed
