====================================================================
gf180-rcosc Iq sweep grid point: ss_T+085C_V3p3_code0xC0
process     : ss (fets=ss res=res_ss mimcap=mimcap_ss)
temperature : 85 C
supply      : 3.3 V
trim code   : 0xC0 (192)
attempt     : 1 (tran 200p 1200n)
wall clock  : 4.9 s
exit status : 0
====================================================================

Note: No compatibility mode selected!


Circuit: ** sch_path: /home/ubuntu/github/gf180-rcosc/.loom/worktrees/issue-57/design/smoke_test.sch

Doing analysis at TEMP = 85.000000 and TNOM = 27.000000

Using SPARSE 1.3 as Direct Linear Solver

No. of Data Rows : 1
iq_ua = 4.352037e+02
v(xxdut.xxcmph.dp) = 1.489498e+00
v(xxdut.xxcmph.dn) = 1.458562e+00
v(xxdut.cmph_out) = 1.420131e+00
v(xxdut.xxcmpl.dp) = 1.951025e-08
v(xxdut.xxcmpl.dn) = 1.187406e+00
v(xxdut.cmpl_out) = 5.305949e-09
Doing analysis at TEMP = 85.000000 and TNOM = 27.000000

Using SPARSE 1.3 as Direct Linear Solver

Initial Transient Solution
--------------------------

Node                                   Voltage
----                                   -------
vdd                                        3.3
xxdut.xxbias.xrba.11                   3.29944
xxdut.xxbias.xrba.21                   2.20056
xxdut.vh                                   2.2
xxdut.xxbias.xrbb.11                   2.19944
xxdut.xxbias.xrbb.21                   1.10056
xxdut.vl                                   1.1
xxdut.xxbias.xrbc.11                   1.09944
xxdut.xxbias.xrbc.21               0.000556713
xxdut.ibias                            1.04705
xxdut.pb                               1.98767
xxdut.xxbias.n2s                      0.185181
xxdut.xxbias.xrz.11                   0.184889
xxdut.xxbias.xrz.21                0.000292248
xxdut.xxtrim.xrfix.11                  3.29924
xxdut.xxtrim.xrfix.21                  3.03961
xxdut.xxtrim.c1                        3.03885
xxdut.xxtrim.xr0.11                    3.03808
xxdut.xxtrim.xr0.21                    3.02679
xxdut.xxtrim.c2                        3.02602
t0                                           0
xxdut.xxtrim.tb0                           3.3
xxdut.xxtrim.xr1.11                    3.02526
xxdut.xxtrim.xr1.21                    3.00267
xxdut.xxtrim.c3                         3.0019
t1                                           0
xxdut.xxtrim.tb1                           3.3
xxdut.xxtrim.xr2.11                    3.00114
xxdut.xxtrim.xr2.21                    2.95596
xxdut.xxtrim.c4                        2.95519
t2                                           0
xxdut.xxtrim.tb2                           3.3
xxdut.xxtrim.xr3.11                    2.95443
xxdut.xxtrim.xr3.21                    2.86406
xxdut.xxtrim.c5                         2.8633
t3                                           0
xxdut.xxtrim.tb3                           3.3
xxdut.xxtrim.xr4.11                    2.86254
xxdut.xxtrim.xr4.21                    2.68181
xxdut.xxtrim.c6                        2.68104
t4                                           0
xxdut.xxtrim.tb4                           3.3
xxdut.xxtrim.xr5.11                    2.68028
xxdut.xxtrim.xr5.21                    2.31882
xxdut.xxtrim.c7                        2.31805
t5                                           0
xxdut.xxtrim.tb5                           3.3
xxdut.xxtrim.xr6.11                      2.318
xxdut.xxtrim.xr6.21                    2.26616
xxdut.xxtrim.c8                         2.2661
t6                                         3.3
xxdut.xxtrim.tb6                   5.30595e-09
xxdut.xxtrim.xr7.11                    2.26607
xxdut.xxtrim.xr7.21                    2.19939
xxdut.vc                               2.19936
t7                                         3.3
xxdut.xxtrim.tb7                   5.30595e-09
xxdut.xxcmph.tail                     0.868122
xxdut.xxcmph.dp                         1.4895
xxdut.xxcmph.dn                        1.45856
xxdut.cmph_out                         1.42013
xxdut.xxcmpl.tailp                     2.63311
xxdut.xxcmpl.dp                    1.95103e-08
xxdut.xxcmpl.dn                        1.18741
xxdut.xxcmpl.outb                          3.3
xxdut.cmpl_out                     5.30595e-09
clk                                   0.803845
xxdut.qbar                             1.38614
xxdut.mid1                              2.7728
xxdut.mid2                             3.12777
vt7#branch                                   0
vt6#branch                                   0
vt5#branch                                   0
vt4#branch                                   0
vt3#branch                                   0
vt2#branch                                   0
vt1#branch                                   0
vt0#branch                                   0
vdd#branch                        -0.000435204

 Reference value :  0.00000e+00
 Reference value :  1.11620e-07
 Reference value :  2.26447e-07
 Reference value :  3.40149e-07
 Reference value :  4.61602e-07
 Reference value :  5.83745e-07
 Reference value :  7.03852e-07
 Reference value :  8.24270e-07
 Reference value :  9.44186e-07
 Reference value :  1.06755e-06
 Reference value :  1.18253e-06
No. of Data Rows : 6357
t_avg_start         =  9.38903e-08
t_avg_end           =  5.36908e-07
iq_run_ua           =  2.49498e+02 from=  9.38903e-08 to=  5.36946e-07
ngspice-46 done
Note: Starting dynamic gmin stepping
Note: Dynamic gmin stepping completed
Warning from checkvalid: vector xxdut.clk is not available or has zero length.
Note: Starting dynamic gmin stepping
Note: Dynamic gmin stepping completed
