====================================================================
gf180-rcosc Iq sweep grid point: ss_T-040C_V3p3_code0xC0
process     : ss (fets=ss res=res_ss mimcap=mimcap_ss)
temperature : -40 C
supply      : 3.3 V
trim code   : 0xC0 (192)
attempt     : 1 (tran 200p 1200n)
wall clock  : 58.8 s
exit status : 0
====================================================================

Note: No compatibility mode selected!


Circuit: ** sch_path: /home/ubuntu/github/gf180-rcosc/.loom/worktrees/issue-57/design/smoke_test.sch

Doing analysis at TEMP = -40.000000 and TNOM = 27.000000

Using SPARSE 1.3 as Direct Linear Solver
 Reference value :  0.00000e+00
No. of Data Rows : 1
iq_ua = 4.424320e+02
v(xxdut.xxcmph.dp) = 3.350005e+00
v(xxdut.xxcmph.dn) = 1.465581e+00
v(xxdut.cmph_out) = 6.856665e-04
v(xxdut.xxcmpl.dp) = 2.373438e+00
v(xxdut.xxcmpl.dn) = 8.166526e-01
v(xxdut.cmpl_out) = 2.796815e+00
Doing analysis at TEMP = -40.000000 and TNOM = 27.000000

Using SPARSE 1.3 as Direct Linear Solver

Initial Transient Solution
--------------------------

Node                                   Voltage
----                                   -------
vdd                                        3.3
xxdut.xxbias.xrba.11                   3.29877
xxdut.xxbias.xrba.21                   2.20311
xxdut.vh                               2.20187
xxdut.xxbias.xrbb.11                   2.20064
xxdut.xxbias.xrbb.21                   1.10443
xxdut.vl                               1.10319
xxdut.xxbias.xrbc.11                   1.10195
xxdut.xxbias.xrbc.21                0.00123926
xxdut.ibias                            1.03028
xxdut.pb                               2.05719
xxdut.xxbias.n2s                      0.111432
xxdut.xxbias.xrz.11                   0.111043
xxdut.xxbias.xrz.21                0.000389318
xxdut.xxtrim.xrfix.11                  3.29516
xxdut.xxtrim.xrfix.21                   2.5553
xxdut.xxtrim.c1                        2.55045
xxdut.xxtrim.xr0.11                    2.54568
xxdut.xxtrim.xr0.21                      2.514
xxdut.xxtrim.c2                        2.50923
t0                                           0
xxdut.xxtrim.tb0                       3.30031
xxdut.xxtrim.xr1.11                    2.50459
xxdut.xxtrim.xr1.21                    2.44293
xxdut.xxtrim.c3                        2.43829
t1                                           0
xxdut.xxtrim.tb1                       3.30023
xxdut.xxtrim.xr2.11                    2.43376
xxdut.xxtrim.xr2.21                    2.31321
xxdut.xxtrim.c4                        2.30868
t2                                           0
xxdut.xxtrim.tb2                       3.30021
xxdut.xxtrim.xr3.11                    2.30424
xxdut.xxtrim.xr3.21                    2.06812
xxdut.xxtrim.c5                        2.06368
t3                                           0
xxdut.xxtrim.tb3                       3.30019
xxdut.xxtrim.xr4.11                    2.05934
xxdut.xxtrim.xr4.21                    1.59726
xxdut.xxtrim.c6                        1.59291
t4                                           0
xxdut.xxtrim.tb4                       3.30022
xxdut.xxtrim.xr5.11                    1.58871
xxdut.xxtrim.xr5.21                   0.693755
xxdut.xxtrim.c7                       0.689546
t5                                           0
xxdut.xxtrim.tb5                       3.30032
xxdut.xxtrim.xr6.11                   0.689495
xxdut.xxtrim.xr6.21                   0.667473
xxdut.xxtrim.c8                       0.667421
t6                                         3.3
xxdut.xxtrim.tb6                   0.000214147
xxdut.xxtrim.xr7.11                    0.66739
xxdut.xxtrim.xr7.21                   0.640837
xxdut.vc                              0.640806
t7                                         3.3
xxdut.xxtrim.tb7                   0.000185161
xxdut.xxcmph.tail                     0.826554
xxdut.xxcmph.dp                        3.30097
xxdut.xxcmph.dn                        1.49471
xxdut.cmph_out                      0.00180861
xxdut.xxcmpl.tailp                     2.54883
xxdut.xxcmpl.dp                        2.51894
xxdut.xxcmpl.dn                        1.03235
xxdut.xxcmpl.outb                 -0.000375534
xxdut.cmpl_out                         3.29953
clk                               -0.000342511
xxdut.qbar                             3.29702
xxdut.mid1                              3.3053
xxdut.mid2                             2.23321
vt7#branch                          2.9249e-08
vt6#branch                         6.22276e-06
vt5#branch                        -3.67336e-07
vt4#branch                         1.29299e-07
vt3#branch                          1.1286e-07
vt2#branch                         2.28949e-07
vt1#branch                         2.50618e-07
vt0#branch                         3.38362e-07
vdd#branch                          -0.0001717

 Reference value :  0.00000e+00
 Reference value :  1.08586e-07
 Reference value :  2.20727e-07
 Reference value :  3.32790e-07
 Reference value :  4.41077e-07
 Reference value :  5.51040e-07
 Reference value :  6.52137e-07
 Reference value :  7.65280e-07
 Reference value :  8.75450e-07
 Reference value :  9.91880e-07
 Reference value :  1.10635e-06
No. of Data Rows : 6403
t_avg_start         =  1.14513e-07
t_avg_end           =  5.96952e-07
iq_run_ua           =  1.75001e+02 from=  1.14513e-07 to=  5.97014e-07
ngspice-46 done
Note: Starting dynamic gmin stepping
Warning: Dynamic gmin stepping failed
Note: Starting true gmin stepping
Warning: True gmin stepping failed
Note: Starting source stepping
Warning: source stepping failed
Note: Transient op started
Note: Transient op finished successfully
Warning from checkvalid: vector xxdut.clk is not available or has zero length.
Note: Starting dynamic gmin stepping
Warning: Dynamic gmin stepping failed
Note: Starting true gmin stepping
Warning: True gmin stepping failed
Note: Starting source stepping
Warning: singular matrix:  check node xxdut.vl

Warning: source stepping failed
Note: Transient op started
Note: Transient op finished successfully
