====================================================================
gf180-rcosc Iq sweep grid point: ss_T-040C_V3p6_code0xC0
process     : ss (fets=ss res=res_ss mimcap=mimcap_ss)
temperature : -40 C
supply      : 3.6 V
trim code   : 0xC0 (192)
attempt     : 1 (tran 200p 1200n)
wall clock  : 5.6 s
exit status : 0
====================================================================

Note: No compatibility mode selected!


Circuit: ** sch_path: /home/ubuntu/github/gf180-rcosc/.loom/worktrees/issue-57/design/smoke_test.sch

Doing analysis at TEMP = -40.000000 and TNOM = 27.000000

Using SPARSE 1.3 as Direct Linear Solver

No. of Data Rows : 1
iq_ua = 5.205170e+02
v(xxdut.xxcmph.dp) = 1.619274e+00
v(xxdut.xxcmph.dn) = 1.992578e+00
v(xxdut.cmph_out) = 1.553035e+00
v(xxdut.xxcmpl.dp) = 1.661494e-08
v(xxdut.xxcmpl.dn) = 1.124432e+00
v(xxdut.cmpl_out) = 3.911506e-09
Doing analysis at TEMP = -40.000000 and TNOM = 27.000000

Using SPARSE 1.3 as Direct Linear Solver

Initial Transient Solution
--------------------------

Node                                   Voltage
----                                   -------
vdd                                        3.6
xxdut.xxbias.xrba.11                   3.59865
xxdut.xxbias.xrba.21                   2.40135
xxdut.vh                                   2.4
xxdut.xxbias.xrbb.11                   2.39865
xxdut.xxbias.xrbb.21                   1.20135
xxdut.vl                                   1.2
xxdut.xxbias.xrbc.11                   1.19865
xxdut.xxbias.xrbc.21                0.00134801
xxdut.ibias                            1.04968
xxdut.pb                               2.32931
xxdut.xxbias.n2s                      0.122544
xxdut.xxbias.xrz.11                   0.122116
xxdut.xxbias.xrz.21                0.000428141
xxdut.xxtrim.xrfix.11                   3.5981
xxdut.xxtrim.xrfix.21                  3.30823
xxdut.xxtrim.c1                        3.30633
xxdut.xxtrim.xr0.11                    3.30443
xxdut.xxtrim.xr0.21                    3.29182
xxdut.xxtrim.c2                        3.28992
t0                                           0
xxdut.xxtrim.tb0                           3.6
xxdut.xxtrim.xr1.11                    3.28803
xxdut.xxtrim.xr1.21                     3.2628
xxdut.xxtrim.c3                        3.26091
t1                                           0
xxdut.xxtrim.tb1                           3.6
xxdut.xxtrim.xr2.11                    3.25901
xxdut.xxtrim.xr2.21                    3.20856
xxdut.xxtrim.c4                        3.20667
t2                                           0
xxdut.xxtrim.tb2                           3.6
xxdut.xxtrim.xr3.11                    3.20477
xxdut.xxtrim.xr3.21                    3.10388
xxdut.xxtrim.c5                        3.10198
t3                                           0
xxdut.xxtrim.tb3                           3.6
xxdut.xxtrim.xr4.11                    3.10008
xxdut.xxtrim.xr4.21                    2.89829
xxdut.xxtrim.c6                         2.8964
t4                                           0
xxdut.xxtrim.tb4                           3.6
xxdut.xxtrim.xr5.11                     2.8945
xxdut.xxtrim.xr5.21                    2.49092
xxdut.xxtrim.c7                        2.48902
t5                                           0
xxdut.xxtrim.tb5                           3.6
xxdut.xxtrim.xr6.11                    2.48894
xxdut.xxtrim.xr6.21                    2.45159
xxdut.xxtrim.c8                         2.4515
t6                                         3.6
xxdut.xxtrim.tb6                   3.91151e-09
xxdut.xxtrim.xr7.11                    2.45145
xxdut.xxtrim.xr7.21                    2.40374
xxdut.vc                               2.40369
t7                                         3.6
xxdut.xxtrim.tb7                   3.91151e-09
xxdut.xxcmph.tail                      1.03821
xxdut.xxcmph.dp                        1.61927
xxdut.xxcmph.dn                        1.99258
xxdut.cmph_out                         1.55304
xxdut.xxcmpl.tailp                     2.76476
xxdut.xxcmpl.dp                    1.66149e-08
xxdut.xxcmpl.dn                        1.12443
xxdut.xxcmpl.outb                          3.6
xxdut.cmpl_out                     3.91151e-09
clk                                    0.91308
xxdut.qbar                             1.50967
xxdut.mid1                             3.05367
xxdut.mid2                             3.41841
vt7#branch                                   0
vt6#branch                                   0
vt5#branch                                   0
vt4#branch                                   0
vt3#branch                                   0
vt2#branch                                   0
vt1#branch                                   0
vt0#branch                                   0
vdd#branch                        -0.000520517

 Reference value :  0.00000e+00
 Reference value :  1.03520e-07
 Reference value :  2.11122e-07
 Reference value :  3.17854e-07
 Reference value :  4.27312e-07
 Reference value :  5.38034e-07
 Reference value :  6.48775e-07
 Reference value :  7.59871e-07
 Reference value :  8.73677e-07
 Reference value :  9.84070e-07
 Reference value :  1.10051e-06
No. of Data Rows : 6557
t_avg_start         =  1.00856e-07
t_avg_end           =  5.77133e-07
iq_run_ua           =  2.02169e+02 from=  1.00856e-07 to=  5.77134e-07
ngspice-46 done
Note: Starting dynamic gmin stepping
Note: Dynamic gmin stepping completed
Warning from checkvalid: vector xxdut.clk is not available or has zero length.
Note: Starting dynamic gmin stepping
Note: Dynamic gmin stepping completed
