====================================================================
gf180-rcosc Iq sweep grid point: tt_T+027C_V3p3_code0x00
process     : tt (fets=typical res=res_typical mimcap=mimcap_typical)
temperature : 27 C
supply      : 3.3 V
trim code   : 0x00 (0)
attempt     : 1 (tran 200p 1200n)
wall clock  : 4.0 s
exit status : 0
====================================================================

Note: No compatibility mode selected!


Circuit: ** sch_path: /home/ubuntu/github/gf180-rcosc/.loom/worktrees/issue-57/design/smoke_test.sch

Doing analysis at TEMP = 27.000000 and TNOM = 27.000000

Using SPARSE 1.3 as Direct Linear Solver

No. of Data Rows : 1
iq_ua = 5.472133e+02
v(xxdut.xxcmph.dp) = 1.478234e+00
v(xxdut.xxcmph.dn) = 1.611045e+00
v(xxdut.cmph_out) = 1.424642e+00
v(xxdut.xxcmpl.dp) = 1.389727e-08
v(xxdut.xxcmpl.dn) = 1.083199e+00
v(xxdut.cmpl_out) = 4.206691e-09
Doing analysis at TEMP = 27.000000 and TNOM = 27.000000

Using SPARSE 1.3 as Direct Linear Solver

Initial Transient Solution
--------------------------

Node                                   Voltage
----                                   -------
vdd                                        3.3
xxdut.xxbias.xrba.11                   3.29907
xxdut.xxbias.xrba.21                   2.20093
xxdut.vh                                   2.2
xxdut.xxbias.xrbb.11                   2.19907
xxdut.xxbias.xrbb.21                   1.10093
xxdut.vl                                   1.1
xxdut.xxbias.xrbc.11                   1.09907
xxdut.xxbias.xrbc.21               0.000925394
xxdut.ibias                           0.964429
xxdut.pb                               2.09264
xxdut.xxbias.n2s                      0.168067
xxdut.xxbias.xrz.11                   0.167627
xxdut.xxbias.xrz.21                0.000440269
xxdut.xxtrim.xrfix.11                  3.29956
xxdut.xxtrim.xrfix.21                  3.20946
xxdut.xxtrim.c1                        3.20902
xxdut.xxtrim.xr0.11                    3.20858
xxdut.xxtrim.xr0.21                    3.20466
xxdut.xxtrim.c2                        3.20422
t0                                           0
xxdut.xxtrim.tb0                           3.3
xxdut.xxtrim.xr1.11                    3.20378
xxdut.xxtrim.xr1.21                    3.19594
xxdut.xxtrim.c3                         3.1955
t1                                           0
xxdut.xxtrim.tb1                           3.3
xxdut.xxtrim.xr2.11                    3.19505
xxdut.xxtrim.xr2.21                    3.17937
xxdut.xxtrim.c4                        3.17893
t2                                           0
xxdut.xxtrim.tb2                           3.3
xxdut.xxtrim.xr3.11                    3.17849
xxdut.xxtrim.xr3.21                    3.14713
xxdut.xxtrim.c5                        3.14669
t3                                           0
xxdut.xxtrim.tb3                           3.3
xxdut.xxtrim.xr4.11                    3.14625
xxdut.xxtrim.xr4.21                    3.08353
xxdut.xxtrim.c6                        3.08309
t4                                           0
xxdut.xxtrim.tb4                           3.3
xxdut.xxtrim.xr5.11                    3.08265
xxdut.xxtrim.xr5.21                    2.95721
xxdut.xxtrim.c7                        2.95677
t5                                           0
xxdut.xxtrim.tb5                           3.3
xxdut.xxtrim.xr6.11                    2.95633
xxdut.xxtrim.xr6.21                    2.70546
xxdut.xxtrim.c8                        2.70501
t6                                           0
xxdut.xxtrim.tb6                           3.3
xxdut.xxtrim.xr7.11                    2.70457
xxdut.xxtrim.xr7.21                    2.20283
xxdut.vc                               2.20238
t7                                           0
xxdut.xxtrim.tb7                           3.3
xxdut.xxcmph.tail                     0.952236
xxdut.xxcmph.dp                        1.47823
xxdut.xxcmph.dn                        1.61105
xxdut.cmph_out                         1.42464
xxdut.xxcmpl.tailp                     2.54751
xxdut.xxcmpl.dp                    1.38973e-08
xxdut.xxcmpl.dn                         1.0832
xxdut.xxcmpl.outb                          3.3
xxdut.cmpl_out                     4.20669e-09
clk                                   0.685288
xxdut.qbar                             1.36748
xxdut.mid1                             2.69099
xxdut.mid2                              3.1043
vt7#branch                                   0
vt6#branch                                   0
vt5#branch                                   0
vt4#branch                                   0
vt3#branch                                   0
vt2#branch                                   0
vt1#branch                                   0
vt0#branch                                   0
vdd#branch                        -0.000547213

 Reference value :  0.00000e+00
 Reference value :  1.26035e-07
 Reference value :  2.60495e-07
 Reference value :  3.93975e-07
 Reference value :  5.29726e-07
 Reference value :  6.55648e-07
 Reference value :  7.92470e-07
 Reference value :  9.27593e-07
 Reference value :  1.06681e-06
 Reference value :  1.19472e-06
No. of Data Rows : 6309
t_avg_start         =  1.56064e-07
t_avg_end           =  9.15437e-07
iq_run_ua           =  2.26481e+02 from=  1.56064e-07 to=  9.15445e-07
ngspice-46 done
Note: Starting dynamic gmin stepping
Note: Dynamic gmin stepping completed
Warning from checkvalid: vector xxdut.clk is not available or has zero length.
Note: Starting dynamic gmin stepping
Note: Dynamic gmin stepping completed
