====================================================================
gf180-rcosc Iq sweep grid point: tt_T-040C_V3p0_code0x80
process     : tt (fets=typical res=res_typical mimcap=mimcap_typical)
temperature : -40 C
supply      : 3 V
trim code   : 0x80 (128)
attempt     : 1 (tran 200p 1200n)
wall clock  : 66.1 s
exit status : 0
====================================================================

Note: No compatibility mode selected!


Circuit: ** sch_path: /home/ubuntu/github/gf180-rcosc/.loom/worktrees/issue-57/design/smoke_test.sch

Doing analysis at TEMP = -40.000000 and TNOM = 27.000000

Using SPARSE 1.3 as Direct Linear Solver
 Reference value :  0.00000e+00
No. of Data Rows : 1
iq_ua = 1.759703e+02
v(xxdut.xxcmph.dp) = 3.000256e+00
v(xxdut.xxcmph.dn) = 1.246414e+00
v(xxdut.cmph_out) = 3.032579e-05
v(xxdut.xxcmpl.dp) = 2.259809e+00
v(xxdut.xxcmpl.dn) = 9.331412e-01
v(xxdut.cmpl_out) = 2.999842e+00
Doing analysis at TEMP = -40.000000 and TNOM = 27.000000

Using SPARSE 1.3 as Direct Linear Solver

Initial Transient Solution
--------------------------

Node                                   Voltage
----                                   -------
vdd                                          3
xxdut.xxbias.xrba.11                   2.99866
xxdut.xxbias.xrba.21                   2.00325
xxdut.vh                                2.0019
xxdut.xxbias.xrbb.11                   2.00056
xxdut.xxbias.xrbb.21                   1.00473
xxdut.vl                               1.00338
xxdut.xxbias.xrbc.11                   1.00203
xxdut.xxbias.xrbc.21                0.00135196
xxdut.ibias                           0.939845
xxdut.pb                               1.85387
xxdut.xxbias.n2s                      0.118545
xxdut.xxbias.xrz.11                   0.118049
xxdut.xxbias.xrz.21                0.000496308
xxdut.xxtrim.xrfix.11                  2.99789
xxdut.xxtrim.xrfix.21                  2.72869
xxdut.xxtrim.c1                        2.72658
xxdut.xxtrim.xr0.11                     2.7245
xxdut.xxtrim.xr0.21                    2.71303
xxdut.xxtrim.c2                        2.71096
t0                                           0
xxdut.xxtrim.tb0                       3.00017
xxdut.xxtrim.xr1.11                    2.70896
xxdut.xxtrim.xr1.21                    2.68682
xxdut.xxtrim.c3                        2.68482
t1                                           0
xxdut.xxtrim.tb1                       3.00012
xxdut.xxtrim.xr2.11                    2.68287
xxdut.xxtrim.xr2.21                    2.63982
xxdut.xxtrim.c4                        2.63788
t2                                           0
xxdut.xxtrim.tb2                        3.0001
xxdut.xxtrim.xr3.11                    2.63598
xxdut.xxtrim.xr3.21                    2.55189
xxdut.xxtrim.c5                        2.54999
t3                                           0
xxdut.xxtrim.tb3                       3.00008
xxdut.xxtrim.xr4.11                    2.54813
xxdut.xxtrim.xr4.21                    2.38342
xxdut.xxtrim.c6                        2.38156
t4                                           0
xxdut.xxtrim.tb4                       3.00008
xxdut.xxtrim.xr5.11                    2.37974
xxdut.xxtrim.xr5.21                    2.05861
xxdut.xxtrim.c7                         2.0568
t5                                           0
xxdut.xxtrim.tb5                       3.00009
xxdut.xxtrim.xr6.11                    2.05506
xxdut.xxtrim.xr6.21                    1.43784
xxdut.xxtrim.c8                         1.4361
t6                                           0
xxdut.xxtrim.tb6                       3.00009
xxdut.xxtrim.xr7.11                    1.43607
xxdut.xxtrim.xr7.21                    1.41904
xxdut.vc                               1.41902
t7                                           3
xxdut.xxtrim.tb7                   0.000416319
xxdut.xxcmph.tail                      0.74332
xxdut.xxcmph.dp                        3.00051
xxdut.xxcmph.dn                        1.24233
xxdut.cmph_out                      0.00186087
xxdut.xxcmpl.tailp                     2.36451
xxdut.xxcmpl.dp                      0.0197112
xxdut.xxcmpl.dn                         1.0219
xxdut.xxcmpl.outb                      2.94356
xxdut.cmpl_out                       0.0484731
clk                                -0.00450232
xxdut.qbar                              2.9962
xxdut.mid1                             3.00516
xxdut.mid2                             2.98147
vt7#branch                         7.29159e-06
vt6#branch                        -7.28785e-07
vt5#branch                         4.80207e-08
vt4#branch                         4.06457e-08
vt3#branch                          4.0697e-08
vt2#branch                         1.03686e-07
vt1#branch                         1.23214e-07
vt0#branch                         1.72105e-07
vdd#branch                        -0.000235289

 Reference value :  0.00000e+00
 Reference value :  1.15774e-07
 Reference value :  2.26000e-07
 Reference value :  3.35504e-07
 Reference value :  4.51654e-07
 Reference value :  5.68065e-07
 Reference value :  6.80782e-07
 Reference value :  7.90316e-07
 Reference value :  9.03197e-07
 Reference value :  1.02614e-06
 Reference value :  1.13935e-06
No. of Data Rows : 6525
t_avg_start         =  1.18714e-07
t_avg_end           =  6.53581e-07
iq_run_ua           =  1.76700e+02 from=  1.18714e-07 to=  6.53701e-07
ngspice-46 done
Note: Starting dynamic gmin stepping
Warning: Dynamic gmin stepping failed
Note: Starting true gmin stepping
Warning: True gmin stepping failed
Note: Starting source stepping
Warning: source stepping failed
Note: Transient op started
Note: Transient op finished successfully
Warning from checkvalid: vector xxdut.clk is not available or has zero length.
Note: Starting dynamic gmin stepping
Warning: Dynamic gmin stepping failed
Note: Starting true gmin stepping
Warning: True gmin stepping failed
Note: Starting source stepping
Warning: singular matrix:  check node xxdut.vl

Warning: source stepping failed
Note: Transient op started
Note: Transient op finished successfully
