====================================================================
gf180-rcosc Iq sweep grid point: tt_T-040C_V3p6_code0xFF
process     : tt (fets=typical res=res_typical mimcap=mimcap_typical)
temperature : -40 C
supply      : 3.6 V
trim code   : 0xFF (255)
attempt     : 1 (tran 200p 1200n)
wall clock  : 5.6 s
exit status : 0
====================================================================

Note: No compatibility mode selected!


Circuit: ** sch_path: /home/ubuntu/github/gf180-rcosc/.loom/worktrees/issue-57/design/smoke_test.sch

Doing analysis at TEMP = -40.000000 and TNOM = 27.000000

Using SPARSE 1.3 as Direct Linear Solver

No. of Data Rows : 1
iq_ua = 7.513837e+02
v(xxdut.xxcmph.dp) = 1.612649e+00
v(xxdut.xxcmph.dn) = 2.014044e+00
v(xxdut.cmph_out) = 1.518331e+00
v(xxdut.xxcmpl.dp) = 1.329894e-08
v(xxdut.xxcmpl.dn) = 1.060415e+00
v(xxdut.cmpl_out) = 3.892449e-09
Doing analysis at TEMP = -40.000000 and TNOM = 27.000000

Using SPARSE 1.3 as Direct Linear Solver

Initial Transient Solution
--------------------------

Node                                   Voltage
----                                   -------
vdd                                        3.6
xxdut.xxbias.xrba.11                   3.59838
xxdut.xxbias.xrba.21                   2.40162
xxdut.vh                                   2.4
xxdut.xxbias.xrbb.11                   2.39838
xxdut.xxbias.xrbb.21                   1.20162
xxdut.vl                                   1.2
xxdut.xxbias.xrbc.11                   1.19838
xxdut.xxbias.xrbc.21                0.00161689
xxdut.ibias                            0.97417
xxdut.pb                               2.40434
xxdut.xxbias.n2s                      0.138797
xxdut.xxbias.xrz.11                   0.138216
xxdut.xxbias.xrz.21                0.000581096
xxdut.xxtrim.xrfix.11                  3.59406
xxdut.xxtrim.xrfix.21                  2.83759
xxdut.xxtrim.c1                        2.83165
xxdut.xxtrim.xr0.11                     2.8301
xxdut.xxtrim.xr0.21                    2.82154
xxdut.xxtrim.c2                        2.81999
t0                                         3.6
xxdut.xxtrim.tb0                   3.89245e-09
xxdut.xxtrim.xr1.11                    2.81859
xxdut.xxtrim.xr1.21                    2.80315
xxdut.xxtrim.c3                        2.80176
t1                                         3.6
xxdut.xxtrim.tb1                   3.89245e-09
xxdut.xxtrim.xr2.11                    2.80067
xxdut.xxtrim.xr2.21                     2.7766
xxdut.xxtrim.c4                        2.77552
t2                                         3.6
xxdut.xxtrim.tb2                   3.89245e-09
xxdut.xxtrim.xr3.11                    2.77462
xxdut.xxtrim.xr3.21                    2.73474
xxdut.xxtrim.c5                        2.73384
t3                                         3.6
xxdut.xxtrim.tb3                   3.89245e-09
xxdut.xxtrim.xr4.11                    2.73318
xxdut.xxtrim.xr4.21                    2.67474
xxdut.xxtrim.c6                        2.67408
t4                                         3.6
xxdut.xxtrim.tb4                   3.89245e-09
xxdut.xxtrim.xr5.11                    2.67365
xxdut.xxtrim.xr5.21                    2.59874
xxdut.xxtrim.c7                        2.59831
t5                                         3.6
xxdut.xxtrim.tb5                   3.89245e-09
xxdut.xxtrim.xr6.11                    2.59806
xxdut.xxtrim.xr6.21                    2.50805
xxdut.xxtrim.c8                        2.50779
t6                                         3.6
xxdut.xxtrim.tb6                   3.89245e-09
xxdut.xxtrim.xr7.11                    2.50765
xxdut.xxtrim.xr7.21                    2.40491
xxdut.vc                               2.40477
t7                                         3.6
xxdut.xxtrim.tb7                   3.89245e-09
xxdut.xxcmph.tail                      1.11355
xxdut.xxcmph.dp                        1.61265
xxdut.xxcmph.dn                        2.01404
xxdut.cmph_out                         1.51833
xxdut.xxcmpl.tailp                     2.69189
xxdut.xxcmpl.dp                    1.32989e-08
xxdut.xxcmpl.dn                        1.06042
xxdut.xxcmpl.outb                          3.6
xxdut.cmpl_out                     3.89245e-09
clk                                   0.877737
xxdut.qbar                             1.48009
xxdut.mid1                             3.01487
xxdut.mid2                             3.37817
vt7#branch                                   0
vt6#branch                                   0
vt5#branch                                   0
vt4#branch                                   0
vt3#branch                                   0
vt2#branch                                   0
vt1#branch                                   0
vt0#branch                                   0
vdd#branch                        -0.000751384

 Reference value :  0.00000e+00
 Reference value :  7.88963e-08
 Reference value :  1.65803e-07
 Reference value :  2.55462e-07
 Reference value :  3.42198e-07
 Reference value :  4.31495e-07
 Reference value :  5.14285e-07
 Reference value :  6.00672e-07
 Reference value :  6.86195e-07
 Reference value :  7.64201e-07
 Reference value :  8.47809e-07
 Reference value :  9.33276e-07
 Reference value :  1.02159e-06
 Reference value :  1.11633e-06
No. of Data Rows : 6984
t_avg_start         =  5.26909e-08
t_avg_end           =  2.97056e-07
iq_run_ua           =  4.19370e+02 from=  5.26910e-08 to=  2.97132e-07
ngspice-46 done
Note: Starting dynamic gmin stepping
Note: Dynamic gmin stepping completed
Warning from checkvalid: vector xxdut.clk is not available or has zero length.
Note: Starting dynamic gmin stepping
Note: Dynamic gmin stepping completed
