====================================================================
gf180-rcosc Iq sweep grid point: tt_T+027C_V3p6_code0x00
process     : tt (fets=typical res=res_typical mimcap=mimcap_typical)
temperature : 27 C
supply      : 3.6 V
trim code   : 0x00 (0)
attempt     : 1 (tran 200p 1200n)
wall clock  : 3.6 s
exit status : 0
====================================================================

Note: No compatibility mode selected!


Circuit: ** sch_path: /home/ubuntu/github/gf180-rcosc/.loom/worktrees/issue-57/design/smoke_test.sch

Doing analysis at TEMP = 27.000000 and TNOM = 27.000000

Using SPARSE 1.3 as Direct Linear Solver

No. of Data Rows : 1
iq_ua = 6.686812e+02
v(xxdut.xxcmph.dp) = 1.614498e+00
v(xxdut.xxcmph.dn) = 1.858995e+00
v(xxdut.cmph_out) = 1.554405e+00
v(xxdut.xxcmpl.dp) = 1.438587e-08
v(xxdut.xxcmpl.dn) = 1.106463e+00
v(xxdut.cmpl_out) = 4.855300e-09
Doing analysis at TEMP = 27.000000 and TNOM = 27.000000

Using SPARSE 1.3 as Direct Linear Solver

Initial Transient Solution
--------------------------

Node                                   Voltage
----                                   -------
vdd                                        3.6
xxdut.xxbias.xrba.11                   3.59899
xxdut.xxbias.xrba.21                   2.40101
xxdut.vh                                   2.4
xxdut.xxbias.xrbb.11                   2.39899
xxdut.xxbias.xrbb.21                   1.20101
xxdut.vl                                   1.2
xxdut.xxbias.xrbc.11                   1.19899
xxdut.xxbias.xrbc.21                0.00100952
xxdut.ibias                           0.980948
xxdut.pb                               2.36958
xxdut.xxbias.n2s                      0.177956
xxdut.xxbias.xrz.11                    0.17749
xxdut.xxbias.xrz.21                0.000466173
xxdut.xxtrim.xrfix.11                  3.59952
xxdut.xxtrim.xrfix.21                  3.50138
xxdut.xxtrim.c1                         3.5009
xxdut.xxtrim.xr0.11                    3.50042
xxdut.xxtrim.xr0.21                    3.49615
xxdut.xxtrim.c2                        3.49567
t0                                           0
xxdut.xxtrim.tb0                           3.6
xxdut.xxtrim.xr1.11                    3.49519
xxdut.xxtrim.xr1.21                    3.48665
xxdut.xxtrim.c3                        3.48616
t1                                           0
xxdut.xxtrim.tb1                           3.6
xxdut.xxtrim.xr2.11                    3.48568
xxdut.xxtrim.xr2.21                     3.4686
xxdut.xxtrim.c4                        3.46812
t2                                           0
xxdut.xxtrim.tb2                           3.6
xxdut.xxtrim.xr3.11                    3.46764
xxdut.xxtrim.xr3.21                    3.43348
xxdut.xxtrim.c5                          3.433
t3                                           0
xxdut.xxtrim.tb3                           3.6
xxdut.xxtrim.xr4.11                    3.43252
xxdut.xxtrim.xr4.21                     3.3642
xxdut.xxtrim.c6                        3.36372
t4                                           0
xxdut.xxtrim.tb4                           3.6
xxdut.xxtrim.xr5.11                    3.36324
xxdut.xxtrim.xr5.21                    3.22661
xxdut.xxtrim.c7                        3.22613
t5                                           0
xxdut.xxtrim.tb5                           3.6
xxdut.xxtrim.xr6.11                    3.22564
xxdut.xxtrim.xr6.21                    2.95237
xxdut.xxtrim.c8                        2.95189
t6                                           0
xxdut.xxtrim.tb6                           3.6
xxdut.xxtrim.xr7.11                    2.95141
xxdut.xxtrim.xr7.21                    2.40486
xxdut.vc                               2.40438
t7                                           0
xxdut.xxtrim.tb7                           3.6
xxdut.xxcmph.tail                      1.10187
xxdut.xxcmph.dp                         1.6145
xxdut.xxcmph.dn                          1.859
xxdut.cmph_out                          1.5544
xxdut.xxcmpl.tailp                       2.711
xxdut.xxcmpl.dp                    1.43859e-08
xxdut.xxcmpl.dn                        1.10646
xxdut.xxcmpl.outb                          3.6
xxdut.cmpl_out                      4.8553e-09
clk                                   0.688843
xxdut.qbar                             1.48293
xxdut.mid1                             2.88962
xxdut.mid2                             3.36463
vt7#branch                                   0
vt6#branch                                   0
vt5#branch                                   0
vt4#branch                                   0
vt3#branch                                   0
vt2#branch                                   0
vt1#branch                                   0
vt0#branch                                   0
vdd#branch                        -0.000668681

 Reference value :  0.00000e+00
 Reference value :  1.28125e-07
 Reference value :  2.62526e-07
 Reference value :  3.93814e-07
 Reference value :  5.36206e-07
 Reference value :  6.70652e-07
 Reference value :  8.08008e-07
 Reference value :  9.49480e-07
 Reference value :  1.08628e-06
No. of Data Rows : 6239
t_avg_start         =  1.62408e-07
t_avg_end           =  9.19003e-07
iq_run_ua           =  2.55750e+02 from=  1.62408e-07 to=  9.19114e-07
ngspice-46 done
Note: Starting dynamic gmin stepping
Note: Dynamic gmin stepping completed
Warning from checkvalid: vector xxdut.clk is not available or has zero length.
Note: Starting dynamic gmin stepping
Note: Dynamic gmin stepping completed
